
> maicivy-frontend@0.1.0 test
> jest

FAIL components/letters/__tests__/LetterPreview.test.tsx
  ● Console

    console.error
      Error: Not implemented: navigation (except hash changes)
          at module.exports (C:\Users\alexi\Documents\projects\maicivy\frontend\node_modules\jsdom\lib\jsdom\browser\not-implemented.js:9:17)
          at navigateFetch (C:\Users\alexi\Documents\projects\maicivy\frontend\node_modules\jsdom\lib\jsdom\living\window\navigation.js:77:3)
          at exports.navigate (C:\Users\alexi\Documents\projects\maicivy\frontend\node_modules\jsdom\lib\jsdom\living\window\navigation.js:55:3)
          at Timeout._onTimeout (C:\Users\alexi\Documents\projects\maicivy\frontend\node_modules\jsdom\lib\jsdom\living\nodes\HTMLHyperlinkElementUtils-impl.js:80:7)
          at listOnTimeout (node:internal/timers:605:17)
          at processTimers (node:internal/timers:541:7) {
        type: 'not implemented'
      }

      at VirtualConsole.<anonymous> (node_modules/@jest/environment-jsdom-abstract/build/index.js:87:23)
      at module.exports (node_modules/jsdom/lib/jsdom/browser/not-implemented.js:12:26)
      at navigateFetch (node_modules/jsdom/lib/jsdom/living/window/navigation.js:77:3)
      at exports.navigate (node_modules/jsdom/lib/jsdom/living/window/navigation.js:55:3)
      at Timeout._onTimeout (node_modules/jsdom/lib/jsdom/living/nodes/HTMLHyperlinkElementUtils-impl.js:80:7)

    console.error
      Error: Not implemented: navigation (except hash changes)
          at module.exports (C:\Users\alexi\Documents\projects\maicivy\frontend\node_modules\jsdom\lib\jsdom\browser\not-implemented.js:9:17)
          at navigateFetch (C:\Users\alexi\Documents\projects\maicivy\frontend\node_modules\jsdom\lib\jsdom\living\window\navigation.js:77:3)
          at exports.navigate (C:\Users\alexi\Documents\projects\maicivy\frontend\node_modules\jsdom\lib\jsdom\living\window\navigation.js:55:3)
          at Timeout._onTimeout (C:\Users\alexi\Documents\projects\maicivy\frontend\node_modules\jsdom\lib\jsdom\living\nodes\HTMLHyperlinkElementUtils-impl.js:80:7)
          at listOnTimeout (node:internal/timers:605:17)
          at processTimers (node:internal/timers:541:7) {
        type: 'not implemented'
      }

      at VirtualConsole.<anonymous> (node_modules/@jest/environment-jsdom-abstract/build/index.js:87:23)
      at module.exports (node_modules/jsdom/lib/jsdom/browser/not-implemented.js:12:26)
      at navigateFetch (node_modules/jsdom/lib/jsdom/living/window/navigation.js:77:3)
      at exports.navigate (node_modules/jsdom/lib/jsdom/living/window/navigation.js:55:3)
      at Timeout._onTimeout (node_modules/jsdom/lib/jsdom/living/nodes/HTMLHyperlinkElementUtils-impl.js:80:7)

    console.error
      Error: Not implemented: navigation (except hash changes)
          at module.exports (C:\Users\alexi\Documents\projects\maicivy\frontend\node_modules\jsdom\lib\jsdom\browser\not-implemented.js:9:17)
          at navigateFetch (C:\Users\alexi\Documents\projects\maicivy\frontend\node_modules\jsdom\lib\jsdom\living\window\navigation.js:77:3)
          at exports.navigate (C:\Users\alexi\Documents\projects\maicivy\frontend\node_modules\jsdom\lib\jsdom\living\window\navigation.js:55:3)
          at Timeout._onTimeout (C:\Users\alexi\Documents\projects\maicivy\frontend\node_modules\jsdom\lib\jsdom\living\nodes\HTMLHyperlinkElementUtils-impl.js:80:7)
          at listOnTimeout (node:internal/timers:605:17)
          at processTimers (node:internal/timers:541:7) {
        type: 'not implemented'
      }

      at VirtualConsole.<anonymous> (node_modules/@jest/environment-jsdom-abstract/build/index.js:87:23)
      at module.exports (node_modules/jsdom/lib/jsdom/browser/not-implemented.js:12:26)
      at navigateFetch (node_modules/jsdom/lib/jsdom/living/window/navigation.js:77:3)
      at exports.navigate (node_modules/jsdom/lib/jsdom/living/window/navigation.js:55:3)
      at Timeout._onTimeout (node_modules/jsdom/lib/jsdom/living/nodes/HTMLHyperlinkElementUtils-impl.js:80:7)

  ● LetterPreview › should display both letters side by side

    TestingLibraryElementError: Found multiple elements with the text: /Lettre de Motivation/i

    Here are the matching elements:

    Ignored nodes: comments, script, style
    [36m<h3[39m
      [33mclass[39m=[32m"text-lg font-bold text-white flex items-center gap-2"[39m
    [36m>[39m
      [36m<span[39m
        [33mclass[39m=[32m"text-2xl"[39m
      [36m>[39m
        [0m✅[0m
      [36m</span>[39m
      [0mLettre de Motivation[0m
    [36m</h3>[39m

    Ignored nodes: comments, script, style
    [36m<p[39m
      [33mclass[39m=[32m"text-sm text-amber-800 dark:text-amber-200"[39m
    [36m>[39m
      [36m<strong>[39m
        [0mNote:[0m
      [36m</strong>[39m
      [0m La lettre d'anti-motivation est générée à titre humoristique et créatif. Elle ne doit PAS être envoyée à l'entreprise. Utilisez uniquement la lettre de motivation professionnelle pour vos candidatures réelles.[0m
    [36m</p>[39m

    (If this is intentional, then use the `*AllBy*` variant of the query (like `queryAllByText`, `getAllByText`, or `findAllByText`)).

    Ignored nodes: comments, script, style
    [36m<body>[39m
      [36m<div>[39m
        [36m<div[39m
          [33manimate[39m=[32m"[object Object]"[39m
          [33mclass[39m=[32m"space-y-6"[39m
          [33minitial[39m=[32m"[object Object]"[39m
        [36m>[39m
          [36m<div[39m
            [33mclass[39m=[32m"bg-white dark:bg-slate-800 rounded-xl shadow-lg p-6 border border-slate-200 dark:border-slate-700"[39m
          [36m>[39m
            [36m<div[39m
              [33mclass[39m=[32m"flex flex-col md:flex-row items-start md:items-center justify-between gap-4"[39m
            [36m>[39m
              [36m<div>[39m
                [36m<h2[39m
                  [33mclass[39m=[32m"text-2xl font-bold text-slate-900 dark:text-white mb-1"[39m
                [36m>[39m
                  [0mLettres pour [0m
                  [0mTech Innovations Inc[0m
                [36m</h2>[39m
                [36m<p[39m
                  [33mclass[39m=[32m"text-sm text-slate-600 dark:text-slate-400"[39m
                [36m>[39m
                  [0mSecteur: [0m
                  [0mTechnology[0m
                [36m</p>[39m
              [36m</div>[39m
              [36m<div[39m
                [33mclass[39m=[32m"flex flex-wrap gap-2"[39m
              [36m>[39m
                [36m<button[39m
                  [33mclass[39m=[32m"inline-flex items-center gap-2 bg-gradient-to-r from-blue-600 to-purple-600 text-white px-4 py-2 rounded-lg font-medium hover:from-blue-700 hover:to-purple-700 transition-all disabled:opacity-50 text-sm"[39m
                [36m>[39m
                  [36m<svg[39m
                    [33mclass[39m=[32m"lucide lucide-download w-4 h-4"[39m
                    [33mfill[39m=[32m"none"[39m
                    [33mheight[39m=[32m"24"[39m
                    [33mstroke[39m=[32m"currentColor"[39m
                    [33mstroke-linecap[39m=[32m"round"[39m
                    [33mstroke-linejoin[39m=[32m"round"[39m
                    [33mstroke-width[39m=[32m"2"[39m
                    [33mviewBox[39m=[32m"0 0 24 24"[39m
                    [33mwidth[39m=[32m"24"[39m
                    [33mxmlns[39m=[32m"http://www.w3.org/2000/svg"[39m
                  [36m>[39m
                    [36m<path[39m
                      [33md[39m=[32m"M21 15v4a2 2 0 0 1-2 2H5a2 2 0 0 1-2-2v-4"[39m
                    [36m/>[39m
                    [36m<polyline[39m
                      [33mpoints[39m=[32m"7 10 12 15 17 10"[39m
                    [36m/>[39m
                    [36m<line[39m
                      [33mx1[39m=[32m"12"[39m
                      [33mx2[39m=[32m"12"[39m
                      [33my1[39m=[32m"15"[39m
                      [33my2[39m=[32m"3"[39m
                    [36m/>[39m
                  [36m</svg>[39m
                  [0mPDF Dual[0m
                [36m</button>[39m
                [36m<button[39m
                  [33mclass[39m=[32m"inline-flex items-center gap-2 bg-slate-200 dark:bg-slate-700 text-slate-700 dark:text-slate-300 px-4 py-2 rounded-lg font-medium hover:bg-slate-300 dark:hover:bg-slate-600 transition-all text-sm"[39m
                [36m>[39m
                  [36m<svg[39m
                    [33mclass[39m=[32m"lucide lucide-rotate-ccw w-4 h-4"[39m
                    [33mfill[39m=[32m"none"[39m
                    [33mheight[39m=[32m"24"[39m
                    [33mstroke[39m=[32m"currentColor"[39m
                    [33mstroke-linecap[39m=[32m"round"[39m
                    [33mstroke-linejoin[39m=[32m"round"[39m
                    [33mstroke-width[39m=[32m"2"[39m
                    [33mviewBox[39m=[32m"0 0 24 24"[39m
                    [33mwidth[39m=[32m"24"[39m
                    [33mxmlns[39m=[32m"http://www.w3.org/2000/svg"[39m
                  [36m>[39m
                    [36m<path[39m
                      [33md[39m=[32m"M3 12a9 9 0 1 0 9-9 9.75 9.75 0 0 0-6.74 2.74L3 8"[39m
                    [36m/>[39m
                    [36m<path[39m
                      [33md[39m=[32m"M3 3v5h5"[39m
                    [36m/>[39m
                  [36m</svg>[39m
                  [0mNouvelle génération[0m
                [36m</button>[39m
              [36m</div>[39m
            [36m</div>[39m
          [36m</div>[39m
          [36m<div[39m
            [33mclass[39m=[32m"grid grid-cols-1 lg:grid-cols-2 gap-6"[39m
          [36m>[39m
            [36m<div[39m
              [33manimate[39m=[32m"[object Object]"[39m
              [33mclass[39m=[32m"bg-white dark:bg-slate-800 rounded-xl shadow-lg border border-slate-200 dark:border-slate-700 overflow-hidden"[39m
              [33minitial[39m=[32m"[object Object]"[39m
              [33mtransition[39m=[32m"[object Object]"[39m
            [36m>[39m
              [36m<div[39m
                [33mclass[39m=[32m"bg-gradient-to-r from-green-500 to-emerald-500 p-4"[39m
              [36m>[39m
                [36m<div[39m
                  [33mclass[39m=[32m"flex items-center justify-between"[39m
                [36m>[39m
                  [36m<h3[39m
                    [33mclass[39m=[32m"text-lg font-bold text-white flex items-center gap-2"[39m
                  [36m>[39m
                    [36m<span[39m
                      [33mclass[39m=[32m"text-2xl"[39m
                    [36m>[39m
                      [0m✅[0m
                    [36m</span>[39m
                    [0mLettre de Motivation[0m
                  [36m</h3>[39m
                  [36m<div[39m
                    [33mclass[39m=[32m"flex gap-2"[39m
                  [36m>[39m
                    [36m<button[39m
                      [33mclass[39m=[32m"p-2 hover:bg-white/20 rounded-lg transition-colors"[39m
                      [33mtitle[39m=[32m"Copier le texte"[39m
                    [36m>[39m
                      [36m<svg[39m
                        [33mclass[39m=[32m"lucide lucide-copy w-4 h-4 text-white"[39m
                        [33mfill[39m=[32m"none"[39m
                        [33mheight[39m=[32m"24"[39m
                        [33mstroke[39m=[32m"currentColor"[39m
                        [33mstroke-linecap[39m=[32m"round"[39m
                        [33mstroke-linejoin[39m=[32m"round"[39m
                        [33mstroke-width[39m=[32m"2"[39m
                        [33mviewBox[39m=[32m"0 0 24 24"[39m
                        [33mwidth[39m=[32m"24"[39m
                        [33mxmlns[39m=[32m"http://www.w3.org/2000/svg"[39m
                      [36m>[39m
                        [36m<rect[39m
                          [33mheight[39m=[32m"14"[39m
                          [33mrx[39m=[32m"2"[39m
                          [33mry[39m=[32m"2"[39m
                          [33mwidth[39m=[32m"14"[39m
                          [33mx[39m=[32m"8"[39m
                          [33my[39m=[32m"8"[39m
                        [36m/>[39m
                        [36m<path[39m
                          [33md[39m=[32m"M4 16c-1.1 0-2-.9-2-2V4c0-1.1.9-2 2-2h10c1.1 0 2 .9 2 2"[39m
                        [36m/>[39m
                      [36m</svg>[39m
                    [36m</button>[39m
                    [36m<button[39m
                      [33mclass[39m=[32m"p-2 hover:bg-white/20 rounded-lg transition-colors disabled:opacity-50"[39m
                      [33mtitle[39m=[32m"Télécharger PDF"[39m
                    [36m>[39m
                      [36m<svg[39m
                        [33mclass[39m=[32m"lucide lucide-download w-4 h-4 text-white"[39m
                        [33mfill[39m=[32m"none"[39m
                        [33mheight[39m=[32m"24"[39m
                        [33mstroke[39m=[32m"currentColor"[39m
                        [33mstroke-linecap[39m=[32m"round"[39m
                        [33mstroke-linejoin[39m=[32m"round"[39m
                        [33mstroke-width[39m=[32m"2"[39m
                        [33mviewBox[39m=[32m"0 0 24 24"[39m
                        [33mwidth[39m=[32m"24"[39m
                        [33mxmlns[39m=[32m"http://www.w3.org/2000/svg"[39m
                      [36m>[39m
                        [36m<path[39m
                          [33md[39m=[32m"M21 15v4a2 2 0 0 1-2 2H5a2 2 0 0 1-2-2v-4"[39m
                        [36m/>[39m
                        [36m<polyline[39m
                          [33mpoints[39m=[32m"7 10 12 15 17 10"[39m
                        [36m/>[39m
                        [36m<line[39m
                          [33mx1[39m=[32m"12"[39m
                          [33mx2[39m=[32m"12"[39m
                          [33my1[39m=[32m"15"[39m
                          [33my2[39m=[32m"3"[39m
                        [36m/>[39m
                      [36m</svg>[39m
                    [36m</button>[39m
                  [36m</div>[39m
                [36m</div>[39m
              [36m</div>[39m
              [36m<div[39m
                [33mclass[39m=[32m"p-6 max-h-[600px] overflow-y-auto"[39m
              [36m>[39m
                [36m<div[39m
                  [33mclass[39m=[32m"prose prose-slate dark:prose-invert max-w-none"[39m
                [36m>[39m
                  [36m<div[39m
                    [33mclass[39m=[32m"whitespace-pre-wrap text-slate-700 dark:text-slate-300"[39m
                  [36m>[39m
                    [0mDear Hiring Manager,

    I am very interested in this position...[0m
                  [36m</div>[39m
                [36m</div>[39m
              [36m</div>[39m
            [36m</div>[39m
            [36m<div[39m
              [33manimate[39m=[32m"[object Object]"[39m
              [33mclass[39m=[32m"bg-white dark:bg-slate-800 rounded-xl shadow-lg border border-slate-200 dark:border-slate-700 overflow-hidden"[39m
              [33minitial[39m=[32m"[object Object]"[39m
              [33mtransition[39m=[32m"[object Object]"[39m
            [36m>[39m
              [36m<div[39m
                [33mclass[39m=[32m"bg-gradient-to-r from-orange-500 to-red-500 p-4"[39m
              [36m>[39m
                [36m<div[39m
                  [33mclass[39m=[32m"flex items-center justify-between"[39m
                [36m>[39m
                  [36m<h3[39m
                    [33mclass[39m=[32m"text-lg font-bold text-white flex items-center gap-2"[39m
                  [36m>[39m
                    [36m<span[39m
                      [33mclass[39m=[32m"text-2xl"[39m
                    [36m>[39m
                      [0m❌[0m
                    [36m</span>[39m
                    [0mLettre d'Anti-Motivation[0m
                  [36m</h3>[39m
                  [36m<div[39m
                    [33mclass[39m=[32m"flex gap-2"[39m
                  [36m>[39m
                    [36m<button[39m
                      [33mclass[39m=[32m"p-2 hover:bg-white/20 rounded-lg transition-colors"[39m
                      [33mtitle[39m=[32m"Copier le texte"[39m
                    [36m>[39m
                      [36m<svg[39m
                        [33mclass[39m=[32m"lucide lucide-copy w-4 h-4 text-white"[39m
                        [33mfill[39m=[32m"none"[39m
                        [33mheight[39m=[32m"24"[39m
                        [33mstroke[39m=[32m"currentColor"[39m
                        [33mstroke-linecap[39m=[32m"round"[39m
                        [33mstroke-linejoin[39m=[32m"round"[39m
                        [33mstroke-width[39m=[32m"2"[39m
                        [33mviewBox[39m=[32m"0 0 24 24"[39m
                        [33mwidth[39m=[32m"24"[39m
                        [33mxmlns[39m=[32m"http://www.w3.org/2000/svg"[39m
                      [36m>[39m
                        [36m<rect[39m
                          [33mheight[39m=[32m"14"[39m
                          [33mrx[39m=[32m"2"[39m
                          [33mry[39m=[32m"2"[39m
                          [33mwidth[39m=[32m"14"[39m
                          [33mx[39m=[32m"8"[39m
                          [33my[39m=[32m"8"[39m
                        [36m/>[39m
                        [36m<path[39m
                          [33md[39m=[32m"M4 16c-1.1 0-2-.9-2-2V4c0-1.1.9-2 2-2h10c1.1 0 2 .9 2 2"[39m
                        [36m/>[39m
                      [36m</svg>[39m
                    [36m</button>[39m
                    [36m<button[39m
                      [33mclass[39m=[32m"p-2 hover:bg-white/20 rounded-lg transition-colors disabled:opacity-50"[39m
                      [33mtitle[39m=[32m"Télécharger PDF"[39m
                    [36m>[39m
                      [36m<svg[39m
                        [33mclass[39m=[32m"lucide lucide-download w-4 h-4 text-white"[39m
                        [33mfill[39m=[32m"none"[39m
                        [33mheight[39m=[32m"24"[39m
                        [33mstroke[39m=[32m"currentColor"[39m
                        [33mstroke-linecap[39m=[32m"round"[39m
                        [33mstroke-linejoin[39m=[32m"round"[39m
                        [33mstroke-width[39m=[32m"2"[39m
                        [33mviewBox[39m=[32m"0 0 24 24"[39m
                        [33mwidth[39m=[32m"24"[39m
                        [33mxmlns[39m=[32m"http://www.w3.org/2000/svg"[39m
                      [36m>[39m
                        [36m<path[39m
                          [33md[39m=[32m"M21 15v4a2 2 0 0 1-2 2H5a2 2 0 0 1-2-2v-4"[39m
                        [36m/>[39m
                        [36m<polyline[39m
                          [33mpoints[39m=[32m"7 10 12 15 17 10"[39m
                        [36m/>[39m
                        [36m<line[39m
                          [33mx1[39m=[32m"12"[39m
                          [33mx2[39m=[32m"12"[39m
                          [33my1[39m=[32m"15"[39m
                          [33my2[39m=[32m"3"[39m
                        [36m/>[39m
                      [36m</svg>[39m
                    [36m</button>[39m
                  [36m</div>[39m
                [36m</div>[39m
              [36m</div>[39m
              [36m<div[39m
                [33mclass[39m=[32m"p-6 max-h-[600px] overflow-y-auto"[39m
              [36m>[39m
                [36m<div[39m
                  [33mclass[39m=[32m"prose prose-slate dark:prose-invert max-w-none"[39m
                [36m>[39m
                  [36m<div[39m
                    [33mclass[39m=[32m"whitespace-pre-wrap text-slate-700 dark:text-slate-300"[39m
                  [36m>[39m
                    [0mDear Sir/Madam,

    I reluctantly submit this application...[0m
                  [36m</div>[39m
                [36m</div>[39m
              [36m</div>[39m
            [36m</div>[39m
          [36m</div>[39m
          [36m<div[39m
            [33mclass[39m=[32m"bg-amber-50 dark:bg-amber-900/20 border border-amber-200 dark:border-amber-800 rounded-lg p-4"[39m
          [36m>[39m
            [36m<p[39m
              [33mclass[39m=[32m"text-sm text-amber-800 dark:text-amber-200"[39m
            [36m>[39m
              [36m<strong>[39m
                [0mNote:[0m
              [36m</strong>[39m
              [0m La lettre d'anti-motivation est générée à titre humoristique et créatif. Elle ne doit PAS être envoyée à l'entreprise. Utilisez uniquement la lettre de motivation professionnelle pour vos candidatures réelles.[0m
            [36m</p>[39m
          [36m</div>[39m
        [36m</div>[39m
      [36m</div>[39m
    [36m</body>[39m

    [0m [90m 66 |[39m
     [90m 67 |[39m     [90m// Motivation letter[39m
    [31m[1m>[22m[39m[90m 68 |[39m     expect(screen[33m.[39mgetByText([35m/Lettre de Motivation/i[39m))[33m.[39mtoBeInTheDocument()[33m;[39m
     [90m    |[39m                   [31m[1m^[22m[39m
     [90m 69 |[39m     expect(
     [90m 70 |[39m       screen[33m.[39mgetByText([35m/I am very interested in this position/i[39m)
     [90m 71 |[39m     )[33m.[39mtoBeInTheDocument()[33m;[39m[0m

      at Object.getElementError (node_modules/@testing-library/dom/dist/config.js:37:19)
      at getElementError (node_modules/@testing-library/dom/dist/query-helpers.js:20:35)
      at getMultipleElementsFoundError (node_modules/@testing-library/dom/dist/query-helpers.js:23:10)
      at node_modules/@testing-library/dom/dist/query-helpers.js:55:13
      at node_modules/@testing-library/dom/dist/query-helpers.js:95:19
      at Object.getByText (components/letters/__tests__/LetterPreview.test.tsx:68:19)

FAIL components/__tests__/TimelineModal.test.tsx
  ● Console

    console.error
      Warning: React.jsx: type is invalid -- expected a string (for built-in components) or a class/function (for composite components) but got: undefined. You likely forgot to export your component from the file it's defined in, or you might have mixed up default and named imports.
      
      Check the render method of `TimelineModal`.
          at event (C:\Users\alexi\Documents\projects\maicivy\frontend\components\timeline\TimelineModal.tsx:13:56)

    [0m [90m 151 |[39m                 [33m<[39m[33mdiv[39m className[33m=[39m[32m"flex flex-wrap gap-2"[39m[33m>[39m
     [90m 152 |[39m                   {event[33m.[39mtags[33m.[39mmap((tag) [33m=>[39m (
    [31m[1m>[22m[39m[90m 153 |[39m                     [33m<[39m[33mmotion[39m[33m.[39mspan
     [90m     |[39m                     [31m[1m^[22m[39m
     [90m 154 |[39m                       key[33m=[39m{tag}
     [90m 155 |[39m                       whileHover[33m=[39m{{ scale[33m:[39m [35m1.05[39m }}
     [90m 156 |[39m                       className[33m=[39m[32m"px-4 py-2 bg-blue-500 text-white text-sm font-medium rounded-full shadow-sm"[39m[0m

      at printWarning (node_modules/react/cjs/react-jsx-runtime.development.js:87:30)
      at error (node_modules/react/cjs/react-jsx-runtime.development.js:61:7)
      at jsxWithValidation (node_modules/react/cjs/react-jsx-runtime.development.js:1245:7)
      at jsxWithValidationDynamic (node_modules/react/cjs/react-jsx-runtime.development.js:1320:12)
      at components/timeline/TimelineModal.tsx:153:21
          at Array.map (<anonymous>)
      at map (components/timeline/TimelineModal.tsx:152:31)
      at renderWithHooks (node_modules/react-dom/cjs/react-dom.development.js:15486:18)
      at mountIndeterminateComponent (node_modules/react-dom/cjs/react-dom.development.js:20103:13)
      at beginWork (node_modules/react-dom/cjs/react-dom.development.js:21626:16)
      at beginWork$1 (node_modules/react-dom/cjs/react-dom.development.js:27465:14)
      at performUnitOfWork (node_modules/react-dom/cjs/react-dom.development.js:26599:12)
      at workLoopSync (node_modules/react-dom/cjs/react-dom.development.js:26505:5)
      at renderRootSync (node_modules/react-dom/cjs/react-dom.development.js:26473:7)
      at performConcurrentWorkOnRoot (node_modules/react-dom/cjs/react-dom.development.js:25777:74)
      at flushActQueue (node_modules/react/cjs/react.development.js:2667:24)
      at act (node_modules/react/cjs/react.development.js:2582:11)
      at node_modules/@testing-library/react/dist/act-compat.js:47:25
      at renderRoot (node_modules/@testing-library/react/dist/pure.js:190:26)
      at render (node_modules/@testing-library/react/dist/pure.js:292:10)
      at Object.<anonymous> (components/__tests__/TimelineModal.test.tsx:53:11)

    console.error
      Warning: React.jsx: type is invalid -- expected a string (for built-in components) or a class/function (for composite components) but got: undefined. You likely forgot to export your component from the file it's defined in, or you might have mixed up default and named imports.
      
      Check the render method of `TimelineModal`.
          at event (C:\Users\alexi\Documents\projects\maicivy\frontend\components\timeline\TimelineModal.tsx:13:56)

    [0m [90m 151 |[39m                 [33m<[39m[33mdiv[39m className[33m=[39m[32m"flex flex-wrap gap-2"[39m[33m>[39m
     [90m 152 |[39m                   {event[33m.[39mtags[33m.[39mmap((tag) [33m=>[39m (
    [31m[1m>[22m[39m[90m 153 |[39m                     [33m<[39m[33mmotion[39m[33m.[39mspan
     [90m     |[39m                     [31m[1m^[22m[39m
     [90m 154 |[39m                       key[33m=[39m{tag}
     [90m 155 |[39m                       whileHover[33m=[39m{{ scale[33m:[39m [35m1.05[39m }}
     [90m 156 |[39m                       className[33m=[39m[32m"px-4 py-2 bg-blue-500 text-white text-sm font-medium rounded-full shadow-sm"[39m[0m

      at printWarning (node_modules/react/cjs/react-jsx-runtime.development.js:87:30)
      at error (node_modules/react/cjs/react-jsx-runtime.development.js:61:7)
      at jsxWithValidation (node_modules/react/cjs/react-jsx-runtime.development.js:1245:7)
      at jsxWithValidationDynamic (node_modules/react/cjs/react-jsx-runtime.development.js:1320:12)
      at components/timeline/TimelineModal.tsx:153:21
          at Array.map (<anonymous>)
      at map (components/timeline/TimelineModal.tsx:152:31)
      at renderWithHooks (node_modules/react-dom/cjs/react-dom.development.js:15486:18)
      at mountIndeterminateComponent (node_modules/react-dom/cjs/react-dom.development.js:20103:13)
      at beginWork (node_modules/react-dom/cjs/react-dom.development.js:21626:16)
      at beginWork$1 (node_modules/react-dom/cjs/react-dom.development.js:27465:14)
      at performUnitOfWork (node_modules/react-dom/cjs/react-dom.development.js:26599:12)
      at workLoopSync (node_modules/react-dom/cjs/react-dom.development.js:26505:5)
      at renderRootSync (node_modules/react-dom/cjs/react-dom.development.js:26473:7)
      at performConcurrentWorkOnRoot (node_modules/react-dom/cjs/react-dom.development.js:25777:74)
      at flushActQueue (node_modules/react/cjs/react.development.js:2667:24)
      at act (node_modules/react/cjs/react.development.js:2582:11)
      at node_modules/@testing-library/react/dist/act-compat.js:47:25
      at renderRoot (node_modules/@testing-library/react/dist/pure.js:190:26)
      at render (node_modules/@testing-library/react/dist/pure.js:292:10)
      at Object.<anonymous> (components/__tests__/TimelineModal.test.tsx:53:11)

    console.error
      Warning: React.jsx: type is invalid -- expected a string (for built-in components) or a class/function (for composite components) but got: undefined. You likely forgot to export your component from the file it's defined in, or you might have mixed up default and named imports.
      
      Check the render method of `TimelineModal`.
          at event (C:\Users\alexi\Documents\projects\maicivy\frontend\components\timeline\TimelineModal.tsx:13:56)

    [0m [90m 151 |[39m                 [33m<[39m[33mdiv[39m className[33m=[39m[32m"flex flex-wrap gap-2"[39m[33m>[39m
     [90m 152 |[39m                   {event[33m.[39mtags[33m.[39mmap((tag) [33m=>[39m (
    [31m[1m>[22m[39m[90m 153 |[39m                     [33m<[39m[33mmotion[39m[33m.[39mspan
     [90m     |[39m                     [31m[1m^[22m[39m
     [90m 154 |[39m                       key[33m=[39m{tag}
     [90m 155 |[39m                       whileHover[33m=[39m{{ scale[33m:[39m [35m1.05[39m }}
     [90m 156 |[39m                       className[33m=[39m[32m"px-4 py-2 bg-blue-500 text-white text-sm font-medium rounded-full shadow-sm"[39m[0m

      at printWarning (node_modules/react/cjs/react-jsx-runtime.development.js:87:30)
      at error (node_modules/react/cjs/react-jsx-runtime.development.js:61:7)
      at jsxWithValidation (node_modules/react/cjs/react-jsx-runtime.development.js:1245:7)
      at jsxWithValidationDynamic (node_modules/react/cjs/react-jsx-runtime.development.js:1320:12)
      at components/timeline/TimelineModal.tsx:153:21
          at Array.map (<anonymous>)
      at map (components/timeline/TimelineModal.tsx:152:31)
      at renderWithHooks (node_modules/react-dom/cjs/react-dom.development.js:15486:18)
      at mountIndeterminateComponent (node_modules/react-dom/cjs/react-dom.development.js:20103:13)
      at beginWork (node_modules/react-dom/cjs/react-dom.development.js:21626:16)
      at beginWork$1 (node_modules/react-dom/cjs/react-dom.development.js:27465:14)
      at performUnitOfWork (node_modules/react-dom/cjs/react-dom.development.js:26599:12)
      at workLoopSync (node_modules/react-dom/cjs/react-dom.development.js:26505:5)
      at renderRootSync (node_modules/react-dom/cjs/react-dom.development.js:26473:7)
      at performConcurrentWorkOnRoot (node_modules/react-dom/cjs/react-dom.development.js:25777:74)
      at flushActQueue (node_modules/react/cjs/react.development.js:2667:24)
      at act (node_modules/react/cjs/react.development.js:2582:11)
      at node_modules/@testing-library/react/dist/act-compat.js:47:25
      at renderRoot (node_modules/@testing-library/react/dist/pure.js:190:26)
      at render (node_modules/@testing-library/react/dist/pure.js:292:10)
      at Object.<anonymous> (components/__tests__/TimelineModal.test.tsx:53:11)

    console.error
      Warning: React.jsx: type is invalid -- expected a string (for built-in components) or a class/function (for composite components) but got: undefined. You likely forgot to export your component from the file it's defined in, or you might have mixed up default and named imports.
      
      Check the render method of `TimelineModal`.
          at event (C:\Users\alexi\Documents\projects\maicivy\frontend\components\timeline\TimelineModal.tsx:13:56)

    [0m [90m 151 |[39m                 [33m<[39m[33mdiv[39m className[33m=[39m[32m"flex flex-wrap gap-2"[39m[33m>[39m
     [90m 152 |[39m                   {event[33m.[39mtags[33m.[39mmap((tag) [33m=>[39m (
    [31m[1m>[22m[39m[90m 153 |[39m                     [33m<[39m[33mmotion[39m[33m.[39mspan
     [90m     |[39m                     [31m[1m^[22m[39m
     [90m 154 |[39m                       key[33m=[39m{tag}
     [90m 155 |[39m                       whileHover[33m=[39m{{ scale[33m:[39m [35m1.05[39m }}
     [90m 156 |[39m                       className[33m=[39m[32m"px-4 py-2 bg-blue-500 text-white text-sm font-medium rounded-full shadow-sm"[39m[0m

      at printWarning (node_modules/react/cjs/react-jsx-runtime.development.js:87:30)
      at error (node_modules/react/cjs/react-jsx-runtime.development.js:61:7)
      at jsxWithValidation (node_modules/react/cjs/react-jsx-runtime.development.js:1245:7)
      at jsxWithValidationDynamic (node_modules/react/cjs/react-jsx-runtime.development.js:1320:12)
      at components/timeline/TimelineModal.tsx:153:21
          at Array.map (<anonymous>)
      at map (components/timeline/TimelineModal.tsx:152:31)
      at renderWithHooks (node_modules/react-dom/cjs/react-dom.development.js:15486:18)
      at mountIndeterminateComponent (node_modules/react-dom/cjs/react-dom.development.js:20103:13)
      at beginWork (node_modules/react-dom/cjs/react-dom.development.js:21626:16)
      at beginWork$1 (node_modules/react-dom/cjs/react-dom.development.js:27465:14)
      at performUnitOfWork (node_modules/react-dom/cjs/react-dom.development.js:26599:12)
      at workLoopSync (node_modules/react-dom/cjs/react-dom.development.js:26505:5)
      at renderRootSync (node_modules/react-dom/cjs/react-dom.development.js:26473:7)
      at performConcurrentWorkOnRoot (node_modules/react-dom/cjs/react-dom.development.js:25777:74)
      at flushActQueue (node_modules/react/cjs/react.development.js:2667:24)
      at act (node_modules/react/cjs/react.development.js:2582:11)
      at node_modules/@testing-library/react/dist/act-compat.js:47:25
      at renderRoot (node_modules/@testing-library/react/dist/pure.js:190:26)
      at render (node_modules/@testing-library/react/dist/pure.js:292:10)
      at Object.<anonymous> (components/__tests__/TimelineModal.test.tsx:53:11)

    console.error
      Warning: React.jsx: type is invalid -- expected a string (for built-in components) or a class/function (for composite components) but got: undefined. You likely forgot to export your component from the file it's defined in, or you might have mixed up default and named imports.
      
      Check the render method of `TimelineModal`.
          at event (C:\Users\alexi\Documents\projects\maicivy\frontend\components\timeline\TimelineModal.tsx:13:56)

    [0m [90m 151 |[39m                 [33m<[39m[33mdiv[39m className[33m=[39m[32m"flex flex-wrap gap-2"[39m[33m>[39m
     [90m 152 |[39m                   {event[33m.[39mtags[33m.[39mmap((tag) [33m=>[39m (
    [31m[1m>[22m[39m[90m 153 |[39m                     [33m<[39m[33mmotion[39m[33m.[39mspan
     [90m     |[39m                     [31m[1m^[22m[39m
     [90m 154 |[39m                       key[33m=[39m{tag}
     [90m 155 |[39m                       whileHover[33m=[39m{{ scale[33m:[39m [35m1.05[39m }}
     [90m 156 |[39m                       className[33m=[39m[32m"px-4 py-2 bg-blue-500 text-white text-sm font-medium rounded-full shadow-sm"[39m[0m

      at printWarning (node_modules/react/cjs/react-jsx-runtime.development.js:87:30)
      at error (node_modules/react/cjs/react-jsx-runtime.development.js:61:7)
      at jsxWithValidation (node_modules/react/cjs/react-jsx-runtime.development.js:1245:7)
      at jsxWithValidationDynamic (node_modules/react/cjs/react-jsx-runtime.development.js:1320:12)
      at components/timeline/TimelineModal.tsx:153:21
          at Array.map (<anonymous>)
      at map (components/timeline/TimelineModal.tsx:152:31)
      at renderWithHooks (node_modules/react-dom/cjs/react-dom.development.js:15486:18)
      at mountIndeterminateComponent (node_modules/react-dom/cjs/react-dom.development.js:20103:13)
      at beginWork (node_modules/react-dom/cjs/react-dom.development.js:21626:16)
      at beginWork$1 (node_modules/react-dom/cjs/react-dom.development.js:27465:14)
      at performUnitOfWork (node_modules/react-dom/cjs/react-dom.development.js:26599:12)
      at workLoopSync (node_modules/react-dom/cjs/react-dom.development.js:26505:5)
      at renderRootSync (node_modules/react-dom/cjs/react-dom.development.js:26473:7)
      at performConcurrentWorkOnRoot (node_modules/react-dom/cjs/react-dom.development.js:25777:74)
      at flushActQueue (node_modules/react/cjs/react.development.js:2667:24)
      at act (node_modules/react/cjs/react.development.js:2582:11)
      at node_modules/@testing-library/react/dist/act-compat.js:47:25
      at renderRoot (node_modules/@testing-library/react/dist/pure.js:190:26)
      at render (node_modules/@testing-library/react/dist/pure.js:292:10)
      at Object.<anonymous> (components/__tests__/TimelineModal.test.tsx:53:11)

    console.error
      Error: Uncaught [Error: Element type is invalid: expected a string (for built-in components) or a class/function (for composite components) but got: undefined. You likely forgot to export your component from the file it's defined in, or you might have mixed up default and named imports.
      
      Check the render method of `TimelineModal`.]
          at reportException (C:\Users\alexi\Documents\projects\maicivy\frontend\node_modules\jsdom\lib\jsdom\living\helpers\runtime-script-errors.js:66:24)
          at innerInvokeEventListeners (C:\Users\alexi\Documents\projects\maicivy\frontend\node_modules\jsdom\lib\jsdom\living\events\EventTarget-impl.js:353:9)
          at invokeEventListeners (C:\Users\alexi\Documents\projects\maicivy\frontend\node_modules\jsdom\lib\jsdom\living\events\EventTarget-impl.js:286:3)
          at HTMLUnknownElementImpl._dispatch (C:\Users\alexi\Documents\projects\maicivy\frontend\node_modules\jsdom\lib\jsdom\living\events\EventTarget-impl.js:233:9)
          at HTMLUnknownElementImpl.dispatchEvent (C:\Users\alexi\Documents\projects\maicivy\frontend\node_modules\jsdom\lib\jsdom\living\events\EventTarget-impl.js:104:17)
          at HTMLUnknownElement.dispatchEvent (C:\Users\alexi\Documents\projects\maicivy\frontend\node_modules\jsdom\lib\jsdom\living\generated\EventTarget.js:241:34)
          at Object.invokeGuardedCallbackDev (C:\Users\alexi\Documents\projects\maicivy\frontend\node_modules\react-dom\cjs\react-dom.development.js:4213:16)
          at invokeGuardedCallback (C:\Users\alexi\Documents\projects\maicivy\frontend\node_modules\react-dom\cjs\react-dom.development.js:4277:31)
          at beginWork$1 (C:\Users\alexi\Documents\projects\maicivy\frontend\node_modules\react-dom\cjs\react-dom.development.js:27490:7)
          at performUnitOfWork (C:\Users\alexi\Documents\projects\maicivy\frontend\node_modules\react-dom\cjs\react-dom.development.js:26599:12)
          at workLoopSync (C:\Users\alexi\Documents\projects\maicivy\frontend\node_modules\react-dom\cjs\react-dom.development.js:26505:5)
          at renderRootSync (C:\Users\alexi\Documents\projects\maicivy\frontend\node_modules\react-dom\cjs\react-dom.development.js:26473:7)
          at performConcurrentWorkOnRoot (C:\Users\alexi\Documents\projects\maicivy\frontend\node_modules\react-dom\cjs\react-dom.development.js:25777:74)
          at flushActQueue (C:\Users\alexi\Documents\projects\maicivy\frontend\node_modules\react\cjs\react.development.js:2667:24)
          at act (C:\Users\alexi\Documents\projects\maicivy\frontend\node_modules\react\cjs\react.development.js:2582:11)
          at C:\Users\alexi\Documents\projects\maicivy\frontend\node_modules\@testing-library\react\dist\act-compat.js:47:25
          at renderRoot (C:\Users\alexi\Documents\projects\maicivy\frontend\node_modules\@testing-library\react\dist\pure.js:190:26)
          at render (C:\Users\alexi\Documents\projects\maicivy\frontend\node_modules\@testing-library\react\dist\pure.js:292:10)
          at Object.<anonymous> (C:\Users\alexi\Documents\projects\maicivy\frontend\components\__tests__\TimelineModal.test.tsx:53:11)
          at Promise.finally.completed (C:\Users\alexi\Documents\projects\maicivy\frontend\node_modules\jest-circus\build\jestAdapterInit.js:1557:28)
          at new Promise (<anonymous>)
          at callAsyncCircusFn (C:\Users\alexi\Documents\projects\maicivy\frontend\node_modules\jest-circus\build\jestAdapterInit.js:1497:10)
          at _callCircusTest (C:\Users\alexi\Documents\projects\maicivy\frontend\node_modules\jest-circus\build\jestAdapterInit.js:1007:40)
          at processTicksAndRejections (node:internal/process/task_queues:103:5)
          at _runTest (C:\Users\alexi\Documents\projects\maicivy\frontend\node_modules\jest-circus\build\jestAdapterInit.js:947:3)
          at C:\Users\alexi\Documents\projects\maicivy\frontend\node_modules\jest-circus\build\jestAdapterInit.js:849:7
          at _runTestsForDescribeBlock (C:\Users\alexi\Documents\projects\maicivy\frontend\node_modules\jest-circus\build\jestAdapterInit.js:862:11)
          at _runTestsForDescribeBlock (C:\Users\alexi\Documents\projects\maicivy\frontend\node_modules\jest-circus\build\jestAdapterInit.js:857:11)
          at run (C:\Users\alexi\Documents\projects\maicivy\frontend\node_modules\jest-circus\build\jestAdapterInit.js:761:3)
          at runAndTransformResultsToJestFormat (C:\Users\alexi\Documents\projects\maicivy\frontend\node_modules\jest-circus\build\jestAdapterInit.js:1918:21)
          at jestAdapter (C:\Users\alexi\Documents\projects\maicivy\frontend\node_modules\jest-circus\build\runner.js:101:19)
          at runTestInternal (C:\Users\alexi\Documents\projects\maicivy\frontend\node_modules\jest-runner\build\testWorker.js:275:16)
          at runTest (C:\Users\alexi\Documents\projects\maicivy\frontend\node_modules\jest-runner\build\testWorker.js:343:7)
          at Object.worker (C:\Users\alexi\Documents\projects\maicivy\frontend\node_modules\jest-runner\build\testWorker.js:497:12) {
        detail: Error: Element type is invalid: expected a string (for built-in components) or a class/function (for composite components) but got: undefined. You likely forgot to export your component from the file it's defined in, or you might have mixed up default and named imports.
        
        Check the render method of `TimelineModal`.
            at createFiberFromTypeAndProps (C:\Users\alexi\Documents\projects\maicivy\frontend\node_modules\react-dom\cjs\react-dom.development.js:28478:17)
            at createFiberFromElement (C:\Users\alexi\Documents\projects\maicivy\frontend\node_modules\react-dom\cjs\react-dom.development.js:28504:15)
            at createChild (C:\Users\alexi\Documents\projects\maicivy\frontend\node_modules\react-dom\cjs\react-dom.development.js:13345:28)
            at reconcileChildrenArray (C:\Users\alexi\Documents\projects\maicivy\frontend\node_modules\react-dom\cjs\react-dom.development.js:13640:25)
            at reconcileChildFibers (C:\Users\alexi\Documents\projects\maicivy\frontend\node_modules\react-dom\cjs\react-dom.development.js:14057:16)
            at reconcileChildren (C:\Users\alexi\Documents\projects\maicivy\frontend\node_modules\react-dom\cjs\react-dom.development.js:19186:28)
            at updateHostComponent (C:\Users\alexi\Documents\projects\maicivy\frontend\node_modules\react-dom\cjs\react-dom.development.js:19953:3)
            at beginWork (C:\Users\alexi\Documents\projects\maicivy\frontend\node_modules\react-dom\cjs\react-dom.development.js:21657:14)
            at HTMLUnknownElement.callCallback (C:\Users\alexi\Documents\projects\maicivy\frontend\node_modules\react-dom\cjs\react-dom.development.js:4164:14)
            at HTMLUnknownElement.callTheUserObjectsOperation (C:\Users\alexi\Documents\projects\maicivy\frontend\node_modules\jsdom\lib\jsdom\living\generated\EventListener.js:26:30)
            at innerInvokeEventListeners (C:\Users\alexi\Documents\projects\maicivy\frontend\node_modules\jsdom\lib\jsdom\living\events\EventTarget-impl.js:350:25)
            at invokeEventListeners (C:\Users\alexi\Documents\projects\maicivy\frontend\node_modules\jsdom\lib\jsdom\living\events\EventTarget-impl.js:286:3)
            at HTMLUnknownElementImpl._dispatch (C:\Users\alexi\Documents\projects\maicivy\frontend\node_modules\jsdom\lib\jsdom\living\events\EventTarget-impl.js:233:9)
            at HTMLUnknownElementImpl.dispatchEvent (C:\Users\alexi\Documents\projects\maicivy\frontend\node_modules\jsdom\lib\jsdom\living\events\EventTarget-impl.js:104:17)
            at HTMLUnknownElement.dispatchEvent (C:\Users\alexi\Documents\projects\maicivy\frontend\node_modules\jsdom\lib\jsdom\living\generated\EventTarget.js:241:34)
            at Object.invokeGuardedCallbackDev (C:\Users\alexi\Documents\projects\maicivy\frontend\node_modules\react-dom\cjs\react-dom.development.js:4213:16)
            at invokeGuardedCallback (C:\Users\alexi\Documents\projects\maicivy\frontend\node_modules\react-dom\cjs\react-dom.development.js:4277:31)
            at beginWork$1 (C:\Users\alexi\Documents\projects\maicivy\frontend\node_modules\react-dom\cjs\react-dom.development.js:27490:7)
            at performUnitOfWork (C:\Users\alexi\Documents\projects\maicivy\frontend\node_modules\react-dom\cjs\react-dom.development.js:26599:12)
            at workLoopSync (C:\Users\alexi\Documents\projects\maicivy\frontend\node_modules\react-dom\cjs\react-dom.development.js:26505:5)
            at renderRootSync (C:\Users\alexi\Documents\projects\maicivy\frontend\node_modules\react-dom\cjs\react-dom.development.js:26473:7)
            at performConcurrentWorkOnRoot (C:\Users\alexi\Documents\projects\maicivy\frontend\node_modules\react-dom\cjs\react-dom.development.js:25777:74)
            at flushActQueue (C:\Users\alexi\Documents\projects\maicivy\frontend\node_modules\react\cjs\react.development.js:2667:24)
            at act (C:\Users\alexi\Documents\projects\maicivy\frontend\node_modules\react\cjs\react.development.js:2582:11)
            at C:\Users\alexi\Documents\projects\maicivy\frontend\node_modules\@testing-library\react\dist\act-compat.js:47:25
            at renderRoot (C:\Users\alexi\Documents\projects\maicivy\frontend\node_modules\@testing-library\react\dist\pure.js:190:26)
            at render (C:\Users\alexi\Documents\projects\maicivy\frontend\node_modules\@testing-library\react\dist\pure.js:292:10)
            at Object.<anonymous> (C:\Users\alexi\Documents\projects\maicivy\frontend\components\__tests__\TimelineModal.test.tsx:53:11)
            at Promise.finally.completed (C:\Users\alexi\Documents\projects\maicivy\frontend\node_modules\jest-circus\build\jestAdapterInit.js:1557:28)
            at new Promise (<anonymous>)
            at callAsyncCircusFn (C:\Users\alexi\Documents\projects\maicivy\frontend\node_modules\jest-circus\build\jestAdapterInit.js:1497:10)
            at _callCircusTest (C:\Users\alexi\Documents\projects\maicivy\frontend\node_modules\jest-circus\build\jestAdapterInit.js:1007:40)
            at processTicksAndRejections (node:internal/process/task_queues:103:5)
            at _runTest (C:\Users\alexi\Documents\projects\maicivy\frontend\node_modules\jest-circus\build\jestAdapterInit.js:947:3)
            at C:\Users\alexi\Documents\projects\maicivy\frontend\node_modules\jest-circus\build\jestAdapterInit.js:849:7
            at _runTestsForDescribeBlock (C:\Users\alexi\Documents\projects\maicivy\frontend\node_modules\jest-circus\build\jestAdapterInit.js:862:11)
            at _runTestsForDescribeBlock (C:\Users\alexi\Documents\projects\maicivy\frontend\node_modules\jest-circus\build\jestAdapterInit.js:857:11)
            at run (C:\Users\alexi\Documents\projects\maicivy\frontend\node_modules\jest-circus\build\jestAdapterInit.js:761:3)
            at runAndTransformResultsToJestFormat (C:\Users\alexi\Documents\projects\maicivy\frontend\node_modules\jest-circus\build\jestAdapterInit.js:1918:21)
            at jestAdapter (C:\Users\alexi\Documents\projects\maicivy\frontend\node_modules\jest-circus\build\runner.js:101:19)
            at runTestInternal (C:\Users\alexi\Documents\projects\maicivy\frontend\node_modules\jest-runner\build\testWorker.js:275:16)
            at runTest (C:\Users\alexi\Documents\projects\maicivy\frontend\node_modules\jest-runner\build\testWorker.js:343:7)
            at Object.worker (C:\Users\alexi\Documents\projects\maicivy\frontend\node_modules\jest-runner\build\testWorker.js:497:12),
        type: 'unhandled exception'
      }

    [0m [90m 51 |[39m
     [90m 52 |[39m   it([32m'should render modal with event title'[39m[33m,[39m () [33m=>[39m {
    [31m[1m>[22m[39m[90m 53 |[39m     render([33m<[39m[33mTimelineModal[39m event[33m=[39m{mockEvent} onClose[33m=[39m{jest[33m.[39mfn()} [33m/[39m[33m>[39m)[33m;[39m
     [90m    |[39m           [31m[1m^[22m[39m
     [90m 54 |[39m
     [90m 55 |[39m     expect(screen[33m.[39mgetByText([32m'E-commerce Platform'[39m))[33m.[39mtoBeInTheDocument()[33m;[39m
     [90m 56 |[39m   })[33m;[39m[0m

      at VirtualConsole.<anonymous> (node_modules/@jest/environment-jsdom-abstract/build/index.js:87:23)
      at reportException (node_modules/jsdom/lib/jsdom/living/helpers/runtime-script-errors.js:70:28)
      at innerInvokeEventListeners (node_modules/jsdom/lib/jsdom/living/events/EventTarget-impl.js:353:9)
      at invokeEventListeners (node_modules/jsdom/lib/jsdom/living/events/EventTarget-impl.js:286:3)
      at HTMLUnknownElementImpl._dispatch (node_modules/jsdom/lib/jsdom/living/events/EventTarget-impl.js:233:9)
      at HTMLUnknownElementImpl.dispatchEvent (node_modules/jsdom/lib/jsdom/living/events/EventTarget-impl.js:104:17)
      at HTMLUnknownElement.dispatchEvent (node_modules/jsdom/lib/jsdom/living/generated/EventTarget.js:241:34)
      at Object.invokeGuardedCallbackDev (node_modules/react-dom/cjs/react-dom.development.js:4213:16)
      at invokeGuardedCallback (node_modules/react-dom/cjs/react-dom.development.js:4277:31)
      at beginWork$1 (node_modules/react-dom/cjs/react-dom.development.js:27490:7)
      at performUnitOfWork (node_modules/react-dom/cjs/react-dom.development.js:26599:12)
      at workLoopSync (node_modules/react-dom/cjs/react-dom.development.js:26505:5)
      at renderRootSync (node_modules/react-dom/cjs/react-dom.development.js:26473:7)
      at performConcurrentWorkOnRoot (node_modules/react-dom/cjs/react-dom.development.js:25777:74)
      at flushActQueue (node_modules/react/cjs/react.development.js:2667:24)
      at act (node_modules/react/cjs/react.development.js:2582:11)
      at node_modules/@testing-library/react/dist/act-compat.js:47:25
      at renderRoot (node_modules/@testing-library/react/dist/pure.js:190:26)
      at render (node_modules/@testing-library/react/dist/pure.js:292:10)
      at Object.<anonymous> (components/__tests__/TimelineModal.test.tsx:53:11)

    console.error
      Warning: React.jsx: type is invalid -- expected a string (for built-in components) or a class/function (for composite components) but got: undefined. You likely forgot to export your component from the file it's defined in, or you might have mixed up default and named imports.
      
      Check the render method of `TimelineModal`.
          at event (C:\Users\alexi\Documents\projects\maicivy\frontend\components\timeline\TimelineModal.tsx:13:56)

    [0m [90m 151 |[39m                 [33m<[39m[33mdiv[39m className[33m=[39m[32m"flex flex-wrap gap-2"[39m[33m>[39m
     [90m 152 |[39m                   {event[33m.[39mtags[33m.[39mmap((tag) [33m=>[39m (
    [31m[1m>[22m[39m[90m 153 |[39m                     [33m<[39m[33mmotion[39m[33m.[39mspan
     [90m     |[39m                     [31m[1m^[22m[39m
     [90m 154 |[39m                       key[33m=[39m{tag}
     [90m 155 |[39m                       whileHover[33m=[39m{{ scale[33m:[39m [35m1.05[39m }}
     [90m 156 |[39m                       className[33m=[39m[32m"px-4 py-2 bg-blue-500 text-white text-sm font-medium rounded-full shadow-sm"[39m[0m

      at printWarning (node_modules/react/cjs/react-jsx-runtime.development.js:87:30)
      at error (node_modules/react/cjs/react-jsx-runtime.development.js:61:7)
      at jsxWithValidation (node_modules/react/cjs/react-jsx-runtime.development.js:1245:7)
      at jsxWithValidationDynamic (node_modules/react/cjs/react-jsx-runtime.development.js:1320:12)
      at components/timeline/TimelineModal.tsx:153:21
          at Array.map (<anonymous>)
      at map (components/timeline/TimelineModal.tsx:152:31)
      at renderWithHooks (node_modules/react-dom/cjs/react-dom.development.js:15486:18)
      at mountIndeterminateComponent (node_modules/react-dom/cjs/react-dom.development.js:20103:13)
      at beginWork (node_modules/react-dom/cjs/react-dom.development.js:21626:16)
      at beginWork$1 (node_modules/react-dom/cjs/react-dom.development.js:27465:14)
      at performUnitOfWork (node_modules/react-dom/cjs/react-dom.development.js:26599:12)
      at workLoopSync (node_modules/react-dom/cjs/react-dom.development.js:26505:5)
      at renderRootSync (node_modules/react-dom/cjs/react-dom.development.js:26473:7)
      at recoverFromConcurrentError (node_modules/react-dom/cjs/react-dom.development.js:25889:20)
      at performConcurrentWorkOnRoot (node_modules/react-dom/cjs/react-dom.development.js:25789:22)
      at flushActQueue (node_modules/react/cjs/react.development.js:2667:24)
      at act (node_modules/react/cjs/react.development.js:2582:11)
      at node_modules/@testing-library/react/dist/act-compat.js:47:25
      at renderRoot (node_modules/@testing-library/react/dist/pure.js:190:26)
      at render (node_modules/@testing-library/react/dist/pure.js:292:10)
      at Object.<anonymous> (components/__tests__/TimelineModal.test.tsx:53:11)

    console.error
      Warning: React.jsx: type is invalid -- expected a string (for built-in components) or a class/function (for composite components) but got: undefined. You likely forgot to export your component from the file it's defined in, or you might have mixed up default and named imports.
      
      Check the render method of `TimelineModal`.
          at event (C:\Users\alexi\Documents\projects\maicivy\frontend\components\timeline\TimelineModal.tsx:13:56)

    [0m [90m 151 |[39m                 [33m<[39m[33mdiv[39m className[33m=[39m[32m"flex flex-wrap gap-2"[39m[33m>[39m
     [90m 152 |[39m                   {event[33m.[39mtags[33m.[39mmap((tag) [33m=>[39m (
    [31m[1m>[22m[39m[90m 153 |[39m                     [33m<[39m[33mmotion[39m[33m.[39mspan
     [90m     |[39m                     [31m[1m^[22m[39m
     [90m 154 |[39m                       key[33m=[39m{tag}
     [90m 155 |[39m                       whileHover[33m=[39m{{ scale[33m:[39m [35m1.05[39m }}
     [90m 156 |[39m                       className[33m=[39m[32m"px-4 py-2 bg-blue-500 text-white text-sm font-medium rounded-full shadow-sm"[39m[0m

      at printWarning (node_modules/react/cjs/react-jsx-runtime.development.js:87:30)
      at error (node_modules/react/cjs/react-jsx-runtime.development.js:61:7)
      at jsxWithValidation (node_modules/react/cjs/react-jsx-runtime.development.js:1245:7)
      at jsxWithValidationDynamic (node_modules/react/cjs/react-jsx-runtime.development.js:1320:12)
      at components/timeline/TimelineModal.tsx:153:21
          at Array.map (<anonymous>)
      at map (components/timeline/TimelineModal.tsx:152:31)
      at renderWithHooks (node_modules/react-dom/cjs/react-dom.development.js:15486:18)
      at mountIndeterminateComponent (node_modules/react-dom/cjs/react-dom.development.js:20103:13)
      at beginWork (node_modules/react-dom/cjs/react-dom.development.js:21626:16)
      at beginWork$1 (node_modules/react-dom/cjs/react-dom.development.js:27465:14)
      at performUnitOfWork (node_modules/react-dom/cjs/react-dom.development.js:26599:12)
      at workLoopSync (node_modules/react-dom/cjs/react-dom.development.js:26505:5)
      at renderRootSync (node_modules/react-dom/cjs/react-dom.development.js:26473:7)
      at recoverFromConcurrentError (node_modules/react-dom/cjs/react-dom.development.js:25889:20)
      at performConcurrentWorkOnRoot (node_modules/react-dom/cjs/react-dom.development.js:25789:22)
      at flushActQueue (node_modules/react/cjs/react.development.js:2667:24)
      at act (node_modules/react/cjs/react.development.js:2582:11)
      at node_modules/@testing-library/react/dist/act-compat.js:47:25
      at renderRoot (node_modules/@testing-library/react/dist/pure.js:190:26)
      at render (node_modules/@testing-library/react/dist/pure.js:292:10)
      at Object.<anonymous> (components/__tests__/TimelineModal.test.tsx:53:11)

    console.error
      Warning: React.jsx: type is invalid -- expected a string (for built-in components) or a class/function (for composite components) but got: undefined. You likely forgot to export your component from the file it's defined in, or you might have mixed up default and named imports.
      
      Check the render method of `TimelineModal`.
          at event (C:\Users\alexi\Documents\projects\maicivy\frontend\components\timeline\TimelineModal.tsx:13:56)

    [0m [90m 151 |[39m                 [33m<[39m[33mdiv[39m className[33m=[39m[32m"flex flex-wrap gap-2"[39m[33m>[39m
     [90m 152 |[39m                   {event[33m.[39mtags[33m.[39mmap((tag) [33m=>[39m (
    [31m[1m>[22m[39m[90m 153 |[39m                     [33m<[39m[33mmotion[39m[33m.[39mspan
     [90m     |[39m                     [31m[1m^[22m[39m
     [90m 154 |[39m                       key[33m=[39m{tag}
     [90m 155 |[39m                       whileHover[33m=[39m{{ scale[33m:[39m [35m1.05[39m }}
     [90m 156 |[39m                       className[33m=[39m[32m"px-4 py-2 bg-blue-500 text-white text-sm font-medium rounded-full shadow-sm"[39m[0m

      at printWarning (node_modules/react/cjs/react-jsx-runtime.development.js:87:30)
      at error (node_modules/react/cjs/react-jsx-runtime.development.js:61:7)
      at jsxWithValidation (node_modules/react/cjs/react-jsx-runtime.development.js:1245:7)
      at jsxWithValidationDynamic (node_modules/react/cjs/react-jsx-runtime.development.js:1320:12)
      at components/timeline/TimelineModal.tsx:153:21
          at Array.map (<anonymous>)
      at map (components/timeline/TimelineModal.tsx:152:31)
      at renderWithHooks (node_modules/react-dom/cjs/react-dom.development.js:15486:18)
      at mountIndeterminateComponent (node_modules/react-dom/cjs/react-dom.development.js:20103:13)
      at beginWork (node_modules/react-dom/cjs/react-dom.development.js:21626:16)
      at beginWork$1 (node_modules/react-dom/cjs/react-dom.development.js:27465:14)
      at performUnitOfWork (node_modules/react-dom/cjs/react-dom.development.js:26599:12)
      at workLoopSync (node_modules/react-dom/cjs/react-dom.development.js:26505:5)
      at renderRootSync (node_modules/react-dom/cjs/react-dom.development.js:26473:7)
      at recoverFromConcurrentError (node_modules/react-dom/cjs/react-dom.development.js:25889:20)
      at performConcurrentWorkOnRoot (node_modules/react-dom/cjs/react-dom.development.js:25789:22)
      at flushActQueue (node_modules/react/cjs/react.development.js:2667:24)
      at act (node_modules/react/cjs/react.development.js:2582:11)
      at node_modules/@testing-library/react/dist/act-compat.js:47:25
      at renderRoot (node_modules/@testing-library/react/dist/pure.js:190:26)
      at render (node_modules/@testing-library/react/dist/pure.js:292:10)
      at Object.<anonymous> (components/__tests__/TimelineModal.test.tsx:53:11)

    console.error
      Warning: React.jsx: type is invalid -- expected a string (for built-in components) or a class/function (for composite components) but got: undefined. You likely forgot to export your component from the file it's defined in, or you might have mixed up default and named imports.
      
      Check the render method of `TimelineModal`.
          at event (C:\Users\alexi\Documents\projects\maicivy\frontend\components\timeline\TimelineModal.tsx:13:56)

    [0m [90m 151 |[39m                 [33m<[39m[33mdiv[39m className[33m=[39m[32m"flex flex-wrap gap-2"[39m[33m>[39m
     [90m 152 |[39m                   {event[33m.[39mtags[33m.[39mmap((tag) [33m=>[39m (
    [31m[1m>[22m[39m[90m 153 |[39m                     [33m<[39m[33mmotion[39m[33m.[39mspan
     [90m     |[39m                     [31m[1m^[22m[39m
     [90m 154 |[39m                       key[33m=[39m{tag}
     [90m 155 |[39m                       whileHover[33m=[39m{{ scale[33m:[39m [35m1.05[39m }}
     [90m 156 |[39m                       className[33m=[39m[32m"px-4 py-2 bg-blue-500 text-white text-sm font-medium rounded-full shadow-sm"[39m[0m

      at printWarning (node_modules/react/cjs/react-jsx-runtime.development.js:87:30)
      at error (node_modules/react/cjs/react-jsx-runtime.development.js:61:7)
      at jsxWithValidation (node_modules/react/cjs/react-jsx-runtime.development.js:1245:7)
      at jsxWithValidationDynamic (node_modules/react/cjs/react-jsx-runtime.development.js:1320:12)
      at components/timeline/TimelineModal.tsx:153:21
          at Array.map (<anonymous>)
      at map (components/timeline/TimelineModal.tsx:152:31)
      at renderWithHooks (node_modules/react-dom/cjs/react-dom.development.js:15486:18)
      at mountIndeterminateComponent (node_modules/react-dom/cjs/react-dom.development.js:20103:13)
      at beginWork (node_modules/react-dom/cjs/react-dom.development.js:21626:16)
      at beginWork$1 (node_modules/react-dom/cjs/react-dom.development.js:27465:14)
      at performUnitOfWork (node_modules/react-dom/cjs/react-dom.development.js:26599:12)
      at workLoopSync (node_modules/react-dom/cjs/react-dom.development.js:26505:5)
      at renderRootSync (node_modules/react-dom/cjs/react-dom.development.js:26473:7)
      at recoverFromConcurrentError (node_modules/react-dom/cjs/react-dom.development.js:25889:20)
      at performConcurrentWorkOnRoot (node_modules/react-dom/cjs/react-dom.development.js:25789:22)
      at flushActQueue (node_modules/react/cjs/react.development.js:2667:24)
      at act (node_modules/react/cjs/react.development.js:2582:11)
      at node_modules/@testing-library/react/dist/act-compat.js:47:25
      at renderRoot (node_modules/@testing-library/react/dist/pure.js:190:26)
      at render (node_modules/@testing-library/react/dist/pure.js:292:10)
      at Object.<anonymous> (components/__tests__/TimelineModal.test.tsx:53:11)

    console.error
      Warning: React.jsx: type is invalid -- expected a string (for built-in components) or a class/function (for composite components) but got: undefined. You likely forgot to export your component from the file it's defined in, or you might have mixed up default and named imports.
      
      Check the render method of `TimelineModal`.
          at event (C:\Users\alexi\Documents\projects\maicivy\frontend\components\timeline\TimelineModal.tsx:13:56)

    [0m [90m 151 |[39m                 [33m<[39m[33mdiv[39m className[33m=[39m[32m"flex flex-wrap gap-2"[39m[33m>[39m
     [90m 152 |[39m                   {event[33m.[39mtags[33m.[39mmap((tag) [33m=>[39m (
    [31m[1m>[22m[39m[90m 153 |[39m                     [33m<[39m[33mmotion[39m[33m.[39mspan
     [90m     |[39m                     [31m[1m^[22m[39m
     [90m 154 |[39m                       key[33m=[39m{tag}
     [90m 155 |[39m                       whileHover[33m=[39m{{ scale[33m:[39m [35m1.05[39m }}
     [90m 156 |[39m                       className[33m=[39m[32m"px-4 py-2 bg-blue-500 text-white text-sm font-medium rounded-full shadow-sm"[39m[0m

      at printWarning (node_modules/react/cjs/react-jsx-runtime.development.js:87:30)
      at error (node_modules/react/cjs/react-jsx-runtime.development.js:61:7)
      at jsxWithValidation (node_modules/react/cjs/react-jsx-runtime.development.js:1245:7)
      at jsxWithValidationDynamic (node_modules/react/cjs/react-jsx-runtime.development.js:1320:12)
      at components/timeline/TimelineModal.tsx:153:21
          at Array.map (<anonymous>)
      at map (components/timeline/TimelineModal.tsx:152:31)
      at renderWithHooks (node_modules/react-dom/cjs/react-dom.development.js:15486:18)
      at mountIndeterminateComponent (node_modules/react-dom/cjs/react-dom.development.js:20103:13)
      at beginWork (node_modules/react-dom/cjs/react-dom.development.js:21626:16)
      at beginWork$1 (node_modules/react-dom/cjs/react-dom.development.js:27465:14)
      at performUnitOfWork (node_modules/react-dom/cjs/react-dom.development.js:26599:12)
      at workLoopSync (node_modules/react-dom/cjs/react-dom.development.js:26505:5)
      at renderRootSync (node_modules/react-dom/cjs/react-dom.development.js:26473:7)
      at recoverFromConcurrentError (node_modules/react-dom/cjs/react-dom.development.js:25889:20)
      at performConcurrentWorkOnRoot (node_modules/react-dom/cjs/react-dom.development.js:25789:22)
      at flushActQueue (node_modules/react/cjs/react.development.js:2667:24)
      at act (node_modules/react/cjs/react.development.js:2582:11)
      at node_modules/@testing-library/react/dist/act-compat.js:47:25
      at renderRoot (node_modules/@testing-library/react/dist/pure.js:190:26)
      at render (node_modules/@testing-library/react/dist/pure.js:292:10)
      at Object.<anonymous> (components/__tests__/TimelineModal.test.tsx:53:11)

    console.error
      Error: Uncaught [Error: Element type is invalid: expected a string (for built-in components) or a class/function (for composite components) but got: undefined. You likely forgot to export your component from the file it's defined in, or you might have mixed up default and named imports.
      
      Check the render method of `TimelineModal`.]
          at reportException (C:\Users\alexi\Documents\projects\maicivy\frontend\node_modules\jsdom\lib\jsdom\living\helpers\runtime-script-errors.js:66:24)
          at innerInvokeEventListeners (C:\Users\alexi\Documents\projects\maicivy\frontend\node_modules\jsdom\lib\jsdom\living\events\EventTarget-impl.js:353:9)
          at invokeEventListeners (C:\Users\alexi\Documents\projects\maicivy\frontend\node_modules\jsdom\lib\jsdom\living\events\EventTarget-impl.js:286:3)
          at HTMLUnknownElementImpl._dispatch (C:\Users\alexi\Documents\projects\maicivy\frontend\node_modules\jsdom\lib\jsdom\living\events\EventTarget-impl.js:233:9)
          at HTMLUnknownElementImpl.dispatchEvent (C:\Users\alexi\Documents\projects\maicivy\frontend\node_modules\jsdom\lib\jsdom\living\events\EventTarget-impl.js:104:17)
          at HTMLUnknownElement.dispatchEvent (C:\Users\alexi\Documents\projects\maicivy\frontend\node_modules\jsdom\lib\jsdom\living\generated\EventTarget.js:241:34)
          at Object.invokeGuardedCallbackDev (C:\Users\alexi\Documents\projects\maicivy\frontend\node_modules\react-dom\cjs\react-dom.development.js:4213:16)
          at invokeGuardedCallback (C:\Users\alexi\Documents\projects\maicivy\frontend\node_modules\react-dom\cjs\react-dom.development.js:4277:31)
          at beginWork$1 (C:\Users\alexi\Documents\projects\maicivy\frontend\node_modules\react-dom\cjs\react-dom.development.js:27490:7)
          at performUnitOfWork (C:\Users\alexi\Documents\projects\maicivy\frontend\node_modules\react-dom\cjs\react-dom.development.js:26599:12)
          at workLoopSync (C:\Users\alexi\Documents\projects\maicivy\frontend\node_modules\react-dom\cjs\react-dom.development.js:26505:5)
          at renderRootSync (C:\Users\alexi\Documents\projects\maicivy\frontend\node_modules\react-dom\cjs\react-dom.development.js:26473:7)
          at recoverFromConcurrentError (C:\Users\alexi\Documents\projects\maicivy\frontend\node_modules\react-dom\cjs\react-dom.development.js:25889:20)
          at performConcurrentWorkOnRoot (C:\Users\alexi\Documents\projects\maicivy\frontend\node_modules\react-dom\cjs\react-dom.development.js:25789:22)
          at flushActQueue (C:\Users\alexi\Documents\projects\maicivy\frontend\node_modules\react\cjs\react.development.js:2667:24)
          at act (C:\Users\alexi\Documents\projects\maicivy\frontend\node_modules\react\cjs\react.development.js:2582:11)
          at C:\Users\alexi\Documents\projects\maicivy\frontend\node_modules\@testing-library\react\dist\act-compat.js:47:25
          at renderRoot (C:\Users\alexi\Documents\projects\maicivy\frontend\node_modules\@testing-library\react\dist\pure.js:190:26)
          at render (C:\Users\alexi\Documents\projects\maicivy\frontend\node_modules\@testing-library\react\dist\pure.js:292:10)
          at Object.<anonymous> (C:\Users\alexi\Documents\projects\maicivy\frontend\components\__tests__\TimelineModal.test.tsx:53:11)
          at Promise.finally.completed (C:\Users\alexi\Documents\projects\maicivy\frontend\node_modules\jest-circus\build\jestAdapterInit.js:1557:28)
          at new Promise (<anonymous>)
          at callAsyncCircusFn (C:\Users\alexi\Documents\projects\maicivy\frontend\node_modules\jest-circus\build\jestAdapterInit.js:1497:10)
          at _callCircusTest (C:\Users\alexi\Documents\projects\maicivy\frontend\node_modules\jest-circus\build\jestAdapterInit.js:1007:40)
          at processTicksAndRejections (node:internal/process/task_queues:103:5)
          at _runTest (C:\Users\alexi\Documents\projects\maicivy\frontend\node_modules\jest-circus\build\jestAdapterInit.js:947:3)
          at C:\Users\alexi\Documents\projects\maicivy\frontend\node_modules\jest-circus\build\jestAdapterInit.js:849:7
          at _runTestsForDescribeBlock (C:\Users\alexi\Documents\projects\maicivy\frontend\node_modules\jest-circus\build\jestAdapterInit.js:862:11)
          at _runTestsForDescribeBlock (C:\Users\alexi\Documents\projects\maicivy\frontend\node_modules\jest-circus\build\jestAdapterInit.js:857:11)
          at run (C:\Users\alexi\Documents\projects\maicivy\frontend\node_modules\jest-circus\build\jestAdapterInit.js:761:3)
          at runAndTransformResultsToJestFormat (C:\Users\alexi\Documents\projects\maicivy\frontend\node_modules\jest-circus\build\jestAdapterInit.js:1918:21)
          at jestAdapter (C:\Users\alexi\Documents\projects\maicivy\frontend\node_modules\jest-circus\build\runner.js:101:19)
          at runTestInternal (C:\Users\alexi\Documents\projects\maicivy\frontend\node_modules\jest-runner\build\testWorker.js:275:16)
          at runTest (C:\Users\alexi\Documents\projects\maicivy\frontend\node_modules\jest-runner\build\testWorker.js:343:7)
          at Object.worker (C:\Users\alexi\Documents\projects\maicivy\frontend\node_modules\jest-runner\build\testWorker.js:497:12) {
        detail: Error: Element type is invalid: expected a string (for built-in components) or a class/function (for composite components) but got: undefined. You likely forgot to export your component from the file it's defined in, or you might have mixed up default and named imports.
        
        Check the render method of `TimelineModal`.
            at createFiberFromTypeAndProps (C:\Users\alexi\Documents\projects\maicivy\frontend\node_modules\react-dom\cjs\react-dom.development.js:28478:17)
            at createFiberFromElement (C:\Users\alexi\Documents\projects\maicivy\frontend\node_modules\react-dom\cjs\react-dom.development.js:28504:15)
            at createChild (C:\Users\alexi\Documents\projects\maicivy\frontend\node_modules\react-dom\cjs\react-dom.development.js:13345:28)
            at reconcileChildrenArray (C:\Users\alexi\Documents\projects\maicivy\frontend\node_modules\react-dom\cjs\react-dom.development.js:13640:25)
            at reconcileChildFibers (C:\Users\alexi\Documents\projects\maicivy\frontend\node_modules\react-dom\cjs\react-dom.development.js:14057:16)
            at reconcileChildren (C:\Users\alexi\Documents\projects\maicivy\frontend\node_modules\react-dom\cjs\react-dom.development.js:19186:28)
            at updateHostComponent (C:\Users\alexi\Documents\projects\maicivy\frontend\node_modules\react-dom\cjs\react-dom.development.js:19953:3)
            at beginWork (C:\Users\alexi\Documents\projects\maicivy\frontend\node_modules\react-dom\cjs\react-dom.development.js:21657:14)
            at HTMLUnknownElement.callCallback (C:\Users\alexi\Documents\projects\maicivy\frontend\node_modules\react-dom\cjs\react-dom.development.js:4164:14)
            at HTMLUnknownElement.callTheUserObjectsOperation (C:\Users\alexi\Documents\projects\maicivy\frontend\node_modules\jsdom\lib\jsdom\living\generated\EventListener.js:26:30)
            at innerInvokeEventListeners (C:\Users\alexi\Documents\projects\maicivy\frontend\node_modules\jsdom\lib\jsdom\living\events\EventTarget-impl.js:350:25)
            at invokeEventListeners (C:\Users\alexi\Documents\projects\maicivy\frontend\node_modules\jsdom\lib\jsdom\living\events\EventTarget-impl.js:286:3)
            at HTMLUnknownElementImpl._dispatch (C:\Users\alexi\Documents\projects\maicivy\frontend\node_modules\jsdom\lib\jsdom\living\events\EventTarget-impl.js:233:9)
            at HTMLUnknownElementImpl.dispatchEvent (C:\Users\alexi\Documents\projects\maicivy\frontend\node_modules\jsdom\lib\jsdom\living\events\EventTarget-impl.js:104:17)
            at HTMLUnknownElement.dispatchEvent (C:\Users\alexi\Documents\projects\maicivy\frontend\node_modules\jsdom\lib\jsdom\living\generated\EventTarget.js:241:34)
            at Object.invokeGuardedCallbackDev (C:\Users\alexi\Documents\projects\maicivy\frontend\node_modules\react-dom\cjs\react-dom.development.js:4213:16)
            at invokeGuardedCallback (C:\Users\alexi\Documents\projects\maicivy\frontend\node_modules\react-dom\cjs\react-dom.development.js:4277:31)
            at beginWork$1 (C:\Users\alexi\Documents\projects\maicivy\frontend\node_modules\react-dom\cjs\react-dom.development.js:27490:7)
            at performUnitOfWork (C:\Users\alexi\Documents\projects\maicivy\frontend\node_modules\react-dom\cjs\react-dom.development.js:26599:12)
            at workLoopSync (C:\Users\alexi\Documents\projects\maicivy\frontend\node_modules\react-dom\cjs\react-dom.development.js:26505:5)
            at renderRootSync (C:\Users\alexi\Documents\projects\maicivy\frontend\node_modules\react-dom\cjs\react-dom.development.js:26473:7)
            at recoverFromConcurrentError (C:\Users\alexi\Documents\projects\maicivy\frontend\node_modules\react-dom\cjs\react-dom.development.js:25889:20)
            at performConcurrentWorkOnRoot (C:\Users\alexi\Documents\projects\maicivy\frontend\node_modules\react-dom\cjs\react-dom.development.js:25789:22)
            at flushActQueue (C:\Users\alexi\Documents\projects\maicivy\frontend\node_modules\react\cjs\react.development.js:2667:24)
            at act (C:\Users\alexi\Documents\projects\maicivy\frontend\node_modules\react\cjs\react.development.js:2582:11)
            at C:\Users\alexi\Documents\projects\maicivy\frontend\node_modules\@testing-library\react\dist\act-compat.js:47:25
            at renderRoot (C:\Users\alexi\Documents\projects\maicivy\frontend\node_modules\@testing-library\react\dist\pure.js:190:26)
            at render (C:\Users\alexi\Documents\projects\maicivy\frontend\node_modules\@testing-library\react\dist\pure.js:292:10)
            at Object.<anonymous> (C:\Users\alexi\Documents\projects\maicivy\frontend\components\__tests__\TimelineModal.test.tsx:53:11)
            at Promise.finally.completed (C:\Users\alexi\Documents\projects\maicivy\frontend\node_modules\jest-circus\build\jestAdapterInit.js:1557:28)
            at new Promise (<anonymous>)
            at callAsyncCircusFn (C:\Users\alexi\Documents\projects\maicivy\frontend\node_modules\jest-circus\build\jestAdapterInit.js:1497:10)
            at _callCircusTest (C:\Users\alexi\Documents\projects\maicivy\frontend\node_modules\jest-circus\build\jestAdapterInit.js:1007:40)
            at processTicksAndRejections (node:internal/process/task_queues:103:5)
            at _runTest (C:\Users\alexi\Documents\projects\maicivy\frontend\node_modules\jest-circus\build\jestAdapterInit.js:947:3)
            at C:\Users\alexi\Documents\projects\maicivy\frontend\node_modules\jest-circus\build\jestAdapterInit.js:849:7
            at _runTestsForDescribeBlock (C:\Users\alexi\Documents\projects\maicivy\frontend\node_modules\jest-circus\build\jestAdapterInit.js:862:11)
            at _runTestsForDescribeBlock (C:\Users\alexi\Documents\projects\maicivy\frontend\node_modules\jest-circus\build\jestAdapterInit.js:857:11)
            at run (C:\Users\alexi\Documents\projects\maicivy\frontend\node_modules\jest-circus\build\jestAdapterInit.js:761:3)
            at runAndTransformResultsToJestFormat (C:\Users\alexi\Documents\projects\maicivy\frontend\node_modules\jest-circus\build\jestAdapterInit.js:1918:21)
            at jestAdapter (C:\Users\alexi\Documents\projects\maicivy\frontend\node_modules\jest-circus\build\runner.js:101:19)
            at runTestInternal (C:\Users\alexi\Documents\projects\maicivy\frontend\node_modules\jest-runner\build\testWorker.js:275:16)
            at runTest (C:\Users\alexi\Documents\projects\maicivy\frontend\node_modules\jest-runner\build\testWorker.js:343:7)
            at Object.worker (C:\Users\alexi\Documents\projects\maicivy\frontend\node_modules\jest-runner\build\testWorker.js:497:12),
        type: 'unhandled exception'
      }

    [0m [90m 51 |[39m
     [90m 52 |[39m   it([32m'should render modal with event title'[39m[33m,[39m () [33m=>[39m {
    [31m[1m>[22m[39m[90m 53 |[39m     render([33m<[39m[33mTimelineModal[39m event[33m=[39m{mockEvent} onClose[33m=[39m{jest[33m.[39mfn()} [33m/[39m[33m>[39m)[33m;[39m
     [90m    |[39m           [31m[1m^[22m[39m
     [90m 54 |[39m
     [90m 55 |[39m     expect(screen[33m.[39mgetByText([32m'E-commerce Platform'[39m))[33m.[39mtoBeInTheDocument()[33m;[39m
     [90m 56 |[39m   })[33m;[39m[0m

      at VirtualConsole.<anonymous> (node_modules/@jest/environment-jsdom-abstract/build/index.js:87:23)
      at reportException (node_modules/jsdom/lib/jsdom/living/helpers/runtime-script-errors.js:70:28)
      at innerInvokeEventListeners (node_modules/jsdom/lib/jsdom/living/events/EventTarget-impl.js:353:9)
      at invokeEventListeners (node_modules/jsdom/lib/jsdom/living/events/EventTarget-impl.js:286:3)
      at HTMLUnknownElementImpl._dispatch (node_modules/jsdom/lib/jsdom/living/events/EventTarget-impl.js:233:9)
      at HTMLUnknownElementImpl.dispatchEvent (node_modules/jsdom/lib/jsdom/living/events/EventTarget-impl.js:104:17)
      at HTMLUnknownElement.dispatchEvent (node_modules/jsdom/lib/jsdom/living/generated/EventTarget.js:241:34)
      at Object.invokeGuardedCallbackDev (node_modules/react-dom/cjs/react-dom.development.js:4213:16)
      at invokeGuardedCallback (node_modules/react-dom/cjs/react-dom.development.js:4277:31)
      at beginWork$1 (node_modules/react-dom/cjs/react-dom.development.js:27490:7)
      at performUnitOfWork (node_modules/react-dom/cjs/react-dom.development.js:26599:12)
      at workLoopSync (node_modules/react-dom/cjs/react-dom.development.js:26505:5)
      at renderRootSync (node_modules/react-dom/cjs/react-dom.development.js:26473:7)
      at recoverFromConcurrentError (node_modules/react-dom/cjs/react-dom.development.js:25889:20)
      at performConcurrentWorkOnRoot (node_modules/react-dom/cjs/react-dom.development.js:25789:22)
      at flushActQueue (node_modules/react/cjs/react.development.js:2667:24)
      at act (node_modules/react/cjs/react.development.js:2582:11)
      at node_modules/@testing-library/react/dist/act-compat.js:47:25
      at renderRoot (node_modules/@testing-library/react/dist/pure.js:190:26)
      at render (node_modules/@testing-library/react/dist/pure.js:292:10)
      at Object.<anonymous> (components/__tests__/TimelineModal.test.tsx:53:11)

    console.error
      The above error occurred in the <div> component:
      
          at div
          at div
          at div
          at div
          at children (C:\Users\alexi\Documents\projects\maicivy\frontend\components\__tests__\TimelineModal.test.tsx:8:13)
          at div
          at children (C:\Users\alexi\Documents\projects\maicivy\frontend\components\__tests__\TimelineModal.test.tsx:8:13)
          at children (C:\Users\alexi\Documents\projects\maicivy\frontend\components\__tests__\TimelineModal.test.tsx:12:23)
          at event (C:\Users\alexi\Documents\projects\maicivy\frontend\components\timeline\TimelineModal.tsx:13:56)
      
      Consider adding an error boundary to your tree to customize error handling behavior.
      Visit https://reactjs.org/link/error-boundaries to learn more about error boundaries.

    [0m [90m 51 |[39m
     [90m 52 |[39m   it([32m'should render modal with event title'[39m[33m,[39m () [33m=>[39m {
    [31m[1m>[22m[39m[90m 53 |[39m     render([33m<[39m[33mTimelineModal[39m event[33m=[39m{mockEvent} onClose[33m=[39m{jest[33m.[39mfn()} [33m/[39m[33m>[39m)[33m;[39m
     [90m    |[39m           [31m[1m^[22m[39m
     [90m 54 |[39m
     [90m 55 |[39m     expect(screen[33m.[39mgetByText([32m'E-commerce Platform'[39m))[33m.[39mtoBeInTheDocument()[33m;[39m
     [90m 56 |[39m   })[33m;[39m[0m

      at logCapturedError (node_modules/react-dom/cjs/react-dom.development.js:18704:23)
      at update.callback (node_modules/react-dom/cjs/react-dom.development.js:18737:5)
      at callCallback (node_modules/react-dom/cjs/react-dom.development.js:15036:12)
      at commitUpdateQueue (node_modules/react-dom/cjs/react-dom.development.js:15057:9)
      at commitLayoutEffectOnFiber (node_modules/react-dom/cjs/react-dom.development.js:23430:13)
      at commitLayoutMountEffects_complete (node_modules/react-dom/cjs/react-dom.development.js:24727:9)
      at commitLayoutEffects_begin (node_modules/react-dom/cjs/react-dom.development.js:24713:7)
      at commitLayoutEffects (node_modules/react-dom/cjs/react-dom.development.js:24651:3)
      at commitRootImpl (node_modules/react-dom/cjs/react-dom.development.js:26862:5)
      at commitRoot (node_modules/react-dom/cjs/react-dom.development.js:26721:5)
      at finishConcurrentRender (node_modules/react-dom/cjs/react-dom.development.js:25931:9)
      at performConcurrentWorkOnRoot (node_modules/react-dom/cjs/react-dom.development.js:25848:7)
      at flushActQueue (node_modules/react/cjs/react.development.js:2667:24)
      at act (node_modules/react/cjs/react.development.js:2582:11)
      at node_modules/@testing-library/react/dist/act-compat.js:47:25
      at renderRoot (node_modules/@testing-library/react/dist/pure.js:190:26)
      at render (node_modules/@testing-library/react/dist/pure.js:292:10)
      at Object.<anonymous> (components/__tests__/TimelineModal.test.tsx:53:11)

    console.error
      Warning: React.jsx: type is invalid -- expected a string (for built-in components) or a class/function (for composite components) but got: undefined. You likely forgot to export your component from the file it's defined in, or you might have mixed up default and named imports.
      
      Check the render method of `TimelineModal`.
          at event (C:\Users\alexi\Documents\projects\maicivy\frontend\components\timeline\TimelineModal.tsx:13:56)

    [0m [90m 151 |[39m                 [33m<[39m[33mdiv[39m className[33m=[39m[32m"flex flex-wrap gap-2"[39m[33m>[39m
     [90m 152 |[39m                   {event[33m.[39mtags[33m.[39mmap((tag) [33m=>[39m (
    [31m[1m>[22m[39m[90m 153 |[39m                     [33m<[39m[33mmotion[39m[33m.[39mspan
     [90m     |[39m                     [31m[1m^[22m[39m
     [90m 154 |[39m                       key[33m=[39m{tag}
     [90m 155 |[39m                       whileHover[33m=[39m{{ scale[33m:[39m [35m1.05[39m }}
     [90m 156 |[39m                       className[33m=[39m[32m"px-4 py-2 bg-blue-500 text-white text-sm font-medium rounded-full shadow-sm"[39m[0m

      at printWarning (node_modules/react/cjs/react-jsx-runtime.development.js:87:30)
      at error (node_modules/react/cjs/react-jsx-runtime.development.js:61:7)
      at jsxWithValidation (node_modules/react/cjs/react-jsx-runtime.development.js:1245:7)
      at jsxWithValidationDynamic (node_modules/react/cjs/react-jsx-runtime.development.js:1320:12)
      at components/timeline/TimelineModal.tsx:153:21
          at Array.map (<anonymous>)
      at map (components/timeline/TimelineModal.tsx:152:31)
      at renderWithHooks (node_modules/react-dom/cjs/react-dom.development.js:15486:18)
      at mountIndeterminateComponent (node_modules/react-dom/cjs/react-dom.development.js:20103:13)
      at beginWork (node_modules/react-dom/cjs/react-dom.development.js:21626:16)
      at beginWork$1 (node_modules/react-dom/cjs/react-dom.development.js:27465:14)
      at performUnitOfWork (node_modules/react-dom/cjs/react-dom.development.js:26599:12)
      at workLoopSync (node_modules/react-dom/cjs/react-dom.development.js:26505:5)
      at renderRootSync (node_modules/react-dom/cjs/react-dom.development.js:26473:7)
      at performConcurrentWorkOnRoot (node_modules/react-dom/cjs/react-dom.development.js:25777:74)
      at flushActQueue (node_modules/react/cjs/react.development.js:2667:24)
      at act (node_modules/react/cjs/react.development.js:2582:11)
      at node_modules/@testing-library/react/dist/act-compat.js:47:25
      at renderRoot (node_modules/@testing-library/react/dist/pure.js:190:26)
      at render (node_modules/@testing-library/react/dist/pure.js:292:10)
      at Object.<anonymous> (components/__tests__/TimelineModal.test.tsx:59:11)

    console.error
      Warning: React.jsx: type is invalid -- expected a string (for built-in components) or a class/function (for composite components) but got: undefined. You likely forgot to export your component from the file it's defined in, or you might have mixed up default and named imports.
      
      Check the render method of `TimelineModal`.
          at event (C:\Users\alexi\Documents\projects\maicivy\frontend\components\timeline\TimelineModal.tsx:13:56)

    [0m [90m 151 |[39m                 [33m<[39m[33mdiv[39m className[33m=[39m[32m"flex flex-wrap gap-2"[39m[33m>[39m
     [90m 152 |[39m                   {event[33m.[39mtags[33m.[39mmap((tag) [33m=>[39m (
    [31m[1m>[22m[39m[90m 153 |[39m                     [33m<[39m[33mmotion[39m[33m.[39mspan
     [90m     |[39m                     [31m[1m^[22m[39m
     [90m 154 |[39m                       key[33m=[39m{tag}
     [90m 155 |[39m                       whileHover[33m=[39m{{ scale[33m:[39m [35m1.05[39m }}
     [90m 156 |[39m                       className[33m=[39m[32m"px-4 py-2 bg-blue-500 text-white text-sm font-medium rounded-full shadow-sm"[39m[0m

      at printWarning (node_modules/react/cjs/react-jsx-runtime.development.js:87:30)
      at error (node_modules/react/cjs/react-jsx-runtime.development.js:61:7)
      at jsxWithValidation (node_modules/react/cjs/react-jsx-runtime.development.js:1245:7)
      at jsxWithValidationDynamic (node_modules/react/cjs/react-jsx-runtime.development.js:1320:12)
      at components/timeline/TimelineModal.tsx:153:21
          at Array.map (<anonymous>)
      at map (components/timeline/TimelineModal.tsx:152:31)
      at renderWithHooks (node_modules/react-dom/cjs/react-dom.development.js:15486:18)
      at mountIndeterminateComponent (node_modules/react-dom/cjs/react-dom.development.js:20103:13)
      at beginWork (node_modules/react-dom/cjs/react-dom.development.js:21626:16)
      at beginWork$1 (node_modules/react-dom/cjs/react-dom.development.js:27465:14)
      at performUnitOfWork (node_modules/react-dom/cjs/react-dom.development.js:26599:12)
      at workLoopSync (node_modules/react-dom/cjs/react-dom.development.js:26505:5)
      at renderRootSync (node_modules/react-dom/cjs/react-dom.development.js:26473:7)
      at performConcurrentWorkOnRoot (node_modules/react-dom/cjs/react-dom.development.js:25777:74)
      at flushActQueue (node_modules/react/cjs/react.development.js:2667:24)
      at act (node_modules/react/cjs/react.development.js:2582:11)
      at node_modules/@testing-library/react/dist/act-compat.js:47:25
      at renderRoot (node_modules/@testing-library/react/dist/pure.js:190:26)
      at render (node_modules/@testing-library/react/dist/pure.js:292:10)
      at Object.<anonymous> (components/__tests__/TimelineModal.test.tsx:59:11)

    console.error
      Warning: React.jsx: type is invalid -- expected a string (for built-in components) or a class/function (for composite components) but got: undefined. You likely forgot to export your component from the file it's defined in, or you might have mixed up default and named imports.
      
      Check the render method of `TimelineModal`.
          at event (C:\Users\alexi\Documents\projects\maicivy\frontend\components\timeline\TimelineModal.tsx:13:56)

    [0m [90m 151 |[39m                 [33m<[39m[33mdiv[39m className[33m=[39m[32m"flex flex-wrap gap-2"[39m[33m>[39m
     [90m 152 |[39m                   {event[33m.[39mtags[33m.[39mmap((tag) [33m=>[39m (
    [31m[1m>[22m[39m[90m 153 |[39m                     [33m<[39m[33mmotion[39m[33m.[39mspan
     [90m     |[39m                     [31m[1m^[22m[39m
     [90m 154 |[39m                       key[33m=[39m{tag}
     [90m 155 |[39m                       whileHover[33m=[39m{{ scale[33m:[39m [35m1.05[39m }}
     [90m 156 |[39m                       className[33m=[39m[32m"px-4 py-2 bg-blue-500 text-white text-sm font-medium rounded-full shadow-sm"[39m[0m

      at printWarning (node_modules/react/cjs/react-jsx-runtime.development.js:87:30)
      at error (node_modules/react/cjs/react-jsx-runtime.development.js:61:7)
      at jsxWithValidation (node_modules/react/cjs/react-jsx-runtime.development.js:1245:7)
      at jsxWithValidationDynamic (node_modules/react/cjs/react-jsx-runtime.development.js:1320:12)
      at components/timeline/TimelineModal.tsx:153:21
          at Array.map (<anonymous>)
      at map (components/timeline/TimelineModal.tsx:152:31)
      at renderWithHooks (node_modules/react-dom/cjs/react-dom.development.js:15486:18)
      at mountIndeterminateComponent (node_modules/react-dom/cjs/react-dom.development.js:20103:13)
      at beginWork (node_modules/react-dom/cjs/react-dom.development.js:21626:16)
      at beginWork$1 (node_modules/react-dom/cjs/react-dom.development.js:27465:14)
      at performUnitOfWork (node_modules/react-dom/cjs/react-dom.development.js:26599:12)
      at workLoopSync (node_modules/react-dom/cjs/react-dom.development.js:26505:5)
      at renderRootSync (node_modules/react-dom/cjs/react-dom.development.js:26473:7)
      at performConcurrentWorkOnRoot (node_modules/react-dom/cjs/react-dom.development.js:25777:74)
      at flushActQueue (node_modules/react/cjs/react.development.js:2667:24)
      at act (node_modules/react/cjs/react.development.js:2582:11)
      at node_modules/@testing-library/react/dist/act-compat.js:47:25
      at renderRoot (node_modules/@testing-library/react/dist/pure.js:190:26)
      at render (node_modules/@testing-library/react/dist/pure.js:292:10)
      at Object.<anonymous> (components/__tests__/TimelineModal.test.tsx:59:11)

    console.error
      Warning: React.jsx: type is invalid -- expected a string (for built-in components) or a class/function (for composite components) but got: undefined. You likely forgot to export your component from the file it's defined in, or you might have mixed up default and named imports.
      
      Check the render method of `TimelineModal`.
          at event (C:\Users\alexi\Documents\projects\maicivy\frontend\components\timeline\TimelineModal.tsx:13:56)

    [0m [90m 151 |[39m                 [33m<[39m[33mdiv[39m className[33m=[39m[32m"flex flex-wrap gap-2"[39m[33m>[39m
     [90m 152 |[39m                   {event[33m.[39mtags[33m.[39mmap((tag) [33m=>[39m (
    [31m[1m>[22m[39m[90m 153 |[39m                     [33m<[39m[33mmotion[39m[33m.[39mspan
     [90m     |[39m                     [31m[1m^[22m[39m
     [90m 154 |[39m                       key[33m=[39m{tag}
     [90m 155 |[39m                       whileHover[33m=[39m{{ scale[33m:[39m [35m1.05[39m }}
     [90m 156 |[39m                       className[33m=[39m[32m"px-4 py-2 bg-blue-500 text-white text-sm font-medium rounded-full shadow-sm"[39m[0m

      at printWarning (node_modules/react/cjs/react-jsx-runtime.development.js:87:30)
      at error (node_modules/react/cjs/react-jsx-runtime.development.js:61:7)
      at jsxWithValidation (node_modules/react/cjs/react-jsx-runtime.development.js:1245:7)
      at jsxWithValidationDynamic (node_modules/react/cjs/react-jsx-runtime.development.js:1320:12)
      at components/timeline/TimelineModal.tsx:153:21
          at Array.map (<anonymous>)
      at map (components/timeline/TimelineModal.tsx:152:31)
      at renderWithHooks (node_modules/react-dom/cjs/react-dom.development.js:15486:18)
      at mountIndeterminateComponent (node_modules/react-dom/cjs/react-dom.development.js:20103:13)
      at beginWork (node_modules/react-dom/cjs/react-dom.development.js:21626:16)
      at beginWork$1 (node_modules/react-dom/cjs/react-dom.development.js:27465:14)
      at performUnitOfWork (node_modules/react-dom/cjs/react-dom.development.js:26599:12)
      at workLoopSync (node_modules/react-dom/cjs/react-dom.development.js:26505:5)
      at renderRootSync (node_modules/react-dom/cjs/react-dom.development.js:26473:7)
      at performConcurrentWorkOnRoot (node_modules/react-dom/cjs/react-dom.development.js:25777:74)
      at flushActQueue (node_modules/react/cjs/react.development.js:2667:24)
      at act (node_modules/react/cjs/react.development.js:2582:11)
      at node_modules/@testing-library/react/dist/act-compat.js:47:25
      at renderRoot (node_modules/@testing-library/react/dist/pure.js:190:26)
      at render (node_modules/@testing-library/react/dist/pure.js:292:10)
      at Object.<anonymous> (components/__tests__/TimelineModal.test.tsx:59:11)

    console.error
      Warning: React.jsx: type is invalid -- expected a string (for built-in components) or a class/function (for composite components) but got: undefined. You likely forgot to export your component from the file it's defined in, or you might have mixed up default and named imports.
      
      Check the render method of `TimelineModal`.
          at event (C:\Users\alexi\Documents\projects\maicivy\frontend\components\timeline\TimelineModal.tsx:13:56)

    [0m [90m 151 |[39m                 [33m<[39m[33mdiv[39m className[33m=[39m[32m"flex flex-wrap gap-2"[39m[33m>[39m
     [90m 152 |[39m                   {event[33m.[39mtags[33m.[39mmap((tag) [33m=>[39m (
    [31m[1m>[22m[39m[90m 153 |[39m                     [33m<[39m[33mmotion[39m[33m.[39mspan
     [90m     |[39m                     [31m[1m^[22m[39m
     [90m 154 |[39m                       key[33m=[39m{tag}
     [90m 155 |[39m                       whileHover[33m=[39m{{ scale[33m:[39m [35m1.05[39m }}
     [90m 156 |[39m                       className[33m=[39m[32m"px-4 py-2 bg-blue-500 text-white text-sm font-medium rounded-full shadow-sm"[39m[0m

      at printWarning (node_modules/react/cjs/react-jsx-runtime.development.js:87:30)
      at error (node_modules/react/cjs/react-jsx-runtime.development.js:61:7)
      at jsxWithValidation (node_modules/react/cjs/react-jsx-runtime.development.js:1245:7)
      at jsxWithValidationDynamic (node_modules/react/cjs/react-jsx-runtime.development.js:1320:12)
      at components/timeline/TimelineModal.tsx:153:21
          at Array.map (<anonymous>)
      at map (components/timeline/TimelineModal.tsx:152:31)
      at renderWithHooks (node_modules/react-dom/cjs/react-dom.development.js:15486:18)
      at mountIndeterminateComponent (node_modules/react-dom/cjs/react-dom.development.js:20103:13)
      at beginWork (node_modules/react-dom/cjs/react-dom.development.js:21626:16)
      at beginWork$1 (node_modules/react-dom/cjs/react-dom.development.js:27465:14)
      at performUnitOfWork (node_modules/react-dom/cjs/react-dom.development.js:26599:12)
      at workLoopSync (node_modules/react-dom/cjs/react-dom.development.js:26505:5)
      at renderRootSync (node_modules/react-dom/cjs/react-dom.development.js:26473:7)
      at performConcurrentWorkOnRoot (node_modules/react-dom/cjs/react-dom.development.js:25777:74)
      at flushActQueue (node_modules/react/cjs/react.development.js:2667:24)
      at act (node_modules/react/cjs/react.development.js:2582:11)
      at node_modules/@testing-library/react/dist/act-compat.js:47:25
      at renderRoot (node_modules/@testing-library/react/dist/pure.js:190:26)
      at render (node_modules/@testing-library/react/dist/pure.js:292:10)
      at Object.<anonymous> (components/__tests__/TimelineModal.test.tsx:59:11)

    console.error
      Error: Uncaught [Error: Element type is invalid: expected a string (for built-in components) or a class/function (for composite components) but got: undefined. You likely forgot to export your component from the file it's defined in, or you might have mixed up default and named imports.
      
      Check the render method of `TimelineModal`.]
          at reportException (C:\Users\alexi\Documents\projects\maicivy\frontend\node_modules\jsdom\lib\jsdom\living\helpers\runtime-script-errors.js:66:24)
          at innerInvokeEventListeners (C:\Users\alexi\Documents\projects\maicivy\frontend\node_modules\jsdom\lib\jsdom\living\events\EventTarget-impl.js:353:9)
          at invokeEventListeners (C:\Users\alexi\Documents\projects\maicivy\frontend\node_modules\jsdom\lib\jsdom\living\events\EventTarget-impl.js:286:3)
          at HTMLUnknownElementImpl._dispatch (C:\Users\alexi\Documents\projects\maicivy\frontend\node_modules\jsdom\lib\jsdom\living\events\EventTarget-impl.js:233:9)
          at HTMLUnknownElementImpl.dispatchEvent (C:\Users\alexi\Documents\projects\maicivy\frontend\node_modules\jsdom\lib\jsdom\living\events\EventTarget-impl.js:104:17)
          at HTMLUnknownElement.dispatchEvent (C:\Users\alexi\Documents\projects\maicivy\frontend\node_modules\jsdom\lib\jsdom\living\generated\EventTarget.js:241:34)
          at Object.invokeGuardedCallbackDev (C:\Users\alexi\Documents\projects\maicivy\frontend\node_modules\react-dom\cjs\react-dom.development.js:4213:16)
          at invokeGuardedCallback (C:\Users\alexi\Documents\projects\maicivy\frontend\node_modules\react-dom\cjs\react-dom.development.js:4277:31)
          at beginWork$1 (C:\Users\alexi\Documents\projects\maicivy\frontend\node_modules\react-dom\cjs\react-dom.development.js:27490:7)
          at performUnitOfWork (C:\Users\alexi\Documents\projects\maicivy\frontend\node_modules\react-dom\cjs\react-dom.development.js:26599:12)
          at workLoopSync (C:\Users\alexi\Documents\projects\maicivy\frontend\node_modules\react-dom\cjs\react-dom.development.js:26505:5)
          at renderRootSync (C:\Users\alexi\Documents\projects\maicivy\frontend\node_modules\react-dom\cjs\react-dom.development.js:26473:7)
          at performConcurrentWorkOnRoot (C:\Users\alexi\Documents\projects\maicivy\frontend\node_modules\react-dom\cjs\react-dom.development.js:25777:74)
          at flushActQueue (C:\Users\alexi\Documents\projects\maicivy\frontend\node_modules\react\cjs\react.development.js:2667:24)
          at act (C:\Users\alexi\Documents\projects\maicivy\frontend\node_modules\react\cjs\react.development.js:2582:11)
          at C:\Users\alexi\Documents\projects\maicivy\frontend\node_modules\@testing-library\react\dist\act-compat.js:47:25
          at renderRoot (C:\Users\alexi\Documents\projects\maicivy\frontend\node_modules\@testing-library\react\dist\pure.js:190:26)
          at render (C:\Users\alexi\Documents\projects\maicivy\frontend\node_modules\@testing-library\react\dist\pure.js:292:10)
          at Object.<anonymous> (C:\Users\alexi\Documents\projects\maicivy\frontend\components\__tests__\TimelineModal.test.tsx:59:11)
          at Promise.finally.completed (C:\Users\alexi\Documents\projects\maicivy\frontend\node_modules\jest-circus\build\jestAdapterInit.js:1557:28)
          at new Promise (<anonymous>)
          at callAsyncCircusFn (C:\Users\alexi\Documents\projects\maicivy\frontend\node_modules\jest-circus\build\jestAdapterInit.js:1497:10)
          at _callCircusTest (C:\Users\alexi\Documents\projects\maicivy\frontend\node_modules\jest-circus\build\jestAdapterInit.js:1007:40)
          at processTicksAndRejections (node:internal/process/task_queues:103:5)
          at _runTest (C:\Users\alexi\Documents\projects\maicivy\frontend\node_modules\jest-circus\build\jestAdapterInit.js:947:3)
          at C:\Users\alexi\Documents\projects\maicivy\frontend\node_modules\jest-circus\build\jestAdapterInit.js:849:7
          at _runTestsForDescribeBlock (C:\Users\alexi\Documents\projects\maicivy\frontend\node_modules\jest-circus\build\jestAdapterInit.js:862:11)
          at _runTestsForDescribeBlock (C:\Users\alexi\Documents\projects\maicivy\frontend\node_modules\jest-circus\build\jestAdapterInit.js:857:11)
          at run (C:\Users\alexi\Documents\projects\maicivy\frontend\node_modules\jest-circus\build\jestAdapterInit.js:761:3)
          at runAndTransformResultsToJestFormat (C:\Users\alexi\Documents\projects\maicivy\frontend\node_modules\jest-circus\build\jestAdapterInit.js:1918:21)
          at jestAdapter (C:\Users\alexi\Documents\projects\maicivy\frontend\node_modules\jest-circus\build\runner.js:101:19)
          at runTestInternal (C:\Users\alexi\Documents\projects\maicivy\frontend\node_modules\jest-runner\build\testWorker.js:275:16)
          at runTest (C:\Users\alexi\Documents\projects\maicivy\frontend\node_modules\jest-runner\build\testWorker.js:343:7)
          at Object.worker (C:\Users\alexi\Documents\projects\maicivy\frontend\node_modules\jest-runner\build\testWorker.js:497:12) {
        detail: Error: Element type is invalid: expected a string (for built-in components) or a class/function (for composite components) but got: undefined. You likely forgot to export your component from the file it's defined in, or you might have mixed up default and named imports.
        
        Check the render method of `TimelineModal`.
            at createFiberFromTypeAndProps (C:\Users\alexi\Documents\projects\maicivy\frontend\node_modules\react-dom\cjs\react-dom.development.js:28478:17)
            at createFiberFromElement (C:\Users\alexi\Documents\projects\maicivy\frontend\node_modules\react-dom\cjs\react-dom.development.js:28504:15)
            at createChild (C:\Users\alexi\Documents\projects\maicivy\frontend\node_modules\react-dom\cjs\react-dom.development.js:13345:28)
            at reconcileChildrenArray (C:\Users\alexi\Documents\projects\maicivy\frontend\node_modules\react-dom\cjs\react-dom.development.js:13640:25)
            at reconcileChildFibers (C:\Users\alexi\Documents\projects\maicivy\frontend\node_modules\react-dom\cjs\react-dom.development.js:14057:16)
            at reconcileChildren (C:\Users\alexi\Documents\projects\maicivy\frontend\node_modules\react-dom\cjs\react-dom.development.js:19186:28)
            at updateHostComponent (C:\Users\alexi\Documents\projects\maicivy\frontend\node_modules\react-dom\cjs\react-dom.development.js:19953:3)
            at beginWork (C:\Users\alexi\Documents\projects\maicivy\frontend\node_modules\react-dom\cjs\react-dom.development.js:21657:14)
            at HTMLUnknownElement.callCallback (C:\Users\alexi\Documents\projects\maicivy\frontend\node_modules\react-dom\cjs\react-dom.development.js:4164:14)
            at HTMLUnknownElement.callTheUserObjectsOperation (C:\Users\alexi\Documents\projects\maicivy\frontend\node_modules\jsdom\lib\jsdom\living\generated\EventListener.js:26:30)
            at innerInvokeEventListeners (C:\Users\alexi\Documents\projects\maicivy\frontend\node_modules\jsdom\lib\jsdom\living\events\EventTarget-impl.js:350:25)
            at invokeEventListeners (C:\Users\alexi\Documents\projects\maicivy\frontend\node_modules\jsdom\lib\jsdom\living\events\EventTarget-impl.js:286:3)
            at HTMLUnknownElementImpl._dispatch (C:\Users\alexi\Documents\projects\maicivy\frontend\node_modules\jsdom\lib\jsdom\living\events\EventTarget-impl.js:233:9)
            at HTMLUnknownElementImpl.dispatchEvent (C:\Users\alexi\Documents\projects\maicivy\frontend\node_modules\jsdom\lib\jsdom\living\events\EventTarget-impl.js:104:17)
            at HTMLUnknownElement.dispatchEvent (C:\Users\alexi\Documents\projects\maicivy\frontend\node_modules\jsdom\lib\jsdom\living\generated\EventTarget.js:241:34)
            at Object.invokeGuardedCallbackDev (C:\Users\alexi\Documents\projects\maicivy\frontend\node_modules\react-dom\cjs\react-dom.development.js:4213:16)
            at invokeGuardedCallback (C:\Users\alexi\Documents\projects\maicivy\frontend\node_modules\react-dom\cjs\react-dom.development.js:4277:31)
            at beginWork$1 (C:\Users\alexi\Documents\projects\maicivy\frontend\node_modules\react-dom\cjs\react-dom.development.js:27490:7)
            at performUnitOfWork (C:\Users\alexi\Documents\projects\maicivy\frontend\node_modules\react-dom\cjs\react-dom.development.js:26599:12)
            at workLoopSync (C:\Users\alexi\Documents\projects\maicivy\frontend\node_modules\react-dom\cjs\react-dom.development.js:26505:5)
            at renderRootSync (C:\Users\alexi\Documents\projects\maicivy\frontend\node_modules\react-dom\cjs\react-dom.development.js:26473:7)
            at performConcurrentWorkOnRoot (C:\Users\alexi\Documents\projects\maicivy\frontend\node_modules\react-dom\cjs\react-dom.development.js:25777:74)
            at flushActQueue (C:\Users\alexi\Documents\projects\maicivy\frontend\node_modules\react\cjs\react.development.js:2667:24)
            at act (C:\Users\alexi\Documents\projects\maicivy\frontend\node_modules\react\cjs\react.development.js:2582:11)
            at C:\Users\alexi\Documents\projects\maicivy\frontend\node_modules\@testing-library\react\dist\act-compat.js:47:25
            at renderRoot (C:\Users\alexi\Documents\projects\maicivy\frontend\node_modules\@testing-library\react\dist\pure.js:190:26)
            at render (C:\Users\alexi\Documents\projects\maicivy\frontend\node_modules\@testing-library\react\dist\pure.js:292:10)
            at Object.<anonymous> (C:\Users\alexi\Documents\projects\maicivy\frontend\components\__tests__\TimelineModal.test.tsx:59:11)
            at Promise.finally.completed (C:\Users\alexi\Documents\projects\maicivy\frontend\node_modules\jest-circus\build\jestAdapterInit.js:1557:28)
            at new Promise (<anonymous>)
            at callAsyncCircusFn (C:\Users\alexi\Documents\projects\maicivy\frontend\node_modules\jest-circus\build\jestAdapterInit.js:1497:10)
            at _callCircusTest (C:\Users\alexi\Documents\projects\maicivy\frontend\node_modules\jest-circus\build\jestAdapterInit.js:1007:40)
            at processTicksAndRejections (node:internal/process/task_queues:103:5)
            at _runTest (C:\Users\alexi\Documents\projects\maicivy\frontend\node_modules\jest-circus\build\jestAdapterInit.js:947:3)
            at C:\Users\alexi\Documents\projects\maicivy\frontend\node_modules\jest-circus\build\jestAdapterInit.js:849:7
            at _runTestsForDescribeBlock (C:\Users\alexi\Documents\projects\maicivy\frontend\node_modules\jest-circus\build\jestAdapterInit.js:862:11)
            at _runTestsForDescribeBlock (C:\Users\alexi\Documents\projects\maicivy\frontend\node_modules\jest-circus\build\jestAdapterInit.js:857:11)
            at run (C:\Users\alexi\Documents\projects\maicivy\frontend\node_modules\jest-circus\build\jestAdapterInit.js:761:3)
            at runAndTransformResultsToJestFormat (C:\Users\alexi\Documents\projects\maicivy\frontend\node_modules\jest-circus\build\jestAdapterInit.js:1918:21)
            at jestAdapter (C:\Users\alexi\Documents\projects\maicivy\frontend\node_modules\jest-circus\build\runner.js:101:19)
            at runTestInternal (C:\Users\alexi\Documents\projects\maicivy\frontend\node_modules\jest-runner\build\testWorker.js:275:16)
            at runTest (C:\Users\alexi\Documents\projects\maicivy\frontend\node_modules\jest-runner\build\testWorker.js:343:7)
            at Object.worker (C:\Users\alexi\Documents\projects\maicivy\frontend\node_modules\jest-runner\build\testWorker.js:497:12),
        type: 'unhandled exception'
      }

    [0m [90m 57 |[39m
     [90m 58 |[39m   it([32m'should render event subtitle'[39m[33m,[39m () [33m=>[39m {
    [31m[1m>[22m[39m[90m 59 |[39m     render([33m<[39m[33mTimelineModal[39m event[33m=[39m{mockEvent} onClose[33m=[39m{jest[33m.[39mfn()} [33m/[39m[33m>[39m)[33m;[39m
     [90m    |[39m           [31m[1m^[22m[39m
     [90m 60 |[39m
     [90m 61 |[39m     expect(screen[33m.[39mgetByText([32m'Full Stack Project'[39m))[33m.[39mtoBeInTheDocument()[33m;[39m
     [90m 62 |[39m   })[33m;[39m[0m

      at VirtualConsole.<anonymous> (node_modules/@jest/environment-jsdom-abstract/build/index.js:87:23)
      at reportException (node_modules/jsdom/lib/jsdom/living/helpers/runtime-script-errors.js:70:28)
      at innerInvokeEventListeners (node_modules/jsdom/lib/jsdom/living/events/EventTarget-impl.js:353:9)
      at invokeEventListeners (node_modules/jsdom/lib/jsdom/living/events/EventTarget-impl.js:286:3)
      at HTMLUnknownElementImpl._dispatch (node_modules/jsdom/lib/jsdom/living/events/EventTarget-impl.js:233:9)
      at HTMLUnknownElementImpl.dispatchEvent (node_modules/jsdom/lib/jsdom/living/events/EventTarget-impl.js:104:17)
      at HTMLUnknownElement.dispatchEvent (node_modules/jsdom/lib/jsdom/living/generated/EventTarget.js:241:34)
      at Object.invokeGuardedCallbackDev (node_modules/react-dom/cjs/react-dom.development.js:4213:16)
      at invokeGuardedCallback (node_modules/react-dom/cjs/react-dom.development.js:4277:31)
      at beginWork$1 (node_modules/react-dom/cjs/react-dom.development.js:27490:7)
      at performUnitOfWork (node_modules/react-dom/cjs/react-dom.development.js:26599:12)
      at workLoopSync (node_modules/react-dom/cjs/react-dom.development.js:26505:5)
      at renderRootSync (node_modules/react-dom/cjs/react-dom.development.js:26473:7)
      at performConcurrentWorkOnRoot (node_modules/react-dom/cjs/react-dom.development.js:25777:74)
      at flushActQueue (node_modules/react/cjs/react.development.js:2667:24)
      at act (node_modules/react/cjs/react.development.js:2582:11)
      at node_modules/@testing-library/react/dist/act-compat.js:47:25
      at renderRoot (node_modules/@testing-library/react/dist/pure.js:190:26)
      at render (node_modules/@testing-library/react/dist/pure.js:292:10)
      at Object.<anonymous> (components/__tests__/TimelineModal.test.tsx:59:11)

    console.error
      Warning: React.jsx: type is invalid -- expected a string (for built-in components) or a class/function (for composite components) but got: undefined. You likely forgot to export your component from the file it's defined in, or you might have mixed up default and named imports.
      
      Check the render method of `TimelineModal`.
          at event (C:\Users\alexi\Documents\projects\maicivy\frontend\components\timeline\TimelineModal.tsx:13:56)

    [0m [90m 151 |[39m                 [33m<[39m[33mdiv[39m className[33m=[39m[32m"flex flex-wrap gap-2"[39m[33m>[39m
     [90m 152 |[39m                   {event[33m.[39mtags[33m.[39mmap((tag) [33m=>[39m (
    [31m[1m>[22m[39m[90m 153 |[39m                     [33m<[39m[33mmotion[39m[33m.[39mspan
     [90m     |[39m                     [31m[1m^[22m[39m
     [90m 154 |[39m                       key[33m=[39m{tag}
     [90m 155 |[39m                       whileHover[33m=[39m{{ scale[33m:[39m [35m1.05[39m }}
     [90m 156 |[39m                       className[33m=[39m[32m"px-4 py-2 bg-blue-500 text-white text-sm font-medium rounded-full shadow-sm"[39m[0m

      at printWarning (node_modules/react/cjs/react-jsx-runtime.development.js:87:30)
      at error (node_modules/react/cjs/react-jsx-runtime.development.js:61:7)
      at jsxWithValidation (node_modules/react/cjs/react-jsx-runtime.development.js:1245:7)
      at jsxWithValidationDynamic (node_modules/react/cjs/react-jsx-runtime.development.js:1320:12)
      at components/timeline/TimelineModal.tsx:153:21
          at Array.map (<anonymous>)
      at map (components/timeline/TimelineModal.tsx:152:31)
      at renderWithHooks (node_modules/react-dom/cjs/react-dom.development.js:15486:18)
      at mountIndeterminateComponent (node_modules/react-dom/cjs/react-dom.development.js:20103:13)
      at beginWork (node_modules/react-dom/cjs/react-dom.development.js:21626:16)
      at beginWork$1 (node_modules/react-dom/cjs/react-dom.development.js:27465:14)
      at performUnitOfWork (node_modules/react-dom/cjs/react-dom.development.js:26599:12)
      at workLoopSync (node_modules/react-dom/cjs/react-dom.development.js:26505:5)
      at renderRootSync (node_modules/react-dom/cjs/react-dom.development.js:26473:7)
      at recoverFromConcurrentError (node_modules/react-dom/cjs/react-dom.development.js:25889:20)
      at performConcurrentWorkOnRoot (node_modules/react-dom/cjs/react-dom.development.js:25789:22)
      at flushActQueue (node_modules/react/cjs/react.development.js:2667:24)
      at act (node_modules/react/cjs/react.development.js:2582:11)
      at node_modules/@testing-library/react/dist/act-compat.js:47:25
      at renderRoot (node_modules/@testing-library/react/dist/pure.js:190:26)
      at render (node_modules/@testing-library/react/dist/pure.js:292:10)
      at Object.<anonymous> (components/__tests__/TimelineModal.test.tsx:59:11)

    console.error
      Warning: React.jsx: type is invalid -- expected a string (for built-in components) or a class/function (for composite components) but got: undefined. You likely forgot to export your component from the file it's defined in, or you might have mixed up default and named imports.
      
      Check the render method of `TimelineModal`.
          at event (C:\Users\alexi\Documents\projects\maicivy\frontend\components\timeline\TimelineModal.tsx:13:56)

    [0m [90m 151 |[39m                 [33m<[39m[33mdiv[39m className[33m=[39m[32m"flex flex-wrap gap-2"[39m[33m>[39m
     [90m 152 |[39m                   {event[33m.[39mtags[33m.[39mmap((tag) [33m=>[39m (
    [31m[1m>[22m[39m[90m 153 |[39m                     [33m<[39m[33mmotion[39m[33m.[39mspan
     [90m     |[39m                     [31m[1m^[22m[39m
     [90m 154 |[39m                       key[33m=[39m{tag}
     [90m 155 |[39m                       whileHover[33m=[39m{{ scale[33m:[39m [35m1.05[39m }}
     [90m 156 |[39m                       className[33m=[39m[32m"px-4 py-2 bg-blue-500 text-white text-sm font-medium rounded-full shadow-sm"[39m[0m

      at printWarning (node_modules/react/cjs/react-jsx-runtime.development.js:87:30)
      at error (node_modules/react/cjs/react-jsx-runtime.development.js:61:7)
      at jsxWithValidation (node_modules/react/cjs/react-jsx-runtime.development.js:1245:7)
      at jsxWithValidationDynamic (node_modules/react/cjs/react-jsx-runtime.development.js:1320:12)
      at components/timeline/TimelineModal.tsx:153:21
          at Array.map (<anonymous>)
      at map (components/timeline/TimelineModal.tsx:152:31)
      at renderWithHooks (node_modules/react-dom/cjs/react-dom.development.js:15486:18)
      at mountIndeterminateComponent (node_modules/react-dom/cjs/react-dom.development.js:20103:13)
      at beginWork (node_modules/react-dom/cjs/react-dom.development.js:21626:16)
      at beginWork$1 (node_modules/react-dom/cjs/react-dom.development.js:27465:14)
      at performUnitOfWork (node_modules/react-dom/cjs/react-dom.development.js:26599:12)
      at workLoopSync (node_modules/react-dom/cjs/react-dom.development.js:26505:5)
      at renderRootSync (node_modules/react-dom/cjs/react-dom.development.js:26473:7)
      at recoverFromConcurrentError (node_modules/react-dom/cjs/react-dom.development.js:25889:20)
      at performConcurrentWorkOnRoot (node_modules/react-dom/cjs/react-dom.development.js:25789:22)
      at flushActQueue (node_modules/react/cjs/react.development.js:2667:24)
      at act (node_modules/react/cjs/react.development.js:2582:11)
      at node_modules/@testing-library/react/dist/act-compat.js:47:25
      at renderRoot (node_modules/@testing-library/react/dist/pure.js:190:26)
      at render (node_modules/@testing-library/react/dist/pure.js:292:10)
      at Object.<anonymous> (components/__tests__/TimelineModal.test.tsx:59:11)

    console.error
      Warning: React.jsx: type is invalid -- expected a string (for built-in components) or a class/function (for composite components) but got: undefined. You likely forgot to export your component from the file it's defined in, or you might have mixed up default and named imports.
      
      Check the render method of `TimelineModal`.
          at event (C:\Users\alexi\Documents\projects\maicivy\frontend\components\timeline\TimelineModal.tsx:13:56)

    [0m [90m 151 |[39m                 [33m<[39m[33mdiv[39m className[33m=[39m[32m"flex flex-wrap gap-2"[39m[33m>[39m
     [90m 152 |[39m                   {event[33m.[39mtags[33m.[39mmap((tag) [33m=>[39m (
    [31m[1m>[22m[39m[90m 153 |[39m                     [33m<[39m[33mmotion[39m[33m.[39mspan
     [90m     |[39m                     [31m[1m^[22m[39m
     [90m 154 |[39m                       key[33m=[39m{tag}
     [90m 155 |[39m                       whileHover[33m=[39m{{ scale[33m:[39m [35m1.05[39m }}
     [90m 156 |[39m                       className[33m=[39m[32m"px-4 py-2 bg-blue-500 text-white text-sm font-medium rounded-full shadow-sm"[39m[0m

      at printWarning (node_modules/react/cjs/react-jsx-runtime.development.js:87:30)
      at error (node_modules/react/cjs/react-jsx-runtime.development.js:61:7)
      at jsxWithValidation (node_modules/react/cjs/react-jsx-runtime.development.js:1245:7)
      at jsxWithValidationDynamic (node_modules/react/cjs/react-jsx-runtime.development.js:1320:12)
      at components/timeline/TimelineModal.tsx:153:21
          at Array.map (<anonymous>)
      at map (components/timeline/TimelineModal.tsx:152:31)
      at renderWithHooks (node_modules/react-dom/cjs/react-dom.development.js:15486:18)
      at mountIndeterminateComponent (node_modules/react-dom/cjs/react-dom.development.js:20103:13)
      at beginWork (node_modules/react-dom/cjs/react-dom.development.js:21626:16)
      at beginWork$1 (node_modules/react-dom/cjs/react-dom.development.js:27465:14)
      at performUnitOfWork (node_modules/react-dom/cjs/react-dom.development.js:26599:12)
      at workLoopSync (node_modules/react-dom/cjs/react-dom.development.js:26505:5)
      at renderRootSync (node_modules/react-dom/cjs/react-dom.development.js:26473:7)
      at recoverFromConcurrentError (node_modules/react-dom/cjs/react-dom.development.js:25889:20)
      at performConcurrentWorkOnRoot (node_modules/react-dom/cjs/react-dom.development.js:25789:22)
      at flushActQueue (node_modules/react/cjs/react.development.js:2667:24)
      at act (node_modules/react/cjs/react.development.js:2582:11)
      at node_modules/@testing-library/react/dist/act-compat.js:47:25
      at renderRoot (node_modules/@testing-library/react/dist/pure.js:190:26)
      at render (node_modules/@testing-library/react/dist/pure.js:292:10)
      at Object.<anonymous> (components/__tests__/TimelineModal.test.tsx:59:11)

    console.error
      Warning: React.jsx: type is invalid -- expected a string (for built-in components) or a class/function (for composite components) but got: undefined. You likely forgot to export your component from the file it's defined in, or you might have mixed up default and named imports.
      
      Check the render method of `TimelineModal`.
          at event (C:\Users\alexi\Documents\projects\maicivy\frontend\components\timeline\TimelineModal.tsx:13:56)

    [0m [90m 151 |[39m                 [33m<[39m[33mdiv[39m className[33m=[39m[32m"flex flex-wrap gap-2"[39m[33m>[39m
     [90m 152 |[39m                   {event[33m.[39mtags[33m.[39mmap((tag) [33m=>[39m (
    [31m[1m>[22m[39m[90m 153 |[39m                     [33m<[39m[33mmotion[39m[33m.[39mspan
     [90m     |[39m                     [31m[1m^[22m[39m
     [90m 154 |[39m                       key[33m=[39m{tag}
     [90m 155 |[39m                       whileHover[33m=[39m{{ scale[33m:[39m [35m1.05[39m }}
     [90m 156 |[39m                       className[33m=[39m[32m"px-4 py-2 bg-blue-500 text-white text-sm font-medium rounded-full shadow-sm"[39m[0m

      at printWarning (node_modules/react/cjs/react-jsx-runtime.development.js:87:30)
      at error (node_modules/react/cjs/react-jsx-runtime.development.js:61:7)
      at jsxWithValidation (node_modules/react/cjs/react-jsx-runtime.development.js:1245:7)
      at jsxWithValidationDynamic (node_modules/react/cjs/react-jsx-runtime.development.js:1320:12)
      at components/timeline/TimelineModal.tsx:153:21
          at Array.map (<anonymous>)
      at map (components/timeline/TimelineModal.tsx:152:31)
      at renderWithHooks (node_modules/react-dom/cjs/react-dom.development.js:15486:18)
      at mountIndeterminateComponent (node_modules/react-dom/cjs/react-dom.development.js:20103:13)
      at beginWork (node_modules/react-dom/cjs/react-dom.development.js:21626:16)
      at beginWork$1 (node_modules/react-dom/cjs/react-dom.development.js:27465:14)
      at performUnitOfWork (node_modules/react-dom/cjs/react-dom.development.js:26599:12)
      at workLoopSync (node_modules/react-dom/cjs/react-dom.development.js:26505:5)
      at renderRootSync (node_modules/react-dom/cjs/react-dom.development.js:26473:7)
      at recoverFromConcurrentError (node_modules/react-dom/cjs/react-dom.development.js:25889:20)
      at performConcurrentWorkOnRoot (node_modules/react-dom/cjs/react-dom.development.js:25789:22)
      at flushActQueue (node_modules/react/cjs/react.development.js:2667:24)
      at act (node_modules/react/cjs/react.development.js:2582:11)
      at node_modules/@testing-library/react/dist/act-compat.js:47:25
      at renderRoot (node_modules/@testing-library/react/dist/pure.js:190:26)
      at render (node_modules/@testing-library/react/dist/pure.js:292:10)
      at Object.<anonymous> (components/__tests__/TimelineModal.test.tsx:59:11)

    console.error
      Warning: React.jsx: type is invalid -- expected a string (for built-in components) or a class/function (for composite components) but got: undefined. You likely forgot to export your component from the file it's defined in, or you might have mixed up default and named imports.
      
      Check the render method of `TimelineModal`.
          at event (C:\Users\alexi\Documents\projects\maicivy\frontend\components\timeline\TimelineModal.tsx:13:56)

    [0m [90m 151 |[39m                 [33m<[39m[33mdiv[39m className[33m=[39m[32m"flex flex-wrap gap-2"[39m[33m>[39m
     [90m 152 |[39m                   {event[33m.[39mtags[33m.[39mmap((tag) [33m=>[39m (
    [31m[1m>[22m[39m[90m 153 |[39m                     [33m<[39m[33mmotion[39m[33m.[39mspan
     [90m     |[39m                     [31m[1m^[22m[39m
     [90m 154 |[39m                       key[33m=[39m{tag}
     [90m 155 |[39m                       whileHover[33m=[39m{{ scale[33m:[39m [35m1.05[39m }}
     [90m 156 |[39m                       className[33m=[39m[32m"px-4 py-2 bg-blue-500 text-white text-sm font-medium rounded-full shadow-sm"[39m[0m

      at printWarning (node_modules/react/cjs/react-jsx-runtime.development.js:87:30)
      at error (node_modules/react/cjs/react-jsx-runtime.development.js:61:7)
      at jsxWithValidation (node_modules/react/cjs/react-jsx-runtime.development.js:1245:7)
      at jsxWithValidationDynamic (node_modules/react/cjs/react-jsx-runtime.development.js:1320:12)
      at components/timeline/TimelineModal.tsx:153:21
          at Array.map (<anonymous>)
      at map (components/timeline/TimelineModal.tsx:152:31)
      at renderWithHooks (node_modules/react-dom/cjs/react-dom.development.js:15486:18)
      at mountIndeterminateComponent (node_modules/react-dom/cjs/react-dom.development.js:20103:13)
      at beginWork (node_modules/react-dom/cjs/react-dom.development.js:21626:16)
      at beginWork$1 (node_modules/react-dom/cjs/react-dom.development.js:27465:14)
      at performUnitOfWork (node_modules/react-dom/cjs/react-dom.development.js:26599:12)
      at workLoopSync (node_modules/react-dom/cjs/react-dom.development.js:26505:5)
      at renderRootSync (node_modules/react-dom/cjs/react-dom.development.js:26473:7)
      at recoverFromConcurrentError (node_modules/react-dom/cjs/react-dom.development.js:25889:20)
      at performConcurrentWorkOnRoot (node_modules/react-dom/cjs/react-dom.development.js:25789:22)
      at flushActQueue (node_modules/react/cjs/react.development.js:2667:24)
      at act (node_modules/react/cjs/react.development.js:2582:11)
      at node_modules/@testing-library/react/dist/act-compat.js:47:25
      at renderRoot (node_modules/@testing-library/react/dist/pure.js:190:26)
      at render (node_modules/@testing-library/react/dist/pure.js:292:10)
      at Object.<anonymous> (components/__tests__/TimelineModal.test.tsx:59:11)

    console.error
      Error: Uncaught [Error: Element type is invalid: expected a string (for built-in components) or a class/function (for composite components) but got: undefined. You likely forgot to export your component from the file it's defined in, or you might have mixed up default and named imports.
      
      Check the render method of `TimelineModal`.]
          at reportException (C:\Users\alexi\Documents\projects\maicivy\frontend\node_modules\jsdom\lib\jsdom\living\helpers\runtime-script-errors.js:66:24)
          at innerInvokeEventListeners (C:\Users\alexi\Documents\projects\maicivy\frontend\node_modules\jsdom\lib\jsdom\living\events\EventTarget-impl.js:353:9)
          at invokeEventListeners (C:\Users\alexi\Documents\projects\maicivy\frontend\node_modules\jsdom\lib\jsdom\living\events\EventTarget-impl.js:286:3)
          at HTMLUnknownElementImpl._dispatch (C:\Users\alexi\Documents\projects\maicivy\frontend\node_modules\jsdom\lib\jsdom\living\events\EventTarget-impl.js:233:9)
          at HTMLUnknownElementImpl.dispatchEvent (C:\Users\alexi\Documents\projects\maicivy\frontend\node_modules\jsdom\lib\jsdom\living\events\EventTarget-impl.js:104:17)
          at HTMLUnknownElement.dispatchEvent (C:\Users\alexi\Documents\projects\maicivy\frontend\node_modules\jsdom\lib\jsdom\living\generated\EventTarget.js:241:34)
          at Object.invokeGuardedCallbackDev (C:\Users\alexi\Documents\projects\maicivy\frontend\node_modules\react-dom\cjs\react-dom.development.js:4213:16)
          at invokeGuardedCallback (C:\Users\alexi\Documents\projects\maicivy\frontend\node_modules\react-dom\cjs\react-dom.development.js:4277:31)
          at beginWork$1 (C:\Users\alexi\Documents\projects\maicivy\frontend\node_modules\react-dom\cjs\react-dom.development.js:27490:7)
          at performUnitOfWork (C:\Users\alexi\Documents\projects\maicivy\frontend\node_modules\react-dom\cjs\react-dom.development.js:26599:12)
          at workLoopSync (C:\Users\alexi\Documents\projects\maicivy\frontend\node_modules\react-dom\cjs\react-dom.development.js:26505:5)
          at renderRootSync (C:\Users\alexi\Documents\projects\maicivy\frontend\node_modules\react-dom\cjs\react-dom.development.js:26473:7)
          at recoverFromConcurrentError (C:\Users\alexi\Documents\projects\maicivy\frontend\node_modules\react-dom\cjs\react-dom.development.js:25889:20)
          at performConcurrentWorkOnRoot (C:\Users\alexi\Documents\projects\maicivy\frontend\node_modules\react-dom\cjs\react-dom.development.js:25789:22)
          at flushActQueue (C:\Users\alexi\Documents\projects\maicivy\frontend\node_modules\react\cjs\react.development.js:2667:24)
          at act (C:\Users\alexi\Documents\projects\maicivy\frontend\node_modules\react\cjs\react.development.js:2582:11)
          at C:\Users\alexi\Documents\projects\maicivy\frontend\node_modules\@testing-library\react\dist\act-compat.js:47:25
          at renderRoot (C:\Users\alexi\Documents\projects\maicivy\frontend\node_modules\@testing-library\react\dist\pure.js:190:26)
          at render (C:\Users\alexi\Documents\projects\maicivy\frontend\node_modules\@testing-library\react\dist\pure.js:292:10)
          at Object.<anonymous> (C:\Users\alexi\Documents\projects\maicivy\frontend\components\__tests__\TimelineModal.test.tsx:59:11)
          at Promise.finally.completed (C:\Users\alexi\Documents\projects\maicivy\frontend\node_modules\jest-circus\build\jestAdapterInit.js:1557:28)
          at new Promise (<anonymous>)
          at callAsyncCircusFn (C:\Users\alexi\Documents\projects\maicivy\frontend\node_modules\jest-circus\build\jestAdapterInit.js:1497:10)
          at _callCircusTest (C:\Users\alexi\Documents\projects\maicivy\frontend\node_modules\jest-circus\build\jestAdapterInit.js:1007:40)
          at processTicksAndRejections (node:internal/process/task_queues:103:5)
          at _runTest (C:\Users\alexi\Documents\projects\maicivy\frontend\node_modules\jest-circus\build\jestAdapterInit.js:947:3)
          at C:\Users\alexi\Documents\projects\maicivy\frontend\node_modules\jest-circus\build\jestAdapterInit.js:849:7
          at _runTestsForDescribeBlock (C:\Users\alexi\Documents\projects\maicivy\frontend\node_modules\jest-circus\build\jestAdapterInit.js:862:11)
          at _runTestsForDescribeBlock (C:\Users\alexi\Documents\projects\maicivy\frontend\node_modules\jest-circus\build\jestAdapterInit.js:857:11)
          at run (C:\Users\alexi\Documents\projects\maicivy\frontend\node_modules\jest-circus\build\jestAdapterInit.js:761:3)
          at runAndTransformResultsToJestFormat (C:\Users\alexi\Documents\projects\maicivy\frontend\node_modules\jest-circus\build\jestAdapterInit.js:1918:21)
          at jestAdapter (C:\Users\alexi\Documents\projects\maicivy\frontend\node_modules\jest-circus\build\runner.js:101:19)
          at runTestInternal (C:\Users\alexi\Documents\projects\maicivy\frontend\node_modules\jest-runner\build\testWorker.js:275:16)
          at runTest (C:\Users\alexi\Documents\projects\maicivy\frontend\node_modules\jest-runner\build\testWorker.js:343:7)
          at Object.worker (C:\Users\alexi\Documents\projects\maicivy\frontend\node_modules\jest-runner\build\testWorker.js:497:12) {
        detail: Error: Element type is invalid: expected a string (for built-in components) or a class/function (for composite components) but got: undefined. You likely forgot to export your component from the file it's defined in, or you might have mixed up default and named imports.
        
        Check the render method of `TimelineModal`.
            at createFiberFromTypeAndProps (C:\Users\alexi\Documents\projects\maicivy\frontend\node_modules\react-dom\cjs\react-dom.development.js:28478:17)
            at createFiberFromElement (C:\Users\alexi\Documents\projects\maicivy\frontend\node_modules\react-dom\cjs\react-dom.development.js:28504:15)
            at createChild (C:\Users\alexi\Documents\projects\maicivy\frontend\node_modules\react-dom\cjs\react-dom.development.js:13345:28)
            at reconcileChildrenArray (C:\Users\alexi\Documents\projects\maicivy\frontend\node_modules\react-dom\cjs\react-dom.development.js:13640:25)
            at reconcileChildFibers (C:\Users\alexi\Documents\projects\maicivy\frontend\node_modules\react-dom\cjs\react-dom.development.js:14057:16)
            at reconcileChildren (C:\Users\alexi\Documents\projects\maicivy\frontend\node_modules\react-dom\cjs\react-dom.development.js:19186:28)
            at updateHostComponent (C:\Users\alexi\Documents\projects\maicivy\frontend\node_modules\react-dom\cjs\react-dom.development.js:19953:3)
            at beginWork (C:\Users\alexi\Documents\projects\maicivy\frontend\node_modules\react-dom\cjs\react-dom.development.js:21657:14)
            at HTMLUnknownElement.callCallback (C:\Users\alexi\Documents\projects\maicivy\frontend\node_modules\react-dom\cjs\react-dom.development.js:4164:14)
            at HTMLUnknownElement.callTheUserObjectsOperation (C:\Users\alexi\Documents\projects\maicivy\frontend\node_modules\jsdom\lib\jsdom\living\generated\EventListener.js:26:30)
            at innerInvokeEventListeners (C:\Users\alexi\Documents\projects\maicivy\frontend\node_modules\jsdom\lib\jsdom\living\events\EventTarget-impl.js:350:25)
            at invokeEventListeners (C:\Users\alexi\Documents\projects\maicivy\frontend\node_modules\jsdom\lib\jsdom\living\events\EventTarget-impl.js:286:3)
            at HTMLUnknownElementImpl._dispatch (C:\Users\alexi\Documents\projects\maicivy\frontend\node_modules\jsdom\lib\jsdom\living\events\EventTarget-impl.js:233:9)
            at HTMLUnknownElementImpl.dispatchEvent (C:\Users\alexi\Documents\projects\maicivy\frontend\node_modules\jsdom\lib\jsdom\living\events\EventTarget-impl.js:104:17)
            at HTMLUnknownElement.dispatchEvent (C:\Users\alexi\Documents\projects\maicivy\frontend\node_modules\jsdom\lib\jsdom\living\generated\EventTarget.js:241:34)
            at Object.invokeGuardedCallbackDev (C:\Users\alexi\Documents\projects\maicivy\frontend\node_modules\react-dom\cjs\react-dom.development.js:4213:16)
            at invokeGuardedCallback (C:\Users\alexi\Documents\projects\maicivy\frontend\node_modules\react-dom\cjs\react-dom.development.js:4277:31)
            at beginWork$1 (C:\Users\alexi\Documents\projects\maicivy\frontend\node_modules\react-dom\cjs\react-dom.development.js:27490:7)
            at performUnitOfWork (C:\Users\alexi\Documents\projects\maicivy\frontend\node_modules\react-dom\cjs\react-dom.development.js:26599:12)
            at workLoopSync (C:\Users\alexi\Documents\projects\maicivy\frontend\node_modules\react-dom\cjs\react-dom.development.js:26505:5)
            at renderRootSync (C:\Users\alexi\Documents\projects\maicivy\frontend\node_modules\react-dom\cjs\react-dom.development.js:26473:7)
            at recoverFromConcurrentError (C:\Users\alexi\Documents\projects\maicivy\frontend\node_modules\react-dom\cjs\react-dom.development.js:25889:20)
            at performConcurrentWorkOnRoot (C:\Users\alexi\Documents\projects\maicivy\frontend\node_modules\react-dom\cjs\react-dom.development.js:25789:22)
            at flushActQueue (C:\Users\alexi\Documents\projects\maicivy\frontend\node_modules\react\cjs\react.development.js:2667:24)
            at act (C:\Users\alexi\Documents\projects\maicivy\frontend\node_modules\react\cjs\react.development.js:2582:11)
            at C:\Users\alexi\Documents\projects\maicivy\frontend\node_modules\@testing-library\react\dist\act-compat.js:47:25
            at renderRoot (C:\Users\alexi\Documents\projects\maicivy\frontend\node_modules\@testing-library\react\dist\pure.js:190:26)
            at render (C:\Users\alexi\Documents\projects\maicivy\frontend\node_modules\@testing-library\react\dist\pure.js:292:10)
            at Object.<anonymous> (C:\Users\alexi\Documents\projects\maicivy\frontend\components\__tests__\TimelineModal.test.tsx:59:11)
            at Promise.finally.completed (C:\Users\alexi\Documents\projects\maicivy\frontend\node_modules\jest-circus\build\jestAdapterInit.js:1557:28)
            at new Promise (<anonymous>)
            at callAsyncCircusFn (C:\Users\alexi\Documents\projects\maicivy\frontend\node_modules\jest-circus\build\jestAdapterInit.js:1497:10)
            at _callCircusTest (C:\Users\alexi\Documents\projects\maicivy\frontend\node_modules\jest-circus\build\jestAdapterInit.js:1007:40)
            at processTicksAndRejections (node:internal/process/task_queues:103:5)
            at _runTest (C:\Users\alexi\Documents\projects\maicivy\frontend\node_modules\jest-circus\build\jestAdapterInit.js:947:3)
            at C:\Users\alexi\Documents\projects\maicivy\frontend\node_modules\jest-circus\build\jestAdapterInit.js:849:7
            at _runTestsForDescribeBlock (C:\Users\alexi\Documents\projects\maicivy\frontend\node_modules\jest-circus\build\jestAdapterInit.js:862:11)
            at _runTestsForDescribeBlock (C:\Users\alexi\Documents\projects\maicivy\frontend\node_modules\jest-circus\build\jestAdapterInit.js:857:11)
            at run (C:\Users\alexi\Documents\projects\maicivy\frontend\node_modules\jest-circus\build\jestAdapterInit.js:761:3)
            at runAndTransformResultsToJestFormat (C:\Users\alexi\Documents\projects\maicivy\frontend\node_modules\jest-circus\build\jestAdapterInit.js:1918:21)
            at jestAdapter (C:\Users\alexi\Documents\projects\maicivy\frontend\node_modules\jest-circus\build\runner.js:101:19)
            at runTestInternal (C:\Users\alexi\Documents\projects\maicivy\frontend\node_modules\jest-runner\build\testWorker.js:275:16)
            at runTest (C:\Users\alexi\Documents\projects\maicivy\frontend\node_modules\jest-runner\build\testWorker.js:343:7)
            at Object.worker (C:\Users\alexi\Documents\projects\maicivy\frontend\node_modules\jest-runner\build\testWorker.js:497:12),
        type: 'unhandled exception'
      }

    [0m [90m 57 |[39m
     [90m 58 |[39m   it([32m'should render event subtitle'[39m[33m,[39m () [33m=>[39m {
    [31m[1m>[22m[39m[90m 59 |[39m     render([33m<[39m[33mTimelineModal[39m event[33m=[39m{mockEvent} onClose[33m=[39m{jest[33m.[39mfn()} [33m/[39m[33m>[39m)[33m;[39m
     [90m    |[39m           [31m[1m^[22m[39m
     [90m 60 |[39m
     [90m 61 |[39m     expect(screen[33m.[39mgetByText([32m'Full Stack Project'[39m))[33m.[39mtoBeInTheDocument()[33m;[39m
     [90m 62 |[39m   })[33m;[39m[0m

      at VirtualConsole.<anonymous> (node_modules/@jest/environment-jsdom-abstract/build/index.js:87:23)
      at reportException (node_modules/jsdom/lib/jsdom/living/helpers/runtime-script-errors.js:70:28)
      at innerInvokeEventListeners (node_modules/jsdom/lib/jsdom/living/events/EventTarget-impl.js:353:9)
      at invokeEventListeners (node_modules/jsdom/lib/jsdom/living/events/EventTarget-impl.js:286:3)
      at HTMLUnknownElementImpl._dispatch (node_modules/jsdom/lib/jsdom/living/events/EventTarget-impl.js:233:9)
      at HTMLUnknownElementImpl.dispatchEvent (node_modules/jsdom/lib/jsdom/living/events/EventTarget-impl.js:104:17)
      at HTMLUnknownElement.dispatchEvent (node_modules/jsdom/lib/jsdom/living/generated/EventTarget.js:241:34)
      at Object.invokeGuardedCallbackDev (node_modules/react-dom/cjs/react-dom.development.js:4213:16)
      at invokeGuardedCallback (node_modules/react-dom/cjs/react-dom.development.js:4277:31)
      at beginWork$1 (node_modules/react-dom/cjs/react-dom.development.js:27490:7)
      at performUnitOfWork (node_modules/react-dom/cjs/react-dom.development.js:26599:12)
      at workLoopSync (node_modules/react-dom/cjs/react-dom.development.js:26505:5)
      at renderRootSync (node_modules/react-dom/cjs/react-dom.development.js:26473:7)
      at recoverFromConcurrentError (node_modules/react-dom/cjs/react-dom.development.js:25889:20)
      at performConcurrentWorkOnRoot (node_modules/react-dom/cjs/react-dom.development.js:25789:22)
      at flushActQueue (node_modules/react/cjs/react.development.js:2667:24)
      at act (node_modules/react/cjs/react.development.js:2582:11)
      at node_modules/@testing-library/react/dist/act-compat.js:47:25
      at renderRoot (node_modules/@testing-library/react/dist/pure.js:190:26)
      at render (node_modules/@testing-library/react/dist/pure.js:292:10)
      at Object.<anonymous> (components/__tests__/TimelineModal.test.tsx:59:11)

    console.error
      The above error occurred in the <div> component:
      
          at div
          at div
          at div
          at div
          at children (C:\Users\alexi\Documents\projects\maicivy\frontend\components\__tests__\TimelineModal.test.tsx:8:13)
          at div
          at children (C:\Users\alexi\Documents\projects\maicivy\frontend\components\__tests__\TimelineModal.test.tsx:8:13)
          at children (C:\Users\alexi\Documents\projects\maicivy\frontend\components\__tests__\TimelineModal.test.tsx:12:23)
          at event (C:\Users\alexi\Documents\projects\maicivy\frontend\components\timeline\TimelineModal.tsx:13:56)
      
      Consider adding an error boundary to your tree to customize error handling behavior.
      Visit https://reactjs.org/link/error-boundaries to learn more about error boundaries.

    [0m [90m 57 |[39m
     [90m 58 |[39m   it([32m'should render event subtitle'[39m[33m,[39m () [33m=>[39m {
    [31m[1m>[22m[39m[90m 59 |[39m     render([33m<[39m[33mTimelineModal[39m event[33m=[39m{mockEvent} onClose[33m=[39m{jest[33m.[39mfn()} [33m/[39m[33m>[39m)[33m;[39m
     [90m    |[39m           [31m[1m^[22m[39m
     [90m 60 |[39m
     [90m 61 |[39m     expect(screen[33m.[39mgetByText([32m'Full Stack Project'[39m))[33m.[39mtoBeInTheDocument()[33m;[39m
     [90m 62 |[39m   })[33m;[39m[0m

      at logCapturedError (node_modules/react-dom/cjs/react-dom.development.js:18704:23)
      at update.callback (node_modules/react-dom/cjs/react-dom.development.js:18737:5)
      at callCallback (node_modules/react-dom/cjs/react-dom.development.js:15036:12)
      at commitUpdateQueue (node_modules/react-dom/cjs/react-dom.development.js:15057:9)
      at commitLayoutEffectOnFiber (node_modules/react-dom/cjs/react-dom.development.js:23430:13)
      at commitLayoutMountEffects_complete (node_modules/react-dom/cjs/react-dom.development.js:24727:9)
      at commitLayoutEffects_begin (node_modules/react-dom/cjs/react-dom.development.js:24713:7)
      at commitLayoutEffects (node_modules/react-dom/cjs/react-dom.development.js:24651:3)
      at commitRootImpl (node_modules/react-dom/cjs/react-dom.development.js:26862:5)
      at commitRoot (node_modules/react-dom/cjs/react-dom.development.js:26721:5)
      at finishConcurrentRender (node_modules/react-dom/cjs/react-dom.development.js:25931:9)
      at performConcurrentWorkOnRoot (node_modules/react-dom/cjs/react-dom.development.js:25848:7)
      at flushActQueue (node_modules/react/cjs/react.development.js:2667:24)
      at act (node_modules/react/cjs/react.development.js:2582:11)
      at node_modules/@testing-library/react/dist/act-compat.js:47:25
      at renderRoot (node_modules/@testing-library/react/dist/pure.js:190:26)
      at render (node_modules/@testing-library/react/dist/pure.js:292:10)
      at Object.<anonymous> (components/__tests__/TimelineModal.test.tsx:59:11)

    console.error
      Warning: React.jsx: type is invalid -- expected a string (for built-in components) or a class/function (for composite components) but got: undefined. You likely forgot to export your component from the file it's defined in, or you might have mixed up default and named imports.
      
      Check the render method of `TimelineModal`.
          at event (C:\Users\alexi\Documents\projects\maicivy\frontend\components\timeline\TimelineModal.tsx:13:56)

    [0m [90m 151 |[39m                 [33m<[39m[33mdiv[39m className[33m=[39m[32m"flex flex-wrap gap-2"[39m[33m>[39m
     [90m 152 |[39m                   {event[33m.[39mtags[33m.[39mmap((tag) [33m=>[39m (
    [31m[1m>[22m[39m[90m 153 |[39m                     [33m<[39m[33mmotion[39m[33m.[39mspan
     [90m     |[39m                     [31m[1m^[22m[39m
     [90m 154 |[39m                       key[33m=[39m{tag}
     [90m 155 |[39m                       whileHover[33m=[39m{{ scale[33m:[39m [35m1.05[39m }}
     [90m 156 |[39m                       className[33m=[39m[32m"px-4 py-2 bg-blue-500 text-white text-sm font-medium rounded-full shadow-sm"[39m[0m

      at printWarning (node_modules/react/cjs/react-jsx-runtime.development.js:87:30)
      at error (node_modules/react/cjs/react-jsx-runtime.development.js:61:7)
      at jsxWithValidation (node_modules/react/cjs/react-jsx-runtime.development.js:1245:7)
      at jsxWithValidationDynamic (node_modules/react/cjs/react-jsx-runtime.development.js:1320:12)
      at components/timeline/TimelineModal.tsx:153:21
          at Array.map (<anonymous>)
      at map (components/timeline/TimelineModal.tsx:152:31)
      at renderWithHooks (node_modules/react-dom/cjs/react-dom.development.js:15486:18)
      at mountIndeterminateComponent (node_modules/react-dom/cjs/react-dom.development.js:20103:13)
      at beginWork (node_modules/react-dom/cjs/react-dom.development.js:21626:16)
      at beginWork$1 (node_modules/react-dom/cjs/react-dom.development.js:27465:14)
      at performUnitOfWork (node_modules/react-dom/cjs/react-dom.development.js:26599:12)
      at workLoopSync (node_modules/react-dom/cjs/react-dom.development.js:26505:5)
      at renderRootSync (node_modules/react-dom/cjs/react-dom.development.js:26473:7)
      at performConcurrentWorkOnRoot (node_modules/react-dom/cjs/react-dom.development.js:25777:74)
      at flushActQueue (node_modules/react/cjs/react.development.js:2667:24)
      at act (node_modules/react/cjs/react.development.js:2582:11)
      at node_modules/@testing-library/react/dist/act-compat.js:47:25
      at renderRoot (node_modules/@testing-library/react/dist/pure.js:190:26)
      at render (node_modules/@testing-library/react/dist/pure.js:292:10)
      at Object.<anonymous> (components/__tests__/TimelineModal.test.tsx:65:11)

    console.error
      Warning: React.jsx: type is invalid -- expected a string (for built-in components) or a class/function (for composite components) but got: undefined. You likely forgot to export your component from the file it's defined in, or you might have mixed up default and named imports.
      
      Check the render method of `TimelineModal`.
          at event (C:\Users\alexi\Documents\projects\maicivy\frontend\components\timeline\TimelineModal.tsx:13:56)

    [0m [90m 151 |[39m                 [33m<[39m[33mdiv[39m className[33m=[39m[32m"flex flex-wrap gap-2"[39m[33m>[39m
     [90m 152 |[39m                   {event[33m.[39mtags[33m.[39mmap((tag) [33m=>[39m (
    [31m[1m>[22m[39m[90m 153 |[39m                     [33m<[39m[33mmotion[39m[33m.[39mspan
     [90m     |[39m                     [31m[1m^[22m[39m
     [90m 154 |[39m                       key[33m=[39m{tag}
     [90m 155 |[39m                       whileHover[33m=[39m{{ scale[33m:[39m [35m1.05[39m }}
     [90m 156 |[39m                       className[33m=[39m[32m"px-4 py-2 bg-blue-500 text-white text-sm font-medium rounded-full shadow-sm"[39m[0m

      at printWarning (node_modules/react/cjs/react-jsx-runtime.development.js:87:30)
      at error (node_modules/react/cjs/react-jsx-runtime.development.js:61:7)
      at jsxWithValidation (node_modules/react/cjs/react-jsx-runtime.development.js:1245:7)
      at jsxWithValidationDynamic (node_modules/react/cjs/react-jsx-runtime.development.js:1320:12)
      at components/timeline/TimelineModal.tsx:153:21
          at Array.map (<anonymous>)
      at map (components/timeline/TimelineModal.tsx:152:31)
      at renderWithHooks (node_modules/react-dom/cjs/react-dom.development.js:15486:18)
      at mountIndeterminateComponent (node_modules/react-dom/cjs/react-dom.development.js:20103:13)
      at beginWork (node_modules/react-dom/cjs/react-dom.development.js:21626:16)
      at beginWork$1 (node_modules/react-dom/cjs/react-dom.development.js:27465:14)
      at performUnitOfWork (node_modules/react-dom/cjs/react-dom.development.js:26599:12)
      at workLoopSync (node_modules/react-dom/cjs/react-dom.development.js:26505:5)
      at renderRootSync (node_modules/react-dom/cjs/react-dom.development.js:26473:7)
      at performConcurrentWorkOnRoot (node_modules/react-dom/cjs/react-dom.development.js:25777:74)
      at flushActQueue (node_modules/react/cjs/react.development.js:2667:24)
      at act (node_modules/react/cjs/react.development.js:2582:11)
      at node_modules/@testing-library/react/dist/act-compat.js:47:25
      at renderRoot (node_modules/@testing-library/react/dist/pure.js:190:26)
      at render (node_modules/@testing-library/react/dist/pure.js:292:10)
      at Object.<anonymous> (components/__tests__/TimelineModal.test.tsx:65:11)

    console.error
      Warning: React.jsx: type is invalid -- expected a string (for built-in components) or a class/function (for composite components) but got: undefined. You likely forgot to export your component from the file it's defined in, or you might have mixed up default and named imports.
      
      Check the render method of `TimelineModal`.
          at event (C:\Users\alexi\Documents\projects\maicivy\frontend\components\timeline\TimelineModal.tsx:13:56)

    [0m [90m 151 |[39m                 [33m<[39m[33mdiv[39m className[33m=[39m[32m"flex flex-wrap gap-2"[39m[33m>[39m
     [90m 152 |[39m                   {event[33m.[39mtags[33m.[39mmap((tag) [33m=>[39m (
    [31m[1m>[22m[39m[90m 153 |[39m                     [33m<[39m[33mmotion[39m[33m.[39mspan
     [90m     |[39m                     [31m[1m^[22m[39m
     [90m 154 |[39m                       key[33m=[39m{tag}
     [90m 155 |[39m                       whileHover[33m=[39m{{ scale[33m:[39m [35m1.05[39m }}
     [90m 156 |[39m                       className[33m=[39m[32m"px-4 py-2 bg-blue-500 text-white text-sm font-medium rounded-full shadow-sm"[39m[0m

      at printWarning (node_modules/react/cjs/react-jsx-runtime.development.js:87:30)
      at error (node_modules/react/cjs/react-jsx-runtime.development.js:61:7)
      at jsxWithValidation (node_modules/react/cjs/react-jsx-runtime.development.js:1245:7)
      at jsxWithValidationDynamic (node_modules/react/cjs/react-jsx-runtime.development.js:1320:12)
      at components/timeline/TimelineModal.tsx:153:21
          at Array.map (<anonymous>)
      at map (components/timeline/TimelineModal.tsx:152:31)
      at renderWithHooks (node_modules/react-dom/cjs/react-dom.development.js:15486:18)
      at mountIndeterminateComponent (node_modules/react-dom/cjs/react-dom.development.js:20103:13)
      at beginWork (node_modules/react-dom/cjs/react-dom.development.js:21626:16)
      at beginWork$1 (node_modules/react-dom/cjs/react-dom.development.js:27465:14)
      at performUnitOfWork (node_modules/react-dom/cjs/react-dom.development.js:26599:12)
      at workLoopSync (node_modules/react-dom/cjs/react-dom.development.js:26505:5)
      at renderRootSync (node_modules/react-dom/cjs/react-dom.development.js:26473:7)
      at performConcurrentWorkOnRoot (node_modules/react-dom/cjs/react-dom.development.js:25777:74)
      at flushActQueue (node_modules/react/cjs/react.development.js:2667:24)
      at act (node_modules/react/cjs/react.development.js:2582:11)
      at node_modules/@testing-library/react/dist/act-compat.js:47:25
      at renderRoot (node_modules/@testing-library/react/dist/pure.js:190:26)
      at render (node_modules/@testing-library/react/dist/pure.js:292:10)
      at Object.<anonymous> (components/__tests__/TimelineModal.test.tsx:65:11)

    console.error
      Warning: React.jsx: type is invalid -- expected a string (for built-in components) or a class/function (for composite components) but got: undefined. You likely forgot to export your component from the file it's defined in, or you might have mixed up default and named imports.
      
      Check the render method of `TimelineModal`.
          at event (C:\Users\alexi\Documents\projects\maicivy\frontend\components\timeline\TimelineModal.tsx:13:56)

    [0m [90m 151 |[39m                 [33m<[39m[33mdiv[39m className[33m=[39m[32m"flex flex-wrap gap-2"[39m[33m>[39m
     [90m 152 |[39m                   {event[33m.[39mtags[33m.[39mmap((tag) [33m=>[39m (
    [31m[1m>[22m[39m[90m 153 |[39m                     [33m<[39m[33mmotion[39m[33m.[39mspan
     [90m     |[39m                     [31m[1m^[22m[39m
     [90m 154 |[39m                       key[33m=[39m{tag}
     [90m 155 |[39m                       whileHover[33m=[39m{{ scale[33m:[39m [35m1.05[39m }}
     [90m 156 |[39m                       className[33m=[39m[32m"px-4 py-2 bg-blue-500 text-white text-sm font-medium rounded-full shadow-sm"[39m[0m

      at printWarning (node_modules/react/cjs/react-jsx-runtime.development.js:87:30)
      at error (node_modules/react/cjs/react-jsx-runtime.development.js:61:7)
      at jsxWithValidation (node_modules/react/cjs/react-jsx-runtime.development.js:1245:7)
      at jsxWithValidationDynamic (node_modules/react/cjs/react-jsx-runtime.development.js:1320:12)
      at components/timeline/TimelineModal.tsx:153:21
          at Array.map (<anonymous>)
      at map (components/timeline/TimelineModal.tsx:152:31)
      at renderWithHooks (node_modules/react-dom/cjs/react-dom.development.js:15486:18)
      at mountIndeterminateComponent (node_modules/react-dom/cjs/react-dom.development.js:20103:13)
      at beginWork (node_modules/react-dom/cjs/react-dom.development.js:21626:16)
      at beginWork$1 (node_modules/react-dom/cjs/react-dom.development.js:27465:14)
      at performUnitOfWork (node_modules/react-dom/cjs/react-dom.development.js:26599:12)
      at workLoopSync (node_modules/react-dom/cjs/react-dom.development.js:26505:5)
      at renderRootSync (node_modules/react-dom/cjs/react-dom.development.js:26473:7)
      at performConcurrentWorkOnRoot (node_modules/react-dom/cjs/react-dom.development.js:25777:74)
      at flushActQueue (node_modules/react/cjs/react.development.js:2667:24)
      at act (node_modules/react/cjs/react.development.js:2582:11)
      at node_modules/@testing-library/react/dist/act-compat.js:47:25
      at renderRoot (node_modules/@testing-library/react/dist/pure.js:190:26)
      at render (node_modules/@testing-library/react/dist/pure.js:292:10)
      at Object.<anonymous> (components/__tests__/TimelineModal.test.tsx:65:11)

    console.error
      Warning: React.jsx: type is invalid -- expected a string (for built-in components) or a class/function (for composite components) but got: undefined. You likely forgot to export your component from the file it's defined in, or you might have mixed up default and named imports.
      
      Check the render method of `TimelineModal`.
          at event (C:\Users\alexi\Documents\projects\maicivy\frontend\components\timeline\TimelineModal.tsx:13:56)

    [0m [90m 151 |[39m                 [33m<[39m[33mdiv[39m className[33m=[39m[32m"flex flex-wrap gap-2"[39m[33m>[39m
     [90m 152 |[39m                   {event[33m.[39mtags[33m.[39mmap((tag) [33m=>[39m (
    [31m[1m>[22m[39m[90m 153 |[39m                     [33m<[39m[33mmotion[39m[33m.[39mspan
     [90m     |[39m                     [31m[1m^[22m[39m
     [90m 154 |[39m                       key[33m=[39m{tag}
     [90m 155 |[39m                       whileHover[33m=[39m{{ scale[33m:[39m [35m1.05[39m }}
     [90m 156 |[39m                       className[33m=[39m[32m"px-4 py-2 bg-blue-500 text-white text-sm font-medium rounded-full shadow-sm"[39m[0m

      at printWarning (node_modules/react/cjs/react-jsx-runtime.development.js:87:30)
      at error (node_modules/react/cjs/react-jsx-runtime.development.js:61:7)
      at jsxWithValidation (node_modules/react/cjs/react-jsx-runtime.development.js:1245:7)
      at jsxWithValidationDynamic (node_modules/react/cjs/react-jsx-runtime.development.js:1320:12)
      at components/timeline/TimelineModal.tsx:153:21
          at Array.map (<anonymous>)
      at map (components/timeline/TimelineModal.tsx:152:31)
      at renderWithHooks (node_modules/react-dom/cjs/react-dom.development.js:15486:18)
      at mountIndeterminateComponent (node_modules/react-dom/cjs/react-dom.development.js:20103:13)
      at beginWork (node_modules/react-dom/cjs/react-dom.development.js:21626:16)
      at beginWork$1 (node_modules/react-dom/cjs/react-dom.development.js:27465:14)
      at performUnitOfWork (node_modules/react-dom/cjs/react-dom.development.js:26599:12)
      at workLoopSync (node_modules/react-dom/cjs/react-dom.development.js:26505:5)
      at renderRootSync (node_modules/react-dom/cjs/react-dom.development.js:26473:7)
      at performConcurrentWorkOnRoot (node_modules/react-dom/cjs/react-dom.development.js:25777:74)
      at flushActQueue (node_modules/react/cjs/react.development.js:2667:24)
      at act (node_modules/react/cjs/react.development.js:2582:11)
      at node_modules/@testing-library/react/dist/act-compat.js:47:25
      at renderRoot (node_modules/@testing-library/react/dist/pure.js:190:26)
      at render (node_modules/@testing-library/react/dist/pure.js:292:10)
      at Object.<anonymous> (components/__tests__/TimelineModal.test.tsx:65:11)

    console.error
      Error: Uncaught [Error: Element type is invalid: expected a string (for built-in components) or a class/function (for composite components) but got: undefined. You likely forgot to export your component from the file it's defined in, or you might have mixed up default and named imports.
      
      Check the render method of `TimelineModal`.]
          at reportException (C:\Users\alexi\Documents\projects\maicivy\frontend\node_modules\jsdom\lib\jsdom\living\helpers\runtime-script-errors.js:66:24)
          at innerInvokeEventListeners (C:\Users\alexi\Documents\projects\maicivy\frontend\node_modules\jsdom\lib\jsdom\living\events\EventTarget-impl.js:353:9)
          at invokeEventListeners (C:\Users\alexi\Documents\projects\maicivy\frontend\node_modules\jsdom\lib\jsdom\living\events\EventTarget-impl.js:286:3)
          at HTMLUnknownElementImpl._dispatch (C:\Users\alexi\Documents\projects\maicivy\frontend\node_modules\jsdom\lib\jsdom\living\events\EventTarget-impl.js:233:9)
          at HTMLUnknownElementImpl.dispatchEvent (C:\Users\alexi\Documents\projects\maicivy\frontend\node_modules\jsdom\lib\jsdom\living\events\EventTarget-impl.js:104:17)
          at HTMLUnknownElement.dispatchEvent (C:\Users\alexi\Documents\projects\maicivy\frontend\node_modules\jsdom\lib\jsdom\living\generated\EventTarget.js:241:34)
          at Object.invokeGuardedCallbackDev (C:\Users\alexi\Documents\projects\maicivy\frontend\node_modules\react-dom\cjs\react-dom.development.js:4213:16)
          at invokeGuardedCallback (C:\Users\alexi\Documents\projects\maicivy\frontend\node_modules\react-dom\cjs\react-dom.development.js:4277:31)
          at beginWork$1 (C:\Users\alexi\Documents\projects\maicivy\frontend\node_modules\react-dom\cjs\react-dom.development.js:27490:7)
          at performUnitOfWork (C:\Users\alexi\Documents\projects\maicivy\frontend\node_modules\react-dom\cjs\react-dom.development.js:26599:12)
          at workLoopSync (C:\Users\alexi\Documents\projects\maicivy\frontend\node_modules\react-dom\cjs\react-dom.development.js:26505:5)
          at renderRootSync (C:\Users\alexi\Documents\projects\maicivy\frontend\node_modules\react-dom\cjs\react-dom.development.js:26473:7)
          at performConcurrentWorkOnRoot (C:\Users\alexi\Documents\projects\maicivy\frontend\node_modules\react-dom\cjs\react-dom.development.js:25777:74)
          at flushActQueue (C:\Users\alexi\Documents\projects\maicivy\frontend\node_modules\react\cjs\react.development.js:2667:24)
          at act (C:\Users\alexi\Documents\projects\maicivy\frontend\node_modules\react\cjs\react.development.js:2582:11)
          at C:\Users\alexi\Documents\projects\maicivy\frontend\node_modules\@testing-library\react\dist\act-compat.js:47:25
          at renderRoot (C:\Users\alexi\Documents\projects\maicivy\frontend\node_modules\@testing-library\react\dist\pure.js:190:26)
          at render (C:\Users\alexi\Documents\projects\maicivy\frontend\node_modules\@testing-library\react\dist\pure.js:292:10)
          at Object.<anonymous> (C:\Users\alexi\Documents\projects\maicivy\frontend\components\__tests__\TimelineModal.test.tsx:65:11)
          at Promise.finally.completed (C:\Users\alexi\Documents\projects\maicivy\frontend\node_modules\jest-circus\build\jestAdapterInit.js:1557:28)
          at new Promise (<anonymous>)
          at callAsyncCircusFn (C:\Users\alexi\Documents\projects\maicivy\frontend\node_modules\jest-circus\build\jestAdapterInit.js:1497:10)
          at _callCircusTest (C:\Users\alexi\Documents\projects\maicivy\frontend\node_modules\jest-circus\build\jestAdapterInit.js:1007:40)
          at processTicksAndRejections (node:internal/process/task_queues:103:5)
          at _runTest (C:\Users\alexi\Documents\projects\maicivy\frontend\node_modules\jest-circus\build\jestAdapterInit.js:947:3)
          at C:\Users\alexi\Documents\projects\maicivy\frontend\node_modules\jest-circus\build\jestAdapterInit.js:849:7
          at _runTestsForDescribeBlock (C:\Users\alexi\Documents\projects\maicivy\frontend\node_modules\jest-circus\build\jestAdapterInit.js:862:11)
          at _runTestsForDescribeBlock (C:\Users\alexi\Documents\projects\maicivy\frontend\node_modules\jest-circus\build\jestAdapterInit.js:857:11)
          at run (C:\Users\alexi\Documents\projects\maicivy\frontend\node_modules\jest-circus\build\jestAdapterInit.js:761:3)
          at runAndTransformResultsToJestFormat (C:\Users\alexi\Documents\projects\maicivy\frontend\node_modules\jest-circus\build\jestAdapterInit.js:1918:21)
          at jestAdapter (C:\Users\alexi\Documents\projects\maicivy\frontend\node_modules\jest-circus\build\runner.js:101:19)
          at runTestInternal (C:\Users\alexi\Documents\projects\maicivy\frontend\node_modules\jest-runner\build\testWorker.js:275:16)
          at runTest (C:\Users\alexi\Documents\projects\maicivy\frontend\node_modules\jest-runner\build\testWorker.js:343:7)
          at Object.worker (C:\Users\alexi\Documents\projects\maicivy\frontend\node_modules\jest-runner\build\testWorker.js:497:12) {
        detail: Error: Element type is invalid: expected a string (for built-in components) or a class/function (for composite components) but got: undefined. You likely forgot to export your component from the file it's defined in, or you might have mixed up default and named imports.
        
        Check the render method of `TimelineModal`.
            at createFiberFromTypeAndProps (C:\Users\alexi\Documents\projects\maicivy\frontend\node_modules\react-dom\cjs\react-dom.development.js:28478:17)
            at createFiberFromElement (C:\Users\alexi\Documents\projects\maicivy\frontend\node_modules\react-dom\cjs\react-dom.development.js:28504:15)
            at createChild (C:\Users\alexi\Documents\projects\maicivy\frontend\node_modules\react-dom\cjs\react-dom.development.js:13345:28)
            at reconcileChildrenArray (C:\Users\alexi\Documents\projects\maicivy\frontend\node_modules\react-dom\cjs\react-dom.development.js:13640:25)
            at reconcileChildFibers (C:\Users\alexi\Documents\projects\maicivy\frontend\node_modules\react-dom\cjs\react-dom.development.js:14057:16)
            at reconcileChildren (C:\Users\alexi\Documents\projects\maicivy\frontend\node_modules\react-dom\cjs\react-dom.development.js:19186:28)
            at updateHostComponent (C:\Users\alexi\Documents\projects\maicivy\frontend\node_modules\react-dom\cjs\react-dom.development.js:19953:3)
            at beginWork (C:\Users\alexi\Documents\projects\maicivy\frontend\node_modules\react-dom\cjs\react-dom.development.js:21657:14)
            at HTMLUnknownElement.callCallback (C:\Users\alexi\Documents\projects\maicivy\frontend\node_modules\react-dom\cjs\react-dom.development.js:4164:14)
            at HTMLUnknownElement.callTheUserObjectsOperation (C:\Users\alexi\Documents\projects\maicivy\frontend\node_modules\jsdom\lib\jsdom\living\generated\EventListener.js:26:30)
            at innerInvokeEventListeners (C:\Users\alexi\Documents\projects\maicivy\frontend\node_modules\jsdom\lib\jsdom\living\events\EventTarget-impl.js:350:25)
            at invokeEventListeners (C:\Users\alexi\Documents\projects\maicivy\frontend\node_modules\jsdom\lib\jsdom\living\events\EventTarget-impl.js:286:3)
            at HTMLUnknownElementImpl._dispatch (C:\Users\alexi\Documents\projects\maicivy\frontend\node_modules\jsdom\lib\jsdom\living\events\EventTarget-impl.js:233:9)
            at HTMLUnknownElementImpl.dispatchEvent (C:\Users\alexi\Documents\projects\maicivy\frontend\node_modules\jsdom\lib\jsdom\living\events\EventTarget-impl.js:104:17)
            at HTMLUnknownElement.dispatchEvent (C:\Users\alexi\Documents\projects\maicivy\frontend\node_modules\jsdom\lib\jsdom\living\generated\EventTarget.js:241:34)
            at Object.invokeGuardedCallbackDev (C:\Users\alexi\Documents\projects\maicivy\frontend\node_modules\react-dom\cjs\react-dom.development.js:4213:16)
            at invokeGuardedCallback (C:\Users\alexi\Documents\projects\maicivy\frontend\node_modules\react-dom\cjs\react-dom.development.js:4277:31)
            at beginWork$1 (C:\Users\alexi\Documents\projects\maicivy\frontend\node_modules\react-dom\cjs\react-dom.development.js:27490:7)
            at performUnitOfWork (C:\Users\alexi\Documents\projects\maicivy\frontend\node_modules\react-dom\cjs\react-dom.development.js:26599:12)
            at workLoopSync (C:\Users\alexi\Documents\projects\maicivy\frontend\node_modules\react-dom\cjs\react-dom.development.js:26505:5)
            at renderRootSync (C:\Users\alexi\Documents\projects\maicivy\frontend\node_modules\react-dom\cjs\react-dom.development.js:26473:7)
            at performConcurrentWorkOnRoot (C:\Users\alexi\Documents\projects\maicivy\frontend\node_modules\react-dom\cjs\react-dom.development.js:25777:74)
            at flushActQueue (C:\Users\alexi\Documents\projects\maicivy\frontend\node_modules\react\cjs\react.development.js:2667:24)
            at act (C:\Users\alexi\Documents\projects\maicivy\frontend\node_modules\react\cjs\react.development.js:2582:11)
            at C:\Users\alexi\Documents\projects\maicivy\frontend\node_modules\@testing-library\react\dist\act-compat.js:47:25
            at renderRoot (C:\Users\alexi\Documents\projects\maicivy\frontend\node_modules\@testing-library\react\dist\pure.js:190:26)
            at render (C:\Users\alexi\Documents\projects\maicivy\frontend\node_modules\@testing-library\react\dist\pure.js:292:10)
            at Object.<anonymous> (C:\Users\alexi\Documents\projects\maicivy\frontend\components\__tests__\TimelineModal.test.tsx:65:11)
            at Promise.finally.completed (C:\Users\alexi\Documents\projects\maicivy\frontend\node_modules\jest-circus\build\jestAdapterInit.js:1557:28)
            at new Promise (<anonymous>)
            at callAsyncCircusFn (C:\Users\alexi\Documents\projects\maicivy\frontend\node_modules\jest-circus\build\jestAdapterInit.js:1497:10)
            at _callCircusTest (C:\Users\alexi\Documents\projects\maicivy\frontend\node_modules\jest-circus\build\jestAdapterInit.js:1007:40)
            at processTicksAndRejections (node:internal/process/task_queues:103:5)
            at _runTest (C:\Users\alexi\Documents\projects\maicivy\frontend\node_modules\jest-circus\build\jestAdapterInit.js:947:3)
            at C:\Users\alexi\Documents\projects\maicivy\frontend\node_modules\jest-circus\build\jestAdapterInit.js:849:7
            at _runTestsForDescribeBlock (C:\Users\alexi\Documents\projects\maicivy\frontend\node_modules\jest-circus\build\jestAdapterInit.js:862:11)
            at _runTestsForDescribeBlock (C:\Users\alexi\Documents\projects\maicivy\frontend\node_modules\jest-circus\build\jestAdapterInit.js:857:11)
            at run (C:\Users\alexi\Documents\projects\maicivy\frontend\node_modules\jest-circus\build\jestAdapterInit.js:761:3)
            at runAndTransformResultsToJestFormat (C:\Users\alexi\Documents\projects\maicivy\frontend\node_modules\jest-circus\build\jestAdapterInit.js:1918:21)
            at jestAdapter (C:\Users\alexi\Documents\projects\maicivy\frontend\node_modules\jest-circus\build\runner.js:101:19)
            at runTestInternal (C:\Users\alexi\Documents\projects\maicivy\frontend\node_modules\jest-runner\build\testWorker.js:275:16)
            at runTest (C:\Users\alexi\Documents\projects\maicivy\frontend\node_modules\jest-runner\build\testWorker.js:343:7)
            at Object.worker (C:\Users\alexi\Documents\projects\maicivy\frontend\node_modules\jest-runner\build\testWorker.js:497:12),
        type: 'unhandled exception'
      }

    [0m [90m 63 |[39m
     [90m 64 |[39m   it([32m'should display event type badge'[39m[33m,[39m () [33m=>[39m {
    [31m[1m>[22m[39m[90m 65 |[39m     render([33m<[39m[33mTimelineModal[39m event[33m=[39m{mockEvent} onClose[33m=[39m{jest[33m.[39mfn()} [33m/[39m[33m>[39m)[33m;[39m
     [90m    |[39m           [31m[1m^[22m[39m
     [90m 66 |[39m
     [90m 67 |[39m     expect(screen[33m.[39mgetByText([32m'Projet'[39m))[33m.[39mtoBeInTheDocument()[33m;[39m
     [90m 68 |[39m   })[33m;[39m[0m

      at VirtualConsole.<anonymous> (node_modules/@jest/environment-jsdom-abstract/build/index.js:87:23)
      at reportException (node_modules/jsdom/lib/jsdom/living/helpers/runtime-script-errors.js:70:28)
      at innerInvokeEventListeners (node_modules/jsdom/lib/jsdom/living/events/EventTarget-impl.js:353:9)
      at invokeEventListeners (node_modules/jsdom/lib/jsdom/living/events/EventTarget-impl.js:286:3)
      at HTMLUnknownElementImpl._dispatch (node_modules/jsdom/lib/jsdom/living/events/EventTarget-impl.js:233:9)
      at HTMLUnknownElementImpl.dispatchEvent (node_modules/jsdom/lib/jsdom/living/events/EventTarget-impl.js:104:17)
      at HTMLUnknownElement.dispatchEvent (node_modules/jsdom/lib/jsdom/living/generated/EventTarget.js:241:34)
      at Object.invokeGuardedCallbackDev (node_modules/react-dom/cjs/react-dom.development.js:4213:16)
      at invokeGuardedCallback (node_modules/react-dom/cjs/react-dom.development.js:4277:31)
      at beginWork$1 (node_modules/react-dom/cjs/react-dom.development.js:27490:7)
      at performUnitOfWork (node_modules/react-dom/cjs/react-dom.development.js:26599:12)
      at workLoopSync (node_modules/react-dom/cjs/react-dom.development.js:26505:5)
      at renderRootSync (node_modules/react-dom/cjs/react-dom.development.js:26473:7)
      at performConcurrentWorkOnRoot (node_modules/react-dom/cjs/react-dom.development.js:25777:74)
      at flushActQueue (node_modules/react/cjs/react.development.js:2667:24)
      at act (node_modules/react/cjs/react.development.js:2582:11)
      at node_modules/@testing-library/react/dist/act-compat.js:47:25
      at renderRoot (node_modules/@testing-library/react/dist/pure.js:190:26)
      at render (node_modules/@testing-library/react/dist/pure.js:292:10)
      at Object.<anonymous> (components/__tests__/TimelineModal.test.tsx:65:11)

    console.error
      Warning: React.jsx: type is invalid -- expected a string (for built-in components) or a class/function (for composite components) but got: undefined. You likely forgot to export your component from the file it's defined in, or you might have mixed up default and named imports.
      
      Check the render method of `TimelineModal`.
          at event (C:\Users\alexi\Documents\projects\maicivy\frontend\components\timeline\TimelineModal.tsx:13:56)

    [0m [90m 151 |[39m                 [33m<[39m[33mdiv[39m className[33m=[39m[32m"flex flex-wrap gap-2"[39m[33m>[39m
     [90m 152 |[39m                   {event[33m.[39mtags[33m.[39mmap((tag) [33m=>[39m (
    [31m[1m>[22m[39m[90m 153 |[39m                     [33m<[39m[33mmotion[39m[33m.[39mspan
     [90m     |[39m                     [31m[1m^[22m[39m
     [90m 154 |[39m                       key[33m=[39m{tag}
     [90m 155 |[39m                       whileHover[33m=[39m{{ scale[33m:[39m [35m1.05[39m }}
     [90m 156 |[39m                       className[33m=[39m[32m"px-4 py-2 bg-blue-500 text-white text-sm font-medium rounded-full shadow-sm"[39m[0m

      at printWarning (node_modules/react/cjs/react-jsx-runtime.development.js:87:30)
      at error (node_modules/react/cjs/react-jsx-runtime.development.js:61:7)
      at jsxWithValidation (node_modules/react/cjs/react-jsx-runtime.development.js:1245:7)
      at jsxWithValidationDynamic (node_modules/react/cjs/react-jsx-runtime.development.js:1320:12)
      at components/timeline/TimelineModal.tsx:153:21
          at Array.map (<anonymous>)
      at map (components/timeline/TimelineModal.tsx:152:31)
      at renderWithHooks (node_modules/react-dom/cjs/react-dom.development.js:15486:18)
      at mountIndeterminateComponent (node_modules/react-dom/cjs/react-dom.development.js:20103:13)
      at beginWork (node_modules/react-dom/cjs/react-dom.development.js:21626:16)
      at beginWork$1 (node_modules/react-dom/cjs/react-dom.development.js:27465:14)
      at performUnitOfWork (node_modules/react-dom/cjs/react-dom.development.js:26599:12)
      at workLoopSync (node_modules/react-dom/cjs/react-dom.development.js:26505:5)
      at renderRootSync (node_modules/react-dom/cjs/react-dom.development.js:26473:7)
      at recoverFromConcurrentError (node_modules/react-dom/cjs/react-dom.development.js:25889:20)
      at performConcurrentWorkOnRoot (node_modules/react-dom/cjs/react-dom.development.js:25789:22)
      at flushActQueue (node_modules/react/cjs/react.development.js:2667:24)
      at act (node_modules/react/cjs/react.development.js:2582:11)
      at node_modules/@testing-library/react/dist/act-compat.js:47:25
      at renderRoot (node_modules/@testing-library/react/dist/pure.js:190:26)
      at render (node_modules/@testing-library/react/dist/pure.js:292:10)
      at Object.<anonymous> (components/__tests__/TimelineModal.test.tsx:65:11)

    console.error
      Warning: React.jsx: type is invalid -- expected a string (for built-in components) or a class/function (for composite components) but got: undefined. You likely forgot to export your component from the file it's defined in, or you might have mixed up default and named imports.
      
      Check the render method of `TimelineModal`.
          at event (C:\Users\alexi\Documents\projects\maicivy\frontend\components\timeline\TimelineModal.tsx:13:56)

    [0m [90m 151 |[39m                 [33m<[39m[33mdiv[39m className[33m=[39m[32m"flex flex-wrap gap-2"[39m[33m>[39m
     [90m 152 |[39m                   {event[33m.[39mtags[33m.[39mmap((tag) [33m=>[39m (
    [31m[1m>[22m[39m[90m 153 |[39m                     [33m<[39m[33mmotion[39m[33m.[39mspan
     [90m     |[39m                     [31m[1m^[22m[39m
     [90m 154 |[39m                       key[33m=[39m{tag}
     [90m 155 |[39m                       whileHover[33m=[39m{{ scale[33m:[39m [35m1.05[39m }}
     [90m 156 |[39m                       className[33m=[39m[32m"px-4 py-2 bg-blue-500 text-white text-sm font-medium rounded-full shadow-sm"[39m[0m

      at printWarning (node_modules/react/cjs/react-jsx-runtime.development.js:87:30)
      at error (node_modules/react/cjs/react-jsx-runtime.development.js:61:7)
      at jsxWithValidation (node_modules/react/cjs/react-jsx-runtime.development.js:1245:7)
      at jsxWithValidationDynamic (node_modules/react/cjs/react-jsx-runtime.development.js:1320:12)
      at components/timeline/TimelineModal.tsx:153:21
          at Array.map (<anonymous>)
      at map (components/timeline/TimelineModal.tsx:152:31)
      at renderWithHooks (node_modules/react-dom/cjs/react-dom.development.js:15486:18)
      at mountIndeterminateComponent (node_modules/react-dom/cjs/react-dom.development.js:20103:13)
      at beginWork (node_modules/react-dom/cjs/react-dom.development.js:21626:16)
      at beginWork$1 (node_modules/react-dom/cjs/react-dom.development.js:27465:14)
      at performUnitOfWork (node_modules/react-dom/cjs/react-dom.development.js:26599:12)
      at workLoopSync (node_modules/react-dom/cjs/react-dom.development.js:26505:5)
      at renderRootSync (node_modules/react-dom/cjs/react-dom.development.js:26473:7)
      at recoverFromConcurrentError (node_modules/react-dom/cjs/react-dom.development.js:25889:20)
      at performConcurrentWorkOnRoot (node_modules/react-dom/cjs/react-dom.development.js:25789:22)
      at flushActQueue (node_modules/react/cjs/react.development.js:2667:24)
      at act (node_modules/react/cjs/react.development.js:2582:11)
      at node_modules/@testing-library/react/dist/act-compat.js:47:25
      at renderRoot (node_modules/@testing-library/react/dist/pure.js:190:26)
      at render (node_modules/@testing-library/react/dist/pure.js:292:10)
      at Object.<anonymous> (components/__tests__/TimelineModal.test.tsx:65:11)

    console.error
      Warning: React.jsx: type is invalid -- expected a string (for built-in components) or a class/function (for composite components) but got: undefined. You likely forgot to export your component from the file it's defined in, or you might have mixed up default and named imports.
      
      Check the render method of `TimelineModal`.
          at event (C:\Users\alexi\Documents\projects\maicivy\frontend\components\timeline\TimelineModal.tsx:13:56)

    [0m [90m 151 |[39m                 [33m<[39m[33mdiv[39m className[33m=[39m[32m"flex flex-wrap gap-2"[39m[33m>[39m
     [90m 152 |[39m                   {event[33m.[39mtags[33m.[39mmap((tag) [33m=>[39m (
    [31m[1m>[22m[39m[90m 153 |[39m                     [33m<[39m[33mmotion[39m[33m.[39mspan
     [90m     |[39m                     [31m[1m^[22m[39m
     [90m 154 |[39m                       key[33m=[39m{tag}
     [90m 155 |[39m                       whileHover[33m=[39m{{ scale[33m:[39m [35m1.05[39m }}
     [90m 156 |[39m                       className[33m=[39m[32m"px-4 py-2 bg-blue-500 text-white text-sm font-medium rounded-full shadow-sm"[39m[0m

      at printWarning (node_modules/react/cjs/react-jsx-runtime.development.js:87:30)
      at error (node_modules/react/cjs/react-jsx-runtime.development.js:61:7)
      at jsxWithValidation (node_modules/react/cjs/react-jsx-runtime.development.js:1245:7)
      at jsxWithValidationDynamic (node_modules/react/cjs/react-jsx-runtime.development.js:1320:12)
      at components/timeline/TimelineModal.tsx:153:21
          at Array.map (<anonymous>)
      at map (components/timeline/TimelineModal.tsx:152:31)
      at renderWithHooks (node_modules/react-dom/cjs/react-dom.development.js:15486:18)
      at mountIndeterminateComponent (node_modules/react-dom/cjs/react-dom.development.js:20103:13)
      at beginWork (node_modules/react-dom/cjs/react-dom.development.js:21626:16)
      at beginWork$1 (node_modules/react-dom/cjs/react-dom.development.js:27465:14)
      at performUnitOfWork (node_modules/react-dom/cjs/react-dom.development.js:26599:12)
      at workLoopSync (node_modules/react-dom/cjs/react-dom.development.js:26505:5)
      at renderRootSync (node_modules/react-dom/cjs/react-dom.development.js:26473:7)
      at recoverFromConcurrentError (node_modules/react-dom/cjs/react-dom.development.js:25889:20)
      at performConcurrentWorkOnRoot (node_modules/react-dom/cjs/react-dom.development.js:25789:22)
      at flushActQueue (node_modules/react/cjs/react.development.js:2667:24)
      at act (node_modules/react/cjs/react.development.js:2582:11)
      at node_modules/@testing-library/react/dist/act-compat.js:47:25
      at renderRoot (node_modules/@testing-library/react/dist/pure.js:190:26)
      at render (node_modules/@testing-library/react/dist/pure.js:292:10)
      at Object.<anonymous> (components/__tests__/TimelineModal.test.tsx:65:11)

    console.error
      Warning: React.jsx: type is invalid -- expected a string (for built-in components) or a class/function (for composite components) but got: undefined. You likely forgot to export your component from the file it's defined in, or you might have mixed up default and named imports.
      
      Check the render method of `TimelineModal`.
          at event (C:\Users\alexi\Documents\projects\maicivy\frontend\components\timeline\TimelineModal.tsx:13:56)

    [0m [90m 151 |[39m                 [33m<[39m[33mdiv[39m className[33m=[39m[32m"flex flex-wrap gap-2"[39m[33m>[39m
     [90m 152 |[39m                   {event[33m.[39mtags[33m.[39mmap((tag) [33m=>[39m (
    [31m[1m>[22m[39m[90m 153 |[39m                     [33m<[39m[33mmotion[39m[33m.[39mspan
     [90m     |[39m                     [31m[1m^[22m[39m
     [90m 154 |[39m                       key[33m=[39m{tag}
     [90m 155 |[39m                       whileHover[33m=[39m{{ scale[33m:[39m [35m1.05[39m }}
     [90m 156 |[39m                       className[33m=[39m[32m"px-4 py-2 bg-blue-500 text-white text-sm font-medium rounded-full shadow-sm"[39m[0m

      at printWarning (node_modules/react/cjs/react-jsx-runtime.development.js:87:30)
      at error (node_modules/react/cjs/react-jsx-runtime.development.js:61:7)
      at jsxWithValidation (node_modules/react/cjs/react-jsx-runtime.development.js:1245:7)
      at jsxWithValidationDynamic (node_modules/react/cjs/react-jsx-runtime.development.js:1320:12)
      at components/timeline/TimelineModal.tsx:153:21
          at Array.map (<anonymous>)
      at map (components/timeline/TimelineModal.tsx:152:31)
      at renderWithHooks (node_modules/react-dom/cjs/react-dom.development.js:15486:18)
      at mountIndeterminateComponent (node_modules/react-dom/cjs/react-dom.development.js:20103:13)
      at beginWork (node_modules/react-dom/cjs/react-dom.development.js:21626:16)
      at beginWork$1 (node_modules/react-dom/cjs/react-dom.development.js:27465:14)
      at performUnitOfWork (node_modules/react-dom/cjs/react-dom.development.js:26599:12)
      at workLoopSync (node_modules/react-dom/cjs/react-dom.development.js:26505:5)
      at renderRootSync (node_modules/react-dom/cjs/react-dom.development.js:26473:7)
      at recoverFromConcurrentError (node_modules/react-dom/cjs/react-dom.development.js:25889:20)
      at performConcurrentWorkOnRoot (node_modules/react-dom/cjs/react-dom.development.js:25789:22)
      at flushActQueue (node_modules/react/cjs/react.development.js:2667:24)
      at act (node_modules/react/cjs/react.development.js:2582:11)
      at node_modules/@testing-library/react/dist/act-compat.js:47:25
      at renderRoot (node_modules/@testing-library/react/dist/pure.js:190:26)
      at render (node_modules/@testing-library/react/dist/pure.js:292:10)
      at Object.<anonymous> (components/__tests__/TimelineModal.test.tsx:65:11)

    console.error
      Warning: React.jsx: type is invalid -- expected a string (for built-in components) or a class/function (for composite components) but got: undefined. You likely forgot to export your component from the file it's defined in, or you might have mixed up default and named imports.
      
      Check the render method of `TimelineModal`.
          at event (C:\Users\alexi\Documents\projects\maicivy\frontend\components\timeline\TimelineModal.tsx:13:56)

    [0m [90m 151 |[39m                 [33m<[39m[33mdiv[39m className[33m=[39m[32m"flex flex-wrap gap-2"[39m[33m>[39m
     [90m 152 |[39m                   {event[33m.[39mtags[33m.[39mmap((tag) [33m=>[39m (
    [31m[1m>[22m[39m[90m 153 |[39m                     [33m<[39m[33mmotion[39m[33m.[39mspan
     [90m     |[39m                     [31m[1m^[22m[39m
     [90m 154 |[39m                       key[33m=[39m{tag}
     [90m 155 |[39m                       whileHover[33m=[39m{{ scale[33m:[39m [35m1.05[39m }}
     [90m 156 |[39m                       className[33m=[39m[32m"px-4 py-2 bg-blue-500 text-white text-sm font-medium rounded-full shadow-sm"[39m[0m

      at printWarning (node_modules/react/cjs/react-jsx-runtime.development.js:87:30)
      at error (node_modules/react/cjs/react-jsx-runtime.development.js:61:7)
      at jsxWithValidation (node_modules/react/cjs/react-jsx-runtime.development.js:1245:7)
      at jsxWithValidationDynamic (node_modules/react/cjs/react-jsx-runtime.development.js:1320:12)
      at components/timeline/TimelineModal.tsx:153:21
          at Array.map (<anonymous>)
      at map (components/timeline/TimelineModal.tsx:152:31)
      at renderWithHooks (node_modules/react-dom/cjs/react-dom.development.js:15486:18)
      at mountIndeterminateComponent (node_modules/react-dom/cjs/react-dom.development.js:20103:13)
      at beginWork (node_modules/react-dom/cjs/react-dom.development.js:21626:16)
      at beginWork$1 (node_modules/react-dom/cjs/react-dom.development.js:27465:14)
      at performUnitOfWork (node_modules/react-dom/cjs/react-dom.development.js:26599:12)
      at workLoopSync (node_modules/react-dom/cjs/react-dom.development.js:26505:5)
      at renderRootSync (node_modules/react-dom/cjs/react-dom.development.js:26473:7)
      at recoverFromConcurrentError (node_modules/react-dom/cjs/react-dom.development.js:25889:20)
      at performConcurrentWorkOnRoot (node_modules/react-dom/cjs/react-dom.development.js:25789:22)
      at flushActQueue (node_modules/react/cjs/react.development.js:2667:24)
      at act (node_modules/react/cjs/react.development.js:2582:11)
      at node_modules/@testing-library/react/dist/act-compat.js:47:25
      at renderRoot (node_modules/@testing-library/react/dist/pure.js:190:26)
      at render (node_modules/@testing-library/react/dist/pure.js:292:10)
      at Object.<anonymous> (components/__tests__/TimelineModal.test.tsx:65:11)

    console.error
      Error: Uncaught [Error: Element type is invalid: expected a string (for built-in components) or a class/function (for composite components) but got: undefined. You likely forgot to export your component from the file it's defined in, or you might have mixed up default and named imports.
      
      Check the render method of `TimelineModal`.]
          at reportException (C:\Users\alexi\Documents\projects\maicivy\frontend\node_modules\jsdom\lib\jsdom\living\helpers\runtime-script-errors.js:66:24)
          at innerInvokeEventListeners (C:\Users\alexi\Documents\projects\maicivy\frontend\node_modules\jsdom\lib\jsdom\living\events\EventTarget-impl.js:353:9)
          at invokeEventListeners (C:\Users\alexi\Documents\projects\maicivy\frontend\node_modules\jsdom\lib\jsdom\living\events\EventTarget-impl.js:286:3)
          at HTMLUnknownElementImpl._dispatch (C:\Users\alexi\Documents\projects\maicivy\frontend\node_modules\jsdom\lib\jsdom\living\events\EventTarget-impl.js:233:9)
          at HTMLUnknownElementImpl.dispatchEvent (C:\Users\alexi\Documents\projects\maicivy\frontend\node_modules\jsdom\lib\jsdom\living\events\EventTarget-impl.js:104:17)
          at HTMLUnknownElement.dispatchEvent (C:\Users\alexi\Documents\projects\maicivy\frontend\node_modules\jsdom\lib\jsdom\living\generated\EventTarget.js:241:34)
          at Object.invokeGuardedCallbackDev (C:\Users\alexi\Documents\projects\maicivy\frontend\node_modules\react-dom\cjs\react-dom.development.js:4213:16)
          at invokeGuardedCallback (C:\Users\alexi\Documents\projects\maicivy\frontend\node_modules\react-dom\cjs\react-dom.development.js:4277:31)
          at beginWork$1 (C:\Users\alexi\Documents\projects\maicivy\frontend\node_modules\react-dom\cjs\react-dom.development.js:27490:7)
          at performUnitOfWork (C:\Users\alexi\Documents\projects\maicivy\frontend\node_modules\react-dom\cjs\react-dom.development.js:26599:12)
          at workLoopSync (C:\Users\alexi\Documents\projects\maicivy\frontend\node_modules\react-dom\cjs\react-dom.development.js:26505:5)
          at renderRootSync (C:\Users\alexi\Documents\projects\maicivy\frontend\node_modules\react-dom\cjs\react-dom.development.js:26473:7)
          at recoverFromConcurrentError (C:\Users\alexi\Documents\projects\maicivy\frontend\node_modules\react-dom\cjs\react-dom.development.js:25889:20)
          at performConcurrentWorkOnRoot (C:\Users\alexi\Documents\projects\maicivy\frontend\node_modules\react-dom\cjs\react-dom.development.js:25789:22)
          at flushActQueue (C:\Users\alexi\Documents\projects\maicivy\frontend\node_modules\react\cjs\react.development.js:2667:24)
          at act (C:\Users\alexi\Documents\projects\maicivy\frontend\node_modules\react\cjs\react.development.js:2582:11)
          at C:\Users\alexi\Documents\projects\maicivy\frontend\node_modules\@testing-library\react\dist\act-compat.js:47:25
          at renderRoot (C:\Users\alexi\Documents\projects\maicivy\frontend\node_modules\@testing-library\react\dist\pure.js:190:26)
          at render (C:\Users\alexi\Documents\projects\maicivy\frontend\node_modules\@testing-library\react\dist\pure.js:292:10)
          at Object.<anonymous> (C:\Users\alexi\Documents\projects\maicivy\frontend\components\__tests__\TimelineModal.test.tsx:65:11)
          at Promise.finally.completed (C:\Users\alexi\Documents\projects\maicivy\frontend\node_modules\jest-circus\build\jestAdapterInit.js:1557:28)
          at new Promise (<anonymous>)
          at callAsyncCircusFn (C:\Users\alexi\Documents\projects\maicivy\frontend\node_modules\jest-circus\build\jestAdapterInit.js:1497:10)
          at _callCircusTest (C:\Users\alexi\Documents\projects\maicivy\frontend\node_modules\jest-circus\build\jestAdapterInit.js:1007:40)
          at processTicksAndRejections (node:internal/process/task_queues:103:5)
          at _runTest (C:\Users\alexi\Documents\projects\maicivy\frontend\node_modules\jest-circus\build\jestAdapterInit.js:947:3)
          at C:\Users\alexi\Documents\projects\maicivy\frontend\node_modules\jest-circus\build\jestAdapterInit.js:849:7
          at _runTestsForDescribeBlock (C:\Users\alexi\Documents\projects\maicivy\frontend\node_modules\jest-circus\build\jestAdapterInit.js:862:11)
          at _runTestsForDescribeBlock (C:\Users\alexi\Documents\projects\maicivy\frontend\node_modules\jest-circus\build\jestAdapterInit.js:857:11)
          at run (C:\Users\alexi\Documents\projects\maicivy\frontend\node_modules\jest-circus\build\jestAdapterInit.js:761:3)
          at runAndTransformResultsToJestFormat (C:\Users\alexi\Documents\projects\maicivy\frontend\node_modules\jest-circus\build\jestAdapterInit.js:1918:21)
          at jestAdapter (C:\Users\alexi\Documents\projects\maicivy\frontend\node_modules\jest-circus\build\runner.js:101:19)
          at runTestInternal (C:\Users\alexi\Documents\projects\maicivy\frontend\node_modules\jest-runner\build\testWorker.js:275:16)
          at runTest (C:\Users\alexi\Documents\projects\maicivy\frontend\node_modules\jest-runner\build\testWorker.js:343:7)
          at Object.worker (C:\Users\alexi\Documents\projects\maicivy\frontend\node_modules\jest-runner\build\testWorker.js:497:12) {
        detail: Error: Element type is invalid: expected a string (for built-in components) or a class/function (for composite components) but got: undefined. You likely forgot to export your component from the file it's defined in, or you might have mixed up default and named imports.
        
        Check the render method of `TimelineModal`.
            at createFiberFromTypeAndProps (C:\Users\alexi\Documents\projects\maicivy\frontend\node_modules\react-dom\cjs\react-dom.development.js:28478:17)
            at createFiberFromElement (C:\Users\alexi\Documents\projects\maicivy\frontend\node_modules\react-dom\cjs\react-dom.development.js:28504:15)
            at createChild (C:\Users\alexi\Documents\projects\maicivy\frontend\node_modules\react-dom\cjs\react-dom.development.js:13345:28)
            at reconcileChildrenArray (C:\Users\alexi\Documents\projects\maicivy\frontend\node_modules\react-dom\cjs\react-dom.development.js:13640:25)
            at reconcileChildFibers (C:\Users\alexi\Documents\projects\maicivy\frontend\node_modules\react-dom\cjs\react-dom.development.js:14057:16)
            at reconcileChildren (C:\Users\alexi\Documents\projects\maicivy\frontend\node_modules\react-dom\cjs\react-dom.development.js:19186:28)
            at updateHostComponent (C:\Users\alexi\Documents\projects\maicivy\frontend\node_modules\react-dom\cjs\react-dom.development.js:19953:3)
            at beginWork (C:\Users\alexi\Documents\projects\maicivy\frontend\node_modules\react-dom\cjs\react-dom.development.js:21657:14)
            at HTMLUnknownElement.callCallback (C:\Users\alexi\Documents\projects\maicivy\frontend\node_modules\react-dom\cjs\react-dom.development.js:4164:14)
            at HTMLUnknownElement.callTheUserObjectsOperation (C:\Users\alexi\Documents\projects\maicivy\frontend\node_modules\jsdom\lib\jsdom\living\generated\EventListener.js:26:30)
            at innerInvokeEventListeners (C:\Users\alexi\Documents\projects\maicivy\frontend\node_modules\jsdom\lib\jsdom\living\events\EventTarget-impl.js:350:25)
            at invokeEventListeners (C:\Users\alexi\Documents\projects\maicivy\frontend\node_modules\jsdom\lib\jsdom\living\events\EventTarget-impl.js:286:3)
            at HTMLUnknownElementImpl._dispatch (C:\Users\alexi\Documents\projects\maicivy\frontend\node_modules\jsdom\lib\jsdom\living\events\EventTarget-impl.js:233:9)
            at HTMLUnknownElementImpl.dispatchEvent (C:\Users\alexi\Documents\projects\maicivy\frontend\node_modules\jsdom\lib\jsdom\living\events\EventTarget-impl.js:104:17)
            at HTMLUnknownElement.dispatchEvent (C:\Users\alexi\Documents\projects\maicivy\frontend\node_modules\jsdom\lib\jsdom\living\generated\EventTarget.js:241:34)
            at Object.invokeGuardedCallbackDev (C:\Users\alexi\Documents\projects\maicivy\frontend\node_modules\react-dom\cjs\react-dom.development.js:4213:16)
            at invokeGuardedCallback (C:\Users\alexi\Documents\projects\maicivy\frontend\node_modules\react-dom\cjs\react-dom.development.js:4277:31)
            at beginWork$1 (C:\Users\alexi\Documents\projects\maicivy\frontend\node_modules\react-dom\cjs\react-dom.development.js:27490:7)
            at performUnitOfWork (C:\Users\alexi\Documents\projects\maicivy\frontend\node_modules\react-dom\cjs\react-dom.development.js:26599:12)
            at workLoopSync (C:\Users\alexi\Documents\projects\maicivy\frontend\node_modules\react-dom\cjs\react-dom.development.js:26505:5)
            at renderRootSync (C:\Users\alexi\Documents\projects\maicivy\frontend\node_modules\react-dom\cjs\react-dom.development.js:26473:7)
            at recoverFromConcurrentError (C:\Users\alexi\Documents\projects\maicivy\frontend\node_modules\react-dom\cjs\react-dom.development.js:25889:20)
            at performConcurrentWorkOnRoot (C:\Users\alexi\Documents\projects\maicivy\frontend\node_modules\react-dom\cjs\react-dom.development.js:25789:22)
            at flushActQueue (C:\Users\alexi\Documents\projects\maicivy\frontend\node_modules\react\cjs\react.development.js:2667:24)
            at act (C:\Users\alexi\Documents\projects\maicivy\frontend\node_modules\react\cjs\react.development.js:2582:11)
            at C:\Users\alexi\Documents\projects\maicivy\frontend\node_modules\@testing-library\react\dist\act-compat.js:47:25
            at renderRoot (C:\Users\alexi\Documents\projects\maicivy\frontend\node_modules\@testing-library\react\dist\pure.js:190:26)
            at render (C:\Users\alexi\Documents\projects\maicivy\frontend\node_modules\@testing-library\react\dist\pure.js:292:10)
            at Object.<anonymous> (C:\Users\alexi\Documents\projects\maicivy\frontend\components\__tests__\TimelineModal.test.tsx:65:11)
            at Promise.finally.completed (C:\Users\alexi\Documents\projects\maicivy\frontend\node_modules\jest-circus\build\jestAdapterInit.js:1557:28)
            at new Promise (<anonymous>)
            at callAsyncCircusFn (C:\Users\alexi\Documents\projects\maicivy\frontend\node_modules\jest-circus\build\jestAdapterInit.js:1497:10)
            at _callCircusTest (C:\Users\alexi\Documents\projects\maicivy\frontend\node_modules\jest-circus\build\jestAdapterInit.js:1007:40)
            at processTicksAndRejections (node:internal/process/task_queues:103:5)
            at _runTest (C:\Users\alexi\Documents\projects\maicivy\frontend\node_modules\jest-circus\build\jestAdapterInit.js:947:3)
            at C:\Users\alexi\Documents\projects\maicivy\frontend\node_modules\jest-circus\build\jestAdapterInit.js:849:7
            at _runTestsForDescribeBlock (C:\Users\alexi\Documents\projects\maicivy\frontend\node_modules\jest-circus\build\jestAdapterInit.js:862:11)
            at _runTestsForDescribeBlock (C:\Users\alexi\Documents\projects\maicivy\frontend\node_modules\jest-circus\build\jestAdapterInit.js:857:11)
            at run (C:\Users\alexi\Documents\projects\maicivy\frontend\node_modules\jest-circus\build\jestAdapterInit.js:761:3)
            at runAndTransformResultsToJestFormat (C:\Users\alexi\Documents\projects\maicivy\frontend\node_modules\jest-circus\build\jestAdapterInit.js:1918:21)
            at jestAdapter (C:\Users\alexi\Documents\projects\maicivy\frontend\node_modules\jest-circus\build\runner.js:101:19)
            at runTestInternal (C:\Users\alexi\Documents\projects\maicivy\frontend\node_modules\jest-runner\build\testWorker.js:275:16)
            at runTest (C:\Users\alexi\Documents\projects\maicivy\frontend\node_modules\jest-runner\build\testWorker.js:343:7)
            at Object.worker (C:\Users\alexi\Documents\projects\maicivy\frontend\node_modules\jest-runner\build\testWorker.js:497:12),
        type: 'unhandled exception'
      }

    [0m [90m 63 |[39m
     [90m 64 |[39m   it([32m'should display event type badge'[39m[33m,[39m () [33m=>[39m {
    [31m[1m>[22m[39m[90m 65 |[39m     render([33m<[39m[33mTimelineModal[39m event[33m=[39m{mockEvent} onClose[33m=[39m{jest[33m.[39mfn()} [33m/[39m[33m>[39m)[33m;[39m
     [90m    |[39m           [31m[1m^[22m[39m
     [90m 66 |[39m
     [90m 67 |[39m     expect(screen[33m.[39mgetByText([32m'Projet'[39m))[33m.[39mtoBeInTheDocument()[33m;[39m
     [90m 68 |[39m   })[33m;[39m[0m

      at VirtualConsole.<anonymous> (node_modules/@jest/environment-jsdom-abstract/build/index.js:87:23)
      at reportException (node_modules/jsdom/lib/jsdom/living/helpers/runtime-script-errors.js:70:28)
      at innerInvokeEventListeners (node_modules/jsdom/lib/jsdom/living/events/EventTarget-impl.js:353:9)
      at invokeEventListeners (node_modules/jsdom/lib/jsdom/living/events/EventTarget-impl.js:286:3)
      at HTMLUnknownElementImpl._dispatch (node_modules/jsdom/lib/jsdom/living/events/EventTarget-impl.js:233:9)
      at HTMLUnknownElementImpl.dispatchEvent (node_modules/jsdom/lib/jsdom/living/events/EventTarget-impl.js:104:17)
      at HTMLUnknownElement.dispatchEvent (node_modules/jsdom/lib/jsdom/living/generated/EventTarget.js:241:34)
      at Object.invokeGuardedCallbackDev (node_modules/react-dom/cjs/react-dom.development.js:4213:16)
      at invokeGuardedCallback (node_modules/react-dom/cjs/react-dom.development.js:4277:31)
      at beginWork$1 (node_modules/react-dom/cjs/react-dom.development.js:27490:7)
      at performUnitOfWork (node_modules/react-dom/cjs/react-dom.development.js:26599:12)
      at workLoopSync (node_modules/react-dom/cjs/react-dom.development.js:26505:5)
      at renderRootSync (node_modules/react-dom/cjs/react-dom.development.js:26473:7)
      at recoverFromConcurrentError (node_modules/react-dom/cjs/react-dom.development.js:25889:20)
      at performConcurrentWorkOnRoot (node_modules/react-dom/cjs/react-dom.development.js:25789:22)
      at flushActQueue (node_modules/react/cjs/react.development.js:2667:24)
      at act (node_modules/react/cjs/react.development.js:2582:11)
      at node_modules/@testing-library/react/dist/act-compat.js:47:25
      at renderRoot (node_modules/@testing-library/react/dist/pure.js:190:26)
      at render (node_modules/@testing-library/react/dist/pure.js:292:10)
      at Object.<anonymous> (components/__tests__/TimelineModal.test.tsx:65:11)

    console.error
      The above error occurred in the <div> component:
      
          at div
          at div
          at div
          at div
          at children (C:\Users\alexi\Documents\projects\maicivy\frontend\components\__tests__\TimelineModal.test.tsx:8:13)
          at div
          at children (C:\Users\alexi\Documents\projects\maicivy\frontend\components\__tests__\TimelineModal.test.tsx:8:13)
          at children (C:\Users\alexi\Documents\projects\maicivy\frontend\components\__tests__\TimelineModal.test.tsx:12:23)
          at event (C:\Users\alexi\Documents\projects\maicivy\frontend\components\timeline\TimelineModal.tsx:13:56)
      
      Consider adding an error boundary to your tree to customize error handling behavior.
      Visit https://reactjs.org/link/error-boundaries to learn more about error boundaries.

    [0m [90m 63 |[39m
     [90m 64 |[39m   it([32m'should display event type badge'[39m[33m,[39m () [33m=>[39m {
    [31m[1m>[22m[39m[90m 65 |[39m     render([33m<[39m[33mTimelineModal[39m event[33m=[39m{mockEvent} onClose[33m=[39m{jest[33m.[39mfn()} [33m/[39m[33m>[39m)[33m;[39m
     [90m    |[39m           [31m[1m^[22m[39m
     [90m 66 |[39m
     [90m 67 |[39m     expect(screen[33m.[39mgetByText([32m'Projet'[39m))[33m.[39mtoBeInTheDocument()[33m;[39m
     [90m 68 |[39m   })[33m;[39m[0m

      at logCapturedError (node_modules/react-dom/cjs/react-dom.development.js:18704:23)
      at update.callback (node_modules/react-dom/cjs/react-dom.development.js:18737:5)
      at callCallback (node_modules/react-dom/cjs/react-dom.development.js:15036:12)
      at commitUpdateQueue (node_modules/react-dom/cjs/react-dom.development.js:15057:9)
      at commitLayoutEffectOnFiber (node_modules/react-dom/cjs/react-dom.development.js:23430:13)
      at commitLayoutMountEffects_complete (node_modules/react-dom/cjs/react-dom.development.js:24727:9)
      at commitLayoutEffects_begin (node_modules/react-dom/cjs/react-dom.development.js:24713:7)
      at commitLayoutEffects (node_modules/react-dom/cjs/react-dom.development.js:24651:3)
      at commitRootImpl (node_modules/react-dom/cjs/react-dom.development.js:26862:5)
      at commitRoot (node_modules/react-dom/cjs/react-dom.development.js:26721:5)
      at finishConcurrentRender (node_modules/react-dom/cjs/react-dom.development.js:25931:9)
      at performConcurrentWorkOnRoot (node_modules/react-dom/cjs/react-dom.development.js:25848:7)
      at flushActQueue (node_modules/react/cjs/react.development.js:2667:24)
      at act (node_modules/react/cjs/react.development.js:2582:11)
      at node_modules/@testing-library/react/dist/act-compat.js:47:25
      at renderRoot (node_modules/@testing-library/react/dist/pure.js:190:26)
      at render (node_modules/@testing-library/react/dist/pure.js:292:10)
      at Object.<anonymous> (components/__tests__/TimelineModal.test.tsx:65:11)

    console.error
      Warning: React.jsx: type is invalid -- expected a string (for built-in components) or a class/function (for composite components) but got: undefined. You likely forgot to export your component from the file it's defined in, or you might have mixed up default and named imports.
      
      Check the render method of `TimelineModal`.
          at event (C:\Users\alexi\Documents\projects\maicivy\frontend\components\timeline\TimelineModal.tsx:13:56)

    [0m [90m 151 |[39m                 [33m<[39m[33mdiv[39m className[33m=[39m[32m"flex flex-wrap gap-2"[39m[33m>[39m
     [90m 152 |[39m                   {event[33m.[39mtags[33m.[39mmap((tag) [33m=>[39m (
    [31m[1m>[22m[39m[90m 153 |[39m                     [33m<[39m[33mmotion[39m[33m.[39mspan
     [90m     |[39m                     [31m[1m^[22m[39m
     [90m 154 |[39m                       key[33m=[39m{tag}
     [90m 155 |[39m                       whileHover[33m=[39m{{ scale[33m:[39m [35m1.05[39m }}
     [90m 156 |[39m                       className[33m=[39m[32m"px-4 py-2 bg-blue-500 text-white text-sm font-medium rounded-full shadow-sm"[39m[0m

      at printWarning (node_modules/react/cjs/react-jsx-runtime.development.js:87:30)
      at error (node_modules/react/cjs/react-jsx-runtime.development.js:61:7)
      at jsxWithValidation (node_modules/react/cjs/react-jsx-runtime.development.js:1245:7)
      at jsxWithValidationDynamic (node_modules/react/cjs/react-jsx-runtime.development.js:1320:12)
      at components/timeline/TimelineModal.tsx:153:21
          at Array.map (<anonymous>)
      at map (components/timeline/TimelineModal.tsx:152:31)
      at renderWithHooks (node_modules/react-dom/cjs/react-dom.development.js:15486:18)
      at mountIndeterminateComponent (node_modules/react-dom/cjs/react-dom.development.js:20103:13)
      at beginWork (node_modules/react-dom/cjs/react-dom.development.js:21626:16)
      at beginWork$1 (node_modules/react-dom/cjs/react-dom.development.js:27465:14)
      at performUnitOfWork (node_modules/react-dom/cjs/react-dom.development.js:26599:12)
      at workLoopSync (node_modules/react-dom/cjs/react-dom.development.js:26505:5)
      at renderRootSync (node_modules/react-dom/cjs/react-dom.development.js:26473:7)
      at performConcurrentWorkOnRoot (node_modules/react-dom/cjs/react-dom.development.js:25777:74)
      at flushActQueue (node_modules/react/cjs/react.development.js:2667:24)
      at act (node_modules/react/cjs/react.development.js:2582:11)
      at node_modules/@testing-library/react/dist/act-compat.js:47:25
      at renderRoot (node_modules/@testing-library/react/dist/pure.js:190:26)
      at render (node_modules/@testing-library/react/dist/pure.js:292:10)
      at Object.<anonymous> (components/__tests__/TimelineModal.test.tsx:73:11)

    console.error
      Warning: React.jsx: type is invalid -- expected a string (for built-in components) or a class/function (for composite components) but got: undefined. You likely forgot to export your component from the file it's defined in, or you might have mixed up default and named imports.
      
      Check the render method of `TimelineModal`.
          at event (C:\Users\alexi\Documents\projects\maicivy\frontend\components\timeline\TimelineModal.tsx:13:56)

    [0m [90m 151 |[39m                 [33m<[39m[33mdiv[39m className[33m=[39m[32m"flex flex-wrap gap-2"[39m[33m>[39m
     [90m 152 |[39m                   {event[33m.[39mtags[33m.[39mmap((tag) [33m=>[39m (
    [31m[1m>[22m[39m[90m 153 |[39m                     [33m<[39m[33mmotion[39m[33m.[39mspan
     [90m     |[39m                     [31m[1m^[22m[39m
     [90m 154 |[39m                       key[33m=[39m{tag}
     [90m 155 |[39m                       whileHover[33m=[39m{{ scale[33m:[39m [35m1.05[39m }}
     [90m 156 |[39m                       className[33m=[39m[32m"px-4 py-2 bg-blue-500 text-white text-sm font-medium rounded-full shadow-sm"[39m[0m

      at printWarning (node_modules/react/cjs/react-jsx-runtime.development.js:87:30)
      at error (node_modules/react/cjs/react-jsx-runtime.development.js:61:7)
      at jsxWithValidation (node_modules/react/cjs/react-jsx-runtime.development.js:1245:7)
      at jsxWithValidationDynamic (node_modules/react/cjs/react-jsx-runtime.development.js:1320:12)
      at components/timeline/TimelineModal.tsx:153:21
          at Array.map (<anonymous>)
      at map (components/timeline/TimelineModal.tsx:152:31)
      at renderWithHooks (node_modules/react-dom/cjs/react-dom.development.js:15486:18)
      at mountIndeterminateComponent (node_modules/react-dom/cjs/react-dom.development.js:20103:13)
      at beginWork (node_modules/react-dom/cjs/react-dom.development.js:21626:16)
      at beginWork$1 (node_modules/react-dom/cjs/react-dom.development.js:27465:14)
      at performUnitOfWork (node_modules/react-dom/cjs/react-dom.development.js:26599:12)
      at workLoopSync (node_modules/react-dom/cjs/react-dom.development.js:26505:5)
      at renderRootSync (node_modules/react-dom/cjs/react-dom.development.js:26473:7)
      at performConcurrentWorkOnRoot (node_modules/react-dom/cjs/react-dom.development.js:25777:74)
      at flushActQueue (node_modules/react/cjs/react.development.js:2667:24)
      at act (node_modules/react/cjs/react.development.js:2582:11)
      at node_modules/@testing-library/react/dist/act-compat.js:47:25
      at renderRoot (node_modules/@testing-library/react/dist/pure.js:190:26)
      at render (node_modules/@testing-library/react/dist/pure.js:292:10)
      at Object.<anonymous> (components/__tests__/TimelineModal.test.tsx:73:11)

    console.error
      Warning: React.jsx: type is invalid -- expected a string (for built-in components) or a class/function (for composite components) but got: undefined. You likely forgot to export your component from the file it's defined in, or you might have mixed up default and named imports.
      
      Check the render method of `TimelineModal`.
          at event (C:\Users\alexi\Documents\projects\maicivy\frontend\components\timeline\TimelineModal.tsx:13:56)

    [0m [90m 151 |[39m                 [33m<[39m[33mdiv[39m className[33m=[39m[32m"flex flex-wrap gap-2"[39m[33m>[39m
     [90m 152 |[39m                   {event[33m.[39mtags[33m.[39mmap((tag) [33m=>[39m (
    [31m[1m>[22m[39m[90m 153 |[39m                     [33m<[39m[33mmotion[39m[33m.[39mspan
     [90m     |[39m                     [31m[1m^[22m[39m
     [90m 154 |[39m                       key[33m=[39m{tag}
     [90m 155 |[39m                       whileHover[33m=[39m{{ scale[33m:[39m [35m1.05[39m }}
     [90m 156 |[39m                       className[33m=[39m[32m"px-4 py-2 bg-blue-500 text-white text-sm font-medium rounded-full shadow-sm"[39m[0m

      at printWarning (node_modules/react/cjs/react-jsx-runtime.development.js:87:30)
      at error (node_modules/react/cjs/react-jsx-runtime.development.js:61:7)
      at jsxWithValidation (node_modules/react/cjs/react-jsx-runtime.development.js:1245:7)
      at jsxWithValidationDynamic (node_modules/react/cjs/react-jsx-runtime.development.js:1320:12)
      at components/timeline/TimelineModal.tsx:153:21
          at Array.map (<anonymous>)
      at map (components/timeline/TimelineModal.tsx:152:31)
      at renderWithHooks (node_modules/react-dom/cjs/react-dom.development.js:15486:18)
      at mountIndeterminateComponent (node_modules/react-dom/cjs/react-dom.development.js:20103:13)
      at beginWork (node_modules/react-dom/cjs/react-dom.development.js:21626:16)
      at beginWork$1 (node_modules/react-dom/cjs/react-dom.development.js:27465:14)
      at performUnitOfWork (node_modules/react-dom/cjs/react-dom.development.js:26599:12)
      at workLoopSync (node_modules/react-dom/cjs/react-dom.development.js:26505:5)
      at renderRootSync (node_modules/react-dom/cjs/react-dom.development.js:26473:7)
      at performConcurrentWorkOnRoot (node_modules/react-dom/cjs/react-dom.development.js:25777:74)
      at flushActQueue (node_modules/react/cjs/react.development.js:2667:24)
      at act (node_modules/react/cjs/react.development.js:2582:11)
      at node_modules/@testing-library/react/dist/act-compat.js:47:25
      at renderRoot (node_modules/@testing-library/react/dist/pure.js:190:26)
      at render (node_modules/@testing-library/react/dist/pure.js:292:10)
      at Object.<anonymous> (components/__tests__/TimelineModal.test.tsx:73:11)

    console.error
      Warning: React.jsx: type is invalid -- expected a string (for built-in components) or a class/function (for composite components) but got: undefined. You likely forgot to export your component from the file it's defined in, or you might have mixed up default and named imports.
      
      Check the render method of `TimelineModal`.
          at event (C:\Users\alexi\Documents\projects\maicivy\frontend\components\timeline\TimelineModal.tsx:13:56)

    [0m [90m 151 |[39m                 [33m<[39m[33mdiv[39m className[33m=[39m[32m"flex flex-wrap gap-2"[39m[33m>[39m
     [90m 152 |[39m                   {event[33m.[39mtags[33m.[39mmap((tag) [33m=>[39m (
    [31m[1m>[22m[39m[90m 153 |[39m                     [33m<[39m[33mmotion[39m[33m.[39mspan
     [90m     |[39m                     [31m[1m^[22m[39m
     [90m 154 |[39m                       key[33m=[39m{tag}
     [90m 155 |[39m                       whileHover[33m=[39m{{ scale[33m:[39m [35m1.05[39m }}
     [90m 156 |[39m                       className[33m=[39m[32m"px-4 py-2 bg-blue-500 text-white text-sm font-medium rounded-full shadow-sm"[39m[0m

      at printWarning (node_modules/react/cjs/react-jsx-runtime.development.js:87:30)
      at error (node_modules/react/cjs/react-jsx-runtime.development.js:61:7)
      at jsxWithValidation (node_modules/react/cjs/react-jsx-runtime.development.js:1245:7)
      at jsxWithValidationDynamic (node_modules/react/cjs/react-jsx-runtime.development.js:1320:12)
      at components/timeline/TimelineModal.tsx:153:21
          at Array.map (<anonymous>)
      at map (components/timeline/TimelineModal.tsx:152:31)
      at renderWithHooks (node_modules/react-dom/cjs/react-dom.development.js:15486:18)
      at mountIndeterminateComponent (node_modules/react-dom/cjs/react-dom.development.js:20103:13)
      at beginWork (node_modules/react-dom/cjs/react-dom.development.js:21626:16)
      at beginWork$1 (node_modules/react-dom/cjs/react-dom.development.js:27465:14)
      at performUnitOfWork (node_modules/react-dom/cjs/react-dom.development.js:26599:12)
      at workLoopSync (node_modules/react-dom/cjs/react-dom.development.js:26505:5)
      at renderRootSync (node_modules/react-dom/cjs/react-dom.development.js:26473:7)
      at performConcurrentWorkOnRoot (node_modules/react-dom/cjs/react-dom.development.js:25777:74)
      at flushActQueue (node_modules/react/cjs/react.development.js:2667:24)
      at act (node_modules/react/cjs/react.development.js:2582:11)
      at node_modules/@testing-library/react/dist/act-compat.js:47:25
      at renderRoot (node_modules/@testing-library/react/dist/pure.js:190:26)
      at render (node_modules/@testing-library/react/dist/pure.js:292:10)
      at Object.<anonymous> (components/__tests__/TimelineModal.test.tsx:73:11)

    console.error
      Warning: React.jsx: type is invalid -- expected a string (for built-in components) or a class/function (for composite components) but got: undefined. You likely forgot to export your component from the file it's defined in, or you might have mixed up default and named imports.
      
      Check the render method of `TimelineModal`.
          at event (C:\Users\alexi\Documents\projects\maicivy\frontend\components\timeline\TimelineModal.tsx:13:56)

    [0m [90m 151 |[39m                 [33m<[39m[33mdiv[39m className[33m=[39m[32m"flex flex-wrap gap-2"[39m[33m>[39m
     [90m 152 |[39m                   {event[33m.[39mtags[33m.[39mmap((tag) [33m=>[39m (
    [31m[1m>[22m[39m[90m 153 |[39m                     [33m<[39m[33mmotion[39m[33m.[39mspan
     [90m     |[39m                     [31m[1m^[22m[39m
     [90m 154 |[39m                       key[33m=[39m{tag}
     [90m 155 |[39m                       whileHover[33m=[39m{{ scale[33m:[39m [35m1.05[39m }}
     [90m 156 |[39m                       className[33m=[39m[32m"px-4 py-2 bg-blue-500 text-white text-sm font-medium rounded-full shadow-sm"[39m[0m

      at printWarning (node_modules/react/cjs/react-jsx-runtime.development.js:87:30)
      at error (node_modules/react/cjs/react-jsx-runtime.development.js:61:7)
      at jsxWithValidation (node_modules/react/cjs/react-jsx-runtime.development.js:1245:7)
      at jsxWithValidationDynamic (node_modules/react/cjs/react-jsx-runtime.development.js:1320:12)
      at components/timeline/TimelineModal.tsx:153:21
          at Array.map (<anonymous>)
      at map (components/timeline/TimelineModal.tsx:152:31)
      at renderWithHooks (node_modules/react-dom/cjs/react-dom.development.js:15486:18)
      at mountIndeterminateComponent (node_modules/react-dom/cjs/react-dom.development.js:20103:13)
      at beginWork (node_modules/react-dom/cjs/react-dom.development.js:21626:16)
      at beginWork$1 (node_modules/react-dom/cjs/react-dom.development.js:27465:14)
      at performUnitOfWork (node_modules/react-dom/cjs/react-dom.development.js:26599:12)
      at workLoopSync (node_modules/react-dom/cjs/react-dom.development.js:26505:5)
      at renderRootSync (node_modules/react-dom/cjs/react-dom.development.js:26473:7)
      at performConcurrentWorkOnRoot (node_modules/react-dom/cjs/react-dom.development.js:25777:74)
      at flushActQueue (node_modules/react/cjs/react.development.js:2667:24)
      at act (node_modules/react/cjs/react.development.js:2582:11)
      at node_modules/@testing-library/react/dist/act-compat.js:47:25
      at renderRoot (node_modules/@testing-library/react/dist/pure.js:190:26)
      at render (node_modules/@testing-library/react/dist/pure.js:292:10)
      at Object.<anonymous> (components/__tests__/TimelineModal.test.tsx:73:11)

    console.error
      Error: Uncaught [Error: Element type is invalid: expected a string (for built-in components) or a class/function (for composite components) but got: undefined. You likely forgot to export your component from the file it's defined in, or you might have mixed up default and named imports.
      
      Check the render method of `TimelineModal`.]
          at reportException (C:\Users\alexi\Documents\projects\maicivy\frontend\node_modules\jsdom\lib\jsdom\living\helpers\runtime-script-errors.js:66:24)
          at innerInvokeEventListeners (C:\Users\alexi\Documents\projects\maicivy\frontend\node_modules\jsdom\lib\jsdom\living\events\EventTarget-impl.js:353:9)
          at invokeEventListeners (C:\Users\alexi\Documents\projects\maicivy\frontend\node_modules\jsdom\lib\jsdom\living\events\EventTarget-impl.js:286:3)
          at HTMLUnknownElementImpl._dispatch (C:\Users\alexi\Documents\projects\maicivy\frontend\node_modules\jsdom\lib\jsdom\living\events\EventTarget-impl.js:233:9)
          at HTMLUnknownElementImpl.dispatchEvent (C:\Users\alexi\Documents\projects\maicivy\frontend\node_modules\jsdom\lib\jsdom\living\events\EventTarget-impl.js:104:17)
          at HTMLUnknownElement.dispatchEvent (C:\Users\alexi\Documents\projects\maicivy\frontend\node_modules\jsdom\lib\jsdom\living\generated\EventTarget.js:241:34)
          at Object.invokeGuardedCallbackDev (C:\Users\alexi\Documents\projects\maicivy\frontend\node_modules\react-dom\cjs\react-dom.development.js:4213:16)
          at invokeGuardedCallback (C:\Users\alexi\Documents\projects\maicivy\frontend\node_modules\react-dom\cjs\react-dom.development.js:4277:31)
          at beginWork$1 (C:\Users\alexi\Documents\projects\maicivy\frontend\node_modules\react-dom\cjs\react-dom.development.js:27490:7)
          at performUnitOfWork (C:\Users\alexi\Documents\projects\maicivy\frontend\node_modules\react-dom\cjs\react-dom.development.js:26599:12)
          at workLoopSync (C:\Users\alexi\Documents\projects\maicivy\frontend\node_modules\react-dom\cjs\react-dom.development.js:26505:5)
          at renderRootSync (C:\Users\alexi\Documents\projects\maicivy\frontend\node_modules\react-dom\cjs\react-dom.development.js:26473:7)
          at performConcurrentWorkOnRoot (C:\Users\alexi\Documents\projects\maicivy\frontend\node_modules\react-dom\cjs\react-dom.development.js:25777:74)
          at flushActQueue (C:\Users\alexi\Documents\projects\maicivy\frontend\node_modules\react\cjs\react.development.js:2667:24)
          at act (C:\Users\alexi\Documents\projects\maicivy\frontend\node_modules\react\cjs\react.development.js:2582:11)
          at C:\Users\alexi\Documents\projects\maicivy\frontend\node_modules\@testing-library\react\dist\act-compat.js:47:25
          at renderRoot (C:\Users\alexi\Documents\projects\maicivy\frontend\node_modules\@testing-library\react\dist\pure.js:190:26)
          at render (C:\Users\alexi\Documents\projects\maicivy\frontend\node_modules\@testing-library\react\dist\pure.js:292:10)
          at Object.<anonymous> (C:\Users\alexi\Documents\projects\maicivy\frontend\components\__tests__\TimelineModal.test.tsx:73:11)
          at Promise.finally.completed (C:\Users\alexi\Documents\projects\maicivy\frontend\node_modules\jest-circus\build\jestAdapterInit.js:1557:28)
          at new Promise (<anonymous>)
          at callAsyncCircusFn (C:\Users\alexi\Documents\projects\maicivy\frontend\node_modules\jest-circus\build\jestAdapterInit.js:1497:10)
          at _callCircusTest (C:\Users\alexi\Documents\projects\maicivy\frontend\node_modules\jest-circus\build\jestAdapterInit.js:1007:40)
          at processTicksAndRejections (node:internal/process/task_queues:103:5)
          at _runTest (C:\Users\alexi\Documents\projects\maicivy\frontend\node_modules\jest-circus\build\jestAdapterInit.js:947:3)
          at C:\Users\alexi\Documents\projects\maicivy\frontend\node_modules\jest-circus\build\jestAdapterInit.js:849:7
          at _runTestsForDescribeBlock (C:\Users\alexi\Documents\projects\maicivy\frontend\node_modules\jest-circus\build\jestAdapterInit.js:862:11)
          at _runTestsForDescribeBlock (C:\Users\alexi\Documents\projects\maicivy\frontend\node_modules\jest-circus\build\jestAdapterInit.js:857:11)
          at run (C:\Users\alexi\Documents\projects\maicivy\frontend\node_modules\jest-circus\build\jestAdapterInit.js:761:3)
          at runAndTransformResultsToJestFormat (C:\Users\alexi\Documents\projects\maicivy\frontend\node_modules\jest-circus\build\jestAdapterInit.js:1918:21)
          at jestAdapter (C:\Users\alexi\Documents\projects\maicivy\frontend\node_modules\jest-circus\build\runner.js:101:19)
          at runTestInternal (C:\Users\alexi\Documents\projects\maicivy\frontend\node_modules\jest-runner\build\testWorker.js:275:16)
          at runTest (C:\Users\alexi\Documents\projects\maicivy\frontend\node_modules\jest-runner\build\testWorker.js:343:7)
          at Object.worker (C:\Users\alexi\Documents\projects\maicivy\frontend\node_modules\jest-runner\build\testWorker.js:497:12) {
        detail: Error: Element type is invalid: expected a string (for built-in components) or a class/function (for composite components) but got: undefined. You likely forgot to export your component from the file it's defined in, or you might have mixed up default and named imports.
        
        Check the render method of `TimelineModal`.
            at createFiberFromTypeAndProps (C:\Users\alexi\Documents\projects\maicivy\frontend\node_modules\react-dom\cjs\react-dom.development.js:28478:17)
            at createFiberFromElement (C:\Users\alexi\Documents\projects\maicivy\frontend\node_modules\react-dom\cjs\react-dom.development.js:28504:15)
            at createChild (C:\Users\alexi\Documents\projects\maicivy\frontend\node_modules\react-dom\cjs\react-dom.development.js:13345:28)
            at reconcileChildrenArray (C:\Users\alexi\Documents\projects\maicivy\frontend\node_modules\react-dom\cjs\react-dom.development.js:13640:25)
            at reconcileChildFibers (C:\Users\alexi\Documents\projects\maicivy\frontend\node_modules\react-dom\cjs\react-dom.development.js:14057:16)
            at reconcileChildren (C:\Users\alexi\Documents\projects\maicivy\frontend\node_modules\react-dom\cjs\react-dom.development.js:19186:28)
            at updateHostComponent (C:\Users\alexi\Documents\projects\maicivy\frontend\node_modules\react-dom\cjs\react-dom.development.js:19953:3)
            at beginWork (C:\Users\alexi\Documents\projects\maicivy\frontend\node_modules\react-dom\cjs\react-dom.development.js:21657:14)
            at HTMLUnknownElement.callCallback (C:\Users\alexi\Documents\projects\maicivy\frontend\node_modules\react-dom\cjs\react-dom.development.js:4164:14)
            at HTMLUnknownElement.callTheUserObjectsOperation (C:\Users\alexi\Documents\projects\maicivy\frontend\node_modules\jsdom\lib\jsdom\living\generated\EventListener.js:26:30)
            at innerInvokeEventListeners (C:\Users\alexi\Documents\projects\maicivy\frontend\node_modules\jsdom\lib\jsdom\living\events\EventTarget-impl.js:350:25)
            at invokeEventListeners (C:\Users\alexi\Documents\projects\maicivy\frontend\node_modules\jsdom\lib\jsdom\living\events\EventTarget-impl.js:286:3)
            at HTMLUnknownElementImpl._dispatch (C:\Users\alexi\Documents\projects\maicivy\frontend\node_modules\jsdom\lib\jsdom\living\events\EventTarget-impl.js:233:9)
            at HTMLUnknownElementImpl.dispatchEvent (C:\Users\alexi\Documents\projects\maicivy\frontend\node_modules\jsdom\lib\jsdom\living\events\EventTarget-impl.js:104:17)
            at HTMLUnknownElement.dispatchEvent (C:\Users\alexi\Documents\projects\maicivy\frontend\node_modules\jsdom\lib\jsdom\living\generated\EventTarget.js:241:34)
            at Object.invokeGuardedCallbackDev (C:\Users\alexi\Documents\projects\maicivy\frontend\node_modules\react-dom\cjs\react-dom.development.js:4213:16)
            at invokeGuardedCallback (C:\Users\alexi\Documents\projects\maicivy\frontend\node_modules\react-dom\cjs\react-dom.development.js:4277:31)
            at beginWork$1 (C:\Users\alexi\Documents\projects\maicivy\frontend\node_modules\react-dom\cjs\react-dom.development.js:27490:7)
            at performUnitOfWork (C:\Users\alexi\Documents\projects\maicivy\frontend\node_modules\react-dom\cjs\react-dom.development.js:26599:12)
            at workLoopSync (C:\Users\alexi\Documents\projects\maicivy\frontend\node_modules\react-dom\cjs\react-dom.development.js:26505:5)
            at renderRootSync (C:\Users\alexi\Documents\projects\maicivy\frontend\node_modules\react-dom\cjs\react-dom.development.js:26473:7)
            at performConcurrentWorkOnRoot (C:\Users\alexi\Documents\projects\maicivy\frontend\node_modules\react-dom\cjs\react-dom.development.js:25777:74)
            at flushActQueue (C:\Users\alexi\Documents\projects\maicivy\frontend\node_modules\react\cjs\react.development.js:2667:24)
            at act (C:\Users\alexi\Documents\projects\maicivy\frontend\node_modules\react\cjs\react.development.js:2582:11)
            at C:\Users\alexi\Documents\projects\maicivy\frontend\node_modules\@testing-library\react\dist\act-compat.js:47:25
            at renderRoot (C:\Users\alexi\Documents\projects\maicivy\frontend\node_modules\@testing-library\react\dist\pure.js:190:26)
            at render (C:\Users\alexi\Documents\projects\maicivy\frontend\node_modules\@testing-library\react\dist\pure.js:292:10)
            at Object.<anonymous> (C:\Users\alexi\Documents\projects\maicivy\frontend\components\__tests__\TimelineModal.test.tsx:73:11)
            at Promise.finally.completed (C:\Users\alexi\Documents\projects\maicivy\frontend\node_modules\jest-circus\build\jestAdapterInit.js:1557:28)
            at new Promise (<anonymous>)
            at callAsyncCircusFn (C:\Users\alexi\Documents\projects\maicivy\frontend\node_modules\jest-circus\build\jestAdapterInit.js:1497:10)
            at _callCircusTest (C:\Users\alexi\Documents\projects\maicivy\frontend\node_modules\jest-circus\build\jestAdapterInit.js:1007:40)
            at processTicksAndRejections (node:internal/process/task_queues:103:5)
            at _runTest (C:\Users\alexi\Documents\projects\maicivy\frontend\node_modules\jest-circus\build\jestAdapterInit.js:947:3)
            at C:\Users\alexi\Documents\projects\maicivy\frontend\node_modules\jest-circus\build\jestAdapterInit.js:849:7
            at _runTestsForDescribeBlock (C:\Users\alexi\Documents\projects\maicivy\frontend\node_modules\jest-circus\build\jestAdapterInit.js:862:11)
            at _runTestsForDescribeBlock (C:\Users\alexi\Documents\projects\maicivy\frontend\node_modules\jest-circus\build\jestAdapterInit.js:857:11)
            at run (C:\Users\alexi\Documents\projects\maicivy\frontend\node_modules\jest-circus\build\jestAdapterInit.js:761:3)
            at runAndTransformResultsToJestFormat (C:\Users\alexi\Documents\projects\maicivy\frontend\node_modules\jest-circus\build\jestAdapterInit.js:1918:21)
            at jestAdapter (C:\Users\alexi\Documents\projects\maicivy\frontend\node_modules\jest-circus\build\runner.js:101:19)
            at runTestInternal (C:\Users\alexi\Documents\projects\maicivy\frontend\node_modules\jest-runner\build\testWorker.js:275:16)
            at runTest (C:\Users\alexi\Documents\projects\maicivy\frontend\node_modules\jest-runner\build\testWorker.js:343:7)
            at Object.worker (C:\Users\alexi\Documents\projects\maicivy\frontend\node_modules\jest-runner\build\testWorker.js:497:12),
        type: 'unhandled exception'
      }

    [0m [90m 71 |[39m     [36mconst[39m experienceEvent [33m=[39m { [33m...[39mmockEvent[33m,[39m type[33m:[39m [32m'experience'[39m [36mas[39m [36mconst[39m }[33m;[39m
     [90m 72 |[39m
    [31m[1m>[22m[39m[90m 73 |[39m     render([33m<[39m[33mTimelineModal[39m event[33m=[39m{experienceEvent} onClose[33m=[39m{jest[33m.[39mfn()} [33m/[39m[33m>[39m)[33m;[39m
     [90m    |[39m           [31m[1m^[22m[39m
     [90m 74 |[39m
     [90m 75 |[39m     expect(screen[33m.[39mgetByText([32m'Expérience'[39m))[33m.[39mtoBeInTheDocument()[33m;[39m
     [90m 76 |[39m   })[33m;[39m[0m

      at VirtualConsole.<anonymous> (node_modules/@jest/environment-jsdom-abstract/build/index.js:87:23)
      at reportException (node_modules/jsdom/lib/jsdom/living/helpers/runtime-script-errors.js:70:28)
      at innerInvokeEventListeners (node_modules/jsdom/lib/jsdom/living/events/EventTarget-impl.js:353:9)
      at invokeEventListeners (node_modules/jsdom/lib/jsdom/living/events/EventTarget-impl.js:286:3)
      at HTMLUnknownElementImpl._dispatch (node_modules/jsdom/lib/jsdom/living/events/EventTarget-impl.js:233:9)
      at HTMLUnknownElementImpl.dispatchEvent (node_modules/jsdom/lib/jsdom/living/events/EventTarget-impl.js:104:17)
      at HTMLUnknownElement.dispatchEvent (node_modules/jsdom/lib/jsdom/living/generated/EventTarget.js:241:34)
      at Object.invokeGuardedCallbackDev (node_modules/react-dom/cjs/react-dom.development.js:4213:16)
      at invokeGuardedCallback (node_modules/react-dom/cjs/react-dom.development.js:4277:31)
      at beginWork$1 (node_modules/react-dom/cjs/react-dom.development.js:27490:7)
      at performUnitOfWork (node_modules/react-dom/cjs/react-dom.development.js:26599:12)
      at workLoopSync (node_modules/react-dom/cjs/react-dom.development.js:26505:5)
      at renderRootSync (node_modules/react-dom/cjs/react-dom.development.js:26473:7)
      at performConcurrentWorkOnRoot (node_modules/react-dom/cjs/react-dom.development.js:25777:74)
      at flushActQueue (node_modules/react/cjs/react.development.js:2667:24)
      at act (node_modules/react/cjs/react.development.js:2582:11)
      at node_modules/@testing-library/react/dist/act-compat.js:47:25
      at renderRoot (node_modules/@testing-library/react/dist/pure.js:190:26)
      at render (node_modules/@testing-library/react/dist/pure.js:292:10)
      at Object.<anonymous> (components/__tests__/TimelineModal.test.tsx:73:11)

    console.error
      Warning: React.jsx: type is invalid -- expected a string (for built-in components) or a class/function (for composite components) but got: undefined. You likely forgot to export your component from the file it's defined in, or you might have mixed up default and named imports.
      
      Check the render method of `TimelineModal`.
          at event (C:\Users\alexi\Documents\projects\maicivy\frontend\components\timeline\TimelineModal.tsx:13:56)

    [0m [90m 151 |[39m                 [33m<[39m[33mdiv[39m className[33m=[39m[32m"flex flex-wrap gap-2"[39m[33m>[39m
     [90m 152 |[39m                   {event[33m.[39mtags[33m.[39mmap((tag) [33m=>[39m (
    [31m[1m>[22m[39m[90m 153 |[39m                     [33m<[39m[33mmotion[39m[33m.[39mspan
     [90m     |[39m                     [31m[1m^[22m[39m
     [90m 154 |[39m                       key[33m=[39m{tag}
     [90m 155 |[39m                       whileHover[33m=[39m{{ scale[33m:[39m [35m1.05[39m }}
     [90m 156 |[39m                       className[33m=[39m[32m"px-4 py-2 bg-blue-500 text-white text-sm font-medium rounded-full shadow-sm"[39m[0m

      at printWarning (node_modules/react/cjs/react-jsx-runtime.development.js:87:30)
      at error (node_modules/react/cjs/react-jsx-runtime.development.js:61:7)
      at jsxWithValidation (node_modules/react/cjs/react-jsx-runtime.development.js:1245:7)
      at jsxWithValidationDynamic (node_modules/react/cjs/react-jsx-runtime.development.js:1320:12)
      at components/timeline/TimelineModal.tsx:153:21
          at Array.map (<anonymous>)
      at map (components/timeline/TimelineModal.tsx:152:31)
      at renderWithHooks (node_modules/react-dom/cjs/react-dom.development.js:15486:18)
      at mountIndeterminateComponent (node_modules/react-dom/cjs/react-dom.development.js:20103:13)
      at beginWork (node_modules/react-dom/cjs/react-dom.development.js:21626:16)
      at beginWork$1 (node_modules/react-dom/cjs/react-dom.development.js:27465:14)
      at performUnitOfWork (node_modules/react-dom/cjs/react-dom.development.js:26599:12)
      at workLoopSync (node_modules/react-dom/cjs/react-dom.development.js:26505:5)
      at renderRootSync (node_modules/react-dom/cjs/react-dom.development.js:26473:7)
      at recoverFromConcurrentError (node_modules/react-dom/cjs/react-dom.development.js:25889:20)
      at performConcurrentWorkOnRoot (node_modules/react-dom/cjs/react-dom.development.js:25789:22)
      at flushActQueue (node_modules/react/cjs/react.development.js:2667:24)
      at act (node_modules/react/cjs/react.development.js:2582:11)
      at node_modules/@testing-library/react/dist/act-compat.js:47:25
      at renderRoot (node_modules/@testing-library/react/dist/pure.js:190:26)
      at render (node_modules/@testing-library/react/dist/pure.js:292:10)
      at Object.<anonymous> (components/__tests__/TimelineModal.test.tsx:73:11)

    console.error
      Warning: React.jsx: type is invalid -- expected a string (for built-in components) or a class/function (for composite components) but got: undefined. You likely forgot to export your component from the file it's defined in, or you might have mixed up default and named imports.
      
      Check the render method of `TimelineModal`.
          at event (C:\Users\alexi\Documents\projects\maicivy\frontend\components\timeline\TimelineModal.tsx:13:56)

    [0m [90m 151 |[39m                 [33m<[39m[33mdiv[39m className[33m=[39m[32m"flex flex-wrap gap-2"[39m[33m>[39m
     [90m 152 |[39m                   {event[33m.[39mtags[33m.[39mmap((tag) [33m=>[39m (
    [31m[1m>[22m[39m[90m 153 |[39m                     [33m<[39m[33mmotion[39m[33m.[39mspan
     [90m     |[39m                     [31m[1m^[22m[39m
     [90m 154 |[39m                       key[33m=[39m{tag}
     [90m 155 |[39m                       whileHover[33m=[39m{{ scale[33m:[39m [35m1.05[39m }}
     [90m 156 |[39m                       className[33m=[39m[32m"px-4 py-2 bg-blue-500 text-white text-sm font-medium rounded-full shadow-sm"[39m[0m

      at printWarning (node_modules/react/cjs/react-jsx-runtime.development.js:87:30)
      at error (node_modules/react/cjs/react-jsx-runtime.development.js:61:7)
      at jsxWithValidation (node_modules/react/cjs/react-jsx-runtime.development.js:1245:7)
      at jsxWithValidationDynamic (node_modules/react/cjs/react-jsx-runtime.development.js:1320:12)
      at components/timeline/TimelineModal.tsx:153:21
          at Array.map (<anonymous>)
      at map (components/timeline/TimelineModal.tsx:152:31)
      at renderWithHooks (node_modules/react-dom/cjs/react-dom.development.js:15486:18)
      at mountIndeterminateComponent (node_modules/react-dom/cjs/react-dom.development.js:20103:13)
      at beginWork (node_modules/react-dom/cjs/react-dom.development.js:21626:16)
      at beginWork$1 (node_modules/react-dom/cjs/react-dom.development.js:27465:14)
      at performUnitOfWork (node_modules/react-dom/cjs/react-dom.development.js:26599:12)
      at workLoopSync (node_modules/react-dom/cjs/react-dom.development.js:26505:5)
      at renderRootSync (node_modules/react-dom/cjs/react-dom.development.js:26473:7)
      at recoverFromConcurrentError (node_modules/react-dom/cjs/react-dom.development.js:25889:20)
      at performConcurrentWorkOnRoot (node_modules/react-dom/cjs/react-dom.development.js:25789:22)
      at flushActQueue (node_modules/react/cjs/react.development.js:2667:24)
      at act (node_modules/react/cjs/react.development.js:2582:11)
      at node_modules/@testing-library/react/dist/act-compat.js:47:25
      at renderRoot (node_modules/@testing-library/react/dist/pure.js:190:26)
      at render (node_modules/@testing-library/react/dist/pure.js:292:10)
      at Object.<anonymous> (components/__tests__/TimelineModal.test.tsx:73:11)

    console.error
      Warning: React.jsx: type is invalid -- expected a string (for built-in components) or a class/function (for composite components) but got: undefined. You likely forgot to export your component from the file it's defined in, or you might have mixed up default and named imports.
      
      Check the render method of `TimelineModal`.
          at event (C:\Users\alexi\Documents\projects\maicivy\frontend\components\timeline\TimelineModal.tsx:13:56)

    [0m [90m 151 |[39m                 [33m<[39m[33mdiv[39m className[33m=[39m[32m"flex flex-wrap gap-2"[39m[33m>[39m
     [90m 152 |[39m                   {event[33m.[39mtags[33m.[39mmap((tag) [33m=>[39m (
    [31m[1m>[22m[39m[90m 153 |[39m                     [33m<[39m[33mmotion[39m[33m.[39mspan
     [90m     |[39m                     [31m[1m^[22m[39m
     [90m 154 |[39m                       key[33m=[39m{tag}
     [90m 155 |[39m                       whileHover[33m=[39m{{ scale[33m:[39m [35m1.05[39m }}
     [90m 156 |[39m                       className[33m=[39m[32m"px-4 py-2 bg-blue-500 text-white text-sm font-medium rounded-full shadow-sm"[39m[0m

      at printWarning (node_modules/react/cjs/react-jsx-runtime.development.js:87:30)
      at error (node_modules/react/cjs/react-jsx-runtime.development.js:61:7)
      at jsxWithValidation (node_modules/react/cjs/react-jsx-runtime.development.js:1245:7)
      at jsxWithValidationDynamic (node_modules/react/cjs/react-jsx-runtime.development.js:1320:12)
      at components/timeline/TimelineModal.tsx:153:21
          at Array.map (<anonymous>)
      at map (components/timeline/TimelineModal.tsx:152:31)
      at renderWithHooks (node_modules/react-dom/cjs/react-dom.development.js:15486:18)
      at mountIndeterminateComponent (node_modules/react-dom/cjs/react-dom.development.js:20103:13)
      at beginWork (node_modules/react-dom/cjs/react-dom.development.js:21626:16)
      at beginWork$1 (node_modules/react-dom/cjs/react-dom.development.js:27465:14)
      at performUnitOfWork (node_modules/react-dom/cjs/react-dom.development.js:26599:12)
      at workLoopSync (node_modules/react-dom/cjs/react-dom.development.js:26505:5)
      at renderRootSync (node_modules/react-dom/cjs/react-dom.development.js:26473:7)
      at recoverFromConcurrentError (node_modules/react-dom/cjs/react-dom.development.js:25889:20)
      at performConcurrentWorkOnRoot (node_modules/react-dom/cjs/react-dom.development.js:25789:22)
      at flushActQueue (node_modules/react/cjs/react.development.js:2667:24)
      at act (node_modules/react/cjs/react.development.js:2582:11)
      at node_modules/@testing-library/react/dist/act-compat.js:47:25
      at renderRoot (node_modules/@testing-library/react/dist/pure.js:190:26)
      at render (node_modules/@testing-library/react/dist/pure.js:292:10)
      at Object.<anonymous> (components/__tests__/TimelineModal.test.tsx:73:11)

    console.error
      Warning: React.jsx: type is invalid -- expected a string (for built-in components) or a class/function (for composite components) but got: undefined. You likely forgot to export your component from the file it's defined in, or you might have mixed up default and named imports.
      
      Check the render method of `TimelineModal`.
          at event (C:\Users\alexi\Documents\projects\maicivy\frontend\components\timeline\TimelineModal.tsx:13:56)

    [0m [90m 151 |[39m                 [33m<[39m[33mdiv[39m className[33m=[39m[32m"flex flex-wrap gap-2"[39m[33m>[39m
     [90m 152 |[39m                   {event[33m.[39mtags[33m.[39mmap((tag) [33m=>[39m (
    [31m[1m>[22m[39m[90m 153 |[39m                     [33m<[39m[33mmotion[39m[33m.[39mspan
     [90m     |[39m                     [31m[1m^[22m[39m
     [90m 154 |[39m                       key[33m=[39m{tag}
     [90m 155 |[39m                       whileHover[33m=[39m{{ scale[33m:[39m [35m1.05[39m }}
     [90m 156 |[39m                       className[33m=[39m[32m"px-4 py-2 bg-blue-500 text-white text-sm font-medium rounded-full shadow-sm"[39m[0m

      at printWarning (node_modules/react/cjs/react-jsx-runtime.development.js:87:30)
      at error (node_modules/react/cjs/react-jsx-runtime.development.js:61:7)
      at jsxWithValidation (node_modules/react/cjs/react-jsx-runtime.development.js:1245:7)
      at jsxWithValidationDynamic (node_modules/react/cjs/react-jsx-runtime.development.js:1320:12)
      at components/timeline/TimelineModal.tsx:153:21
          at Array.map (<anonymous>)
      at map (components/timeline/TimelineModal.tsx:152:31)
      at renderWithHooks (node_modules/react-dom/cjs/react-dom.development.js:15486:18)
      at mountIndeterminateComponent (node_modules/react-dom/cjs/react-dom.development.js:20103:13)
      at beginWork (node_modules/react-dom/cjs/react-dom.development.js:21626:16)
      at beginWork$1 (node_modules/react-dom/cjs/react-dom.development.js:27465:14)
      at performUnitOfWork (node_modules/react-dom/cjs/react-dom.development.js:26599:12)
      at workLoopSync (node_modules/react-dom/cjs/react-dom.development.js:26505:5)
      at renderRootSync (node_modules/react-dom/cjs/react-dom.development.js:26473:7)
      at recoverFromConcurrentError (node_modules/react-dom/cjs/react-dom.development.js:25889:20)
      at performConcurrentWorkOnRoot (node_modules/react-dom/cjs/react-dom.development.js:25789:22)
      at flushActQueue (node_modules/react/cjs/react.development.js:2667:24)
      at act (node_modules/react/cjs/react.development.js:2582:11)
      at node_modules/@testing-library/react/dist/act-compat.js:47:25
      at renderRoot (node_modules/@testing-library/react/dist/pure.js:190:26)
      at render (node_modules/@testing-library/react/dist/pure.js:292:10)
      at Object.<anonymous> (components/__tests__/TimelineModal.test.tsx:73:11)

    console.error
      Warning: React.jsx: type is invalid -- expected a string (for built-in components) or a class/function (for composite components) but got: undefined. You likely forgot to export your component from the file it's defined in, or you might have mixed up default and named imports.
      
      Check the render method of `TimelineModal`.
          at event (C:\Users\alexi\Documents\projects\maicivy\frontend\components\timeline\TimelineModal.tsx:13:56)

    [0m [90m 151 |[39m                 [33m<[39m[33mdiv[39m className[33m=[39m[32m"flex flex-wrap gap-2"[39m[33m>[39m
     [90m 152 |[39m                   {event[33m.[39mtags[33m.[39mmap((tag) [33m=>[39m (
    [31m[1m>[22m[39m[90m 153 |[39m                     [33m<[39m[33mmotion[39m[33m.[39mspan
     [90m     |[39m                     [31m[1m^[22m[39m
     [90m 154 |[39m                       key[33m=[39m{tag}
     [90m 155 |[39m                       whileHover[33m=[39m{{ scale[33m:[39m [35m1.05[39m }}
     [90m 156 |[39m                       className[33m=[39m[32m"px-4 py-2 bg-blue-500 text-white text-sm font-medium rounded-full shadow-sm"[39m[0m

      at printWarning (node_modules/react/cjs/react-jsx-runtime.development.js:87:30)
      at error (node_modules/react/cjs/react-jsx-runtime.development.js:61:7)
      at jsxWithValidation (node_modules/react/cjs/react-jsx-runtime.development.js:1245:7)
      at jsxWithValidationDynamic (node_modules/react/cjs/react-jsx-runtime.development.js:1320:12)
      at components/timeline/TimelineModal.tsx:153:21
          at Array.map (<anonymous>)
      at map (components/timeline/TimelineModal.tsx:152:31)
      at renderWithHooks (node_modules/react-dom/cjs/react-dom.development.js:15486:18)
      at mountIndeterminateComponent (node_modules/react-dom/cjs/react-dom.development.js:20103:13)
      at beginWork (node_modules/react-dom/cjs/react-dom.development.js:21626:16)
      at beginWork$1 (node_modules/react-dom/cjs/react-dom.development.js:27465:14)
      at performUnitOfWork (node_modules/react-dom/cjs/react-dom.development.js:26599:12)
      at workLoopSync (node_modules/react-dom/cjs/react-dom.development.js:26505:5)
      at renderRootSync (node_modules/react-dom/cjs/react-dom.development.js:26473:7)
      at recoverFromConcurrentError (node_modules/react-dom/cjs/react-dom.development.js:25889:20)
      at performConcurrentWorkOnRoot (node_modules/react-dom/cjs/react-dom.development.js:25789:22)
      at flushActQueue (node_modules/react/cjs/react.development.js:2667:24)
      at act (node_modules/react/cjs/react.development.js:2582:11)
      at node_modules/@testing-library/react/dist/act-compat.js:47:25
      at renderRoot (node_modules/@testing-library/react/dist/pure.js:190:26)
      at render (node_modules/@testing-library/react/dist/pure.js:292:10)
      at Object.<anonymous> (components/__tests__/TimelineModal.test.tsx:73:11)

    console.error
      Error: Uncaught [Error: Element type is invalid: expected a string (for built-in components) or a class/function (for composite components) but got: undefined. You likely forgot to export your component from the file it's defined in, or you might have mixed up default and named imports.
      
      Check the render method of `TimelineModal`.]
          at reportException (C:\Users\alexi\Documents\projects\maicivy\frontend\node_modules\jsdom\lib\jsdom\living\helpers\runtime-script-errors.js:66:24)
          at innerInvokeEventListeners (C:\Users\alexi\Documents\projects\maicivy\frontend\node_modules\jsdom\lib\jsdom\living\events\EventTarget-impl.js:353:9)
          at invokeEventListeners (C:\Users\alexi\Documents\projects\maicivy\frontend\node_modules\jsdom\lib\jsdom\living\events\EventTarget-impl.js:286:3)
          at HTMLUnknownElementImpl._dispatch (C:\Users\alexi\Documents\projects\maicivy\frontend\node_modules\jsdom\lib\jsdom\living\events\EventTarget-impl.js:233:9)
          at HTMLUnknownElementImpl.dispatchEvent (C:\Users\alexi\Documents\projects\maicivy\frontend\node_modules\jsdom\lib\jsdom\living\events\EventTarget-impl.js:104:17)
          at HTMLUnknownElement.dispatchEvent (C:\Users\alexi\Documents\projects\maicivy\frontend\node_modules\jsdom\lib\jsdom\living\generated\EventTarget.js:241:34)
          at Object.invokeGuardedCallbackDev (C:\Users\alexi\Documents\projects\maicivy\frontend\node_modules\react-dom\cjs\react-dom.development.js:4213:16)
          at invokeGuardedCallback (C:\Users\alexi\Documents\projects\maicivy\frontend\node_modules\react-dom\cjs\react-dom.development.js:4277:31)
          at beginWork$1 (C:\Users\alexi\Documents\projects\maicivy\frontend\node_modules\react-dom\cjs\react-dom.development.js:27490:7)
          at performUnitOfWork (C:\Users\alexi\Documents\projects\maicivy\frontend\node_modules\react-dom\cjs\react-dom.development.js:26599:12)
          at workLoopSync (C:\Users\alexi\Documents\projects\maicivy\frontend\node_modules\react-dom\cjs\react-dom.development.js:26505:5)
          at renderRootSync (C:\Users\alexi\Documents\projects\maicivy\frontend\node_modules\react-dom\cjs\react-dom.development.js:26473:7)
          at recoverFromConcurrentError (C:\Users\alexi\Documents\projects\maicivy\frontend\node_modules\react-dom\cjs\react-dom.development.js:25889:20)
          at performConcurrentWorkOnRoot (C:\Users\alexi\Documents\projects\maicivy\frontend\node_modules\react-dom\cjs\react-dom.development.js:25789:22)
          at flushActQueue (C:\Users\alexi\Documents\projects\maicivy\frontend\node_modules\react\cjs\react.development.js:2667:24)
          at act (C:\Users\alexi\Documents\projects\maicivy\frontend\node_modules\react\cjs\react.development.js:2582:11)
          at C:\Users\alexi\Documents\projects\maicivy\frontend\node_modules\@testing-library\react\dist\act-compat.js:47:25
          at renderRoot (C:\Users\alexi\Documents\projects\maicivy\frontend\node_modules\@testing-library\react\dist\pure.js:190:26)
          at render (C:\Users\alexi\Documents\projects\maicivy\frontend\node_modules\@testing-library\react\dist\pure.js:292:10)
          at Object.<anonymous> (C:\Users\alexi\Documents\projects\maicivy\frontend\components\__tests__\TimelineModal.test.tsx:73:11)
          at Promise.finally.completed (C:\Users\alexi\Documents\projects\maicivy\frontend\node_modules\jest-circus\build\jestAdapterInit.js:1557:28)
          at new Promise (<anonymous>)
          at callAsyncCircusFn (C:\Users\alexi\Documents\projects\maicivy\frontend\node_modules\jest-circus\build\jestAdapterInit.js:1497:10)
          at _callCircusTest (C:\Users\alexi\Documents\projects\maicivy\frontend\node_modules\jest-circus\build\jestAdapterInit.js:1007:40)
          at processTicksAndRejections (node:internal/process/task_queues:103:5)
          at _runTest (C:\Users\alexi\Documents\projects\maicivy\frontend\node_modules\jest-circus\build\jestAdapterInit.js:947:3)
          at C:\Users\alexi\Documents\projects\maicivy\frontend\node_modules\jest-circus\build\jestAdapterInit.js:849:7
          at _runTestsForDescribeBlock (C:\Users\alexi\Documents\projects\maicivy\frontend\node_modules\jest-circus\build\jestAdapterInit.js:862:11)
          at _runTestsForDescribeBlock (C:\Users\alexi\Documents\projects\maicivy\frontend\node_modules\jest-circus\build\jestAdapterInit.js:857:11)
          at run (C:\Users\alexi\Documents\projects\maicivy\frontend\node_modules\jest-circus\build\jestAdapterInit.js:761:3)
          at runAndTransformResultsToJestFormat (C:\Users\alexi\Documents\projects\maicivy\frontend\node_modules\jest-circus\build\jestAdapterInit.js:1918:21)
          at jestAdapter (C:\Users\alexi\Documents\projects\maicivy\frontend\node_modules\jest-circus\build\runner.js:101:19)
          at runTestInternal (C:\Users\alexi\Documents\projects\maicivy\frontend\node_modules\jest-runner\build\testWorker.js:275:16)
          at runTest (C:\Users\alexi\Documents\projects\maicivy\frontend\node_modules\jest-runner\build\testWorker.js:343:7)
          at Object.worker (C:\Users\alexi\Documents\projects\maicivy\frontend\node_modules\jest-runner\build\testWorker.js:497:12) {
        detail: Error: Element type is invalid: expected a string (for built-in components) or a class/function (for composite components) but got: undefined. You likely forgot to export your component from the file it's defined in, or you might have mixed up default and named imports.
        
        Check the render method of `TimelineModal`.
            at createFiberFromTypeAndProps (C:\Users\alexi\Documents\projects\maicivy\frontend\node_modules\react-dom\cjs\react-dom.development.js:28478:17)
            at createFiberFromElement (C:\Users\alexi\Documents\projects\maicivy\frontend\node_modules\react-dom\cjs\react-dom.development.js:28504:15)
            at createChild (C:\Users\alexi\Documents\projects\maicivy\frontend\node_modules\react-dom\cjs\react-dom.development.js:13345:28)
            at reconcileChildrenArray (C:\Users\alexi\Documents\projects\maicivy\frontend\node_modules\react-dom\cjs\react-dom.development.js:13640:25)
            at reconcileChildFibers (C:\Users\alexi\Documents\projects\maicivy\frontend\node_modules\react-dom\cjs\react-dom.development.js:14057:16)
            at reconcileChildren (C:\Users\alexi\Documents\projects\maicivy\frontend\node_modules\react-dom\cjs\react-dom.development.js:19186:28)
            at updateHostComponent (C:\Users\alexi\Documents\projects\maicivy\frontend\node_modules\react-dom\cjs\react-dom.development.js:19953:3)
            at beginWork (C:\Users\alexi\Documents\projects\maicivy\frontend\node_modules\react-dom\cjs\react-dom.development.js:21657:14)
            at HTMLUnknownElement.callCallback (C:\Users\alexi\Documents\projects\maicivy\frontend\node_modules\react-dom\cjs\react-dom.development.js:4164:14)
            at HTMLUnknownElement.callTheUserObjectsOperation (C:\Users\alexi\Documents\projects\maicivy\frontend\node_modules\jsdom\lib\jsdom\living\generated\EventListener.js:26:30)
            at innerInvokeEventListeners (C:\Users\alexi\Documents\projects\maicivy\frontend\node_modules\jsdom\lib\jsdom\living\events\EventTarget-impl.js:350:25)
            at invokeEventListeners (C:\Users\alexi\Documents\projects\maicivy\frontend\node_modules\jsdom\lib\jsdom\living\events\EventTarget-impl.js:286:3)
            at HTMLUnknownElementImpl._dispatch (C:\Users\alexi\Documents\projects\maicivy\frontend\node_modules\jsdom\lib\jsdom\living\events\EventTarget-impl.js:233:9)
            at HTMLUnknownElementImpl.dispatchEvent (C:\Users\alexi\Documents\projects\maicivy\frontend\node_modules\jsdom\lib\jsdom\living\events\EventTarget-impl.js:104:17)
            at HTMLUnknownElement.dispatchEvent (C:\Users\alexi\Documents\projects\maicivy\frontend\node_modules\jsdom\lib\jsdom\living\generated\EventTarget.js:241:34)
            at Object.invokeGuardedCallbackDev (C:\Users\alexi\Documents\projects\maicivy\frontend\node_modules\react-dom\cjs\react-dom.development.js:4213:16)
            at invokeGuardedCallback (C:\Users\alexi\Documents\projects\maicivy\frontend\node_modules\react-dom\cjs\react-dom.development.js:4277:31)
            at beginWork$1 (C:\Users\alexi\Documents\projects\maicivy\frontend\node_modules\react-dom\cjs\react-dom.development.js:27490:7)
            at performUnitOfWork (C:\Users\alexi\Documents\projects\maicivy\frontend\node_modules\react-dom\cjs\react-dom.development.js:26599:12)
            at workLoopSync (C:\Users\alexi\Documents\projects\maicivy\frontend\node_modules\react-dom\cjs\react-dom.development.js:26505:5)
            at renderRootSync (C:\Users\alexi\Documents\projects\maicivy\frontend\node_modules\react-dom\cjs\react-dom.development.js:26473:7)
            at recoverFromConcurrentError (C:\Users\alexi\Documents\projects\maicivy\frontend\node_modules\react-dom\cjs\react-dom.development.js:25889:20)
            at performConcurrentWorkOnRoot (C:\Users\alexi\Documents\projects\maicivy\frontend\node_modules\react-dom\cjs\react-dom.development.js:25789:22)
            at flushActQueue (C:\Users\alexi\Documents\projects\maicivy\frontend\node_modules\react\cjs\react.development.js:2667:24)
            at act (C:\Users\alexi\Documents\projects\maicivy\frontend\node_modules\react\cjs\react.development.js:2582:11)
            at C:\Users\alexi\Documents\projects\maicivy\frontend\node_modules\@testing-library\react\dist\act-compat.js:47:25
            at renderRoot (C:\Users\alexi\Documents\projects\maicivy\frontend\node_modules\@testing-library\react\dist\pure.js:190:26)
            at render (C:\Users\alexi\Documents\projects\maicivy\frontend\node_modules\@testing-library\react\dist\pure.js:292:10)
            at Object.<anonymous> (C:\Users\alexi\Documents\projects\maicivy\frontend\components\__tests__\TimelineModal.test.tsx:73:11)
            at Promise.finally.completed (C:\Users\alexi\Documents\projects\maicivy\frontend\node_modules\jest-circus\build\jestAdapterInit.js:1557:28)
            at new Promise (<anonymous>)
            at callAsyncCircusFn (C:\Users\alexi\Documents\projects\maicivy\frontend\node_modules\jest-circus\build\jestAdapterInit.js:1497:10)
            at _callCircusTest (C:\Users\alexi\Documents\projects\maicivy\frontend\node_modules\jest-circus\build\jestAdapterInit.js:1007:40)
            at processTicksAndRejections (node:internal/process/task_queues:103:5)
            at _runTest (C:\Users\alexi\Documents\projects\maicivy\frontend\node_modules\jest-circus\build\jestAdapterInit.js:947:3)
            at C:\Users\alexi\Documents\projects\maicivy\frontend\node_modules\jest-circus\build\jestAdapterInit.js:849:7
            at _runTestsForDescribeBlock (C:\Users\alexi\Documents\projects\maicivy\frontend\node_modules\jest-circus\build\jestAdapterInit.js:862:11)
            at _runTestsForDescribeBlock (C:\Users\alexi\Documents\projects\maicivy\frontend\node_modules\jest-circus\build\jestAdapterInit.js:857:11)
            at run (C:\Users\alexi\Documents\projects\maicivy\frontend\node_modules\jest-circus\build\jestAdapterInit.js:761:3)
            at runAndTransformResultsToJestFormat (C:\Users\alexi\Documents\projects\maicivy\frontend\node_modules\jest-circus\build\jestAdapterInit.js:1918:21)
            at jestAdapter (C:\Users\alexi\Documents\projects\maicivy\frontend\node_modules\jest-circus\build\runner.js:101:19)
            at runTestInternal (C:\Users\alexi\Documents\projects\maicivy\frontend\node_modules\jest-runner\build\testWorker.js:275:16)
            at runTest (C:\Users\alexi\Documents\projects\maicivy\frontend\node_modules\jest-runner\build\testWorker.js:343:7)
            at Object.worker (C:\Users\alexi\Documents\projects\maicivy\frontend\node_modules\jest-runner\build\testWorker.js:497:12),
        type: 'unhandled exception'
      }

    [0m [90m 71 |[39m     [36mconst[39m experienceEvent [33m=[39m { [33m...[39mmockEvent[33m,[39m type[33m:[39m [32m'experience'[39m [36mas[39m [36mconst[39m }[33m;[39m
     [90m 72 |[39m
    [31m[1m>[22m[39m[90m 73 |[39m     render([33m<[39m[33mTimelineModal[39m event[33m=[39m{experienceEvent} onClose[33m=[39m{jest[33m.[39mfn()} [33m/[39m[33m>[39m)[33m;[39m
     [90m    |[39m           [31m[1m^[22m[39m
     [90m 74 |[39m
     [90m 75 |[39m     expect(screen[33m.[39mgetByText([32m'Expérience'[39m))[33m.[39mtoBeInTheDocument()[33m;[39m
     [90m 76 |[39m   })[33m;[39m[0m

      at VirtualConsole.<anonymous> (node_modules/@jest/environment-jsdom-abstract/build/index.js:87:23)
      at reportException (node_modules/jsdom/lib/jsdom/living/helpers/runtime-script-errors.js:70:28)
      at innerInvokeEventListeners (node_modules/jsdom/lib/jsdom/living/events/EventTarget-impl.js:353:9)
      at invokeEventListeners (node_modules/jsdom/lib/jsdom/living/events/EventTarget-impl.js:286:3)
      at HTMLUnknownElementImpl._dispatch (node_modules/jsdom/lib/jsdom/living/events/EventTarget-impl.js:233:9)
      at HTMLUnknownElementImpl.dispatchEvent (node_modules/jsdom/lib/jsdom/living/events/EventTarget-impl.js:104:17)
      at HTMLUnknownElement.dispatchEvent (node_modules/jsdom/lib/jsdom/living/generated/EventTarget.js:241:34)
      at Object.invokeGuardedCallbackDev (node_modules/react-dom/cjs/react-dom.development.js:4213:16)
      at invokeGuardedCallback (node_modules/react-dom/cjs/react-dom.development.js:4277:31)
      at beginWork$1 (node_modules/react-dom/cjs/react-dom.development.js:27490:7)
      at performUnitOfWork (node_modules/react-dom/cjs/react-dom.development.js:26599:12)
      at workLoopSync (node_modules/react-dom/cjs/react-dom.development.js:26505:5)
      at renderRootSync (node_modules/react-dom/cjs/react-dom.development.js:26473:7)
      at recoverFromConcurrentError (node_modules/react-dom/cjs/react-dom.development.js:25889:20)
      at performConcurrentWorkOnRoot (node_modules/react-dom/cjs/react-dom.development.js:25789:22)
      at flushActQueue (node_modules/react/cjs/react.development.js:2667:24)
      at act (node_modules/react/cjs/react.development.js:2582:11)
      at node_modules/@testing-library/react/dist/act-compat.js:47:25
      at renderRoot (node_modules/@testing-library/react/dist/pure.js:190:26)
      at render (node_modules/@testing-library/react/dist/pure.js:292:10)
      at Object.<anonymous> (components/__tests__/TimelineModal.test.tsx:73:11)

    console.error
      The above error occurred in the <div> component:
      
          at div
          at div
          at div
          at div
          at children (C:\Users\alexi\Documents\projects\maicivy\frontend\components\__tests__\TimelineModal.test.tsx:8:13)
          at div
          at children (C:\Users\alexi\Documents\projects\maicivy\frontend\components\__tests__\TimelineModal.test.tsx:8:13)
          at children (C:\Users\alexi\Documents\projects\maicivy\frontend\components\__tests__\TimelineModal.test.tsx:12:23)
          at event (C:\Users\alexi\Documents\projects\maicivy\frontend\components\timeline\TimelineModal.tsx:13:56)
      
      Consider adding an error boundary to your tree to customize error handling behavior.
      Visit https://reactjs.org/link/error-boundaries to learn more about error boundaries.

    [0m [90m 71 |[39m     [36mconst[39m experienceEvent [33m=[39m { [33m...[39mmockEvent[33m,[39m type[33m:[39m [32m'experience'[39m [36mas[39m [36mconst[39m }[33m;[39m
     [90m 72 |[39m
    [31m[1m>[22m[39m[90m 73 |[39m     render([33m<[39m[33mTimelineModal[39m event[33m=[39m{experienceEvent} onClose[33m=[39m{jest[33m.[39mfn()} [33m/[39m[33m>[39m)[33m;[39m
     [90m    |[39m           [31m[1m^[22m[39m
     [90m 74 |[39m
     [90m 75 |[39m     expect(screen[33m.[39mgetByText([32m'Expérience'[39m))[33m.[39mtoBeInTheDocument()[33m;[39m
     [90m 76 |[39m   })[33m;[39m[0m

      at logCapturedError (node_modules/react-dom/cjs/react-dom.development.js:18704:23)
      at update.callback (node_modules/react-dom/cjs/react-dom.development.js:18737:5)
      at callCallback (node_modules/react-dom/cjs/react-dom.development.js:15036:12)
      at commitUpdateQueue (node_modules/react-dom/cjs/react-dom.development.js:15057:9)
      at commitLayoutEffectOnFiber (node_modules/react-dom/cjs/react-dom.development.js:23430:13)
      at commitLayoutMountEffects_complete (node_modules/react-dom/cjs/react-dom.development.js:24727:9)
      at commitLayoutEffects_begin (node_modules/react-dom/cjs/react-dom.development.js:24713:7)
      at commitLayoutEffects (node_modules/react-dom/cjs/react-dom.development.js:24651:3)
      at commitRootImpl (node_modules/react-dom/cjs/react-dom.development.js:26862:5)
      at commitRoot (node_modules/react-dom/cjs/react-dom.development.js:26721:5)
      at finishConcurrentRender (node_modules/react-dom/cjs/react-dom.development.js:25931:9)
      at performConcurrentWorkOnRoot (node_modules/react-dom/cjs/react-dom.development.js:25848:7)
      at flushActQueue (node_modules/react/cjs/react.development.js:2667:24)
      at act (node_modules/react/cjs/react.development.js:2582:11)
      at node_modules/@testing-library/react/dist/act-compat.js:47:25
      at renderRoot (node_modules/@testing-library/react/dist/pure.js:190:26)
      at render (node_modules/@testing-library/react/dist/pure.js:292:10)
      at Object.<anonymous> (components/__tests__/TimelineModal.test.tsx:73:11)

    console.error
      Warning: React.jsx: type is invalid -- expected a string (for built-in components) or a class/function (for composite components) but got: undefined. You likely forgot to export your component from the file it's defined in, or you might have mixed up default and named imports.
      
      Check the render method of `TimelineModal`.
          at event (C:\Users\alexi\Documents\projects\maicivy\frontend\components\timeline\TimelineModal.tsx:13:56)

    [0m [90m 151 |[39m                 [33m<[39m[33mdiv[39m className[33m=[39m[32m"flex flex-wrap gap-2"[39m[33m>[39m
     [90m 152 |[39m                   {event[33m.[39mtags[33m.[39mmap((tag) [33m=>[39m (
    [31m[1m>[22m[39m[90m 153 |[39m                     [33m<[39m[33mmotion[39m[33m.[39mspan
     [90m     |[39m                     [31m[1m^[22m[39m
     [90m 154 |[39m                       key[33m=[39m{tag}
     [90m 155 |[39m                       whileHover[33m=[39m{{ scale[33m:[39m [35m1.05[39m }}
     [90m 156 |[39m                       className[33m=[39m[32m"px-4 py-2 bg-blue-500 text-white text-sm font-medium rounded-full shadow-sm"[39m[0m

      at printWarning (node_modules/react/cjs/react-jsx-runtime.development.js:87:30)
      at error (node_modules/react/cjs/react-jsx-runtime.development.js:61:7)
      at jsxWithValidation (node_modules/react/cjs/react-jsx-runtime.development.js:1245:7)
      at jsxWithValidationDynamic (node_modules/react/cjs/react-jsx-runtime.development.js:1320:12)
      at components/timeline/TimelineModal.tsx:153:21
          at Array.map (<anonymous>)
      at map (components/timeline/TimelineModal.tsx:152:31)
      at renderWithHooks (node_modules/react-dom/cjs/react-dom.development.js:15486:18)
      at mountIndeterminateComponent (node_modules/react-dom/cjs/react-dom.development.js:20103:13)
      at beginWork (node_modules/react-dom/cjs/react-dom.development.js:21626:16)
      at beginWork$1 (node_modules/react-dom/cjs/react-dom.development.js:27465:14)
      at performUnitOfWork (node_modules/react-dom/cjs/react-dom.development.js:26599:12)
      at workLoopSync (node_modules/react-dom/cjs/react-dom.development.js:26505:5)
      at renderRootSync (node_modules/react-dom/cjs/react-dom.development.js:26473:7)
      at performConcurrentWorkOnRoot (node_modules/react-dom/cjs/react-dom.development.js:25777:74)
      at flushActQueue (node_modules/react/cjs/react.development.js:2667:24)
      at act (node_modules/react/cjs/react.development.js:2582:11)
      at node_modules/@testing-library/react/dist/act-compat.js:47:25
      at renderRoot (node_modules/@testing-library/react/dist/pure.js:190:26)
      at render (node_modules/@testing-library/react/dist/pure.js:292:10)
      at Object.<anonymous> (components/__tests__/TimelineModal.test.tsx:79:11)

    console.error
      Warning: React.jsx: type is invalid -- expected a string (for built-in components) or a class/function (for composite components) but got: undefined. You likely forgot to export your component from the file it's defined in, or you might have mixed up default and named imports.
      
      Check the render method of `TimelineModal`.
          at event (C:\Users\alexi\Documents\projects\maicivy\frontend\components\timeline\TimelineModal.tsx:13:56)

    [0m [90m 151 |[39m                 [33m<[39m[33mdiv[39m className[33m=[39m[32m"flex flex-wrap gap-2"[39m[33m>[39m
     [90m 152 |[39m                   {event[33m.[39mtags[33m.[39mmap((tag) [33m=>[39m (
    [31m[1m>[22m[39m[90m 153 |[39m                     [33m<[39m[33mmotion[39m[33m.[39mspan
     [90m     |[39m                     [31m[1m^[22m[39m
     [90m 154 |[39m                       key[33m=[39m{tag}
     [90m 155 |[39m                       whileHover[33m=[39m{{ scale[33m:[39m [35m1.05[39m }}
     [90m 156 |[39m                       className[33m=[39m[32m"px-4 py-2 bg-blue-500 text-white text-sm font-medium rounded-full shadow-sm"[39m[0m

      at printWarning (node_modules/react/cjs/react-jsx-runtime.development.js:87:30)
      at error (node_modules/react/cjs/react-jsx-runtime.development.js:61:7)
      at jsxWithValidation (node_modules/react/cjs/react-jsx-runtime.development.js:1245:7)
      at jsxWithValidationDynamic (node_modules/react/cjs/react-jsx-runtime.development.js:1320:12)
      at components/timeline/TimelineModal.tsx:153:21
          at Array.map (<anonymous>)
      at map (components/timeline/TimelineModal.tsx:152:31)
      at renderWithHooks (node_modules/react-dom/cjs/react-dom.development.js:15486:18)
      at mountIndeterminateComponent (node_modules/react-dom/cjs/react-dom.development.js:20103:13)
      at beginWork (node_modules/react-dom/cjs/react-dom.development.js:21626:16)
      at beginWork$1 (node_modules/react-dom/cjs/react-dom.development.js:27465:14)
      at performUnitOfWork (node_modules/react-dom/cjs/react-dom.development.js:26599:12)
      at workLoopSync (node_modules/react-dom/cjs/react-dom.development.js:26505:5)
      at renderRootSync (node_modules/react-dom/cjs/react-dom.development.js:26473:7)
      at performConcurrentWorkOnRoot (node_modules/react-dom/cjs/react-dom.development.js:25777:74)
      at flushActQueue (node_modules/react/cjs/react.development.js:2667:24)
      at act (node_modules/react/cjs/react.development.js:2582:11)
      at node_modules/@testing-library/react/dist/act-compat.js:47:25
      at renderRoot (node_modules/@testing-library/react/dist/pure.js:190:26)
      at render (node_modules/@testing-library/react/dist/pure.js:292:10)
      at Object.<anonymous> (components/__tests__/TimelineModal.test.tsx:79:11)

    console.error
      Warning: React.jsx: type is invalid -- expected a string (for built-in components) or a class/function (for composite components) but got: undefined. You likely forgot to export your component from the file it's defined in, or you might have mixed up default and named imports.
      
      Check the render method of `TimelineModal`.
          at event (C:\Users\alexi\Documents\projects\maicivy\frontend\components\timeline\TimelineModal.tsx:13:56)

    [0m [90m 151 |[39m                 [33m<[39m[33mdiv[39m className[33m=[39m[32m"flex flex-wrap gap-2"[39m[33m>[39m
     [90m 152 |[39m                   {event[33m.[39mtags[33m.[39mmap((tag) [33m=>[39m (
    [31m[1m>[22m[39m[90m 153 |[39m                     [33m<[39m[33mmotion[39m[33m.[39mspan
     [90m     |[39m                     [31m[1m^[22m[39m
     [90m 154 |[39m                       key[33m=[39m{tag}
     [90m 155 |[39m                       whileHover[33m=[39m{{ scale[33m:[39m [35m1.05[39m }}
     [90m 156 |[39m                       className[33m=[39m[32m"px-4 py-2 bg-blue-500 text-white text-sm font-medium rounded-full shadow-sm"[39m[0m

      at printWarning (node_modules/react/cjs/react-jsx-runtime.development.js:87:30)
      at error (node_modules/react/cjs/react-jsx-runtime.development.js:61:7)
      at jsxWithValidation (node_modules/react/cjs/react-jsx-runtime.development.js:1245:7)
      at jsxWithValidationDynamic (node_modules/react/cjs/react-jsx-runtime.development.js:1320:12)
      at components/timeline/TimelineModal.tsx:153:21
          at Array.map (<anonymous>)
      at map (components/timeline/TimelineModal.tsx:152:31)
      at renderWithHooks (node_modules/react-dom/cjs/react-dom.development.js:15486:18)
      at mountIndeterminateComponent (node_modules/react-dom/cjs/react-dom.development.js:20103:13)
      at beginWork (node_modules/react-dom/cjs/react-dom.development.js:21626:16)
      at beginWork$1 (node_modules/react-dom/cjs/react-dom.development.js:27465:14)
      at performUnitOfWork (node_modules/react-dom/cjs/react-dom.development.js:26599:12)
      at workLoopSync (node_modules/react-dom/cjs/react-dom.development.js:26505:5)
      at renderRootSync (node_modules/react-dom/cjs/react-dom.development.js:26473:7)
      at performConcurrentWorkOnRoot (node_modules/react-dom/cjs/react-dom.development.js:25777:74)
      at flushActQueue (node_modules/react/cjs/react.development.js:2667:24)
      at act (node_modules/react/cjs/react.development.js:2582:11)
      at node_modules/@testing-library/react/dist/act-compat.js:47:25
      at renderRoot (node_modules/@testing-library/react/dist/pure.js:190:26)
      at render (node_modules/@testing-library/react/dist/pure.js:292:10)
      at Object.<anonymous> (components/__tests__/TimelineModal.test.tsx:79:11)

    console.error
      Warning: React.jsx: type is invalid -- expected a string (for built-in components) or a class/function (for composite components) but got: undefined. You likely forgot to export your component from the file it's defined in, or you might have mixed up default and named imports.
      
      Check the render method of `TimelineModal`.
          at event (C:\Users\alexi\Documents\projects\maicivy\frontend\components\timeline\TimelineModal.tsx:13:56)

    [0m [90m 151 |[39m                 [33m<[39m[33mdiv[39m className[33m=[39m[32m"flex flex-wrap gap-2"[39m[33m>[39m
     [90m 152 |[39m                   {event[33m.[39mtags[33m.[39mmap((tag) [33m=>[39m (
    [31m[1m>[22m[39m[90m 153 |[39m                     [33m<[39m[33mmotion[39m[33m.[39mspan
     [90m     |[39m                     [31m[1m^[22m[39m
     [90m 154 |[39m                       key[33m=[39m{tag}
     [90m 155 |[39m                       whileHover[33m=[39m{{ scale[33m:[39m [35m1.05[39m }}
     [90m 156 |[39m                       className[33m=[39m[32m"px-4 py-2 bg-blue-500 text-white text-sm font-medium rounded-full shadow-sm"[39m[0m

      at printWarning (node_modules/react/cjs/react-jsx-runtime.development.js:87:30)
      at error (node_modules/react/cjs/react-jsx-runtime.development.js:61:7)
      at jsxWithValidation (node_modules/react/cjs/react-jsx-runtime.development.js:1245:7)
      at jsxWithValidationDynamic (node_modules/react/cjs/react-jsx-runtime.development.js:1320:12)
      at components/timeline/TimelineModal.tsx:153:21
          at Array.map (<anonymous>)
      at map (components/timeline/TimelineModal.tsx:152:31)
      at renderWithHooks (node_modules/react-dom/cjs/react-dom.development.js:15486:18)
      at mountIndeterminateComponent (node_modules/react-dom/cjs/react-dom.development.js:20103:13)
      at beginWork (node_modules/react-dom/cjs/react-dom.development.js:21626:16)
      at beginWork$1 (node_modules/react-dom/cjs/react-dom.development.js:27465:14)
      at performUnitOfWork (node_modules/react-dom/cjs/react-dom.development.js:26599:12)
      at workLoopSync (node_modules/react-dom/cjs/react-dom.development.js:26505:5)
      at renderRootSync (node_modules/react-dom/cjs/react-dom.development.js:26473:7)
      at performConcurrentWorkOnRoot (node_modules/react-dom/cjs/react-dom.development.js:25777:74)
      at flushActQueue (node_modules/react/cjs/react.development.js:2667:24)
      at act (node_modules/react/cjs/react.development.js:2582:11)
      at node_modules/@testing-library/react/dist/act-compat.js:47:25
      at renderRoot (node_modules/@testing-library/react/dist/pure.js:190:26)
      at render (node_modules/@testing-library/react/dist/pure.js:292:10)
      at Object.<anonymous> (components/__tests__/TimelineModal.test.tsx:79:11)

    console.error
      Warning: React.jsx: type is invalid -- expected a string (for built-in components) or a class/function (for composite components) but got: undefined. You likely forgot to export your component from the file it's defined in, or you might have mixed up default and named imports.
      
      Check the render method of `TimelineModal`.
          at event (C:\Users\alexi\Documents\projects\maicivy\frontend\components\timeline\TimelineModal.tsx:13:56)

    [0m [90m 151 |[39m                 [33m<[39m[33mdiv[39m className[33m=[39m[32m"flex flex-wrap gap-2"[39m[33m>[39m
     [90m 152 |[39m                   {event[33m.[39mtags[33m.[39mmap((tag) [33m=>[39m (
    [31m[1m>[22m[39m[90m 153 |[39m                     [33m<[39m[33mmotion[39m[33m.[39mspan
     [90m     |[39m                     [31m[1m^[22m[39m
     [90m 154 |[39m                       key[33m=[39m{tag}
     [90m 155 |[39m                       whileHover[33m=[39m{{ scale[33m:[39m [35m1.05[39m }}
     [90m 156 |[39m                       className[33m=[39m[32m"px-4 py-2 bg-blue-500 text-white text-sm font-medium rounded-full shadow-sm"[39m[0m

      at printWarning (node_modules/react/cjs/react-jsx-runtime.development.js:87:30)
      at error (node_modules/react/cjs/react-jsx-runtime.development.js:61:7)
      at jsxWithValidation (node_modules/react/cjs/react-jsx-runtime.development.js:1245:7)
      at jsxWithValidationDynamic (node_modules/react/cjs/react-jsx-runtime.development.js:1320:12)
      at components/timeline/TimelineModal.tsx:153:21
          at Array.map (<anonymous>)
      at map (components/timeline/TimelineModal.tsx:152:31)
      at renderWithHooks (node_modules/react-dom/cjs/react-dom.development.js:15486:18)
      at mountIndeterminateComponent (node_modules/react-dom/cjs/react-dom.development.js:20103:13)
      at beginWork (node_modules/react-dom/cjs/react-dom.development.js:21626:16)
      at beginWork$1 (node_modules/react-dom/cjs/react-dom.development.js:27465:14)
      at performUnitOfWork (node_modules/react-dom/cjs/react-dom.development.js:26599:12)
      at workLoopSync (node_modules/react-dom/cjs/react-dom.development.js:26505:5)
      at renderRootSync (node_modules/react-dom/cjs/react-dom.development.js:26473:7)
      at performConcurrentWorkOnRoot (node_modules/react-dom/cjs/react-dom.development.js:25777:74)
      at flushActQueue (node_modules/react/cjs/react.development.js:2667:24)
      at act (node_modules/react/cjs/react.development.js:2582:11)
      at node_modules/@testing-library/react/dist/act-compat.js:47:25
      at renderRoot (node_modules/@testing-library/react/dist/pure.js:190:26)
      at render (node_modules/@testing-library/react/dist/pure.js:292:10)
      at Object.<anonymous> (components/__tests__/TimelineModal.test.tsx:79:11)

    console.error
      Error: Uncaught [Error: Element type is invalid: expected a string (for built-in components) or a class/function (for composite components) but got: undefined. You likely forgot to export your component from the file it's defined in, or you might have mixed up default and named imports.
      
      Check the render method of `TimelineModal`.]
          at reportException (C:\Users\alexi\Documents\projects\maicivy\frontend\node_modules\jsdom\lib\jsdom\living\helpers\runtime-script-errors.js:66:24)
          at innerInvokeEventListeners (C:\Users\alexi\Documents\projects\maicivy\frontend\node_modules\jsdom\lib\jsdom\living\events\EventTarget-impl.js:353:9)
          at invokeEventListeners (C:\Users\alexi\Documents\projects\maicivy\frontend\node_modules\jsdom\lib\jsdom\living\events\EventTarget-impl.js:286:3)
          at HTMLUnknownElementImpl._dispatch (C:\Users\alexi\Documents\projects\maicivy\frontend\node_modules\jsdom\lib\jsdom\living\events\EventTarget-impl.js:233:9)
          at HTMLUnknownElementImpl.dispatchEvent (C:\Users\alexi\Documents\projects\maicivy\frontend\node_modules\jsdom\lib\jsdom\living\events\EventTarget-impl.js:104:17)
          at HTMLUnknownElement.dispatchEvent (C:\Users\alexi\Documents\projects\maicivy\frontend\node_modules\jsdom\lib\jsdom\living\generated\EventTarget.js:241:34)
          at Object.invokeGuardedCallbackDev (C:\Users\alexi\Documents\projects\maicivy\frontend\node_modules\react-dom\cjs\react-dom.development.js:4213:16)
          at invokeGuardedCallback (C:\Users\alexi\Documents\projects\maicivy\frontend\node_modules\react-dom\cjs\react-dom.development.js:4277:31)
          at beginWork$1 (C:\Users\alexi\Documents\projects\maicivy\frontend\node_modules\react-dom\cjs\react-dom.development.js:27490:7)
          at performUnitOfWork (C:\Users\alexi\Documents\projects\maicivy\frontend\node_modules\react-dom\cjs\react-dom.development.js:26599:12)
          at workLoopSync (C:\Users\alexi\Documents\projects\maicivy\frontend\node_modules\react-dom\cjs\react-dom.development.js:26505:5)
          at renderRootSync (C:\Users\alexi\Documents\projects\maicivy\frontend\node_modules\react-dom\cjs\react-dom.development.js:26473:7)
          at performConcurrentWorkOnRoot (C:\Users\alexi\Documents\projects\maicivy\frontend\node_modules\react-dom\cjs\react-dom.development.js:25777:74)
          at flushActQueue (C:\Users\alexi\Documents\projects\maicivy\frontend\node_modules\react\cjs\react.development.js:2667:24)
          at act (C:\Users\alexi\Documents\projects\maicivy\frontend\node_modules\react\cjs\react.development.js:2582:11)
          at C:\Users\alexi\Documents\projects\maicivy\frontend\node_modules\@testing-library\react\dist\act-compat.js:47:25
          at renderRoot (C:\Users\alexi\Documents\projects\maicivy\frontend\node_modules\@testing-library\react\dist\pure.js:190:26)
          at render (C:\Users\alexi\Documents\projects\maicivy\frontend\node_modules\@testing-library\react\dist\pure.js:292:10)
          at Object.<anonymous> (C:\Users\alexi\Documents\projects\maicivy\frontend\components\__tests__\TimelineModal.test.tsx:79:11)
          at Promise.finally.completed (C:\Users\alexi\Documents\projects\maicivy\frontend\node_modules\jest-circus\build\jestAdapterInit.js:1557:28)
          at new Promise (<anonymous>)
          at callAsyncCircusFn (C:\Users\alexi\Documents\projects\maicivy\frontend\node_modules\jest-circus\build\jestAdapterInit.js:1497:10)
          at _callCircusTest (C:\Users\alexi\Documents\projects\maicivy\frontend\node_modules\jest-circus\build\jestAdapterInit.js:1007:40)
          at processTicksAndRejections (node:internal/process/task_queues:103:5)
          at _runTest (C:\Users\alexi\Documents\projects\maicivy\frontend\node_modules\jest-circus\build\jestAdapterInit.js:947:3)
          at C:\Users\alexi\Documents\projects\maicivy\frontend\node_modules\jest-circus\build\jestAdapterInit.js:849:7
          at _runTestsForDescribeBlock (C:\Users\alexi\Documents\projects\maicivy\frontend\node_modules\jest-circus\build\jestAdapterInit.js:862:11)
          at _runTestsForDescribeBlock (C:\Users\alexi\Documents\projects\maicivy\frontend\node_modules\jest-circus\build\jestAdapterInit.js:857:11)
          at run (C:\Users\alexi\Documents\projects\maicivy\frontend\node_modules\jest-circus\build\jestAdapterInit.js:761:3)
          at runAndTransformResultsToJestFormat (C:\Users\alexi\Documents\projects\maicivy\frontend\node_modules\jest-circus\build\jestAdapterInit.js:1918:21)
          at jestAdapter (C:\Users\alexi\Documents\projects\maicivy\frontend\node_modules\jest-circus\build\runner.js:101:19)
          at runTestInternal (C:\Users\alexi\Documents\projects\maicivy\frontend\node_modules\jest-runner\build\testWorker.js:275:16)
          at runTest (C:\Users\alexi\Documents\projects\maicivy\frontend\node_modules\jest-runner\build\testWorker.js:343:7)
          at Object.worker (C:\Users\alexi\Documents\projects\maicivy\frontend\node_modules\jest-runner\build\testWorker.js:497:12) {
        detail: Error: Element type is invalid: expected a string (for built-in components) or a class/function (for composite components) but got: undefined. You likely forgot to export your component from the file it's defined in, or you might have mixed up default and named imports.
        
        Check the render method of `TimelineModal`.
            at createFiberFromTypeAndProps (C:\Users\alexi\Documents\projects\maicivy\frontend\node_modules\react-dom\cjs\react-dom.development.js:28478:17)
            at createFiberFromElement (C:\Users\alexi\Documents\projects\maicivy\frontend\node_modules\react-dom\cjs\react-dom.development.js:28504:15)
            at createChild (C:\Users\alexi\Documents\projects\maicivy\frontend\node_modules\react-dom\cjs\react-dom.development.js:13345:28)
            at reconcileChildrenArray (C:\Users\alexi\Documents\projects\maicivy\frontend\node_modules\react-dom\cjs\react-dom.development.js:13640:25)
            at reconcileChildFibers (C:\Users\alexi\Documents\projects\maicivy\frontend\node_modules\react-dom\cjs\react-dom.development.js:14057:16)
            at reconcileChildren (C:\Users\alexi\Documents\projects\maicivy\frontend\node_modules\react-dom\cjs\react-dom.development.js:19186:28)
            at updateHostComponent (C:\Users\alexi\Documents\projects\maicivy\frontend\node_modules\react-dom\cjs\react-dom.development.js:19953:3)
            at beginWork (C:\Users\alexi\Documents\projects\maicivy\frontend\node_modules\react-dom\cjs\react-dom.development.js:21657:14)
            at HTMLUnknownElement.callCallback (C:\Users\alexi\Documents\projects\maicivy\frontend\node_modules\react-dom\cjs\react-dom.development.js:4164:14)
            at HTMLUnknownElement.callTheUserObjectsOperation (C:\Users\alexi\Documents\projects\maicivy\frontend\node_modules\jsdom\lib\jsdom\living\generated\EventListener.js:26:30)
            at innerInvokeEventListeners (C:\Users\alexi\Documents\projects\maicivy\frontend\node_modules\jsdom\lib\jsdom\living\events\EventTarget-impl.js:350:25)
            at invokeEventListeners (C:\Users\alexi\Documents\projects\maicivy\frontend\node_modules\jsdom\lib\jsdom\living\events\EventTarget-impl.js:286:3)
            at HTMLUnknownElementImpl._dispatch (C:\Users\alexi\Documents\projects\maicivy\frontend\node_modules\jsdom\lib\jsdom\living\events\EventTarget-impl.js:233:9)
            at HTMLUnknownElementImpl.dispatchEvent (C:\Users\alexi\Documents\projects\maicivy\frontend\node_modules\jsdom\lib\jsdom\living\events\EventTarget-impl.js:104:17)
            at HTMLUnknownElement.dispatchEvent (C:\Users\alexi\Documents\projects\maicivy\frontend\node_modules\jsdom\lib\jsdom\living\generated\EventTarget.js:241:34)
            at Object.invokeGuardedCallbackDev (C:\Users\alexi\Documents\projects\maicivy\frontend\node_modules\react-dom\cjs\react-dom.development.js:4213:16)
            at invokeGuardedCallback (C:\Users\alexi\Documents\projects\maicivy\frontend\node_modules\react-dom\cjs\react-dom.development.js:4277:31)
            at beginWork$1 (C:\Users\alexi\Documents\projects\maicivy\frontend\node_modules\react-dom\cjs\react-dom.development.js:27490:7)
            at performUnitOfWork (C:\Users\alexi\Documents\projects\maicivy\frontend\node_modules\react-dom\cjs\react-dom.development.js:26599:12)
            at workLoopSync (C:\Users\alexi\Documents\projects\maicivy\frontend\node_modules\react-dom\cjs\react-dom.development.js:26505:5)
            at renderRootSync (C:\Users\alexi\Documents\projects\maicivy\frontend\node_modules\react-dom\cjs\react-dom.development.js:26473:7)
            at performConcurrentWorkOnRoot (C:\Users\alexi\Documents\projects\maicivy\frontend\node_modules\react-dom\cjs\react-dom.development.js:25777:74)
            at flushActQueue (C:\Users\alexi\Documents\projects\maicivy\frontend\node_modules\react\cjs\react.development.js:2667:24)
            at act (C:\Users\alexi\Documents\projects\maicivy\frontend\node_modules\react\cjs\react.development.js:2582:11)
            at C:\Users\alexi\Documents\projects\maicivy\frontend\node_modules\@testing-library\react\dist\act-compat.js:47:25
            at renderRoot (C:\Users\alexi\Documents\projects\maicivy\frontend\node_modules\@testing-library\react\dist\pure.js:190:26)
            at render (C:\Users\alexi\Documents\projects\maicivy\frontend\node_modules\@testing-library\react\dist\pure.js:292:10)
            at Object.<anonymous> (C:\Users\alexi\Documents\projects\maicivy\frontend\components\__tests__\TimelineModal.test.tsx:79:11)
            at Promise.finally.completed (C:\Users\alexi\Documents\projects\maicivy\frontend\node_modules\jest-circus\build\jestAdapterInit.js:1557:28)
            at new Promise (<anonymous>)
            at callAsyncCircusFn (C:\Users\alexi\Documents\projects\maicivy\frontend\node_modules\jest-circus\build\jestAdapterInit.js:1497:10)
            at _callCircusTest (C:\Users\alexi\Documents\projects\maicivy\frontend\node_modules\jest-circus\build\jestAdapterInit.js:1007:40)
            at processTicksAndRejections (node:internal/process/task_queues:103:5)
            at _runTest (C:\Users\alexi\Documents\projects\maicivy\frontend\node_modules\jest-circus\build\jestAdapterInit.js:947:3)
            at C:\Users\alexi\Documents\projects\maicivy\frontend\node_modules\jest-circus\build\jestAdapterInit.js:849:7
            at _runTestsForDescribeBlock (C:\Users\alexi\Documents\projects\maicivy\frontend\node_modules\jest-circus\build\jestAdapterInit.js:862:11)
            at _runTestsForDescribeBlock (C:\Users\alexi\Documents\projects\maicivy\frontend\node_modules\jest-circus\build\jestAdapterInit.js:857:11)
            at run (C:\Users\alexi\Documents\projects\maicivy\frontend\node_modules\jest-circus\build\jestAdapterInit.js:761:3)
            at runAndTransformResultsToJestFormat (C:\Users\alexi\Documents\projects\maicivy\frontend\node_modules\jest-circus\build\jestAdapterInit.js:1918:21)
            at jestAdapter (C:\Users\alexi\Documents\projects\maicivy\frontend\node_modules\jest-circus\build\runner.js:101:19)
            at runTestInternal (C:\Users\alexi\Documents\projects\maicivy\frontend\node_modules\jest-runner\build\testWorker.js:275:16)
            at runTest (C:\Users\alexi\Documents\projects\maicivy\frontend\node_modules\jest-runner\build\testWorker.js:343:7)
            at Object.worker (C:\Users\alexi\Documents\projects\maicivy\frontend\node_modules\jest-runner\build\testWorker.js:497:12),
        type: 'unhandled exception'
      }

    [0m [90m 77 |[39m
     [90m 78 |[39m   it([32m'should display category badge'[39m[33m,[39m () [33m=>[39m {
    [31m[1m>[22m[39m[90m 79 |[39m     render([33m<[39m[33mTimelineModal[39m event[33m=[39m{mockEvent} onClose[33m=[39m{jest[33m.[39mfn()} [33m/[39m[33m>[39m)[33m;[39m
     [90m    |[39m           [31m[1m^[22m[39m
     [90m 80 |[39m
     [90m 81 |[39m     expect(screen[33m.[39mgetByText([32m'Backend'[39m))[33m.[39mtoBeInTheDocument()[33m;[39m
     [90m 82 |[39m   })[33m;[39m[0m

      at VirtualConsole.<anonymous> (node_modules/@jest/environment-jsdom-abstract/build/index.js:87:23)
      at reportException (node_modules/jsdom/lib/jsdom/living/helpers/runtime-script-errors.js:70:28)
      at innerInvokeEventListeners (node_modules/jsdom/lib/jsdom/living/events/EventTarget-impl.js:353:9)
      at invokeEventListeners (node_modules/jsdom/lib/jsdom/living/events/EventTarget-impl.js:286:3)
      at HTMLUnknownElementImpl._dispatch (node_modules/jsdom/lib/jsdom/living/events/EventTarget-impl.js:233:9)
      at HTMLUnknownElementImpl.dispatchEvent (node_modules/jsdom/lib/jsdom/living/events/EventTarget-impl.js:104:17)
      at HTMLUnknownElement.dispatchEvent (node_modules/jsdom/lib/jsdom/living/generated/EventTarget.js:241:34)
      at Object.invokeGuardedCallbackDev (node_modules/react-dom/cjs/react-dom.development.js:4213:16)
      at invokeGuardedCallback (node_modules/react-dom/cjs/react-dom.development.js:4277:31)
      at beginWork$1 (node_modules/react-dom/cjs/react-dom.development.js:27490:7)
      at performUnitOfWork (node_modules/react-dom/cjs/react-dom.development.js:26599:12)
      at workLoopSync (node_modules/react-dom/cjs/react-dom.development.js:26505:5)
      at renderRootSync (node_modules/react-dom/cjs/react-dom.development.js:26473:7)
      at performConcurrentWorkOnRoot (node_modules/react-dom/cjs/react-dom.development.js:25777:74)
      at flushActQueue (node_modules/react/cjs/react.development.js:2667:24)
      at act (node_modules/react/cjs/react.development.js:2582:11)
      at node_modules/@testing-library/react/dist/act-compat.js:47:25
      at renderRoot (node_modules/@testing-library/react/dist/pure.js:190:26)
      at render (node_modules/@testing-library/react/dist/pure.js:292:10)
      at Object.<anonymous> (components/__tests__/TimelineModal.test.tsx:79:11)

    console.error
      Warning: React.jsx: type is invalid -- expected a string (for built-in components) or a class/function (for composite components) but got: undefined. You likely forgot to export your component from the file it's defined in, or you might have mixed up default and named imports.
      
      Check the render method of `TimelineModal`.
          at event (C:\Users\alexi\Documents\projects\maicivy\frontend\components\timeline\TimelineModal.tsx:13:56)

    [0m [90m 151 |[39m                 [33m<[39m[33mdiv[39m className[33m=[39m[32m"flex flex-wrap gap-2"[39m[33m>[39m
     [90m 152 |[39m                   {event[33m.[39mtags[33m.[39mmap((tag) [33m=>[39m (
    [31m[1m>[22m[39m[90m 153 |[39m                     [33m<[39m[33mmotion[39m[33m.[39mspan
     [90m     |[39m                     [31m[1m^[22m[39m
     [90m 154 |[39m                       key[33m=[39m{tag}
     [90m 155 |[39m                       whileHover[33m=[39m{{ scale[33m:[39m [35m1.05[39m }}
     [90m 156 |[39m                       className[33m=[39m[32m"px-4 py-2 bg-blue-500 text-white text-sm font-medium rounded-full shadow-sm"[39m[0m

      at printWarning (node_modules/react/cjs/react-jsx-runtime.development.js:87:30)
      at error (node_modules/react/cjs/react-jsx-runtime.development.js:61:7)
      at jsxWithValidation (node_modules/react/cjs/react-jsx-runtime.development.js:1245:7)
      at jsxWithValidationDynamic (node_modules/react/cjs/react-jsx-runtime.development.js:1320:12)
      at components/timeline/TimelineModal.tsx:153:21
          at Array.map (<anonymous>)
      at map (components/timeline/TimelineModal.tsx:152:31)
      at renderWithHooks (node_modules/react-dom/cjs/react-dom.development.js:15486:18)
      at mountIndeterminateComponent (node_modules/react-dom/cjs/react-dom.development.js:20103:13)
      at beginWork (node_modules/react-dom/cjs/react-dom.development.js:21626:16)
      at beginWork$1 (node_modules/react-dom/cjs/react-dom.development.js:27465:14)
      at performUnitOfWork (node_modules/react-dom/cjs/react-dom.development.js:26599:12)
      at workLoopSync (node_modules/react-dom/cjs/react-dom.development.js:26505:5)
      at renderRootSync (node_modules/react-dom/cjs/react-dom.development.js:26473:7)
      at recoverFromConcurrentError (node_modules/react-dom/cjs/react-dom.development.js:25889:20)
      at performConcurrentWorkOnRoot (node_modules/react-dom/cjs/react-dom.development.js:25789:22)
      at flushActQueue (node_modules/react/cjs/react.development.js:2667:24)
      at act (node_modules/react/cjs/react.development.js:2582:11)
      at node_modules/@testing-library/react/dist/act-compat.js:47:25
      at renderRoot (node_modules/@testing-library/react/dist/pure.js:190:26)
      at render (node_modules/@testing-library/react/dist/pure.js:292:10)
      at Object.<anonymous> (components/__tests__/TimelineModal.test.tsx:79:11)

    console.error
      Warning: React.jsx: type is invalid -- expected a string (for built-in components) or a class/function (for composite components) but got: undefined. You likely forgot to export your component from the file it's defined in, or you might have mixed up default and named imports.
      
      Check the render method of `TimelineModal`.
          at event (C:\Users\alexi\Documents\projects\maicivy\frontend\components\timeline\TimelineModal.tsx:13:56)

    [0m [90m 151 |[39m                 [33m<[39m[33mdiv[39m className[33m=[39m[32m"flex flex-wrap gap-2"[39m[33m>[39m
     [90m 152 |[39m                   {event[33m.[39mtags[33m.[39mmap((tag) [33m=>[39m (
    [31m[1m>[22m[39m[90m 153 |[39m                     [33m<[39m[33mmotion[39m[33m.[39mspan
     [90m     |[39m                     [31m[1m^[22m[39m
     [90m 154 |[39m                       key[33m=[39m{tag}
     [90m 155 |[39m                       whileHover[33m=[39m{{ scale[33m:[39m [35m1.05[39m }}
     [90m 156 |[39m                       className[33m=[39m[32m"px-4 py-2 bg-blue-500 text-white text-sm font-medium rounded-full shadow-sm"[39m[0m

      at printWarning (node_modules/react/cjs/react-jsx-runtime.development.js:87:30)
      at error (node_modules/react/cjs/react-jsx-runtime.development.js:61:7)
      at jsxWithValidation (node_modules/react/cjs/react-jsx-runtime.development.js:1245:7)
      at jsxWithValidationDynamic (node_modules/react/cjs/react-jsx-runtime.development.js:1320:12)
      at components/timeline/TimelineModal.tsx:153:21
          at Array.map (<anonymous>)
      at map (components/timeline/TimelineModal.tsx:152:31)
      at renderWithHooks (node_modules/react-dom/cjs/react-dom.development.js:15486:18)
      at mountIndeterminateComponent (node_modules/react-dom/cjs/react-dom.development.js:20103:13)
      at beginWork (node_modules/react-dom/cjs/react-dom.development.js:21626:16)
      at beginWork$1 (node_modules/react-dom/cjs/react-dom.development.js:27465:14)
      at performUnitOfWork (node_modules/react-dom/cjs/react-dom.development.js:26599:12)
      at workLoopSync (node_modules/react-dom/cjs/react-dom.development.js:26505:5)
      at renderRootSync (node_modules/react-dom/cjs/react-dom.development.js:26473:7)
      at recoverFromConcurrentError (node_modules/react-dom/cjs/react-dom.development.js:25889:20)
      at performConcurrentWorkOnRoot (node_modules/react-dom/cjs/react-dom.development.js:25789:22)
      at flushActQueue (node_modules/react/cjs/react.development.js:2667:24)
      at act (node_modules/react/cjs/react.development.js:2582:11)
      at node_modules/@testing-library/react/dist/act-compat.js:47:25
      at renderRoot (node_modules/@testing-library/react/dist/pure.js:190:26)
      at render (node_modules/@testing-library/react/dist/pure.js:292:10)
      at Object.<anonymous> (components/__tests__/TimelineModal.test.tsx:79:11)

    console.error
      Warning: React.jsx: type is invalid -- expected a string (for built-in components) or a class/function (for composite components) but got: undefined. You likely forgot to export your component from the file it's defined in, or you might have mixed up default and named imports.
      
      Check the render method of `TimelineModal`.
          at event (C:\Users\alexi\Documents\projects\maicivy\frontend\components\timeline\TimelineModal.tsx:13:56)

    [0m [90m 151 |[39m                 [33m<[39m[33mdiv[39m className[33m=[39m[32m"flex flex-wrap gap-2"[39m[33m>[39m
     [90m 152 |[39m                   {event[33m.[39mtags[33m.[39mmap((tag) [33m=>[39m (
    [31m[1m>[22m[39m[90m 153 |[39m                     [33m<[39m[33mmotion[39m[33m.[39mspan
     [90m     |[39m                     [31m[1m^[22m[39m
     [90m 154 |[39m                       key[33m=[39m{tag}
     [90m 155 |[39m                       whileHover[33m=[39m{{ scale[33m:[39m [35m1.05[39m }}
     [90m 156 |[39m                       className[33m=[39m[32m"px-4 py-2 bg-blue-500 text-white text-sm font-medium rounded-full shadow-sm"[39m[0m

      at printWarning (node_modules/react/cjs/react-jsx-runtime.development.js:87:30)
      at error (node_modules/react/cjs/react-jsx-runtime.development.js:61:7)
      at jsxWithValidation (node_modules/react/cjs/react-jsx-runtime.development.js:1245:7)
      at jsxWithValidationDynamic (node_modules/react/cjs/react-jsx-runtime.development.js:1320:12)
      at components/timeline/TimelineModal.tsx:153:21
          at Array.map (<anonymous>)
      at map (components/timeline/TimelineModal.tsx:152:31)
      at renderWithHooks (node_modules/react-dom/cjs/react-dom.development.js:15486:18)
      at mountIndeterminateComponent (node_modules/react-dom/cjs/react-dom.development.js:20103:13)
      at beginWork (node_modules/react-dom/cjs/react-dom.development.js:21626:16)
      at beginWork$1 (node_modules/react-dom/cjs/react-dom.development.js:27465:14)
      at performUnitOfWork (node_modules/react-dom/cjs/react-dom.development.js:26599:12)
      at workLoopSync (node_modules/react-dom/cjs/react-dom.development.js:26505:5)
      at renderRootSync (node_modules/react-dom/cjs/react-dom.development.js:26473:7)
      at recoverFromConcurrentError (node_modules/react-dom/cjs/react-dom.development.js:25889:20)
      at performConcurrentWorkOnRoot (node_modules/react-dom/cjs/react-dom.development.js:25789:22)
      at flushActQueue (node_modules/react/cjs/react.development.js:2667:24)
      at act (node_modules/react/cjs/react.development.js:2582:11)
      at node_modules/@testing-library/react/dist/act-compat.js:47:25
      at renderRoot (node_modules/@testing-library/react/dist/pure.js:190:26)
      at render (node_modules/@testing-library/react/dist/pure.js:292:10)
      at Object.<anonymous> (components/__tests__/TimelineModal.test.tsx:79:11)

    console.error
      Warning: React.jsx: type is invalid -- expected a string (for built-in components) or a class/function (for composite components) but got: undefined. You likely forgot to export your component from the file it's defined in, or you might have mixed up default and named imports.
      
      Check the render method of `TimelineModal`.
          at event (C:\Users\alexi\Documents\projects\maicivy\frontend\components\timeline\TimelineModal.tsx:13:56)

    [0m [90m 151 |[39m                 [33m<[39m[33mdiv[39m className[33m=[39m[32m"flex flex-wrap gap-2"[39m[33m>[39m
     [90m 152 |[39m                   {event[33m.[39mtags[33m.[39mmap((tag) [33m=>[39m (
    [31m[1m>[22m[39m[90m 153 |[39m                     [33m<[39m[33mmotion[39m[33m.[39mspan
     [90m     |[39m                     [31m[1m^[22m[39m
     [90m 154 |[39m                       key[33m=[39m{tag}
     [90m 155 |[39m                       whileHover[33m=[39m{{ scale[33m:[39m [35m1.05[39m }}
     [90m 156 |[39m                       className[33m=[39m[32m"px-4 py-2 bg-blue-500 text-white text-sm font-medium rounded-full shadow-sm"[39m[0m

      at printWarning (node_modules/react/cjs/react-jsx-runtime.development.js:87:30)
      at error (node_modules/react/cjs/react-jsx-runtime.development.js:61:7)
      at jsxWithValidation (node_modules/react/cjs/react-jsx-runtime.development.js:1245:7)
      at jsxWithValidationDynamic (node_modules/react/cjs/react-jsx-runtime.development.js:1320:12)
      at components/timeline/TimelineModal.tsx:153:21
          at Array.map (<anonymous>)
      at map (components/timeline/TimelineModal.tsx:152:31)
      at renderWithHooks (node_modules/react-dom/cjs/react-dom.development.js:15486:18)
      at mountIndeterminateComponent (node_modules/react-dom/cjs/react-dom.development.js:20103:13)
      at beginWork (node_modules/react-dom/cjs/react-dom.development.js:21626:16)
      at beginWork$1 (node_modules/react-dom/cjs/react-dom.development.js:27465:14)
      at performUnitOfWork (node_modules/react-dom/cjs/react-dom.development.js:26599:12)
      at workLoopSync (node_modules/react-dom/cjs/react-dom.development.js:26505:5)
      at renderRootSync (node_modules/react-dom/cjs/react-dom.development.js:26473:7)
      at recoverFromConcurrentError (node_modules/react-dom/cjs/react-dom.development.js:25889:20)
      at performConcurrentWorkOnRoot (node_modules/react-dom/cjs/react-dom.development.js:25789:22)
      at flushActQueue (node_modules/react/cjs/react.development.js:2667:24)
      at act (node_modules/react/cjs/react.development.js:2582:11)
      at node_modules/@testing-library/react/dist/act-compat.js:47:25
      at renderRoot (node_modules/@testing-library/react/dist/pure.js:190:26)
      at render (node_modules/@testing-library/react/dist/pure.js:292:10)
      at Object.<anonymous> (components/__tests__/TimelineModal.test.tsx:79:11)

    console.error
      Warning: React.jsx: type is invalid -- expected a string (for built-in components) or a class/function (for composite components) but got: undefined. You likely forgot to export your component from the file it's defined in, or you might have mixed up default and named imports.
      
      Check the render method of `TimelineModal`.
          at event (C:\Users\alexi\Documents\projects\maicivy\frontend\components\timeline\TimelineModal.tsx:13:56)

    [0m [90m 151 |[39m                 [33m<[39m[33mdiv[39m className[33m=[39m[32m"flex flex-wrap gap-2"[39m[33m>[39m
     [90m 152 |[39m                   {event[33m.[39mtags[33m.[39mmap((tag) [33m=>[39m (
    [31m[1m>[22m[39m[90m 153 |[39m                     [33m<[39m[33mmotion[39m[33m.[39mspan
     [90m     |[39m                     [31m[1m^[22m[39m
     [90m 154 |[39m                       key[33m=[39m{tag}
     [90m 155 |[39m                       whileHover[33m=[39m{{ scale[33m:[39m [35m1.05[39m }}
     [90m 156 |[39m                       className[33m=[39m[32m"px-4 py-2 bg-blue-500 text-white text-sm font-medium rounded-full shadow-sm"[39m[0m

      at printWarning (node_modules/react/cjs/react-jsx-runtime.development.js:87:30)
      at error (node_modules/react/cjs/react-jsx-runtime.development.js:61:7)
      at jsxWithValidation (node_modules/react/cjs/react-jsx-runtime.development.js:1245:7)
      at jsxWithValidationDynamic (node_modules/react/cjs/react-jsx-runtime.development.js:1320:12)
      at components/timeline/TimelineModal.tsx:153:21
          at Array.map (<anonymous>)
      at map (components/timeline/TimelineModal.tsx:152:31)
      at renderWithHooks (node_modules/react-dom/cjs/react-dom.development.js:15486:18)
      at mountIndeterminateComponent (node_modules/react-dom/cjs/react-dom.development.js:20103:13)
      at beginWork (node_modules/react-dom/cjs/react-dom.development.js:21626:16)
      at beginWork$1 (node_modules/react-dom/cjs/react-dom.development.js:27465:14)
      at performUnitOfWork (node_modules/react-dom/cjs/react-dom.development.js:26599:12)
      at workLoopSync (node_modules/react-dom/cjs/react-dom.development.js:26505:5)
      at renderRootSync (node_modules/react-dom/cjs/react-dom.development.js:26473:7)
      at recoverFromConcurrentError (node_modules/react-dom/cjs/react-dom.development.js:25889:20)
      at performConcurrentWorkOnRoot (node_modules/react-dom/cjs/react-dom.development.js:25789:22)
      at flushActQueue (node_modules/react/cjs/react.development.js:2667:24)
      at act (node_modules/react/cjs/react.development.js:2582:11)
      at node_modules/@testing-library/react/dist/act-compat.js:47:25
      at renderRoot (node_modules/@testing-library/react/dist/pure.js:190:26)
      at render (node_modules/@testing-library/react/dist/pure.js:292:10)
      at Object.<anonymous> (components/__tests__/TimelineModal.test.tsx:79:11)

    console.error
      Error: Uncaught [Error: Element type is invalid: expected a string (for built-in components) or a class/function (for composite components) but got: undefined. You likely forgot to export your component from the file it's defined in, or you might have mixed up default and named imports.
      
      Check the render method of `TimelineModal`.]
          at reportException (C:\Users\alexi\Documents\projects\maicivy\frontend\node_modules\jsdom\lib\jsdom\living\helpers\runtime-script-errors.js:66:24)
          at innerInvokeEventListeners (C:\Users\alexi\Documents\projects\maicivy\frontend\node_modules\jsdom\lib\jsdom\living\events\EventTarget-impl.js:353:9)
          at invokeEventListeners (C:\Users\alexi\Documents\projects\maicivy\frontend\node_modules\jsdom\lib\jsdom\living\events\EventTarget-impl.js:286:3)
          at HTMLUnknownElementImpl._dispatch (C:\Users\alexi\Documents\projects\maicivy\frontend\node_modules\jsdom\lib\jsdom\living\events\EventTarget-impl.js:233:9)
          at HTMLUnknownElementImpl.dispatchEvent (C:\Users\alexi\Documents\projects\maicivy\frontend\node_modules\jsdom\lib\jsdom\living\events\EventTarget-impl.js:104:17)
          at HTMLUnknownElement.dispatchEvent (C:\Users\alexi\Documents\projects\maicivy\frontend\node_modules\jsdom\lib\jsdom\living\generated\EventTarget.js:241:34)
          at Object.invokeGuardedCallbackDev (C:\Users\alexi\Documents\projects\maicivy\frontend\node_modules\react-dom\cjs\react-dom.development.js:4213:16)
          at invokeGuardedCallback (C:\Users\alexi\Documents\projects\maicivy\frontend\node_modules\react-dom\cjs\react-dom.development.js:4277:31)
          at beginWork$1 (C:\Users\alexi\Documents\projects\maicivy\frontend\node_modules\react-dom\cjs\react-dom.development.js:27490:7)
          at performUnitOfWork (C:\Users\alexi\Documents\projects\maicivy\frontend\node_modules\react-dom\cjs\react-dom.development.js:26599:12)
          at workLoopSync (C:\Users\alexi\Documents\projects\maicivy\frontend\node_modules\react-dom\cjs\react-dom.development.js:26505:5)
          at renderRootSync (C:\Users\alexi\Documents\projects\maicivy\frontend\node_modules\react-dom\cjs\react-dom.development.js:26473:7)
          at recoverFromConcurrentError (C:\Users\alexi\Documents\projects\maicivy\frontend\node_modules\react-dom\cjs\react-dom.development.js:25889:20)
          at performConcurrentWorkOnRoot (C:\Users\alexi\Documents\projects\maicivy\frontend\node_modules\react-dom\cjs\react-dom.development.js:25789:22)
          at flushActQueue (C:\Users\alexi\Documents\projects\maicivy\frontend\node_modules\react\cjs\react.development.js:2667:24)
          at act (C:\Users\alexi\Documents\projects\maicivy\frontend\node_modules\react\cjs\react.development.js:2582:11)
          at C:\Users\alexi\Documents\projects\maicivy\frontend\node_modules\@testing-library\react\dist\act-compat.js:47:25
          at renderRoot (C:\Users\alexi\Documents\projects\maicivy\frontend\node_modules\@testing-library\react\dist\pure.js:190:26)
          at render (C:\Users\alexi\Documents\projects\maicivy\frontend\node_modules\@testing-library\react\dist\pure.js:292:10)
          at Object.<anonymous> (C:\Users\alexi\Documents\projects\maicivy\frontend\components\__tests__\TimelineModal.test.tsx:79:11)
          at Promise.finally.completed (C:\Users\alexi\Documents\projects\maicivy\frontend\node_modules\jest-circus\build\jestAdapterInit.js:1557:28)
          at new Promise (<anonymous>)
          at callAsyncCircusFn (C:\Users\alexi\Documents\projects\maicivy\frontend\node_modules\jest-circus\build\jestAdapterInit.js:1497:10)
          at _callCircusTest (C:\Users\alexi\Documents\projects\maicivy\frontend\node_modules\jest-circus\build\jestAdapterInit.js:1007:40)
          at processTicksAndRejections (node:internal/process/task_queues:103:5)
          at _runTest (C:\Users\alexi\Documents\projects\maicivy\frontend\node_modules\jest-circus\build\jestAdapterInit.js:947:3)
          at C:\Users\alexi\Documents\projects\maicivy\frontend\node_modules\jest-circus\build\jestAdapterInit.js:849:7
          at _runTestsForDescribeBlock (C:\Users\alexi\Documents\projects\maicivy\frontend\node_modules\jest-circus\build\jestAdapterInit.js:862:11)
          at _runTestsForDescribeBlock (C:\Users\alexi\Documents\projects\maicivy\frontend\node_modules\jest-circus\build\jestAdapterInit.js:857:11)
          at run (C:\Users\alexi\Documents\projects\maicivy\frontend\node_modules\jest-circus\build\jestAdapterInit.js:761:3)
          at runAndTransformResultsToJestFormat (C:\Users\alexi\Documents\projects\maicivy\frontend\node_modules\jest-circus\build\jestAdapterInit.js:1918:21)
          at jestAdapter (C:\Users\alexi\Documents\projects\maicivy\frontend\node_modules\jest-circus\build\runner.js:101:19)
          at runTestInternal (C:\Users\alexi\Documents\projects\maicivy\frontend\node_modules\jest-runner\build\testWorker.js:275:16)
          at runTest (C:\Users\alexi\Documents\projects\maicivy\frontend\node_modules\jest-runner\build\testWorker.js:343:7)
          at Object.worker (C:\Users\alexi\Documents\projects\maicivy\frontend\node_modules\jest-runner\build\testWorker.js:497:12) {
        detail: Error: Element type is invalid: expected a string (for built-in components) or a class/function (for composite components) but got: undefined. You likely forgot to export your component from the file it's defined in, or you might have mixed up default and named imports.
        
        Check the render method of `TimelineModal`.
            at createFiberFromTypeAndProps (C:\Users\alexi\Documents\projects\maicivy\frontend\node_modules\react-dom\cjs\react-dom.development.js:28478:17)
            at createFiberFromElement (C:\Users\alexi\Documents\projects\maicivy\frontend\node_modules\react-dom\cjs\react-dom.development.js:28504:15)
            at createChild (C:\Users\alexi\Documents\projects\maicivy\frontend\node_modules\react-dom\cjs\react-dom.development.js:13345:28)
            at reconcileChildrenArray (C:\Users\alexi\Documents\projects\maicivy\frontend\node_modules\react-dom\cjs\react-dom.development.js:13640:25)
            at reconcileChildFibers (C:\Users\alexi\Documents\projects\maicivy\frontend\node_modules\react-dom\cjs\react-dom.development.js:14057:16)
            at reconcileChildren (C:\Users\alexi\Documents\projects\maicivy\frontend\node_modules\react-dom\cjs\react-dom.development.js:19186:28)
            at updateHostComponent (C:\Users\alexi\Documents\projects\maicivy\frontend\node_modules\react-dom\cjs\react-dom.development.js:19953:3)
            at beginWork (C:\Users\alexi\Documents\projects\maicivy\frontend\node_modules\react-dom\cjs\react-dom.development.js:21657:14)
            at HTMLUnknownElement.callCallback (C:\Users\alexi\Documents\projects\maicivy\frontend\node_modules\react-dom\cjs\react-dom.development.js:4164:14)
            at HTMLUnknownElement.callTheUserObjectsOperation (C:\Users\alexi\Documents\projects\maicivy\frontend\node_modules\jsdom\lib\jsdom\living\generated\EventListener.js:26:30)
            at innerInvokeEventListeners (C:\Users\alexi\Documents\projects\maicivy\frontend\node_modules\jsdom\lib\jsdom\living\events\EventTarget-impl.js:350:25)
            at invokeEventListeners (C:\Users\alexi\Documents\projects\maicivy\frontend\node_modules\jsdom\lib\jsdom\living\events\EventTarget-impl.js:286:3)
            at HTMLUnknownElementImpl._dispatch (C:\Users\alexi\Documents\projects\maicivy\frontend\node_modules\jsdom\lib\jsdom\living\events\EventTarget-impl.js:233:9)
            at HTMLUnknownElementImpl.dispatchEvent (C:\Users\alexi\Documents\projects\maicivy\frontend\node_modules\jsdom\lib\jsdom\living\events\EventTarget-impl.js:104:17)
            at HTMLUnknownElement.dispatchEvent (C:\Users\alexi\Documents\projects\maicivy\frontend\node_modules\jsdom\lib\jsdom\living\generated\EventTarget.js:241:34)
            at Object.invokeGuardedCallbackDev (C:\Users\alexi\Documents\projects\maicivy\frontend\node_modules\react-dom\cjs\react-dom.development.js:4213:16)
            at invokeGuardedCallback (C:\Users\alexi\Documents\projects\maicivy\frontend\node_modules\react-dom\cjs\react-dom.development.js:4277:31)
            at beginWork$1 (C:\Users\alexi\Documents\projects\maicivy\frontend\node_modules\react-dom\cjs\react-dom.development.js:27490:7)
            at performUnitOfWork (C:\Users\alexi\Documents\projects\maicivy\frontend\node_modules\react-dom\cjs\react-dom.development.js:26599:12)
            at workLoopSync (C:\Users\alexi\Documents\projects\maicivy\frontend\node_modules\react-dom\cjs\react-dom.development.js:26505:5)
            at renderRootSync (C:\Users\alexi\Documents\projects\maicivy\frontend\node_modules\react-dom\cjs\react-dom.development.js:26473:7)
            at recoverFromConcurrentError (C:\Users\alexi\Documents\projects\maicivy\frontend\node_modules\react-dom\cjs\react-dom.development.js:25889:20)
            at performConcurrentWorkOnRoot (C:\Users\alexi\Documents\projects\maicivy\frontend\node_modules\react-dom\cjs\react-dom.development.js:25789:22)
            at flushActQueue (C:\Users\alexi\Documents\projects\maicivy\frontend\node_modules\react\cjs\react.development.js:2667:24)
            at act (C:\Users\alexi\Documents\projects\maicivy\frontend\node_modules\react\cjs\react.development.js:2582:11)
            at C:\Users\alexi\Documents\projects\maicivy\frontend\node_modules\@testing-library\react\dist\act-compat.js:47:25
            at renderRoot (C:\Users\alexi\Documents\projects\maicivy\frontend\node_modules\@testing-library\react\dist\pure.js:190:26)
            at render (C:\Users\alexi\Documents\projects\maicivy\frontend\node_modules\@testing-library\react\dist\pure.js:292:10)
            at Object.<anonymous> (C:\Users\alexi\Documents\projects\maicivy\frontend\components\__tests__\TimelineModal.test.tsx:79:11)
            at Promise.finally.completed (C:\Users\alexi\Documents\projects\maicivy\frontend\node_modules\jest-circus\build\jestAdapterInit.js:1557:28)
            at new Promise (<anonymous>)
            at callAsyncCircusFn (C:\Users\alexi\Documents\projects\maicivy\frontend\node_modules\jest-circus\build\jestAdapterInit.js:1497:10)
            at _callCircusTest (C:\Users\alexi\Documents\projects\maicivy\frontend\node_modules\jest-circus\build\jestAdapterInit.js:1007:40)
            at processTicksAndRejections (node:internal/process/task_queues:103:5)
            at _runTest (C:\Users\alexi\Documents\projects\maicivy\frontend\node_modules\jest-circus\build\jestAdapterInit.js:947:3)
            at C:\Users\alexi\Documents\projects\maicivy\frontend\node_modules\jest-circus\build\jestAdapterInit.js:849:7
            at _runTestsForDescribeBlock (C:\Users\alexi\Documents\projects\maicivy\frontend\node_modules\jest-circus\build\jestAdapterInit.js:862:11)
            at _runTestsForDescribeBlock (C:\Users\alexi\Documents\projects\maicivy\frontend\node_modules\jest-circus\build\jestAdapterInit.js:857:11)
            at run (C:\Users\alexi\Documents\projects\maicivy\frontend\node_modules\jest-circus\build\jestAdapterInit.js:761:3)
            at runAndTransformResultsToJestFormat (C:\Users\alexi\Documents\projects\maicivy\frontend\node_modules\jest-circus\build\jestAdapterInit.js:1918:21)
            at jestAdapter (C:\Users\alexi\Documents\projects\maicivy\frontend\node_modules\jest-circus\build\runner.js:101:19)
            at runTestInternal (C:\Users\alexi\Documents\projects\maicivy\frontend\node_modules\jest-runner\build\testWorker.js:275:16)
            at runTest (C:\Users\alexi\Documents\projects\maicivy\frontend\node_modules\jest-runner\build\testWorker.js:343:7)
            at Object.worker (C:\Users\alexi\Documents\projects\maicivy\frontend\node_modules\jest-runner\build\testWorker.js:497:12),
        type: 'unhandled exception'
      }

    [0m [90m 77 |[39m
     [90m 78 |[39m   it([32m'should display category badge'[39m[33m,[39m () [33m=>[39m {
    [31m[1m>[22m[39m[90m 79 |[39m     render([33m<[39m[33mTimelineModal[39m event[33m=[39m{mockEvent} onClose[33m=[39m{jest[33m.[39mfn()} [33m/[39m[33m>[39m)[33m;[39m
     [90m    |[39m           [31m[1m^[22m[39m
     [90m 80 |[39m
     [90m 81 |[39m     expect(screen[33m.[39mgetByText([32m'Backend'[39m))[33m.[39mtoBeInTheDocument()[33m;[39m
     [90m 82 |[39m   })[33m;[39m[0m

      at VirtualConsole.<anonymous> (node_modules/@jest/environment-jsdom-abstract/build/index.js:87:23)
      at reportException (node_modules/jsdom/lib/jsdom/living/helpers/runtime-script-errors.js:70:28)
      at innerInvokeEventListeners (node_modules/jsdom/lib/jsdom/living/events/EventTarget-impl.js:353:9)
      at invokeEventListeners (node_modules/jsdom/lib/jsdom/living/events/EventTarget-impl.js:286:3)
      at HTMLUnknownElementImpl._dispatch (node_modules/jsdom/lib/jsdom/living/events/EventTarget-impl.js:233:9)
      at HTMLUnknownElementImpl.dispatchEvent (node_modules/jsdom/lib/jsdom/living/events/EventTarget-impl.js:104:17)
      at HTMLUnknownElement.dispatchEvent (node_modules/jsdom/lib/jsdom/living/generated/EventTarget.js:241:34)
      at Object.invokeGuardedCallbackDev (node_modules/react-dom/cjs/react-dom.development.js:4213:16)
      at invokeGuardedCallback (node_modules/react-dom/cjs/react-dom.development.js:4277:31)
      at beginWork$1 (node_modules/react-dom/cjs/react-dom.development.js:27490:7)
      at performUnitOfWork (node_modules/react-dom/cjs/react-dom.development.js:26599:12)
      at workLoopSync (node_modules/react-dom/cjs/react-dom.development.js:26505:5)
      at renderRootSync (node_modules/react-dom/cjs/react-dom.development.js:26473:7)
      at recoverFromConcurrentError (node_modules/react-dom/cjs/react-dom.development.js:25889:20)
      at performConcurrentWorkOnRoot (node_modules/react-dom/cjs/react-dom.development.js:25789:22)
      at flushActQueue (node_modules/react/cjs/react.development.js:2667:24)
      at act (node_modules/react/cjs/react.development.js:2582:11)
      at node_modules/@testing-library/react/dist/act-compat.js:47:25
      at renderRoot (node_modules/@testing-library/react/dist/pure.js:190:26)
      at render (node_modules/@testing-library/react/dist/pure.js:292:10)
      at Object.<anonymous> (components/__tests__/TimelineModal.test.tsx:79:11)

    console.error
      The above error occurred in the <div> component:
      
          at div
          at div
          at div
          at div
          at children (C:\Users\alexi\Documents\projects\maicivy\frontend\components\__tests__\TimelineModal.test.tsx:8:13)
          at div
          at children (C:\Users\alexi\Documents\projects\maicivy\frontend\components\__tests__\TimelineModal.test.tsx:8:13)
          at children (C:\Users\alexi\Documents\projects\maicivy\frontend\components\__tests__\TimelineModal.test.tsx:12:23)
          at event (C:\Users\alexi\Documents\projects\maicivy\frontend\components\timeline\TimelineModal.tsx:13:56)
      
      Consider adding an error boundary to your tree to customize error handling behavior.
      Visit https://reactjs.org/link/error-boundaries to learn more about error boundaries.

    [0m [90m 77 |[39m
     [90m 78 |[39m   it([32m'should display category badge'[39m[33m,[39m () [33m=>[39m {
    [31m[1m>[22m[39m[90m 79 |[39m     render([33m<[39m[33mTimelineModal[39m event[33m=[39m{mockEvent} onClose[33m=[39m{jest[33m.[39mfn()} [33m/[39m[33m>[39m)[33m;[39m
     [90m    |[39m           [31m[1m^[22m[39m
     [90m 80 |[39m
     [90m 81 |[39m     expect(screen[33m.[39mgetByText([32m'Backend'[39m))[33m.[39mtoBeInTheDocument()[33m;[39m
     [90m 82 |[39m   })[33m;[39m[0m

      at logCapturedError (node_modules/react-dom/cjs/react-dom.development.js:18704:23)
      at update.callback (node_modules/react-dom/cjs/react-dom.development.js:18737:5)
      at callCallback (node_modules/react-dom/cjs/react-dom.development.js:15036:12)
      at commitUpdateQueue (node_modules/react-dom/cjs/react-dom.development.js:15057:9)
      at commitLayoutEffectOnFiber (node_modules/react-dom/cjs/react-dom.development.js:23430:13)
      at commitLayoutMountEffects_complete (node_modules/react-dom/cjs/react-dom.development.js:24727:9)
      at commitLayoutEffects_begin (node_modules/react-dom/cjs/react-dom.development.js:24713:7)
      at commitLayoutEffects (node_modules/react-dom/cjs/react-dom.development.js:24651:3)
      at commitRootImpl (node_modules/react-dom/cjs/react-dom.development.js:26862:5)
      at commitRoot (node_modules/react-dom/cjs/react-dom.development.js:26721:5)
      at finishConcurrentRender (node_modules/react-dom/cjs/react-dom.development.js:25931:9)
      at performConcurrentWorkOnRoot (node_modules/react-dom/cjs/react-dom.development.js:25848:7)
      at flushActQueue (node_modules/react/cjs/react.development.js:2667:24)
      at act (node_modules/react/cjs/react.development.js:2582:11)
      at node_modules/@testing-library/react/dist/act-compat.js:47:25
      at renderRoot (node_modules/@testing-library/react/dist/pure.js:190:26)
      at render (node_modules/@testing-library/react/dist/pure.js:292:10)
      at Object.<anonymous> (components/__tests__/TimelineModal.test.tsx:79:11)

    console.error
      Warning: React.jsx: type is invalid -- expected a string (for built-in components) or a class/function (for composite components) but got: undefined. You likely forgot to export your component from the file it's defined in, or you might have mixed up default and named imports.
      
      Check the render method of `TimelineModal`.
          at event (C:\Users\alexi\Documents\projects\maicivy\frontend\components\timeline\TimelineModal.tsx:13:56)

    [0m [90m 151 |[39m                 [33m<[39m[33mdiv[39m className[33m=[39m[32m"flex flex-wrap gap-2"[39m[33m>[39m
     [90m 152 |[39m                   {event[33m.[39mtags[33m.[39mmap((tag) [33m=>[39m (
    [31m[1m>[22m[39m[90m 153 |[39m                     [33m<[39m[33mmotion[39m[33m.[39mspan
     [90m     |[39m                     [31m[1m^[22m[39m
     [90m 154 |[39m                       key[33m=[39m{tag}
     [90m 155 |[39m                       whileHover[33m=[39m{{ scale[33m:[39m [35m1.05[39m }}
     [90m 156 |[39m                       className[33m=[39m[32m"px-4 py-2 bg-blue-500 text-white text-sm font-medium rounded-full shadow-sm"[39m[0m

      at printWarning (node_modules/react/cjs/react-jsx-runtime.development.js:87:30)
      at error (node_modules/react/cjs/react-jsx-runtime.development.js:61:7)
      at jsxWithValidation (node_modules/react/cjs/react-jsx-runtime.development.js:1245:7)
      at jsxWithValidationDynamic (node_modules/react/cjs/react-jsx-runtime.development.js:1320:12)
      at components/timeline/TimelineModal.tsx:153:21
          at Array.map (<anonymous>)
      at map (components/timeline/TimelineModal.tsx:152:31)
      at renderWithHooks (node_modules/react-dom/cjs/react-dom.development.js:15486:18)
      at mountIndeterminateComponent (node_modules/react-dom/cjs/react-dom.development.js:20103:13)
      at beginWork (node_modules/react-dom/cjs/react-dom.development.js:21626:16)
      at beginWork$1 (node_modules/react-dom/cjs/react-dom.development.js:27465:14)
      at performUnitOfWork (node_modules/react-dom/cjs/react-dom.development.js:26599:12)
      at workLoopSync (node_modules/react-dom/cjs/react-dom.development.js:26505:5)
      at renderRootSync (node_modules/react-dom/cjs/react-dom.development.js:26473:7)
      at performConcurrentWorkOnRoot (node_modules/react-dom/cjs/react-dom.development.js:25777:74)
      at flushActQueue (node_modules/react/cjs/react.development.js:2667:24)
      at act (node_modules/react/cjs/react.development.js:2582:11)
      at node_modules/@testing-library/react/dist/act-compat.js:47:25
      at renderRoot (node_modules/@testing-library/react/dist/pure.js:190:26)
      at render (node_modules/@testing-library/react/dist/pure.js:292:10)
      at Object.<anonymous> (components/__tests__/TimelineModal.test.tsx:87:11)

    console.error
      Warning: React.jsx: type is invalid -- expected a string (for built-in components) or a class/function (for composite components) but got: undefined. You likely forgot to export your component from the file it's defined in, or you might have mixed up default and named imports.
      
      Check the render method of `TimelineModal`.
          at event (C:\Users\alexi\Documents\projects\maicivy\frontend\components\timeline\TimelineModal.tsx:13:56)

    [0m [90m 151 |[39m                 [33m<[39m[33mdiv[39m className[33m=[39m[32m"flex flex-wrap gap-2"[39m[33m>[39m
     [90m 152 |[39m                   {event[33m.[39mtags[33m.[39mmap((tag) [33m=>[39m (
    [31m[1m>[22m[39m[90m 153 |[39m                     [33m<[39m[33mmotion[39m[33m.[39mspan
     [90m     |[39m                     [31m[1m^[22m[39m
     [90m 154 |[39m                       key[33m=[39m{tag}
     [90m 155 |[39m                       whileHover[33m=[39m{{ scale[33m:[39m [35m1.05[39m }}
     [90m 156 |[39m                       className[33m=[39m[32m"px-4 py-2 bg-blue-500 text-white text-sm font-medium rounded-full shadow-sm"[39m[0m

      at printWarning (node_modules/react/cjs/react-jsx-runtime.development.js:87:30)
      at error (node_modules/react/cjs/react-jsx-runtime.development.js:61:7)
      at jsxWithValidation (node_modules/react/cjs/react-jsx-runtime.development.js:1245:7)
      at jsxWithValidationDynamic (node_modules/react/cjs/react-jsx-runtime.development.js:1320:12)
      at components/timeline/TimelineModal.tsx:153:21
          at Array.map (<anonymous>)
      at map (components/timeline/TimelineModal.tsx:152:31)
      at renderWithHooks (node_modules/react-dom/cjs/react-dom.development.js:15486:18)
      at mountIndeterminateComponent (node_modules/react-dom/cjs/react-dom.development.js:20103:13)
      at beginWork (node_modules/react-dom/cjs/react-dom.development.js:21626:16)
      at beginWork$1 (node_modules/react-dom/cjs/react-dom.development.js:27465:14)
      at performUnitOfWork (node_modules/react-dom/cjs/react-dom.development.js:26599:12)
      at workLoopSync (node_modules/react-dom/cjs/react-dom.development.js:26505:5)
      at renderRootSync (node_modules/react-dom/cjs/react-dom.development.js:26473:7)
      at performConcurrentWorkOnRoot (node_modules/react-dom/cjs/react-dom.development.js:25777:74)
      at flushActQueue (node_modules/react/cjs/react.development.js:2667:24)
      at act (node_modules/react/cjs/react.development.js:2582:11)
      at node_modules/@testing-library/react/dist/act-compat.js:47:25
      at renderRoot (node_modules/@testing-library/react/dist/pure.js:190:26)
      at render (node_modules/@testing-library/react/dist/pure.js:292:10)
      at Object.<anonymous> (components/__tests__/TimelineModal.test.tsx:87:11)

    console.error
      Warning: React.jsx: type is invalid -- expected a string (for built-in components) or a class/function (for composite components) but got: undefined. You likely forgot to export your component from the file it's defined in, or you might have mixed up default and named imports.
      
      Check the render method of `TimelineModal`.
          at event (C:\Users\alexi\Documents\projects\maicivy\frontend\components\timeline\TimelineModal.tsx:13:56)

    [0m [90m 151 |[39m                 [33m<[39m[33mdiv[39m className[33m=[39m[32m"flex flex-wrap gap-2"[39m[33m>[39m
     [90m 152 |[39m                   {event[33m.[39mtags[33m.[39mmap((tag) [33m=>[39m (
    [31m[1m>[22m[39m[90m 153 |[39m                     [33m<[39m[33mmotion[39m[33m.[39mspan
     [90m     |[39m                     [31m[1m^[22m[39m
     [90m 154 |[39m                       key[33m=[39m{tag}
     [90m 155 |[39m                       whileHover[33m=[39m{{ scale[33m:[39m [35m1.05[39m }}
     [90m 156 |[39m                       className[33m=[39m[32m"px-4 py-2 bg-blue-500 text-white text-sm font-medium rounded-full shadow-sm"[39m[0m

      at printWarning (node_modules/react/cjs/react-jsx-runtime.development.js:87:30)
      at error (node_modules/react/cjs/react-jsx-runtime.development.js:61:7)
      at jsxWithValidation (node_modules/react/cjs/react-jsx-runtime.development.js:1245:7)
      at jsxWithValidationDynamic (node_modules/react/cjs/react-jsx-runtime.development.js:1320:12)
      at components/timeline/TimelineModal.tsx:153:21
          at Array.map (<anonymous>)
      at map (components/timeline/TimelineModal.tsx:152:31)
      at renderWithHooks (node_modules/react-dom/cjs/react-dom.development.js:15486:18)
      at mountIndeterminateComponent (node_modules/react-dom/cjs/react-dom.development.js:20103:13)
      at beginWork (node_modules/react-dom/cjs/react-dom.development.js:21626:16)
      at beginWork$1 (node_modules/react-dom/cjs/react-dom.development.js:27465:14)
      at performUnitOfWork (node_modules/react-dom/cjs/react-dom.development.js:26599:12)
      at workLoopSync (node_modules/react-dom/cjs/react-dom.development.js:26505:5)
      at renderRootSync (node_modules/react-dom/cjs/react-dom.development.js:26473:7)
      at performConcurrentWorkOnRoot (node_modules/react-dom/cjs/react-dom.development.js:25777:74)
      at flushActQueue (node_modules/react/cjs/react.development.js:2667:24)
      at act (node_modules/react/cjs/react.development.js:2582:11)
      at node_modules/@testing-library/react/dist/act-compat.js:47:25
      at renderRoot (node_modules/@testing-library/react/dist/pure.js:190:26)
      at render (node_modules/@testing-library/react/dist/pure.js:292:10)
      at Object.<anonymous> (components/__tests__/TimelineModal.test.tsx:87:11)

    console.error
      Warning: React.jsx: type is invalid -- expected a string (for built-in components) or a class/function (for composite components) but got: undefined. You likely forgot to export your component from the file it's defined in, or you might have mixed up default and named imports.
      
      Check the render method of `TimelineModal`.
          at event (C:\Users\alexi\Documents\projects\maicivy\frontend\components\timeline\TimelineModal.tsx:13:56)

    [0m [90m 151 |[39m                 [33m<[39m[33mdiv[39m className[33m=[39m[32m"flex flex-wrap gap-2"[39m[33m>[39m
     [90m 152 |[39m                   {event[33m.[39mtags[33m.[39mmap((tag) [33m=>[39m (
    [31m[1m>[22m[39m[90m 153 |[39m                     [33m<[39m[33mmotion[39m[33m.[39mspan
     [90m     |[39m                     [31m[1m^[22m[39m
     [90m 154 |[39m                       key[33m=[39m{tag}
     [90m 155 |[39m                       whileHover[33m=[39m{{ scale[33m:[39m [35m1.05[39m }}
     [90m 156 |[39m                       className[33m=[39m[32m"px-4 py-2 bg-blue-500 text-white text-sm font-medium rounded-full shadow-sm"[39m[0m

      at printWarning (node_modules/react/cjs/react-jsx-runtime.development.js:87:30)
      at error (node_modules/react/cjs/react-jsx-runtime.development.js:61:7)
      at jsxWithValidation (node_modules/react/cjs/react-jsx-runtime.development.js:1245:7)
      at jsxWithValidationDynamic (node_modules/react/cjs/react-jsx-runtime.development.js:1320:12)
      at components/timeline/TimelineModal.tsx:153:21
          at Array.map (<anonymous>)
      at map (components/timeline/TimelineModal.tsx:152:31)
      at renderWithHooks (node_modules/react-dom/cjs/react-dom.development.js:15486:18)
      at mountIndeterminateComponent (node_modules/react-dom/cjs/react-dom.development.js:20103:13)
      at beginWork (node_modules/react-dom/cjs/react-dom.development.js:21626:16)
      at beginWork$1 (node_modules/react-dom/cjs/react-dom.development.js:27465:14)
      at performUnitOfWork (node_modules/react-dom/cjs/react-dom.development.js:26599:12)
      at workLoopSync (node_modules/react-dom/cjs/react-dom.development.js:26505:5)
      at renderRootSync (node_modules/react-dom/cjs/react-dom.development.js:26473:7)
      at performConcurrentWorkOnRoot (node_modules/react-dom/cjs/react-dom.development.js:25777:74)
      at flushActQueue (node_modules/react/cjs/react.development.js:2667:24)
      at act (node_modules/react/cjs/react.development.js:2582:11)
      at node_modules/@testing-library/react/dist/act-compat.js:47:25
      at renderRoot (node_modules/@testing-library/react/dist/pure.js:190:26)
      at render (node_modules/@testing-library/react/dist/pure.js:292:10)
      at Object.<anonymous> (components/__tests__/TimelineModal.test.tsx:87:11)

    console.error
      Warning: React.jsx: type is invalid -- expected a string (for built-in components) or a class/function (for composite components) but got: undefined. You likely forgot to export your component from the file it's defined in, or you might have mixed up default and named imports.
      
      Check the render method of `TimelineModal`.
          at event (C:\Users\alexi\Documents\projects\maicivy\frontend\components\timeline\TimelineModal.tsx:13:56)

    [0m [90m 151 |[39m                 [33m<[39m[33mdiv[39m className[33m=[39m[32m"flex flex-wrap gap-2"[39m[33m>[39m
     [90m 152 |[39m                   {event[33m.[39mtags[33m.[39mmap((tag) [33m=>[39m (
    [31m[1m>[22m[39m[90m 153 |[39m                     [33m<[39m[33mmotion[39m[33m.[39mspan
     [90m     |[39m                     [31m[1m^[22m[39m
     [90m 154 |[39m                       key[33m=[39m{tag}
     [90m 155 |[39m                       whileHover[33m=[39m{{ scale[33m:[39m [35m1.05[39m }}
     [90m 156 |[39m                       className[33m=[39m[32m"px-4 py-2 bg-blue-500 text-white text-sm font-medium rounded-full shadow-sm"[39m[0m

      at printWarning (node_modules/react/cjs/react-jsx-runtime.development.js:87:30)
      at error (node_modules/react/cjs/react-jsx-runtime.development.js:61:7)
      at jsxWithValidation (node_modules/react/cjs/react-jsx-runtime.development.js:1245:7)
      at jsxWithValidationDynamic (node_modules/react/cjs/react-jsx-runtime.development.js:1320:12)
      at components/timeline/TimelineModal.tsx:153:21
          at Array.map (<anonymous>)
      at map (components/timeline/TimelineModal.tsx:152:31)
      at renderWithHooks (node_modules/react-dom/cjs/react-dom.development.js:15486:18)
      at mountIndeterminateComponent (node_modules/react-dom/cjs/react-dom.development.js:20103:13)
      at beginWork (node_modules/react-dom/cjs/react-dom.development.js:21626:16)
      at beginWork$1 (node_modules/react-dom/cjs/react-dom.development.js:27465:14)
      at performUnitOfWork (node_modules/react-dom/cjs/react-dom.development.js:26599:12)
      at workLoopSync (node_modules/react-dom/cjs/react-dom.development.js:26505:5)
      at renderRootSync (node_modules/react-dom/cjs/react-dom.development.js:26473:7)
      at performConcurrentWorkOnRoot (node_modules/react-dom/cjs/react-dom.development.js:25777:74)
      at flushActQueue (node_modules/react/cjs/react.development.js:2667:24)
      at act (node_modules/react/cjs/react.development.js:2582:11)
      at node_modules/@testing-library/react/dist/act-compat.js:47:25
      at renderRoot (node_modules/@testing-library/react/dist/pure.js:190:26)
      at render (node_modules/@testing-library/react/dist/pure.js:292:10)
      at Object.<anonymous> (components/__tests__/TimelineModal.test.tsx:87:11)

    console.error
      Error: Uncaught [Error: Element type is invalid: expected a string (for built-in components) or a class/function (for composite components) but got: undefined. You likely forgot to export your component from the file it's defined in, or you might have mixed up default and named imports.
      
      Check the render method of `TimelineModal`.]
          at reportException (C:\Users\alexi\Documents\projects\maicivy\frontend\node_modules\jsdom\lib\jsdom\living\helpers\runtime-script-errors.js:66:24)
          at innerInvokeEventListeners (C:\Users\alexi\Documents\projects\maicivy\frontend\node_modules\jsdom\lib\jsdom\living\events\EventTarget-impl.js:353:9)
          at invokeEventListeners (C:\Users\alexi\Documents\projects\maicivy\frontend\node_modules\jsdom\lib\jsdom\living\events\EventTarget-impl.js:286:3)
          at HTMLUnknownElementImpl._dispatch (C:\Users\alexi\Documents\projects\maicivy\frontend\node_modules\jsdom\lib\jsdom\living\events\EventTarget-impl.js:233:9)
          at HTMLUnknownElementImpl.dispatchEvent (C:\Users\alexi\Documents\projects\maicivy\frontend\node_modules\jsdom\lib\jsdom\living\events\EventTarget-impl.js:104:17)
          at HTMLUnknownElement.dispatchEvent (C:\Users\alexi\Documents\projects\maicivy\frontend\node_modules\jsdom\lib\jsdom\living\generated\EventTarget.js:241:34)
          at Object.invokeGuardedCallbackDev (C:\Users\alexi\Documents\projects\maicivy\frontend\node_modules\react-dom\cjs\react-dom.development.js:4213:16)
          at invokeGuardedCallback (C:\Users\alexi\Documents\projects\maicivy\frontend\node_modules\react-dom\cjs\react-dom.development.js:4277:31)
          at beginWork$1 (C:\Users\alexi\Documents\projects\maicivy\frontend\node_modules\react-dom\cjs\react-dom.development.js:27490:7)
          at performUnitOfWork (C:\Users\alexi\Documents\projects\maicivy\frontend\node_modules\react-dom\cjs\react-dom.development.js:26599:12)
          at workLoopSync (C:\Users\alexi\Documents\projects\maicivy\frontend\node_modules\react-dom\cjs\react-dom.development.js:26505:5)
          at renderRootSync (C:\Users\alexi\Documents\projects\maicivy\frontend\node_modules\react-dom\cjs\react-dom.development.js:26473:7)
          at performConcurrentWorkOnRoot (C:\Users\alexi\Documents\projects\maicivy\frontend\node_modules\react-dom\cjs\react-dom.development.js:25777:74)
          at flushActQueue (C:\Users\alexi\Documents\projects\maicivy\frontend\node_modules\react\cjs\react.development.js:2667:24)
          at act (C:\Users\alexi\Documents\projects\maicivy\frontend\node_modules\react\cjs\react.development.js:2582:11)
          at C:\Users\alexi\Documents\projects\maicivy\frontend\node_modules\@testing-library\react\dist\act-compat.js:47:25
          at renderRoot (C:\Users\alexi\Documents\projects\maicivy\frontend\node_modules\@testing-library\react\dist\pure.js:190:26)
          at render (C:\Users\alexi\Documents\projects\maicivy\frontend\node_modules\@testing-library\react\dist\pure.js:292:10)
          at Object.<anonymous> (C:\Users\alexi\Documents\projects\maicivy\frontend\components\__tests__\TimelineModal.test.tsx:87:11)
          at Promise.finally.completed (C:\Users\alexi\Documents\projects\maicivy\frontend\node_modules\jest-circus\build\jestAdapterInit.js:1557:28)
          at new Promise (<anonymous>)
          at callAsyncCircusFn (C:\Users\alexi\Documents\projects\maicivy\frontend\node_modules\jest-circus\build\jestAdapterInit.js:1497:10)
          at _callCircusTest (C:\Users\alexi\Documents\projects\maicivy\frontend\node_modules\jest-circus\build\jestAdapterInit.js:1007:40)
          at processTicksAndRejections (node:internal/process/task_queues:103:5)
          at _runTest (C:\Users\alexi\Documents\projects\maicivy\frontend\node_modules\jest-circus\build\jestAdapterInit.js:947:3)
          at C:\Users\alexi\Documents\projects\maicivy\frontend\node_modules\jest-circus\build\jestAdapterInit.js:849:7
          at _runTestsForDescribeBlock (C:\Users\alexi\Documents\projects\maicivy\frontend\node_modules\jest-circus\build\jestAdapterInit.js:862:11)
          at _runTestsForDescribeBlock (C:\Users\alexi\Documents\projects\maicivy\frontend\node_modules\jest-circus\build\jestAdapterInit.js:857:11)
          at run (C:\Users\alexi\Documents\projects\maicivy\frontend\node_modules\jest-circus\build\jestAdapterInit.js:761:3)
          at runAndTransformResultsToJestFormat (C:\Users\alexi\Documents\projects\maicivy\frontend\node_modules\jest-circus\build\jestAdapterInit.js:1918:21)
          at jestAdapter (C:\Users\alexi\Documents\projects\maicivy\frontend\node_modules\jest-circus\build\runner.js:101:19)
          at runTestInternal (C:\Users\alexi\Documents\projects\maicivy\frontend\node_modules\jest-runner\build\testWorker.js:275:16)
          at runTest (C:\Users\alexi\Documents\projects\maicivy\frontend\node_modules\jest-runner\build\testWorker.js:343:7)
          at Object.worker (C:\Users\alexi\Documents\projects\maicivy\frontend\node_modules\jest-runner\build\testWorker.js:497:12) {
        detail: Error: Element type is invalid: expected a string (for built-in components) or a class/function (for composite components) but got: undefined. You likely forgot to export your component from the file it's defined in, or you might have mixed up default and named imports.
        
        Check the render method of `TimelineModal`.
            at createFiberFromTypeAndProps (C:\Users\alexi\Documents\projects\maicivy\frontend\node_modules\react-dom\cjs\react-dom.development.js:28478:17)
            at createFiberFromElement (C:\Users\alexi\Documents\projects\maicivy\frontend\node_modules\react-dom\cjs\react-dom.development.js:28504:15)
            at createChild (C:\Users\alexi\Documents\projects\maicivy\frontend\node_modules\react-dom\cjs\react-dom.development.js:13345:28)
            at reconcileChildrenArray (C:\Users\alexi\Documents\projects\maicivy\frontend\node_modules\react-dom\cjs\react-dom.development.js:13640:25)
            at reconcileChildFibers (C:\Users\alexi\Documents\projects\maicivy\frontend\node_modules\react-dom\cjs\react-dom.development.js:14057:16)
            at reconcileChildren (C:\Users\alexi\Documents\projects\maicivy\frontend\node_modules\react-dom\cjs\react-dom.development.js:19186:28)
            at updateHostComponent (C:\Users\alexi\Documents\projects\maicivy\frontend\node_modules\react-dom\cjs\react-dom.development.js:19953:3)
            at beginWork (C:\Users\alexi\Documents\projects\maicivy\frontend\node_modules\react-dom\cjs\react-dom.development.js:21657:14)
            at HTMLUnknownElement.callCallback (C:\Users\alexi\Documents\projects\maicivy\frontend\node_modules\react-dom\cjs\react-dom.development.js:4164:14)
            at HTMLUnknownElement.callTheUserObjectsOperation (C:\Users\alexi\Documents\projects\maicivy\frontend\node_modules\jsdom\lib\jsdom\living\generated\EventListener.js:26:30)
            at innerInvokeEventListeners (C:\Users\alexi\Documents\projects\maicivy\frontend\node_modules\jsdom\lib\jsdom\living\events\EventTarget-impl.js:350:25)
            at invokeEventListeners (C:\Users\alexi\Documents\projects\maicivy\frontend\node_modules\jsdom\lib\jsdom\living\events\EventTarget-impl.js:286:3)
            at HTMLUnknownElementImpl._dispatch (C:\Users\alexi\Documents\projects\maicivy\frontend\node_modules\jsdom\lib\jsdom\living\events\EventTarget-impl.js:233:9)
            at HTMLUnknownElementImpl.dispatchEvent (C:\Users\alexi\Documents\projects\maicivy\frontend\node_modules\jsdom\lib\jsdom\living\events\EventTarget-impl.js:104:17)
            at HTMLUnknownElement.dispatchEvent (C:\Users\alexi\Documents\projects\maicivy\frontend\node_modules\jsdom\lib\jsdom\living\generated\EventTarget.js:241:34)
            at Object.invokeGuardedCallbackDev (C:\Users\alexi\Documents\projects\maicivy\frontend\node_modules\react-dom\cjs\react-dom.development.js:4213:16)
            at invokeGuardedCallback (C:\Users\alexi\Documents\projects\maicivy\frontend\node_modules\react-dom\cjs\react-dom.development.js:4277:31)
            at beginWork$1 (C:\Users\alexi\Documents\projects\maicivy\frontend\node_modules\react-dom\cjs\react-dom.development.js:27490:7)
            at performUnitOfWork (C:\Users\alexi\Documents\projects\maicivy\frontend\node_modules\react-dom\cjs\react-dom.development.js:26599:12)
            at workLoopSync (C:\Users\alexi\Documents\projects\maicivy\frontend\node_modules\react-dom\cjs\react-dom.development.js:26505:5)
            at renderRootSync (C:\Users\alexi\Documents\projects\maicivy\frontend\node_modules\react-dom\cjs\react-dom.development.js:26473:7)
            at performConcurrentWorkOnRoot (C:\Users\alexi\Documents\projects\maicivy\frontend\node_modules\react-dom\cjs\react-dom.development.js:25777:74)
            at flushActQueue (C:\Users\alexi\Documents\projects\maicivy\frontend\node_modules\react\cjs\react.development.js:2667:24)
            at act (C:\Users\alexi\Documents\projects\maicivy\frontend\node_modules\react\cjs\react.development.js:2582:11)
            at C:\Users\alexi\Documents\projects\maicivy\frontend\node_modules\@testing-library\react\dist\act-compat.js:47:25
            at renderRoot (C:\Users\alexi\Documents\projects\maicivy\frontend\node_modules\@testing-library\react\dist\pure.js:190:26)
            at render (C:\Users\alexi\Documents\projects\maicivy\frontend\node_modules\@testing-library\react\dist\pure.js:292:10)
            at Object.<anonymous> (C:\Users\alexi\Documents\projects\maicivy\frontend\components\__tests__\TimelineModal.test.tsx:87:11)
            at Promise.finally.completed (C:\Users\alexi\Documents\projects\maicivy\frontend\node_modules\jest-circus\build\jestAdapterInit.js:1557:28)
            at new Promise (<anonymous>)
            at callAsyncCircusFn (C:\Users\alexi\Documents\projects\maicivy\frontend\node_modules\jest-circus\build\jestAdapterInit.js:1497:10)
            at _callCircusTest (C:\Users\alexi\Documents\projects\maicivy\frontend\node_modules\jest-circus\build\jestAdapterInit.js:1007:40)
            at processTicksAndRejections (node:internal/process/task_queues:103:5)
            at _runTest (C:\Users\alexi\Documents\projects\maicivy\frontend\node_modules\jest-circus\build\jestAdapterInit.js:947:3)
            at C:\Users\alexi\Documents\projects\maicivy\frontend\node_modules\jest-circus\build\jestAdapterInit.js:849:7
            at _runTestsForDescribeBlock (C:\Users\alexi\Documents\projects\maicivy\frontend\node_modules\jest-circus\build\jestAdapterInit.js:862:11)
            at _runTestsForDescribeBlock (C:\Users\alexi\Documents\projects\maicivy\frontend\node_modules\jest-circus\build\jestAdapterInit.js:857:11)
            at run (C:\Users\alexi\Documents\projects\maicivy\frontend\node_modules\jest-circus\build\jestAdapterInit.js:761:3)
            at runAndTransformResultsToJestFormat (C:\Users\alexi\Documents\projects\maicivy\frontend\node_modules\jest-circus\build\jestAdapterInit.js:1918:21)
            at jestAdapter (C:\Users\alexi\Documents\projects\maicivy\frontend\node_modules\jest-circus\build\runner.js:101:19)
            at runTestInternal (C:\Users\alexi\Documents\projects\maicivy\frontend\node_modules\jest-runner\build\testWorker.js:275:16)
            at runTest (C:\Users\alexi\Documents\projects\maicivy\frontend\node_modules\jest-runner\build\testWorker.js:343:7)
            at Object.worker (C:\Users\alexi\Documents\projects\maicivy\frontend\node_modules\jest-runner\build\testWorker.js:497:12),
        type: 'unhandled exception'
      }

    [0m [90m 85 |[39m     [36mconst[39m currentEvent [33m=[39m { [33m...[39mmockEvent[33m,[39m isCurrent[33m:[39m [36mtrue[39m[33m,[39m endDate[33m:[39m undefined }[33m;[39m
     [90m 86 |[39m
    [31m[1m>[22m[39m[90m 87 |[39m     render([33m<[39m[33mTimelineModal[39m event[33m=[39m{currentEvent} onClose[33m=[39m{jest[33m.[39mfn()} [33m/[39m[33m>[39m)[33m;[39m
     [90m    |[39m           [31m[1m^[22m[39m
     [90m 88 |[39m
     [90m 89 |[39m     [36mconst[39m badges [33m=[39m screen[33m.[39mgetAllByText([35m/en cours/i[39m)[33m;[39m
     [90m 90 |[39m     expect(badges[33m.[39mlength)[33m.[39mtoBeGreaterThan([35m0[39m)[33m;[39m[0m

      at VirtualConsole.<anonymous> (node_modules/@jest/environment-jsdom-abstract/build/index.js:87:23)
      at reportException (node_modules/jsdom/lib/jsdom/living/helpers/runtime-script-errors.js:70:28)
      at innerInvokeEventListeners (node_modules/jsdom/lib/jsdom/living/events/EventTarget-impl.js:353:9)
      at invokeEventListeners (node_modules/jsdom/lib/jsdom/living/events/EventTarget-impl.js:286:3)
      at HTMLUnknownElementImpl._dispatch (node_modules/jsdom/lib/jsdom/living/events/EventTarget-impl.js:233:9)
      at HTMLUnknownElementImpl.dispatchEvent (node_modules/jsdom/lib/jsdom/living/events/EventTarget-impl.js:104:17)
      at HTMLUnknownElement.dispatchEvent (node_modules/jsdom/lib/jsdom/living/generated/EventTarget.js:241:34)
      at Object.invokeGuardedCallbackDev (node_modules/react-dom/cjs/react-dom.development.js:4213:16)
      at invokeGuardedCallback (node_modules/react-dom/cjs/react-dom.development.js:4277:31)
      at beginWork$1 (node_modules/react-dom/cjs/react-dom.development.js:27490:7)
      at performUnitOfWork (node_modules/react-dom/cjs/react-dom.development.js:26599:12)
      at workLoopSync (node_modules/react-dom/cjs/react-dom.development.js:26505:5)
      at renderRootSync (node_modules/react-dom/cjs/react-dom.development.js:26473:7)
      at performConcurrentWorkOnRoot (node_modules/react-dom/cjs/react-dom.development.js:25777:74)
      at flushActQueue (node_modules/react/cjs/react.development.js:2667:24)
      at act (node_modules/react/cjs/react.development.js:2582:11)
      at node_modules/@testing-library/react/dist/act-compat.js:47:25
      at renderRoot (node_modules/@testing-library/react/dist/pure.js:190:26)
      at render (node_modules/@testing-library/react/dist/pure.js:292:10)
      at Object.<anonymous> (components/__tests__/TimelineModal.test.tsx:87:11)

    console.error
      Warning: React.jsx: type is invalid -- expected a string (for built-in components) or a class/function (for composite components) but got: undefined. You likely forgot to export your component from the file it's defined in, or you might have mixed up default and named imports.
      
      Check the render method of `TimelineModal`.
          at event (C:\Users\alexi\Documents\projects\maicivy\frontend\components\timeline\TimelineModal.tsx:13:56)

    [0m [90m 151 |[39m                 [33m<[39m[33mdiv[39m className[33m=[39m[32m"flex flex-wrap gap-2"[39m[33m>[39m
     [90m 152 |[39m                   {event[33m.[39mtags[33m.[39mmap((tag) [33m=>[39m (
    [31m[1m>[22m[39m[90m 153 |[39m                     [33m<[39m[33mmotion[39m[33m.[39mspan
     [90m     |[39m                     [31m[1m^[22m[39m
     [90m 154 |[39m                       key[33m=[39m{tag}
     [90m 155 |[39m                       whileHover[33m=[39m{{ scale[33m:[39m [35m1.05[39m }}
     [90m 156 |[39m                       className[33m=[39m[32m"px-4 py-2 bg-blue-500 text-white text-sm font-medium rounded-full shadow-sm"[39m[0m

      at printWarning (node_modules/react/cjs/react-jsx-runtime.development.js:87:30)
      at error (node_modules/react/cjs/react-jsx-runtime.development.js:61:7)
      at jsxWithValidation (node_modules/react/cjs/react-jsx-runtime.development.js:1245:7)
      at jsxWithValidationDynamic (node_modules/react/cjs/react-jsx-runtime.development.js:1320:12)
      at components/timeline/TimelineModal.tsx:153:21
          at Array.map (<anonymous>)
      at map (components/timeline/TimelineModal.tsx:152:31)
      at renderWithHooks (node_modules/react-dom/cjs/react-dom.development.js:15486:18)
      at mountIndeterminateComponent (node_modules/react-dom/cjs/react-dom.development.js:20103:13)
      at beginWork (node_modules/react-dom/cjs/react-dom.development.js:21626:16)
      at beginWork$1 (node_modules/react-dom/cjs/react-dom.development.js:27465:14)
      at performUnitOfWork (node_modules/react-dom/cjs/react-dom.development.js:26599:12)
      at workLoopSync (node_modules/react-dom/cjs/react-dom.development.js:26505:5)
      at renderRootSync (node_modules/react-dom/cjs/react-dom.development.js:26473:7)
      at recoverFromConcurrentError (node_modules/react-dom/cjs/react-dom.development.js:25889:20)
      at performConcurrentWorkOnRoot (node_modules/react-dom/cjs/react-dom.development.js:25789:22)
      at flushActQueue (node_modules/react/cjs/react.development.js:2667:24)
      at act (node_modules/react/cjs/react.development.js:2582:11)
      at node_modules/@testing-library/react/dist/act-compat.js:47:25
      at renderRoot (node_modules/@testing-library/react/dist/pure.js:190:26)
      at render (node_modules/@testing-library/react/dist/pure.js:292:10)
      at Object.<anonymous> (components/__tests__/TimelineModal.test.tsx:87:11)

    console.error
      Warning: React.jsx: type is invalid -- expected a string (for built-in components) or a class/function (for composite components) but got: undefined. You likely forgot to export your component from the file it's defined in, or you might have mixed up default and named imports.
      
      Check the render method of `TimelineModal`.
          at event (C:\Users\alexi\Documents\projects\maicivy\frontend\components\timeline\TimelineModal.tsx:13:56)

    [0m [90m 151 |[39m                 [33m<[39m[33mdiv[39m className[33m=[39m[32m"flex flex-wrap gap-2"[39m[33m>[39m
     [90m 152 |[39m                   {event[33m.[39mtags[33m.[39mmap((tag) [33m=>[39m (
    [31m[1m>[22m[39m[90m 153 |[39m                     [33m<[39m[33mmotion[39m[33m.[39mspan
     [90m     |[39m                     [31m[1m^[22m[39m
     [90m 154 |[39m                       key[33m=[39m{tag}
     [90m 155 |[39m                       whileHover[33m=[39m{{ scale[33m:[39m [35m1.05[39m }}
     [90m 156 |[39m                       className[33m=[39m[32m"px-4 py-2 bg-blue-500 text-white text-sm font-medium rounded-full shadow-sm"[39m[0m

      at printWarning (node_modules/react/cjs/react-jsx-runtime.development.js:87:30)
      at error (node_modules/react/cjs/react-jsx-runtime.development.js:61:7)
      at jsxWithValidation (node_modules/react/cjs/react-jsx-runtime.development.js:1245:7)
      at jsxWithValidationDynamic (node_modules/react/cjs/react-jsx-runtime.development.js:1320:12)
      at components/timeline/TimelineModal.tsx:153:21
          at Array.map (<anonymous>)
      at map (components/timeline/TimelineModal.tsx:152:31)
      at renderWithHooks (node_modules/react-dom/cjs/react-dom.development.js:15486:18)
      at mountIndeterminateComponent (node_modules/react-dom/cjs/react-dom.development.js:20103:13)
      at beginWork (node_modules/react-dom/cjs/react-dom.development.js:21626:16)
      at beginWork$1 (node_modules/react-dom/cjs/react-dom.development.js:27465:14)
      at performUnitOfWork (node_modules/react-dom/cjs/react-dom.development.js:26599:12)
      at workLoopSync (node_modules/react-dom/cjs/react-dom.development.js:26505:5)
      at renderRootSync (node_modules/react-dom/cjs/react-dom.development.js:26473:7)
      at recoverFromConcurrentError (node_modules/react-dom/cjs/react-dom.development.js:25889:20)
      at performConcurrentWorkOnRoot (node_modules/react-dom/cjs/react-dom.development.js:25789:22)
      at flushActQueue (node_modules/react/cjs/react.development.js:2667:24)
      at act (node_modules/react/cjs/react.development.js:2582:11)
      at node_modules/@testing-library/react/dist/act-compat.js:47:25
      at renderRoot (node_modules/@testing-library/react/dist/pure.js:190:26)
      at render (node_modules/@testing-library/react/dist/pure.js:292:10)
      at Object.<anonymous> (components/__tests__/TimelineModal.test.tsx:87:11)

    console.error
      Warning: React.jsx: type is invalid -- expected a string (for built-in components) or a class/function (for composite components) but got: undefined. You likely forgot to export your component from the file it's defined in, or you might have mixed up default and named imports.
      
      Check the render method of `TimelineModal`.
          at event (C:\Users\alexi\Documents\projects\maicivy\frontend\components\timeline\TimelineModal.tsx:13:56)

    [0m [90m 151 |[39m                 [33m<[39m[33mdiv[39m className[33m=[39m[32m"flex flex-wrap gap-2"[39m[33m>[39m
     [90m 152 |[39m                   {event[33m.[39mtags[33m.[39mmap((tag) [33m=>[39m (
    [31m[1m>[22m[39m[90m 153 |[39m                     [33m<[39m[33mmotion[39m[33m.[39mspan
     [90m     |[39m                     [31m[1m^[22m[39m
     [90m 154 |[39m                       key[33m=[39m{tag}
     [90m 155 |[39m                       whileHover[33m=[39m{{ scale[33m:[39m [35m1.05[39m }}
     [90m 156 |[39m                       className[33m=[39m[32m"px-4 py-2 bg-blue-500 text-white text-sm font-medium rounded-full shadow-sm"[39m[0m

      at printWarning (node_modules/react/cjs/react-jsx-runtime.development.js:87:30)
      at error (node_modules/react/cjs/react-jsx-runtime.development.js:61:7)
      at jsxWithValidation (node_modules/react/cjs/react-jsx-runtime.development.js:1245:7)
      at jsxWithValidationDynamic (node_modules/react/cjs/react-jsx-runtime.development.js:1320:12)
      at components/timeline/TimelineModal.tsx:153:21
          at Array.map (<anonymous>)
      at map (components/timeline/TimelineModal.tsx:152:31)
      at renderWithHooks (node_modules/react-dom/cjs/react-dom.development.js:15486:18)
      at mountIndeterminateComponent (node_modules/react-dom/cjs/react-dom.development.js:20103:13)
      at beginWork (node_modules/react-dom/cjs/react-dom.development.js:21626:16)
      at beginWork$1 (node_modules/react-dom/cjs/react-dom.development.js:27465:14)
      at performUnitOfWork (node_modules/react-dom/cjs/react-dom.development.js:26599:12)
      at workLoopSync (node_modules/react-dom/cjs/react-dom.development.js:26505:5)
      at renderRootSync (node_modules/react-dom/cjs/react-dom.development.js:26473:7)
      at recoverFromConcurrentError (node_modules/react-dom/cjs/react-dom.development.js:25889:20)
      at performConcurrentWorkOnRoot (node_modules/react-dom/cjs/react-dom.development.js:25789:22)
      at flushActQueue (node_modules/react/cjs/react.development.js:2667:24)
      at act (node_modules/react/cjs/react.development.js:2582:11)
      at node_modules/@testing-library/react/dist/act-compat.js:47:25
      at renderRoot (node_modules/@testing-library/react/dist/pure.js:190:26)
      at render (node_modules/@testing-library/react/dist/pure.js:292:10)
      at Object.<anonymous> (components/__tests__/TimelineModal.test.tsx:87:11)

    console.error
      Warning: React.jsx: type is invalid -- expected a string (for built-in components) or a class/function (for composite components) but got: undefined. You likely forgot to export your component from the file it's defined in, or you might have mixed up default and named imports.
      
      Check the render method of `TimelineModal`.
          at event (C:\Users\alexi\Documents\projects\maicivy\frontend\components\timeline\TimelineModal.tsx:13:56)

    [0m [90m 151 |[39m                 [33m<[39m[33mdiv[39m className[33m=[39m[32m"flex flex-wrap gap-2"[39m[33m>[39m
     [90m 152 |[39m                   {event[33m.[39mtags[33m.[39mmap((tag) [33m=>[39m (
    [31m[1m>[22m[39m[90m 153 |[39m                     [33m<[39m[33mmotion[39m[33m.[39mspan
     [90m     |[39m                     [31m[1m^[22m[39m
     [90m 154 |[39m                       key[33m=[39m{tag}
     [90m 155 |[39m                       whileHover[33m=[39m{{ scale[33m:[39m [35m1.05[39m }}
     [90m 156 |[39m                       className[33m=[39m[32m"px-4 py-2 bg-blue-500 text-white text-sm font-medium rounded-full shadow-sm"[39m[0m

      at printWarning (node_modules/react/cjs/react-jsx-runtime.development.js:87:30)
      at error (node_modules/react/cjs/react-jsx-runtime.development.js:61:7)
      at jsxWithValidation (node_modules/react/cjs/react-jsx-runtime.development.js:1245:7)
      at jsxWithValidationDynamic (node_modules/react/cjs/react-jsx-runtime.development.js:1320:12)
      at components/timeline/TimelineModal.tsx:153:21
          at Array.map (<anonymous>)
      at map (components/timeline/TimelineModal.tsx:152:31)
      at renderWithHooks (node_modules/react-dom/cjs/react-dom.development.js:15486:18)
      at mountIndeterminateComponent (node_modules/react-dom/cjs/react-dom.development.js:20103:13)
      at beginWork (node_modules/react-dom/cjs/react-dom.development.js:21626:16)
      at beginWork$1 (node_modules/react-dom/cjs/react-dom.development.js:27465:14)
      at performUnitOfWork (node_modules/react-dom/cjs/react-dom.development.js:26599:12)
      at workLoopSync (node_modules/react-dom/cjs/react-dom.development.js:26505:5)
      at renderRootSync (node_modules/react-dom/cjs/react-dom.development.js:26473:7)
      at recoverFromConcurrentError (node_modules/react-dom/cjs/react-dom.development.js:25889:20)
      at performConcurrentWorkOnRoot (node_modules/react-dom/cjs/react-dom.development.js:25789:22)
      at flushActQueue (node_modules/react/cjs/react.development.js:2667:24)
      at act (node_modules/react/cjs/react.development.js:2582:11)
      at node_modules/@testing-library/react/dist/act-compat.js:47:25
      at renderRoot (node_modules/@testing-library/react/dist/pure.js:190:26)
      at render (node_modules/@testing-library/react/dist/pure.js:292:10)
      at Object.<anonymous> (components/__tests__/TimelineModal.test.tsx:87:11)

    console.error
      Warning: React.jsx: type is invalid -- expected a string (for built-in components) or a class/function (for composite components) but got: undefined. You likely forgot to export your component from the file it's defined in, or you might have mixed up default and named imports.
      
      Check the render method of `TimelineModal`.
          at event (C:\Users\alexi\Documents\projects\maicivy\frontend\components\timeline\TimelineModal.tsx:13:56)

    [0m [90m 151 |[39m                 [33m<[39m[33mdiv[39m className[33m=[39m[32m"flex flex-wrap gap-2"[39m[33m>[39m
     [90m 152 |[39m                   {event[33m.[39mtags[33m.[39mmap((tag) [33m=>[39m (
    [31m[1m>[22m[39m[90m 153 |[39m                     [33m<[39m[33mmotion[39m[33m.[39mspan
     [90m     |[39m                     [31m[1m^[22m[39m
     [90m 154 |[39m                       key[33m=[39m{tag}
     [90m 155 |[39m                       whileHover[33m=[39m{{ scale[33m:[39m [35m1.05[39m }}
     [90m 156 |[39m                       className[33m=[39m[32m"px-4 py-2 bg-blue-500 text-white text-sm font-medium rounded-full shadow-sm"[39m[0m

      at printWarning (node_modules/react/cjs/react-jsx-runtime.development.js:87:30)
      at error (node_modules/react/cjs/react-jsx-runtime.development.js:61:7)
      at jsxWithValidation (node_modules/react/cjs/react-jsx-runtime.development.js:1245:7)
      at jsxWithValidationDynamic (node_modules/react/cjs/react-jsx-runtime.development.js:1320:12)
      at components/timeline/TimelineModal.tsx:153:21
          at Array.map (<anonymous>)
      at map (components/timeline/TimelineModal.tsx:152:31)
      at renderWithHooks (node_modules/react-dom/cjs/react-dom.development.js:15486:18)
      at mountIndeterminateComponent (node_modules/react-dom/cjs/react-dom.development.js:20103:13)
      at beginWork (node_modules/react-dom/cjs/react-dom.development.js:21626:16)
      at beginWork$1 (node_modules/react-dom/cjs/react-dom.development.js:27465:14)
      at performUnitOfWork (node_modules/react-dom/cjs/react-dom.development.js:26599:12)
      at workLoopSync (node_modules/react-dom/cjs/react-dom.development.js:26505:5)
      at renderRootSync (node_modules/react-dom/cjs/react-dom.development.js:26473:7)
      at recoverFromConcurrentError (node_modules/react-dom/cjs/react-dom.development.js:25889:20)
      at performConcurrentWorkOnRoot (node_modules/react-dom/cjs/react-dom.development.js:25789:22)
      at flushActQueue (node_modules/react/cjs/react.development.js:2667:24)
      at act (node_modules/react/cjs/react.development.js:2582:11)
      at node_modules/@testing-library/react/dist/act-compat.js:47:25
      at renderRoot (node_modules/@testing-library/react/dist/pure.js:190:26)
      at render (node_modules/@testing-library/react/dist/pure.js:292:10)
      at Object.<anonymous> (components/__tests__/TimelineModal.test.tsx:87:11)

    console.error
      Error: Uncaught [Error: Element type is invalid: expected a string (for built-in components) or a class/function (for composite components) but got: undefined. You likely forgot to export your component from the file it's defined in, or you might have mixed up default and named imports.
      
      Check the render method of `TimelineModal`.]
          at reportException (C:\Users\alexi\Documents\projects\maicivy\frontend\node_modules\jsdom\lib\jsdom\living\helpers\runtime-script-errors.js:66:24)
          at innerInvokeEventListeners (C:\Users\alexi\Documents\projects\maicivy\frontend\node_modules\jsdom\lib\jsdom\living\events\EventTarget-impl.js:353:9)
          at invokeEventListeners (C:\Users\alexi\Documents\projects\maicivy\frontend\node_modules\jsdom\lib\jsdom\living\events\EventTarget-impl.js:286:3)
          at HTMLUnknownElementImpl._dispatch (C:\Users\alexi\Documents\projects\maicivy\frontend\node_modules\jsdom\lib\jsdom\living\events\EventTarget-impl.js:233:9)
          at HTMLUnknownElementImpl.dispatchEvent (C:\Users\alexi\Documents\projects\maicivy\frontend\node_modules\jsdom\lib\jsdom\living\events\EventTarget-impl.js:104:17)
          at HTMLUnknownElement.dispatchEvent (C:\Users\alexi\Documents\projects\maicivy\frontend\node_modules\jsdom\lib\jsdom\living\generated\EventTarget.js:241:34)
          at Object.invokeGuardedCallbackDev (C:\Users\alexi\Documents\projects\maicivy\frontend\node_modules\react-dom\cjs\react-dom.development.js:4213:16)
          at invokeGuardedCallback (C:\Users\alexi\Documents\projects\maicivy\frontend\node_modules\react-dom\cjs\react-dom.development.js:4277:31)
          at beginWork$1 (C:\Users\alexi\Documents\projects\maicivy\frontend\node_modules\react-dom\cjs\react-dom.development.js:27490:7)
          at performUnitOfWork (C:\Users\alexi\Documents\projects\maicivy\frontend\node_modules\react-dom\cjs\react-dom.development.js:26599:12)
          at workLoopSync (C:\Users\alexi\Documents\projects\maicivy\frontend\node_modules\react-dom\cjs\react-dom.development.js:26505:5)
          at renderRootSync (C:\Users\alexi\Documents\projects\maicivy\frontend\node_modules\react-dom\cjs\react-dom.development.js:26473:7)
          at recoverFromConcurrentError (C:\Users\alexi\Documents\projects\maicivy\frontend\node_modules\react-dom\cjs\react-dom.development.js:25889:20)
          at performConcurrentWorkOnRoot (C:\Users\alexi\Documents\projects\maicivy\frontend\node_modules\react-dom\cjs\react-dom.development.js:25789:22)
          at flushActQueue (C:\Users\alexi\Documents\projects\maicivy\frontend\node_modules\react\cjs\react.development.js:2667:24)
          at act (C:\Users\alexi\Documents\projects\maicivy\frontend\node_modules\react\cjs\react.development.js:2582:11)
          at C:\Users\alexi\Documents\projects\maicivy\frontend\node_modules\@testing-library\react\dist\act-compat.js:47:25
          at renderRoot (C:\Users\alexi\Documents\projects\maicivy\frontend\node_modules\@testing-library\react\dist\pure.js:190:26)
          at render (C:\Users\alexi\Documents\projects\maicivy\frontend\node_modules\@testing-library\react\dist\pure.js:292:10)
          at Object.<anonymous> (C:\Users\alexi\Documents\projects\maicivy\frontend\components\__tests__\TimelineModal.test.tsx:87:11)
          at Promise.finally.completed (C:\Users\alexi\Documents\projects\maicivy\frontend\node_modules\jest-circus\build\jestAdapterInit.js:1557:28)
          at new Promise (<anonymous>)
          at callAsyncCircusFn (C:\Users\alexi\Documents\projects\maicivy\frontend\node_modules\jest-circus\build\jestAdapterInit.js:1497:10)
          at _callCircusTest (C:\Users\alexi\Documents\projects\maicivy\frontend\node_modules\jest-circus\build\jestAdapterInit.js:1007:40)
          at processTicksAndRejections (node:internal/process/task_queues:103:5)
          at _runTest (C:\Users\alexi\Documents\projects\maicivy\frontend\node_modules\jest-circus\build\jestAdapterInit.js:947:3)
          at C:\Users\alexi\Documents\projects\maicivy\frontend\node_modules\jest-circus\build\jestAdapterInit.js:849:7
          at _runTestsForDescribeBlock (C:\Users\alexi\Documents\projects\maicivy\frontend\node_modules\jest-circus\build\jestAdapterInit.js:862:11)
          at _runTestsForDescribeBlock (C:\Users\alexi\Documents\projects\maicivy\frontend\node_modules\jest-circus\build\jestAdapterInit.js:857:11)
          at run (C:\Users\alexi\Documents\projects\maicivy\frontend\node_modules\jest-circus\build\jestAdapterInit.js:761:3)
          at runAndTransformResultsToJestFormat (C:\Users\alexi\Documents\projects\maicivy\frontend\node_modules\jest-circus\build\jestAdapterInit.js:1918:21)
          at jestAdapter (C:\Users\alexi\Documents\projects\maicivy\frontend\node_modules\jest-circus\build\runner.js:101:19)
          at runTestInternal (C:\Users\alexi\Documents\projects\maicivy\frontend\node_modules\jest-runner\build\testWorker.js:275:16)
          at runTest (C:\Users\alexi\Documents\projects\maicivy\frontend\node_modules\jest-runner\build\testWorker.js:343:7)
          at Object.worker (C:\Users\alexi\Documents\projects\maicivy\frontend\node_modules\jest-runner\build\testWorker.js:497:12) {
        detail: Error: Element type is invalid: expected a string (for built-in components) or a class/function (for composite components) but got: undefined. You likely forgot to export your component from the file it's defined in, or you might have mixed up default and named imports.
        
        Check the render method of `TimelineModal`.
            at createFiberFromTypeAndProps (C:\Users\alexi\Documents\projects\maicivy\frontend\node_modules\react-dom\cjs\react-dom.development.js:28478:17)
            at createFiberFromElement (C:\Users\alexi\Documents\projects\maicivy\frontend\node_modules\react-dom\cjs\react-dom.development.js:28504:15)
            at createChild (C:\Users\alexi\Documents\projects\maicivy\frontend\node_modules\react-dom\cjs\react-dom.development.js:13345:28)
            at reconcileChildrenArray (C:\Users\alexi\Documents\projects\maicivy\frontend\node_modules\react-dom\cjs\react-dom.development.js:13640:25)
            at reconcileChildFibers (C:\Users\alexi\Documents\projects\maicivy\frontend\node_modules\react-dom\cjs\react-dom.development.js:14057:16)
            at reconcileChildren (C:\Users\alexi\Documents\projects\maicivy\frontend\node_modules\react-dom\cjs\react-dom.development.js:19186:28)
            at updateHostComponent (C:\Users\alexi\Documents\projects\maicivy\frontend\node_modules\react-dom\cjs\react-dom.development.js:19953:3)
            at beginWork (C:\Users\alexi\Documents\projects\maicivy\frontend\node_modules\react-dom\cjs\react-dom.development.js:21657:14)
            at HTMLUnknownElement.callCallback (C:\Users\alexi\Documents\projects\maicivy\frontend\node_modules\react-dom\cjs\react-dom.development.js:4164:14)
            at HTMLUnknownElement.callTheUserObjectsOperation (C:\Users\alexi\Documents\projects\maicivy\frontend\node_modules\jsdom\lib\jsdom\living\generated\EventListener.js:26:30)
            at innerInvokeEventListeners (C:\Users\alexi\Documents\projects\maicivy\frontend\node_modules\jsdom\lib\jsdom\living\events\EventTarget-impl.js:350:25)
            at invokeEventListeners (C:\Users\alexi\Documents\projects\maicivy\frontend\node_modules\jsdom\lib\jsdom\living\events\EventTarget-impl.js:286:3)
            at HTMLUnknownElementImpl._dispatch (C:\Users\alexi\Documents\projects\maicivy\frontend\node_modules\jsdom\lib\jsdom\living\events\EventTarget-impl.js:233:9)
            at HTMLUnknownElementImpl.dispatchEvent (C:\Users\alexi\Documents\projects\maicivy\frontend\node_modules\jsdom\lib\jsdom\living\events\EventTarget-impl.js:104:17)
            at HTMLUnknownElement.dispatchEvent (C:\Users\alexi\Documents\projects\maicivy\frontend\node_modules\jsdom\lib\jsdom\living\generated\EventTarget.js:241:34)
            at Object.invokeGuardedCallbackDev (C:\Users\alexi\Documents\projects\maicivy\frontend\node_modules\react-dom\cjs\react-dom.development.js:4213:16)
            at invokeGuardedCallback (C:\Users\alexi\Documents\projects\maicivy\frontend\node_modules\react-dom\cjs\react-dom.development.js:4277:31)
            at beginWork$1 (C:\Users\alexi\Documents\projects\maicivy\frontend\node_modules\react-dom\cjs\react-dom.development.js:27490:7)
            at performUnitOfWork (C:\Users\alexi\Documents\projects\maicivy\frontend\node_modules\react-dom\cjs\react-dom.development.js:26599:12)
            at workLoopSync (C:\Users\alexi\Documents\projects\maicivy\frontend\node_modules\react-dom\cjs\react-dom.development.js:26505:5)
            at renderRootSync (C:\Users\alexi\Documents\projects\maicivy\frontend\node_modules\react-dom\cjs\react-dom.development.js:26473:7)
            at recoverFromConcurrentError (C:\Users\alexi\Documents\projects\maicivy\frontend\node_modules\react-dom\cjs\react-dom.development.js:25889:20)
            at performConcurrentWorkOnRoot (C:\Users\alexi\Documents\projects\maicivy\frontend\node_modules\react-dom\cjs\react-dom.development.js:25789:22)
            at flushActQueue (C:\Users\alexi\Documents\projects\maicivy\frontend\node_modules\react\cjs\react.development.js:2667:24)
            at act (C:\Users\alexi\Documents\projects\maicivy\frontend\node_modules\react\cjs\react.development.js:2582:11)
            at C:\Users\alexi\Documents\projects\maicivy\frontend\node_modules\@testing-library\react\dist\act-compat.js:47:25
            at renderRoot (C:\Users\alexi\Documents\projects\maicivy\frontend\node_modules\@testing-library\react\dist\pure.js:190:26)
            at render (C:\Users\alexi\Documents\projects\maicivy\frontend\node_modules\@testing-library\react\dist\pure.js:292:10)
            at Object.<anonymous> (C:\Users\alexi\Documents\projects\maicivy\frontend\components\__tests__\TimelineModal.test.tsx:87:11)
            at Promise.finally.completed (C:\Users\alexi\Documents\projects\maicivy\frontend\node_modules\jest-circus\build\jestAdapterInit.js:1557:28)
            at new Promise (<anonymous>)
            at callAsyncCircusFn (C:\Users\alexi\Documents\projects\maicivy\frontend\node_modules\jest-circus\build\jestAdapterInit.js:1497:10)
            at _callCircusTest (C:\Users\alexi\Documents\projects\maicivy\frontend\node_modules\jest-circus\build\jestAdapterInit.js:1007:40)
            at processTicksAndRejections (node:internal/process/task_queues:103:5)
            at _runTest (C:\Users\alexi\Documents\projects\maicivy\frontend\node_modules\jest-circus\build\jestAdapterInit.js:947:3)
            at C:\Users\alexi\Documents\projects\maicivy\frontend\node_modules\jest-circus\build\jestAdapterInit.js:849:7
            at _runTestsForDescribeBlock (C:\Users\alexi\Documents\projects\maicivy\frontend\node_modules\jest-circus\build\jestAdapterInit.js:862:11)
            at _runTestsForDescribeBlock (C:\Users\alexi\Documents\projects\maicivy\frontend\node_modules\jest-circus\build\jestAdapterInit.js:857:11)
            at run (C:\Users\alexi\Documents\projects\maicivy\frontend\node_modules\jest-circus\build\jestAdapterInit.js:761:3)
            at runAndTransformResultsToJestFormat (C:\Users\alexi\Documents\projects\maicivy\frontend\node_modules\jest-circus\build\jestAdapterInit.js:1918:21)
            at jestAdapter (C:\Users\alexi\Documents\projects\maicivy\frontend\node_modules\jest-circus\build\runner.js:101:19)
            at runTestInternal (C:\Users\alexi\Documents\projects\maicivy\frontend\node_modules\jest-runner\build\testWorker.js:275:16)
            at runTest (C:\Users\alexi\Documents\projects\maicivy\frontend\node_modules\jest-runner\build\testWorker.js:343:7)
            at Object.worker (C:\Users\alexi\Documents\projects\maicivy\frontend\node_modules\jest-runner\build\testWorker.js:497:12),
        type: 'unhandled exception'
      }

    [0m [90m 85 |[39m     [36mconst[39m currentEvent [33m=[39m { [33m...[39mmockEvent[33m,[39m isCurrent[33m:[39m [36mtrue[39m[33m,[39m endDate[33m:[39m undefined }[33m;[39m
     [90m 86 |[39m
    [31m[1m>[22m[39m[90m 87 |[39m     render([33m<[39m[33mTimelineModal[39m event[33m=[39m{currentEvent} onClose[33m=[39m{jest[33m.[39mfn()} [33m/[39m[33m>[39m)[33m;[39m
     [90m    |[39m           [31m[1m^[22m[39m
     [90m 88 |[39m
     [90m 89 |[39m     [36mconst[39m badges [33m=[39m screen[33m.[39mgetAllByText([35m/en cours/i[39m)[33m;[39m
     [90m 90 |[39m     expect(badges[33m.[39mlength)[33m.[39mtoBeGreaterThan([35m0[39m)[33m;[39m[0m

      at VirtualConsole.<anonymous> (node_modules/@jest/environment-jsdom-abstract/build/index.js:87:23)
      at reportException (node_modules/jsdom/lib/jsdom/living/helpers/runtime-script-errors.js:70:28)
      at innerInvokeEventListeners (node_modules/jsdom/lib/jsdom/living/events/EventTarget-impl.js:353:9)
      at invokeEventListeners (node_modules/jsdom/lib/jsdom/living/events/EventTarget-impl.js:286:3)
      at HTMLUnknownElementImpl._dispatch (node_modules/jsdom/lib/jsdom/living/events/EventTarget-impl.js:233:9)
      at HTMLUnknownElementImpl.dispatchEvent (node_modules/jsdom/lib/jsdom/living/events/EventTarget-impl.js:104:17)
      at HTMLUnknownElement.dispatchEvent (node_modules/jsdom/lib/jsdom/living/generated/EventTarget.js:241:34)
      at Object.invokeGuardedCallbackDev (node_modules/react-dom/cjs/react-dom.development.js:4213:16)
      at invokeGuardedCallback (node_modules/react-dom/cjs/react-dom.development.js:4277:31)
      at beginWork$1 (node_modules/react-dom/cjs/react-dom.development.js:27490:7)
      at performUnitOfWork (node_modules/react-dom/cjs/react-dom.development.js:26599:12)
      at workLoopSync (node_modules/react-dom/cjs/react-dom.development.js:26505:5)
      at renderRootSync (node_modules/react-dom/cjs/react-dom.development.js:26473:7)
      at recoverFromConcurrentError (node_modules/react-dom/cjs/react-dom.development.js:25889:20)
      at performConcurrentWorkOnRoot (node_modules/react-dom/cjs/react-dom.development.js:25789:22)
      at flushActQueue (node_modules/react/cjs/react.development.js:2667:24)
      at act (node_modules/react/cjs/react.development.js:2582:11)
      at node_modules/@testing-library/react/dist/act-compat.js:47:25
      at renderRoot (node_modules/@testing-library/react/dist/pure.js:190:26)
      at render (node_modules/@testing-library/react/dist/pure.js:292:10)
      at Object.<anonymous> (components/__tests__/TimelineModal.test.tsx:87:11)

    console.error
      The above error occurred in the <div> component:
      
          at div
          at div
          at div
          at div
          at children (C:\Users\alexi\Documents\projects\maicivy\frontend\components\__tests__\TimelineModal.test.tsx:8:13)
          at div
          at children (C:\Users\alexi\Documents\projects\maicivy\frontend\components\__tests__\TimelineModal.test.tsx:8:13)
          at children (C:\Users\alexi\Documents\projects\maicivy\frontend\components\__tests__\TimelineModal.test.tsx:12:23)
          at event (C:\Users\alexi\Documents\projects\maicivy\frontend\components\timeline\TimelineModal.tsx:13:56)
      
      Consider adding an error boundary to your tree to customize error handling behavior.
      Visit https://reactjs.org/link/error-boundaries to learn more about error boundaries.

    [0m [90m 85 |[39m     [36mconst[39m currentEvent [33m=[39m { [33m...[39mmockEvent[33m,[39m isCurrent[33m:[39m [36mtrue[39m[33m,[39m endDate[33m:[39m undefined }[33m;[39m
     [90m 86 |[39m
    [31m[1m>[22m[39m[90m 87 |[39m     render([33m<[39m[33mTimelineModal[39m event[33m=[39m{currentEvent} onClose[33m=[39m{jest[33m.[39mfn()} [33m/[39m[33m>[39m)[33m;[39m
     [90m    |[39m           [31m[1m^[22m[39m
     [90m 88 |[39m
     [90m 89 |[39m     [36mconst[39m badges [33m=[39m screen[33m.[39mgetAllByText([35m/en cours/i[39m)[33m;[39m
     [90m 90 |[39m     expect(badges[33m.[39mlength)[33m.[39mtoBeGreaterThan([35m0[39m)[33m;[39m[0m

      at logCapturedError (node_modules/react-dom/cjs/react-dom.development.js:18704:23)
      at update.callback (node_modules/react-dom/cjs/react-dom.development.js:18737:5)
      at callCallback (node_modules/react-dom/cjs/react-dom.development.js:15036:12)
      at commitUpdateQueue (node_modules/react-dom/cjs/react-dom.development.js:15057:9)
      at commitLayoutEffectOnFiber (node_modules/react-dom/cjs/react-dom.development.js:23430:13)
      at commitLayoutMountEffects_complete (node_modules/react-dom/cjs/react-dom.development.js:24727:9)
      at commitLayoutEffects_begin (node_modules/react-dom/cjs/react-dom.development.js:24713:7)
      at commitLayoutEffects (node_modules/react-dom/cjs/react-dom.development.js:24651:3)
      at commitRootImpl (node_modules/react-dom/cjs/react-dom.development.js:26862:5)
      at commitRoot (node_modules/react-dom/cjs/react-dom.development.js:26721:5)
      at finishConcurrentRender (node_modules/react-dom/cjs/react-dom.development.js:25931:9)
      at performConcurrentWorkOnRoot (node_modules/react-dom/cjs/react-dom.development.js:25848:7)
      at flushActQueue (node_modules/react/cjs/react.development.js:2667:24)
      at act (node_modules/react/cjs/react.development.js:2582:11)
      at node_modules/@testing-library/react/dist/act-compat.js:47:25
      at renderRoot (node_modules/@testing-library/react/dist/pure.js:190:26)
      at render (node_modules/@testing-library/react/dist/pure.js:292:10)
      at Object.<anonymous> (components/__tests__/TimelineModal.test.tsx:87:11)

    console.error
      Warning: React.jsx: type is invalid -- expected a string (for built-in components) or a class/function (for composite components) but got: undefined. You likely forgot to export your component from the file it's defined in, or you might have mixed up default and named imports.
      
      Check the render method of `TimelineModal`.
          at event (C:\Users\alexi\Documents\projects\maicivy\frontend\components\timeline\TimelineModal.tsx:13:56)

    [0m [90m 151 |[39m                 [33m<[39m[33mdiv[39m className[33m=[39m[32m"flex flex-wrap gap-2"[39m[33m>[39m
     [90m 152 |[39m                   {event[33m.[39mtags[33m.[39mmap((tag) [33m=>[39m (
    [31m[1m>[22m[39m[90m 153 |[39m                     [33m<[39m[33mmotion[39m[33m.[39mspan
     [90m     |[39m                     [31m[1m^[22m[39m
     [90m 154 |[39m                       key[33m=[39m{tag}
     [90m 155 |[39m                       whileHover[33m=[39m{{ scale[33m:[39m [35m1.05[39m }}
     [90m 156 |[39m                       className[33m=[39m[32m"px-4 py-2 bg-blue-500 text-white text-sm font-medium rounded-full shadow-sm"[39m[0m

      at printWarning (node_modules/react/cjs/react-jsx-runtime.development.js:87:30)
      at error (node_modules/react/cjs/react-jsx-runtime.development.js:61:7)
      at jsxWithValidation (node_modules/react/cjs/react-jsx-runtime.development.js:1245:7)
      at jsxWithValidationDynamic (node_modules/react/cjs/react-jsx-runtime.development.js:1320:12)
      at components/timeline/TimelineModal.tsx:153:21
          at Array.map (<anonymous>)
      at map (components/timeline/TimelineModal.tsx:152:31)
      at renderWithHooks (node_modules/react-dom/cjs/react-dom.development.js:15486:18)
      at mountIndeterminateComponent (node_modules/react-dom/cjs/react-dom.development.js:20103:13)
      at beginWork (node_modules/react-dom/cjs/react-dom.development.js:21626:16)
      at beginWork$1 (node_modules/react-dom/cjs/react-dom.development.js:27465:14)
      at performUnitOfWork (node_modules/react-dom/cjs/react-dom.development.js:26599:12)
      at workLoopSync (node_modules/react-dom/cjs/react-dom.development.js:26505:5)
      at renderRootSync (node_modules/react-dom/cjs/react-dom.development.js:26473:7)
      at performConcurrentWorkOnRoot (node_modules/react-dom/cjs/react-dom.development.js:25777:74)
      at flushActQueue (node_modules/react/cjs/react.development.js:2667:24)
      at act (node_modules/react/cjs/react.development.js:2582:11)
      at node_modules/@testing-library/react/dist/act-compat.js:47:25
      at renderRoot (node_modules/@testing-library/react/dist/pure.js:190:26)
      at render (node_modules/@testing-library/react/dist/pure.js:292:10)
      at Object.<anonymous> (components/__tests__/TimelineModal.test.tsx:94:11)

    console.error
      Warning: React.jsx: type is invalid -- expected a string (for built-in components) or a class/function (for composite components) but got: undefined. You likely forgot to export your component from the file it's defined in, or you might have mixed up default and named imports.
      
      Check the render method of `TimelineModal`.
          at event (C:\Users\alexi\Documents\projects\maicivy\frontend\components\timeline\TimelineModal.tsx:13:56)

    [0m [90m 151 |[39m                 [33m<[39m[33mdiv[39m className[33m=[39m[32m"flex flex-wrap gap-2"[39m[33m>[39m
     [90m 152 |[39m                   {event[33m.[39mtags[33m.[39mmap((tag) [33m=>[39m (
    [31m[1m>[22m[39m[90m 153 |[39m                     [33m<[39m[33mmotion[39m[33m.[39mspan
     [90m     |[39m                     [31m[1m^[22m[39m
     [90m 154 |[39m                       key[33m=[39m{tag}
     [90m 155 |[39m                       whileHover[33m=[39m{{ scale[33m:[39m [35m1.05[39m }}
     [90m 156 |[39m                       className[33m=[39m[32m"px-4 py-2 bg-blue-500 text-white text-sm font-medium rounded-full shadow-sm"[39m[0m

      at printWarning (node_modules/react/cjs/react-jsx-runtime.development.js:87:30)
      at error (node_modules/react/cjs/react-jsx-runtime.development.js:61:7)
      at jsxWithValidation (node_modules/react/cjs/react-jsx-runtime.development.js:1245:7)
      at jsxWithValidationDynamic (node_modules/react/cjs/react-jsx-runtime.development.js:1320:12)
      at components/timeline/TimelineModal.tsx:153:21
          at Array.map (<anonymous>)
      at map (components/timeline/TimelineModal.tsx:152:31)
      at renderWithHooks (node_modules/react-dom/cjs/react-dom.development.js:15486:18)
      at mountIndeterminateComponent (node_modules/react-dom/cjs/react-dom.development.js:20103:13)
      at beginWork (node_modules/react-dom/cjs/react-dom.development.js:21626:16)
      at beginWork$1 (node_modules/react-dom/cjs/react-dom.development.js:27465:14)
      at performUnitOfWork (node_modules/react-dom/cjs/react-dom.development.js:26599:12)
      at workLoopSync (node_modules/react-dom/cjs/react-dom.development.js:26505:5)
      at renderRootSync (node_modules/react-dom/cjs/react-dom.development.js:26473:7)
      at performConcurrentWorkOnRoot (node_modules/react-dom/cjs/react-dom.development.js:25777:74)
      at flushActQueue (node_modules/react/cjs/react.development.js:2667:24)
      at act (node_modules/react/cjs/react.development.js:2582:11)
      at node_modules/@testing-library/react/dist/act-compat.js:47:25
      at renderRoot (node_modules/@testing-library/react/dist/pure.js:190:26)
      at render (node_modules/@testing-library/react/dist/pure.js:292:10)
      at Object.<anonymous> (components/__tests__/TimelineModal.test.tsx:94:11)

    console.error
      Warning: React.jsx: type is invalid -- expected a string (for built-in components) or a class/function (for composite components) but got: undefined. You likely forgot to export your component from the file it's defined in, or you might have mixed up default and named imports.
      
      Check the render method of `TimelineModal`.
          at event (C:\Users\alexi\Documents\projects\maicivy\frontend\components\timeline\TimelineModal.tsx:13:56)

    [0m [90m 151 |[39m                 [33m<[39m[33mdiv[39m className[33m=[39m[32m"flex flex-wrap gap-2"[39m[33m>[39m
     [90m 152 |[39m                   {event[33m.[39mtags[33m.[39mmap((tag) [33m=>[39m (
    [31m[1m>[22m[39m[90m 153 |[39m                     [33m<[39m[33mmotion[39m[33m.[39mspan
     [90m     |[39m                     [31m[1m^[22m[39m
     [90m 154 |[39m                       key[33m=[39m{tag}
     [90m 155 |[39m                       whileHover[33m=[39m{{ scale[33m:[39m [35m1.05[39m }}
     [90m 156 |[39m                       className[33m=[39m[32m"px-4 py-2 bg-blue-500 text-white text-sm font-medium rounded-full shadow-sm"[39m[0m

      at printWarning (node_modules/react/cjs/react-jsx-runtime.development.js:87:30)
      at error (node_modules/react/cjs/react-jsx-runtime.development.js:61:7)
      at jsxWithValidation (node_modules/react/cjs/react-jsx-runtime.development.js:1245:7)
      at jsxWithValidationDynamic (node_modules/react/cjs/react-jsx-runtime.development.js:1320:12)
      at components/timeline/TimelineModal.tsx:153:21
          at Array.map (<anonymous>)
      at map (components/timeline/TimelineModal.tsx:152:31)
      at renderWithHooks (node_modules/react-dom/cjs/react-dom.development.js:15486:18)
      at mountIndeterminateComponent (node_modules/react-dom/cjs/react-dom.development.js:20103:13)
      at beginWork (node_modules/react-dom/cjs/react-dom.development.js:21626:16)
      at beginWork$1 (node_modules/react-dom/cjs/react-dom.development.js:27465:14)
      at performUnitOfWork (node_modules/react-dom/cjs/react-dom.development.js:26599:12)
      at workLoopSync (node_modules/react-dom/cjs/react-dom.development.js:26505:5)
      at renderRootSync (node_modules/react-dom/cjs/react-dom.development.js:26473:7)
      at performConcurrentWorkOnRoot (node_modules/react-dom/cjs/react-dom.development.js:25777:74)
      at flushActQueue (node_modules/react/cjs/react.development.js:2667:24)
      at act (node_modules/react/cjs/react.development.js:2582:11)
      at node_modules/@testing-library/react/dist/act-compat.js:47:25
      at renderRoot (node_modules/@testing-library/react/dist/pure.js:190:26)
      at render (node_modules/@testing-library/react/dist/pure.js:292:10)
      at Object.<anonymous> (components/__tests__/TimelineModal.test.tsx:94:11)

    console.error
      Warning: React.jsx: type is invalid -- expected a string (for built-in components) or a class/function (for composite components) but got: undefined. You likely forgot to export your component from the file it's defined in, or you might have mixed up default and named imports.
      
      Check the render method of `TimelineModal`.
          at event (C:\Users\alexi\Documents\projects\maicivy\frontend\components\timeline\TimelineModal.tsx:13:56)

    [0m [90m 151 |[39m                 [33m<[39m[33mdiv[39m className[33m=[39m[32m"flex flex-wrap gap-2"[39m[33m>[39m
     [90m 152 |[39m                   {event[33m.[39mtags[33m.[39mmap((tag) [33m=>[39m (
    [31m[1m>[22m[39m[90m 153 |[39m                     [33m<[39m[33mmotion[39m[33m.[39mspan
     [90m     |[39m                     [31m[1m^[22m[39m
     [90m 154 |[39m                       key[33m=[39m{tag}
     [90m 155 |[39m                       whileHover[33m=[39m{{ scale[33m:[39m [35m1.05[39m }}
     [90m 156 |[39m                       className[33m=[39m[32m"px-4 py-2 bg-blue-500 text-white text-sm font-medium rounded-full shadow-sm"[39m[0m

      at printWarning (node_modules/react/cjs/react-jsx-runtime.development.js:87:30)
      at error (node_modules/react/cjs/react-jsx-runtime.development.js:61:7)
      at jsxWithValidation (node_modules/react/cjs/react-jsx-runtime.development.js:1245:7)
      at jsxWithValidationDynamic (node_modules/react/cjs/react-jsx-runtime.development.js:1320:12)
      at components/timeline/TimelineModal.tsx:153:21
          at Array.map (<anonymous>)
      at map (components/timeline/TimelineModal.tsx:152:31)
      at renderWithHooks (node_modules/react-dom/cjs/react-dom.development.js:15486:18)
      at mountIndeterminateComponent (node_modules/react-dom/cjs/react-dom.development.js:20103:13)
      at beginWork (node_modules/react-dom/cjs/react-dom.development.js:21626:16)
      at beginWork$1 (node_modules/react-dom/cjs/react-dom.development.js:27465:14)
      at performUnitOfWork (node_modules/react-dom/cjs/react-dom.development.js:26599:12)
      at workLoopSync (node_modules/react-dom/cjs/react-dom.development.js:26505:5)
      at renderRootSync (node_modules/react-dom/cjs/react-dom.development.js:26473:7)
      at performConcurrentWorkOnRoot (node_modules/react-dom/cjs/react-dom.development.js:25777:74)
      at flushActQueue (node_modules/react/cjs/react.development.js:2667:24)
      at act (node_modules/react/cjs/react.development.js:2582:11)
      at node_modules/@testing-library/react/dist/act-compat.js:47:25
      at renderRoot (node_modules/@testing-library/react/dist/pure.js:190:26)
      at render (node_modules/@testing-library/react/dist/pure.js:292:10)
      at Object.<anonymous> (components/__tests__/TimelineModal.test.tsx:94:11)

    console.error
      Warning: React.jsx: type is invalid -- expected a string (for built-in components) or a class/function (for composite components) but got: undefined. You likely forgot to export your component from the file it's defined in, or you might have mixed up default and named imports.
      
      Check the render method of `TimelineModal`.
          at event (C:\Users\alexi\Documents\projects\maicivy\frontend\components\timeline\TimelineModal.tsx:13:56)

    [0m [90m 151 |[39m                 [33m<[39m[33mdiv[39m className[33m=[39m[32m"flex flex-wrap gap-2"[39m[33m>[39m
     [90m 152 |[39m                   {event[33m.[39mtags[33m.[39mmap((tag) [33m=>[39m (
    [31m[1m>[22m[39m[90m 153 |[39m                     [33m<[39m[33mmotion[39m[33m.[39mspan
     [90m     |[39m                     [31m[1m^[22m[39m
     [90m 154 |[39m                       key[33m=[39m{tag}
     [90m 155 |[39m                       whileHover[33m=[39m{{ scale[33m:[39m [35m1.05[39m }}
     [90m 156 |[39m                       className[33m=[39m[32m"px-4 py-2 bg-blue-500 text-white text-sm font-medium rounded-full shadow-sm"[39m[0m

      at printWarning (node_modules/react/cjs/react-jsx-runtime.development.js:87:30)
      at error (node_modules/react/cjs/react-jsx-runtime.development.js:61:7)
      at jsxWithValidation (node_modules/react/cjs/react-jsx-runtime.development.js:1245:7)
      at jsxWithValidationDynamic (node_modules/react/cjs/react-jsx-runtime.development.js:1320:12)
      at components/timeline/TimelineModal.tsx:153:21
          at Array.map (<anonymous>)
      at map (components/timeline/TimelineModal.tsx:152:31)
      at renderWithHooks (node_modules/react-dom/cjs/react-dom.development.js:15486:18)
      at mountIndeterminateComponent (node_modules/react-dom/cjs/react-dom.development.js:20103:13)
      at beginWork (node_modules/react-dom/cjs/react-dom.development.js:21626:16)
      at beginWork$1 (node_modules/react-dom/cjs/react-dom.development.js:27465:14)
      at performUnitOfWork (node_modules/react-dom/cjs/react-dom.development.js:26599:12)
      at workLoopSync (node_modules/react-dom/cjs/react-dom.development.js:26505:5)
      at renderRootSync (node_modules/react-dom/cjs/react-dom.development.js:26473:7)
      at performConcurrentWorkOnRoot (node_modules/react-dom/cjs/react-dom.development.js:25777:74)
      at flushActQueue (node_modules/react/cjs/react.development.js:2667:24)
      at act (node_modules/react/cjs/react.development.js:2582:11)
      at node_modules/@testing-library/react/dist/act-compat.js:47:25
      at renderRoot (node_modules/@testing-library/react/dist/pure.js:190:26)
      at render (node_modules/@testing-library/react/dist/pure.js:292:10)
      at Object.<anonymous> (components/__tests__/TimelineModal.test.tsx:94:11)

    console.error
      Error: Uncaught [Error: Element type is invalid: expected a string (for built-in components) or a class/function (for composite components) but got: undefined. You likely forgot to export your component from the file it's defined in, or you might have mixed up default and named imports.
      
      Check the render method of `TimelineModal`.]
          at reportException (C:\Users\alexi\Documents\projects\maicivy\frontend\node_modules\jsdom\lib\jsdom\living\helpers\runtime-script-errors.js:66:24)
          at innerInvokeEventListeners (C:\Users\alexi\Documents\projects\maicivy\frontend\node_modules\jsdom\lib\jsdom\living\events\EventTarget-impl.js:353:9)
          at invokeEventListeners (C:\Users\alexi\Documents\projects\maicivy\frontend\node_modules\jsdom\lib\jsdom\living\events\EventTarget-impl.js:286:3)
          at HTMLUnknownElementImpl._dispatch (C:\Users\alexi\Documents\projects\maicivy\frontend\node_modules\jsdom\lib\jsdom\living\events\EventTarget-impl.js:233:9)
          at HTMLUnknownElementImpl.dispatchEvent (C:\Users\alexi\Documents\projects\maicivy\frontend\node_modules\jsdom\lib\jsdom\living\events\EventTarget-impl.js:104:17)
          at HTMLUnknownElement.dispatchEvent (C:\Users\alexi\Documents\projects\maicivy\frontend\node_modules\jsdom\lib\jsdom\living\generated\EventTarget.js:241:34)
          at Object.invokeGuardedCallbackDev (C:\Users\alexi\Documents\projects\maicivy\frontend\node_modules\react-dom\cjs\react-dom.development.js:4213:16)
          at invokeGuardedCallback (C:\Users\alexi\Documents\projects\maicivy\frontend\node_modules\react-dom\cjs\react-dom.development.js:4277:31)
          at beginWork$1 (C:\Users\alexi\Documents\projects\maicivy\frontend\node_modules\react-dom\cjs\react-dom.development.js:27490:7)
          at performUnitOfWork (C:\Users\alexi\Documents\projects\maicivy\frontend\node_modules\react-dom\cjs\react-dom.development.js:26599:12)
          at workLoopSync (C:\Users\alexi\Documents\projects\maicivy\frontend\node_modules\react-dom\cjs\react-dom.development.js:26505:5)
          at renderRootSync (C:\Users\alexi\Documents\projects\maicivy\frontend\node_modules\react-dom\cjs\react-dom.development.js:26473:7)
          at performConcurrentWorkOnRoot (C:\Users\alexi\Documents\projects\maicivy\frontend\node_modules\react-dom\cjs\react-dom.development.js:25777:74)
          at flushActQueue (C:\Users\alexi\Documents\projects\maicivy\frontend\node_modules\react\cjs\react.development.js:2667:24)
          at act (C:\Users\alexi\Documents\projects\maicivy\frontend\node_modules\react\cjs\react.development.js:2582:11)
          at C:\Users\alexi\Documents\projects\maicivy\frontend\node_modules\@testing-library\react\dist\act-compat.js:47:25
          at renderRoot (C:\Users\alexi\Documents\projects\maicivy\frontend\node_modules\@testing-library\react\dist\pure.js:190:26)
          at render (C:\Users\alexi\Documents\projects\maicivy\frontend\node_modules\@testing-library\react\dist\pure.js:292:10)
          at Object.<anonymous> (C:\Users\alexi\Documents\projects\maicivy\frontend\components\__tests__\TimelineModal.test.tsx:94:11)
          at Promise.finally.completed (C:\Users\alexi\Documents\projects\maicivy\frontend\node_modules\jest-circus\build\jestAdapterInit.js:1557:28)
          at new Promise (<anonymous>)
          at callAsyncCircusFn (C:\Users\alexi\Documents\projects\maicivy\frontend\node_modules\jest-circus\build\jestAdapterInit.js:1497:10)
          at _callCircusTest (C:\Users\alexi\Documents\projects\maicivy\frontend\node_modules\jest-circus\build\jestAdapterInit.js:1007:40)
          at processTicksAndRejections (node:internal/process/task_queues:103:5)
          at _runTest (C:\Users\alexi\Documents\projects\maicivy\frontend\node_modules\jest-circus\build\jestAdapterInit.js:947:3)
          at C:\Users\alexi\Documents\projects\maicivy\frontend\node_modules\jest-circus\build\jestAdapterInit.js:849:7
          at _runTestsForDescribeBlock (C:\Users\alexi\Documents\projects\maicivy\frontend\node_modules\jest-circus\build\jestAdapterInit.js:862:11)
          at _runTestsForDescribeBlock (C:\Users\alexi\Documents\projects\maicivy\frontend\node_modules\jest-circus\build\jestAdapterInit.js:857:11)
          at run (C:\Users\alexi\Documents\projects\maicivy\frontend\node_modules\jest-circus\build\jestAdapterInit.js:761:3)
          at runAndTransformResultsToJestFormat (C:\Users\alexi\Documents\projects\maicivy\frontend\node_modules\jest-circus\build\jestAdapterInit.js:1918:21)
          at jestAdapter (C:\Users\alexi\Documents\projects\maicivy\frontend\node_modules\jest-circus\build\runner.js:101:19)
          at runTestInternal (C:\Users\alexi\Documents\projects\maicivy\frontend\node_modules\jest-runner\build\testWorker.js:275:16)
          at runTest (C:\Users\alexi\Documents\projects\maicivy\frontend\node_modules\jest-runner\build\testWorker.js:343:7)
          at Object.worker (C:\Users\alexi\Documents\projects\maicivy\frontend\node_modules\jest-runner\build\testWorker.js:497:12) {
        detail: Error: Element type is invalid: expected a string (for built-in components) or a class/function (for composite components) but got: undefined. You likely forgot to export your component from the file it's defined in, or you might have mixed up default and named imports.
        
        Check the render method of `TimelineModal`.
            at createFiberFromTypeAndProps (C:\Users\alexi\Documents\projects\maicivy\frontend\node_modules\react-dom\cjs\react-dom.development.js:28478:17)
            at createFiberFromElement (C:\Users\alexi\Documents\projects\maicivy\frontend\node_modules\react-dom\cjs\react-dom.development.js:28504:15)
            at createChild (C:\Users\alexi\Documents\projects\maicivy\frontend\node_modules\react-dom\cjs\react-dom.development.js:13345:28)
            at reconcileChildrenArray (C:\Users\alexi\Documents\projects\maicivy\frontend\node_modules\react-dom\cjs\react-dom.development.js:13640:25)
            at reconcileChildFibers (C:\Users\alexi\Documents\projects\maicivy\frontend\node_modules\react-dom\cjs\react-dom.development.js:14057:16)
            at reconcileChildren (C:\Users\alexi\Documents\projects\maicivy\frontend\node_modules\react-dom\cjs\react-dom.development.js:19186:28)
            at updateHostComponent (C:\Users\alexi\Documents\projects\maicivy\frontend\node_modules\react-dom\cjs\react-dom.development.js:19953:3)
            at beginWork (C:\Users\alexi\Documents\projects\maicivy\frontend\node_modules\react-dom\cjs\react-dom.development.js:21657:14)
            at HTMLUnknownElement.callCallback (C:\Users\alexi\Documents\projects\maicivy\frontend\node_modules\react-dom\cjs\react-dom.development.js:4164:14)
            at HTMLUnknownElement.callTheUserObjectsOperation (C:\Users\alexi\Documents\projects\maicivy\frontend\node_modules\jsdom\lib\jsdom\living\generated\EventListener.js:26:30)
            at innerInvokeEventListeners (C:\Users\alexi\Documents\projects\maicivy\frontend\node_modules\jsdom\lib\jsdom\living\events\EventTarget-impl.js:350:25)
            at invokeEventListeners (C:\Users\alexi\Documents\projects\maicivy\frontend\node_modules\jsdom\lib\jsdom\living\events\EventTarget-impl.js:286:3)
            at HTMLUnknownElementImpl._dispatch (C:\Users\alexi\Documents\projects\maicivy\frontend\node_modules\jsdom\lib\jsdom\living\events\EventTarget-impl.js:233:9)
            at HTMLUnknownElementImpl.dispatchEvent (C:\Users\alexi\Documents\projects\maicivy\frontend\node_modules\jsdom\lib\jsdom\living\events\EventTarget-impl.js:104:17)
            at HTMLUnknownElement.dispatchEvent (C:\Users\alexi\Documents\projects\maicivy\frontend\node_modules\jsdom\lib\jsdom\living\generated\EventTarget.js:241:34)
            at Object.invokeGuardedCallbackDev (C:\Users\alexi\Documents\projects\maicivy\frontend\node_modules\react-dom\cjs\react-dom.development.js:4213:16)
            at invokeGuardedCallback (C:\Users\alexi\Documents\projects\maicivy\frontend\node_modules\react-dom\cjs\react-dom.development.js:4277:31)
            at beginWork$1 (C:\Users\alexi\Documents\projects\maicivy\frontend\node_modules\react-dom\cjs\react-dom.development.js:27490:7)
            at performUnitOfWork (C:\Users\alexi\Documents\projects\maicivy\frontend\node_modules\react-dom\cjs\react-dom.development.js:26599:12)
            at workLoopSync (C:\Users\alexi\Documents\projects\maicivy\frontend\node_modules\react-dom\cjs\react-dom.development.js:26505:5)
            at renderRootSync (C:\Users\alexi\Documents\projects\maicivy\frontend\node_modules\react-dom\cjs\react-dom.development.js:26473:7)
            at performConcurrentWorkOnRoot (C:\Users\alexi\Documents\projects\maicivy\frontend\node_modules\react-dom\cjs\react-dom.development.js:25777:74)
            at flushActQueue (C:\Users\alexi\Documents\projects\maicivy\frontend\node_modules\react\cjs\react.development.js:2667:24)
            at act (C:\Users\alexi\Documents\projects\maicivy\frontend\node_modules\react\cjs\react.development.js:2582:11)
            at C:\Users\alexi\Documents\projects\maicivy\frontend\node_modules\@testing-library\react\dist\act-compat.js:47:25
            at renderRoot (C:\Users\alexi\Documents\projects\maicivy\frontend\node_modules\@testing-library\react\dist\pure.js:190:26)
            at render (C:\Users\alexi\Documents\projects\maicivy\frontend\node_modules\@testing-library\react\dist\pure.js:292:10)
            at Object.<anonymous> (C:\Users\alexi\Documents\projects\maicivy\frontend\components\__tests__\TimelineModal.test.tsx:94:11)
            at Promise.finally.completed (C:\Users\alexi\Documents\projects\maicivy\frontend\node_modules\jest-circus\build\jestAdapterInit.js:1557:28)
            at new Promise (<anonymous>)
            at callAsyncCircusFn (C:\Users\alexi\Documents\projects\maicivy\frontend\node_modules\jest-circus\build\jestAdapterInit.js:1497:10)
            at _callCircusTest (C:\Users\alexi\Documents\projects\maicivy\frontend\node_modules\jest-circus\build\jestAdapterInit.js:1007:40)
            at processTicksAndRejections (node:internal/process/task_queues:103:5)
            at _runTest (C:\Users\alexi\Documents\projects\maicivy\frontend\node_modules\jest-circus\build\jestAdapterInit.js:947:3)
            at C:\Users\alexi\Documents\projects\maicivy\frontend\node_modules\jest-circus\build\jestAdapterInit.js:849:7
            at _runTestsForDescribeBlock (C:\Users\alexi\Documents\projects\maicivy\frontend\node_modules\jest-circus\build\jestAdapterInit.js:862:11)
            at _runTestsForDescribeBlock (C:\Users\alexi\Documents\projects\maicivy\frontend\node_modules\jest-circus\build\jestAdapterInit.js:857:11)
            at run (C:\Users\alexi\Documents\projects\maicivy\frontend\node_modules\jest-circus\build\jestAdapterInit.js:761:3)
            at runAndTransformResultsToJestFormat (C:\Users\alexi\Documents\projects\maicivy\frontend\node_modules\jest-circus\build\jestAdapterInit.js:1918:21)
            at jestAdapter (C:\Users\alexi\Documents\projects\maicivy\frontend\node_modules\jest-circus\build\runner.js:101:19)
            at runTestInternal (C:\Users\alexi\Documents\projects\maicivy\frontend\node_modules\jest-runner\build\testWorker.js:275:16)
            at runTest (C:\Users\alexi\Documents\projects\maicivy\frontend\node_modules\jest-runner\build\testWorker.js:343:7)
            at Object.worker (C:\Users\alexi\Documents\projects\maicivy\frontend\node_modules\jest-runner\build\testWorker.js:497:12),
        type: 'unhandled exception'
      }

    [0m [90m 92 |[39m
     [90m 93 |[39m   it([32m'should display formatted dates'[39m[33m,[39m () [33m=>[39m {
    [31m[1m>[22m[39m[90m 94 |[39m     render([33m<[39m[33mTimelineModal[39m event[33m=[39m{mockEvent} onClose[33m=[39m{jest[33m.[39mfn()} [33m/[39m[33m>[39m)[33m;[39m
     [90m    |[39m           [31m[1m^[22m[39m
     [90m 95 |[39m
     [90m 96 |[39m     expect(screen[33m.[39mgetByText([35m/1 janvier 2022/i[39m))[33m.[39mtoBeInTheDocument()[33m;[39m
     [90m 97 |[39m     expect(screen[33m.[39mgetByText([35m/30 juin 2023/i[39m))[33m.[39mtoBeInTheDocument()[33m;[39m[0m

      at VirtualConsole.<anonymous> (node_modules/@jest/environment-jsdom-abstract/build/index.js:87:23)
      at reportException (node_modules/jsdom/lib/jsdom/living/helpers/runtime-script-errors.js:70:28)
      at innerInvokeEventListeners (node_modules/jsdom/lib/jsdom/living/events/EventTarget-impl.js:353:9)
      at invokeEventListeners (node_modules/jsdom/lib/jsdom/living/events/EventTarget-impl.js:286:3)
      at HTMLUnknownElementImpl._dispatch (node_modules/jsdom/lib/jsdom/living/events/EventTarget-impl.js:233:9)
      at HTMLUnknownElementImpl.dispatchEvent (node_modules/jsdom/lib/jsdom/living/events/EventTarget-impl.js:104:17)
      at HTMLUnknownElement.dispatchEvent (node_modules/jsdom/lib/jsdom/living/generated/EventTarget.js:241:34)
      at Object.invokeGuardedCallbackDev (node_modules/react-dom/cjs/react-dom.development.js:4213:16)
      at invokeGuardedCallback (node_modules/react-dom/cjs/react-dom.development.js:4277:31)
      at beginWork$1 (node_modules/react-dom/cjs/react-dom.development.js:27490:7)
      at performUnitOfWork (node_modules/react-dom/cjs/react-dom.development.js:26599:12)
      at workLoopSync (node_modules/react-dom/cjs/react-dom.development.js:26505:5)
      at renderRootSync (node_modules/react-dom/cjs/react-dom.development.js:26473:7)
      at performConcurrentWorkOnRoot (node_modules/react-dom/cjs/react-dom.development.js:25777:74)
      at flushActQueue (node_modules/react/cjs/react.development.js:2667:24)
      at act (node_modules/react/cjs/react.development.js:2582:11)
      at node_modules/@testing-library/react/dist/act-compat.js:47:25
      at renderRoot (node_modules/@testing-library/react/dist/pure.js:190:26)
      at render (node_modules/@testing-library/react/dist/pure.js:292:10)
      at Object.<anonymous> (components/__tests__/TimelineModal.test.tsx:94:11)

    console.error
      Warning: React.jsx: type is invalid -- expected a string (for built-in components) or a class/function (for composite components) but got: undefined. You likely forgot to export your component from the file it's defined in, or you might have mixed up default and named imports.
      
      Check the render method of `TimelineModal`.
          at event (C:\Users\alexi\Documents\projects\maicivy\frontend\components\timeline\TimelineModal.tsx:13:56)

    [0m [90m 151 |[39m                 [33m<[39m[33mdiv[39m className[33m=[39m[32m"flex flex-wrap gap-2"[39m[33m>[39m
     [90m 152 |[39m                   {event[33m.[39mtags[33m.[39mmap((tag) [33m=>[39m (
    [31m[1m>[22m[39m[90m 153 |[39m                     [33m<[39m[33mmotion[39m[33m.[39mspan
     [90m     |[39m                     [31m[1m^[22m[39m
     [90m 154 |[39m                       key[33m=[39m{tag}
     [90m 155 |[39m                       whileHover[33m=[39m{{ scale[33m:[39m [35m1.05[39m }}
     [90m 156 |[39m                       className[33m=[39m[32m"px-4 py-2 bg-blue-500 text-white text-sm font-medium rounded-full shadow-sm"[39m[0m

      at printWarning (node_modules/react/cjs/react-jsx-runtime.development.js:87:30)
      at error (node_modules/react/cjs/react-jsx-runtime.development.js:61:7)
      at jsxWithValidation (node_modules/react/cjs/react-jsx-runtime.development.js:1245:7)
      at jsxWithValidationDynamic (node_modules/react/cjs/react-jsx-runtime.development.js:1320:12)
      at components/timeline/TimelineModal.tsx:153:21
          at Array.map (<anonymous>)
      at map (components/timeline/TimelineModal.tsx:152:31)
      at renderWithHooks (node_modules/react-dom/cjs/react-dom.development.js:15486:18)
      at mountIndeterminateComponent (node_modules/react-dom/cjs/react-dom.development.js:20103:13)
      at beginWork (node_modules/react-dom/cjs/react-dom.development.js:21626:16)
      at beginWork$1 (node_modules/react-dom/cjs/react-dom.development.js:27465:14)
      at performUnitOfWork (node_modules/react-dom/cjs/react-dom.development.js:26599:12)
      at workLoopSync (node_modules/react-dom/cjs/react-dom.development.js:26505:5)
      at renderRootSync (node_modules/react-dom/cjs/react-dom.development.js:26473:7)
      at recoverFromConcurrentError (node_modules/react-dom/cjs/react-dom.development.js:25889:20)
      at performConcurrentWorkOnRoot (node_modules/react-dom/cjs/react-dom.development.js:25789:22)
      at flushActQueue (node_modules/react/cjs/react.development.js:2667:24)
      at act (node_modules/react/cjs/react.development.js:2582:11)
      at node_modules/@testing-library/react/dist/act-compat.js:47:25
      at renderRoot (node_modules/@testing-library/react/dist/pure.js:190:26)
      at render (node_modules/@testing-library/react/dist/pure.js:292:10)
      at Object.<anonymous> (components/__tests__/TimelineModal.test.tsx:94:11)

    console.error
      Warning: React.jsx: type is invalid -- expected a string (for built-in components) or a class/function (for composite components) but got: undefined. You likely forgot to export your component from the file it's defined in, or you might have mixed up default and named imports.
      
      Check the render method of `TimelineModal`.
          at event (C:\Users\alexi\Documents\projects\maicivy\frontend\components\timeline\TimelineModal.tsx:13:56)

    [0m [90m 151 |[39m                 [33m<[39m[33mdiv[39m className[33m=[39m[32m"flex flex-wrap gap-2"[39m[33m>[39m
     [90m 152 |[39m                   {event[33m.[39mtags[33m.[39mmap((tag) [33m=>[39m (
    [31m[1m>[22m[39m[90m 153 |[39m                     [33m<[39m[33mmotion[39m[33m.[39mspan
     [90m     |[39m                     [31m[1m^[22m[39m
     [90m 154 |[39m                       key[33m=[39m{tag}
     [90m 155 |[39m                       whileHover[33m=[39m{{ scale[33m:[39m [35m1.05[39m }}
     [90m 156 |[39m                       className[33m=[39m[32m"px-4 py-2 bg-blue-500 text-white text-sm font-medium rounded-full shadow-sm"[39m[0m

      at printWarning (node_modules/react/cjs/react-jsx-runtime.development.js:87:30)
      at error (node_modules/react/cjs/react-jsx-runtime.development.js:61:7)
      at jsxWithValidation (node_modules/react/cjs/react-jsx-runtime.development.js:1245:7)
      at jsxWithValidationDynamic (node_modules/react/cjs/react-jsx-runtime.development.js:1320:12)
      at components/timeline/TimelineModal.tsx:153:21
          at Array.map (<anonymous>)
      at map (components/timeline/TimelineModal.tsx:152:31)
      at renderWithHooks (node_modules/react-dom/cjs/react-dom.development.js:15486:18)
      at mountIndeterminateComponent (node_modules/react-dom/cjs/react-dom.development.js:20103:13)
      at beginWork (node_modules/react-dom/cjs/react-dom.development.js:21626:16)
      at beginWork$1 (node_modules/react-dom/cjs/react-dom.development.js:27465:14)
      at performUnitOfWork (node_modules/react-dom/cjs/react-dom.development.js:26599:12)
      at workLoopSync (node_modules/react-dom/cjs/react-dom.development.js:26505:5)
      at renderRootSync (node_modules/react-dom/cjs/react-dom.development.js:26473:7)
      at recoverFromConcurrentError (node_modules/react-dom/cjs/react-dom.development.js:25889:20)
      at performConcurrentWorkOnRoot (node_modules/react-dom/cjs/react-dom.development.js:25789:22)
      at flushActQueue (node_modules/react/cjs/react.development.js:2667:24)
      at act (node_modules/react/cjs/react.development.js:2582:11)
      at node_modules/@testing-library/react/dist/act-compat.js:47:25
      at renderRoot (node_modules/@testing-library/react/dist/pure.js:190:26)
      at render (node_modules/@testing-library/react/dist/pure.js:292:10)
      at Object.<anonymous> (components/__tests__/TimelineModal.test.tsx:94:11)

    console.error
      Warning: React.jsx: type is invalid -- expected a string (for built-in components) or a class/function (for composite components) but got: undefined. You likely forgot to export your component from the file it's defined in, or you might have mixed up default and named imports.
      
      Check the render method of `TimelineModal`.
          at event (C:\Users\alexi\Documents\projects\maicivy\frontend\components\timeline\TimelineModal.tsx:13:56)

    [0m [90m 151 |[39m                 [33m<[39m[33mdiv[39m className[33m=[39m[32m"flex flex-wrap gap-2"[39m[33m>[39m
     [90m 152 |[39m                   {event[33m.[39mtags[33m.[39mmap((tag) [33m=>[39m (
    [31m[1m>[22m[39m[90m 153 |[39m                     [33m<[39m[33mmotion[39m[33m.[39mspan
     [90m     |[39m                     [31m[1m^[22m[39m
     [90m 154 |[39m                       key[33m=[39m{tag}
     [90m 155 |[39m                       whileHover[33m=[39m{{ scale[33m:[39m [35m1.05[39m }}
     [90m 156 |[39m                       className[33m=[39m[32m"px-4 py-2 bg-blue-500 text-white text-sm font-medium rounded-full shadow-sm"[39m[0m

      at printWarning (node_modules/react/cjs/react-jsx-runtime.development.js:87:30)
      at error (node_modules/react/cjs/react-jsx-runtime.development.js:61:7)
      at jsxWithValidation (node_modules/react/cjs/react-jsx-runtime.development.js:1245:7)
      at jsxWithValidationDynamic (node_modules/react/cjs/react-jsx-runtime.development.js:1320:12)
      at components/timeline/TimelineModal.tsx:153:21
          at Array.map (<anonymous>)
      at map (components/timeline/TimelineModal.tsx:152:31)
      at renderWithHooks (node_modules/react-dom/cjs/react-dom.development.js:15486:18)
      at mountIndeterminateComponent (node_modules/react-dom/cjs/react-dom.development.js:20103:13)
      at beginWork (node_modules/react-dom/cjs/react-dom.development.js:21626:16)
      at beginWork$1 (node_modules/react-dom/cjs/react-dom.development.js:27465:14)
      at performUnitOfWork (node_modules/react-dom/cjs/react-dom.development.js:26599:12)
      at workLoopSync (node_modules/react-dom/cjs/react-dom.development.js:26505:5)
      at renderRootSync (node_modules/react-dom/cjs/react-dom.development.js:26473:7)
      at recoverFromConcurrentError (node_modules/react-dom/cjs/react-dom.development.js:25889:20)
      at performConcurrentWorkOnRoot (node_modules/react-dom/cjs/react-dom.development.js:25789:22)
      at flushActQueue (node_modules/react/cjs/react.development.js:2667:24)
      at act (node_modules/react/cjs/react.development.js:2582:11)
      at node_modules/@testing-library/react/dist/act-compat.js:47:25
      at renderRoot (node_modules/@testing-library/react/dist/pure.js:190:26)
      at render (node_modules/@testing-library/react/dist/pure.js:292:10)
      at Object.<anonymous> (components/__tests__/TimelineModal.test.tsx:94:11)

    console.error
      Warning: React.jsx: type is invalid -- expected a string (for built-in components) or a class/function (for composite components) but got: undefined. You likely forgot to export your component from the file it's defined in, or you might have mixed up default and named imports.
      
      Check the render method of `TimelineModal`.
          at event (C:\Users\alexi\Documents\projects\maicivy\frontend\components\timeline\TimelineModal.tsx:13:56)

    [0m [90m 151 |[39m                 [33m<[39m[33mdiv[39m className[33m=[39m[32m"flex flex-wrap gap-2"[39m[33m>[39m
     [90m 152 |[39m                   {event[33m.[39mtags[33m.[39mmap((tag) [33m=>[39m (
    [31m[1m>[22m[39m[90m 153 |[39m                     [33m<[39m[33mmotion[39m[33m.[39mspan
     [90m     |[39m                     [31m[1m^[22m[39m
     [90m 154 |[39m                       key[33m=[39m{tag}
     [90m 155 |[39m                       whileHover[33m=[39m{{ scale[33m:[39m [35m1.05[39m }}
     [90m 156 |[39m                       className[33m=[39m[32m"px-4 py-2 bg-blue-500 text-white text-sm font-medium rounded-full shadow-sm"[39m[0m

      at printWarning (node_modules/react/cjs/react-jsx-runtime.development.js:87:30)
      at error (node_modules/react/cjs/react-jsx-runtime.development.js:61:7)
      at jsxWithValidation (node_modules/react/cjs/react-jsx-runtime.development.js:1245:7)
      at jsxWithValidationDynamic (node_modules/react/cjs/react-jsx-runtime.development.js:1320:12)
      at components/timeline/TimelineModal.tsx:153:21
          at Array.map (<anonymous>)
      at map (components/timeline/TimelineModal.tsx:152:31)
      at renderWithHooks (node_modules/react-dom/cjs/react-dom.development.js:15486:18)
      at mountIndeterminateComponent (node_modules/react-dom/cjs/react-dom.development.js:20103:13)
      at beginWork (node_modules/react-dom/cjs/react-dom.development.js:21626:16)
      at beginWork$1 (node_modules/react-dom/cjs/react-dom.development.js:27465:14)
      at performUnitOfWork (node_modules/react-dom/cjs/react-dom.development.js:26599:12)
      at workLoopSync (node_modules/react-dom/cjs/react-dom.development.js:26505:5)
      at renderRootSync (node_modules/react-dom/cjs/react-dom.development.js:26473:7)
      at recoverFromConcurrentError (node_modules/react-dom/cjs/react-dom.development.js:25889:20)
      at performConcurrentWorkOnRoot (node_modules/react-dom/cjs/react-dom.development.js:25789:22)
      at flushActQueue (node_modules/react/cjs/react.development.js:2667:24)
      at act (node_modules/react/cjs/react.development.js:2582:11)
      at node_modules/@testing-library/react/dist/act-compat.js:47:25
      at renderRoot (node_modules/@testing-library/react/dist/pure.js:190:26)
      at render (node_modules/@testing-library/react/dist/pure.js:292:10)
      at Object.<anonymous> (components/__tests__/TimelineModal.test.tsx:94:11)

    console.error
      Warning: React.jsx: type is invalid -- expected a string (for built-in components) or a class/function (for composite components) but got: undefined. You likely forgot to export your component from the file it's defined in, or you might have mixed up default and named imports.
      
      Check the render method of `TimelineModal`.
          at event (C:\Users\alexi\Documents\projects\maicivy\frontend\components\timeline\TimelineModal.tsx:13:56)

    [0m [90m 151 |[39m                 [33m<[39m[33mdiv[39m className[33m=[39m[32m"flex flex-wrap gap-2"[39m[33m>[39m
     [90m 152 |[39m                   {event[33m.[39mtags[33m.[39mmap((tag) [33m=>[39m (
    [31m[1m>[22m[39m[90m 153 |[39m                     [33m<[39m[33mmotion[39m[33m.[39mspan
     [90m     |[39m                     [31m[1m^[22m[39m
     [90m 154 |[39m                       key[33m=[39m{tag}
     [90m 155 |[39m                       whileHover[33m=[39m{{ scale[33m:[39m [35m1.05[39m }}
     [90m 156 |[39m                       className[33m=[39m[32m"px-4 py-2 bg-blue-500 text-white text-sm font-medium rounded-full shadow-sm"[39m[0m

      at printWarning (node_modules/react/cjs/react-jsx-runtime.development.js:87:30)
      at error (node_modules/react/cjs/react-jsx-runtime.development.js:61:7)
      at jsxWithValidation (node_modules/react/cjs/react-jsx-runtime.development.js:1245:7)
      at jsxWithValidationDynamic (node_modules/react/cjs/react-jsx-runtime.development.js:1320:12)
      at components/timeline/TimelineModal.tsx:153:21
          at Array.map (<anonymous>)
      at map (components/timeline/TimelineModal.tsx:152:31)
      at renderWithHooks (node_modules/react-dom/cjs/react-dom.development.js:15486:18)
      at mountIndeterminateComponent (node_modules/react-dom/cjs/react-dom.development.js:20103:13)
      at beginWork (node_modules/react-dom/cjs/react-dom.development.js:21626:16)
      at beginWork$1 (node_modules/react-dom/cjs/react-dom.development.js:27465:14)
      at performUnitOfWork (node_modules/react-dom/cjs/react-dom.development.js:26599:12)
      at workLoopSync (node_modules/react-dom/cjs/react-dom.development.js:26505:5)
      at renderRootSync (node_modules/react-dom/cjs/react-dom.development.js:26473:7)
      at recoverFromConcurrentError (node_modules/react-dom/cjs/react-dom.development.js:25889:20)
      at performConcurrentWorkOnRoot (node_modules/react-dom/cjs/react-dom.development.js:25789:22)
      at flushActQueue (node_modules/react/cjs/react.development.js:2667:24)
      at act (node_modules/react/cjs/react.development.js:2582:11)
      at node_modules/@testing-library/react/dist/act-compat.js:47:25
      at renderRoot (node_modules/@testing-library/react/dist/pure.js:190:26)
      at render (node_modules/@testing-library/react/dist/pure.js:292:10)
      at Object.<anonymous> (components/__tests__/TimelineModal.test.tsx:94:11)

    console.error
      Error: Uncaught [Error: Element type is invalid: expected a string (for built-in components) or a class/function (for composite components) but got: undefined. You likely forgot to export your component from the file it's defined in, or you might have mixed up default and named imports.
      
      Check the render method of `TimelineModal`.]
          at reportException (C:\Users\alexi\Documents\projects\maicivy\frontend\node_modules\jsdom\lib\jsdom\living\helpers\runtime-script-errors.js:66:24)
          at innerInvokeEventListeners (C:\Users\alexi\Documents\projects\maicivy\frontend\node_modules\jsdom\lib\jsdom\living\events\EventTarget-impl.js:353:9)
          at invokeEventListeners (C:\Users\alexi\Documents\projects\maicivy\frontend\node_modules\jsdom\lib\jsdom\living\events\EventTarget-impl.js:286:3)
          at HTMLUnknownElementImpl._dispatch (C:\Users\alexi\Documents\projects\maicivy\frontend\node_modules\jsdom\lib\jsdom\living\events\EventTarget-impl.js:233:9)
          at HTMLUnknownElementImpl.dispatchEvent (C:\Users\alexi\Documents\projects\maicivy\frontend\node_modules\jsdom\lib\jsdom\living\events\EventTarget-impl.js:104:17)
          at HTMLUnknownElement.dispatchEvent (C:\Users\alexi\Documents\projects\maicivy\frontend\node_modules\jsdom\lib\jsdom\living\generated\EventTarget.js:241:34)
          at Object.invokeGuardedCallbackDev (C:\Users\alexi\Documents\projects\maicivy\frontend\node_modules\react-dom\cjs\react-dom.development.js:4213:16)
          at invokeGuardedCallback (C:\Users\alexi\Documents\projects\maicivy\frontend\node_modules\react-dom\cjs\react-dom.development.js:4277:31)
          at beginWork$1 (C:\Users\alexi\Documents\projects\maicivy\frontend\node_modules\react-dom\cjs\react-dom.development.js:27490:7)
          at performUnitOfWork (C:\Users\alexi\Documents\projects\maicivy\frontend\node_modules\react-dom\cjs\react-dom.development.js:26599:12)
          at workLoopSync (C:\Users\alexi\Documents\projects\maicivy\frontend\node_modules\react-dom\cjs\react-dom.development.js:26505:5)
          at renderRootSync (C:\Users\alexi\Documents\projects\maicivy\frontend\node_modules\react-dom\cjs\react-dom.development.js:26473:7)
          at recoverFromConcurrentError (C:\Users\alexi\Documents\projects\maicivy\frontend\node_modules\react-dom\cjs\react-dom.development.js:25889:20)
          at performConcurrentWorkOnRoot (C:\Users\alexi\Documents\projects\maicivy\frontend\node_modules\react-dom\cjs\react-dom.development.js:25789:22)
          at flushActQueue (C:\Users\alexi\Documents\projects\maicivy\frontend\node_modules\react\cjs\react.development.js:2667:24)
          at act (C:\Users\alexi\Documents\projects\maicivy\frontend\node_modules\react\cjs\react.development.js:2582:11)
          at C:\Users\alexi\Documents\projects\maicivy\frontend\node_modules\@testing-library\react\dist\act-compat.js:47:25
          at renderRoot (C:\Users\alexi\Documents\projects\maicivy\frontend\node_modules\@testing-library\react\dist\pure.js:190:26)
          at render (C:\Users\alexi\Documents\projects\maicivy\frontend\node_modules\@testing-library\react\dist\pure.js:292:10)
          at Object.<anonymous> (C:\Users\alexi\Documents\projects\maicivy\frontend\components\__tests__\TimelineModal.test.tsx:94:11)
          at Promise.finally.completed (C:\Users\alexi\Documents\projects\maicivy\frontend\node_modules\jest-circus\build\jestAdapterInit.js:1557:28)
          at new Promise (<anonymous>)
          at callAsyncCircusFn (C:\Users\alexi\Documents\projects\maicivy\frontend\node_modules\jest-circus\build\jestAdapterInit.js:1497:10)
          at _callCircusTest (C:\Users\alexi\Documents\projects\maicivy\frontend\node_modules\jest-circus\build\jestAdapterInit.js:1007:40)
          at processTicksAndRejections (node:internal/process/task_queues:103:5)
          at _runTest (C:\Users\alexi\Documents\projects\maicivy\frontend\node_modules\jest-circus\build\jestAdapterInit.js:947:3)
          at C:\Users\alexi\Documents\projects\maicivy\frontend\node_modules\jest-circus\build\jestAdapterInit.js:849:7
          at _runTestsForDescribeBlock (C:\Users\alexi\Documents\projects\maicivy\frontend\node_modules\jest-circus\build\jestAdapterInit.js:862:11)
          at _runTestsForDescribeBlock (C:\Users\alexi\Documents\projects\maicivy\frontend\node_modules\jest-circus\build\jestAdapterInit.js:857:11)
          at run (C:\Users\alexi\Documents\projects\maicivy\frontend\node_modules\jest-circus\build\jestAdapterInit.js:761:3)
          at runAndTransformResultsToJestFormat (C:\Users\alexi\Documents\projects\maicivy\frontend\node_modules\jest-circus\build\jestAdapterInit.js:1918:21)
          at jestAdapter (C:\Users\alexi\Documents\projects\maicivy\frontend\node_modules\jest-circus\build\runner.js:101:19)
          at runTestInternal (C:\Users\alexi\Documents\projects\maicivy\frontend\node_modules\jest-runner\build\testWorker.js:275:16)
          at runTest (C:\Users\alexi\Documents\projects\maicivy\frontend\node_modules\jest-runner\build\testWorker.js:343:7)
          at Object.worker (C:\Users\alexi\Documents\projects\maicivy\frontend\node_modules\jest-runner\build\testWorker.js:497:12) {
        detail: Error: Element type is invalid: expected a string (for built-in components) or a class/function (for composite components) but got: undefined. You likely forgot to export your component from the file it's defined in, or you might have mixed up default and named imports.
        
        Check the render method of `TimelineModal`.
            at createFiberFromTypeAndProps (C:\Users\alexi\Documents\projects\maicivy\frontend\node_modules\react-dom\cjs\react-dom.development.js:28478:17)
            at createFiberFromElement (C:\Users\alexi\Documents\projects\maicivy\frontend\node_modules\react-dom\cjs\react-dom.development.js:28504:15)
            at createChild (C:\Users\alexi\Documents\projects\maicivy\frontend\node_modules\react-dom\cjs\react-dom.development.js:13345:28)
            at reconcileChildrenArray (C:\Users\alexi\Documents\projects\maicivy\frontend\node_modules\react-dom\cjs\react-dom.development.js:13640:25)
            at reconcileChildFibers (C:\Users\alexi\Documents\projects\maicivy\frontend\node_modules\react-dom\cjs\react-dom.development.js:14057:16)
            at reconcileChildren (C:\Users\alexi\Documents\projects\maicivy\frontend\node_modules\react-dom\cjs\react-dom.development.js:19186:28)
            at updateHostComponent (C:\Users\alexi\Documents\projects\maicivy\frontend\node_modules\react-dom\cjs\react-dom.development.js:19953:3)
            at beginWork (C:\Users\alexi\Documents\projects\maicivy\frontend\node_modules\react-dom\cjs\react-dom.development.js:21657:14)
            at HTMLUnknownElement.callCallback (C:\Users\alexi\Documents\projects\maicivy\frontend\node_modules\react-dom\cjs\react-dom.development.js:4164:14)
            at HTMLUnknownElement.callTheUserObjectsOperation (C:\Users\alexi\Documents\projects\maicivy\frontend\node_modules\jsdom\lib\jsdom\living\generated\EventListener.js:26:30)
            at innerInvokeEventListeners (C:\Users\alexi\Documents\projects\maicivy\frontend\node_modules\jsdom\lib\jsdom\living\events\EventTarget-impl.js:350:25)
            at invokeEventListeners (C:\Users\alexi\Documents\projects\maicivy\frontend\node_modules\jsdom\lib\jsdom\living\events\EventTarget-impl.js:286:3)
            at HTMLUnknownElementImpl._dispatch (C:\Users\alexi\Documents\projects\maicivy\frontend\node_modules\jsdom\lib\jsdom\living\events\EventTarget-impl.js:233:9)
            at HTMLUnknownElementImpl.dispatchEvent (C:\Users\alexi\Documents\projects\maicivy\frontend\node_modules\jsdom\lib\jsdom\living\events\EventTarget-impl.js:104:17)
            at HTMLUnknownElement.dispatchEvent (C:\Users\alexi\Documents\projects\maicivy\frontend\node_modules\jsdom\lib\jsdom\living\generated\EventTarget.js:241:34)
            at Object.invokeGuardedCallbackDev (C:\Users\alexi\Documents\projects\maicivy\frontend\node_modules\react-dom\cjs\react-dom.development.js:4213:16)
            at invokeGuardedCallback (C:\Users\alexi\Documents\projects\maicivy\frontend\node_modules\react-dom\cjs\react-dom.development.js:4277:31)
            at beginWork$1 (C:\Users\alexi\Documents\projects\maicivy\frontend\node_modules\react-dom\cjs\react-dom.development.js:27490:7)
            at performUnitOfWork (C:\Users\alexi\Documents\projects\maicivy\frontend\node_modules\react-dom\cjs\react-dom.development.js:26599:12)
            at workLoopSync (C:\Users\alexi\Documents\projects\maicivy\frontend\node_modules\react-dom\cjs\react-dom.development.js:26505:5)
            at renderRootSync (C:\Users\alexi\Documents\projects\maicivy\frontend\node_modules\react-dom\cjs\react-dom.development.js:26473:7)
            at recoverFromConcurrentError (C:\Users\alexi\Documents\projects\maicivy\frontend\node_modules\react-dom\cjs\react-dom.development.js:25889:20)
            at performConcurrentWorkOnRoot (C:\Users\alexi\Documents\projects\maicivy\frontend\node_modules\react-dom\cjs\react-dom.development.js:25789:22)
            at flushActQueue (C:\Users\alexi\Documents\projects\maicivy\frontend\node_modules\react\cjs\react.development.js:2667:24)
            at act (C:\Users\alexi\Documents\projects\maicivy\frontend\node_modules\react\cjs\react.development.js:2582:11)
            at C:\Users\alexi\Documents\projects\maicivy\frontend\node_modules\@testing-library\react\dist\act-compat.js:47:25
            at renderRoot (C:\Users\alexi\Documents\projects\maicivy\frontend\node_modules\@testing-library\react\dist\pure.js:190:26)
            at render (C:\Users\alexi\Documents\projects\maicivy\frontend\node_modules\@testing-library\react\dist\pure.js:292:10)
            at Object.<anonymous> (C:\Users\alexi\Documents\projects\maicivy\frontend\components\__tests__\TimelineModal.test.tsx:94:11)
            at Promise.finally.completed (C:\Users\alexi\Documents\projects\maicivy\frontend\node_modules\jest-circus\build\jestAdapterInit.js:1557:28)
            at new Promise (<anonymous>)
            at callAsyncCircusFn (C:\Users\alexi\Documents\projects\maicivy\frontend\node_modules\jest-circus\build\jestAdapterInit.js:1497:10)
            at _callCircusTest (C:\Users\alexi\Documents\projects\maicivy\frontend\node_modules\jest-circus\build\jestAdapterInit.js:1007:40)
            at processTicksAndRejections (node:internal/process/task_queues:103:5)
            at _runTest (C:\Users\alexi\Documents\projects\maicivy\frontend\node_modules\jest-circus\build\jestAdapterInit.js:947:3)
            at C:\Users\alexi\Documents\projects\maicivy\frontend\node_modules\jest-circus\build\jestAdapterInit.js:849:7
            at _runTestsForDescribeBlock (C:\Users\alexi\Documents\projects\maicivy\frontend\node_modules\jest-circus\build\jestAdapterInit.js:862:11)
            at _runTestsForDescribeBlock (C:\Users\alexi\Documents\projects\maicivy\frontend\node_modules\jest-circus\build\jestAdapterInit.js:857:11)
            at run (C:\Users\alexi\Documents\projects\maicivy\frontend\node_modules\jest-circus\build\jestAdapterInit.js:761:3)
            at runAndTransformResultsToJestFormat (C:\Users\alexi\Documents\projects\maicivy\frontend\node_modules\jest-circus\build\jestAdapterInit.js:1918:21)
            at jestAdapter (C:\Users\alexi\Documents\projects\maicivy\frontend\node_modules\jest-circus\build\runner.js:101:19)
            at runTestInternal (C:\Users\alexi\Documents\projects\maicivy\frontend\node_modules\jest-runner\build\testWorker.js:275:16)
            at runTest (C:\Users\alexi\Documents\projects\maicivy\frontend\node_modules\jest-runner\build\testWorker.js:343:7)
            at Object.worker (C:\Users\alexi\Documents\projects\maicivy\frontend\node_modules\jest-runner\build\testWorker.js:497:12),
        type: 'unhandled exception'
      }

    [0m [90m 92 |[39m
     [90m 93 |[39m   it([32m'should display formatted dates'[39m[33m,[39m () [33m=>[39m {
    [31m[1m>[22m[39m[90m 94 |[39m     render([33m<[39m[33mTimelineModal[39m event[33m=[39m{mockEvent} onClose[33m=[39m{jest[33m.[39mfn()} [33m/[39m[33m>[39m)[33m;[39m
     [90m    |[39m           [31m[1m^[22m[39m
     [90m 95 |[39m
     [90m 96 |[39m     expect(screen[33m.[39mgetByText([35m/1 janvier 2022/i[39m))[33m.[39mtoBeInTheDocument()[33m;[39m
     [90m 97 |[39m     expect(screen[33m.[39mgetByText([35m/30 juin 2023/i[39m))[33m.[39mtoBeInTheDocument()[33m;[39m[0m

      at VirtualConsole.<anonymous> (node_modules/@jest/environment-jsdom-abstract/build/index.js:87:23)
      at reportException (node_modules/jsdom/lib/jsdom/living/helpers/runtime-script-errors.js:70:28)
      at innerInvokeEventListeners (node_modules/jsdom/lib/jsdom/living/events/EventTarget-impl.js:353:9)
      at invokeEventListeners (node_modules/jsdom/lib/jsdom/living/events/EventTarget-impl.js:286:3)
      at HTMLUnknownElementImpl._dispatch (node_modules/jsdom/lib/jsdom/living/events/EventTarget-impl.js:233:9)
      at HTMLUnknownElementImpl.dispatchEvent (node_modules/jsdom/lib/jsdom/living/events/EventTarget-impl.js:104:17)
      at HTMLUnknownElement.dispatchEvent (node_modules/jsdom/lib/jsdom/living/generated/EventTarget.js:241:34)
      at Object.invokeGuardedCallbackDev (node_modules/react-dom/cjs/react-dom.development.js:4213:16)
      at invokeGuardedCallback (node_modules/react-dom/cjs/react-dom.development.js:4277:31)
      at beginWork$1 (node_modules/react-dom/cjs/react-dom.development.js:27490:7)
      at performUnitOfWork (node_modules/react-dom/cjs/react-dom.development.js:26599:12)
      at workLoopSync (node_modules/react-dom/cjs/react-dom.development.js:26505:5)
      at renderRootSync (node_modules/react-dom/cjs/react-dom.development.js:26473:7)
      at recoverFromConcurrentError (node_modules/react-dom/cjs/react-dom.development.js:25889:20)
      at performConcurrentWorkOnRoot (node_modules/react-dom/cjs/react-dom.development.js:25789:22)
      at flushActQueue (node_modules/react/cjs/react.development.js:2667:24)
      at act (node_modules/react/cjs/react.development.js:2582:11)
      at node_modules/@testing-library/react/dist/act-compat.js:47:25
      at renderRoot (node_modules/@testing-library/react/dist/pure.js:190:26)
      at render (node_modules/@testing-library/react/dist/pure.js:292:10)
      at Object.<anonymous> (components/__tests__/TimelineModal.test.tsx:94:11)

    console.error
      The above error occurred in the <div> component:
      
          at div
          at div
          at div
          at div
          at children (C:\Users\alexi\Documents\projects\maicivy\frontend\components\__tests__\TimelineModal.test.tsx:8:13)
          at div
          at children (C:\Users\alexi\Documents\projects\maicivy\frontend\components\__tests__\TimelineModal.test.tsx:8:13)
          at children (C:\Users\alexi\Documents\projects\maicivy\frontend\components\__tests__\TimelineModal.test.tsx:12:23)
          at event (C:\Users\alexi\Documents\projects\maicivy\frontend\components\timeline\TimelineModal.tsx:13:56)
      
      Consider adding an error boundary to your tree to customize error handling behavior.
      Visit https://reactjs.org/link/error-boundaries to learn more about error boundaries.

    [0m [90m 92 |[39m
     [90m 93 |[39m   it([32m'should display formatted dates'[39m[33m,[39m () [33m=>[39m {
    [31m[1m>[22m[39m[90m 94 |[39m     render([33m<[39m[33mTimelineModal[39m event[33m=[39m{mockEvent} onClose[33m=[39m{jest[33m.[39mfn()} [33m/[39m[33m>[39m)[33m;[39m
     [90m    |[39m           [31m[1m^[22m[39m
     [90m 95 |[39m
     [90m 96 |[39m     expect(screen[33m.[39mgetByText([35m/1 janvier 2022/i[39m))[33m.[39mtoBeInTheDocument()[33m;[39m
     [90m 97 |[39m     expect(screen[33m.[39mgetByText([35m/30 juin 2023/i[39m))[33m.[39mtoBeInTheDocument()[33m;[39m[0m

      at logCapturedError (node_modules/react-dom/cjs/react-dom.development.js:18704:23)
      at update.callback (node_modules/react-dom/cjs/react-dom.development.js:18737:5)
      at callCallback (node_modules/react-dom/cjs/react-dom.development.js:15036:12)
      at commitUpdateQueue (node_modules/react-dom/cjs/react-dom.development.js:15057:9)
      at commitLayoutEffectOnFiber (node_modules/react-dom/cjs/react-dom.development.js:23430:13)
      at commitLayoutMountEffects_complete (node_modules/react-dom/cjs/react-dom.development.js:24727:9)
      at commitLayoutEffects_begin (node_modules/react-dom/cjs/react-dom.development.js:24713:7)
      at commitLayoutEffects (node_modules/react-dom/cjs/react-dom.development.js:24651:3)
      at commitRootImpl (node_modules/react-dom/cjs/react-dom.development.js:26862:5)
      at commitRoot (node_modules/react-dom/cjs/react-dom.development.js:26721:5)
      at finishConcurrentRender (node_modules/react-dom/cjs/react-dom.development.js:25931:9)
      at performConcurrentWorkOnRoot (node_modules/react-dom/cjs/react-dom.development.js:25848:7)
      at flushActQueue (node_modules/react/cjs/react.development.js:2667:24)
      at act (node_modules/react/cjs/react.development.js:2582:11)
      at node_modules/@testing-library/react/dist/act-compat.js:47:25
      at renderRoot (node_modules/@testing-library/react/dist/pure.js:190:26)
      at render (node_modules/@testing-library/react/dist/pure.js:292:10)
      at Object.<anonymous> (components/__tests__/TimelineModal.test.tsx:94:11)

    console.error
      Warning: React.jsx: type is invalid -- expected a string (for built-in components) or a class/function (for composite components) but got: undefined. You likely forgot to export your component from the file it's defined in, or you might have mixed up default and named imports.
      
      Check the render method of `TimelineModal`.
          at event (C:\Users\alexi\Documents\projects\maicivy\frontend\components\timeline\TimelineModal.tsx:13:56)

    [0m [90m 151 |[39m                 [33m<[39m[33mdiv[39m className[33m=[39m[32m"flex flex-wrap gap-2"[39m[33m>[39m
     [90m 152 |[39m                   {event[33m.[39mtags[33m.[39mmap((tag) [33m=>[39m (
    [31m[1m>[22m[39m[90m 153 |[39m                     [33m<[39m[33mmotion[39m[33m.[39mspan
     [90m     |[39m                     [31m[1m^[22m[39m
     [90m 154 |[39m                       key[33m=[39m{tag}
     [90m 155 |[39m                       whileHover[33m=[39m{{ scale[33m:[39m [35m1.05[39m }}
     [90m 156 |[39m                       className[33m=[39m[32m"px-4 py-2 bg-blue-500 text-white text-sm font-medium rounded-full shadow-sm"[39m[0m

      at printWarning (node_modules/react/cjs/react-jsx-runtime.development.js:87:30)
      at error (node_modules/react/cjs/react-jsx-runtime.development.js:61:7)
      at jsxWithValidation (node_modules/react/cjs/react-jsx-runtime.development.js:1245:7)
      at jsxWithValidationDynamic (node_modules/react/cjs/react-jsx-runtime.development.js:1320:12)
      at components/timeline/TimelineModal.tsx:153:21
          at Array.map (<anonymous>)
      at map (components/timeline/TimelineModal.tsx:152:31)
      at renderWithHooks (node_modules/react-dom/cjs/react-dom.development.js:15486:18)
      at mountIndeterminateComponent (node_modules/react-dom/cjs/react-dom.development.js:20103:13)
      at beginWork (node_modules/react-dom/cjs/react-dom.development.js:21626:16)
      at beginWork$1 (node_modules/react-dom/cjs/react-dom.development.js:27465:14)
      at performUnitOfWork (node_modules/react-dom/cjs/react-dom.development.js:26599:12)
      at workLoopSync (node_modules/react-dom/cjs/react-dom.development.js:26505:5)
      at renderRootSync (node_modules/react-dom/cjs/react-dom.development.js:26473:7)
      at performConcurrentWorkOnRoot (node_modules/react-dom/cjs/react-dom.development.js:25777:74)
      at flushActQueue (node_modules/react/cjs/react.development.js:2667:24)
      at act (node_modules/react/cjs/react.development.js:2582:11)
      at node_modules/@testing-library/react/dist/act-compat.js:47:25
      at renderRoot (node_modules/@testing-library/react/dist/pure.js:190:26)
      at render (node_modules/@testing-library/react/dist/pure.js:292:10)
      at Object.<anonymous> (components/__tests__/TimelineModal.test.tsx:101:11)

    console.error
      Warning: React.jsx: type is invalid -- expected a string (for built-in components) or a class/function (for composite components) but got: undefined. You likely forgot to export your component from the file it's defined in, or you might have mixed up default and named imports.
      
      Check the render method of `TimelineModal`.
          at event (C:\Users\alexi\Documents\projects\maicivy\frontend\components\timeline\TimelineModal.tsx:13:56)

    [0m [90m 151 |[39m                 [33m<[39m[33mdiv[39m className[33m=[39m[32m"flex flex-wrap gap-2"[39m[33m>[39m
     [90m 152 |[39m                   {event[33m.[39mtags[33m.[39mmap((tag) [33m=>[39m (
    [31m[1m>[22m[39m[90m 153 |[39m                     [33m<[39m[33mmotion[39m[33m.[39mspan
     [90m     |[39m                     [31m[1m^[22m[39m
     [90m 154 |[39m                       key[33m=[39m{tag}
     [90m 155 |[39m                       whileHover[33m=[39m{{ scale[33m:[39m [35m1.05[39m }}
     [90m 156 |[39m                       className[33m=[39m[32m"px-4 py-2 bg-blue-500 text-white text-sm font-medium rounded-full shadow-sm"[39m[0m

      at printWarning (node_modules/react/cjs/react-jsx-runtime.development.js:87:30)
      at error (node_modules/react/cjs/react-jsx-runtime.development.js:61:7)
      at jsxWithValidation (node_modules/react/cjs/react-jsx-runtime.development.js:1245:7)
      at jsxWithValidationDynamic (node_modules/react/cjs/react-jsx-runtime.development.js:1320:12)
      at components/timeline/TimelineModal.tsx:153:21
          at Array.map (<anonymous>)
      at map (components/timeline/TimelineModal.tsx:152:31)
      at renderWithHooks (node_modules/react-dom/cjs/react-dom.development.js:15486:18)
      at mountIndeterminateComponent (node_modules/react-dom/cjs/react-dom.development.js:20103:13)
      at beginWork (node_modules/react-dom/cjs/react-dom.development.js:21626:16)
      at beginWork$1 (node_modules/react-dom/cjs/react-dom.development.js:27465:14)
      at performUnitOfWork (node_modules/react-dom/cjs/react-dom.development.js:26599:12)
      at workLoopSync (node_modules/react-dom/cjs/react-dom.development.js:26505:5)
      at renderRootSync (node_modules/react-dom/cjs/react-dom.development.js:26473:7)
      at performConcurrentWorkOnRoot (node_modules/react-dom/cjs/react-dom.development.js:25777:74)
      at flushActQueue (node_modules/react/cjs/react.development.js:2667:24)
      at act (node_modules/react/cjs/react.development.js:2582:11)
      at node_modules/@testing-library/react/dist/act-compat.js:47:25
      at renderRoot (node_modules/@testing-library/react/dist/pure.js:190:26)
      at render (node_modules/@testing-library/react/dist/pure.js:292:10)
      at Object.<anonymous> (components/__tests__/TimelineModal.test.tsx:101:11)

    console.error
      Warning: React.jsx: type is invalid -- expected a string (for built-in components) or a class/function (for composite components) but got: undefined. You likely forgot to export your component from the file it's defined in, or you might have mixed up default and named imports.
      
      Check the render method of `TimelineModal`.
          at event (C:\Users\alexi\Documents\projects\maicivy\frontend\components\timeline\TimelineModal.tsx:13:56)

    [0m [90m 151 |[39m                 [33m<[39m[33mdiv[39m className[33m=[39m[32m"flex flex-wrap gap-2"[39m[33m>[39m
     [90m 152 |[39m                   {event[33m.[39mtags[33m.[39mmap((tag) [33m=>[39m (
    [31m[1m>[22m[39m[90m 153 |[39m                     [33m<[39m[33mmotion[39m[33m.[39mspan
     [90m     |[39m                     [31m[1m^[22m[39m
     [90m 154 |[39m                       key[33m=[39m{tag}
     [90m 155 |[39m                       whileHover[33m=[39m{{ scale[33m:[39m [35m1.05[39m }}
     [90m 156 |[39m                       className[33m=[39m[32m"px-4 py-2 bg-blue-500 text-white text-sm font-medium rounded-full shadow-sm"[39m[0m

      at printWarning (node_modules/react/cjs/react-jsx-runtime.development.js:87:30)
      at error (node_modules/react/cjs/react-jsx-runtime.development.js:61:7)
      at jsxWithValidation (node_modules/react/cjs/react-jsx-runtime.development.js:1245:7)
      at jsxWithValidationDynamic (node_modules/react/cjs/react-jsx-runtime.development.js:1320:12)
      at components/timeline/TimelineModal.tsx:153:21
          at Array.map (<anonymous>)
      at map (components/timeline/TimelineModal.tsx:152:31)
      at renderWithHooks (node_modules/react-dom/cjs/react-dom.development.js:15486:18)
      at mountIndeterminateComponent (node_modules/react-dom/cjs/react-dom.development.js:20103:13)
      at beginWork (node_modules/react-dom/cjs/react-dom.development.js:21626:16)
      at beginWork$1 (node_modules/react-dom/cjs/react-dom.development.js:27465:14)
      at performUnitOfWork (node_modules/react-dom/cjs/react-dom.development.js:26599:12)
      at workLoopSync (node_modules/react-dom/cjs/react-dom.development.js:26505:5)
      at renderRootSync (node_modules/react-dom/cjs/react-dom.development.js:26473:7)
      at performConcurrentWorkOnRoot (node_modules/react-dom/cjs/react-dom.development.js:25777:74)
      at flushActQueue (node_modules/react/cjs/react.development.js:2667:24)
      at act (node_modules/react/cjs/react.development.js:2582:11)
      at node_modules/@testing-library/react/dist/act-compat.js:47:25
      at renderRoot (node_modules/@testing-library/react/dist/pure.js:190:26)
      at render (node_modules/@testing-library/react/dist/pure.js:292:10)
      at Object.<anonymous> (components/__tests__/TimelineModal.test.tsx:101:11)

    console.error
      Warning: React.jsx: type is invalid -- expected a string (for built-in components) or a class/function (for composite components) but got: undefined. You likely forgot to export your component from the file it's defined in, or you might have mixed up default and named imports.
      
      Check the render method of `TimelineModal`.
          at event (C:\Users\alexi\Documents\projects\maicivy\frontend\components\timeline\TimelineModal.tsx:13:56)

    [0m [90m 151 |[39m                 [33m<[39m[33mdiv[39m className[33m=[39m[32m"flex flex-wrap gap-2"[39m[33m>[39m
     [90m 152 |[39m                   {event[33m.[39mtags[33m.[39mmap((tag) [33m=>[39m (
    [31m[1m>[22m[39m[90m 153 |[39m                     [33m<[39m[33mmotion[39m[33m.[39mspan
     [90m     |[39m                     [31m[1m^[22m[39m
     [90m 154 |[39m                       key[33m=[39m{tag}
     [90m 155 |[39m                       whileHover[33m=[39m{{ scale[33m:[39m [35m1.05[39m }}
     [90m 156 |[39m                       className[33m=[39m[32m"px-4 py-2 bg-blue-500 text-white text-sm font-medium rounded-full shadow-sm"[39m[0m

      at printWarning (node_modules/react/cjs/react-jsx-runtime.development.js:87:30)
      at error (node_modules/react/cjs/react-jsx-runtime.development.js:61:7)
      at jsxWithValidation (node_modules/react/cjs/react-jsx-runtime.development.js:1245:7)
      at jsxWithValidationDynamic (node_modules/react/cjs/react-jsx-runtime.development.js:1320:12)
      at components/timeline/TimelineModal.tsx:153:21
          at Array.map (<anonymous>)
      at map (components/timeline/TimelineModal.tsx:152:31)
      at renderWithHooks (node_modules/react-dom/cjs/react-dom.development.js:15486:18)
      at mountIndeterminateComponent (node_modules/react-dom/cjs/react-dom.development.js:20103:13)
      at beginWork (node_modules/react-dom/cjs/react-dom.development.js:21626:16)
      at beginWork$1 (node_modules/react-dom/cjs/react-dom.development.js:27465:14)
      at performUnitOfWork (node_modules/react-dom/cjs/react-dom.development.js:26599:12)
      at workLoopSync (node_modules/react-dom/cjs/react-dom.development.js:26505:5)
      at renderRootSync (node_modules/react-dom/cjs/react-dom.development.js:26473:7)
      at performConcurrentWorkOnRoot (node_modules/react-dom/cjs/react-dom.development.js:25777:74)
      at flushActQueue (node_modules/react/cjs/react.development.js:2667:24)
      at act (node_modules/react/cjs/react.development.js:2582:11)
      at node_modules/@testing-library/react/dist/act-compat.js:47:25
      at renderRoot (node_modules/@testing-library/react/dist/pure.js:190:26)
      at render (node_modules/@testing-library/react/dist/pure.js:292:10)
      at Object.<anonymous> (components/__tests__/TimelineModal.test.tsx:101:11)

    console.error
      Warning: React.jsx: type is invalid -- expected a string (for built-in components) or a class/function (for composite components) but got: undefined. You likely forgot to export your component from the file it's defined in, or you might have mixed up default and named imports.
      
      Check the render method of `TimelineModal`.
          at event (C:\Users\alexi\Documents\projects\maicivy\frontend\components\timeline\TimelineModal.tsx:13:56)

    [0m [90m 151 |[39m                 [33m<[39m[33mdiv[39m className[33m=[39m[32m"flex flex-wrap gap-2"[39m[33m>[39m
     [90m 152 |[39m                   {event[33m.[39mtags[33m.[39mmap((tag) [33m=>[39m (
    [31m[1m>[22m[39m[90m 153 |[39m                     [33m<[39m[33mmotion[39m[33m.[39mspan
     [90m     |[39m                     [31m[1m^[22m[39m
     [90m 154 |[39m                       key[33m=[39m{tag}
     [90m 155 |[39m                       whileHover[33m=[39m{{ scale[33m:[39m [35m1.05[39m }}
     [90m 156 |[39m                       className[33m=[39m[32m"px-4 py-2 bg-blue-500 text-white text-sm font-medium rounded-full shadow-sm"[39m[0m

      at printWarning (node_modules/react/cjs/react-jsx-runtime.development.js:87:30)
      at error (node_modules/react/cjs/react-jsx-runtime.development.js:61:7)
      at jsxWithValidation (node_modules/react/cjs/react-jsx-runtime.development.js:1245:7)
      at jsxWithValidationDynamic (node_modules/react/cjs/react-jsx-runtime.development.js:1320:12)
      at components/timeline/TimelineModal.tsx:153:21
          at Array.map (<anonymous>)
      at map (components/timeline/TimelineModal.tsx:152:31)
      at renderWithHooks (node_modules/react-dom/cjs/react-dom.development.js:15486:18)
      at mountIndeterminateComponent (node_modules/react-dom/cjs/react-dom.development.js:20103:13)
      at beginWork (node_modules/react-dom/cjs/react-dom.development.js:21626:16)
      at beginWork$1 (node_modules/react-dom/cjs/react-dom.development.js:27465:14)
      at performUnitOfWork (node_modules/react-dom/cjs/react-dom.development.js:26599:12)
      at workLoopSync (node_modules/react-dom/cjs/react-dom.development.js:26505:5)
      at renderRootSync (node_modules/react-dom/cjs/react-dom.development.js:26473:7)
      at performConcurrentWorkOnRoot (node_modules/react-dom/cjs/react-dom.development.js:25777:74)
      at flushActQueue (node_modules/react/cjs/react.development.js:2667:24)
      at act (node_modules/react/cjs/react.development.js:2582:11)
      at node_modules/@testing-library/react/dist/act-compat.js:47:25
      at renderRoot (node_modules/@testing-library/react/dist/pure.js:190:26)
      at render (node_modules/@testing-library/react/dist/pure.js:292:10)
      at Object.<anonymous> (components/__tests__/TimelineModal.test.tsx:101:11)

    console.error
      Error: Uncaught [Error: Element type is invalid: expected a string (for built-in components) or a class/function (for composite components) but got: undefined. You likely forgot to export your component from the file it's defined in, or you might have mixed up default and named imports.
      
      Check the render method of `TimelineModal`.]
          at reportException (C:\Users\alexi\Documents\projects\maicivy\frontend\node_modules\jsdom\lib\jsdom\living\helpers\runtime-script-errors.js:66:24)
          at innerInvokeEventListeners (C:\Users\alexi\Documents\projects\maicivy\frontend\node_modules\jsdom\lib\jsdom\living\events\EventTarget-impl.js:353:9)
          at invokeEventListeners (C:\Users\alexi\Documents\projects\maicivy\frontend\node_modules\jsdom\lib\jsdom\living\events\EventTarget-impl.js:286:3)
          at HTMLUnknownElementImpl._dispatch (C:\Users\alexi\Documents\projects\maicivy\frontend\node_modules\jsdom\lib\jsdom\living\events\EventTarget-impl.js:233:9)
          at HTMLUnknownElementImpl.dispatchEvent (C:\Users\alexi\Documents\projects\maicivy\frontend\node_modules\jsdom\lib\jsdom\living\events\EventTarget-impl.js:104:17)
          at HTMLUnknownElement.dispatchEvent (C:\Users\alexi\Documents\projects\maicivy\frontend\node_modules\jsdom\lib\jsdom\living\generated\EventTarget.js:241:34)
          at Object.invokeGuardedCallbackDev (C:\Users\alexi\Documents\projects\maicivy\frontend\node_modules\react-dom\cjs\react-dom.development.js:4213:16)
          at invokeGuardedCallback (C:\Users\alexi\Documents\projects\maicivy\frontend\node_modules\react-dom\cjs\react-dom.development.js:4277:31)
          at beginWork$1 (C:\Users\alexi\Documents\projects\maicivy\frontend\node_modules\react-dom\cjs\react-dom.development.js:27490:7)
          at performUnitOfWork (C:\Users\alexi\Documents\projects\maicivy\frontend\node_modules\react-dom\cjs\react-dom.development.js:26599:12)
          at workLoopSync (C:\Users\alexi\Documents\projects\maicivy\frontend\node_modules\react-dom\cjs\react-dom.development.js:26505:5)
          at renderRootSync (C:\Users\alexi\Documents\projects\maicivy\frontend\node_modules\react-dom\cjs\react-dom.development.js:26473:7)
          at performConcurrentWorkOnRoot (C:\Users\alexi\Documents\projects\maicivy\frontend\node_modules\react-dom\cjs\react-dom.development.js:25777:74)
          at flushActQueue (C:\Users\alexi\Documents\projects\maicivy\frontend\node_modules\react\cjs\react.development.js:2667:24)
          at act (C:\Users\alexi\Documents\projects\maicivy\frontend\node_modules\react\cjs\react.development.js:2582:11)
          at C:\Users\alexi\Documents\projects\maicivy\frontend\node_modules\@testing-library\react\dist\act-compat.js:47:25
          at renderRoot (C:\Users\alexi\Documents\projects\maicivy\frontend\node_modules\@testing-library\react\dist\pure.js:190:26)
          at render (C:\Users\alexi\Documents\projects\maicivy\frontend\node_modules\@testing-library\react\dist\pure.js:292:10)
          at Object.<anonymous> (C:\Users\alexi\Documents\projects\maicivy\frontend\components\__tests__\TimelineModal.test.tsx:101:11)
          at Promise.finally.completed (C:\Users\alexi\Documents\projects\maicivy\frontend\node_modules\jest-circus\build\jestAdapterInit.js:1557:28)
          at new Promise (<anonymous>)
          at callAsyncCircusFn (C:\Users\alexi\Documents\projects\maicivy\frontend\node_modules\jest-circus\build\jestAdapterInit.js:1497:10)
          at _callCircusTest (C:\Users\alexi\Documents\projects\maicivy\frontend\node_modules\jest-circus\build\jestAdapterInit.js:1007:40)
          at processTicksAndRejections (node:internal/process/task_queues:103:5)
          at _runTest (C:\Users\alexi\Documents\projects\maicivy\frontend\node_modules\jest-circus\build\jestAdapterInit.js:947:3)
          at C:\Users\alexi\Documents\projects\maicivy\frontend\node_modules\jest-circus\build\jestAdapterInit.js:849:7
          at _runTestsForDescribeBlock (C:\Users\alexi\Documents\projects\maicivy\frontend\node_modules\jest-circus\build\jestAdapterInit.js:862:11)
          at _runTestsForDescribeBlock (C:\Users\alexi\Documents\projects\maicivy\frontend\node_modules\jest-circus\build\jestAdapterInit.js:857:11)
          at run (C:\Users\alexi\Documents\projects\maicivy\frontend\node_modules\jest-circus\build\jestAdapterInit.js:761:3)
          at runAndTransformResultsToJestFormat (C:\Users\alexi\Documents\projects\maicivy\frontend\node_modules\jest-circus\build\jestAdapterInit.js:1918:21)
          at jestAdapter (C:\Users\alexi\Documents\projects\maicivy\frontend\node_modules\jest-circus\build\runner.js:101:19)
          at runTestInternal (C:\Users\alexi\Documents\projects\maicivy\frontend\node_modules\jest-runner\build\testWorker.js:275:16)
          at runTest (C:\Users\alexi\Documents\projects\maicivy\frontend\node_modules\jest-runner\build\testWorker.js:343:7)
          at Object.worker (C:\Users\alexi\Documents\projects\maicivy\frontend\node_modules\jest-runner\build\testWorker.js:497:12) {
        detail: Error: Element type is invalid: expected a string (for built-in components) or a class/function (for composite components) but got: undefined. You likely forgot to export your component from the file it's defined in, or you might have mixed up default and named imports.
        
        Check the render method of `TimelineModal`.
            at createFiberFromTypeAndProps (C:\Users\alexi\Documents\projects\maicivy\frontend\node_modules\react-dom\cjs\react-dom.development.js:28478:17)
            at createFiberFromElement (C:\Users\alexi\Documents\projects\maicivy\frontend\node_modules\react-dom\cjs\react-dom.development.js:28504:15)
            at createChild (C:\Users\alexi\Documents\projects\maicivy\frontend\node_modules\react-dom\cjs\react-dom.development.js:13345:28)
            at reconcileChildrenArray (C:\Users\alexi\Documents\projects\maicivy\frontend\node_modules\react-dom\cjs\react-dom.development.js:13640:25)
            at reconcileChildFibers (C:\Users\alexi\Documents\projects\maicivy\frontend\node_modules\react-dom\cjs\react-dom.development.js:14057:16)
            at reconcileChildren (C:\Users\alexi\Documents\projects\maicivy\frontend\node_modules\react-dom\cjs\react-dom.development.js:19186:28)
            at updateHostComponent (C:\Users\alexi\Documents\projects\maicivy\frontend\node_modules\react-dom\cjs\react-dom.development.js:19953:3)
            at beginWork (C:\Users\alexi\Documents\projects\maicivy\frontend\node_modules\react-dom\cjs\react-dom.development.js:21657:14)
            at HTMLUnknownElement.callCallback (C:\Users\alexi\Documents\projects\maicivy\frontend\node_modules\react-dom\cjs\react-dom.development.js:4164:14)
            at HTMLUnknownElement.callTheUserObjectsOperation (C:\Users\alexi\Documents\projects\maicivy\frontend\node_modules\jsdom\lib\jsdom\living\generated\EventListener.js:26:30)
            at innerInvokeEventListeners (C:\Users\alexi\Documents\projects\maicivy\frontend\node_modules\jsdom\lib\jsdom\living\events\EventTarget-impl.js:350:25)
            at invokeEventListeners (C:\Users\alexi\Documents\projects\maicivy\frontend\node_modules\jsdom\lib\jsdom\living\events\EventTarget-impl.js:286:3)
            at HTMLUnknownElementImpl._dispatch (C:\Users\alexi\Documents\projects\maicivy\frontend\node_modules\jsdom\lib\jsdom\living\events\EventTarget-impl.js:233:9)
            at HTMLUnknownElementImpl.dispatchEvent (C:\Users\alexi\Documents\projects\maicivy\frontend\node_modules\jsdom\lib\jsdom\living\events\EventTarget-impl.js:104:17)
            at HTMLUnknownElement.dispatchEvent (C:\Users\alexi\Documents\projects\maicivy\frontend\node_modules\jsdom\lib\jsdom\living\generated\EventTarget.js:241:34)
            at Object.invokeGuardedCallbackDev (C:\Users\alexi\Documents\projects\maicivy\frontend\node_modules\react-dom\cjs\react-dom.development.js:4213:16)
            at invokeGuardedCallback (C:\Users\alexi\Documents\projects\maicivy\frontend\node_modules\react-dom\cjs\react-dom.development.js:4277:31)
            at beginWork$1 (C:\Users\alexi\Documents\projects\maicivy\frontend\node_modules\react-dom\cjs\react-dom.development.js:27490:7)
            at performUnitOfWork (C:\Users\alexi\Documents\projects\maicivy\frontend\node_modules\react-dom\cjs\react-dom.development.js:26599:12)
            at workLoopSync (C:\Users\alexi\Documents\projects\maicivy\frontend\node_modules\react-dom\cjs\react-dom.development.js:26505:5)
            at renderRootSync (C:\Users\alexi\Documents\projects\maicivy\frontend\node_modules\react-dom\cjs\react-dom.development.js:26473:7)
            at performConcurrentWorkOnRoot (C:\Users\alexi\Documents\projects\maicivy\frontend\node_modules\react-dom\cjs\react-dom.development.js:25777:74)
            at flushActQueue (C:\Users\alexi\Documents\projects\maicivy\frontend\node_modules\react\cjs\react.development.js:2667:24)
            at act (C:\Users\alexi\Documents\projects\maicivy\frontend\node_modules\react\cjs\react.development.js:2582:11)
            at C:\Users\alexi\Documents\projects\maicivy\frontend\node_modules\@testing-library\react\dist\act-compat.js:47:25
            at renderRoot (C:\Users\alexi\Documents\projects\maicivy\frontend\node_modules\@testing-library\react\dist\pure.js:190:26)
            at render (C:\Users\alexi\Documents\projects\maicivy\frontend\node_modules\@testing-library\react\dist\pure.js:292:10)
            at Object.<anonymous> (C:\Users\alexi\Documents\projects\maicivy\frontend\components\__tests__\TimelineModal.test.tsx:101:11)
            at Promise.finally.completed (C:\Users\alexi\Documents\projects\maicivy\frontend\node_modules\jest-circus\build\jestAdapterInit.js:1557:28)
            at new Promise (<anonymous>)
            at callAsyncCircusFn (C:\Users\alexi\Documents\projects\maicivy\frontend\node_modules\jest-circus\build\jestAdapterInit.js:1497:10)
            at _callCircusTest (C:\Users\alexi\Documents\projects\maicivy\frontend\node_modules\jest-circus\build\jestAdapterInit.js:1007:40)
            at processTicksAndRejections (node:internal/process/task_queues:103:5)
            at _runTest (C:\Users\alexi\Documents\projects\maicivy\frontend\node_modules\jest-circus\build\jestAdapterInit.js:947:3)
            at C:\Users\alexi\Documents\projects\maicivy\frontend\node_modules\jest-circus\build\jestAdapterInit.js:849:7
            at _runTestsForDescribeBlock (C:\Users\alexi\Documents\projects\maicivy\frontend\node_modules\jest-circus\build\jestAdapterInit.js:862:11)
            at _runTestsForDescribeBlock (C:\Users\alexi\Documents\projects\maicivy\frontend\node_modules\jest-circus\build\jestAdapterInit.js:857:11)
            at run (C:\Users\alexi\Documents\projects\maicivy\frontend\node_modules\jest-circus\build\jestAdapterInit.js:761:3)
            at runAndTransformResultsToJestFormat (C:\Users\alexi\Documents\projects\maicivy\frontend\node_modules\jest-circus\build\jestAdapterInit.js:1918:21)
            at jestAdapter (C:\Users\alexi\Documents\projects\maicivy\frontend\node_modules\jest-circus\build\runner.js:101:19)
            at runTestInternal (C:\Users\alexi\Documents\projects\maicivy\frontend\node_modules\jest-runner\build\testWorker.js:275:16)
            at runTest (C:\Users\alexi\Documents\projects\maicivy\frontend\node_modules\jest-runner\build\testWorker.js:343:7)
            at Object.worker (C:\Users\alexi\Documents\projects\maicivy\frontend\node_modules\jest-runner\build\testWorker.js:497:12),
        type: 'unhandled exception'
      }

    [0m [90m  99 |[39m
     [90m 100 |[39m   it([32m'should display duration'[39m[33m,[39m () [33m=>[39m {
    [31m[1m>[22m[39m[90m 101 |[39m     render([33m<[39m[33mTimelineModal[39m event[33m=[39m{mockEvent} onClose[33m=[39m{jest[33m.[39mfn()} [33m/[39m[33m>[39m)[33m;[39m
     [90m     |[39m           [31m[1m^[22m[39m
     [90m 102 |[39m
     [90m 103 |[39m     expect(screen[33m.[39mgetByText([32m'1.5 years'[39m))[33m.[39mtoBeInTheDocument()[33m;[39m
     [90m 104 |[39m     expect(screen[33m.[39mgetByTestId([32m'mappin-icon'[39m))[33m.[39mtoBeInTheDocument()[33m;[39m[0m

      at VirtualConsole.<anonymous> (node_modules/@jest/environment-jsdom-abstract/build/index.js:87:23)
      at reportException (node_modules/jsdom/lib/jsdom/living/helpers/runtime-script-errors.js:70:28)
      at innerInvokeEventListeners (node_modules/jsdom/lib/jsdom/living/events/EventTarget-impl.js:353:9)
      at invokeEventListeners (node_modules/jsdom/lib/jsdom/living/events/EventTarget-impl.js:286:3)
      at HTMLUnknownElementImpl._dispatch (node_modules/jsdom/lib/jsdom/living/events/EventTarget-impl.js:233:9)
      at HTMLUnknownElementImpl.dispatchEvent (node_modules/jsdom/lib/jsdom/living/events/EventTarget-impl.js:104:17)
      at HTMLUnknownElement.dispatchEvent (node_modules/jsdom/lib/jsdom/living/generated/EventTarget.js:241:34)
      at Object.invokeGuardedCallbackDev (node_modules/react-dom/cjs/react-dom.development.js:4213:16)
      at invokeGuardedCallback (node_modules/react-dom/cjs/react-dom.development.js:4277:31)
      at beginWork$1 (node_modules/react-dom/cjs/react-dom.development.js:27490:7)
      at performUnitOfWork (node_modules/react-dom/cjs/react-dom.development.js:26599:12)
      at workLoopSync (node_modules/react-dom/cjs/react-dom.development.js:26505:5)
      at renderRootSync (node_modules/react-dom/cjs/react-dom.development.js:26473:7)
      at performConcurrentWorkOnRoot (node_modules/react-dom/cjs/react-dom.development.js:25777:74)
      at flushActQueue (node_modules/react/cjs/react.development.js:2667:24)
      at act (node_modules/react/cjs/react.development.js:2582:11)
      at node_modules/@testing-library/react/dist/act-compat.js:47:25
      at renderRoot (node_modules/@testing-library/react/dist/pure.js:190:26)
      at render (node_modules/@testing-library/react/dist/pure.js:292:10)
      at Object.<anonymous> (components/__tests__/TimelineModal.test.tsx:101:11)

    console.error
      Warning: React.jsx: type is invalid -- expected a string (for built-in components) or a class/function (for composite components) but got: undefined. You likely forgot to export your component from the file it's defined in, or you might have mixed up default and named imports.
      
      Check the render method of `TimelineModal`.
          at event (C:\Users\alexi\Documents\projects\maicivy\frontend\components\timeline\TimelineModal.tsx:13:56)

    [0m [90m 151 |[39m                 [33m<[39m[33mdiv[39m className[33m=[39m[32m"flex flex-wrap gap-2"[39m[33m>[39m
     [90m 152 |[39m                   {event[33m.[39mtags[33m.[39mmap((tag) [33m=>[39m (
    [31m[1m>[22m[39m[90m 153 |[39m                     [33m<[39m[33mmotion[39m[33m.[39mspan
     [90m     |[39m                     [31m[1m^[22m[39m
     [90m 154 |[39m                       key[33m=[39m{tag}
     [90m 155 |[39m                       whileHover[33m=[39m{{ scale[33m:[39m [35m1.05[39m }}
     [90m 156 |[39m                       className[33m=[39m[32m"px-4 py-2 bg-blue-500 text-white text-sm font-medium rounded-full shadow-sm"[39m[0m

      at printWarning (node_modules/react/cjs/react-jsx-runtime.development.js:87:30)
      at error (node_modules/react/cjs/react-jsx-runtime.development.js:61:7)
      at jsxWithValidation (node_modules/react/cjs/react-jsx-runtime.development.js:1245:7)
      at jsxWithValidationDynamic (node_modules/react/cjs/react-jsx-runtime.development.js:1320:12)
      at components/timeline/TimelineModal.tsx:153:21
          at Array.map (<anonymous>)
      at map (components/timeline/TimelineModal.tsx:152:31)
      at renderWithHooks (node_modules/react-dom/cjs/react-dom.development.js:15486:18)
      at mountIndeterminateComponent (node_modules/react-dom/cjs/react-dom.development.js:20103:13)
      at beginWork (node_modules/react-dom/cjs/react-dom.development.js:21626:16)
      at beginWork$1 (node_modules/react-dom/cjs/react-dom.development.js:27465:14)
      at performUnitOfWork (node_modules/react-dom/cjs/react-dom.development.js:26599:12)
      at workLoopSync (node_modules/react-dom/cjs/react-dom.development.js:26505:5)
      at renderRootSync (node_modules/react-dom/cjs/react-dom.development.js:26473:7)
      at recoverFromConcurrentError (node_modules/react-dom/cjs/react-dom.development.js:25889:20)
      at performConcurrentWorkOnRoot (node_modules/react-dom/cjs/react-dom.development.js:25789:22)
      at flushActQueue (node_modules/react/cjs/react.development.js:2667:24)
      at act (node_modules/react/cjs/react.development.js:2582:11)
      at node_modules/@testing-library/react/dist/act-compat.js:47:25
      at renderRoot (node_modules/@testing-library/react/dist/pure.js:190:26)
      at render (node_modules/@testing-library/react/dist/pure.js:292:10)
      at Object.<anonymous> (components/__tests__/TimelineModal.test.tsx:101:11)

    console.error
      Warning: React.jsx: type is invalid -- expected a string (for built-in components) or a class/function (for composite components) but got: undefined. You likely forgot to export your component from the file it's defined in, or you might have mixed up default and named imports.
      
      Check the render method of `TimelineModal`.
          at event (C:\Users\alexi\Documents\projects\maicivy\frontend\components\timeline\TimelineModal.tsx:13:56)

    [0m [90m 151 |[39m                 [33m<[39m[33mdiv[39m className[33m=[39m[32m"flex flex-wrap gap-2"[39m[33m>[39m
     [90m 152 |[39m                   {event[33m.[39mtags[33m.[39mmap((tag) [33m=>[39m (
    [31m[1m>[22m[39m[90m 153 |[39m                     [33m<[39m[33mmotion[39m[33m.[39mspan
     [90m     |[39m                     [31m[1m^[22m[39m
     [90m 154 |[39m                       key[33m=[39m{tag}
     [90m 155 |[39m                       whileHover[33m=[39m{{ scale[33m:[39m [35m1.05[39m }}
     [90m 156 |[39m                       className[33m=[39m[32m"px-4 py-2 bg-blue-500 text-white text-sm font-medium rounded-full shadow-sm"[39m[0m

      at printWarning (node_modules/react/cjs/react-jsx-runtime.development.js:87:30)
      at error (node_modules/react/cjs/react-jsx-runtime.development.js:61:7)
      at jsxWithValidation (node_modules/react/cjs/react-jsx-runtime.development.js:1245:7)
      at jsxWithValidationDynamic (node_modules/react/cjs/react-jsx-runtime.development.js:1320:12)
      at components/timeline/TimelineModal.tsx:153:21
          at Array.map (<anonymous>)
      at map (components/timeline/TimelineModal.tsx:152:31)
      at renderWithHooks (node_modules/react-dom/cjs/react-dom.development.js:15486:18)
      at mountIndeterminateComponent (node_modules/react-dom/cjs/react-dom.development.js:20103:13)
      at beginWork (node_modules/react-dom/cjs/react-dom.development.js:21626:16)
      at beginWork$1 (node_modules/react-dom/cjs/react-dom.development.js:27465:14)
      at performUnitOfWork (node_modules/react-dom/cjs/react-dom.development.js:26599:12)
      at workLoopSync (node_modules/react-dom/cjs/react-dom.development.js:26505:5)
      at renderRootSync (node_modules/react-dom/cjs/react-dom.development.js:26473:7)
      at recoverFromConcurrentError (node_modules/react-dom/cjs/react-dom.development.js:25889:20)
      at performConcurrentWorkOnRoot (node_modules/react-dom/cjs/react-dom.development.js:25789:22)
      at flushActQueue (node_modules/react/cjs/react.development.js:2667:24)
      at act (node_modules/react/cjs/react.development.js:2582:11)
      at node_modules/@testing-library/react/dist/act-compat.js:47:25
      at renderRoot (node_modules/@testing-library/react/dist/pure.js:190:26)
      at render (node_modules/@testing-library/react/dist/pure.js:292:10)
      at Object.<anonymous> (components/__tests__/TimelineModal.test.tsx:101:11)

    console.error
      Warning: React.jsx: type is invalid -- expected a string (for built-in components) or a class/function (for composite components) but got: undefined. You likely forgot to export your component from the file it's defined in, or you might have mixed up default and named imports.
      
      Check the render method of `TimelineModal`.
          at event (C:\Users\alexi\Documents\projects\maicivy\frontend\components\timeline\TimelineModal.tsx:13:56)

    [0m [90m 151 |[39m                 [33m<[39m[33mdiv[39m className[33m=[39m[32m"flex flex-wrap gap-2"[39m[33m>[39m
     [90m 152 |[39m                   {event[33m.[39mtags[33m.[39mmap((tag) [33m=>[39m (
    [31m[1m>[22m[39m[90m 153 |[39m                     [33m<[39m[33mmotion[39m[33m.[39mspan
     [90m     |[39m                     [31m[1m^[22m[39m
     [90m 154 |[39m                       key[33m=[39m{tag}
     [90m 155 |[39m                       whileHover[33m=[39m{{ scale[33m:[39m [35m1.05[39m }}
     [90m 156 |[39m                       className[33m=[39m[32m"px-4 py-2 bg-blue-500 text-white text-sm font-medium rounded-full shadow-sm"[39m[0m

      at printWarning (node_modules/react/cjs/react-jsx-runtime.development.js:87:30)
      at error (node_modules/react/cjs/react-jsx-runtime.development.js:61:7)
      at jsxWithValidation (node_modules/react/cjs/react-jsx-runtime.development.js:1245:7)
      at jsxWithValidationDynamic (node_modules/react/cjs/react-jsx-runtime.development.js:1320:12)
      at components/timeline/TimelineModal.tsx:153:21
          at Array.map (<anonymous>)
      at map (components/timeline/TimelineModal.tsx:152:31)
      at renderWithHooks (node_modules/react-dom/cjs/react-dom.development.js:15486:18)
      at mountIndeterminateComponent (node_modules/react-dom/cjs/react-dom.development.js:20103:13)
      at beginWork (node_modules/react-dom/cjs/react-dom.development.js:21626:16)
      at beginWork$1 (node_modules/react-dom/cjs/react-dom.development.js:27465:14)
      at performUnitOfWork (node_modules/react-dom/cjs/react-dom.development.js:26599:12)
      at workLoopSync (node_modules/react-dom/cjs/react-dom.development.js:26505:5)
      at renderRootSync (node_modules/react-dom/cjs/react-dom.development.js:26473:7)
      at recoverFromConcurrentError (node_modules/react-dom/cjs/react-dom.development.js:25889:20)
      at performConcurrentWorkOnRoot (node_modules/react-dom/cjs/react-dom.development.js:25789:22)
      at flushActQueue (node_modules/react/cjs/react.development.js:2667:24)
      at act (node_modules/react/cjs/react.development.js:2582:11)
      at node_modules/@testing-library/react/dist/act-compat.js:47:25
      at renderRoot (node_modules/@testing-library/react/dist/pure.js:190:26)
      at render (node_modules/@testing-library/react/dist/pure.js:292:10)
      at Object.<anonymous> (components/__tests__/TimelineModal.test.tsx:101:11)

    console.error
      Warning: React.jsx: type is invalid -- expected a string (for built-in components) or a class/function (for composite components) but got: undefined. You likely forgot to export your component from the file it's defined in, or you might have mixed up default and named imports.
      
      Check the render method of `TimelineModal`.
          at event (C:\Users\alexi\Documents\projects\maicivy\frontend\components\timeline\TimelineModal.tsx:13:56)

    [0m [90m 151 |[39m                 [33m<[39m[33mdiv[39m className[33m=[39m[32m"flex flex-wrap gap-2"[39m[33m>[39m
     [90m 152 |[39m                   {event[33m.[39mtags[33m.[39mmap((tag) [33m=>[39m (
    [31m[1m>[22m[39m[90m 153 |[39m                     [33m<[39m[33mmotion[39m[33m.[39mspan
     [90m     |[39m                     [31m[1m^[22m[39m
     [90m 154 |[39m                       key[33m=[39m{tag}
     [90m 155 |[39m                       whileHover[33m=[39m{{ scale[33m:[39m [35m1.05[39m }}
     [90m 156 |[39m                       className[33m=[39m[32m"px-4 py-2 bg-blue-500 text-white text-sm font-medium rounded-full shadow-sm"[39m[0m

      at printWarning (node_modules/react/cjs/react-jsx-runtime.development.js:87:30)
      at error (node_modules/react/cjs/react-jsx-runtime.development.js:61:7)
      at jsxWithValidation (node_modules/react/cjs/react-jsx-runtime.development.js:1245:7)
      at jsxWithValidationDynamic (node_modules/react/cjs/react-jsx-runtime.development.js:1320:12)
      at components/timeline/TimelineModal.tsx:153:21
          at Array.map (<anonymous>)
      at map (components/timeline/TimelineModal.tsx:152:31)
      at renderWithHooks (node_modules/react-dom/cjs/react-dom.development.js:15486:18)
      at mountIndeterminateComponent (node_modules/react-dom/cjs/react-dom.development.js:20103:13)
      at beginWork (node_modules/react-dom/cjs/react-dom.development.js:21626:16)
      at beginWork$1 (node_modules/react-dom/cjs/react-dom.development.js:27465:14)
      at performUnitOfWork (node_modules/react-dom/cjs/react-dom.development.js:26599:12)
      at workLoopSync (node_modules/react-dom/cjs/react-dom.development.js:26505:5)
      at renderRootSync (node_modules/react-dom/cjs/react-dom.development.js:26473:7)
      at recoverFromConcurrentError (node_modules/react-dom/cjs/react-dom.development.js:25889:20)
      at performConcurrentWorkOnRoot (node_modules/react-dom/cjs/react-dom.development.js:25789:22)
      at flushActQueue (node_modules/react/cjs/react.development.js:2667:24)
      at act (node_modules/react/cjs/react.development.js:2582:11)
      at node_modules/@testing-library/react/dist/act-compat.js:47:25
      at renderRoot (node_modules/@testing-library/react/dist/pure.js:190:26)
      at render (node_modules/@testing-library/react/dist/pure.js:292:10)
      at Object.<anonymous> (components/__tests__/TimelineModal.test.tsx:101:11)

    console.error
      Warning: React.jsx: type is invalid -- expected a string (for built-in components) or a class/function (for composite components) but got: undefined. You likely forgot to export your component from the file it's defined in, or you might have mixed up default and named imports.
      
      Check the render method of `TimelineModal`.
          at event (C:\Users\alexi\Documents\projects\maicivy\frontend\components\timeline\TimelineModal.tsx:13:56)

    [0m [90m 151 |[39m                 [33m<[39m[33mdiv[39m className[33m=[39m[32m"flex flex-wrap gap-2"[39m[33m>[39m
     [90m 152 |[39m                   {event[33m.[39mtags[33m.[39mmap((tag) [33m=>[39m (
    [31m[1m>[22m[39m[90m 153 |[39m                     [33m<[39m[33mmotion[39m[33m.[39mspan
     [90m     |[39m                     [31m[1m^[22m[39m
     [90m 154 |[39m                       key[33m=[39m{tag}
     [90m 155 |[39m                       whileHover[33m=[39m{{ scale[33m:[39m [35m1.05[39m }}
     [90m 156 |[39m                       className[33m=[39m[32m"px-4 py-2 bg-blue-500 text-white text-sm font-medium rounded-full shadow-sm"[39m[0m

      at printWarning (node_modules/react/cjs/react-jsx-runtime.development.js:87:30)
      at error (node_modules/react/cjs/react-jsx-runtime.development.js:61:7)
      at jsxWithValidation (node_modules/react/cjs/react-jsx-runtime.development.js:1245:7)
      at jsxWithValidationDynamic (node_modules/react/cjs/react-jsx-runtime.development.js:1320:12)
      at components/timeline/TimelineModal.tsx:153:21
          at Array.map (<anonymous>)
      at map (components/timeline/TimelineModal.tsx:152:31)
      at renderWithHooks (node_modules/react-dom/cjs/react-dom.development.js:15486:18)
      at mountIndeterminateComponent (node_modules/react-dom/cjs/react-dom.development.js:20103:13)
      at beginWork (node_modules/react-dom/cjs/react-dom.development.js:21626:16)
      at beginWork$1 (node_modules/react-dom/cjs/react-dom.development.js:27465:14)
      at performUnitOfWork (node_modules/react-dom/cjs/react-dom.development.js:26599:12)
      at workLoopSync (node_modules/react-dom/cjs/react-dom.development.js:26505:5)
      at renderRootSync (node_modules/react-dom/cjs/react-dom.development.js:26473:7)
      at recoverFromConcurrentError (node_modules/react-dom/cjs/react-dom.development.js:25889:20)
      at performConcurrentWorkOnRoot (node_modules/react-dom/cjs/react-dom.development.js:25789:22)
      at flushActQueue (node_modules/react/cjs/react.development.js:2667:24)
      at act (node_modules/react/cjs/react.development.js:2582:11)
      at node_modules/@testing-library/react/dist/act-compat.js:47:25
      at renderRoot (node_modules/@testing-library/react/dist/pure.js:190:26)
      at render (node_modules/@testing-library/react/dist/pure.js:292:10)
      at Object.<anonymous> (components/__tests__/TimelineModal.test.tsx:101:11)

    console.error
      Error: Uncaught [Error: Element type is invalid: expected a string (for built-in components) or a class/function (for composite components) but got: undefined. You likely forgot to export your component from the file it's defined in, or you might have mixed up default and named imports.
      
      Check the render method of `TimelineModal`.]
          at reportException (C:\Users\alexi\Documents\projects\maicivy\frontend\node_modules\jsdom\lib\jsdom\living\helpers\runtime-script-errors.js:66:24)
          at innerInvokeEventListeners (C:\Users\alexi\Documents\projects\maicivy\frontend\node_modules\jsdom\lib\jsdom\living\events\EventTarget-impl.js:353:9)
          at invokeEventListeners (C:\Users\alexi\Documents\projects\maicivy\frontend\node_modules\jsdom\lib\jsdom\living\events\EventTarget-impl.js:286:3)
          at HTMLUnknownElementImpl._dispatch (C:\Users\alexi\Documents\projects\maicivy\frontend\node_modules\jsdom\lib\jsdom\living\events\EventTarget-impl.js:233:9)
          at HTMLUnknownElementImpl.dispatchEvent (C:\Users\alexi\Documents\projects\maicivy\frontend\node_modules\jsdom\lib\jsdom\living\events\EventTarget-impl.js:104:17)
          at HTMLUnknownElement.dispatchEvent (C:\Users\alexi\Documents\projects\maicivy\frontend\node_modules\jsdom\lib\jsdom\living\generated\EventTarget.js:241:34)
          at Object.invokeGuardedCallbackDev (C:\Users\alexi\Documents\projects\maicivy\frontend\node_modules\react-dom\cjs\react-dom.development.js:4213:16)
          at invokeGuardedCallback (C:\Users\alexi\Documents\projects\maicivy\frontend\node_modules\react-dom\cjs\react-dom.development.js:4277:31)
          at beginWork$1 (C:\Users\alexi\Documents\projects\maicivy\frontend\node_modules\react-dom\cjs\react-dom.development.js:27490:7)
          at performUnitOfWork (C:\Users\alexi\Documents\projects\maicivy\frontend\node_modules\react-dom\cjs\react-dom.development.js:26599:12)
          at workLoopSync (C:\Users\alexi\Documents\projects\maicivy\frontend\node_modules\react-dom\cjs\react-dom.development.js:26505:5)
          at renderRootSync (C:\Users\alexi\Documents\projects\maicivy\frontend\node_modules\react-dom\cjs\react-dom.development.js:26473:7)
          at recoverFromConcurrentError (C:\Users\alexi\Documents\projects\maicivy\frontend\node_modules\react-dom\cjs\react-dom.development.js:25889:20)
          at performConcurrentWorkOnRoot (C:\Users\alexi\Documents\projects\maicivy\frontend\node_modules\react-dom\cjs\react-dom.development.js:25789:22)
          at flushActQueue (C:\Users\alexi\Documents\projects\maicivy\frontend\node_modules\react\cjs\react.development.js:2667:24)
          at act (C:\Users\alexi\Documents\projects\maicivy\frontend\node_modules\react\cjs\react.development.js:2582:11)
          at C:\Users\alexi\Documents\projects\maicivy\frontend\node_modules\@testing-library\react\dist\act-compat.js:47:25
          at renderRoot (C:\Users\alexi\Documents\projects\maicivy\frontend\node_modules\@testing-library\react\dist\pure.js:190:26)
          at render (C:\Users\alexi\Documents\projects\maicivy\frontend\node_modules\@testing-library\react\dist\pure.js:292:10)
          at Object.<anonymous> (C:\Users\alexi\Documents\projects\maicivy\frontend\components\__tests__\TimelineModal.test.tsx:101:11)
          at Promise.finally.completed (C:\Users\alexi\Documents\projects\maicivy\frontend\node_modules\jest-circus\build\jestAdapterInit.js:1557:28)
          at new Promise (<anonymous>)
          at callAsyncCircusFn (C:\Users\alexi\Documents\projects\maicivy\frontend\node_modules\jest-circus\build\jestAdapterInit.js:1497:10)
          at _callCircusTest (C:\Users\alexi\Documents\projects\maicivy\frontend\node_modules\jest-circus\build\jestAdapterInit.js:1007:40)
          at processTicksAndRejections (node:internal/process/task_queues:103:5)
          at _runTest (C:\Users\alexi\Documents\projects\maicivy\frontend\node_modules\jest-circus\build\jestAdapterInit.js:947:3)
          at C:\Users\alexi\Documents\projects\maicivy\frontend\node_modules\jest-circus\build\jestAdapterInit.js:849:7
          at _runTestsForDescribeBlock (C:\Users\alexi\Documents\projects\maicivy\frontend\node_modules\jest-circus\build\jestAdapterInit.js:862:11)
          at _runTestsForDescribeBlock (C:\Users\alexi\Documents\projects\maicivy\frontend\node_modules\jest-circus\build\jestAdapterInit.js:857:11)
          at run (C:\Users\alexi\Documents\projects\maicivy\frontend\node_modules\jest-circus\build\jestAdapterInit.js:761:3)
          at runAndTransformResultsToJestFormat (C:\Users\alexi\Documents\projects\maicivy\frontend\node_modules\jest-circus\build\jestAdapterInit.js:1918:21)
          at jestAdapter (C:\Users\alexi\Documents\projects\maicivy\frontend\node_modules\jest-circus\build\runner.js:101:19)
          at runTestInternal (C:\Users\alexi\Documents\projects\maicivy\frontend\node_modules\jest-runner\build\testWorker.js:275:16)
          at runTest (C:\Users\alexi\Documents\projects\maicivy\frontend\node_modules\jest-runner\build\testWorker.js:343:7)
          at Object.worker (C:\Users\alexi\Documents\projects\maicivy\frontend\node_modules\jest-runner\build\testWorker.js:497:12) {
        detail: Error: Element type is invalid: expected a string (for built-in components) or a class/function (for composite components) but got: undefined. You likely forgot to export your component from the file it's defined in, or you might have mixed up default and named imports.
        
        Check the render method of `TimelineModal`.
            at createFiberFromTypeAndProps (C:\Users\alexi\Documents\projects\maicivy\frontend\node_modules\react-dom\cjs\react-dom.development.js:28478:17)
            at createFiberFromElement (C:\Users\alexi\Documents\projects\maicivy\frontend\node_modules\react-dom\cjs\react-dom.development.js:28504:15)
            at createChild (C:\Users\alexi\Documents\projects\maicivy\frontend\node_modules\react-dom\cjs\react-dom.development.js:13345:28)
            at reconcileChildrenArray (C:\Users\alexi\Documents\projects\maicivy\frontend\node_modules\react-dom\cjs\react-dom.development.js:13640:25)
            at reconcileChildFibers (C:\Users\alexi\Documents\projects\maicivy\frontend\node_modules\react-dom\cjs\react-dom.development.js:14057:16)
            at reconcileChildren (C:\Users\alexi\Documents\projects\maicivy\frontend\node_modules\react-dom\cjs\react-dom.development.js:19186:28)
            at updateHostComponent (C:\Users\alexi\Documents\projects\maicivy\frontend\node_modules\react-dom\cjs\react-dom.development.js:19953:3)
            at beginWork (C:\Users\alexi\Documents\projects\maicivy\frontend\node_modules\react-dom\cjs\react-dom.development.js:21657:14)
            at HTMLUnknownElement.callCallback (C:\Users\alexi\Documents\projects\maicivy\frontend\node_modules\react-dom\cjs\react-dom.development.js:4164:14)
            at HTMLUnknownElement.callTheUserObjectsOperation (C:\Users\alexi\Documents\projects\maicivy\frontend\node_modules\jsdom\lib\jsdom\living\generated\EventListener.js:26:30)
            at innerInvokeEventListeners (C:\Users\alexi\Documents\projects\maicivy\frontend\node_modules\jsdom\lib\jsdom\living\events\EventTarget-impl.js:350:25)
            at invokeEventListeners (C:\Users\alexi\Documents\projects\maicivy\frontend\node_modules\jsdom\lib\jsdom\living\events\EventTarget-impl.js:286:3)
            at HTMLUnknownElementImpl._dispatch (C:\Users\alexi\Documents\projects\maicivy\frontend\node_modules\jsdom\lib\jsdom\living\events\EventTarget-impl.js:233:9)
            at HTMLUnknownElementImpl.dispatchEvent (C:\Users\alexi\Documents\projects\maicivy\frontend\node_modules\jsdom\lib\jsdom\living\events\EventTarget-impl.js:104:17)
            at HTMLUnknownElement.dispatchEvent (C:\Users\alexi\Documents\projects\maicivy\frontend\node_modules\jsdom\lib\jsdom\living\generated\EventTarget.js:241:34)
            at Object.invokeGuardedCallbackDev (C:\Users\alexi\Documents\projects\maicivy\frontend\node_modules\react-dom\cjs\react-dom.development.js:4213:16)
            at invokeGuardedCallback (C:\Users\alexi\Documents\projects\maicivy\frontend\node_modules\react-dom\cjs\react-dom.development.js:4277:31)
            at beginWork$1 (C:\Users\alexi\Documents\projects\maicivy\frontend\node_modules\react-dom\cjs\react-dom.development.js:27490:7)
            at performUnitOfWork (C:\Users\alexi\Documents\projects\maicivy\frontend\node_modules\react-dom\cjs\react-dom.development.js:26599:12)
            at workLoopSync (C:\Users\alexi\Documents\projects\maicivy\frontend\node_modules\react-dom\cjs\react-dom.development.js:26505:5)
            at renderRootSync (C:\Users\alexi\Documents\projects\maicivy\frontend\node_modules\react-dom\cjs\react-dom.development.js:26473:7)
            at recoverFromConcurrentError (C:\Users\alexi\Documents\projects\maicivy\frontend\node_modules\react-dom\cjs\react-dom.development.js:25889:20)
            at performConcurrentWorkOnRoot (C:\Users\alexi\Documents\projects\maicivy\frontend\node_modules\react-dom\cjs\react-dom.development.js:25789:22)
            at flushActQueue (C:\Users\alexi\Documents\projects\maicivy\frontend\node_modules\react\cjs\react.development.js:2667:24)
            at act (C:\Users\alexi\Documents\projects\maicivy\frontend\node_modules\react\cjs\react.development.js:2582:11)
            at C:\Users\alexi\Documents\projects\maicivy\frontend\node_modules\@testing-library\react\dist\act-compat.js:47:25
            at renderRoot (C:\Users\alexi\Documents\projects\maicivy\frontend\node_modules\@testing-library\react\dist\pure.js:190:26)
            at render (C:\Users\alexi\Documents\projects\maicivy\frontend\node_modules\@testing-library\react\dist\pure.js:292:10)
            at Object.<anonymous> (C:\Users\alexi\Documents\projects\maicivy\frontend\components\__tests__\TimelineModal.test.tsx:101:11)
            at Promise.finally.completed (C:\Users\alexi\Documents\projects\maicivy\frontend\node_modules\jest-circus\build\jestAdapterInit.js:1557:28)
            at new Promise (<anonymous>)
            at callAsyncCircusFn (C:\Users\alexi\Documents\projects\maicivy\frontend\node_modules\jest-circus\build\jestAdapterInit.js:1497:10)
            at _callCircusTest (C:\Users\alexi\Documents\projects\maicivy\frontend\node_modules\jest-circus\build\jestAdapterInit.js:1007:40)
            at processTicksAndRejections (node:internal/process/task_queues:103:5)
            at _runTest (C:\Users\alexi\Documents\projects\maicivy\frontend\node_modules\jest-circus\build\jestAdapterInit.js:947:3)
            at C:\Users\alexi\Documents\projects\maicivy\frontend\node_modules\jest-circus\build\jestAdapterInit.js:849:7
            at _runTestsForDescribeBlock (C:\Users\alexi\Documents\projects\maicivy\frontend\node_modules\jest-circus\build\jestAdapterInit.js:862:11)
            at _runTestsForDescribeBlock (C:\Users\alexi\Documents\projects\maicivy\frontend\node_modules\jest-circus\build\jestAdapterInit.js:857:11)
            at run (C:\Users\alexi\Documents\projects\maicivy\frontend\node_modules\jest-circus\build\jestAdapterInit.js:761:3)
            at runAndTransformResultsToJestFormat (C:\Users\alexi\Documents\projects\maicivy\frontend\node_modules\jest-circus\build\jestAdapterInit.js:1918:21)
            at jestAdapter (C:\Users\alexi\Documents\projects\maicivy\frontend\node_modules\jest-circus\build\runner.js:101:19)
            at runTestInternal (C:\Users\alexi\Documents\projects\maicivy\frontend\node_modules\jest-runner\build\testWorker.js:275:16)
            at runTest (C:\Users\alexi\Documents\projects\maicivy\frontend\node_modules\jest-runner\build\testWorker.js:343:7)
            at Object.worker (C:\Users\alexi\Documents\projects\maicivy\frontend\node_modules\jest-runner\build\testWorker.js:497:12),
        type: 'unhandled exception'
      }

    [0m [90m  99 |[39m
     [90m 100 |[39m   it([32m'should display duration'[39m[33m,[39m () [33m=>[39m {
    [31m[1m>[22m[39m[90m 101 |[39m     render([33m<[39m[33mTimelineModal[39m event[33m=[39m{mockEvent} onClose[33m=[39m{jest[33m.[39mfn()} [33m/[39m[33m>[39m)[33m;[39m
     [90m     |[39m           [31m[1m^[22m[39m
     [90m 102 |[39m
     [90m 103 |[39m     expect(screen[33m.[39mgetByText([32m'1.5 years'[39m))[33m.[39mtoBeInTheDocument()[33m;[39m
     [90m 104 |[39m     expect(screen[33m.[39mgetByTestId([32m'mappin-icon'[39m))[33m.[39mtoBeInTheDocument()[33m;[39m[0m

      at VirtualConsole.<anonymous> (node_modules/@jest/environment-jsdom-abstract/build/index.js:87:23)
      at reportException (node_modules/jsdom/lib/jsdom/living/helpers/runtime-script-errors.js:70:28)
      at innerInvokeEventListeners (node_modules/jsdom/lib/jsdom/living/events/EventTarget-impl.js:353:9)
      at invokeEventListeners (node_modules/jsdom/lib/jsdom/living/events/EventTarget-impl.js:286:3)
      at HTMLUnknownElementImpl._dispatch (node_modules/jsdom/lib/jsdom/living/events/EventTarget-impl.js:233:9)
      at HTMLUnknownElementImpl.dispatchEvent (node_modules/jsdom/lib/jsdom/living/events/EventTarget-impl.js:104:17)
      at HTMLUnknownElement.dispatchEvent (node_modules/jsdom/lib/jsdom/living/generated/EventTarget.js:241:34)
      at Object.invokeGuardedCallbackDev (node_modules/react-dom/cjs/react-dom.development.js:4213:16)
      at invokeGuardedCallback (node_modules/react-dom/cjs/react-dom.development.js:4277:31)
      at beginWork$1 (node_modules/react-dom/cjs/react-dom.development.js:27490:7)
      at performUnitOfWork (node_modules/react-dom/cjs/react-dom.development.js:26599:12)
      at workLoopSync (node_modules/react-dom/cjs/react-dom.development.js:26505:5)
      at renderRootSync (node_modules/react-dom/cjs/react-dom.development.js:26473:7)
      at recoverFromConcurrentError (node_modules/react-dom/cjs/react-dom.development.js:25889:20)
      at performConcurrentWorkOnRoot (node_modules/react-dom/cjs/react-dom.development.js:25789:22)
      at flushActQueue (node_modules/react/cjs/react.development.js:2667:24)
      at act (node_modules/react/cjs/react.development.js:2582:11)
      at node_modules/@testing-library/react/dist/act-compat.js:47:25
      at renderRoot (node_modules/@testing-library/react/dist/pure.js:190:26)
      at render (node_modules/@testing-library/react/dist/pure.js:292:10)
      at Object.<anonymous> (components/__tests__/TimelineModal.test.tsx:101:11)

    console.error
      The above error occurred in the <div> component:
      
          at div
          at div
          at div
          at div
          at children (C:\Users\alexi\Documents\projects\maicivy\frontend\components\__tests__\TimelineModal.test.tsx:8:13)
          at div
          at children (C:\Users\alexi\Documents\projects\maicivy\frontend\components\__tests__\TimelineModal.test.tsx:8:13)
          at children (C:\Users\alexi\Documents\projects\maicivy\frontend\components\__tests__\TimelineModal.test.tsx:12:23)
          at event (C:\Users\alexi\Documents\projects\maicivy\frontend\components\timeline\TimelineModal.tsx:13:56)
      
      Consider adding an error boundary to your tree to customize error handling behavior.
      Visit https://reactjs.org/link/error-boundaries to learn more about error boundaries.

    [0m [90m  99 |[39m
     [90m 100 |[39m   it([32m'should display duration'[39m[33m,[39m () [33m=>[39m {
    [31m[1m>[22m[39m[90m 101 |[39m     render([33m<[39m[33mTimelineModal[39m event[33m=[39m{mockEvent} onClose[33m=[39m{jest[33m.[39mfn()} [33m/[39m[33m>[39m)[33m;[39m
     [90m     |[39m           [31m[1m^[22m[39m
     [90m 102 |[39m
     [90m 103 |[39m     expect(screen[33m.[39mgetByText([32m'1.5 years'[39m))[33m.[39mtoBeInTheDocument()[33m;[39m
     [90m 104 |[39m     expect(screen[33m.[39mgetByTestId([32m'mappin-icon'[39m))[33m.[39mtoBeInTheDocument()[33m;[39m[0m

      at logCapturedError (node_modules/react-dom/cjs/react-dom.development.js:18704:23)
      at update.callback (node_modules/react-dom/cjs/react-dom.development.js:18737:5)
      at callCallback (node_modules/react-dom/cjs/react-dom.development.js:15036:12)
      at commitUpdateQueue (node_modules/react-dom/cjs/react-dom.development.js:15057:9)
      at commitLayoutEffectOnFiber (node_modules/react-dom/cjs/react-dom.development.js:23430:13)
      at commitLayoutMountEffects_complete (node_modules/react-dom/cjs/react-dom.development.js:24727:9)
      at commitLayoutEffects_begin (node_modules/react-dom/cjs/react-dom.development.js:24713:7)
      at commitLayoutEffects (node_modules/react-dom/cjs/react-dom.development.js:24651:3)
      at commitRootImpl (node_modules/react-dom/cjs/react-dom.development.js:26862:5)
      at commitRoot (node_modules/react-dom/cjs/react-dom.development.js:26721:5)
      at finishConcurrentRender (node_modules/react-dom/cjs/react-dom.development.js:25931:9)
      at performConcurrentWorkOnRoot (node_modules/react-dom/cjs/react-dom.development.js:25848:7)
      at flushActQueue (node_modules/react/cjs/react.development.js:2667:24)
      at act (node_modules/react/cjs/react.development.js:2582:11)
      at node_modules/@testing-library/react/dist/act-compat.js:47:25
      at renderRoot (node_modules/@testing-library/react/dist/pure.js:190:26)
      at render (node_modules/@testing-library/react/dist/pure.js:292:10)
      at Object.<anonymous> (components/__tests__/TimelineModal.test.tsx:101:11)

    console.error
      Warning: React.jsx: type is invalid -- expected a string (for built-in components) or a class/function (for composite components) but got: undefined. You likely forgot to export your component from the file it's defined in, or you might have mixed up default and named imports.
      
      Check the render method of `TimelineModal`.
          at event (C:\Users\alexi\Documents\projects\maicivy\frontend\components\timeline\TimelineModal.tsx:13:56)

    [0m [90m 151 |[39m                 [33m<[39m[33mdiv[39m className[33m=[39m[32m"flex flex-wrap gap-2"[39m[33m>[39m
     [90m 152 |[39m                   {event[33m.[39mtags[33m.[39mmap((tag) [33m=>[39m (
    [31m[1m>[22m[39m[90m 153 |[39m                     [33m<[39m[33mmotion[39m[33m.[39mspan
     [90m     |[39m                     [31m[1m^[22m[39m
     [90m 154 |[39m                       key[33m=[39m{tag}
     [90m 155 |[39m                       whileHover[33m=[39m{{ scale[33m:[39m [35m1.05[39m }}
     [90m 156 |[39m                       className[33m=[39m[32m"px-4 py-2 bg-blue-500 text-white text-sm font-medium rounded-full shadow-sm"[39m[0m

      at printWarning (node_modules/react/cjs/react-jsx-runtime.development.js:87:30)
      at error (node_modules/react/cjs/react-jsx-runtime.development.js:61:7)
      at jsxWithValidation (node_modules/react/cjs/react-jsx-runtime.development.js:1245:7)
      at jsxWithValidationDynamic (node_modules/react/cjs/react-jsx-runtime.development.js:1320:12)
      at components/timeline/TimelineModal.tsx:153:21
          at Array.map (<anonymous>)
      at map (components/timeline/TimelineModal.tsx:152:31)
      at renderWithHooks (node_modules/react-dom/cjs/react-dom.development.js:15486:18)
      at mountIndeterminateComponent (node_modules/react-dom/cjs/react-dom.development.js:20103:13)
      at beginWork (node_modules/react-dom/cjs/react-dom.development.js:21626:16)
      at beginWork$1 (node_modules/react-dom/cjs/react-dom.development.js:27465:14)
      at performUnitOfWork (node_modules/react-dom/cjs/react-dom.development.js:26599:12)
      at workLoopSync (node_modules/react-dom/cjs/react-dom.development.js:26505:5)
      at renderRootSync (node_modules/react-dom/cjs/react-dom.development.js:26473:7)
      at performConcurrentWorkOnRoot (node_modules/react-dom/cjs/react-dom.development.js:25777:74)
      at flushActQueue (node_modules/react/cjs/react.development.js:2667:24)
      at act (node_modules/react/cjs/react.development.js:2582:11)
      at node_modules/@testing-library/react/dist/act-compat.js:47:25
      at renderRoot (node_modules/@testing-library/react/dist/pure.js:190:26)
      at render (node_modules/@testing-library/react/dist/pure.js:292:10)
      at Object.<anonymous> (components/__tests__/TimelineModal.test.tsx:108:11)

    console.error
      Warning: React.jsx: type is invalid -- expected a string (for built-in components) or a class/function (for composite components) but got: undefined. You likely forgot to export your component from the file it's defined in, or you might have mixed up default and named imports.
      
      Check the render method of `TimelineModal`.
          at event (C:\Users\alexi\Documents\projects\maicivy\frontend\components\timeline\TimelineModal.tsx:13:56)

    [0m [90m 151 |[39m                 [33m<[39m[33mdiv[39m className[33m=[39m[32m"flex flex-wrap gap-2"[39m[33m>[39m
     [90m 152 |[39m                   {event[33m.[39mtags[33m.[39mmap((tag) [33m=>[39m (
    [31m[1m>[22m[39m[90m 153 |[39m                     [33m<[39m[33mmotion[39m[33m.[39mspan
     [90m     |[39m                     [31m[1m^[22m[39m
     [90m 154 |[39m                       key[33m=[39m{tag}
     [90m 155 |[39m                       whileHover[33m=[39m{{ scale[33m:[39m [35m1.05[39m }}
     [90m 156 |[39m                       className[33m=[39m[32m"px-4 py-2 bg-blue-500 text-white text-sm font-medium rounded-full shadow-sm"[39m[0m

      at printWarning (node_modules/react/cjs/react-jsx-runtime.development.js:87:30)
      at error (node_modules/react/cjs/react-jsx-runtime.development.js:61:7)
      at jsxWithValidation (node_modules/react/cjs/react-jsx-runtime.development.js:1245:7)
      at jsxWithValidationDynamic (node_modules/react/cjs/react-jsx-runtime.development.js:1320:12)
      at components/timeline/TimelineModal.tsx:153:21
          at Array.map (<anonymous>)
      at map (components/timeline/TimelineModal.tsx:152:31)
      at renderWithHooks (node_modules/react-dom/cjs/react-dom.development.js:15486:18)
      at mountIndeterminateComponent (node_modules/react-dom/cjs/react-dom.development.js:20103:13)
      at beginWork (node_modules/react-dom/cjs/react-dom.development.js:21626:16)
      at beginWork$1 (node_modules/react-dom/cjs/react-dom.development.js:27465:14)
      at performUnitOfWork (node_modules/react-dom/cjs/react-dom.development.js:26599:12)
      at workLoopSync (node_modules/react-dom/cjs/react-dom.development.js:26505:5)
      at renderRootSync (node_modules/react-dom/cjs/react-dom.development.js:26473:7)
      at performConcurrentWorkOnRoot (node_modules/react-dom/cjs/react-dom.development.js:25777:74)
      at flushActQueue (node_modules/react/cjs/react.development.js:2667:24)
      at act (node_modules/react/cjs/react.development.js:2582:11)
      at node_modules/@testing-library/react/dist/act-compat.js:47:25
      at renderRoot (node_modules/@testing-library/react/dist/pure.js:190:26)
      at render (node_modules/@testing-library/react/dist/pure.js:292:10)
      at Object.<anonymous> (components/__tests__/TimelineModal.test.tsx:108:11)

    console.error
      Warning: React.jsx: type is invalid -- expected a string (for built-in components) or a class/function (for composite components) but got: undefined. You likely forgot to export your component from the file it's defined in, or you might have mixed up default and named imports.
      
      Check the render method of `TimelineModal`.
          at event (C:\Users\alexi\Documents\projects\maicivy\frontend\components\timeline\TimelineModal.tsx:13:56)

    [0m [90m 151 |[39m                 [33m<[39m[33mdiv[39m className[33m=[39m[32m"flex flex-wrap gap-2"[39m[33m>[39m
     [90m 152 |[39m                   {event[33m.[39mtags[33m.[39mmap((tag) [33m=>[39m (
    [31m[1m>[22m[39m[90m 153 |[39m                     [33m<[39m[33mmotion[39m[33m.[39mspan
     [90m     |[39m                     [31m[1m^[22m[39m
     [90m 154 |[39m                       key[33m=[39m{tag}
     [90m 155 |[39m                       whileHover[33m=[39m{{ scale[33m:[39m [35m1.05[39m }}
     [90m 156 |[39m                       className[33m=[39m[32m"px-4 py-2 bg-blue-500 text-white text-sm font-medium rounded-full shadow-sm"[39m[0m

      at printWarning (node_modules/react/cjs/react-jsx-runtime.development.js:87:30)
      at error (node_modules/react/cjs/react-jsx-runtime.development.js:61:7)
      at jsxWithValidation (node_modules/react/cjs/react-jsx-runtime.development.js:1245:7)
      at jsxWithValidationDynamic (node_modules/react/cjs/react-jsx-runtime.development.js:1320:12)
      at components/timeline/TimelineModal.tsx:153:21
          at Array.map (<anonymous>)
      at map (components/timeline/TimelineModal.tsx:152:31)
      at renderWithHooks (node_modules/react-dom/cjs/react-dom.development.js:15486:18)
      at mountIndeterminateComponent (node_modules/react-dom/cjs/react-dom.development.js:20103:13)
      at beginWork (node_modules/react-dom/cjs/react-dom.development.js:21626:16)
      at beginWork$1 (node_modules/react-dom/cjs/react-dom.development.js:27465:14)
      at performUnitOfWork (node_modules/react-dom/cjs/react-dom.development.js:26599:12)
      at workLoopSync (node_modules/react-dom/cjs/react-dom.development.js:26505:5)
      at renderRootSync (node_modules/react-dom/cjs/react-dom.development.js:26473:7)
      at performConcurrentWorkOnRoot (node_modules/react-dom/cjs/react-dom.development.js:25777:74)
      at flushActQueue (node_modules/react/cjs/react.development.js:2667:24)
      at act (node_modules/react/cjs/react.development.js:2582:11)
      at node_modules/@testing-library/react/dist/act-compat.js:47:25
      at renderRoot (node_modules/@testing-library/react/dist/pure.js:190:26)
      at render (node_modules/@testing-library/react/dist/pure.js:292:10)
      at Object.<anonymous> (components/__tests__/TimelineModal.test.tsx:108:11)

    console.error
      Warning: React.jsx: type is invalid -- expected a string (for built-in components) or a class/function (for composite components) but got: undefined. You likely forgot to export your component from the file it's defined in, or you might have mixed up default and named imports.
      
      Check the render method of `TimelineModal`.
          at event (C:\Users\alexi\Documents\projects\maicivy\frontend\components\timeline\TimelineModal.tsx:13:56)

    [0m [90m 151 |[39m                 [33m<[39m[33mdiv[39m className[33m=[39m[32m"flex flex-wrap gap-2"[39m[33m>[39m
     [90m 152 |[39m                   {event[33m.[39mtags[33m.[39mmap((tag) [33m=>[39m (
    [31m[1m>[22m[39m[90m 153 |[39m                     [33m<[39m[33mmotion[39m[33m.[39mspan
     [90m     |[39m                     [31m[1m^[22m[39m
     [90m 154 |[39m                       key[33m=[39m{tag}
     [90m 155 |[39m                       whileHover[33m=[39m{{ scale[33m:[39m [35m1.05[39m }}
     [90m 156 |[39m                       className[33m=[39m[32m"px-4 py-2 bg-blue-500 text-white text-sm font-medium rounded-full shadow-sm"[39m[0m

      at printWarning (node_modules/react/cjs/react-jsx-runtime.development.js:87:30)
      at error (node_modules/react/cjs/react-jsx-runtime.development.js:61:7)
      at jsxWithValidation (node_modules/react/cjs/react-jsx-runtime.development.js:1245:7)
      at jsxWithValidationDynamic (node_modules/react/cjs/react-jsx-runtime.development.js:1320:12)
      at components/timeline/TimelineModal.tsx:153:21
          at Array.map (<anonymous>)
      at map (components/timeline/TimelineModal.tsx:152:31)
      at renderWithHooks (node_modules/react-dom/cjs/react-dom.development.js:15486:18)
      at mountIndeterminateComponent (node_modules/react-dom/cjs/react-dom.development.js:20103:13)
      at beginWork (node_modules/react-dom/cjs/react-dom.development.js:21626:16)
      at beginWork$1 (node_modules/react-dom/cjs/react-dom.development.js:27465:14)
      at performUnitOfWork (node_modules/react-dom/cjs/react-dom.development.js:26599:12)
      at workLoopSync (node_modules/react-dom/cjs/react-dom.development.js:26505:5)
      at renderRootSync (node_modules/react-dom/cjs/react-dom.development.js:26473:7)
      at performConcurrentWorkOnRoot (node_modules/react-dom/cjs/react-dom.development.js:25777:74)
      at flushActQueue (node_modules/react/cjs/react.development.js:2667:24)
      at act (node_modules/react/cjs/react.development.js:2582:11)
      at node_modules/@testing-library/react/dist/act-compat.js:47:25
      at renderRoot (node_modules/@testing-library/react/dist/pure.js:190:26)
      at render (node_modules/@testing-library/react/dist/pure.js:292:10)
      at Object.<anonymous> (components/__tests__/TimelineModal.test.tsx:108:11)

    console.error
      Warning: React.jsx: type is invalid -- expected a string (for built-in components) or a class/function (for composite components) but got: undefined. You likely forgot to export your component from the file it's defined in, or you might have mixed up default and named imports.
      
      Check the render method of `TimelineModal`.
          at event (C:\Users\alexi\Documents\projects\maicivy\frontend\components\timeline\TimelineModal.tsx:13:56)

    [0m [90m 151 |[39m                 [33m<[39m[33mdiv[39m className[33m=[39m[32m"flex flex-wrap gap-2"[39m[33m>[39m
     [90m 152 |[39m                   {event[33m.[39mtags[33m.[39mmap((tag) [33m=>[39m (
    [31m[1m>[22m[39m[90m 153 |[39m                     [33m<[39m[33mmotion[39m[33m.[39mspan
     [90m     |[39m                     [31m[1m^[22m[39m
     [90m 154 |[39m                       key[33m=[39m{tag}
     [90m 155 |[39m                       whileHover[33m=[39m{{ scale[33m:[39m [35m1.05[39m }}
     [90m 156 |[39m                       className[33m=[39m[32m"px-4 py-2 bg-blue-500 text-white text-sm font-medium rounded-full shadow-sm"[39m[0m

      at printWarning (node_modules/react/cjs/react-jsx-runtime.development.js:87:30)
      at error (node_modules/react/cjs/react-jsx-runtime.development.js:61:7)
      at jsxWithValidation (node_modules/react/cjs/react-jsx-runtime.development.js:1245:7)
      at jsxWithValidationDynamic (node_modules/react/cjs/react-jsx-runtime.development.js:1320:12)
      at components/timeline/TimelineModal.tsx:153:21
          at Array.map (<anonymous>)
      at map (components/timeline/TimelineModal.tsx:152:31)
      at renderWithHooks (node_modules/react-dom/cjs/react-dom.development.js:15486:18)
      at mountIndeterminateComponent (node_modules/react-dom/cjs/react-dom.development.js:20103:13)
      at beginWork (node_modules/react-dom/cjs/react-dom.development.js:21626:16)
      at beginWork$1 (node_modules/react-dom/cjs/react-dom.development.js:27465:14)
      at performUnitOfWork (node_modules/react-dom/cjs/react-dom.development.js:26599:12)
      at workLoopSync (node_modules/react-dom/cjs/react-dom.development.js:26505:5)
      at renderRootSync (node_modules/react-dom/cjs/react-dom.development.js:26473:7)
      at performConcurrentWorkOnRoot (node_modules/react-dom/cjs/react-dom.development.js:25777:74)
      at flushActQueue (node_modules/react/cjs/react.development.js:2667:24)
      at act (node_modules/react/cjs/react.development.js:2582:11)
      at node_modules/@testing-library/react/dist/act-compat.js:47:25
      at renderRoot (node_modules/@testing-library/react/dist/pure.js:190:26)
      at render (node_modules/@testing-library/react/dist/pure.js:292:10)
      at Object.<anonymous> (components/__tests__/TimelineModal.test.tsx:108:11)

    console.error
      Error: Uncaught [Error: Element type is invalid: expected a string (for built-in components) or a class/function (for composite components) but got: undefined. You likely forgot to export your component from the file it's defined in, or you might have mixed up default and named imports.
      
      Check the render method of `TimelineModal`.]
          at reportException (C:\Users\alexi\Documents\projects\maicivy\frontend\node_modules\jsdom\lib\jsdom\living\helpers\runtime-script-errors.js:66:24)
          at innerInvokeEventListeners (C:\Users\alexi\Documents\projects\maicivy\frontend\node_modules\jsdom\lib\jsdom\living\events\EventTarget-impl.js:353:9)
          at invokeEventListeners (C:\Users\alexi\Documents\projects\maicivy\frontend\node_modules\jsdom\lib\jsdom\living\events\EventTarget-impl.js:286:3)
          at HTMLUnknownElementImpl._dispatch (C:\Users\alexi\Documents\projects\maicivy\frontend\node_modules\jsdom\lib\jsdom\living\events\EventTarget-impl.js:233:9)
          at HTMLUnknownElementImpl.dispatchEvent (C:\Users\alexi\Documents\projects\maicivy\frontend\node_modules\jsdom\lib\jsdom\living\events\EventTarget-impl.js:104:17)
          at HTMLUnknownElement.dispatchEvent (C:\Users\alexi\Documents\projects\maicivy\frontend\node_modules\jsdom\lib\jsdom\living\generated\EventTarget.js:241:34)
          at Object.invokeGuardedCallbackDev (C:\Users\alexi\Documents\projects\maicivy\frontend\node_modules\react-dom\cjs\react-dom.development.js:4213:16)
          at invokeGuardedCallback (C:\Users\alexi\Documents\projects\maicivy\frontend\node_modules\react-dom\cjs\react-dom.development.js:4277:31)
          at beginWork$1 (C:\Users\alexi\Documents\projects\maicivy\frontend\node_modules\react-dom\cjs\react-dom.development.js:27490:7)
          at performUnitOfWork (C:\Users\alexi\Documents\projects\maicivy\frontend\node_modules\react-dom\cjs\react-dom.development.js:26599:12)
          at workLoopSync (C:\Users\alexi\Documents\projects\maicivy\frontend\node_modules\react-dom\cjs\react-dom.development.js:26505:5)
          at renderRootSync (C:\Users\alexi\Documents\projects\maicivy\frontend\node_modules\react-dom\cjs\react-dom.development.js:26473:7)
          at performConcurrentWorkOnRoot (C:\Users\alexi\Documents\projects\maicivy\frontend\node_modules\react-dom\cjs\react-dom.development.js:25777:74)
          at flushActQueue (C:\Users\alexi\Documents\projects\maicivy\frontend\node_modules\react\cjs\react.development.js:2667:24)
          at act (C:\Users\alexi\Documents\projects\maicivy\frontend\node_modules\react\cjs\react.development.js:2582:11)
          at C:\Users\alexi\Documents\projects\maicivy\frontend\node_modules\@testing-library\react\dist\act-compat.js:47:25
          at renderRoot (C:\Users\alexi\Documents\projects\maicivy\frontend\node_modules\@testing-library\react\dist\pure.js:190:26)
          at render (C:\Users\alexi\Documents\projects\maicivy\frontend\node_modules\@testing-library\react\dist\pure.js:292:10)
          at Object.<anonymous> (C:\Users\alexi\Documents\projects\maicivy\frontend\components\__tests__\TimelineModal.test.tsx:108:11)
          at Promise.finally.completed (C:\Users\alexi\Documents\projects\maicivy\frontend\node_modules\jest-circus\build\jestAdapterInit.js:1557:28)
          at new Promise (<anonymous>)
          at callAsyncCircusFn (C:\Users\alexi\Documents\projects\maicivy\frontend\node_modules\jest-circus\build\jestAdapterInit.js:1497:10)
          at _callCircusTest (C:\Users\alexi\Documents\projects\maicivy\frontend\node_modules\jest-circus\build\jestAdapterInit.js:1007:40)
          at processTicksAndRejections (node:internal/process/task_queues:103:5)
          at _runTest (C:\Users\alexi\Documents\projects\maicivy\frontend\node_modules\jest-circus\build\jestAdapterInit.js:947:3)
          at C:\Users\alexi\Documents\projects\maicivy\frontend\node_modules\jest-circus\build\jestAdapterInit.js:849:7
          at _runTestsForDescribeBlock (C:\Users\alexi\Documents\projects\maicivy\frontend\node_modules\jest-circus\build\jestAdapterInit.js:862:11)
          at _runTestsForDescribeBlock (C:\Users\alexi\Documents\projects\maicivy\frontend\node_modules\jest-circus\build\jestAdapterInit.js:857:11)
          at run (C:\Users\alexi\Documents\projects\maicivy\frontend\node_modules\jest-circus\build\jestAdapterInit.js:761:3)
          at runAndTransformResultsToJestFormat (C:\Users\alexi\Documents\projects\maicivy\frontend\node_modules\jest-circus\build\jestAdapterInit.js:1918:21)
          at jestAdapter (C:\Users\alexi\Documents\projects\maicivy\frontend\node_modules\jest-circus\build\runner.js:101:19)
          at runTestInternal (C:\Users\alexi\Documents\projects\maicivy\frontend\node_modules\jest-runner\build\testWorker.js:275:16)
          at runTest (C:\Users\alexi\Documents\projects\maicivy\frontend\node_modules\jest-runner\build\testWorker.js:343:7)
          at Object.worker (C:\Users\alexi\Documents\projects\maicivy\frontend\node_modules\jest-runner\build\testWorker.js:497:12) {
        detail: Error: Element type is invalid: expected a string (for built-in components) or a class/function (for composite components) but got: undefined. You likely forgot to export your component from the file it's defined in, or you might have mixed up default and named imports.
        
        Check the render method of `TimelineModal`.
            at createFiberFromTypeAndProps (C:\Users\alexi\Documents\projects\maicivy\frontend\node_modules\react-dom\cjs\react-dom.development.js:28478:17)
            at createFiberFromElement (C:\Users\alexi\Documents\projects\maicivy\frontend\node_modules\react-dom\cjs\react-dom.development.js:28504:15)
            at createChild (C:\Users\alexi\Documents\projects\maicivy\frontend\node_modules\react-dom\cjs\react-dom.development.js:13345:28)
            at reconcileChildrenArray (C:\Users\alexi\Documents\projects\maicivy\frontend\node_modules\react-dom\cjs\react-dom.development.js:13640:25)
            at reconcileChildFibers (C:\Users\alexi\Documents\projects\maicivy\frontend\node_modules\react-dom\cjs\react-dom.development.js:14057:16)
            at reconcileChildren (C:\Users\alexi\Documents\projects\maicivy\frontend\node_modules\react-dom\cjs\react-dom.development.js:19186:28)
            at updateHostComponent (C:\Users\alexi\Documents\projects\maicivy\frontend\node_modules\react-dom\cjs\react-dom.development.js:19953:3)
            at beginWork (C:\Users\alexi\Documents\projects\maicivy\frontend\node_modules\react-dom\cjs\react-dom.development.js:21657:14)
            at HTMLUnknownElement.callCallback (C:\Users\alexi\Documents\projects\maicivy\frontend\node_modules\react-dom\cjs\react-dom.development.js:4164:14)
            at HTMLUnknownElement.callTheUserObjectsOperation (C:\Users\alexi\Documents\projects\maicivy\frontend\node_modules\jsdom\lib\jsdom\living\generated\EventListener.js:26:30)
            at innerInvokeEventListeners (C:\Users\alexi\Documents\projects\maicivy\frontend\node_modules\jsdom\lib\jsdom\living\events\EventTarget-impl.js:350:25)
            at invokeEventListeners (C:\Users\alexi\Documents\projects\maicivy\frontend\node_modules\jsdom\lib\jsdom\living\events\EventTarget-impl.js:286:3)
            at HTMLUnknownElementImpl._dispatch (C:\Users\alexi\Documents\projects\maicivy\frontend\node_modules\jsdom\lib\jsdom\living\events\EventTarget-impl.js:233:9)
            at HTMLUnknownElementImpl.dispatchEvent (C:\Users\alexi\Documents\projects\maicivy\frontend\node_modules\jsdom\lib\jsdom\living\events\EventTarget-impl.js:104:17)
            at HTMLUnknownElement.dispatchEvent (C:\Users\alexi\Documents\projects\maicivy\frontend\node_modules\jsdom\lib\jsdom\living\generated\EventTarget.js:241:34)
            at Object.invokeGuardedCallbackDev (C:\Users\alexi\Documents\projects\maicivy\frontend\node_modules\react-dom\cjs\react-dom.development.js:4213:16)
            at invokeGuardedCallback (C:\Users\alexi\Documents\projects\maicivy\frontend\node_modules\react-dom\cjs\react-dom.development.js:4277:31)
            at beginWork$1 (C:\Users\alexi\Documents\projects\maicivy\frontend\node_modules\react-dom\cjs\react-dom.development.js:27490:7)
            at performUnitOfWork (C:\Users\alexi\Documents\projects\maicivy\frontend\node_modules\react-dom\cjs\react-dom.development.js:26599:12)
            at workLoopSync (C:\Users\alexi\Documents\projects\maicivy\frontend\node_modules\react-dom\cjs\react-dom.development.js:26505:5)
            at renderRootSync (C:\Users\alexi\Documents\projects\maicivy\frontend\node_modules\react-dom\cjs\react-dom.development.js:26473:7)
            at performConcurrentWorkOnRoot (C:\Users\alexi\Documents\projects\maicivy\frontend\node_modules\react-dom\cjs\react-dom.development.js:25777:74)
            at flushActQueue (C:\Users\alexi\Documents\projects\maicivy\frontend\node_modules\react\cjs\react.development.js:2667:24)
            at act (C:\Users\alexi\Documents\projects\maicivy\frontend\node_modules\react\cjs\react.development.js:2582:11)
            at C:\Users\alexi\Documents\projects\maicivy\frontend\node_modules\@testing-library\react\dist\act-compat.js:47:25
            at renderRoot (C:\Users\alexi\Documents\projects\maicivy\frontend\node_modules\@testing-library\react\dist\pure.js:190:26)
            at render (C:\Users\alexi\Documents\projects\maicivy\frontend\node_modules\@testing-library\react\dist\pure.js:292:10)
            at Object.<anonymous> (C:\Users\alexi\Documents\projects\maicivy\frontend\components\__tests__\TimelineModal.test.tsx:108:11)
            at Promise.finally.completed (C:\Users\alexi\Documents\projects\maicivy\frontend\node_modules\jest-circus\build\jestAdapterInit.js:1557:28)
            at new Promise (<anonymous>)
            at callAsyncCircusFn (C:\Users\alexi\Documents\projects\maicivy\frontend\node_modules\jest-circus\build\jestAdapterInit.js:1497:10)
            at _callCircusTest (C:\Users\alexi\Documents\projects\maicivy\frontend\node_modules\jest-circus\build\jestAdapterInit.js:1007:40)
            at processTicksAndRejections (node:internal/process/task_queues:103:5)
            at _runTest (C:\Users\alexi\Documents\projects\maicivy\frontend\node_modules\jest-circus\build\jestAdapterInit.js:947:3)
            at C:\Users\alexi\Documents\projects\maicivy\frontend\node_modules\jest-circus\build\jestAdapterInit.js:849:7
            at _runTestsForDescribeBlock (C:\Users\alexi\Documents\projects\maicivy\frontend\node_modules\jest-circus\build\jestAdapterInit.js:862:11)
            at _runTestsForDescribeBlock (C:\Users\alexi\Documents\projects\maicivy\frontend\node_modules\jest-circus\build\jestAdapterInit.js:857:11)
            at run (C:\Users\alexi\Documents\projects\maicivy\frontend\node_modules\jest-circus\build\jestAdapterInit.js:761:3)
            at runAndTransformResultsToJestFormat (C:\Users\alexi\Documents\projects\maicivy\frontend\node_modules\jest-circus\build\jestAdapterInit.js:1918:21)
            at jestAdapter (C:\Users\alexi\Documents\projects\maicivy\frontend\node_modules\jest-circus\build\runner.js:101:19)
            at runTestInternal (C:\Users\alexi\Documents\projects\maicivy\frontend\node_modules\jest-runner\build\testWorker.js:275:16)
            at runTest (C:\Users\alexi\Documents\projects\maicivy\frontend\node_modules\jest-runner\build\testWorker.js:343:7)
            at Object.worker (C:\Users\alexi\Documents\projects\maicivy\frontend\node_modules\jest-runner\build\testWorker.js:497:12),
        type: 'unhandled exception'
      }

    [0m [90m 106 |[39m
     [90m 107 |[39m   it([32m'should render event image when provided'[39m[33m,[39m () [33m=>[39m {
    [31m[1m>[22m[39m[90m 108 |[39m     render([33m<[39m[33mTimelineModal[39m event[33m=[39m{mockEvent} onClose[33m=[39m{jest[33m.[39mfn()} [33m/[39m[33m>[39m)[33m;[39m
     [90m     |[39m           [31m[1m^[22m[39m
     [90m 109 |[39m
     [90m 110 |[39m     [36mconst[39m image [33m=[39m screen[33m.[39mgetByAltText([32m'E-commerce Platform'[39m)[33m;[39m
     [90m 111 |[39m     expect(image)[33m.[39mtoBeInTheDocument()[33m;[39m[0m

      at VirtualConsole.<anonymous> (node_modules/@jest/environment-jsdom-abstract/build/index.js:87:23)
      at reportException (node_modules/jsdom/lib/jsdom/living/helpers/runtime-script-errors.js:70:28)
      at innerInvokeEventListeners (node_modules/jsdom/lib/jsdom/living/events/EventTarget-impl.js:353:9)
      at invokeEventListeners (node_modules/jsdom/lib/jsdom/living/events/EventTarget-impl.js:286:3)
      at HTMLUnknownElementImpl._dispatch (node_modules/jsdom/lib/jsdom/living/events/EventTarget-impl.js:233:9)
      at HTMLUnknownElementImpl.dispatchEvent (node_modules/jsdom/lib/jsdom/living/events/EventTarget-impl.js:104:17)
      at HTMLUnknownElement.dispatchEvent (node_modules/jsdom/lib/jsdom/living/generated/EventTarget.js:241:34)
      at Object.invokeGuardedCallbackDev (node_modules/react-dom/cjs/react-dom.development.js:4213:16)
      at invokeGuardedCallback (node_modules/react-dom/cjs/react-dom.development.js:4277:31)
      at beginWork$1 (node_modules/react-dom/cjs/react-dom.development.js:27490:7)
      at performUnitOfWork (node_modules/react-dom/cjs/react-dom.development.js:26599:12)
      at workLoopSync (node_modules/react-dom/cjs/react-dom.development.js:26505:5)
      at renderRootSync (node_modules/react-dom/cjs/react-dom.development.js:26473:7)
      at performConcurrentWorkOnRoot (node_modules/react-dom/cjs/react-dom.development.js:25777:74)
      at flushActQueue (node_modules/react/cjs/react.development.js:2667:24)
      at act (node_modules/react/cjs/react.development.js:2582:11)
      at node_modules/@testing-library/react/dist/act-compat.js:47:25
      at renderRoot (node_modules/@testing-library/react/dist/pure.js:190:26)
      at render (node_modules/@testing-library/react/dist/pure.js:292:10)
      at Object.<anonymous> (components/__tests__/TimelineModal.test.tsx:108:11)

    console.error
      Warning: React.jsx: type is invalid -- expected a string (for built-in components) or a class/function (for composite components) but got: undefined. You likely forgot to export your component from the file it's defined in, or you might have mixed up default and named imports.
      
      Check the render method of `TimelineModal`.
          at event (C:\Users\alexi\Documents\projects\maicivy\frontend\components\timeline\TimelineModal.tsx:13:56)

    [0m [90m 151 |[39m                 [33m<[39m[33mdiv[39m className[33m=[39m[32m"flex flex-wrap gap-2"[39m[33m>[39m
     [90m 152 |[39m                   {event[33m.[39mtags[33m.[39mmap((tag) [33m=>[39m (
    [31m[1m>[22m[39m[90m 153 |[39m                     [33m<[39m[33mmotion[39m[33m.[39mspan
     [90m     |[39m                     [31m[1m^[22m[39m
     [90m 154 |[39m                       key[33m=[39m{tag}
     [90m 155 |[39m                       whileHover[33m=[39m{{ scale[33m:[39m [35m1.05[39m }}
     [90m 156 |[39m                       className[33m=[39m[32m"px-4 py-2 bg-blue-500 text-white text-sm font-medium rounded-full shadow-sm"[39m[0m

      at printWarning (node_modules/react/cjs/react-jsx-runtime.development.js:87:30)
      at error (node_modules/react/cjs/react-jsx-runtime.development.js:61:7)
      at jsxWithValidation (node_modules/react/cjs/react-jsx-runtime.development.js:1245:7)
      at jsxWithValidationDynamic (node_modules/react/cjs/react-jsx-runtime.development.js:1320:12)
      at components/timeline/TimelineModal.tsx:153:21
          at Array.map (<anonymous>)
      at map (components/timeline/TimelineModal.tsx:152:31)
      at renderWithHooks (node_modules/react-dom/cjs/react-dom.development.js:15486:18)
      at mountIndeterminateComponent (node_modules/react-dom/cjs/react-dom.development.js:20103:13)
      at beginWork (node_modules/react-dom/cjs/react-dom.development.js:21626:16)
      at beginWork$1 (node_modules/react-dom/cjs/react-dom.development.js:27465:14)
      at performUnitOfWork (node_modules/react-dom/cjs/react-dom.development.js:26599:12)
      at workLoopSync (node_modules/react-dom/cjs/react-dom.development.js:26505:5)
      at renderRootSync (node_modules/react-dom/cjs/react-dom.development.js:26473:7)
      at recoverFromConcurrentError (node_modules/react-dom/cjs/react-dom.development.js:25889:20)
      at performConcurrentWorkOnRoot (node_modules/react-dom/cjs/react-dom.development.js:25789:22)
      at flushActQueue (node_modules/react/cjs/react.development.js:2667:24)
      at act (node_modules/react/cjs/react.development.js:2582:11)
      at node_modules/@testing-library/react/dist/act-compat.js:47:25
      at renderRoot (node_modules/@testing-library/react/dist/pure.js:190:26)
      at render (node_modules/@testing-library/react/dist/pure.js:292:10)
      at Object.<anonymous> (components/__tests__/TimelineModal.test.tsx:108:11)

    console.error
      Warning: React.jsx: type is invalid -- expected a string (for built-in components) or a class/function (for composite components) but got: undefined. You likely forgot to export your component from the file it's defined in, or you might have mixed up default and named imports.
      
      Check the render method of `TimelineModal`.
          at event (C:\Users\alexi\Documents\projects\maicivy\frontend\components\timeline\TimelineModal.tsx:13:56)

    [0m [90m 151 |[39m                 [33m<[39m[33mdiv[39m className[33m=[39m[32m"flex flex-wrap gap-2"[39m[33m>[39m
     [90m 152 |[39m                   {event[33m.[39mtags[33m.[39mmap((tag) [33m=>[39m (
    [31m[1m>[22m[39m[90m 153 |[39m                     [33m<[39m[33mmotion[39m[33m.[39mspan
     [90m     |[39m                     [31m[1m^[22m[39m
     [90m 154 |[39m                       key[33m=[39m{tag}
     [90m 155 |[39m                       whileHover[33m=[39m{{ scale[33m:[39m [35m1.05[39m }}
     [90m 156 |[39m                       className[33m=[39m[32m"px-4 py-2 bg-blue-500 text-white text-sm font-medium rounded-full shadow-sm"[39m[0m

      at printWarning (node_modules/react/cjs/react-jsx-runtime.development.js:87:30)
      at error (node_modules/react/cjs/react-jsx-runtime.development.js:61:7)
      at jsxWithValidation (node_modules/react/cjs/react-jsx-runtime.development.js:1245:7)
      at jsxWithValidationDynamic (node_modules/react/cjs/react-jsx-runtime.development.js:1320:12)
      at components/timeline/TimelineModal.tsx:153:21
          at Array.map (<anonymous>)
      at map (components/timeline/TimelineModal.tsx:152:31)
      at renderWithHooks (node_modules/react-dom/cjs/react-dom.development.js:15486:18)
      at mountIndeterminateComponent (node_modules/react-dom/cjs/react-dom.development.js:20103:13)
      at beginWork (node_modules/react-dom/cjs/react-dom.development.js:21626:16)
      at beginWork$1 (node_modules/react-dom/cjs/react-dom.development.js:27465:14)
      at performUnitOfWork (node_modules/react-dom/cjs/react-dom.development.js:26599:12)
      at workLoopSync (node_modules/react-dom/cjs/react-dom.development.js:26505:5)
      at renderRootSync (node_modules/react-dom/cjs/react-dom.development.js:26473:7)
      at recoverFromConcurrentError (node_modules/react-dom/cjs/react-dom.development.js:25889:20)
      at performConcurrentWorkOnRoot (node_modules/react-dom/cjs/react-dom.development.js:25789:22)
      at flushActQueue (node_modules/react/cjs/react.development.js:2667:24)
      at act (node_modules/react/cjs/react.development.js:2582:11)
      at node_modules/@testing-library/react/dist/act-compat.js:47:25
      at renderRoot (node_modules/@testing-library/react/dist/pure.js:190:26)
      at render (node_modules/@testing-library/react/dist/pure.js:292:10)
      at Object.<anonymous> (components/__tests__/TimelineModal.test.tsx:108:11)

    console.error
      Warning: React.jsx: type is invalid -- expected a string (for built-in components) or a class/function (for composite components) but got: undefined. You likely forgot to export your component from the file it's defined in, or you might have mixed up default and named imports.
      
      Check the render method of `TimelineModal`.
          at event (C:\Users\alexi\Documents\projects\maicivy\frontend\components\timeline\TimelineModal.tsx:13:56)

    [0m [90m 151 |[39m                 [33m<[39m[33mdiv[39m className[33m=[39m[32m"flex flex-wrap gap-2"[39m[33m>[39m
     [90m 152 |[39m                   {event[33m.[39mtags[33m.[39mmap((tag) [33m=>[39m (
    [31m[1m>[22m[39m[90m 153 |[39m                     [33m<[39m[33mmotion[39m[33m.[39mspan
     [90m     |[39m                     [31m[1m^[22m[39m
     [90m 154 |[39m                       key[33m=[39m{tag}
     [90m 155 |[39m                       whileHover[33m=[39m{{ scale[33m:[39m [35m1.05[39m }}
     [90m 156 |[39m                       className[33m=[39m[32m"px-4 py-2 bg-blue-500 text-white text-sm font-medium rounded-full shadow-sm"[39m[0m

      at printWarning (node_modules/react/cjs/react-jsx-runtime.development.js:87:30)
      at error (node_modules/react/cjs/react-jsx-runtime.development.js:61:7)
      at jsxWithValidation (node_modules/react/cjs/react-jsx-runtime.development.js:1245:7)
      at jsxWithValidationDynamic (node_modules/react/cjs/react-jsx-runtime.development.js:1320:12)
      at components/timeline/TimelineModal.tsx:153:21
          at Array.map (<anonymous>)
      at map (components/timeline/TimelineModal.tsx:152:31)
      at renderWithHooks (node_modules/react-dom/cjs/react-dom.development.js:15486:18)
      at mountIndeterminateComponent (node_modules/react-dom/cjs/react-dom.development.js:20103:13)
      at beginWork (node_modules/react-dom/cjs/react-dom.development.js:21626:16)
      at beginWork$1 (node_modules/react-dom/cjs/react-dom.development.js:27465:14)
      at performUnitOfWork (node_modules/react-dom/cjs/react-dom.development.js:26599:12)
      at workLoopSync (node_modules/react-dom/cjs/react-dom.development.js:26505:5)
      at renderRootSync (node_modules/react-dom/cjs/react-dom.development.js:26473:7)
      at recoverFromConcurrentError (node_modules/react-dom/cjs/react-dom.development.js:25889:20)
      at performConcurrentWorkOnRoot (node_modules/react-dom/cjs/react-dom.development.js:25789:22)
      at flushActQueue (node_modules/react/cjs/react.development.js:2667:24)
      at act (node_modules/react/cjs/react.development.js:2582:11)
      at node_modules/@testing-library/react/dist/act-compat.js:47:25
      at renderRoot (node_modules/@testing-library/react/dist/pure.js:190:26)
      at render (node_modules/@testing-library/react/dist/pure.js:292:10)
      at Object.<anonymous> (components/__tests__/TimelineModal.test.tsx:108:11)

    console.error
      Warning: React.jsx: type is invalid -- expected a string (for built-in components) or a class/function (for composite components) but got: undefined. You likely forgot to export your component from the file it's defined in, or you might have mixed up default and named imports.
      
      Check the render method of `TimelineModal`.
          at event (C:\Users\alexi\Documents\projects\maicivy\frontend\components\timeline\TimelineModal.tsx:13:56)

    [0m [90m 151 |[39m                 [33m<[39m[33mdiv[39m className[33m=[39m[32m"flex flex-wrap gap-2"[39m[33m>[39m
     [90m 152 |[39m                   {event[33m.[39mtags[33m.[39mmap((tag) [33m=>[39m (
    [31m[1m>[22m[39m[90m 153 |[39m                     [33m<[39m[33mmotion[39m[33m.[39mspan
     [90m     |[39m                     [31m[1m^[22m[39m
     [90m 154 |[39m                       key[33m=[39m{tag}
     [90m 155 |[39m                       whileHover[33m=[39m{{ scale[33m:[39m [35m1.05[39m }}
     [90m 156 |[39m                       className[33m=[39m[32m"px-4 py-2 bg-blue-500 text-white text-sm font-medium rounded-full shadow-sm"[39m[0m

      at printWarning (node_modules/react/cjs/react-jsx-runtime.development.js:87:30)
      at error (node_modules/react/cjs/react-jsx-runtime.development.js:61:7)
      at jsxWithValidation (node_modules/react/cjs/react-jsx-runtime.development.js:1245:7)
      at jsxWithValidationDynamic (node_modules/react/cjs/react-jsx-runtime.development.js:1320:12)
      at components/timeline/TimelineModal.tsx:153:21
          at Array.map (<anonymous>)
      at map (components/timeline/TimelineModal.tsx:152:31)
      at renderWithHooks (node_modules/react-dom/cjs/react-dom.development.js:15486:18)
      at mountIndeterminateComponent (node_modules/react-dom/cjs/react-dom.development.js:20103:13)
      at beginWork (node_modules/react-dom/cjs/react-dom.development.js:21626:16)
      at beginWork$1 (node_modules/react-dom/cjs/react-dom.development.js:27465:14)
      at performUnitOfWork (node_modules/react-dom/cjs/react-dom.development.js:26599:12)
      at workLoopSync (node_modules/react-dom/cjs/react-dom.development.js:26505:5)
      at renderRootSync (node_modules/react-dom/cjs/react-dom.development.js:26473:7)
      at recoverFromConcurrentError (node_modules/react-dom/cjs/react-dom.development.js:25889:20)
      at performConcurrentWorkOnRoot (node_modules/react-dom/cjs/react-dom.development.js:25789:22)
      at flushActQueue (node_modules/react/cjs/react.development.js:2667:24)
      at act (node_modules/react/cjs/react.development.js:2582:11)
      at node_modules/@testing-library/react/dist/act-compat.js:47:25
      at renderRoot (node_modules/@testing-library/react/dist/pure.js:190:26)
      at render (node_modules/@testing-library/react/dist/pure.js:292:10)
      at Object.<anonymous> (components/__tests__/TimelineModal.test.tsx:108:11)

    console.error
      Warning: React.jsx: type is invalid -- expected a string (for built-in components) or a class/function (for composite components) but got: undefined. You likely forgot to export your component from the file it's defined in, or you might have mixed up default and named imports.
      
      Check the render method of `TimelineModal`.
          at event (C:\Users\alexi\Documents\projects\maicivy\frontend\components\timeline\TimelineModal.tsx:13:56)

    [0m [90m 151 |[39m                 [33m<[39m[33mdiv[39m className[33m=[39m[32m"flex flex-wrap gap-2"[39m[33m>[39m
     [90m 152 |[39m                   {event[33m.[39mtags[33m.[39mmap((tag) [33m=>[39m (
    [31m[1m>[22m[39m[90m 153 |[39m                     [33m<[39m[33mmotion[39m[33m.[39mspan
     [90m     |[39m                     [31m[1m^[22m[39m
     [90m 154 |[39m                       key[33m=[39m{tag}
     [90m 155 |[39m                       whileHover[33m=[39m{{ scale[33m:[39m [35m1.05[39m }}
     [90m 156 |[39m                       className[33m=[39m[32m"px-4 py-2 bg-blue-500 text-white text-sm font-medium rounded-full shadow-sm"[39m[0m

      at printWarning (node_modules/react/cjs/react-jsx-runtime.development.js:87:30)
      at error (node_modules/react/cjs/react-jsx-runtime.development.js:61:7)
      at jsxWithValidation (node_modules/react/cjs/react-jsx-runtime.development.js:1245:7)
      at jsxWithValidationDynamic (node_modules/react/cjs/react-jsx-runtime.development.js:1320:12)
      at components/timeline/TimelineModal.tsx:153:21
          at Array.map (<anonymous>)
      at map (components/timeline/TimelineModal.tsx:152:31)
      at renderWithHooks (node_modules/react-dom/cjs/react-dom.development.js:15486:18)
      at mountIndeterminateComponent (node_modules/react-dom/cjs/react-dom.development.js:20103:13)
      at beginWork (node_modules/react-dom/cjs/react-dom.development.js:21626:16)
      at beginWork$1 (node_modules/react-dom/cjs/react-dom.development.js:27465:14)
      at performUnitOfWork (node_modules/react-dom/cjs/react-dom.development.js:26599:12)
      at workLoopSync (node_modules/react-dom/cjs/react-dom.development.js:26505:5)
      at renderRootSync (node_modules/react-dom/cjs/react-dom.development.js:26473:7)
      at recoverFromConcurrentError (node_modules/react-dom/cjs/react-dom.development.js:25889:20)
      at performConcurrentWorkOnRoot (node_modules/react-dom/cjs/react-dom.development.js:25789:22)
      at flushActQueue (node_modules/react/cjs/react.development.js:2667:24)
      at act (node_modules/react/cjs/react.development.js:2582:11)
      at node_modules/@testing-library/react/dist/act-compat.js:47:25
      at renderRoot (node_modules/@testing-library/react/dist/pure.js:190:26)
      at render (node_modules/@testing-library/react/dist/pure.js:292:10)
      at Object.<anonymous> (components/__tests__/TimelineModal.test.tsx:108:11)

    console.error
      Error: Uncaught [Error: Element type is invalid: expected a string (for built-in components) or a class/function (for composite components) but got: undefined. You likely forgot to export your component from the file it's defined in, or you might have mixed up default and named imports.
      
      Check the render method of `TimelineModal`.]
          at reportException (C:\Users\alexi\Documents\projects\maicivy\frontend\node_modules\jsdom\lib\jsdom\living\helpers\runtime-script-errors.js:66:24)
          at innerInvokeEventListeners (C:\Users\alexi\Documents\projects\maicivy\frontend\node_modules\jsdom\lib\jsdom\living\events\EventTarget-impl.js:353:9)
          at invokeEventListeners (C:\Users\alexi\Documents\projects\maicivy\frontend\node_modules\jsdom\lib\jsdom\living\events\EventTarget-impl.js:286:3)
          at HTMLUnknownElementImpl._dispatch (C:\Users\alexi\Documents\projects\maicivy\frontend\node_modules\jsdom\lib\jsdom\living\events\EventTarget-impl.js:233:9)
          at HTMLUnknownElementImpl.dispatchEvent (C:\Users\alexi\Documents\projects\maicivy\frontend\node_modules\jsdom\lib\jsdom\living\events\EventTarget-impl.js:104:17)
          at HTMLUnknownElement.dispatchEvent (C:\Users\alexi\Documents\projects\maicivy\frontend\node_modules\jsdom\lib\jsdom\living\generated\EventTarget.js:241:34)
          at Object.invokeGuardedCallbackDev (C:\Users\alexi\Documents\projects\maicivy\frontend\node_modules\react-dom\cjs\react-dom.development.js:4213:16)
          at invokeGuardedCallback (C:\Users\alexi\Documents\projects\maicivy\frontend\node_modules\react-dom\cjs\react-dom.development.js:4277:31)
          at beginWork$1 (C:\Users\alexi\Documents\projects\maicivy\frontend\node_modules\react-dom\cjs\react-dom.development.js:27490:7)
          at performUnitOfWork (C:\Users\alexi\Documents\projects\maicivy\frontend\node_modules\react-dom\cjs\react-dom.development.js:26599:12)
          at workLoopSync (C:\Users\alexi\Documents\projects\maicivy\frontend\node_modules\react-dom\cjs\react-dom.development.js:26505:5)
          at renderRootSync (C:\Users\alexi\Documents\projects\maicivy\frontend\node_modules\react-dom\cjs\react-dom.development.js:26473:7)
          at recoverFromConcurrentError (C:\Users\alexi\Documents\projects\maicivy\frontend\node_modules\react-dom\cjs\react-dom.development.js:25889:20)
          at performConcurrentWorkOnRoot (C:\Users\alexi\Documents\projects\maicivy\frontend\node_modules\react-dom\cjs\react-dom.development.js:25789:22)
          at flushActQueue (C:\Users\alexi\Documents\projects\maicivy\frontend\node_modules\react\cjs\react.development.js:2667:24)
          at act (C:\Users\alexi\Documents\projects\maicivy\frontend\node_modules\react\cjs\react.development.js:2582:11)
          at C:\Users\alexi\Documents\projects\maicivy\frontend\node_modules\@testing-library\react\dist\act-compat.js:47:25
          at renderRoot (C:\Users\alexi\Documents\projects\maicivy\frontend\node_modules\@testing-library\react\dist\pure.js:190:26)
          at render (C:\Users\alexi\Documents\projects\maicivy\frontend\node_modules\@testing-library\react\dist\pure.js:292:10)
          at Object.<anonymous> (C:\Users\alexi\Documents\projects\maicivy\frontend\components\__tests__\TimelineModal.test.tsx:108:11)
          at Promise.finally.completed (C:\Users\alexi\Documents\projects\maicivy\frontend\node_modules\jest-circus\build\jestAdapterInit.js:1557:28)
          at new Promise (<anonymous>)
          at callAsyncCircusFn (C:\Users\alexi\Documents\projects\maicivy\frontend\node_modules\jest-circus\build\jestAdapterInit.js:1497:10)
          at _callCircusTest (C:\Users\alexi\Documents\projects\maicivy\frontend\node_modules\jest-circus\build\jestAdapterInit.js:1007:40)
          at processTicksAndRejections (node:internal/process/task_queues:103:5)
          at _runTest (C:\Users\alexi\Documents\projects\maicivy\frontend\node_modules\jest-circus\build\jestAdapterInit.js:947:3)
          at C:\Users\alexi\Documents\projects\maicivy\frontend\node_modules\jest-circus\build\jestAdapterInit.js:849:7
          at _runTestsForDescribeBlock (C:\Users\alexi\Documents\projects\maicivy\frontend\node_modules\jest-circus\build\jestAdapterInit.js:862:11)
          at _runTestsForDescribeBlock (C:\Users\alexi\Documents\projects\maicivy\frontend\node_modules\jest-circus\build\jestAdapterInit.js:857:11)
          at run (C:\Users\alexi\Documents\projects\maicivy\frontend\node_modules\jest-circus\build\jestAdapterInit.js:761:3)
          at runAndTransformResultsToJestFormat (C:\Users\alexi\Documents\projects\maicivy\frontend\node_modules\jest-circus\build\jestAdapterInit.js:1918:21)
          at jestAdapter (C:\Users\alexi\Documents\projects\maicivy\frontend\node_modules\jest-circus\build\runner.js:101:19)
          at runTestInternal (C:\Users\alexi\Documents\projects\maicivy\frontend\node_modules\jest-runner\build\testWorker.js:275:16)
          at runTest (C:\Users\alexi\Documents\projects\maicivy\frontend\node_modules\jest-runner\build\testWorker.js:343:7)
          at Object.worker (C:\Users\alexi\Documents\projects\maicivy\frontend\node_modules\jest-runner\build\testWorker.js:497:12) {
        detail: Error: Element type is invalid: expected a string (for built-in components) or a class/function (for composite components) but got: undefined. You likely forgot to export your component from the file it's defined in, or you might have mixed up default and named imports.
        
        Check the render method of `TimelineModal`.
            at createFiberFromTypeAndProps (C:\Users\alexi\Documents\projects\maicivy\frontend\node_modules\react-dom\cjs\react-dom.development.js:28478:17)
            at createFiberFromElement (C:\Users\alexi\Documents\projects\maicivy\frontend\node_modules\react-dom\cjs\react-dom.development.js:28504:15)
            at createChild (C:\Users\alexi\Documents\projects\maicivy\frontend\node_modules\react-dom\cjs\react-dom.development.js:13345:28)
            at reconcileChildrenArray (C:\Users\alexi\Documents\projects\maicivy\frontend\node_modules\react-dom\cjs\react-dom.development.js:13640:25)
            at reconcileChildFibers (C:\Users\alexi\Documents\projects\maicivy\frontend\node_modules\react-dom\cjs\react-dom.development.js:14057:16)
            at reconcileChildren (C:\Users\alexi\Documents\projects\maicivy\frontend\node_modules\react-dom\cjs\react-dom.development.js:19186:28)
            at updateHostComponent (C:\Users\alexi\Documents\projects\maicivy\frontend\node_modules\react-dom\cjs\react-dom.development.js:19953:3)
            at beginWork (C:\Users\alexi\Documents\projects\maicivy\frontend\node_modules\react-dom\cjs\react-dom.development.js:21657:14)
            at HTMLUnknownElement.callCallback (C:\Users\alexi\Documents\projects\maicivy\frontend\node_modules\react-dom\cjs\react-dom.development.js:4164:14)
            at HTMLUnknownElement.callTheUserObjectsOperation (C:\Users\alexi\Documents\projects\maicivy\frontend\node_modules\jsdom\lib\jsdom\living\generated\EventListener.js:26:30)
            at innerInvokeEventListeners (C:\Users\alexi\Documents\projects\maicivy\frontend\node_modules\jsdom\lib\jsdom\living\events\EventTarget-impl.js:350:25)
            at invokeEventListeners (C:\Users\alexi\Documents\projects\maicivy\frontend\node_modules\jsdom\lib\jsdom\living\events\EventTarget-impl.js:286:3)
            at HTMLUnknownElementImpl._dispatch (C:\Users\alexi\Documents\projects\maicivy\frontend\node_modules\jsdom\lib\jsdom\living\events\EventTarget-impl.js:233:9)
            at HTMLUnknownElementImpl.dispatchEvent (C:\Users\alexi\Documents\projects\maicivy\frontend\node_modules\jsdom\lib\jsdom\living\events\EventTarget-impl.js:104:17)
            at HTMLUnknownElement.dispatchEvent (C:\Users\alexi\Documents\projects\maicivy\frontend\node_modules\jsdom\lib\jsdom\living\generated\EventTarget.js:241:34)
            at Object.invokeGuardedCallbackDev (C:\Users\alexi\Documents\projects\maicivy\frontend\node_modules\react-dom\cjs\react-dom.development.js:4213:16)
            at invokeGuardedCallback (C:\Users\alexi\Documents\projects\maicivy\frontend\node_modules\react-dom\cjs\react-dom.development.js:4277:31)
            at beginWork$1 (C:\Users\alexi\Documents\projects\maicivy\frontend\node_modules\react-dom\cjs\react-dom.development.js:27490:7)
            at performUnitOfWork (C:\Users\alexi\Documents\projects\maicivy\frontend\node_modules\react-dom\cjs\react-dom.development.js:26599:12)
            at workLoopSync (C:\Users\alexi\Documents\projects\maicivy\frontend\node_modules\react-dom\cjs\react-dom.development.js:26505:5)
            at renderRootSync (C:\Users\alexi\Documents\projects\maicivy\frontend\node_modules\react-dom\cjs\react-dom.development.js:26473:7)
            at recoverFromConcurrentError (C:\Users\alexi\Documents\projects\maicivy\frontend\node_modules\react-dom\cjs\react-dom.development.js:25889:20)
            at performConcurrentWorkOnRoot (C:\Users\alexi\Documents\projects\maicivy\frontend\node_modules\react-dom\cjs\react-dom.development.js:25789:22)
            at flushActQueue (C:\Users\alexi\Documents\projects\maicivy\frontend\node_modules\react\cjs\react.development.js:2667:24)
            at act (C:\Users\alexi\Documents\projects\maicivy\frontend\node_modules\react\cjs\react.development.js:2582:11)
            at C:\Users\alexi\Documents\projects\maicivy\frontend\node_modules\@testing-library\react\dist\act-compat.js:47:25
            at renderRoot (C:\Users\alexi\Documents\projects\maicivy\frontend\node_modules\@testing-library\react\dist\pure.js:190:26)
            at render (C:\Users\alexi\Documents\projects\maicivy\frontend\node_modules\@testing-library\react\dist\pure.js:292:10)
            at Object.<anonymous> (C:\Users\alexi\Documents\projects\maicivy\frontend\components\__tests__\TimelineModal.test.tsx:108:11)
            at Promise.finally.completed (C:\Users\alexi\Documents\projects\maicivy\frontend\node_modules\jest-circus\build\jestAdapterInit.js:1557:28)
            at new Promise (<anonymous>)
            at callAsyncCircusFn (C:\Users\alexi\Documents\projects\maicivy\frontend\node_modules\jest-circus\build\jestAdapterInit.js:1497:10)
            at _callCircusTest (C:\Users\alexi\Documents\projects\maicivy\frontend\node_modules\jest-circus\build\jestAdapterInit.js:1007:40)
            at processTicksAndRejections (node:internal/process/task_queues:103:5)
            at _runTest (C:\Users\alexi\Documents\projects\maicivy\frontend\node_modules\jest-circus\build\jestAdapterInit.js:947:3)
            at C:\Users\alexi\Documents\projects\maicivy\frontend\node_modules\jest-circus\build\jestAdapterInit.js:849:7
            at _runTestsForDescribeBlock (C:\Users\alexi\Documents\projects\maicivy\frontend\node_modules\jest-circus\build\jestAdapterInit.js:862:11)
            at _runTestsForDescribeBlock (C:\Users\alexi\Documents\projects\maicivy\frontend\node_modules\jest-circus\build\jestAdapterInit.js:857:11)
            at run (C:\Users\alexi\Documents\projects\maicivy\frontend\node_modules\jest-circus\build\jestAdapterInit.js:761:3)
            at runAndTransformResultsToJestFormat (C:\Users\alexi\Documents\projects\maicivy\frontend\node_modules\jest-circus\build\jestAdapterInit.js:1918:21)
            at jestAdapter (C:\Users\alexi\Documents\projects\maicivy\frontend\node_modules\jest-circus\build\runner.js:101:19)
            at runTestInternal (C:\Users\alexi\Documents\projects\maicivy\frontend\node_modules\jest-runner\build\testWorker.js:275:16)
            at runTest (C:\Users\alexi\Documents\projects\maicivy\frontend\node_modules\jest-runner\build\testWorker.js:343:7)
            at Object.worker (C:\Users\alexi\Documents\projects\maicivy\frontend\node_modules\jest-runner\build\testWorker.js:497:12),
        type: 'unhandled exception'
      }

    [0m [90m 106 |[39m
     [90m 107 |[39m   it([32m'should render event image when provided'[39m[33m,[39m () [33m=>[39m {
    [31m[1m>[22m[39m[90m 108 |[39m     render([33m<[39m[33mTimelineModal[39m event[33m=[39m{mockEvent} onClose[33m=[39m{jest[33m.[39mfn()} [33m/[39m[33m>[39m)[33m;[39m
     [90m     |[39m           [31m[1m^[22m[39m
     [90m 109 |[39m
     [90m 110 |[39m     [36mconst[39m image [33m=[39m screen[33m.[39mgetByAltText([32m'E-commerce Platform'[39m)[33m;[39m
     [90m 111 |[39m     expect(image)[33m.[39mtoBeInTheDocument()[33m;[39m[0m

      at VirtualConsole.<anonymous> (node_modules/@jest/environment-jsdom-abstract/build/index.js:87:23)
      at reportException (node_modules/jsdom/lib/jsdom/living/helpers/runtime-script-errors.js:70:28)
      at innerInvokeEventListeners (node_modules/jsdom/lib/jsdom/living/events/EventTarget-impl.js:353:9)
      at invokeEventListeners (node_modules/jsdom/lib/jsdom/living/events/EventTarget-impl.js:286:3)
      at HTMLUnknownElementImpl._dispatch (node_modules/jsdom/lib/jsdom/living/events/EventTarget-impl.js:233:9)
      at HTMLUnknownElementImpl.dispatchEvent (node_modules/jsdom/lib/jsdom/living/events/EventTarget-impl.js:104:17)
      at HTMLUnknownElement.dispatchEvent (node_modules/jsdom/lib/jsdom/living/generated/EventTarget.js:241:34)
      at Object.invokeGuardedCallbackDev (node_modules/react-dom/cjs/react-dom.development.js:4213:16)
      at invokeGuardedCallback (node_modules/react-dom/cjs/react-dom.development.js:4277:31)
      at beginWork$1 (node_modules/react-dom/cjs/react-dom.development.js:27490:7)
      at performUnitOfWork (node_modules/react-dom/cjs/react-dom.development.js:26599:12)
      at workLoopSync (node_modules/react-dom/cjs/react-dom.development.js:26505:5)
      at renderRootSync (node_modules/react-dom/cjs/react-dom.development.js:26473:7)
      at recoverFromConcurrentError (node_modules/react-dom/cjs/react-dom.development.js:25889:20)
      at performConcurrentWorkOnRoot (node_modules/react-dom/cjs/react-dom.development.js:25789:22)
      at flushActQueue (node_modules/react/cjs/react.development.js:2667:24)
      at act (node_modules/react/cjs/react.development.js:2582:11)
      at node_modules/@testing-library/react/dist/act-compat.js:47:25
      at renderRoot (node_modules/@testing-library/react/dist/pure.js:190:26)
      at render (node_modules/@testing-library/react/dist/pure.js:292:10)
      at Object.<anonymous> (components/__tests__/TimelineModal.test.tsx:108:11)

    console.error
      The above error occurred in the <div> component:
      
          at div
          at div
          at div
          at div
          at children (C:\Users\alexi\Documents\projects\maicivy\frontend\components\__tests__\TimelineModal.test.tsx:8:13)
          at div
          at children (C:\Users\alexi\Documents\projects\maicivy\frontend\components\__tests__\TimelineModal.test.tsx:8:13)
          at children (C:\Users\alexi\Documents\projects\maicivy\frontend\components\__tests__\TimelineModal.test.tsx:12:23)
          at event (C:\Users\alexi\Documents\projects\maicivy\frontend\components\timeline\TimelineModal.tsx:13:56)
      
      Consider adding an error boundary to your tree to customize error handling behavior.
      Visit https://reactjs.org/link/error-boundaries to learn more about error boundaries.

    [0m [90m 106 |[39m
     [90m 107 |[39m   it([32m'should render event image when provided'[39m[33m,[39m () [33m=>[39m {
    [31m[1m>[22m[39m[90m 108 |[39m     render([33m<[39m[33mTimelineModal[39m event[33m=[39m{mockEvent} onClose[33m=[39m{jest[33m.[39mfn()} [33m/[39m[33m>[39m)[33m;[39m
     [90m     |[39m           [31m[1m^[22m[39m
     [90m 109 |[39m
     [90m 110 |[39m     [36mconst[39m image [33m=[39m screen[33m.[39mgetByAltText([32m'E-commerce Platform'[39m)[33m;[39m
     [90m 111 |[39m     expect(image)[33m.[39mtoBeInTheDocument()[33m;[39m[0m

      at logCapturedError (node_modules/react-dom/cjs/react-dom.development.js:18704:23)
      at update.callback (node_modules/react-dom/cjs/react-dom.development.js:18737:5)
      at callCallback (node_modules/react-dom/cjs/react-dom.development.js:15036:12)
      at commitUpdateQueue (node_modules/react-dom/cjs/react-dom.development.js:15057:9)
      at commitLayoutEffectOnFiber (node_modules/react-dom/cjs/react-dom.development.js:23430:13)
      at commitLayoutMountEffects_complete (node_modules/react-dom/cjs/react-dom.development.js:24727:9)
      at commitLayoutEffects_begin (node_modules/react-dom/cjs/react-dom.development.js:24713:7)
      at commitLayoutEffects (node_modules/react-dom/cjs/react-dom.development.js:24651:3)
      at commitRootImpl (node_modules/react-dom/cjs/react-dom.development.js:26862:5)
      at commitRoot (node_modules/react-dom/cjs/react-dom.development.js:26721:5)
      at finishConcurrentRender (node_modules/react-dom/cjs/react-dom.development.js:25931:9)
      at performConcurrentWorkOnRoot (node_modules/react-dom/cjs/react-dom.development.js:25848:7)
      at flushActQueue (node_modules/react/cjs/react.development.js:2667:24)
      at act (node_modules/react/cjs/react.development.js:2582:11)
      at node_modules/@testing-library/react/dist/act-compat.js:47:25
      at renderRoot (node_modules/@testing-library/react/dist/pure.js:190:26)
      at render (node_modules/@testing-library/react/dist/pure.js:292:10)
      at Object.<anonymous> (components/__tests__/TimelineModal.test.tsx:108:11)

    console.error
      Warning: React.jsx: type is invalid -- expected a string (for built-in components) or a class/function (for composite components) but got: undefined. You likely forgot to export your component from the file it's defined in, or you might have mixed up default and named imports.
      
      Check the render method of `TimelineModal`.
          at event (C:\Users\alexi\Documents\projects\maicivy\frontend\components\timeline\TimelineModal.tsx:13:56)

    [0m [90m 151 |[39m                 [33m<[39m[33mdiv[39m className[33m=[39m[32m"flex flex-wrap gap-2"[39m[33m>[39m
     [90m 152 |[39m                   {event[33m.[39mtags[33m.[39mmap((tag) [33m=>[39m (
    [31m[1m>[22m[39m[90m 153 |[39m                     [33m<[39m[33mmotion[39m[33m.[39mspan
     [90m     |[39m                     [31m[1m^[22m[39m
     [90m 154 |[39m                       key[33m=[39m{tag}
     [90m 155 |[39m                       whileHover[33m=[39m{{ scale[33m:[39m [35m1.05[39m }}
     [90m 156 |[39m                       className[33m=[39m[32m"px-4 py-2 bg-blue-500 text-white text-sm font-medium rounded-full shadow-sm"[39m[0m

      at printWarning (node_modules/react/cjs/react-jsx-runtime.development.js:87:30)
      at error (node_modules/react/cjs/react-jsx-runtime.development.js:61:7)
      at jsxWithValidation (node_modules/react/cjs/react-jsx-runtime.development.js:1245:7)
      at jsxWithValidationDynamic (node_modules/react/cjs/react-jsx-runtime.development.js:1320:12)
      at components/timeline/TimelineModal.tsx:153:21
          at Array.map (<anonymous>)
      at map (components/timeline/TimelineModal.tsx:152:31)
      at renderWithHooks (node_modules/react-dom/cjs/react-dom.development.js:15486:18)
      at mountIndeterminateComponent (node_modules/react-dom/cjs/react-dom.development.js:20103:13)
      at beginWork (node_modules/react-dom/cjs/react-dom.development.js:21626:16)
      at beginWork$1 (node_modules/react-dom/cjs/react-dom.development.js:27465:14)
      at performUnitOfWork (node_modules/react-dom/cjs/react-dom.development.js:26599:12)
      at workLoopSync (node_modules/react-dom/cjs/react-dom.development.js:26505:5)
      at renderRootSync (node_modules/react-dom/cjs/react-dom.development.js:26473:7)
      at performConcurrentWorkOnRoot (node_modules/react-dom/cjs/react-dom.development.js:25777:74)
      at flushActQueue (node_modules/react/cjs/react.development.js:2667:24)
      at act (node_modules/react/cjs/react.development.js:2582:11)
      at node_modules/@testing-library/react/dist/act-compat.js:47:25
      at renderRoot (node_modules/@testing-library/react/dist/pure.js:190:26)
      at render (node_modules/@testing-library/react/dist/pure.js:292:10)
      at Object.<anonymous> (components/__tests__/TimelineModal.test.tsx:118:11)

    console.error
      Warning: React.jsx: type is invalid -- expected a string (for built-in components) or a class/function (for composite components) but got: undefined. You likely forgot to export your component from the file it's defined in, or you might have mixed up default and named imports.
      
      Check the render method of `TimelineModal`.
          at event (C:\Users\alexi\Documents\projects\maicivy\frontend\components\timeline\TimelineModal.tsx:13:56)

    [0m [90m 151 |[39m                 [33m<[39m[33mdiv[39m className[33m=[39m[32m"flex flex-wrap gap-2"[39m[33m>[39m
     [90m 152 |[39m                   {event[33m.[39mtags[33m.[39mmap((tag) [33m=>[39m (
    [31m[1m>[22m[39m[90m 153 |[39m                     [33m<[39m[33mmotion[39m[33m.[39mspan
     [90m     |[39m                     [31m[1m^[22m[39m
     [90m 154 |[39m                       key[33m=[39m{tag}
     [90m 155 |[39m                       whileHover[33m=[39m{{ scale[33m:[39m [35m1.05[39m }}
     [90m 156 |[39m                       className[33m=[39m[32m"px-4 py-2 bg-blue-500 text-white text-sm font-medium rounded-full shadow-sm"[39m[0m

      at printWarning (node_modules/react/cjs/react-jsx-runtime.development.js:87:30)
      at error (node_modules/react/cjs/react-jsx-runtime.development.js:61:7)
      at jsxWithValidation (node_modules/react/cjs/react-jsx-runtime.development.js:1245:7)
      at jsxWithValidationDynamic (node_modules/react/cjs/react-jsx-runtime.development.js:1320:12)
      at components/timeline/TimelineModal.tsx:153:21
          at Array.map (<anonymous>)
      at map (components/timeline/TimelineModal.tsx:152:31)
      at renderWithHooks (node_modules/react-dom/cjs/react-dom.development.js:15486:18)
      at mountIndeterminateComponent (node_modules/react-dom/cjs/react-dom.development.js:20103:13)
      at beginWork (node_modules/react-dom/cjs/react-dom.development.js:21626:16)
      at beginWork$1 (node_modules/react-dom/cjs/react-dom.development.js:27465:14)
      at performUnitOfWork (node_modules/react-dom/cjs/react-dom.development.js:26599:12)
      at workLoopSync (node_modules/react-dom/cjs/react-dom.development.js:26505:5)
      at renderRootSync (node_modules/react-dom/cjs/react-dom.development.js:26473:7)
      at performConcurrentWorkOnRoot (node_modules/react-dom/cjs/react-dom.development.js:25777:74)
      at flushActQueue (node_modules/react/cjs/react.development.js:2667:24)
      at act (node_modules/react/cjs/react.development.js:2582:11)
      at node_modules/@testing-library/react/dist/act-compat.js:47:25
      at renderRoot (node_modules/@testing-library/react/dist/pure.js:190:26)
      at render (node_modules/@testing-library/react/dist/pure.js:292:10)
      at Object.<anonymous> (components/__tests__/TimelineModal.test.tsx:118:11)

    console.error
      Warning: React.jsx: type is invalid -- expected a string (for built-in components) or a class/function (for composite components) but got: undefined. You likely forgot to export your component from the file it's defined in, or you might have mixed up default and named imports.
      
      Check the render method of `TimelineModal`.
          at event (C:\Users\alexi\Documents\projects\maicivy\frontend\components\timeline\TimelineModal.tsx:13:56)

    [0m [90m 151 |[39m                 [33m<[39m[33mdiv[39m className[33m=[39m[32m"flex flex-wrap gap-2"[39m[33m>[39m
     [90m 152 |[39m                   {event[33m.[39mtags[33m.[39mmap((tag) [33m=>[39m (
    [31m[1m>[22m[39m[90m 153 |[39m                     [33m<[39m[33mmotion[39m[33m.[39mspan
     [90m     |[39m                     [31m[1m^[22m[39m
     [90m 154 |[39m                       key[33m=[39m{tag}
     [90m 155 |[39m                       whileHover[33m=[39m{{ scale[33m:[39m [35m1.05[39m }}
     [90m 156 |[39m                       className[33m=[39m[32m"px-4 py-2 bg-blue-500 text-white text-sm font-medium rounded-full shadow-sm"[39m[0m

      at printWarning (node_modules/react/cjs/react-jsx-runtime.development.js:87:30)
      at error (node_modules/react/cjs/react-jsx-runtime.development.js:61:7)
      at jsxWithValidation (node_modules/react/cjs/react-jsx-runtime.development.js:1245:7)
      at jsxWithValidationDynamic (node_modules/react/cjs/react-jsx-runtime.development.js:1320:12)
      at components/timeline/TimelineModal.tsx:153:21
          at Array.map (<anonymous>)
      at map (components/timeline/TimelineModal.tsx:152:31)
      at renderWithHooks (node_modules/react-dom/cjs/react-dom.development.js:15486:18)
      at mountIndeterminateComponent (node_modules/react-dom/cjs/react-dom.development.js:20103:13)
      at beginWork (node_modules/react-dom/cjs/react-dom.development.js:21626:16)
      at beginWork$1 (node_modules/react-dom/cjs/react-dom.development.js:27465:14)
      at performUnitOfWork (node_modules/react-dom/cjs/react-dom.development.js:26599:12)
      at workLoopSync (node_modules/react-dom/cjs/react-dom.development.js:26505:5)
      at renderRootSync (node_modules/react-dom/cjs/react-dom.development.js:26473:7)
      at performConcurrentWorkOnRoot (node_modules/react-dom/cjs/react-dom.development.js:25777:74)
      at flushActQueue (node_modules/react/cjs/react.development.js:2667:24)
      at act (node_modules/react/cjs/react.development.js:2582:11)
      at node_modules/@testing-library/react/dist/act-compat.js:47:25
      at renderRoot (node_modules/@testing-library/react/dist/pure.js:190:26)
      at render (node_modules/@testing-library/react/dist/pure.js:292:10)
      at Object.<anonymous> (components/__tests__/TimelineModal.test.tsx:118:11)

    console.error
      Warning: React.jsx: type is invalid -- expected a string (for built-in components) or a class/function (for composite components) but got: undefined. You likely forgot to export your component from the file it's defined in, or you might have mixed up default and named imports.
      
      Check the render method of `TimelineModal`.
          at event (C:\Users\alexi\Documents\projects\maicivy\frontend\components\timeline\TimelineModal.tsx:13:56)

    [0m [90m 151 |[39m                 [33m<[39m[33mdiv[39m className[33m=[39m[32m"flex flex-wrap gap-2"[39m[33m>[39m
     [90m 152 |[39m                   {event[33m.[39mtags[33m.[39mmap((tag) [33m=>[39m (
    [31m[1m>[22m[39m[90m 153 |[39m                     [33m<[39m[33mmotion[39m[33m.[39mspan
     [90m     |[39m                     [31m[1m^[22m[39m
     [90m 154 |[39m                       key[33m=[39m{tag}
     [90m 155 |[39m                       whileHover[33m=[39m{{ scale[33m:[39m [35m1.05[39m }}
     [90m 156 |[39m                       className[33m=[39m[32m"px-4 py-2 bg-blue-500 text-white text-sm font-medium rounded-full shadow-sm"[39m[0m

      at printWarning (node_modules/react/cjs/react-jsx-runtime.development.js:87:30)
      at error (node_modules/react/cjs/react-jsx-runtime.development.js:61:7)
      at jsxWithValidation (node_modules/react/cjs/react-jsx-runtime.development.js:1245:7)
      at jsxWithValidationDynamic (node_modules/react/cjs/react-jsx-runtime.development.js:1320:12)
      at components/timeline/TimelineModal.tsx:153:21
          at Array.map (<anonymous>)
      at map (components/timeline/TimelineModal.tsx:152:31)
      at renderWithHooks (node_modules/react-dom/cjs/react-dom.development.js:15486:18)
      at mountIndeterminateComponent (node_modules/react-dom/cjs/react-dom.development.js:20103:13)
      at beginWork (node_modules/react-dom/cjs/react-dom.development.js:21626:16)
      at beginWork$1 (node_modules/react-dom/cjs/react-dom.development.js:27465:14)
      at performUnitOfWork (node_modules/react-dom/cjs/react-dom.development.js:26599:12)
      at workLoopSync (node_modules/react-dom/cjs/react-dom.development.js:26505:5)
      at renderRootSync (node_modules/react-dom/cjs/react-dom.development.js:26473:7)
      at performConcurrentWorkOnRoot (node_modules/react-dom/cjs/react-dom.development.js:25777:74)
      at flushActQueue (node_modules/react/cjs/react.development.js:2667:24)
      at act (node_modules/react/cjs/react.development.js:2582:11)
      at node_modules/@testing-library/react/dist/act-compat.js:47:25
      at renderRoot (node_modules/@testing-library/react/dist/pure.js:190:26)
      at render (node_modules/@testing-library/react/dist/pure.js:292:10)
      at Object.<anonymous> (components/__tests__/TimelineModal.test.tsx:118:11)

    console.error
      Warning: React.jsx: type is invalid -- expected a string (for built-in components) or a class/function (for composite components) but got: undefined. You likely forgot to export your component from the file it's defined in, or you might have mixed up default and named imports.
      
      Check the render method of `TimelineModal`.
          at event (C:\Users\alexi\Documents\projects\maicivy\frontend\components\timeline\TimelineModal.tsx:13:56)

    [0m [90m 151 |[39m                 [33m<[39m[33mdiv[39m className[33m=[39m[32m"flex flex-wrap gap-2"[39m[33m>[39m
     [90m 152 |[39m                   {event[33m.[39mtags[33m.[39mmap((tag) [33m=>[39m (
    [31m[1m>[22m[39m[90m 153 |[39m                     [33m<[39m[33mmotion[39m[33m.[39mspan
     [90m     |[39m                     [31m[1m^[22m[39m
     [90m 154 |[39m                       key[33m=[39m{tag}
     [90m 155 |[39m                       whileHover[33m=[39m{{ scale[33m:[39m [35m1.05[39m }}
     [90m 156 |[39m                       className[33m=[39m[32m"px-4 py-2 bg-blue-500 text-white text-sm font-medium rounded-full shadow-sm"[39m[0m

      at printWarning (node_modules/react/cjs/react-jsx-runtime.development.js:87:30)
      at error (node_modules/react/cjs/react-jsx-runtime.development.js:61:7)
      at jsxWithValidation (node_modules/react/cjs/react-jsx-runtime.development.js:1245:7)
      at jsxWithValidationDynamic (node_modules/react/cjs/react-jsx-runtime.development.js:1320:12)
      at components/timeline/TimelineModal.tsx:153:21
          at Array.map (<anonymous>)
      at map (components/timeline/TimelineModal.tsx:152:31)
      at renderWithHooks (node_modules/react-dom/cjs/react-dom.development.js:15486:18)
      at mountIndeterminateComponent (node_modules/react-dom/cjs/react-dom.development.js:20103:13)
      at beginWork (node_modules/react-dom/cjs/react-dom.development.js:21626:16)
      at beginWork$1 (node_modules/react-dom/cjs/react-dom.development.js:27465:14)
      at performUnitOfWork (node_modules/react-dom/cjs/react-dom.development.js:26599:12)
      at workLoopSync (node_modules/react-dom/cjs/react-dom.development.js:26505:5)
      at renderRootSync (node_modules/react-dom/cjs/react-dom.development.js:26473:7)
      at performConcurrentWorkOnRoot (node_modules/react-dom/cjs/react-dom.development.js:25777:74)
      at flushActQueue (node_modules/react/cjs/react.development.js:2667:24)
      at act (node_modules/react/cjs/react.development.js:2582:11)
      at node_modules/@testing-library/react/dist/act-compat.js:47:25
      at renderRoot (node_modules/@testing-library/react/dist/pure.js:190:26)
      at render (node_modules/@testing-library/react/dist/pure.js:292:10)
      at Object.<anonymous> (components/__tests__/TimelineModal.test.tsx:118:11)

    console.error
      Error: Uncaught [Error: Element type is invalid: expected a string (for built-in components) or a class/function (for composite components) but got: undefined. You likely forgot to export your component from the file it's defined in, or you might have mixed up default and named imports.
      
      Check the render method of `TimelineModal`.]
          at reportException (C:\Users\alexi\Documents\projects\maicivy\frontend\node_modules\jsdom\lib\jsdom\living\helpers\runtime-script-errors.js:66:24)
          at innerInvokeEventListeners (C:\Users\alexi\Documents\projects\maicivy\frontend\node_modules\jsdom\lib\jsdom\living\events\EventTarget-impl.js:353:9)
          at invokeEventListeners (C:\Users\alexi\Documents\projects\maicivy\frontend\node_modules\jsdom\lib\jsdom\living\events\EventTarget-impl.js:286:3)
          at HTMLUnknownElementImpl._dispatch (C:\Users\alexi\Documents\projects\maicivy\frontend\node_modules\jsdom\lib\jsdom\living\events\EventTarget-impl.js:233:9)
          at HTMLUnknownElementImpl.dispatchEvent (C:\Users\alexi\Documents\projects\maicivy\frontend\node_modules\jsdom\lib\jsdom\living\events\EventTarget-impl.js:104:17)
          at HTMLUnknownElement.dispatchEvent (C:\Users\alexi\Documents\projects\maicivy\frontend\node_modules\jsdom\lib\jsdom\living\generated\EventTarget.js:241:34)
          at Object.invokeGuardedCallbackDev (C:\Users\alexi\Documents\projects\maicivy\frontend\node_modules\react-dom\cjs\react-dom.development.js:4213:16)
          at invokeGuardedCallback (C:\Users\alexi\Documents\projects\maicivy\frontend\node_modules\react-dom\cjs\react-dom.development.js:4277:31)
          at beginWork$1 (C:\Users\alexi\Documents\projects\maicivy\frontend\node_modules\react-dom\cjs\react-dom.development.js:27490:7)
          at performUnitOfWork (C:\Users\alexi\Documents\projects\maicivy\frontend\node_modules\react-dom\cjs\react-dom.development.js:26599:12)
          at workLoopSync (C:\Users\alexi\Documents\projects\maicivy\frontend\node_modules\react-dom\cjs\react-dom.development.js:26505:5)
          at renderRootSync (C:\Users\alexi\Documents\projects\maicivy\frontend\node_modules\react-dom\cjs\react-dom.development.js:26473:7)
          at performConcurrentWorkOnRoot (C:\Users\alexi\Documents\projects\maicivy\frontend\node_modules\react-dom\cjs\react-dom.development.js:25777:74)
          at flushActQueue (C:\Users\alexi\Documents\projects\maicivy\frontend\node_modules\react\cjs\react.development.js:2667:24)
          at act (C:\Users\alexi\Documents\projects\maicivy\frontend\node_modules\react\cjs\react.development.js:2582:11)
          at C:\Users\alexi\Documents\projects\maicivy\frontend\node_modules\@testing-library\react\dist\act-compat.js:47:25
          at renderRoot (C:\Users\alexi\Documents\projects\maicivy\frontend\node_modules\@testing-library\react\dist\pure.js:190:26)
          at render (C:\Users\alexi\Documents\projects\maicivy\frontend\node_modules\@testing-library\react\dist\pure.js:292:10)
          at Object.<anonymous> (C:\Users\alexi\Documents\projects\maicivy\frontend\components\__tests__\TimelineModal.test.tsx:118:11)
          at Promise.finally.completed (C:\Users\alexi\Documents\projects\maicivy\frontend\node_modules\jest-circus\build\jestAdapterInit.js:1557:28)
          at new Promise (<anonymous>)
          at callAsyncCircusFn (C:\Users\alexi\Documents\projects\maicivy\frontend\node_modules\jest-circus\build\jestAdapterInit.js:1497:10)
          at _callCircusTest (C:\Users\alexi\Documents\projects\maicivy\frontend\node_modules\jest-circus\build\jestAdapterInit.js:1007:40)
          at processTicksAndRejections (node:internal/process/task_queues:103:5)
          at _runTest (C:\Users\alexi\Documents\projects\maicivy\frontend\node_modules\jest-circus\build\jestAdapterInit.js:947:3)
          at C:\Users\alexi\Documents\projects\maicivy\frontend\node_modules\jest-circus\build\jestAdapterInit.js:849:7
          at _runTestsForDescribeBlock (C:\Users\alexi\Documents\projects\maicivy\frontend\node_modules\jest-circus\build\jestAdapterInit.js:862:11)
          at _runTestsForDescribeBlock (C:\Users\alexi\Documents\projects\maicivy\frontend\node_modules\jest-circus\build\jestAdapterInit.js:857:11)
          at run (C:\Users\alexi\Documents\projects\maicivy\frontend\node_modules\jest-circus\build\jestAdapterInit.js:761:3)
          at runAndTransformResultsToJestFormat (C:\Users\alexi\Documents\projects\maicivy\frontend\node_modules\jest-circus\build\jestAdapterInit.js:1918:21)
          at jestAdapter (C:\Users\alexi\Documents\projects\maicivy\frontend\node_modules\jest-circus\build\runner.js:101:19)
          at runTestInternal (C:\Users\alexi\Documents\projects\maicivy\frontend\node_modules\jest-runner\build\testWorker.js:275:16)
          at runTest (C:\Users\alexi\Documents\projects\maicivy\frontend\node_modules\jest-runner\build\testWorker.js:343:7)
          at Object.worker (C:\Users\alexi\Documents\projects\maicivy\frontend\node_modules\jest-runner\build\testWorker.js:497:12) {
        detail: Error: Element type is invalid: expected a string (for built-in components) or a class/function (for composite components) but got: undefined. You likely forgot to export your component from the file it's defined in, or you might have mixed up default and named imports.
        
        Check the render method of `TimelineModal`.
            at createFiberFromTypeAndProps (C:\Users\alexi\Documents\projects\maicivy\frontend\node_modules\react-dom\cjs\react-dom.development.js:28478:17)
            at createFiberFromElement (C:\Users\alexi\Documents\projects\maicivy\frontend\node_modules\react-dom\cjs\react-dom.development.js:28504:15)
            at createChild (C:\Users\alexi\Documents\projects\maicivy\frontend\node_modules\react-dom\cjs\react-dom.development.js:13345:28)
            at reconcileChildrenArray (C:\Users\alexi\Documents\projects\maicivy\frontend\node_modules\react-dom\cjs\react-dom.development.js:13640:25)
            at reconcileChildFibers (C:\Users\alexi\Documents\projects\maicivy\frontend\node_modules\react-dom\cjs\react-dom.development.js:14057:16)
            at reconcileChildren (C:\Users\alexi\Documents\projects\maicivy\frontend\node_modules\react-dom\cjs\react-dom.development.js:19186:28)
            at updateHostComponent (C:\Users\alexi\Documents\projects\maicivy\frontend\node_modules\react-dom\cjs\react-dom.development.js:19953:3)
            at beginWork (C:\Users\alexi\Documents\projects\maicivy\frontend\node_modules\react-dom\cjs\react-dom.development.js:21657:14)
            at HTMLUnknownElement.callCallback (C:\Users\alexi\Documents\projects\maicivy\frontend\node_modules\react-dom\cjs\react-dom.development.js:4164:14)
            at HTMLUnknownElement.callTheUserObjectsOperation (C:\Users\alexi\Documents\projects\maicivy\frontend\node_modules\jsdom\lib\jsdom\living\generated\EventListener.js:26:30)
            at innerInvokeEventListeners (C:\Users\alexi\Documents\projects\maicivy\frontend\node_modules\jsdom\lib\jsdom\living\events\EventTarget-impl.js:350:25)
            at invokeEventListeners (C:\Users\alexi\Documents\projects\maicivy\frontend\node_modules\jsdom\lib\jsdom\living\events\EventTarget-impl.js:286:3)
            at HTMLUnknownElementImpl._dispatch (C:\Users\alexi\Documents\projects\maicivy\frontend\node_modules\jsdom\lib\jsdom\living\events\EventTarget-impl.js:233:9)
            at HTMLUnknownElementImpl.dispatchEvent (C:\Users\alexi\Documents\projects\maicivy\frontend\node_modules\jsdom\lib\jsdom\living\events\EventTarget-impl.js:104:17)
            at HTMLUnknownElement.dispatchEvent (C:\Users\alexi\Documents\projects\maicivy\frontend\node_modules\jsdom\lib\jsdom\living\generated\EventTarget.js:241:34)
            at Object.invokeGuardedCallbackDev (C:\Users\alexi\Documents\projects\maicivy\frontend\node_modules\react-dom\cjs\react-dom.development.js:4213:16)
            at invokeGuardedCallback (C:\Users\alexi\Documents\projects\maicivy\frontend\node_modules\react-dom\cjs\react-dom.development.js:4277:31)
            at beginWork$1 (C:\Users\alexi\Documents\projects\maicivy\frontend\node_modules\react-dom\cjs\react-dom.development.js:27490:7)
            at performUnitOfWork (C:\Users\alexi\Documents\projects\maicivy\frontend\node_modules\react-dom\cjs\react-dom.development.js:26599:12)
            at workLoopSync (C:\Users\alexi\Documents\projects\maicivy\frontend\node_modules\react-dom\cjs\react-dom.development.js:26505:5)
            at renderRootSync (C:\Users\alexi\Documents\projects\maicivy\frontend\node_modules\react-dom\cjs\react-dom.development.js:26473:7)
            at performConcurrentWorkOnRoot (C:\Users\alexi\Documents\projects\maicivy\frontend\node_modules\react-dom\cjs\react-dom.development.js:25777:74)
            at flushActQueue (C:\Users\alexi\Documents\projects\maicivy\frontend\node_modules\react\cjs\react.development.js:2667:24)
            at act (C:\Users\alexi\Documents\projects\maicivy\frontend\node_modules\react\cjs\react.development.js:2582:11)
            at C:\Users\alexi\Documents\projects\maicivy\frontend\node_modules\@testing-library\react\dist\act-compat.js:47:25
            at renderRoot (C:\Users\alexi\Documents\projects\maicivy\frontend\node_modules\@testing-library\react\dist\pure.js:190:26)
            at render (C:\Users\alexi\Documents\projects\maicivy\frontend\node_modules\@testing-library\react\dist\pure.js:292:10)
            at Object.<anonymous> (C:\Users\alexi\Documents\projects\maicivy\frontend\components\__tests__\TimelineModal.test.tsx:118:11)
            at Promise.finally.completed (C:\Users\alexi\Documents\projects\maicivy\frontend\node_modules\jest-circus\build\jestAdapterInit.js:1557:28)
            at new Promise (<anonymous>)
            at callAsyncCircusFn (C:\Users\alexi\Documents\projects\maicivy\frontend\node_modules\jest-circus\build\jestAdapterInit.js:1497:10)
            at _callCircusTest (C:\Users\alexi\Documents\projects\maicivy\frontend\node_modules\jest-circus\build\jestAdapterInit.js:1007:40)
            at processTicksAndRejections (node:internal/process/task_queues:103:5)
            at _runTest (C:\Users\alexi\Documents\projects\maicivy\frontend\node_modules\jest-circus\build\jestAdapterInit.js:947:3)
            at C:\Users\alexi\Documents\projects\maicivy\frontend\node_modules\jest-circus\build\jestAdapterInit.js:849:7
            at _runTestsForDescribeBlock (C:\Users\alexi\Documents\projects\maicivy\frontend\node_modules\jest-circus\build\jestAdapterInit.js:862:11)
            at _runTestsForDescribeBlock (C:\Users\alexi\Documents\projects\maicivy\frontend\node_modules\jest-circus\build\jestAdapterInit.js:857:11)
            at run (C:\Users\alexi\Documents\projects\maicivy\frontend\node_modules\jest-circus\build\jestAdapterInit.js:761:3)
            at runAndTransformResultsToJestFormat (C:\Users\alexi\Documents\projects\maicivy\frontend\node_modules\jest-circus\build\jestAdapterInit.js:1918:21)
            at jestAdapter (C:\Users\alexi\Documents\projects\maicivy\frontend\node_modules\jest-circus\build\runner.js:101:19)
            at runTestInternal (C:\Users\alexi\Documents\projects\maicivy\frontend\node_modules\jest-runner\build\testWorker.js:275:16)
            at runTest (C:\Users\alexi\Documents\projects\maicivy\frontend\node_modules\jest-runner\build\testWorker.js:343:7)
            at Object.worker (C:\Users\alexi\Documents\projects\maicivy\frontend\node_modules\jest-runner\build\testWorker.js:497:12),
        type: 'unhandled exception'
      }

    [0m [90m 116 |[39m     [36mconst[39m eventWithoutImage [33m=[39m { [33m...[39mmockEvent[33m,[39m image[33m:[39m undefined }[33m;[39m
     [90m 117 |[39m
    [31m[1m>[22m[39m[90m 118 |[39m     render([33m<[39m[33mTimelineModal[39m event[33m=[39m{eventWithoutImage} onClose[33m=[39m{jest[33m.[39mfn()} [33m/[39m[33m>[39m)[33m;[39m
     [90m     |[39m           [31m[1m^[22m[39m
     [90m 119 |[39m
     [90m 120 |[39m     [36mconst[39m image [33m=[39m screen[33m.[39mqueryByAltText([32m'E-commerce Platform'[39m)[33m;[39m
     [90m 121 |[39m     expect(image)[33m.[39mnot[33m.[39mtoBeInTheDocument()[33m;[39m[0m

      at VirtualConsole.<anonymous> (node_modules/@jest/environment-jsdom-abstract/build/index.js:87:23)
      at reportException (node_modules/jsdom/lib/jsdom/living/helpers/runtime-script-errors.js:70:28)
      at innerInvokeEventListeners (node_modules/jsdom/lib/jsdom/living/events/EventTarget-impl.js:353:9)
      at invokeEventListeners (node_modules/jsdom/lib/jsdom/living/events/EventTarget-impl.js:286:3)
      at HTMLUnknownElementImpl._dispatch (node_modules/jsdom/lib/jsdom/living/events/EventTarget-impl.js:233:9)
      at HTMLUnknownElementImpl.dispatchEvent (node_modules/jsdom/lib/jsdom/living/events/EventTarget-impl.js:104:17)
      at HTMLUnknownElement.dispatchEvent (node_modules/jsdom/lib/jsdom/living/generated/EventTarget.js:241:34)
      at Object.invokeGuardedCallbackDev (node_modules/react-dom/cjs/react-dom.development.js:4213:16)
      at invokeGuardedCallback (node_modules/react-dom/cjs/react-dom.development.js:4277:31)
      at beginWork$1 (node_modules/react-dom/cjs/react-dom.development.js:27490:7)
      at performUnitOfWork (node_modules/react-dom/cjs/react-dom.development.js:26599:12)
      at workLoopSync (node_modules/react-dom/cjs/react-dom.development.js:26505:5)
      at renderRootSync (node_modules/react-dom/cjs/react-dom.development.js:26473:7)
      at performConcurrentWorkOnRoot (node_modules/react-dom/cjs/react-dom.development.js:25777:74)
      at flushActQueue (node_modules/react/cjs/react.development.js:2667:24)
      at act (node_modules/react/cjs/react.development.js:2582:11)
      at node_modules/@testing-library/react/dist/act-compat.js:47:25
      at renderRoot (node_modules/@testing-library/react/dist/pure.js:190:26)
      at render (node_modules/@testing-library/react/dist/pure.js:292:10)
      at Object.<anonymous> (components/__tests__/TimelineModal.test.tsx:118:11)

    console.error
      Warning: React.jsx: type is invalid -- expected a string (for built-in components) or a class/function (for composite components) but got: undefined. You likely forgot to export your component from the file it's defined in, or you might have mixed up default and named imports.
      
      Check the render method of `TimelineModal`.
          at event (C:\Users\alexi\Documents\projects\maicivy\frontend\components\timeline\TimelineModal.tsx:13:56)

    [0m [90m 151 |[39m                 [33m<[39m[33mdiv[39m className[33m=[39m[32m"flex flex-wrap gap-2"[39m[33m>[39m
     [90m 152 |[39m                   {event[33m.[39mtags[33m.[39mmap((tag) [33m=>[39m (
    [31m[1m>[22m[39m[90m 153 |[39m                     [33m<[39m[33mmotion[39m[33m.[39mspan
     [90m     |[39m                     [31m[1m^[22m[39m
     [90m 154 |[39m                       key[33m=[39m{tag}
     [90m 155 |[39m                       whileHover[33m=[39m{{ scale[33m:[39m [35m1.05[39m }}
     [90m 156 |[39m                       className[33m=[39m[32m"px-4 py-2 bg-blue-500 text-white text-sm font-medium rounded-full shadow-sm"[39m[0m

      at printWarning (node_modules/react/cjs/react-jsx-runtime.development.js:87:30)
      at error (node_modules/react/cjs/react-jsx-runtime.development.js:61:7)
      at jsxWithValidation (node_modules/react/cjs/react-jsx-runtime.development.js:1245:7)
      at jsxWithValidationDynamic (node_modules/react/cjs/react-jsx-runtime.development.js:1320:12)
      at components/timeline/TimelineModal.tsx:153:21
          at Array.map (<anonymous>)
      at map (components/timeline/TimelineModal.tsx:152:31)
      at renderWithHooks (node_modules/react-dom/cjs/react-dom.development.js:15486:18)
      at mountIndeterminateComponent (node_modules/react-dom/cjs/react-dom.development.js:20103:13)
      at beginWork (node_modules/react-dom/cjs/react-dom.development.js:21626:16)
      at beginWork$1 (node_modules/react-dom/cjs/react-dom.development.js:27465:14)
      at performUnitOfWork (node_modules/react-dom/cjs/react-dom.development.js:26599:12)
      at workLoopSync (node_modules/react-dom/cjs/react-dom.development.js:26505:5)
      at renderRootSync (node_modules/react-dom/cjs/react-dom.development.js:26473:7)
      at recoverFromConcurrentError (node_modules/react-dom/cjs/react-dom.development.js:25889:20)
      at performConcurrentWorkOnRoot (node_modules/react-dom/cjs/react-dom.development.js:25789:22)
      at flushActQueue (node_modules/react/cjs/react.development.js:2667:24)
      at act (node_modules/react/cjs/react.development.js:2582:11)
      at node_modules/@testing-library/react/dist/act-compat.js:47:25
      at renderRoot (node_modules/@testing-library/react/dist/pure.js:190:26)
      at render (node_modules/@testing-library/react/dist/pure.js:292:10)
      at Object.<anonymous> (components/__tests__/TimelineModal.test.tsx:118:11)

    console.error
      Warning: React.jsx: type is invalid -- expected a string (for built-in components) or a class/function (for composite components) but got: undefined. You likely forgot to export your component from the file it's defined in, or you might have mixed up default and named imports.
      
      Check the render method of `TimelineModal`.
          at event (C:\Users\alexi\Documents\projects\maicivy\frontend\components\timeline\TimelineModal.tsx:13:56)

    [0m [90m 151 |[39m                 [33m<[39m[33mdiv[39m className[33m=[39m[32m"flex flex-wrap gap-2"[39m[33m>[39m
     [90m 152 |[39m                   {event[33m.[39mtags[33m.[39mmap((tag) [33m=>[39m (
    [31m[1m>[22m[39m[90m 153 |[39m                     [33m<[39m[33mmotion[39m[33m.[39mspan
     [90m     |[39m                     [31m[1m^[22m[39m
     [90m 154 |[39m                       key[33m=[39m{tag}
     [90m 155 |[39m                       whileHover[33m=[39m{{ scale[33m:[39m [35m1.05[39m }}
     [90m 156 |[39m                       className[33m=[39m[32m"px-4 py-2 bg-blue-500 text-white text-sm font-medium rounded-full shadow-sm"[39m[0m

      at printWarning (node_modules/react/cjs/react-jsx-runtime.development.js:87:30)
      at error (node_modules/react/cjs/react-jsx-runtime.development.js:61:7)
      at jsxWithValidation (node_modules/react/cjs/react-jsx-runtime.development.js:1245:7)
      at jsxWithValidationDynamic (node_modules/react/cjs/react-jsx-runtime.development.js:1320:12)
      at components/timeline/TimelineModal.tsx:153:21
          at Array.map (<anonymous>)
      at map (components/timeline/TimelineModal.tsx:152:31)
      at renderWithHooks (node_modules/react-dom/cjs/react-dom.development.js:15486:18)
      at mountIndeterminateComponent (node_modules/react-dom/cjs/react-dom.development.js:20103:13)
      at beginWork (node_modules/react-dom/cjs/react-dom.development.js:21626:16)
      at beginWork$1 (node_modules/react-dom/cjs/react-dom.development.js:27465:14)
      at performUnitOfWork (node_modules/react-dom/cjs/react-dom.development.js:26599:12)
      at workLoopSync (node_modules/react-dom/cjs/react-dom.development.js:26505:5)
      at renderRootSync (node_modules/react-dom/cjs/react-dom.development.js:26473:7)
      at recoverFromConcurrentError (node_modules/react-dom/cjs/react-dom.development.js:25889:20)
      at performConcurrentWorkOnRoot (node_modules/react-dom/cjs/react-dom.development.js:25789:22)
      at flushActQueue (node_modules/react/cjs/react.development.js:2667:24)
      at act (node_modules/react/cjs/react.development.js:2582:11)
      at node_modules/@testing-library/react/dist/act-compat.js:47:25
      at renderRoot (node_modules/@testing-library/react/dist/pure.js:190:26)
      at render (node_modules/@testing-library/react/dist/pure.js:292:10)
      at Object.<anonymous> (components/__tests__/TimelineModal.test.tsx:118:11)

    console.error
      Warning: React.jsx: type is invalid -- expected a string (for built-in components) or a class/function (for composite components) but got: undefined. You likely forgot to export your component from the file it's defined in, or you might have mixed up default and named imports.
      
      Check the render method of `TimelineModal`.
          at event (C:\Users\alexi\Documents\projects\maicivy\frontend\components\timeline\TimelineModal.tsx:13:56)

    [0m [90m 151 |[39m                 [33m<[39m[33mdiv[39m className[33m=[39m[32m"flex flex-wrap gap-2"[39m[33m>[39m
     [90m 152 |[39m                   {event[33m.[39mtags[33m.[39mmap((tag) [33m=>[39m (
    [31m[1m>[22m[39m[90m 153 |[39m                     [33m<[39m[33mmotion[39m[33m.[39mspan
     [90m     |[39m                     [31m[1m^[22m[39m
     [90m 154 |[39m                       key[33m=[39m{tag}
     [90m 155 |[39m                       whileHover[33m=[39m{{ scale[33m:[39m [35m1.05[39m }}
     [90m 156 |[39m                       className[33m=[39m[32m"px-4 py-2 bg-blue-500 text-white text-sm font-medium rounded-full shadow-sm"[39m[0m

      at printWarning (node_modules/react/cjs/react-jsx-runtime.development.js:87:30)
      at error (node_modules/react/cjs/react-jsx-runtime.development.js:61:7)
      at jsxWithValidation (node_modules/react/cjs/react-jsx-runtime.development.js:1245:7)
      at jsxWithValidationDynamic (node_modules/react/cjs/react-jsx-runtime.development.js:1320:12)
      at components/timeline/TimelineModal.tsx:153:21
          at Array.map (<anonymous>)
      at map (components/timeline/TimelineModal.tsx:152:31)
      at renderWithHooks (node_modules/react-dom/cjs/react-dom.development.js:15486:18)
      at mountIndeterminateComponent (node_modules/react-dom/cjs/react-dom.development.js:20103:13)
      at beginWork (node_modules/react-dom/cjs/react-dom.development.js:21626:16)
      at beginWork$1 (node_modules/react-dom/cjs/react-dom.development.js:27465:14)
      at performUnitOfWork (node_modules/react-dom/cjs/react-dom.development.js:26599:12)
      at workLoopSync (node_modules/react-dom/cjs/react-dom.development.js:26505:5)
      at renderRootSync (node_modules/react-dom/cjs/react-dom.development.js:26473:7)
      at recoverFromConcurrentError (node_modules/react-dom/cjs/react-dom.development.js:25889:20)
      at performConcurrentWorkOnRoot (node_modules/react-dom/cjs/react-dom.development.js:25789:22)
      at flushActQueue (node_modules/react/cjs/react.development.js:2667:24)
      at act (node_modules/react/cjs/react.development.js:2582:11)
      at node_modules/@testing-library/react/dist/act-compat.js:47:25
      at renderRoot (node_modules/@testing-library/react/dist/pure.js:190:26)
      at render (node_modules/@testing-library/react/dist/pure.js:292:10)
      at Object.<anonymous> (components/__tests__/TimelineModal.test.tsx:118:11)

    console.error
      Warning: React.jsx: type is invalid -- expected a string (for built-in components) or a class/function (for composite components) but got: undefined. You likely forgot to export your component from the file it's defined in, or you might have mixed up default and named imports.
      
      Check the render method of `TimelineModal`.
          at event (C:\Users\alexi\Documents\projects\maicivy\frontend\components\timeline\TimelineModal.tsx:13:56)

    [0m [90m 151 |[39m                 [33m<[39m[33mdiv[39m className[33m=[39m[32m"flex flex-wrap gap-2"[39m[33m>[39m
     [90m 152 |[39m                   {event[33m.[39mtags[33m.[39mmap((tag) [33m=>[39m (
    [31m[1m>[22m[39m[90m 153 |[39m                     [33m<[39m[33mmotion[39m[33m.[39mspan
     [90m     |[39m                     [31m[1m^[22m[39m
     [90m 154 |[39m                       key[33m=[39m{tag}
     [90m 155 |[39m                       whileHover[33m=[39m{{ scale[33m:[39m [35m1.05[39m }}
     [90m 156 |[39m                       className[33m=[39m[32m"px-4 py-2 bg-blue-500 text-white text-sm font-medium rounded-full shadow-sm"[39m[0m

      at printWarning (node_modules/react/cjs/react-jsx-runtime.development.js:87:30)
      at error (node_modules/react/cjs/react-jsx-runtime.development.js:61:7)
      at jsxWithValidation (node_modules/react/cjs/react-jsx-runtime.development.js:1245:7)
      at jsxWithValidationDynamic (node_modules/react/cjs/react-jsx-runtime.development.js:1320:12)
      at components/timeline/TimelineModal.tsx:153:21
          at Array.map (<anonymous>)
      at map (components/timeline/TimelineModal.tsx:152:31)
      at renderWithHooks (node_modules/react-dom/cjs/react-dom.development.js:15486:18)
      at mountIndeterminateComponent (node_modules/react-dom/cjs/react-dom.development.js:20103:13)
      at beginWork (node_modules/react-dom/cjs/react-dom.development.js:21626:16)
      at beginWork$1 (node_modules/react-dom/cjs/react-dom.development.js:27465:14)
      at performUnitOfWork (node_modules/react-dom/cjs/react-dom.development.js:26599:12)
      at workLoopSync (node_modules/react-dom/cjs/react-dom.development.js:26505:5)
      at renderRootSync (node_modules/react-dom/cjs/react-dom.development.js:26473:7)
      at recoverFromConcurrentError (node_modules/react-dom/cjs/react-dom.development.js:25889:20)
      at performConcurrentWorkOnRoot (node_modules/react-dom/cjs/react-dom.development.js:25789:22)
      at flushActQueue (node_modules/react/cjs/react.development.js:2667:24)
      at act (node_modules/react/cjs/react.development.js:2582:11)
      at node_modules/@testing-library/react/dist/act-compat.js:47:25
      at renderRoot (node_modules/@testing-library/react/dist/pure.js:190:26)
      at render (node_modules/@testing-library/react/dist/pure.js:292:10)
      at Object.<anonymous> (components/__tests__/TimelineModal.test.tsx:118:11)

    console.error
      Warning: React.jsx: type is invalid -- expected a string (for built-in components) or a class/function (for composite components) but got: undefined. You likely forgot to export your component from the file it's defined in, or you might have mixed up default and named imports.
      
      Check the render method of `TimelineModal`.
          at event (C:\Users\alexi\Documents\projects\maicivy\frontend\components\timeline\TimelineModal.tsx:13:56)

    [0m [90m 151 |[39m                 [33m<[39m[33mdiv[39m className[33m=[39m[32m"flex flex-wrap gap-2"[39m[33m>[39m
     [90m 152 |[39m                   {event[33m.[39mtags[33m.[39mmap((tag) [33m=>[39m (
    [31m[1m>[22m[39m[90m 153 |[39m                     [33m<[39m[33mmotion[39m[33m.[39mspan
     [90m     |[39m                     [31m[1m^[22m[39m
     [90m 154 |[39m                       key[33m=[39m{tag}
     [90m 155 |[39m                       whileHover[33m=[39m{{ scale[33m:[39m [35m1.05[39m }}
     [90m 156 |[39m                       className[33m=[39m[32m"px-4 py-2 bg-blue-500 text-white text-sm font-medium rounded-full shadow-sm"[39m[0m

      at printWarning (node_modules/react/cjs/react-jsx-runtime.development.js:87:30)
      at error (node_modules/react/cjs/react-jsx-runtime.development.js:61:7)
      at jsxWithValidation (node_modules/react/cjs/react-jsx-runtime.development.js:1245:7)
      at jsxWithValidationDynamic (node_modules/react/cjs/react-jsx-runtime.development.js:1320:12)
      at components/timeline/TimelineModal.tsx:153:21
          at Array.map (<anonymous>)
      at map (components/timeline/TimelineModal.tsx:152:31)
      at renderWithHooks (node_modules/react-dom/cjs/react-dom.development.js:15486:18)
      at mountIndeterminateComponent (node_modules/react-dom/cjs/react-dom.development.js:20103:13)
      at beginWork (node_modules/react-dom/cjs/react-dom.development.js:21626:16)
      at beginWork$1 (node_modules/react-dom/cjs/react-dom.development.js:27465:14)
      at performUnitOfWork (node_modules/react-dom/cjs/react-dom.development.js:26599:12)
      at workLoopSync (node_modules/react-dom/cjs/react-dom.development.js:26505:5)
      at renderRootSync (node_modules/react-dom/cjs/react-dom.development.js:26473:7)
      at recoverFromConcurrentError (node_modules/react-dom/cjs/react-dom.development.js:25889:20)
      at performConcurrentWorkOnRoot (node_modules/react-dom/cjs/react-dom.development.js:25789:22)
      at flushActQueue (node_modules/react/cjs/react.development.js:2667:24)
      at act (node_modules/react/cjs/react.development.js:2582:11)
      at node_modules/@testing-library/react/dist/act-compat.js:47:25
      at renderRoot (node_modules/@testing-library/react/dist/pure.js:190:26)
      at render (node_modules/@testing-library/react/dist/pure.js:292:10)
      at Object.<anonymous> (components/__tests__/TimelineModal.test.tsx:118:11)

    console.error
      Error: Uncaught [Error: Element type is invalid: expected a string (for built-in components) or a class/function (for composite components) but got: undefined. You likely forgot to export your component from the file it's defined in, or you might have mixed up default and named imports.
      
      Check the render method of `TimelineModal`.]
          at reportException (C:\Users\alexi\Documents\projects\maicivy\frontend\node_modules\jsdom\lib\jsdom\living\helpers\runtime-script-errors.js:66:24)
          at innerInvokeEventListeners (C:\Users\alexi\Documents\projects\maicivy\frontend\node_modules\jsdom\lib\jsdom\living\events\EventTarget-impl.js:353:9)
          at invokeEventListeners (C:\Users\alexi\Documents\projects\maicivy\frontend\node_modules\jsdom\lib\jsdom\living\events\EventTarget-impl.js:286:3)
          at HTMLUnknownElementImpl._dispatch (C:\Users\alexi\Documents\projects\maicivy\frontend\node_modules\jsdom\lib\jsdom\living\events\EventTarget-impl.js:233:9)
          at HTMLUnknownElementImpl.dispatchEvent (C:\Users\alexi\Documents\projects\maicivy\frontend\node_modules\jsdom\lib\jsdom\living\events\EventTarget-impl.js:104:17)
          at HTMLUnknownElement.dispatchEvent (C:\Users\alexi\Documents\projects\maicivy\frontend\node_modules\jsdom\lib\jsdom\living\generated\EventTarget.js:241:34)
          at Object.invokeGuardedCallbackDev (C:\Users\alexi\Documents\projects\maicivy\frontend\node_modules\react-dom\cjs\react-dom.development.js:4213:16)
          at invokeGuardedCallback (C:\Users\alexi\Documents\projects\maicivy\frontend\node_modules\react-dom\cjs\react-dom.development.js:4277:31)
          at beginWork$1 (C:\Users\alexi\Documents\projects\maicivy\frontend\node_modules\react-dom\cjs\react-dom.development.js:27490:7)
          at performUnitOfWork (C:\Users\alexi\Documents\projects\maicivy\frontend\node_modules\react-dom\cjs\react-dom.development.js:26599:12)
          at workLoopSync (C:\Users\alexi\Documents\projects\maicivy\frontend\node_modules\react-dom\cjs\react-dom.development.js:26505:5)
          at renderRootSync (C:\Users\alexi\Documents\projects\maicivy\frontend\node_modules\react-dom\cjs\react-dom.development.js:26473:7)
          at recoverFromConcurrentError (C:\Users\alexi\Documents\projects\maicivy\frontend\node_modules\react-dom\cjs\react-dom.development.js:25889:20)
          at performConcurrentWorkOnRoot (C:\Users\alexi\Documents\projects\maicivy\frontend\node_modules\react-dom\cjs\react-dom.development.js:25789:22)
          at flushActQueue (C:\Users\alexi\Documents\projects\maicivy\frontend\node_modules\react\cjs\react.development.js:2667:24)
          at act (C:\Users\alexi\Documents\projects\maicivy\frontend\node_modules\react\cjs\react.development.js:2582:11)
          at C:\Users\alexi\Documents\projects\maicivy\frontend\node_modules\@testing-library\react\dist\act-compat.js:47:25
          at renderRoot (C:\Users\alexi\Documents\projects\maicivy\frontend\node_modules\@testing-library\react\dist\pure.js:190:26)
          at render (C:\Users\alexi\Documents\projects\maicivy\frontend\node_modules\@testing-library\react\dist\pure.js:292:10)
          at Object.<anonymous> (C:\Users\alexi\Documents\projects\maicivy\frontend\components\__tests__\TimelineModal.test.tsx:118:11)
          at Promise.finally.completed (C:\Users\alexi\Documents\projects\maicivy\frontend\node_modules\jest-circus\build\jestAdapterInit.js:1557:28)
          at new Promise (<anonymous>)
          at callAsyncCircusFn (C:\Users\alexi\Documents\projects\maicivy\frontend\node_modules\jest-circus\build\jestAdapterInit.js:1497:10)
          at _callCircusTest (C:\Users\alexi\Documents\projects\maicivy\frontend\node_modules\jest-circus\build\jestAdapterInit.js:1007:40)
          at processTicksAndRejections (node:internal/process/task_queues:103:5)
          at _runTest (C:\Users\alexi\Documents\projects\maicivy\frontend\node_modules\jest-circus\build\jestAdapterInit.js:947:3)
          at C:\Users\alexi\Documents\projects\maicivy\frontend\node_modules\jest-circus\build\jestAdapterInit.js:849:7
          at _runTestsForDescribeBlock (C:\Users\alexi\Documents\projects\maicivy\frontend\node_modules\jest-circus\build\jestAdapterInit.js:862:11)
          at _runTestsForDescribeBlock (C:\Users\alexi\Documents\projects\maicivy\frontend\node_modules\jest-circus\build\jestAdapterInit.js:857:11)
          at run (C:\Users\alexi\Documents\projects\maicivy\frontend\node_modules\jest-circus\build\jestAdapterInit.js:761:3)
          at runAndTransformResultsToJestFormat (C:\Users\alexi\Documents\projects\maicivy\frontend\node_modules\jest-circus\build\jestAdapterInit.js:1918:21)
          at jestAdapter (C:\Users\alexi\Documents\projects\maicivy\frontend\node_modules\jest-circus\build\runner.js:101:19)
          at runTestInternal (C:\Users\alexi\Documents\projects\maicivy\frontend\node_modules\jest-runner\build\testWorker.js:275:16)
          at runTest (C:\Users\alexi\Documents\projects\maicivy\frontend\node_modules\jest-runner\build\testWorker.js:343:7)
          at Object.worker (C:\Users\alexi\Documents\projects\maicivy\frontend\node_modules\jest-runner\build\testWorker.js:497:12) {
        detail: Error: Element type is invalid: expected a string (for built-in components) or a class/function (for composite components) but got: undefined. You likely forgot to export your component from the file it's defined in, or you might have mixed up default and named imports.
        
        Check the render method of `TimelineModal`.
            at createFiberFromTypeAndProps (C:\Users\alexi\Documents\projects\maicivy\frontend\node_modules\react-dom\cjs\react-dom.development.js:28478:17)
            at createFiberFromElement (C:\Users\alexi\Documents\projects\maicivy\frontend\node_modules\react-dom\cjs\react-dom.development.js:28504:15)
            at createChild (C:\Users\alexi\Documents\projects\maicivy\frontend\node_modules\react-dom\cjs\react-dom.development.js:13345:28)
            at reconcileChildrenArray (C:\Users\alexi\Documents\projects\maicivy\frontend\node_modules\react-dom\cjs\react-dom.development.js:13640:25)
            at reconcileChildFibers (C:\Users\alexi\Documents\projects\maicivy\frontend\node_modules\react-dom\cjs\react-dom.development.js:14057:16)
            at reconcileChildren (C:\Users\alexi\Documents\projects\maicivy\frontend\node_modules\react-dom\cjs\react-dom.development.js:19186:28)
            at updateHostComponent (C:\Users\alexi\Documents\projects\maicivy\frontend\node_modules\react-dom\cjs\react-dom.development.js:19953:3)
            at beginWork (C:\Users\alexi\Documents\projects\maicivy\frontend\node_modules\react-dom\cjs\react-dom.development.js:21657:14)
            at HTMLUnknownElement.callCallback (C:\Users\alexi\Documents\projects\maicivy\frontend\node_modules\react-dom\cjs\react-dom.development.js:4164:14)
            at HTMLUnknownElement.callTheUserObjectsOperation (C:\Users\alexi\Documents\projects\maicivy\frontend\node_modules\jsdom\lib\jsdom\living\generated\EventListener.js:26:30)
            at innerInvokeEventListeners (C:\Users\alexi\Documents\projects\maicivy\frontend\node_modules\jsdom\lib\jsdom\living\events\EventTarget-impl.js:350:25)
            at invokeEventListeners (C:\Users\alexi\Documents\projects\maicivy\frontend\node_modules\jsdom\lib\jsdom\living\events\EventTarget-impl.js:286:3)
            at HTMLUnknownElementImpl._dispatch (C:\Users\alexi\Documents\projects\maicivy\frontend\node_modules\jsdom\lib\jsdom\living\events\EventTarget-impl.js:233:9)
            at HTMLUnknownElementImpl.dispatchEvent (C:\Users\alexi\Documents\projects\maicivy\frontend\node_modules\jsdom\lib\jsdom\living\events\EventTarget-impl.js:104:17)
            at HTMLUnknownElement.dispatchEvent (C:\Users\alexi\Documents\projects\maicivy\frontend\node_modules\jsdom\lib\jsdom\living\generated\EventTarget.js:241:34)
            at Object.invokeGuardedCallbackDev (C:\Users\alexi\Documents\projects\maicivy\frontend\node_modules\react-dom\cjs\react-dom.development.js:4213:16)
            at invokeGuardedCallback (C:\Users\alexi\Documents\projects\maicivy\frontend\node_modules\react-dom\cjs\react-dom.development.js:4277:31)
            at beginWork$1 (C:\Users\alexi\Documents\projects\maicivy\frontend\node_modules\react-dom\cjs\react-dom.development.js:27490:7)
            at performUnitOfWork (C:\Users\alexi\Documents\projects\maicivy\frontend\node_modules\react-dom\cjs\react-dom.development.js:26599:12)
            at workLoopSync (C:\Users\alexi\Documents\projects\maicivy\frontend\node_modules\react-dom\cjs\react-dom.development.js:26505:5)
            at renderRootSync (C:\Users\alexi\Documents\projects\maicivy\frontend\node_modules\react-dom\cjs\react-dom.development.js:26473:7)
            at recoverFromConcurrentError (C:\Users\alexi\Documents\projects\maicivy\frontend\node_modules\react-dom\cjs\react-dom.development.js:25889:20)
            at performConcurrentWorkOnRoot (C:\Users\alexi\Documents\projects\maicivy\frontend\node_modules\react-dom\cjs\react-dom.development.js:25789:22)
            at flushActQueue (C:\Users\alexi\Documents\projects\maicivy\frontend\node_modules\react\cjs\react.development.js:2667:24)
            at act (C:\Users\alexi\Documents\projects\maicivy\frontend\node_modules\react\cjs\react.development.js:2582:11)
            at C:\Users\alexi\Documents\projects\maicivy\frontend\node_modules\@testing-library\react\dist\act-compat.js:47:25
            at renderRoot (C:\Users\alexi\Documents\projects\maicivy\frontend\node_modules\@testing-library\react\dist\pure.js:190:26)
            at render (C:\Users\alexi\Documents\projects\maicivy\frontend\node_modules\@testing-library\react\dist\pure.js:292:10)
            at Object.<anonymous> (C:\Users\alexi\Documents\projects\maicivy\frontend\components\__tests__\TimelineModal.test.tsx:118:11)
            at Promise.finally.completed (C:\Users\alexi\Documents\projects\maicivy\frontend\node_modules\jest-circus\build\jestAdapterInit.js:1557:28)
            at new Promise (<anonymous>)
            at callAsyncCircusFn (C:\Users\alexi\Documents\projects\maicivy\frontend\node_modules\jest-circus\build\jestAdapterInit.js:1497:10)
            at _callCircusTest (C:\Users\alexi\Documents\projects\maicivy\frontend\node_modules\jest-circus\build\jestAdapterInit.js:1007:40)
            at processTicksAndRejections (node:internal/process/task_queues:103:5)
            at _runTest (C:\Users\alexi\Documents\projects\maicivy\frontend\node_modules\jest-circus\build\jestAdapterInit.js:947:3)
            at C:\Users\alexi\Documents\projects\maicivy\frontend\node_modules\jest-circus\build\jestAdapterInit.js:849:7
            at _runTestsForDescribeBlock (C:\Users\alexi\Documents\projects\maicivy\frontend\node_modules\jest-circus\build\jestAdapterInit.js:862:11)
            at _runTestsForDescribeBlock (C:\Users\alexi\Documents\projects\maicivy\frontend\node_modules\jest-circus\build\jestAdapterInit.js:857:11)
            at run (C:\Users\alexi\Documents\projects\maicivy\frontend\node_modules\jest-circus\build\jestAdapterInit.js:761:3)
            at runAndTransformResultsToJestFormat (C:\Users\alexi\Documents\projects\maicivy\frontend\node_modules\jest-circus\build\jestAdapterInit.js:1918:21)
            at jestAdapter (C:\Users\alexi\Documents\projects\maicivy\frontend\node_modules\jest-circus\build\runner.js:101:19)
            at runTestInternal (C:\Users\alexi\Documents\projects\maicivy\frontend\node_modules\jest-runner\build\testWorker.js:275:16)
            at runTest (C:\Users\alexi\Documents\projects\maicivy\frontend\node_modules\jest-runner\build\testWorker.js:343:7)
            at Object.worker (C:\Users\alexi\Documents\projects\maicivy\frontend\node_modules\jest-runner\build\testWorker.js:497:12),
        type: 'unhandled exception'
      }

    [0m [90m 116 |[39m     [36mconst[39m eventWithoutImage [33m=[39m { [33m...[39mmockEvent[33m,[39m image[33m:[39m undefined }[33m;[39m
     [90m 117 |[39m
    [31m[1m>[22m[39m[90m 118 |[39m     render([33m<[39m[33mTimelineModal[39m event[33m=[39m{eventWithoutImage} onClose[33m=[39m{jest[33m.[39mfn()} [33m/[39m[33m>[39m)[33m;[39m
     [90m     |[39m           [31m[1m^[22m[39m
     [90m 119 |[39m
     [90m 120 |[39m     [36mconst[39m image [33m=[39m screen[33m.[39mqueryByAltText([32m'E-commerce Platform'[39m)[33m;[39m
     [90m 121 |[39m     expect(image)[33m.[39mnot[33m.[39mtoBeInTheDocument()[33m;[39m[0m

      at VirtualConsole.<anonymous> (node_modules/@jest/environment-jsdom-abstract/build/index.js:87:23)
      at reportException (node_modules/jsdom/lib/jsdom/living/helpers/runtime-script-errors.js:70:28)
      at innerInvokeEventListeners (node_modules/jsdom/lib/jsdom/living/events/EventTarget-impl.js:353:9)
      at invokeEventListeners (node_modules/jsdom/lib/jsdom/living/events/EventTarget-impl.js:286:3)
      at HTMLUnknownElementImpl._dispatch (node_modules/jsdom/lib/jsdom/living/events/EventTarget-impl.js:233:9)
      at HTMLUnknownElementImpl.dispatchEvent (node_modules/jsdom/lib/jsdom/living/events/EventTarget-impl.js:104:17)
      at HTMLUnknownElement.dispatchEvent (node_modules/jsdom/lib/jsdom/living/generated/EventTarget.js:241:34)
      at Object.invokeGuardedCallbackDev (node_modules/react-dom/cjs/react-dom.development.js:4213:16)
      at invokeGuardedCallback (node_modules/react-dom/cjs/react-dom.development.js:4277:31)
      at beginWork$1 (node_modules/react-dom/cjs/react-dom.development.js:27490:7)
      at performUnitOfWork (node_modules/react-dom/cjs/react-dom.development.js:26599:12)
      at workLoopSync (node_modules/react-dom/cjs/react-dom.development.js:26505:5)
      at renderRootSync (node_modules/react-dom/cjs/react-dom.development.js:26473:7)
      at recoverFromConcurrentError (node_modules/react-dom/cjs/react-dom.development.js:25889:20)
      at performConcurrentWorkOnRoot (node_modules/react-dom/cjs/react-dom.development.js:25789:22)
      at flushActQueue (node_modules/react/cjs/react.development.js:2667:24)
      at act (node_modules/react/cjs/react.development.js:2582:11)
      at node_modules/@testing-library/react/dist/act-compat.js:47:25
      at renderRoot (node_modules/@testing-library/react/dist/pure.js:190:26)
      at render (node_modules/@testing-library/react/dist/pure.js:292:10)
      at Object.<anonymous> (components/__tests__/TimelineModal.test.tsx:118:11)

    console.error
      The above error occurred in the <div> component:
      
          at div
          at div
          at div
          at div
          at children (C:\Users\alexi\Documents\projects\maicivy\frontend\components\__tests__\TimelineModal.test.tsx:8:13)
          at div
          at children (C:\Users\alexi\Documents\projects\maicivy\frontend\components\__tests__\TimelineModal.test.tsx:8:13)
          at children (C:\Users\alexi\Documents\projects\maicivy\frontend\components\__tests__\TimelineModal.test.tsx:12:23)
          at event (C:\Users\alexi\Documents\projects\maicivy\frontend\components\timeline\TimelineModal.tsx:13:56)
      
      Consider adding an error boundary to your tree to customize error handling behavior.
      Visit https://reactjs.org/link/error-boundaries to learn more about error boundaries.

    [0m [90m 116 |[39m     [36mconst[39m eventWithoutImage [33m=[39m { [33m...[39mmockEvent[33m,[39m image[33m:[39m undefined }[33m;[39m
     [90m 117 |[39m
    [31m[1m>[22m[39m[90m 118 |[39m     render([33m<[39m[33mTimelineModal[39m event[33m=[39m{eventWithoutImage} onClose[33m=[39m{jest[33m.[39mfn()} [33m/[39m[33m>[39m)[33m;[39m
     [90m     |[39m           [31m[1m^[22m[39m
     [90m 119 |[39m
     [90m 120 |[39m     [36mconst[39m image [33m=[39m screen[33m.[39mqueryByAltText([32m'E-commerce Platform'[39m)[33m;[39m
     [90m 121 |[39m     expect(image)[33m.[39mnot[33m.[39mtoBeInTheDocument()[33m;[39m[0m

      at logCapturedError (node_modules/react-dom/cjs/react-dom.development.js:18704:23)
      at update.callback (node_modules/react-dom/cjs/react-dom.development.js:18737:5)
      at callCallback (node_modules/react-dom/cjs/react-dom.development.js:15036:12)
      at commitUpdateQueue (node_modules/react-dom/cjs/react-dom.development.js:15057:9)
      at commitLayoutEffectOnFiber (node_modules/react-dom/cjs/react-dom.development.js:23430:13)
      at commitLayoutMountEffects_complete (node_modules/react-dom/cjs/react-dom.development.js:24727:9)
      at commitLayoutEffects_begin (node_modules/react-dom/cjs/react-dom.development.js:24713:7)
      at commitLayoutEffects (node_modules/react-dom/cjs/react-dom.development.js:24651:3)
      at commitRootImpl (node_modules/react-dom/cjs/react-dom.development.js:26862:5)
      at commitRoot (node_modules/react-dom/cjs/react-dom.development.js:26721:5)
      at finishConcurrentRender (node_modules/react-dom/cjs/react-dom.development.js:25931:9)
      at performConcurrentWorkOnRoot (node_modules/react-dom/cjs/react-dom.development.js:25848:7)
      at flushActQueue (node_modules/react/cjs/react.development.js:2667:24)
      at act (node_modules/react/cjs/react.development.js:2582:11)
      at node_modules/@testing-library/react/dist/act-compat.js:47:25
      at renderRoot (node_modules/@testing-library/react/dist/pure.js:190:26)
      at render (node_modules/@testing-library/react/dist/pure.js:292:10)
      at Object.<anonymous> (components/__tests__/TimelineModal.test.tsx:118:11)

    console.error
      Warning: React.jsx: type is invalid -- expected a string (for built-in components) or a class/function (for composite components) but got: undefined. You likely forgot to export your component from the file it's defined in, or you might have mixed up default and named imports.
      
      Check the render method of `TimelineModal`.
          at event (C:\Users\alexi\Documents\projects\maicivy\frontend\components\timeline\TimelineModal.tsx:13:56)

    [0m [90m 151 |[39m                 [33m<[39m[33mdiv[39m className[33m=[39m[32m"flex flex-wrap gap-2"[39m[33m>[39m
     [90m 152 |[39m                   {event[33m.[39mtags[33m.[39mmap((tag) [33m=>[39m (
    [31m[1m>[22m[39m[90m 153 |[39m                     [33m<[39m[33mmotion[39m[33m.[39mspan
     [90m     |[39m                     [31m[1m^[22m[39m
     [90m 154 |[39m                       key[33m=[39m{tag}
     [90m 155 |[39m                       whileHover[33m=[39m{{ scale[33m:[39m [35m1.05[39m }}
     [90m 156 |[39m                       className[33m=[39m[32m"px-4 py-2 bg-blue-500 text-white text-sm font-medium rounded-full shadow-sm"[39m[0m

      at printWarning (node_modules/react/cjs/react-jsx-runtime.development.js:87:30)
      at error (node_modules/react/cjs/react-jsx-runtime.development.js:61:7)
      at jsxWithValidation (node_modules/react/cjs/react-jsx-runtime.development.js:1245:7)
      at jsxWithValidationDynamic (node_modules/react/cjs/react-jsx-runtime.development.js:1320:12)
      at components/timeline/TimelineModal.tsx:153:21
          at Array.map (<anonymous>)
      at map (components/timeline/TimelineModal.tsx:152:31)
      at renderWithHooks (node_modules/react-dom/cjs/react-dom.development.js:15486:18)
      at mountIndeterminateComponent (node_modules/react-dom/cjs/react-dom.development.js:20103:13)
      at beginWork (node_modules/react-dom/cjs/react-dom.development.js:21626:16)
      at beginWork$1 (node_modules/react-dom/cjs/react-dom.development.js:27465:14)
      at performUnitOfWork (node_modules/react-dom/cjs/react-dom.development.js:26599:12)
      at workLoopSync (node_modules/react-dom/cjs/react-dom.development.js:26505:5)
      at renderRootSync (node_modules/react-dom/cjs/react-dom.development.js:26473:7)
      at performConcurrentWorkOnRoot (node_modules/react-dom/cjs/react-dom.development.js:25777:74)
      at flushActQueue (node_modules/react/cjs/react.development.js:2667:24)
      at act (node_modules/react/cjs/react.development.js:2582:11)
      at node_modules/@testing-library/react/dist/act-compat.js:47:25
      at renderRoot (node_modules/@testing-library/react/dist/pure.js:190:26)
      at render (node_modules/@testing-library/react/dist/pure.js:292:10)
      at Object.<anonymous> (components/__tests__/TimelineModal.test.tsx:125:11)

    console.error
      Warning: React.jsx: type is invalid -- expected a string (for built-in components) or a class/function (for composite components) but got: undefined. You likely forgot to export your component from the file it's defined in, or you might have mixed up default and named imports.
      
      Check the render method of `TimelineModal`.
          at event (C:\Users\alexi\Documents\projects\maicivy\frontend\components\timeline\TimelineModal.tsx:13:56)

    [0m [90m 151 |[39m                 [33m<[39m[33mdiv[39m className[33m=[39m[32m"flex flex-wrap gap-2"[39m[33m>[39m
     [90m 152 |[39m                   {event[33m.[39mtags[33m.[39mmap((tag) [33m=>[39m (
    [31m[1m>[22m[39m[90m 153 |[39m                     [33m<[39m[33mmotion[39m[33m.[39mspan
     [90m     |[39m                     [31m[1m^[22m[39m
     [90m 154 |[39m                       key[33m=[39m{tag}
     [90m 155 |[39m                       whileHover[33m=[39m{{ scale[33m:[39m [35m1.05[39m }}
     [90m 156 |[39m                       className[33m=[39m[32m"px-4 py-2 bg-blue-500 text-white text-sm font-medium rounded-full shadow-sm"[39m[0m

      at printWarning (node_modules/react/cjs/react-jsx-runtime.development.js:87:30)
      at error (node_modules/react/cjs/react-jsx-runtime.development.js:61:7)
      at jsxWithValidation (node_modules/react/cjs/react-jsx-runtime.development.js:1245:7)
      at jsxWithValidationDynamic (node_modules/react/cjs/react-jsx-runtime.development.js:1320:12)
      at components/timeline/TimelineModal.tsx:153:21
          at Array.map (<anonymous>)
      at map (components/timeline/TimelineModal.tsx:152:31)
      at renderWithHooks (node_modules/react-dom/cjs/react-dom.development.js:15486:18)
      at mountIndeterminateComponent (node_modules/react-dom/cjs/react-dom.development.js:20103:13)
      at beginWork (node_modules/react-dom/cjs/react-dom.development.js:21626:16)
      at beginWork$1 (node_modules/react-dom/cjs/react-dom.development.js:27465:14)
      at performUnitOfWork (node_modules/react-dom/cjs/react-dom.development.js:26599:12)
      at workLoopSync (node_modules/react-dom/cjs/react-dom.development.js:26505:5)
      at renderRootSync (node_modules/react-dom/cjs/react-dom.development.js:26473:7)
      at performConcurrentWorkOnRoot (node_modules/react-dom/cjs/react-dom.development.js:25777:74)
      at flushActQueue (node_modules/react/cjs/react.development.js:2667:24)
      at act (node_modules/react/cjs/react.development.js:2582:11)
      at node_modules/@testing-library/react/dist/act-compat.js:47:25
      at renderRoot (node_modules/@testing-library/react/dist/pure.js:190:26)
      at render (node_modules/@testing-library/react/dist/pure.js:292:10)
      at Object.<anonymous> (components/__tests__/TimelineModal.test.tsx:125:11)

    console.error
      Warning: React.jsx: type is invalid -- expected a string (for built-in components) or a class/function (for composite components) but got: undefined. You likely forgot to export your component from the file it's defined in, or you might have mixed up default and named imports.
      
      Check the render method of `TimelineModal`.
          at event (C:\Users\alexi\Documents\projects\maicivy\frontend\components\timeline\TimelineModal.tsx:13:56)

    [0m [90m 151 |[39m                 [33m<[39m[33mdiv[39m className[33m=[39m[32m"flex flex-wrap gap-2"[39m[33m>[39m
     [90m 152 |[39m                   {event[33m.[39mtags[33m.[39mmap((tag) [33m=>[39m (
    [31m[1m>[22m[39m[90m 153 |[39m                     [33m<[39m[33mmotion[39m[33m.[39mspan
     [90m     |[39m                     [31m[1m^[22m[39m
     [90m 154 |[39m                       key[33m=[39m{tag}
     [90m 155 |[39m                       whileHover[33m=[39m{{ scale[33m:[39m [35m1.05[39m }}
     [90m 156 |[39m                       className[33m=[39m[32m"px-4 py-2 bg-blue-500 text-white text-sm font-medium rounded-full shadow-sm"[39m[0m

      at printWarning (node_modules/react/cjs/react-jsx-runtime.development.js:87:30)
      at error (node_modules/react/cjs/react-jsx-runtime.development.js:61:7)
      at jsxWithValidation (node_modules/react/cjs/react-jsx-runtime.development.js:1245:7)
      at jsxWithValidationDynamic (node_modules/react/cjs/react-jsx-runtime.development.js:1320:12)
      at components/timeline/TimelineModal.tsx:153:21
          at Array.map (<anonymous>)
      at map (components/timeline/TimelineModal.tsx:152:31)
      at renderWithHooks (node_modules/react-dom/cjs/react-dom.development.js:15486:18)
      at mountIndeterminateComponent (node_modules/react-dom/cjs/react-dom.development.js:20103:13)
      at beginWork (node_modules/react-dom/cjs/react-dom.development.js:21626:16)
      at beginWork$1 (node_modules/react-dom/cjs/react-dom.development.js:27465:14)
      at performUnitOfWork (node_modules/react-dom/cjs/react-dom.development.js:26599:12)
      at workLoopSync (node_modules/react-dom/cjs/react-dom.development.js:26505:5)
      at renderRootSync (node_modules/react-dom/cjs/react-dom.development.js:26473:7)
      at performConcurrentWorkOnRoot (node_modules/react-dom/cjs/react-dom.development.js:25777:74)
      at flushActQueue (node_modules/react/cjs/react.development.js:2667:24)
      at act (node_modules/react/cjs/react.development.js:2582:11)
      at node_modules/@testing-library/react/dist/act-compat.js:47:25
      at renderRoot (node_modules/@testing-library/react/dist/pure.js:190:26)
      at render (node_modules/@testing-library/react/dist/pure.js:292:10)
      at Object.<anonymous> (components/__tests__/TimelineModal.test.tsx:125:11)

    console.error
      Warning: React.jsx: type is invalid -- expected a string (for built-in components) or a class/function (for composite components) but got: undefined. You likely forgot to export your component from the file it's defined in, or you might have mixed up default and named imports.
      
      Check the render method of `TimelineModal`.
          at event (C:\Users\alexi\Documents\projects\maicivy\frontend\components\timeline\TimelineModal.tsx:13:56)

    [0m [90m 151 |[39m                 [33m<[39m[33mdiv[39m className[33m=[39m[32m"flex flex-wrap gap-2"[39m[33m>[39m
     [90m 152 |[39m                   {event[33m.[39mtags[33m.[39mmap((tag) [33m=>[39m (
    [31m[1m>[22m[39m[90m 153 |[39m                     [33m<[39m[33mmotion[39m[33m.[39mspan
     [90m     |[39m                     [31m[1m^[22m[39m
     [90m 154 |[39m                       key[33m=[39m{tag}
     [90m 155 |[39m                       whileHover[33m=[39m{{ scale[33m:[39m [35m1.05[39m }}
     [90m 156 |[39m                       className[33m=[39m[32m"px-4 py-2 bg-blue-500 text-white text-sm font-medium rounded-full shadow-sm"[39m[0m

      at printWarning (node_modules/react/cjs/react-jsx-runtime.development.js:87:30)
      at error (node_modules/react/cjs/react-jsx-runtime.development.js:61:7)
      at jsxWithValidation (node_modules/react/cjs/react-jsx-runtime.development.js:1245:7)
      at jsxWithValidationDynamic (node_modules/react/cjs/react-jsx-runtime.development.js:1320:12)
      at components/timeline/TimelineModal.tsx:153:21
          at Array.map (<anonymous>)
      at map (components/timeline/TimelineModal.tsx:152:31)
      at renderWithHooks (node_modules/react-dom/cjs/react-dom.development.js:15486:18)
      at mountIndeterminateComponent (node_modules/react-dom/cjs/react-dom.development.js:20103:13)
      at beginWork (node_modules/react-dom/cjs/react-dom.development.js:21626:16)
      at beginWork$1 (node_modules/react-dom/cjs/react-dom.development.js:27465:14)
      at performUnitOfWork (node_modules/react-dom/cjs/react-dom.development.js:26599:12)
      at workLoopSync (node_modules/react-dom/cjs/react-dom.development.js:26505:5)
      at renderRootSync (node_modules/react-dom/cjs/react-dom.development.js:26473:7)
      at performConcurrentWorkOnRoot (node_modules/react-dom/cjs/react-dom.development.js:25777:74)
      at flushActQueue (node_modules/react/cjs/react.development.js:2667:24)
      at act (node_modules/react/cjs/react.development.js:2582:11)
      at node_modules/@testing-library/react/dist/act-compat.js:47:25
      at renderRoot (node_modules/@testing-library/react/dist/pure.js:190:26)
      at render (node_modules/@testing-library/react/dist/pure.js:292:10)
      at Object.<anonymous> (components/__tests__/TimelineModal.test.tsx:125:11)

    console.error
      Warning: React.jsx: type is invalid -- expected a string (for built-in components) or a class/function (for composite components) but got: undefined. You likely forgot to export your component from the file it's defined in, or you might have mixed up default and named imports.
      
      Check the render method of `TimelineModal`.
          at event (C:\Users\alexi\Documents\projects\maicivy\frontend\components\timeline\TimelineModal.tsx:13:56)

    [0m [90m 151 |[39m                 [33m<[39m[33mdiv[39m className[33m=[39m[32m"flex flex-wrap gap-2"[39m[33m>[39m
     [90m 152 |[39m                   {event[33m.[39mtags[33m.[39mmap((tag) [33m=>[39m (
    [31m[1m>[22m[39m[90m 153 |[39m                     [33m<[39m[33mmotion[39m[33m.[39mspan
     [90m     |[39m                     [31m[1m^[22m[39m
     [90m 154 |[39m                       key[33m=[39m{tag}
     [90m 155 |[39m                       whileHover[33m=[39m{{ scale[33m:[39m [35m1.05[39m }}
     [90m 156 |[39m                       className[33m=[39m[32m"px-4 py-2 bg-blue-500 text-white text-sm font-medium rounded-full shadow-sm"[39m[0m

      at printWarning (node_modules/react/cjs/react-jsx-runtime.development.js:87:30)
      at error (node_modules/react/cjs/react-jsx-runtime.development.js:61:7)
      at jsxWithValidation (node_modules/react/cjs/react-jsx-runtime.development.js:1245:7)
      at jsxWithValidationDynamic (node_modules/react/cjs/react-jsx-runtime.development.js:1320:12)
      at components/timeline/TimelineModal.tsx:153:21
          at Array.map (<anonymous>)
      at map (components/timeline/TimelineModal.tsx:152:31)
      at renderWithHooks (node_modules/react-dom/cjs/react-dom.development.js:15486:18)
      at mountIndeterminateComponent (node_modules/react-dom/cjs/react-dom.development.js:20103:13)
      at beginWork (node_modules/react-dom/cjs/react-dom.development.js:21626:16)
      at beginWork$1 (node_modules/react-dom/cjs/react-dom.development.js:27465:14)
      at performUnitOfWork (node_modules/react-dom/cjs/react-dom.development.js:26599:12)
      at workLoopSync (node_modules/react-dom/cjs/react-dom.development.js:26505:5)
      at renderRootSync (node_modules/react-dom/cjs/react-dom.development.js:26473:7)
      at performConcurrentWorkOnRoot (node_modules/react-dom/cjs/react-dom.development.js:25777:74)
      at flushActQueue (node_modules/react/cjs/react.development.js:2667:24)
      at act (node_modules/react/cjs/react.development.js:2582:11)
      at node_modules/@testing-library/react/dist/act-compat.js:47:25
      at renderRoot (node_modules/@testing-library/react/dist/pure.js:190:26)
      at render (node_modules/@testing-library/react/dist/pure.js:292:10)
      at Object.<anonymous> (components/__tests__/TimelineModal.test.tsx:125:11)

    console.error
      Error: Uncaught [Error: Element type is invalid: expected a string (for built-in components) or a class/function (for composite components) but got: undefined. You likely forgot to export your component from the file it's defined in, or you might have mixed up default and named imports.
      
      Check the render method of `TimelineModal`.]
          at reportException (C:\Users\alexi\Documents\projects\maicivy\frontend\node_modules\jsdom\lib\jsdom\living\helpers\runtime-script-errors.js:66:24)
          at innerInvokeEventListeners (C:\Users\alexi\Documents\projects\maicivy\frontend\node_modules\jsdom\lib\jsdom\living\events\EventTarget-impl.js:353:9)
          at invokeEventListeners (C:\Users\alexi\Documents\projects\maicivy\frontend\node_modules\jsdom\lib\jsdom\living\events\EventTarget-impl.js:286:3)
          at HTMLUnknownElementImpl._dispatch (C:\Users\alexi\Documents\projects\maicivy\frontend\node_modules\jsdom\lib\jsdom\living\events\EventTarget-impl.js:233:9)
          at HTMLUnknownElementImpl.dispatchEvent (C:\Users\alexi\Documents\projects\maicivy\frontend\node_modules\jsdom\lib\jsdom\living\events\EventTarget-impl.js:104:17)
          at HTMLUnknownElement.dispatchEvent (C:\Users\alexi\Documents\projects\maicivy\frontend\node_modules\jsdom\lib\jsdom\living\generated\EventTarget.js:241:34)
          at Object.invokeGuardedCallbackDev (C:\Users\alexi\Documents\projects\maicivy\frontend\node_modules\react-dom\cjs\react-dom.development.js:4213:16)
          at invokeGuardedCallback (C:\Users\alexi\Documents\projects\maicivy\frontend\node_modules\react-dom\cjs\react-dom.development.js:4277:31)
          at beginWork$1 (C:\Users\alexi\Documents\projects\maicivy\frontend\node_modules\react-dom\cjs\react-dom.development.js:27490:7)
          at performUnitOfWork (C:\Users\alexi\Documents\projects\maicivy\frontend\node_modules\react-dom\cjs\react-dom.development.js:26599:12)
          at workLoopSync (C:\Users\alexi\Documents\projects\maicivy\frontend\node_modules\react-dom\cjs\react-dom.development.js:26505:5)
          at renderRootSync (C:\Users\alexi\Documents\projects\maicivy\frontend\node_modules\react-dom\cjs\react-dom.development.js:26473:7)
          at performConcurrentWorkOnRoot (C:\Users\alexi\Documents\projects\maicivy\frontend\node_modules\react-dom\cjs\react-dom.development.js:25777:74)
          at flushActQueue (C:\Users\alexi\Documents\projects\maicivy\frontend\node_modules\react\cjs\react.development.js:2667:24)
          at act (C:\Users\alexi\Documents\projects\maicivy\frontend\node_modules\react\cjs\react.development.js:2582:11)
          at C:\Users\alexi\Documents\projects\maicivy\frontend\node_modules\@testing-library\react\dist\act-compat.js:47:25
          at renderRoot (C:\Users\alexi\Documents\projects\maicivy\frontend\node_modules\@testing-library\react\dist\pure.js:190:26)
          at render (C:\Users\alexi\Documents\projects\maicivy\frontend\node_modules\@testing-library\react\dist\pure.js:292:10)
          at Object.<anonymous> (C:\Users\alexi\Documents\projects\maicivy\frontend\components\__tests__\TimelineModal.test.tsx:125:11)
          at Promise.finally.completed (C:\Users\alexi\Documents\projects\maicivy\frontend\node_modules\jest-circus\build\jestAdapterInit.js:1557:28)
          at new Promise (<anonymous>)
          at callAsyncCircusFn (C:\Users\alexi\Documents\projects\maicivy\frontend\node_modules\jest-circus\build\jestAdapterInit.js:1497:10)
          at _callCircusTest (C:\Users\alexi\Documents\projects\maicivy\frontend\node_modules\jest-circus\build\jestAdapterInit.js:1007:40)
          at processTicksAndRejections (node:internal/process/task_queues:103:5)
          at _runTest (C:\Users\alexi\Documents\projects\maicivy\frontend\node_modules\jest-circus\build\jestAdapterInit.js:947:3)
          at C:\Users\alexi\Documents\projects\maicivy\frontend\node_modules\jest-circus\build\jestAdapterInit.js:849:7
          at _runTestsForDescribeBlock (C:\Users\alexi\Documents\projects\maicivy\frontend\node_modules\jest-circus\build\jestAdapterInit.js:862:11)
          at _runTestsForDescribeBlock (C:\Users\alexi\Documents\projects\maicivy\frontend\node_modules\jest-circus\build\jestAdapterInit.js:857:11)
          at run (C:\Users\alexi\Documents\projects\maicivy\frontend\node_modules\jest-circus\build\jestAdapterInit.js:761:3)
          at runAndTransformResultsToJestFormat (C:\Users\alexi\Documents\projects\maicivy\frontend\node_modules\jest-circus\build\jestAdapterInit.js:1918:21)
          at jestAdapter (C:\Users\alexi\Documents\projects\maicivy\frontend\node_modules\jest-circus\build\runner.js:101:19)
          at runTestInternal (C:\Users\alexi\Documents\projects\maicivy\frontend\node_modules\jest-runner\build\testWorker.js:275:16)
          at runTest (C:\Users\alexi\Documents\projects\maicivy\frontend\node_modules\jest-runner\build\testWorker.js:343:7)
          at Object.worker (C:\Users\alexi\Documents\projects\maicivy\frontend\node_modules\jest-runner\build\testWorker.js:497:12) {
        detail: Error: Element type is invalid: expected a string (for built-in components) or a class/function (for composite components) but got: undefined. You likely forgot to export your component from the file it's defined in, or you might have mixed up default and named imports.
        
        Check the render method of `TimelineModal`.
            at createFiberFromTypeAndProps (C:\Users\alexi\Documents\projects\maicivy\frontend\node_modules\react-dom\cjs\react-dom.development.js:28478:17)
            at createFiberFromElement (C:\Users\alexi\Documents\projects\maicivy\frontend\node_modules\react-dom\cjs\react-dom.development.js:28504:15)
            at createChild (C:\Users\alexi\Documents\projects\maicivy\frontend\node_modules\react-dom\cjs\react-dom.development.js:13345:28)
            at reconcileChildrenArray (C:\Users\alexi\Documents\projects\maicivy\frontend\node_modules\react-dom\cjs\react-dom.development.js:13640:25)
            at reconcileChildFibers (C:\Users\alexi\Documents\projects\maicivy\frontend\node_modules\react-dom\cjs\react-dom.development.js:14057:16)
            at reconcileChildren (C:\Users\alexi\Documents\projects\maicivy\frontend\node_modules\react-dom\cjs\react-dom.development.js:19186:28)
            at updateHostComponent (C:\Users\alexi\Documents\projects\maicivy\frontend\node_modules\react-dom\cjs\react-dom.development.js:19953:3)
            at beginWork (C:\Users\alexi\Documents\projects\maicivy\frontend\node_modules\react-dom\cjs\react-dom.development.js:21657:14)
            at HTMLUnknownElement.callCallback (C:\Users\alexi\Documents\projects\maicivy\frontend\node_modules\react-dom\cjs\react-dom.development.js:4164:14)
            at HTMLUnknownElement.callTheUserObjectsOperation (C:\Users\alexi\Documents\projects\maicivy\frontend\node_modules\jsdom\lib\jsdom\living\generated\EventListener.js:26:30)
            at innerInvokeEventListeners (C:\Users\alexi\Documents\projects\maicivy\frontend\node_modules\jsdom\lib\jsdom\living\events\EventTarget-impl.js:350:25)
            at invokeEventListeners (C:\Users\alexi\Documents\projects\maicivy\frontend\node_modules\jsdom\lib\jsdom\living\events\EventTarget-impl.js:286:3)
            at HTMLUnknownElementImpl._dispatch (C:\Users\alexi\Documents\projects\maicivy\frontend\node_modules\jsdom\lib\jsdom\living\events\EventTarget-impl.js:233:9)
            at HTMLUnknownElementImpl.dispatchEvent (C:\Users\alexi\Documents\projects\maicivy\frontend\node_modules\jsdom\lib\jsdom\living\events\EventTarget-impl.js:104:17)
            at HTMLUnknownElement.dispatchEvent (C:\Users\alexi\Documents\projects\maicivy\frontend\node_modules\jsdom\lib\jsdom\living\generated\EventTarget.js:241:34)
            at Object.invokeGuardedCallbackDev (C:\Users\alexi\Documents\projects\maicivy\frontend\node_modules\react-dom\cjs\react-dom.development.js:4213:16)
            at invokeGuardedCallback (C:\Users\alexi\Documents\projects\maicivy\frontend\node_modules\react-dom\cjs\react-dom.development.js:4277:31)
            at beginWork$1 (C:\Users\alexi\Documents\projects\maicivy\frontend\node_modules\react-dom\cjs\react-dom.development.js:27490:7)
            at performUnitOfWork (C:\Users\alexi\Documents\projects\maicivy\frontend\node_modules\react-dom\cjs\react-dom.development.js:26599:12)
            at workLoopSync (C:\Users\alexi\Documents\projects\maicivy\frontend\node_modules\react-dom\cjs\react-dom.development.js:26505:5)
            at renderRootSync (C:\Users\alexi\Documents\projects\maicivy\frontend\node_modules\react-dom\cjs\react-dom.development.js:26473:7)
            at performConcurrentWorkOnRoot (C:\Users\alexi\Documents\projects\maicivy\frontend\node_modules\react-dom\cjs\react-dom.development.js:25777:74)
            at flushActQueue (C:\Users\alexi\Documents\projects\maicivy\frontend\node_modules\react\cjs\react.development.js:2667:24)
            at act (C:\Users\alexi\Documents\projects\maicivy\frontend\node_modules\react\cjs\react.development.js:2582:11)
            at C:\Users\alexi\Documents\projects\maicivy\frontend\node_modules\@testing-library\react\dist\act-compat.js:47:25
            at renderRoot (C:\Users\alexi\Documents\projects\maicivy\frontend\node_modules\@testing-library\react\dist\pure.js:190:26)
            at render (C:\Users\alexi\Documents\projects\maicivy\frontend\node_modules\@testing-library\react\dist\pure.js:292:10)
            at Object.<anonymous> (C:\Users\alexi\Documents\projects\maicivy\frontend\components\__tests__\TimelineModal.test.tsx:125:11)
            at Promise.finally.completed (C:\Users\alexi\Documents\projects\maicivy\frontend\node_modules\jest-circus\build\jestAdapterInit.js:1557:28)
            at new Promise (<anonymous>)
            at callAsyncCircusFn (C:\Users\alexi\Documents\projects\maicivy\frontend\node_modules\jest-circus\build\jestAdapterInit.js:1497:10)
            at _callCircusTest (C:\Users\alexi\Documents\projects\maicivy\frontend\node_modules\jest-circus\build\jestAdapterInit.js:1007:40)
            at processTicksAndRejections (node:internal/process/task_queues:103:5)
            at _runTest (C:\Users\alexi\Documents\projects\maicivy\frontend\node_modules\jest-circus\build\jestAdapterInit.js:947:3)
            at C:\Users\alexi\Documents\projects\maicivy\frontend\node_modules\jest-circus\build\jestAdapterInit.js:849:7
            at _runTestsForDescribeBlock (C:\Users\alexi\Documents\projects\maicivy\frontend\node_modules\jest-circus\build\jestAdapterInit.js:862:11)
            at _runTestsForDescribeBlock (C:\Users\alexi\Documents\projects\maicivy\frontend\node_modules\jest-circus\build\jestAdapterInit.js:857:11)
            at run (C:\Users\alexi\Documents\projects\maicivy\frontend\node_modules\jest-circus\build\jestAdapterInit.js:761:3)
            at runAndTransformResultsToJestFormat (C:\Users\alexi\Documents\projects\maicivy\frontend\node_modules\jest-circus\build\jestAdapterInit.js:1918:21)
            at jestAdapter (C:\Users\alexi\Documents\projects\maicivy\frontend\node_modules\jest-circus\build\runner.js:101:19)
            at runTestInternal (C:\Users\alexi\Documents\projects\maicivy\frontend\node_modules\jest-runner\build\testWorker.js:275:16)
            at runTest (C:\Users\alexi\Documents\projects\maicivy\frontend\node_modules\jest-runner\build\testWorker.js:343:7)
            at Object.worker (C:\Users\alexi\Documents\projects\maicivy\frontend\node_modules\jest-runner\build\testWorker.js:497:12),
        type: 'unhandled exception'
      }

    [0m [90m 123 |[39m
     [90m 124 |[39m   it([32m'should display event content'[39m[33m,[39m () [33m=>[39m {
    [31m[1m>[22m[39m[90m 125 |[39m     render([33m<[39m[33mTimelineModal[39m event[33m=[39m{mockEvent} onClose[33m=[39m{jest[33m.[39mfn()} [33m/[39m[33m>[39m)[33m;[39m
     [90m     |[39m           [31m[1m^[22m[39m
     [90m 126 |[39m
     [90m 127 |[39m     expect(screen[33m.[39mgetByText([35m/built a complete e-commerce platform/i[39m))[33m.[39mtoBeInTheDocument()[33m;[39m
     [90m 128 |[39m   })[33m;[39m[0m

      at VirtualConsole.<anonymous> (node_modules/@jest/environment-jsdom-abstract/build/index.js:87:23)
      at reportException (node_modules/jsdom/lib/jsdom/living/helpers/runtime-script-errors.js:70:28)
      at innerInvokeEventListeners (node_modules/jsdom/lib/jsdom/living/events/EventTarget-impl.js:353:9)
      at invokeEventListeners (node_modules/jsdom/lib/jsdom/living/events/EventTarget-impl.js:286:3)
      at HTMLUnknownElementImpl._dispatch (node_modules/jsdom/lib/jsdom/living/events/EventTarget-impl.js:233:9)
      at HTMLUnknownElementImpl.dispatchEvent (node_modules/jsdom/lib/jsdom/living/events/EventTarget-impl.js:104:17)
      at HTMLUnknownElement.dispatchEvent (node_modules/jsdom/lib/jsdom/living/generated/EventTarget.js:241:34)
      at Object.invokeGuardedCallbackDev (node_modules/react-dom/cjs/react-dom.development.js:4213:16)
      at invokeGuardedCallback (node_modules/react-dom/cjs/react-dom.development.js:4277:31)
      at beginWork$1 (node_modules/react-dom/cjs/react-dom.development.js:27490:7)
      at performUnitOfWork (node_modules/react-dom/cjs/react-dom.development.js:26599:12)
      at workLoopSync (node_modules/react-dom/cjs/react-dom.development.js:26505:5)
      at renderRootSync (node_modules/react-dom/cjs/react-dom.development.js:26473:7)
      at performConcurrentWorkOnRoot (node_modules/react-dom/cjs/react-dom.development.js:25777:74)
      at flushActQueue (node_modules/react/cjs/react.development.js:2667:24)
      at act (node_modules/react/cjs/react.development.js:2582:11)
      at node_modules/@testing-library/react/dist/act-compat.js:47:25
      at renderRoot (node_modules/@testing-library/react/dist/pure.js:190:26)
      at render (node_modules/@testing-library/react/dist/pure.js:292:10)
      at Object.<anonymous> (components/__tests__/TimelineModal.test.tsx:125:11)

    console.error
      Warning: React.jsx: type is invalid -- expected a string (for built-in components) or a class/function (for composite components) but got: undefined. You likely forgot to export your component from the file it's defined in, or you might have mixed up default and named imports.
      
      Check the render method of `TimelineModal`.
          at event (C:\Users\alexi\Documents\projects\maicivy\frontend\components\timeline\TimelineModal.tsx:13:56)

    [0m [90m 151 |[39m                 [33m<[39m[33mdiv[39m className[33m=[39m[32m"flex flex-wrap gap-2"[39m[33m>[39m
     [90m 152 |[39m                   {event[33m.[39mtags[33m.[39mmap((tag) [33m=>[39m (
    [31m[1m>[22m[39m[90m 153 |[39m                     [33m<[39m[33mmotion[39m[33m.[39mspan
     [90m     |[39m                     [31m[1m^[22m[39m
     [90m 154 |[39m                       key[33m=[39m{tag}
     [90m 155 |[39m                       whileHover[33m=[39m{{ scale[33m:[39m [35m1.05[39m }}
     [90m 156 |[39m                       className[33m=[39m[32m"px-4 py-2 bg-blue-500 text-white text-sm font-medium rounded-full shadow-sm"[39m[0m

      at printWarning (node_modules/react/cjs/react-jsx-runtime.development.js:87:30)
      at error (node_modules/react/cjs/react-jsx-runtime.development.js:61:7)
      at jsxWithValidation (node_modules/react/cjs/react-jsx-runtime.development.js:1245:7)
      at jsxWithValidationDynamic (node_modules/react/cjs/react-jsx-runtime.development.js:1320:12)
      at components/timeline/TimelineModal.tsx:153:21
          at Array.map (<anonymous>)
      at map (components/timeline/TimelineModal.tsx:152:31)
      at renderWithHooks (node_modules/react-dom/cjs/react-dom.development.js:15486:18)
      at mountIndeterminateComponent (node_modules/react-dom/cjs/react-dom.development.js:20103:13)
      at beginWork (node_modules/react-dom/cjs/react-dom.development.js:21626:16)
      at beginWork$1 (node_modules/react-dom/cjs/react-dom.development.js:27465:14)
      at performUnitOfWork (node_modules/react-dom/cjs/react-dom.development.js:26599:12)
      at workLoopSync (node_modules/react-dom/cjs/react-dom.development.js:26505:5)
      at renderRootSync (node_modules/react-dom/cjs/react-dom.development.js:26473:7)
      at recoverFromConcurrentError (node_modules/react-dom/cjs/react-dom.development.js:25889:20)
      at performConcurrentWorkOnRoot (node_modules/react-dom/cjs/react-dom.development.js:25789:22)
      at flushActQueue (node_modules/react/cjs/react.development.js:2667:24)
      at act (node_modules/react/cjs/react.development.js:2582:11)
      at node_modules/@testing-library/react/dist/act-compat.js:47:25
      at renderRoot (node_modules/@testing-library/react/dist/pure.js:190:26)
      at render (node_modules/@testing-library/react/dist/pure.js:292:10)
      at Object.<anonymous> (components/__tests__/TimelineModal.test.tsx:125:11)

    console.error
      Warning: React.jsx: type is invalid -- expected a string (for built-in components) or a class/function (for composite components) but got: undefined. You likely forgot to export your component from the file it's defined in, or you might have mixed up default and named imports.
      
      Check the render method of `TimelineModal`.
          at event (C:\Users\alexi\Documents\projects\maicivy\frontend\components\timeline\TimelineModal.tsx:13:56)

    [0m [90m 151 |[39m                 [33m<[39m[33mdiv[39m className[33m=[39m[32m"flex flex-wrap gap-2"[39m[33m>[39m
     [90m 152 |[39m                   {event[33m.[39mtags[33m.[39mmap((tag) [33m=>[39m (
    [31m[1m>[22m[39m[90m 153 |[39m                     [33m<[39m[33mmotion[39m[33m.[39mspan
     [90m     |[39m                     [31m[1m^[22m[39m
     [90m 154 |[39m                       key[33m=[39m{tag}
     [90m 155 |[39m                       whileHover[33m=[39m{{ scale[33m:[39m [35m1.05[39m }}
     [90m 156 |[39m                       className[33m=[39m[32m"px-4 py-2 bg-blue-500 text-white text-sm font-medium rounded-full shadow-sm"[39m[0m

      at printWarning (node_modules/react/cjs/react-jsx-runtime.development.js:87:30)
      at error (node_modules/react/cjs/react-jsx-runtime.development.js:61:7)
      at jsxWithValidation (node_modules/react/cjs/react-jsx-runtime.development.js:1245:7)
      at jsxWithValidationDynamic (node_modules/react/cjs/react-jsx-runtime.development.js:1320:12)
      at components/timeline/TimelineModal.tsx:153:21
          at Array.map (<anonymous>)
      at map (components/timeline/TimelineModal.tsx:152:31)
      at renderWithHooks (node_modules/react-dom/cjs/react-dom.development.js:15486:18)
      at mountIndeterminateComponent (node_modules/react-dom/cjs/react-dom.development.js:20103:13)
      at beginWork (node_modules/react-dom/cjs/react-dom.development.js:21626:16)
      at beginWork$1 (node_modules/react-dom/cjs/react-dom.development.js:27465:14)
      at performUnitOfWork (node_modules/react-dom/cjs/react-dom.development.js:26599:12)
      at workLoopSync (node_modules/react-dom/cjs/react-dom.development.js:26505:5)
      at renderRootSync (node_modules/react-dom/cjs/react-dom.development.js:26473:7)
      at recoverFromConcurrentError (node_modules/react-dom/cjs/react-dom.development.js:25889:20)
      at performConcurrentWorkOnRoot (node_modules/react-dom/cjs/react-dom.development.js:25789:22)
      at flushActQueue (node_modules/react/cjs/react.development.js:2667:24)
      at act (node_modules/react/cjs/react.development.js:2582:11)
      at node_modules/@testing-library/react/dist/act-compat.js:47:25
      at renderRoot (node_modules/@testing-library/react/dist/pure.js:190:26)
      at render (node_modules/@testing-library/react/dist/pure.js:292:10)
      at Object.<anonymous> (components/__tests__/TimelineModal.test.tsx:125:11)

    console.error
      Warning: React.jsx: type is invalid -- expected a string (for built-in components) or a class/function (for composite components) but got: undefined. You likely forgot to export your component from the file it's defined in, or you might have mixed up default and named imports.
      
      Check the render method of `TimelineModal`.
          at event (C:\Users\alexi\Documents\projects\maicivy\frontend\components\timeline\TimelineModal.tsx:13:56)

    [0m [90m 151 |[39m                 [33m<[39m[33mdiv[39m className[33m=[39m[32m"flex flex-wrap gap-2"[39m[33m>[39m
     [90m 152 |[39m                   {event[33m.[39mtags[33m.[39mmap((tag) [33m=>[39m (
    [31m[1m>[22m[39m[90m 153 |[39m                     [33m<[39m[33mmotion[39m[33m.[39mspan
     [90m     |[39m                     [31m[1m^[22m[39m
     [90m 154 |[39m                       key[33m=[39m{tag}
     [90m 155 |[39m                       whileHover[33m=[39m{{ scale[33m:[39m [35m1.05[39m }}
     [90m 156 |[39m                       className[33m=[39m[32m"px-4 py-2 bg-blue-500 text-white text-sm font-medium rounded-full shadow-sm"[39m[0m

      at printWarning (node_modules/react/cjs/react-jsx-runtime.development.js:87:30)
      at error (node_modules/react/cjs/react-jsx-runtime.development.js:61:7)
      at jsxWithValidation (node_modules/react/cjs/react-jsx-runtime.development.js:1245:7)
      at jsxWithValidationDynamic (node_modules/react/cjs/react-jsx-runtime.development.js:1320:12)
      at components/timeline/TimelineModal.tsx:153:21
          at Array.map (<anonymous>)
      at map (components/timeline/TimelineModal.tsx:152:31)
      at renderWithHooks (node_modules/react-dom/cjs/react-dom.development.js:15486:18)
      at mountIndeterminateComponent (node_modules/react-dom/cjs/react-dom.development.js:20103:13)
      at beginWork (node_modules/react-dom/cjs/react-dom.development.js:21626:16)
      at beginWork$1 (node_modules/react-dom/cjs/react-dom.development.js:27465:14)
      at performUnitOfWork (node_modules/react-dom/cjs/react-dom.development.js:26599:12)
      at workLoopSync (node_modules/react-dom/cjs/react-dom.development.js:26505:5)
      at renderRootSync (node_modules/react-dom/cjs/react-dom.development.js:26473:7)
      at recoverFromConcurrentError (node_modules/react-dom/cjs/react-dom.development.js:25889:20)
      at performConcurrentWorkOnRoot (node_modules/react-dom/cjs/react-dom.development.js:25789:22)
      at flushActQueue (node_modules/react/cjs/react.development.js:2667:24)
      at act (node_modules/react/cjs/react.development.js:2582:11)
      at node_modules/@testing-library/react/dist/act-compat.js:47:25
      at renderRoot (node_modules/@testing-library/react/dist/pure.js:190:26)
      at render (node_modules/@testing-library/react/dist/pure.js:292:10)
      at Object.<anonymous> (components/__tests__/TimelineModal.test.tsx:125:11)

    console.error
      Warning: React.jsx: type is invalid -- expected a string (for built-in components) or a class/function (for composite components) but got: undefined. You likely forgot to export your component from the file it's defined in, or you might have mixed up default and named imports.
      
      Check the render method of `TimelineModal`.
          at event (C:\Users\alexi\Documents\projects\maicivy\frontend\components\timeline\TimelineModal.tsx:13:56)

    [0m [90m 151 |[39m                 [33m<[39m[33mdiv[39m className[33m=[39m[32m"flex flex-wrap gap-2"[39m[33m>[39m
     [90m 152 |[39m                   {event[33m.[39mtags[33m.[39mmap((tag) [33m=>[39m (
    [31m[1m>[22m[39m[90m 153 |[39m                     [33m<[39m[33mmotion[39m[33m.[39mspan
     [90m     |[39m                     [31m[1m^[22m[39m
     [90m 154 |[39m                       key[33m=[39m{tag}
     [90m 155 |[39m                       whileHover[33m=[39m{{ scale[33m:[39m [35m1.05[39m }}
     [90m 156 |[39m                       className[33m=[39m[32m"px-4 py-2 bg-blue-500 text-white text-sm font-medium rounded-full shadow-sm"[39m[0m

      at printWarning (node_modules/react/cjs/react-jsx-runtime.development.js:87:30)
      at error (node_modules/react/cjs/react-jsx-runtime.development.js:61:7)
      at jsxWithValidation (node_modules/react/cjs/react-jsx-runtime.development.js:1245:7)
      at jsxWithValidationDynamic (node_modules/react/cjs/react-jsx-runtime.development.js:1320:12)
      at components/timeline/TimelineModal.tsx:153:21
          at Array.map (<anonymous>)
      at map (components/timeline/TimelineModal.tsx:152:31)
      at renderWithHooks (node_modules/react-dom/cjs/react-dom.development.js:15486:18)
      at mountIndeterminateComponent (node_modules/react-dom/cjs/react-dom.development.js:20103:13)
      at beginWork (node_modules/react-dom/cjs/react-dom.development.js:21626:16)
      at beginWork$1 (node_modules/react-dom/cjs/react-dom.development.js:27465:14)
      at performUnitOfWork (node_modules/react-dom/cjs/react-dom.development.js:26599:12)
      at workLoopSync (node_modules/react-dom/cjs/react-dom.development.js:26505:5)
      at renderRootSync (node_modules/react-dom/cjs/react-dom.development.js:26473:7)
      at recoverFromConcurrentError (node_modules/react-dom/cjs/react-dom.development.js:25889:20)
      at performConcurrentWorkOnRoot (node_modules/react-dom/cjs/react-dom.development.js:25789:22)
      at flushActQueue (node_modules/react/cjs/react.development.js:2667:24)
      at act (node_modules/react/cjs/react.development.js:2582:11)
      at node_modules/@testing-library/react/dist/act-compat.js:47:25
      at renderRoot (node_modules/@testing-library/react/dist/pure.js:190:26)
      at render (node_modules/@testing-library/react/dist/pure.js:292:10)
      at Object.<anonymous> (components/__tests__/TimelineModal.test.tsx:125:11)

    console.error
      Warning: React.jsx: type is invalid -- expected a string (for built-in components) or a class/function (for composite components) but got: undefined. You likely forgot to export your component from the file it's defined in, or you might have mixed up default and named imports.
      
      Check the render method of `TimelineModal`.
          at event (C:\Users\alexi\Documents\projects\maicivy\frontend\components\timeline\TimelineModal.tsx:13:56)

    [0m [90m 151 |[39m                 [33m<[39m[33mdiv[39m className[33m=[39m[32m"flex flex-wrap gap-2"[39m[33m>[39m
     [90m 152 |[39m                   {event[33m.[39mtags[33m.[39mmap((tag) [33m=>[39m (
    [31m[1m>[22m[39m[90m 153 |[39m                     [33m<[39m[33mmotion[39m[33m.[39mspan
     [90m     |[39m                     [31m[1m^[22m[39m
     [90m 154 |[39m                       key[33m=[39m{tag}
     [90m 155 |[39m                       whileHover[33m=[39m{{ scale[33m:[39m [35m1.05[39m }}
     [90m 156 |[39m                       className[33m=[39m[32m"px-4 py-2 bg-blue-500 text-white text-sm font-medium rounded-full shadow-sm"[39m[0m

      at printWarning (node_modules/react/cjs/react-jsx-runtime.development.js:87:30)
      at error (node_modules/react/cjs/react-jsx-runtime.development.js:61:7)
      at jsxWithValidation (node_modules/react/cjs/react-jsx-runtime.development.js:1245:7)
      at jsxWithValidationDynamic (node_modules/react/cjs/react-jsx-runtime.development.js:1320:12)
      at components/timeline/TimelineModal.tsx:153:21
          at Array.map (<anonymous>)
      at map (components/timeline/TimelineModal.tsx:152:31)
      at renderWithHooks (node_modules/react-dom/cjs/react-dom.development.js:15486:18)
      at mountIndeterminateComponent (node_modules/react-dom/cjs/react-dom.development.js:20103:13)
      at beginWork (node_modules/react-dom/cjs/react-dom.development.js:21626:16)
      at beginWork$1 (node_modules/react-dom/cjs/react-dom.development.js:27465:14)
      at performUnitOfWork (node_modules/react-dom/cjs/react-dom.development.js:26599:12)
      at workLoopSync (node_modules/react-dom/cjs/react-dom.development.js:26505:5)
      at renderRootSync (node_modules/react-dom/cjs/react-dom.development.js:26473:7)
      at recoverFromConcurrentError (node_modules/react-dom/cjs/react-dom.development.js:25889:20)
      at performConcurrentWorkOnRoot (node_modules/react-dom/cjs/react-dom.development.js:25789:22)
      at flushActQueue (node_modules/react/cjs/react.development.js:2667:24)
      at act (node_modules/react/cjs/react.development.js:2582:11)
      at node_modules/@testing-library/react/dist/act-compat.js:47:25
      at renderRoot (node_modules/@testing-library/react/dist/pure.js:190:26)
      at render (node_modules/@testing-library/react/dist/pure.js:292:10)
      at Object.<anonymous> (components/__tests__/TimelineModal.test.tsx:125:11)

    console.error
      Error: Uncaught [Error: Element type is invalid: expected a string (for built-in components) or a class/function (for composite components) but got: undefined. You likely forgot to export your component from the file it's defined in, or you might have mixed up default and named imports.
      
      Check the render method of `TimelineModal`.]
          at reportException (C:\Users\alexi\Documents\projects\maicivy\frontend\node_modules\jsdom\lib\jsdom\living\helpers\runtime-script-errors.js:66:24)
          at innerInvokeEventListeners (C:\Users\alexi\Documents\projects\maicivy\frontend\node_modules\jsdom\lib\jsdom\living\events\EventTarget-impl.js:353:9)
          at invokeEventListeners (C:\Users\alexi\Documents\projects\maicivy\frontend\node_modules\jsdom\lib\jsdom\living\events\EventTarget-impl.js:286:3)
          at HTMLUnknownElementImpl._dispatch (C:\Users\alexi\Documents\projects\maicivy\frontend\node_modules\jsdom\lib\jsdom\living\events\EventTarget-impl.js:233:9)
          at HTMLUnknownElementImpl.dispatchEvent (C:\Users\alexi\Documents\projects\maicivy\frontend\node_modules\jsdom\lib\jsdom\living\events\EventTarget-impl.js:104:17)
          at HTMLUnknownElement.dispatchEvent (C:\Users\alexi\Documents\projects\maicivy\frontend\node_modules\jsdom\lib\jsdom\living\generated\EventTarget.js:241:34)
          at Object.invokeGuardedCallbackDev (C:\Users\alexi\Documents\projects\maicivy\frontend\node_modules\react-dom\cjs\react-dom.development.js:4213:16)
          at invokeGuardedCallback (C:\Users\alexi\Documents\projects\maicivy\frontend\node_modules\react-dom\cjs\react-dom.development.js:4277:31)
          at beginWork$1 (C:\Users\alexi\Documents\projects\maicivy\frontend\node_modules\react-dom\cjs\react-dom.development.js:27490:7)
          at performUnitOfWork (C:\Users\alexi\Documents\projects\maicivy\frontend\node_modules\react-dom\cjs\react-dom.development.js:26599:12)
          at workLoopSync (C:\Users\alexi\Documents\projects\maicivy\frontend\node_modules\react-dom\cjs\react-dom.development.js:26505:5)
          at renderRootSync (C:\Users\alexi\Documents\projects\maicivy\frontend\node_modules\react-dom\cjs\react-dom.development.js:26473:7)
          at recoverFromConcurrentError (C:\Users\alexi\Documents\projects\maicivy\frontend\node_modules\react-dom\cjs\react-dom.development.js:25889:20)
          at performConcurrentWorkOnRoot (C:\Users\alexi\Documents\projects\maicivy\frontend\node_modules\react-dom\cjs\react-dom.development.js:25789:22)
          at flushActQueue (C:\Users\alexi\Documents\projects\maicivy\frontend\node_modules\react\cjs\react.development.js:2667:24)
          at act (C:\Users\alexi\Documents\projects\maicivy\frontend\node_modules\react\cjs\react.development.js:2582:11)
          at C:\Users\alexi\Documents\projects\maicivy\frontend\node_modules\@testing-library\react\dist\act-compat.js:47:25
          at renderRoot (C:\Users\alexi\Documents\projects\maicivy\frontend\node_modules\@testing-library\react\dist\pure.js:190:26)
          at render (C:\Users\alexi\Documents\projects\maicivy\frontend\node_modules\@testing-library\react\dist\pure.js:292:10)
          at Object.<anonymous> (C:\Users\alexi\Documents\projects\maicivy\frontend\components\__tests__\TimelineModal.test.tsx:125:11)
          at Promise.finally.completed (C:\Users\alexi\Documents\projects\maicivy\frontend\node_modules\jest-circus\build\jestAdapterInit.js:1557:28)
          at new Promise (<anonymous>)
          at callAsyncCircusFn (C:\Users\alexi\Documents\projects\maicivy\frontend\node_modules\jest-circus\build\jestAdapterInit.js:1497:10)
          at _callCircusTest (C:\Users\alexi\Documents\projects\maicivy\frontend\node_modules\jest-circus\build\jestAdapterInit.js:1007:40)
          at processTicksAndRejections (node:internal/process/task_queues:103:5)
          at _runTest (C:\Users\alexi\Documents\projects\maicivy\frontend\node_modules\jest-circus\build\jestAdapterInit.js:947:3)
          at C:\Users\alexi\Documents\projects\maicivy\frontend\node_modules\jest-circus\build\jestAdapterInit.js:849:7
          at _runTestsForDescribeBlock (C:\Users\alexi\Documents\projects\maicivy\frontend\node_modules\jest-circus\build\jestAdapterInit.js:862:11)
          at _runTestsForDescribeBlock (C:\Users\alexi\Documents\projects\maicivy\frontend\node_modules\jest-circus\build\jestAdapterInit.js:857:11)
          at run (C:\Users\alexi\Documents\projects\maicivy\frontend\node_modules\jest-circus\build\jestAdapterInit.js:761:3)
          at runAndTransformResultsToJestFormat (C:\Users\alexi\Documents\projects\maicivy\frontend\node_modules\jest-circus\build\jestAdapterInit.js:1918:21)
          at jestAdapter (C:\Users\alexi\Documents\projects\maicivy\frontend\node_modules\jest-circus\build\runner.js:101:19)
          at runTestInternal (C:\Users\alexi\Documents\projects\maicivy\frontend\node_modules\jest-runner\build\testWorker.js:275:16)
          at runTest (C:\Users\alexi\Documents\projects\maicivy\frontend\node_modules\jest-runner\build\testWorker.js:343:7)
          at Object.worker (C:\Users\alexi\Documents\projects\maicivy\frontend\node_modules\jest-runner\build\testWorker.js:497:12) {
        detail: Error: Element type is invalid: expected a string (for built-in components) or a class/function (for composite components) but got: undefined. You likely forgot to export your component from the file it's defined in, or you might have mixed up default and named imports.
        
        Check the render method of `TimelineModal`.
            at createFiberFromTypeAndProps (C:\Users\alexi\Documents\projects\maicivy\frontend\node_modules\react-dom\cjs\react-dom.development.js:28478:17)
            at createFiberFromElement (C:\Users\alexi\Documents\projects\maicivy\frontend\node_modules\react-dom\cjs\react-dom.development.js:28504:15)
            at createChild (C:\Users\alexi\Documents\projects\maicivy\frontend\node_modules\react-dom\cjs\react-dom.development.js:13345:28)
            at reconcileChildrenArray (C:\Users\alexi\Documents\projects\maicivy\frontend\node_modules\react-dom\cjs\react-dom.development.js:13640:25)
            at reconcileChildFibers (C:\Users\alexi\Documents\projects\maicivy\frontend\node_modules\react-dom\cjs\react-dom.development.js:14057:16)
            at reconcileChildren (C:\Users\alexi\Documents\projects\maicivy\frontend\node_modules\react-dom\cjs\react-dom.development.js:19186:28)
            at updateHostComponent (C:\Users\alexi\Documents\projects\maicivy\frontend\node_modules\react-dom\cjs\react-dom.development.js:19953:3)
            at beginWork (C:\Users\alexi\Documents\projects\maicivy\frontend\node_modules\react-dom\cjs\react-dom.development.js:21657:14)
            at HTMLUnknownElement.callCallback (C:\Users\alexi\Documents\projects\maicivy\frontend\node_modules\react-dom\cjs\react-dom.development.js:4164:14)
            at HTMLUnknownElement.callTheUserObjectsOperation (C:\Users\alexi\Documents\projects\maicivy\frontend\node_modules\jsdom\lib\jsdom\living\generated\EventListener.js:26:30)
            at innerInvokeEventListeners (C:\Users\alexi\Documents\projects\maicivy\frontend\node_modules\jsdom\lib\jsdom\living\events\EventTarget-impl.js:350:25)
            at invokeEventListeners (C:\Users\alexi\Documents\projects\maicivy\frontend\node_modules\jsdom\lib\jsdom\living\events\EventTarget-impl.js:286:3)
            at HTMLUnknownElementImpl._dispatch (C:\Users\alexi\Documents\projects\maicivy\frontend\node_modules\jsdom\lib\jsdom\living\events\EventTarget-impl.js:233:9)
            at HTMLUnknownElementImpl.dispatchEvent (C:\Users\alexi\Documents\projects\maicivy\frontend\node_modules\jsdom\lib\jsdom\living\events\EventTarget-impl.js:104:17)
            at HTMLUnknownElement.dispatchEvent (C:\Users\alexi\Documents\projects\maicivy\frontend\node_modules\jsdom\lib\jsdom\living\generated\EventTarget.js:241:34)
            at Object.invokeGuardedCallbackDev (C:\Users\alexi\Documents\projects\maicivy\frontend\node_modules\react-dom\cjs\react-dom.development.js:4213:16)
            at invokeGuardedCallback (C:\Users\alexi\Documents\projects\maicivy\frontend\node_modules\react-dom\cjs\react-dom.development.js:4277:31)
            at beginWork$1 (C:\Users\alexi\Documents\projects\maicivy\frontend\node_modules\react-dom\cjs\react-dom.development.js:27490:7)
            at performUnitOfWork (C:\Users\alexi\Documents\projects\maicivy\frontend\node_modules\react-dom\cjs\react-dom.development.js:26599:12)
            at workLoopSync (C:\Users\alexi\Documents\projects\maicivy\frontend\node_modules\react-dom\cjs\react-dom.development.js:26505:5)
            at renderRootSync (C:\Users\alexi\Documents\projects\maicivy\frontend\node_modules\react-dom\cjs\react-dom.development.js:26473:7)
            at recoverFromConcurrentError (C:\Users\alexi\Documents\projects\maicivy\frontend\node_modules\react-dom\cjs\react-dom.development.js:25889:20)
            at performConcurrentWorkOnRoot (C:\Users\alexi\Documents\projects\maicivy\frontend\node_modules\react-dom\cjs\react-dom.development.js:25789:22)
            at flushActQueue (C:\Users\alexi\Documents\projects\maicivy\frontend\node_modules\react\cjs\react.development.js:2667:24)
            at act (C:\Users\alexi\Documents\projects\maicivy\frontend\node_modules\react\cjs\react.development.js:2582:11)
            at C:\Users\alexi\Documents\projects\maicivy\frontend\node_modules\@testing-library\react\dist\act-compat.js:47:25
            at renderRoot (C:\Users\alexi\Documents\projects\maicivy\frontend\node_modules\@testing-library\react\dist\pure.js:190:26)
            at render (C:\Users\alexi\Documents\projects\maicivy\frontend\node_modules\@testing-library\react\dist\pure.js:292:10)
            at Object.<anonymous> (C:\Users\alexi\Documents\projects\maicivy\frontend\components\__tests__\TimelineModal.test.tsx:125:11)
            at Promise.finally.completed (C:\Users\alexi\Documents\projects\maicivy\frontend\node_modules\jest-circus\build\jestAdapterInit.js:1557:28)
            at new Promise (<anonymous>)
            at callAsyncCircusFn (C:\Users\alexi\Documents\projects\maicivy\frontend\node_modules\jest-circus\build\jestAdapterInit.js:1497:10)
            at _callCircusTest (C:\Users\alexi\Documents\projects\maicivy\frontend\node_modules\jest-circus\build\jestAdapterInit.js:1007:40)
            at processTicksAndRejections (node:internal/process/task_queues:103:5)
            at _runTest (C:\Users\alexi\Documents\projects\maicivy\frontend\node_modules\jest-circus\build\jestAdapterInit.js:947:3)
            at C:\Users\alexi\Documents\projects\maicivy\frontend\node_modules\jest-circus\build\jestAdapterInit.js:849:7
            at _runTestsForDescribeBlock (C:\Users\alexi\Documents\projects\maicivy\frontend\node_modules\jest-circus\build\jestAdapterInit.js:862:11)
            at _runTestsForDescribeBlock (C:\Users\alexi\Documents\projects\maicivy\frontend\node_modules\jest-circus\build\jestAdapterInit.js:857:11)
            at run (C:\Users\alexi\Documents\projects\maicivy\frontend\node_modules\jest-circus\build\jestAdapterInit.js:761:3)
            at runAndTransformResultsToJestFormat (C:\Users\alexi\Documents\projects\maicivy\frontend\node_modules\jest-circus\build\jestAdapterInit.js:1918:21)
            at jestAdapter (C:\Users\alexi\Documents\projects\maicivy\frontend\node_modules\jest-circus\build\runner.js:101:19)
            at runTestInternal (C:\Users\alexi\Documents\projects\maicivy\frontend\node_modules\jest-runner\build\testWorker.js:275:16)
            at runTest (C:\Users\alexi\Documents\projects\maicivy\frontend\node_modules\jest-runner\build\testWorker.js:343:7)
            at Object.worker (C:\Users\alexi\Documents\projects\maicivy\frontend\node_modules\jest-runner\build\testWorker.js:497:12),
        type: 'unhandled exception'
      }

    [0m [90m 123 |[39m
     [90m 124 |[39m   it([32m'should display event content'[39m[33m,[39m () [33m=>[39m {
    [31m[1m>[22m[39m[90m 125 |[39m     render([33m<[39m[33mTimelineModal[39m event[33m=[39m{mockEvent} onClose[33m=[39m{jest[33m.[39mfn()} [33m/[39m[33m>[39m)[33m;[39m
     [90m     |[39m           [31m[1m^[22m[39m
     [90m 126 |[39m
     [90m 127 |[39m     expect(screen[33m.[39mgetByText([35m/built a complete e-commerce platform/i[39m))[33m.[39mtoBeInTheDocument()[33m;[39m
     [90m 128 |[39m   })[33m;[39m[0m

      at VirtualConsole.<anonymous> (node_modules/@jest/environment-jsdom-abstract/build/index.js:87:23)
      at reportException (node_modules/jsdom/lib/jsdom/living/helpers/runtime-script-errors.js:70:28)
      at innerInvokeEventListeners (node_modules/jsdom/lib/jsdom/living/events/EventTarget-impl.js:353:9)
      at invokeEventListeners (node_modules/jsdom/lib/jsdom/living/events/EventTarget-impl.js:286:3)
      at HTMLUnknownElementImpl._dispatch (node_modules/jsdom/lib/jsdom/living/events/EventTarget-impl.js:233:9)
      at HTMLUnknownElementImpl.dispatchEvent (node_modules/jsdom/lib/jsdom/living/events/EventTarget-impl.js:104:17)
      at HTMLUnknownElement.dispatchEvent (node_modules/jsdom/lib/jsdom/living/generated/EventTarget.js:241:34)
      at Object.invokeGuardedCallbackDev (node_modules/react-dom/cjs/react-dom.development.js:4213:16)
      at invokeGuardedCallback (node_modules/react-dom/cjs/react-dom.development.js:4277:31)
      at beginWork$1 (node_modules/react-dom/cjs/react-dom.development.js:27490:7)
      at performUnitOfWork (node_modules/react-dom/cjs/react-dom.development.js:26599:12)
      at workLoopSync (node_modules/react-dom/cjs/react-dom.development.js:26505:5)
      at renderRootSync (node_modules/react-dom/cjs/react-dom.development.js:26473:7)
      at recoverFromConcurrentError (node_modules/react-dom/cjs/react-dom.development.js:25889:20)
      at performConcurrentWorkOnRoot (node_modules/react-dom/cjs/react-dom.development.js:25789:22)
      at flushActQueue (node_modules/react/cjs/react.development.js:2667:24)
      at act (node_modules/react/cjs/react.development.js:2582:11)
      at node_modules/@testing-library/react/dist/act-compat.js:47:25
      at renderRoot (node_modules/@testing-library/react/dist/pure.js:190:26)
      at render (node_modules/@testing-library/react/dist/pure.js:292:10)
      at Object.<anonymous> (components/__tests__/TimelineModal.test.tsx:125:11)

    console.error
      The above error occurred in the <div> component:
      
          at div
          at div
          at div
          at div
          at children (C:\Users\alexi\Documents\projects\maicivy\frontend\components\__tests__\TimelineModal.test.tsx:8:13)
          at div
          at children (C:\Users\alexi\Documents\projects\maicivy\frontend\components\__tests__\TimelineModal.test.tsx:8:13)
          at children (C:\Users\alexi\Documents\projects\maicivy\frontend\components\__tests__\TimelineModal.test.tsx:12:23)
          at event (C:\Users\alexi\Documents\projects\maicivy\frontend\components\timeline\TimelineModal.tsx:13:56)
      
      Consider adding an error boundary to your tree to customize error handling behavior.
      Visit https://reactjs.org/link/error-boundaries to learn more about error boundaries.

    [0m [90m 123 |[39m
     [90m 124 |[39m   it([32m'should display event content'[39m[33m,[39m () [33m=>[39m {
    [31m[1m>[22m[39m[90m 125 |[39m     render([33m<[39m[33mTimelineModal[39m event[33m=[39m{mockEvent} onClose[33m=[39m{jest[33m.[39mfn()} [33m/[39m[33m>[39m)[33m;[39m
     [90m     |[39m           [31m[1m^[22m[39m
     [90m 126 |[39m
     [90m 127 |[39m     expect(screen[33m.[39mgetByText([35m/built a complete e-commerce platform/i[39m))[33m.[39mtoBeInTheDocument()[33m;[39m
     [90m 128 |[39m   })[33m;[39m[0m

      at logCapturedError (node_modules/react-dom/cjs/react-dom.development.js:18704:23)
      at update.callback (node_modules/react-dom/cjs/react-dom.development.js:18737:5)
      at callCallback (node_modules/react-dom/cjs/react-dom.development.js:15036:12)
      at commitUpdateQueue (node_modules/react-dom/cjs/react-dom.development.js:15057:9)
      at commitLayoutEffectOnFiber (node_modules/react-dom/cjs/react-dom.development.js:23430:13)
      at commitLayoutMountEffects_complete (node_modules/react-dom/cjs/react-dom.development.js:24727:9)
      at commitLayoutEffects_begin (node_modules/react-dom/cjs/react-dom.development.js:24713:7)
      at commitLayoutEffects (node_modules/react-dom/cjs/react-dom.development.js:24651:3)
      at commitRootImpl (node_modules/react-dom/cjs/react-dom.development.js:26862:5)
      at commitRoot (node_modules/react-dom/cjs/react-dom.development.js:26721:5)
      at finishConcurrentRender (node_modules/react-dom/cjs/react-dom.development.js:25931:9)
      at performConcurrentWorkOnRoot (node_modules/react-dom/cjs/react-dom.development.js:25848:7)
      at flushActQueue (node_modules/react/cjs/react.development.js:2667:24)
      at act (node_modules/react/cjs/react.development.js:2582:11)
      at node_modules/@testing-library/react/dist/act-compat.js:47:25
      at renderRoot (node_modules/@testing-library/react/dist/pure.js:190:26)
      at render (node_modules/@testing-library/react/dist/pure.js:292:10)
      at Object.<anonymous> (components/__tests__/TimelineModal.test.tsx:125:11)

    console.error
      Warning: React.jsx: type is invalid -- expected a string (for built-in components) or a class/function (for composite components) but got: undefined. You likely forgot to export your component from the file it's defined in, or you might have mixed up default and named imports.
      
      Check the render method of `TimelineModal`.
          at event (C:\Users\alexi\Documents\projects\maicivy\frontend\components\timeline\TimelineModal.tsx:13:56)

    [0m [90m 151 |[39m                 [33m<[39m[33mdiv[39m className[33m=[39m[32m"flex flex-wrap gap-2"[39m[33m>[39m
     [90m 152 |[39m                   {event[33m.[39mtags[33m.[39mmap((tag) [33m=>[39m (
    [31m[1m>[22m[39m[90m 153 |[39m                     [33m<[39m[33mmotion[39m[33m.[39mspan
     [90m     |[39m                     [31m[1m^[22m[39m
     [90m 154 |[39m                       key[33m=[39m{tag}
     [90m 155 |[39m                       whileHover[33m=[39m{{ scale[33m:[39m [35m1.05[39m }}
     [90m 156 |[39m                       className[33m=[39m[32m"px-4 py-2 bg-blue-500 text-white text-sm font-medium rounded-full shadow-sm"[39m[0m

      at printWarning (node_modules/react/cjs/react-jsx-runtime.development.js:87:30)
      at error (node_modules/react/cjs/react-jsx-runtime.development.js:61:7)
      at jsxWithValidation (node_modules/react/cjs/react-jsx-runtime.development.js:1245:7)
      at jsxWithValidationDynamic (node_modules/react/cjs/react-jsx-runtime.development.js:1320:12)
      at components/timeline/TimelineModal.tsx:153:21
          at Array.map (<anonymous>)
      at map (components/timeline/TimelineModal.tsx:152:31)
      at renderWithHooks (node_modules/react-dom/cjs/react-dom.development.js:15486:18)
      at mountIndeterminateComponent (node_modules/react-dom/cjs/react-dom.development.js:20103:13)
      at beginWork (node_modules/react-dom/cjs/react-dom.development.js:21626:16)
      at beginWork$1 (node_modules/react-dom/cjs/react-dom.development.js:27465:14)
      at performUnitOfWork (node_modules/react-dom/cjs/react-dom.development.js:26599:12)
      at workLoopSync (node_modules/react-dom/cjs/react-dom.development.js:26505:5)
      at renderRootSync (node_modules/react-dom/cjs/react-dom.development.js:26473:7)
      at performConcurrentWorkOnRoot (node_modules/react-dom/cjs/react-dom.development.js:25777:74)
      at flushActQueue (node_modules/react/cjs/react.development.js:2667:24)
      at act (node_modules/react/cjs/react.development.js:2582:11)
      at node_modules/@testing-library/react/dist/act-compat.js:47:25
      at renderRoot (node_modules/@testing-library/react/dist/pure.js:190:26)
      at render (node_modules/@testing-library/react/dist/pure.js:292:10)
      at Object.<anonymous> (components/__tests__/TimelineModal.test.tsx:131:11)

    console.error
      Warning: React.jsx: type is invalid -- expected a string (for built-in components) or a class/function (for composite components) but got: undefined. You likely forgot to export your component from the file it's defined in, or you might have mixed up default and named imports.
      
      Check the render method of `TimelineModal`.
          at event (C:\Users\alexi\Documents\projects\maicivy\frontend\components\timeline\TimelineModal.tsx:13:56)

    [0m [90m 151 |[39m                 [33m<[39m[33mdiv[39m className[33m=[39m[32m"flex flex-wrap gap-2"[39m[33m>[39m
     [90m 152 |[39m                   {event[33m.[39mtags[33m.[39mmap((tag) [33m=>[39m (
    [31m[1m>[22m[39m[90m 153 |[39m                     [33m<[39m[33mmotion[39m[33m.[39mspan
     [90m     |[39m                     [31m[1m^[22m[39m
     [90m 154 |[39m                       key[33m=[39m{tag}
     [90m 155 |[39m                       whileHover[33m=[39m{{ scale[33m:[39m [35m1.05[39m }}
     [90m 156 |[39m                       className[33m=[39m[32m"px-4 py-2 bg-blue-500 text-white text-sm font-medium rounded-full shadow-sm"[39m[0m

      at printWarning (node_modules/react/cjs/react-jsx-runtime.development.js:87:30)
      at error (node_modules/react/cjs/react-jsx-runtime.development.js:61:7)
      at jsxWithValidation (node_modules/react/cjs/react-jsx-runtime.development.js:1245:7)
      at jsxWithValidationDynamic (node_modules/react/cjs/react-jsx-runtime.development.js:1320:12)
      at components/timeline/TimelineModal.tsx:153:21
          at Array.map (<anonymous>)
      at map (components/timeline/TimelineModal.tsx:152:31)
      at renderWithHooks (node_modules/react-dom/cjs/react-dom.development.js:15486:18)
      at mountIndeterminateComponent (node_modules/react-dom/cjs/react-dom.development.js:20103:13)
      at beginWork (node_modules/react-dom/cjs/react-dom.development.js:21626:16)
      at beginWork$1 (node_modules/react-dom/cjs/react-dom.development.js:27465:14)
      at performUnitOfWork (node_modules/react-dom/cjs/react-dom.development.js:26599:12)
      at workLoopSync (node_modules/react-dom/cjs/react-dom.development.js:26505:5)
      at renderRootSync (node_modules/react-dom/cjs/react-dom.development.js:26473:7)
      at performConcurrentWorkOnRoot (node_modules/react-dom/cjs/react-dom.development.js:25777:74)
      at flushActQueue (node_modules/react/cjs/react.development.js:2667:24)
      at act (node_modules/react/cjs/react.development.js:2582:11)
      at node_modules/@testing-library/react/dist/act-compat.js:47:25
      at renderRoot (node_modules/@testing-library/react/dist/pure.js:190:26)
      at render (node_modules/@testing-library/react/dist/pure.js:292:10)
      at Object.<anonymous> (components/__tests__/TimelineModal.test.tsx:131:11)

    console.error
      Warning: React.jsx: type is invalid -- expected a string (for built-in components) or a class/function (for composite components) but got: undefined. You likely forgot to export your component from the file it's defined in, or you might have mixed up default and named imports.
      
      Check the render method of `TimelineModal`.
          at event (C:\Users\alexi\Documents\projects\maicivy\frontend\components\timeline\TimelineModal.tsx:13:56)

    [0m [90m 151 |[39m                 [33m<[39m[33mdiv[39m className[33m=[39m[32m"flex flex-wrap gap-2"[39m[33m>[39m
     [90m 152 |[39m                   {event[33m.[39mtags[33m.[39mmap((tag) [33m=>[39m (
    [31m[1m>[22m[39m[90m 153 |[39m                     [33m<[39m[33mmotion[39m[33m.[39mspan
     [90m     |[39m                     [31m[1m^[22m[39m
     [90m 154 |[39m                       key[33m=[39m{tag}
     [90m 155 |[39m                       whileHover[33m=[39m{{ scale[33m:[39m [35m1.05[39m }}
     [90m 156 |[39m                       className[33m=[39m[32m"px-4 py-2 bg-blue-500 text-white text-sm font-medium rounded-full shadow-sm"[39m[0m

      at printWarning (node_modules/react/cjs/react-jsx-runtime.development.js:87:30)
      at error (node_modules/react/cjs/react-jsx-runtime.development.js:61:7)
      at jsxWithValidation (node_modules/react/cjs/react-jsx-runtime.development.js:1245:7)
      at jsxWithValidationDynamic (node_modules/react/cjs/react-jsx-runtime.development.js:1320:12)
      at components/timeline/TimelineModal.tsx:153:21
          at Array.map (<anonymous>)
      at map (components/timeline/TimelineModal.tsx:152:31)
      at renderWithHooks (node_modules/react-dom/cjs/react-dom.development.js:15486:18)
      at mountIndeterminateComponent (node_modules/react-dom/cjs/react-dom.development.js:20103:13)
      at beginWork (node_modules/react-dom/cjs/react-dom.development.js:21626:16)
      at beginWork$1 (node_modules/react-dom/cjs/react-dom.development.js:27465:14)
      at performUnitOfWork (node_modules/react-dom/cjs/react-dom.development.js:26599:12)
      at workLoopSync (node_modules/react-dom/cjs/react-dom.development.js:26505:5)
      at renderRootSync (node_modules/react-dom/cjs/react-dom.development.js:26473:7)
      at performConcurrentWorkOnRoot (node_modules/react-dom/cjs/react-dom.development.js:25777:74)
      at flushActQueue (node_modules/react/cjs/react.development.js:2667:24)
      at act (node_modules/react/cjs/react.development.js:2582:11)
      at node_modules/@testing-library/react/dist/act-compat.js:47:25
      at renderRoot (node_modules/@testing-library/react/dist/pure.js:190:26)
      at render (node_modules/@testing-library/react/dist/pure.js:292:10)
      at Object.<anonymous> (components/__tests__/TimelineModal.test.tsx:131:11)

    console.error
      Warning: React.jsx: type is invalid -- expected a string (for built-in components) or a class/function (for composite components) but got: undefined. You likely forgot to export your component from the file it's defined in, or you might have mixed up default and named imports.
      
      Check the render method of `TimelineModal`.
          at event (C:\Users\alexi\Documents\projects\maicivy\frontend\components\timeline\TimelineModal.tsx:13:56)

    [0m [90m 151 |[39m                 [33m<[39m[33mdiv[39m className[33m=[39m[32m"flex flex-wrap gap-2"[39m[33m>[39m
     [90m 152 |[39m                   {event[33m.[39mtags[33m.[39mmap((tag) [33m=>[39m (
    [31m[1m>[22m[39m[90m 153 |[39m                     [33m<[39m[33mmotion[39m[33m.[39mspan
     [90m     |[39m                     [31m[1m^[22m[39m
     [90m 154 |[39m                       key[33m=[39m{tag}
     [90m 155 |[39m                       whileHover[33m=[39m{{ scale[33m:[39m [35m1.05[39m }}
     [90m 156 |[39m                       className[33m=[39m[32m"px-4 py-2 bg-blue-500 text-white text-sm font-medium rounded-full shadow-sm"[39m[0m

      at printWarning (node_modules/react/cjs/react-jsx-runtime.development.js:87:30)
      at error (node_modules/react/cjs/react-jsx-runtime.development.js:61:7)
      at jsxWithValidation (node_modules/react/cjs/react-jsx-runtime.development.js:1245:7)
      at jsxWithValidationDynamic (node_modules/react/cjs/react-jsx-runtime.development.js:1320:12)
      at components/timeline/TimelineModal.tsx:153:21
          at Array.map (<anonymous>)
      at map (components/timeline/TimelineModal.tsx:152:31)
      at renderWithHooks (node_modules/react-dom/cjs/react-dom.development.js:15486:18)
      at mountIndeterminateComponent (node_modules/react-dom/cjs/react-dom.development.js:20103:13)
      at beginWork (node_modules/react-dom/cjs/react-dom.development.js:21626:16)
      at beginWork$1 (node_modules/react-dom/cjs/react-dom.development.js:27465:14)
      at performUnitOfWork (node_modules/react-dom/cjs/react-dom.development.js:26599:12)
      at workLoopSync (node_modules/react-dom/cjs/react-dom.development.js:26505:5)
      at renderRootSync (node_modules/react-dom/cjs/react-dom.development.js:26473:7)
      at performConcurrentWorkOnRoot (node_modules/react-dom/cjs/react-dom.development.js:25777:74)
      at flushActQueue (node_modules/react/cjs/react.development.js:2667:24)
      at act (node_modules/react/cjs/react.development.js:2582:11)
      at node_modules/@testing-library/react/dist/act-compat.js:47:25
      at renderRoot (node_modules/@testing-library/react/dist/pure.js:190:26)
      at render (node_modules/@testing-library/react/dist/pure.js:292:10)
      at Object.<anonymous> (components/__tests__/TimelineModal.test.tsx:131:11)

    console.error
      Warning: React.jsx: type is invalid -- expected a string (for built-in components) or a class/function (for composite components) but got: undefined. You likely forgot to export your component from the file it's defined in, or you might have mixed up default and named imports.
      
      Check the render method of `TimelineModal`.
          at event (C:\Users\alexi\Documents\projects\maicivy\frontend\components\timeline\TimelineModal.tsx:13:56)

    [0m [90m 151 |[39m                 [33m<[39m[33mdiv[39m className[33m=[39m[32m"flex flex-wrap gap-2"[39m[33m>[39m
     [90m 152 |[39m                   {event[33m.[39mtags[33m.[39mmap((tag) [33m=>[39m (
    [31m[1m>[22m[39m[90m 153 |[39m                     [33m<[39m[33mmotion[39m[33m.[39mspan
     [90m     |[39m                     [31m[1m^[22m[39m
     [90m 154 |[39m                       key[33m=[39m{tag}
     [90m 155 |[39m                       whileHover[33m=[39m{{ scale[33m:[39m [35m1.05[39m }}
     [90m 156 |[39m                       className[33m=[39m[32m"px-4 py-2 bg-blue-500 text-white text-sm font-medium rounded-full shadow-sm"[39m[0m

      at printWarning (node_modules/react/cjs/react-jsx-runtime.development.js:87:30)
      at error (node_modules/react/cjs/react-jsx-runtime.development.js:61:7)
      at jsxWithValidation (node_modules/react/cjs/react-jsx-runtime.development.js:1245:7)
      at jsxWithValidationDynamic (node_modules/react/cjs/react-jsx-runtime.development.js:1320:12)
      at components/timeline/TimelineModal.tsx:153:21
          at Array.map (<anonymous>)
      at map (components/timeline/TimelineModal.tsx:152:31)
      at renderWithHooks (node_modules/react-dom/cjs/react-dom.development.js:15486:18)
      at mountIndeterminateComponent (node_modules/react-dom/cjs/react-dom.development.js:20103:13)
      at beginWork (node_modules/react-dom/cjs/react-dom.development.js:21626:16)
      at beginWork$1 (node_modules/react-dom/cjs/react-dom.development.js:27465:14)
      at performUnitOfWork (node_modules/react-dom/cjs/react-dom.development.js:26599:12)
      at workLoopSync (node_modules/react-dom/cjs/react-dom.development.js:26505:5)
      at renderRootSync (node_modules/react-dom/cjs/react-dom.development.js:26473:7)
      at performConcurrentWorkOnRoot (node_modules/react-dom/cjs/react-dom.development.js:25777:74)
      at flushActQueue (node_modules/react/cjs/react.development.js:2667:24)
      at act (node_modules/react/cjs/react.development.js:2582:11)
      at node_modules/@testing-library/react/dist/act-compat.js:47:25
      at renderRoot (node_modules/@testing-library/react/dist/pure.js:190:26)
      at render (node_modules/@testing-library/react/dist/pure.js:292:10)
      at Object.<anonymous> (components/__tests__/TimelineModal.test.tsx:131:11)

    console.error
      Error: Uncaught [Error: Element type is invalid: expected a string (for built-in components) or a class/function (for composite components) but got: undefined. You likely forgot to export your component from the file it's defined in, or you might have mixed up default and named imports.
      
      Check the render method of `TimelineModal`.]
          at reportException (C:\Users\alexi\Documents\projects\maicivy\frontend\node_modules\jsdom\lib\jsdom\living\helpers\runtime-script-errors.js:66:24)
          at innerInvokeEventListeners (C:\Users\alexi\Documents\projects\maicivy\frontend\node_modules\jsdom\lib\jsdom\living\events\EventTarget-impl.js:353:9)
          at invokeEventListeners (C:\Users\alexi\Documents\projects\maicivy\frontend\node_modules\jsdom\lib\jsdom\living\events\EventTarget-impl.js:286:3)
          at HTMLUnknownElementImpl._dispatch (C:\Users\alexi\Documents\projects\maicivy\frontend\node_modules\jsdom\lib\jsdom\living\events\EventTarget-impl.js:233:9)
          at HTMLUnknownElementImpl.dispatchEvent (C:\Users\alexi\Documents\projects\maicivy\frontend\node_modules\jsdom\lib\jsdom\living\events\EventTarget-impl.js:104:17)
          at HTMLUnknownElement.dispatchEvent (C:\Users\alexi\Documents\projects\maicivy\frontend\node_modules\jsdom\lib\jsdom\living\generated\EventTarget.js:241:34)
          at Object.invokeGuardedCallbackDev (C:\Users\alexi\Documents\projects\maicivy\frontend\node_modules\react-dom\cjs\react-dom.development.js:4213:16)
          at invokeGuardedCallback (C:\Users\alexi\Documents\projects\maicivy\frontend\node_modules\react-dom\cjs\react-dom.development.js:4277:31)
          at beginWork$1 (C:\Users\alexi\Documents\projects\maicivy\frontend\node_modules\react-dom\cjs\react-dom.development.js:27490:7)
          at performUnitOfWork (C:\Users\alexi\Documents\projects\maicivy\frontend\node_modules\react-dom\cjs\react-dom.development.js:26599:12)
          at workLoopSync (C:\Users\alexi\Documents\projects\maicivy\frontend\node_modules\react-dom\cjs\react-dom.development.js:26505:5)
          at renderRootSync (C:\Users\alexi\Documents\projects\maicivy\frontend\node_modules\react-dom\cjs\react-dom.development.js:26473:7)
          at performConcurrentWorkOnRoot (C:\Users\alexi\Documents\projects\maicivy\frontend\node_modules\react-dom\cjs\react-dom.development.js:25777:74)
          at flushActQueue (C:\Users\alexi\Documents\projects\maicivy\frontend\node_modules\react\cjs\react.development.js:2667:24)
          at act (C:\Users\alexi\Documents\projects\maicivy\frontend\node_modules\react\cjs\react.development.js:2582:11)
          at C:\Users\alexi\Documents\projects\maicivy\frontend\node_modules\@testing-library\react\dist\act-compat.js:47:25
          at renderRoot (C:\Users\alexi\Documents\projects\maicivy\frontend\node_modules\@testing-library\react\dist\pure.js:190:26)
          at render (C:\Users\alexi\Documents\projects\maicivy\frontend\node_modules\@testing-library\react\dist\pure.js:292:10)
          at Object.<anonymous> (C:\Users\alexi\Documents\projects\maicivy\frontend\components\__tests__\TimelineModal.test.tsx:131:11)
          at Promise.finally.completed (C:\Users\alexi\Documents\projects\maicivy\frontend\node_modules\jest-circus\build\jestAdapterInit.js:1557:28)
          at new Promise (<anonymous>)
          at callAsyncCircusFn (C:\Users\alexi\Documents\projects\maicivy\frontend\node_modules\jest-circus\build\jestAdapterInit.js:1497:10)
          at _callCircusTest (C:\Users\alexi\Documents\projects\maicivy\frontend\node_modules\jest-circus\build\jestAdapterInit.js:1007:40)
          at processTicksAndRejections (node:internal/process/task_queues:103:5)
          at _runTest (C:\Users\alexi\Documents\projects\maicivy\frontend\node_modules\jest-circus\build\jestAdapterInit.js:947:3)
          at C:\Users\alexi\Documents\projects\maicivy\frontend\node_modules\jest-circus\build\jestAdapterInit.js:849:7
          at _runTestsForDescribeBlock (C:\Users\alexi\Documents\projects\maicivy\frontend\node_modules\jest-circus\build\jestAdapterInit.js:862:11)
          at _runTestsForDescribeBlock (C:\Users\alexi\Documents\projects\maicivy\frontend\node_modules\jest-circus\build\jestAdapterInit.js:857:11)
          at run (C:\Users\alexi\Documents\projects\maicivy\frontend\node_modules\jest-circus\build\jestAdapterInit.js:761:3)
          at runAndTransformResultsToJestFormat (C:\Users\alexi\Documents\projects\maicivy\frontend\node_modules\jest-circus\build\jestAdapterInit.js:1918:21)
          at jestAdapter (C:\Users\alexi\Documents\projects\maicivy\frontend\node_modules\jest-circus\build\runner.js:101:19)
          at runTestInternal (C:\Users\alexi\Documents\projects\maicivy\frontend\node_modules\jest-runner\build\testWorker.js:275:16)
          at runTest (C:\Users\alexi\Documents\projects\maicivy\frontend\node_modules\jest-runner\build\testWorker.js:343:7)
          at Object.worker (C:\Users\alexi\Documents\projects\maicivy\frontend\node_modules\jest-runner\build\testWorker.js:497:12) {
        detail: Error: Element type is invalid: expected a string (for built-in components) or a class/function (for composite components) but got: undefined. You likely forgot to export your component from the file it's defined in, or you might have mixed up default and named imports.
        
        Check the render method of `TimelineModal`.
            at createFiberFromTypeAndProps (C:\Users\alexi\Documents\projects\maicivy\frontend\node_modules\react-dom\cjs\react-dom.development.js:28478:17)
            at createFiberFromElement (C:\Users\alexi\Documents\projects\maicivy\frontend\node_modules\react-dom\cjs\react-dom.development.js:28504:15)
            at createChild (C:\Users\alexi\Documents\projects\maicivy\frontend\node_modules\react-dom\cjs\react-dom.development.js:13345:28)
            at reconcileChildrenArray (C:\Users\alexi\Documents\projects\maicivy\frontend\node_modules\react-dom\cjs\react-dom.development.js:13640:25)
            at reconcileChildFibers (C:\Users\alexi\Documents\projects\maicivy\frontend\node_modules\react-dom\cjs\react-dom.development.js:14057:16)
            at reconcileChildren (C:\Users\alexi\Documents\projects\maicivy\frontend\node_modules\react-dom\cjs\react-dom.development.js:19186:28)
            at updateHostComponent (C:\Users\alexi\Documents\projects\maicivy\frontend\node_modules\react-dom\cjs\react-dom.development.js:19953:3)
            at beginWork (C:\Users\alexi\Documents\projects\maicivy\frontend\node_modules\react-dom\cjs\react-dom.development.js:21657:14)
            at HTMLUnknownElement.callCallback (C:\Users\alexi\Documents\projects\maicivy\frontend\node_modules\react-dom\cjs\react-dom.development.js:4164:14)
            at HTMLUnknownElement.callTheUserObjectsOperation (C:\Users\alexi\Documents\projects\maicivy\frontend\node_modules\jsdom\lib\jsdom\living\generated\EventListener.js:26:30)
            at innerInvokeEventListeners (C:\Users\alexi\Documents\projects\maicivy\frontend\node_modules\jsdom\lib\jsdom\living\events\EventTarget-impl.js:350:25)
            at invokeEventListeners (C:\Users\alexi\Documents\projects\maicivy\frontend\node_modules\jsdom\lib\jsdom\living\events\EventTarget-impl.js:286:3)
            at HTMLUnknownElementImpl._dispatch (C:\Users\alexi\Documents\projects\maicivy\frontend\node_modules\jsdom\lib\jsdom\living\events\EventTarget-impl.js:233:9)
            at HTMLUnknownElementImpl.dispatchEvent (C:\Users\alexi\Documents\projects\maicivy\frontend\node_modules\jsdom\lib\jsdom\living\events\EventTarget-impl.js:104:17)
            at HTMLUnknownElement.dispatchEvent (C:\Users\alexi\Documents\projects\maicivy\frontend\node_modules\jsdom\lib\jsdom\living\generated\EventTarget.js:241:34)
            at Object.invokeGuardedCallbackDev (C:\Users\alexi\Documents\projects\maicivy\frontend\node_modules\react-dom\cjs\react-dom.development.js:4213:16)
            at invokeGuardedCallback (C:\Users\alexi\Documents\projects\maicivy\frontend\node_modules\react-dom\cjs\react-dom.development.js:4277:31)
            at beginWork$1 (C:\Users\alexi\Documents\projects\maicivy\frontend\node_modules\react-dom\cjs\react-dom.development.js:27490:7)
            at performUnitOfWork (C:\Users\alexi\Documents\projects\maicivy\frontend\node_modules\react-dom\cjs\react-dom.development.js:26599:12)
            at workLoopSync (C:\Users\alexi\Documents\projects\maicivy\frontend\node_modules\react-dom\cjs\react-dom.development.js:26505:5)
            at renderRootSync (C:\Users\alexi\Documents\projects\maicivy\frontend\node_modules\react-dom\cjs\react-dom.development.js:26473:7)
            at performConcurrentWorkOnRoot (C:\Users\alexi\Documents\projects\maicivy\frontend\node_modules\react-dom\cjs\react-dom.development.js:25777:74)
            at flushActQueue (C:\Users\alexi\Documents\projects\maicivy\frontend\node_modules\react\cjs\react.development.js:2667:24)
            at act (C:\Users\alexi\Documents\projects\maicivy\frontend\node_modules\react\cjs\react.development.js:2582:11)
            at C:\Users\alexi\Documents\projects\maicivy\frontend\node_modules\@testing-library\react\dist\act-compat.js:47:25
            at renderRoot (C:\Users\alexi\Documents\projects\maicivy\frontend\node_modules\@testing-library\react\dist\pure.js:190:26)
            at render (C:\Users\alexi\Documents\projects\maicivy\frontend\node_modules\@testing-library\react\dist\pure.js:292:10)
            at Object.<anonymous> (C:\Users\alexi\Documents\projects\maicivy\frontend\components\__tests__\TimelineModal.test.tsx:131:11)
            at Promise.finally.completed (C:\Users\alexi\Documents\projects\maicivy\frontend\node_modules\jest-circus\build\jestAdapterInit.js:1557:28)
            at new Promise (<anonymous>)
            at callAsyncCircusFn (C:\Users\alexi\Documents\projects\maicivy\frontend\node_modules\jest-circus\build\jestAdapterInit.js:1497:10)
            at _callCircusTest (C:\Users\alexi\Documents\projects\maicivy\frontend\node_modules\jest-circus\build\jestAdapterInit.js:1007:40)
            at processTicksAndRejections (node:internal/process/task_queues:103:5)
            at _runTest (C:\Users\alexi\Documents\projects\maicivy\frontend\node_modules\jest-circus\build\jestAdapterInit.js:947:3)
            at C:\Users\alexi\Documents\projects\maicivy\frontend\node_modules\jest-circus\build\jestAdapterInit.js:849:7
            at _runTestsForDescribeBlock (C:\Users\alexi\Documents\projects\maicivy\frontend\node_modules\jest-circus\build\jestAdapterInit.js:862:11)
            at _runTestsForDescribeBlock (C:\Users\alexi\Documents\projects\maicivy\frontend\node_modules\jest-circus\build\jestAdapterInit.js:857:11)
            at run (C:\Users\alexi\Documents\projects\maicivy\frontend\node_modules\jest-circus\build\jestAdapterInit.js:761:3)
            at runAndTransformResultsToJestFormat (C:\Users\alexi\Documents\projects\maicivy\frontend\node_modules\jest-circus\build\jestAdapterInit.js:1918:21)
            at jestAdapter (C:\Users\alexi\Documents\projects\maicivy\frontend\node_modules\jest-circus\build\runner.js:101:19)
            at runTestInternal (C:\Users\alexi\Documents\projects\maicivy\frontend\node_modules\jest-runner\build\testWorker.js:275:16)
            at runTest (C:\Users\alexi\Documents\projects\maicivy\frontend\node_modules\jest-runner\build\testWorker.js:343:7)
            at Object.worker (C:\Users\alexi\Documents\projects\maicivy\frontend\node_modules\jest-runner\build\testWorker.js:497:12),
        type: 'unhandled exception'
      }

    [0m [90m 129 |[39m
     [90m 130 |[39m   it([32m'should render all tags'[39m[33m,[39m () [33m=>[39m {
    [31m[1m>[22m[39m[90m 131 |[39m     render([33m<[39m[33mTimelineModal[39m event[33m=[39m{mockEvent} onClose[33m=[39m{jest[33m.[39mfn()} [33m/[39m[33m>[39m)[33m;[39m
     [90m     |[39m           [31m[1m^[22m[39m
     [90m 132 |[39m
     [90m 133 |[39m     expect(screen[33m.[39mgetByText([32m'React'[39m))[33m.[39mtoBeInTheDocument()[33m;[39m
     [90m 134 |[39m     expect(screen[33m.[39mgetByText([32m'Node.js'[39m))[33m.[39mtoBeInTheDocument()[33m;[39m[0m

      at VirtualConsole.<anonymous> (node_modules/@jest/environment-jsdom-abstract/build/index.js:87:23)
      at reportException (node_modules/jsdom/lib/jsdom/living/helpers/runtime-script-errors.js:70:28)
      at innerInvokeEventListeners (node_modules/jsdom/lib/jsdom/living/events/EventTarget-impl.js:353:9)
      at invokeEventListeners (node_modules/jsdom/lib/jsdom/living/events/EventTarget-impl.js:286:3)
      at HTMLUnknownElementImpl._dispatch (node_modules/jsdom/lib/jsdom/living/events/EventTarget-impl.js:233:9)
      at HTMLUnknownElementImpl.dispatchEvent (node_modules/jsdom/lib/jsdom/living/events/EventTarget-impl.js:104:17)
      at HTMLUnknownElement.dispatchEvent (node_modules/jsdom/lib/jsdom/living/generated/EventTarget.js:241:34)
      at Object.invokeGuardedCallbackDev (node_modules/react-dom/cjs/react-dom.development.js:4213:16)
      at invokeGuardedCallback (node_modules/react-dom/cjs/react-dom.development.js:4277:31)
      at beginWork$1 (node_modules/react-dom/cjs/react-dom.development.js:27490:7)
      at performUnitOfWork (node_modules/react-dom/cjs/react-dom.development.js:26599:12)
      at workLoopSync (node_modules/react-dom/cjs/react-dom.development.js:26505:5)
      at renderRootSync (node_modules/react-dom/cjs/react-dom.development.js:26473:7)
      at performConcurrentWorkOnRoot (node_modules/react-dom/cjs/react-dom.development.js:25777:74)
      at flushActQueue (node_modules/react/cjs/react.development.js:2667:24)
      at act (node_modules/react/cjs/react.development.js:2582:11)
      at node_modules/@testing-library/react/dist/act-compat.js:47:25
      at renderRoot (node_modules/@testing-library/react/dist/pure.js:190:26)
      at render (node_modules/@testing-library/react/dist/pure.js:292:10)
      at Object.<anonymous> (components/__tests__/TimelineModal.test.tsx:131:11)

    console.error
      Warning: React.jsx: type is invalid -- expected a string (for built-in components) or a class/function (for composite components) but got: undefined. You likely forgot to export your component from the file it's defined in, or you might have mixed up default and named imports.
      
      Check the render method of `TimelineModal`.
          at event (C:\Users\alexi\Documents\projects\maicivy\frontend\components\timeline\TimelineModal.tsx:13:56)

    [0m [90m 151 |[39m                 [33m<[39m[33mdiv[39m className[33m=[39m[32m"flex flex-wrap gap-2"[39m[33m>[39m
     [90m 152 |[39m                   {event[33m.[39mtags[33m.[39mmap((tag) [33m=>[39m (
    [31m[1m>[22m[39m[90m 153 |[39m                     [33m<[39m[33mmotion[39m[33m.[39mspan
     [90m     |[39m                     [31m[1m^[22m[39m
     [90m 154 |[39m                       key[33m=[39m{tag}
     [90m 155 |[39m                       whileHover[33m=[39m{{ scale[33m:[39m [35m1.05[39m }}
     [90m 156 |[39m                       className[33m=[39m[32m"px-4 py-2 bg-blue-500 text-white text-sm font-medium rounded-full shadow-sm"[39m[0m

      at printWarning (node_modules/react/cjs/react-jsx-runtime.development.js:87:30)
      at error (node_modules/react/cjs/react-jsx-runtime.development.js:61:7)
      at jsxWithValidation (node_modules/react/cjs/react-jsx-runtime.development.js:1245:7)
      at jsxWithValidationDynamic (node_modules/react/cjs/react-jsx-runtime.development.js:1320:12)
      at components/timeline/TimelineModal.tsx:153:21
          at Array.map (<anonymous>)
      at map (components/timeline/TimelineModal.tsx:152:31)
      at renderWithHooks (node_modules/react-dom/cjs/react-dom.development.js:15486:18)
      at mountIndeterminateComponent (node_modules/react-dom/cjs/react-dom.development.js:20103:13)
      at beginWork (node_modules/react-dom/cjs/react-dom.development.js:21626:16)
      at beginWork$1 (node_modules/react-dom/cjs/react-dom.development.js:27465:14)
      at performUnitOfWork (node_modules/react-dom/cjs/react-dom.development.js:26599:12)
      at workLoopSync (node_modules/react-dom/cjs/react-dom.development.js:26505:5)
      at renderRootSync (node_modules/react-dom/cjs/react-dom.development.js:26473:7)
      at recoverFromConcurrentError (node_modules/react-dom/cjs/react-dom.development.js:25889:20)
      at performConcurrentWorkOnRoot (node_modules/react-dom/cjs/react-dom.development.js:25789:22)
      at flushActQueue (node_modules/react/cjs/react.development.js:2667:24)
      at act (node_modules/react/cjs/react.development.js:2582:11)
      at node_modules/@testing-library/react/dist/act-compat.js:47:25
      at renderRoot (node_modules/@testing-library/react/dist/pure.js:190:26)
      at render (node_modules/@testing-library/react/dist/pure.js:292:10)
      at Object.<anonymous> (components/__tests__/TimelineModal.test.tsx:131:11)

    console.error
      Warning: React.jsx: type is invalid -- expected a string (for built-in components) or a class/function (for composite components) but got: undefined. You likely forgot to export your component from the file it's defined in, or you might have mixed up default and named imports.
      
      Check the render method of `TimelineModal`.
          at event (C:\Users\alexi\Documents\projects\maicivy\frontend\components\timeline\TimelineModal.tsx:13:56)

    [0m [90m 151 |[39m                 [33m<[39m[33mdiv[39m className[33m=[39m[32m"flex flex-wrap gap-2"[39m[33m>[39m
     [90m 152 |[39m                   {event[33m.[39mtags[33m.[39mmap((tag) [33m=>[39m (
    [31m[1m>[22m[39m[90m 153 |[39m                     [33m<[39m[33mmotion[39m[33m.[39mspan
     [90m     |[39m                     [31m[1m^[22m[39m
     [90m 154 |[39m                       key[33m=[39m{tag}
     [90m 155 |[39m                       whileHover[33m=[39m{{ scale[33m:[39m [35m1.05[39m }}
     [90m 156 |[39m                       className[33m=[39m[32m"px-4 py-2 bg-blue-500 text-white text-sm font-medium rounded-full shadow-sm"[39m[0m

      at printWarning (node_modules/react/cjs/react-jsx-runtime.development.js:87:30)
      at error (node_modules/react/cjs/react-jsx-runtime.development.js:61:7)
      at jsxWithValidation (node_modules/react/cjs/react-jsx-runtime.development.js:1245:7)
      at jsxWithValidationDynamic (node_modules/react/cjs/react-jsx-runtime.development.js:1320:12)
      at components/timeline/TimelineModal.tsx:153:21
          at Array.map (<anonymous>)
      at map (components/timeline/TimelineModal.tsx:152:31)
      at renderWithHooks (node_modules/react-dom/cjs/react-dom.development.js:15486:18)
      at mountIndeterminateComponent (node_modules/react-dom/cjs/react-dom.development.js:20103:13)
      at beginWork (node_modules/react-dom/cjs/react-dom.development.js:21626:16)
      at beginWork$1 (node_modules/react-dom/cjs/react-dom.development.js:27465:14)
      at performUnitOfWork (node_modules/react-dom/cjs/react-dom.development.js:26599:12)
      at workLoopSync (node_modules/react-dom/cjs/react-dom.development.js:26505:5)
      at renderRootSync (node_modules/react-dom/cjs/react-dom.development.js:26473:7)
      at recoverFromConcurrentError (node_modules/react-dom/cjs/react-dom.development.js:25889:20)
      at performConcurrentWorkOnRoot (node_modules/react-dom/cjs/react-dom.development.js:25789:22)
      at flushActQueue (node_modules/react/cjs/react.development.js:2667:24)
      at act (node_modules/react/cjs/react.development.js:2582:11)
      at node_modules/@testing-library/react/dist/act-compat.js:47:25
      at renderRoot (node_modules/@testing-library/react/dist/pure.js:190:26)
      at render (node_modules/@testing-library/react/dist/pure.js:292:10)
      at Object.<anonymous> (components/__tests__/TimelineModal.test.tsx:131:11)

    console.error
      Warning: React.jsx: type is invalid -- expected a string (for built-in components) or a class/function (for composite components) but got: undefined. You likely forgot to export your component from the file it's defined in, or you might have mixed up default and named imports.
      
      Check the render method of `TimelineModal`.
          at event (C:\Users\alexi\Documents\projects\maicivy\frontend\components\timeline\TimelineModal.tsx:13:56)

    [0m [90m 151 |[39m                 [33m<[39m[33mdiv[39m className[33m=[39m[32m"flex flex-wrap gap-2"[39m[33m>[39m
     [90m 152 |[39m                   {event[33m.[39mtags[33m.[39mmap((tag) [33m=>[39m (
    [31m[1m>[22m[39m[90m 153 |[39m                     [33m<[39m[33mmotion[39m[33m.[39mspan
     [90m     |[39m                     [31m[1m^[22m[39m
     [90m 154 |[39m                       key[33m=[39m{tag}
     [90m 155 |[39m                       whileHover[33m=[39m{{ scale[33m:[39m [35m1.05[39m }}
     [90m 156 |[39m                       className[33m=[39m[32m"px-4 py-2 bg-blue-500 text-white text-sm font-medium rounded-full shadow-sm"[39m[0m

      at printWarning (node_modules/react/cjs/react-jsx-runtime.development.js:87:30)
      at error (node_modules/react/cjs/react-jsx-runtime.development.js:61:7)
      at jsxWithValidation (node_modules/react/cjs/react-jsx-runtime.development.js:1245:7)
      at jsxWithValidationDynamic (node_modules/react/cjs/react-jsx-runtime.development.js:1320:12)
      at components/timeline/TimelineModal.tsx:153:21
          at Array.map (<anonymous>)
      at map (components/timeline/TimelineModal.tsx:152:31)
      at renderWithHooks (node_modules/react-dom/cjs/react-dom.development.js:15486:18)
      at mountIndeterminateComponent (node_modules/react-dom/cjs/react-dom.development.js:20103:13)
      at beginWork (node_modules/react-dom/cjs/react-dom.development.js:21626:16)
      at beginWork$1 (node_modules/react-dom/cjs/react-dom.development.js:27465:14)
      at performUnitOfWork (node_modules/react-dom/cjs/react-dom.development.js:26599:12)
      at workLoopSync (node_modules/react-dom/cjs/react-dom.development.js:26505:5)
      at renderRootSync (node_modules/react-dom/cjs/react-dom.development.js:26473:7)
      at recoverFromConcurrentError (node_modules/react-dom/cjs/react-dom.development.js:25889:20)
      at performConcurrentWorkOnRoot (node_modules/react-dom/cjs/react-dom.development.js:25789:22)
      at flushActQueue (node_modules/react/cjs/react.development.js:2667:24)
      at act (node_modules/react/cjs/react.development.js:2582:11)
      at node_modules/@testing-library/react/dist/act-compat.js:47:25
      at renderRoot (node_modules/@testing-library/react/dist/pure.js:190:26)
      at render (node_modules/@testing-library/react/dist/pure.js:292:10)
      at Object.<anonymous> (components/__tests__/TimelineModal.test.tsx:131:11)

    console.error
      Warning: React.jsx: type is invalid -- expected a string (for built-in components) or a class/function (for composite components) but got: undefined. You likely forgot to export your component from the file it's defined in, or you might have mixed up default and named imports.
      
      Check the render method of `TimelineModal`.
          at event (C:\Users\alexi\Documents\projects\maicivy\frontend\components\timeline\TimelineModal.tsx:13:56)

    [0m [90m 151 |[39m                 [33m<[39m[33mdiv[39m className[33m=[39m[32m"flex flex-wrap gap-2"[39m[33m>[39m
     [90m 152 |[39m                   {event[33m.[39mtags[33m.[39mmap((tag) [33m=>[39m (
    [31m[1m>[22m[39m[90m 153 |[39m                     [33m<[39m[33mmotion[39m[33m.[39mspan
     [90m     |[39m                     [31m[1m^[22m[39m
     [90m 154 |[39m                       key[33m=[39m{tag}
     [90m 155 |[39m                       whileHover[33m=[39m{{ scale[33m:[39m [35m1.05[39m }}
     [90m 156 |[39m                       className[33m=[39m[32m"px-4 py-2 bg-blue-500 text-white text-sm font-medium rounded-full shadow-sm"[39m[0m

      at printWarning (node_modules/react/cjs/react-jsx-runtime.development.js:87:30)
      at error (node_modules/react/cjs/react-jsx-runtime.development.js:61:7)
      at jsxWithValidation (node_modules/react/cjs/react-jsx-runtime.development.js:1245:7)
      at jsxWithValidationDynamic (node_modules/react/cjs/react-jsx-runtime.development.js:1320:12)
      at components/timeline/TimelineModal.tsx:153:21
          at Array.map (<anonymous>)
      at map (components/timeline/TimelineModal.tsx:152:31)
      at renderWithHooks (node_modules/react-dom/cjs/react-dom.development.js:15486:18)
      at mountIndeterminateComponent (node_modules/react-dom/cjs/react-dom.development.js:20103:13)
      at beginWork (node_modules/react-dom/cjs/react-dom.development.js:21626:16)
      at beginWork$1 (node_modules/react-dom/cjs/react-dom.development.js:27465:14)
      at performUnitOfWork (node_modules/react-dom/cjs/react-dom.development.js:26599:12)
      at workLoopSync (node_modules/react-dom/cjs/react-dom.development.js:26505:5)
      at renderRootSync (node_modules/react-dom/cjs/react-dom.development.js:26473:7)
      at recoverFromConcurrentError (node_modules/react-dom/cjs/react-dom.development.js:25889:20)
      at performConcurrentWorkOnRoot (node_modules/react-dom/cjs/react-dom.development.js:25789:22)
      at flushActQueue (node_modules/react/cjs/react.development.js:2667:24)
      at act (node_modules/react/cjs/react.development.js:2582:11)
      at node_modules/@testing-library/react/dist/act-compat.js:47:25
      at renderRoot (node_modules/@testing-library/react/dist/pure.js:190:26)
      at render (node_modules/@testing-library/react/dist/pure.js:292:10)
      at Object.<anonymous> (components/__tests__/TimelineModal.test.tsx:131:11)

    console.error
      Warning: React.jsx: type is invalid -- expected a string (for built-in components) or a class/function (for composite components) but got: undefined. You likely forgot to export your component from the file it's defined in, or you might have mixed up default and named imports.
      
      Check the render method of `TimelineModal`.
          at event (C:\Users\alexi\Documents\projects\maicivy\frontend\components\timeline\TimelineModal.tsx:13:56)

    [0m [90m 151 |[39m                 [33m<[39m[33mdiv[39m className[33m=[39m[32m"flex flex-wrap gap-2"[39m[33m>[39m
     [90m 152 |[39m                   {event[33m.[39mtags[33m.[39mmap((tag) [33m=>[39m (
    [31m[1m>[22m[39m[90m 153 |[39m                     [33m<[39m[33mmotion[39m[33m.[39mspan
     [90m     |[39m                     [31m[1m^[22m[39m
     [90m 154 |[39m                       key[33m=[39m{tag}
     [90m 155 |[39m                       whileHover[33m=[39m{{ scale[33m:[39m [35m1.05[39m }}
     [90m 156 |[39m                       className[33m=[39m[32m"px-4 py-2 bg-blue-500 text-white text-sm font-medium rounded-full shadow-sm"[39m[0m

      at printWarning (node_modules/react/cjs/react-jsx-runtime.development.js:87:30)
      at error (node_modules/react/cjs/react-jsx-runtime.development.js:61:7)
      at jsxWithValidation (node_modules/react/cjs/react-jsx-runtime.development.js:1245:7)
      at jsxWithValidationDynamic (node_modules/react/cjs/react-jsx-runtime.development.js:1320:12)
      at components/timeline/TimelineModal.tsx:153:21
          at Array.map (<anonymous>)
      at map (components/timeline/TimelineModal.tsx:152:31)
      at renderWithHooks (node_modules/react-dom/cjs/react-dom.development.js:15486:18)
      at mountIndeterminateComponent (node_modules/react-dom/cjs/react-dom.development.js:20103:13)
      at beginWork (node_modules/react-dom/cjs/react-dom.development.js:21626:16)
      at beginWork$1 (node_modules/react-dom/cjs/react-dom.development.js:27465:14)
      at performUnitOfWork (node_modules/react-dom/cjs/react-dom.development.js:26599:12)
      at workLoopSync (node_modules/react-dom/cjs/react-dom.development.js:26505:5)
      at renderRootSync (node_modules/react-dom/cjs/react-dom.development.js:26473:7)
      at recoverFromConcurrentError (node_modules/react-dom/cjs/react-dom.development.js:25889:20)
      at performConcurrentWorkOnRoot (node_modules/react-dom/cjs/react-dom.development.js:25789:22)
      at flushActQueue (node_modules/react/cjs/react.development.js:2667:24)
      at act (node_modules/react/cjs/react.development.js:2582:11)
      at node_modules/@testing-library/react/dist/act-compat.js:47:25
      at renderRoot (node_modules/@testing-library/react/dist/pure.js:190:26)
      at render (node_modules/@testing-library/react/dist/pure.js:292:10)
      at Object.<anonymous> (components/__tests__/TimelineModal.test.tsx:131:11)

    console.error
      Error: Uncaught [Error: Element type is invalid: expected a string (for built-in components) or a class/function (for composite components) but got: undefined. You likely forgot to export your component from the file it's defined in, or you might have mixed up default and named imports.
      
      Check the render method of `TimelineModal`.]
          at reportException (C:\Users\alexi\Documents\projects\maicivy\frontend\node_modules\jsdom\lib\jsdom\living\helpers\runtime-script-errors.js:66:24)
          at innerInvokeEventListeners (C:\Users\alexi\Documents\projects\maicivy\frontend\node_modules\jsdom\lib\jsdom\living\events\EventTarget-impl.js:353:9)
          at invokeEventListeners (C:\Users\alexi\Documents\projects\maicivy\frontend\node_modules\jsdom\lib\jsdom\living\events\EventTarget-impl.js:286:3)
          at HTMLUnknownElementImpl._dispatch (C:\Users\alexi\Documents\projects\maicivy\frontend\node_modules\jsdom\lib\jsdom\living\events\EventTarget-impl.js:233:9)
          at HTMLUnknownElementImpl.dispatchEvent (C:\Users\alexi\Documents\projects\maicivy\frontend\node_modules\jsdom\lib\jsdom\living\events\EventTarget-impl.js:104:17)
          at HTMLUnknownElement.dispatchEvent (C:\Users\alexi\Documents\projects\maicivy\frontend\node_modules\jsdom\lib\jsdom\living\generated\EventTarget.js:241:34)
          at Object.invokeGuardedCallbackDev (C:\Users\alexi\Documents\projects\maicivy\frontend\node_modules\react-dom\cjs\react-dom.development.js:4213:16)
          at invokeGuardedCallback (C:\Users\alexi\Documents\projects\maicivy\frontend\node_modules\react-dom\cjs\react-dom.development.js:4277:31)
          at beginWork$1 (C:\Users\alexi\Documents\projects\maicivy\frontend\node_modules\react-dom\cjs\react-dom.development.js:27490:7)
          at performUnitOfWork (C:\Users\alexi\Documents\projects\maicivy\frontend\node_modules\react-dom\cjs\react-dom.development.js:26599:12)
          at workLoopSync (C:\Users\alexi\Documents\projects\maicivy\frontend\node_modules\react-dom\cjs\react-dom.development.js:26505:5)
          at renderRootSync (C:\Users\alexi\Documents\projects\maicivy\frontend\node_modules\react-dom\cjs\react-dom.development.js:26473:7)
          at recoverFromConcurrentError (C:\Users\alexi\Documents\projects\maicivy\frontend\node_modules\react-dom\cjs\react-dom.development.js:25889:20)
          at performConcurrentWorkOnRoot (C:\Users\alexi\Documents\projects\maicivy\frontend\node_modules\react-dom\cjs\react-dom.development.js:25789:22)
          at flushActQueue (C:\Users\alexi\Documents\projects\maicivy\frontend\node_modules\react\cjs\react.development.js:2667:24)
          at act (C:\Users\alexi\Documents\projects\maicivy\frontend\node_modules\react\cjs\react.development.js:2582:11)
          at C:\Users\alexi\Documents\projects\maicivy\frontend\node_modules\@testing-library\react\dist\act-compat.js:47:25
          at renderRoot (C:\Users\alexi\Documents\projects\maicivy\frontend\node_modules\@testing-library\react\dist\pure.js:190:26)
          at render (C:\Users\alexi\Documents\projects\maicivy\frontend\node_modules\@testing-library\react\dist\pure.js:292:10)
          at Object.<anonymous> (C:\Users\alexi\Documents\projects\maicivy\frontend\components\__tests__\TimelineModal.test.tsx:131:11)
          at Promise.finally.completed (C:\Users\alexi\Documents\projects\maicivy\frontend\node_modules\jest-circus\build\jestAdapterInit.js:1557:28)
          at new Promise (<anonymous>)
          at callAsyncCircusFn (C:\Users\alexi\Documents\projects\maicivy\frontend\node_modules\jest-circus\build\jestAdapterInit.js:1497:10)
          at _callCircusTest (C:\Users\alexi\Documents\projects\maicivy\frontend\node_modules\jest-circus\build\jestAdapterInit.js:1007:40)
          at processTicksAndRejections (node:internal/process/task_queues:103:5)
          at _runTest (C:\Users\alexi\Documents\projects\maicivy\frontend\node_modules\jest-circus\build\jestAdapterInit.js:947:3)
          at C:\Users\alexi\Documents\projects\maicivy\frontend\node_modules\jest-circus\build\jestAdapterInit.js:849:7
          at _runTestsForDescribeBlock (C:\Users\alexi\Documents\projects\maicivy\frontend\node_modules\jest-circus\build\jestAdapterInit.js:862:11)
          at _runTestsForDescribeBlock (C:\Users\alexi\Documents\projects\maicivy\frontend\node_modules\jest-circus\build\jestAdapterInit.js:857:11)
          at run (C:\Users\alexi\Documents\projects\maicivy\frontend\node_modules\jest-circus\build\jestAdapterInit.js:761:3)
          at runAndTransformResultsToJestFormat (C:\Users\alexi\Documents\projects\maicivy\frontend\node_modules\jest-circus\build\jestAdapterInit.js:1918:21)
          at jestAdapter (C:\Users\alexi\Documents\projects\maicivy\frontend\node_modules\jest-circus\build\runner.js:101:19)
          at runTestInternal (C:\Users\alexi\Documents\projects\maicivy\frontend\node_modules\jest-runner\build\testWorker.js:275:16)
          at runTest (C:\Users\alexi\Documents\projects\maicivy\frontend\node_modules\jest-runner\build\testWorker.js:343:7)
          at Object.worker (C:\Users\alexi\Documents\projects\maicivy\frontend\node_modules\jest-runner\build\testWorker.js:497:12) {
        detail: Error: Element type is invalid: expected a string (for built-in components) or a class/function (for composite components) but got: undefined. You likely forgot to export your component from the file it's defined in, or you might have mixed up default and named imports.
        
        Check the render method of `TimelineModal`.
            at createFiberFromTypeAndProps (C:\Users\alexi\Documents\projects\maicivy\frontend\node_modules\react-dom\cjs\react-dom.development.js:28478:17)
            at createFiberFromElement (C:\Users\alexi\Documents\projects\maicivy\frontend\node_modules\react-dom\cjs\react-dom.development.js:28504:15)
            at createChild (C:\Users\alexi\Documents\projects\maicivy\frontend\node_modules\react-dom\cjs\react-dom.development.js:13345:28)
            at reconcileChildrenArray (C:\Users\alexi\Documents\projects\maicivy\frontend\node_modules\react-dom\cjs\react-dom.development.js:13640:25)
            at reconcileChildFibers (C:\Users\alexi\Documents\projects\maicivy\frontend\node_modules\react-dom\cjs\react-dom.development.js:14057:16)
            at reconcileChildren (C:\Users\alexi\Documents\projects\maicivy\frontend\node_modules\react-dom\cjs\react-dom.development.js:19186:28)
            at updateHostComponent (C:\Users\alexi\Documents\projects\maicivy\frontend\node_modules\react-dom\cjs\react-dom.development.js:19953:3)
            at beginWork (C:\Users\alexi\Documents\projects\maicivy\frontend\node_modules\react-dom\cjs\react-dom.development.js:21657:14)
            at HTMLUnknownElement.callCallback (C:\Users\alexi\Documents\projects\maicivy\frontend\node_modules\react-dom\cjs\react-dom.development.js:4164:14)
            at HTMLUnknownElement.callTheUserObjectsOperation (C:\Users\alexi\Documents\projects\maicivy\frontend\node_modules\jsdom\lib\jsdom\living\generated\EventListener.js:26:30)
            at innerInvokeEventListeners (C:\Users\alexi\Documents\projects\maicivy\frontend\node_modules\jsdom\lib\jsdom\living\events\EventTarget-impl.js:350:25)
            at invokeEventListeners (C:\Users\alexi\Documents\projects\maicivy\frontend\node_modules\jsdom\lib\jsdom\living\events\EventTarget-impl.js:286:3)
            at HTMLUnknownElementImpl._dispatch (C:\Users\alexi\Documents\projects\maicivy\frontend\node_modules\jsdom\lib\jsdom\living\events\EventTarget-impl.js:233:9)
            at HTMLUnknownElementImpl.dispatchEvent (C:\Users\alexi\Documents\projects\maicivy\frontend\node_modules\jsdom\lib\jsdom\living\events\EventTarget-impl.js:104:17)
            at HTMLUnknownElement.dispatchEvent (C:\Users\alexi\Documents\projects\maicivy\frontend\node_modules\jsdom\lib\jsdom\living\generated\EventTarget.js:241:34)
            at Object.invokeGuardedCallbackDev (C:\Users\alexi\Documents\projects\maicivy\frontend\node_modules\react-dom\cjs\react-dom.development.js:4213:16)
            at invokeGuardedCallback (C:\Users\alexi\Documents\projects\maicivy\frontend\node_modules\react-dom\cjs\react-dom.development.js:4277:31)
            at beginWork$1 (C:\Users\alexi\Documents\projects\maicivy\frontend\node_modules\react-dom\cjs\react-dom.development.js:27490:7)
            at performUnitOfWork (C:\Users\alexi\Documents\projects\maicivy\frontend\node_modules\react-dom\cjs\react-dom.development.js:26599:12)
            at workLoopSync (C:\Users\alexi\Documents\projects\maicivy\frontend\node_modules\react-dom\cjs\react-dom.development.js:26505:5)
            at renderRootSync (C:\Users\alexi\Documents\projects\maicivy\frontend\node_modules\react-dom\cjs\react-dom.development.js:26473:7)
            at recoverFromConcurrentError (C:\Users\alexi\Documents\projects\maicivy\frontend\node_modules\react-dom\cjs\react-dom.development.js:25889:20)
            at performConcurrentWorkOnRoot (C:\Users\alexi\Documents\projects\maicivy\frontend\node_modules\react-dom\cjs\react-dom.development.js:25789:22)
            at flushActQueue (C:\Users\alexi\Documents\projects\maicivy\frontend\node_modules\react\cjs\react.development.js:2667:24)
            at act (C:\Users\alexi\Documents\projects\maicivy\frontend\node_modules\react\cjs\react.development.js:2582:11)
            at C:\Users\alexi\Documents\projects\maicivy\frontend\node_modules\@testing-library\react\dist\act-compat.js:47:25
            at renderRoot (C:\Users\alexi\Documents\projects\maicivy\frontend\node_modules\@testing-library\react\dist\pure.js:190:26)
            at render (C:\Users\alexi\Documents\projects\maicivy\frontend\node_modules\@testing-library\react\dist\pure.js:292:10)
            at Object.<anonymous> (C:\Users\alexi\Documents\projects\maicivy\frontend\components\__tests__\TimelineModal.test.tsx:131:11)
            at Promise.finally.completed (C:\Users\alexi\Documents\projects\maicivy\frontend\node_modules\jest-circus\build\jestAdapterInit.js:1557:28)
            at new Promise (<anonymous>)
            at callAsyncCircusFn (C:\Users\alexi\Documents\projects\maicivy\frontend\node_modules\jest-circus\build\jestAdapterInit.js:1497:10)
            at _callCircusTest (C:\Users\alexi\Documents\projects\maicivy\frontend\node_modules\jest-circus\build\jestAdapterInit.js:1007:40)
            at processTicksAndRejections (node:internal/process/task_queues:103:5)
            at _runTest (C:\Users\alexi\Documents\projects\maicivy\frontend\node_modules\jest-circus\build\jestAdapterInit.js:947:3)
            at C:\Users\alexi\Documents\projects\maicivy\frontend\node_modules\jest-circus\build\jestAdapterInit.js:849:7
            at _runTestsForDescribeBlock (C:\Users\alexi\Documents\projects\maicivy\frontend\node_modules\jest-circus\build\jestAdapterInit.js:862:11)
            at _runTestsForDescribeBlock (C:\Users\alexi\Documents\projects\maicivy\frontend\node_modules\jest-circus\build\jestAdapterInit.js:857:11)
            at run (C:\Users\alexi\Documents\projects\maicivy\frontend\node_modules\jest-circus\build\jestAdapterInit.js:761:3)
            at runAndTransformResultsToJestFormat (C:\Users\alexi\Documents\projects\maicivy\frontend\node_modules\jest-circus\build\jestAdapterInit.js:1918:21)
            at jestAdapter (C:\Users\alexi\Documents\projects\maicivy\frontend\node_modules\jest-circus\build\runner.js:101:19)
            at runTestInternal (C:\Users\alexi\Documents\projects\maicivy\frontend\node_modules\jest-runner\build\testWorker.js:275:16)
            at runTest (C:\Users\alexi\Documents\projects\maicivy\frontend\node_modules\jest-runner\build\testWorker.js:343:7)
            at Object.worker (C:\Users\alexi\Documents\projects\maicivy\frontend\node_modules\jest-runner\build\testWorker.js:497:12),
        type: 'unhandled exception'
      }

    [0m [90m 129 |[39m
     [90m 130 |[39m   it([32m'should render all tags'[39m[33m,[39m () [33m=>[39m {
    [31m[1m>[22m[39m[90m 131 |[39m     render([33m<[39m[33mTimelineModal[39m event[33m=[39m{mockEvent} onClose[33m=[39m{jest[33m.[39mfn()} [33m/[39m[33m>[39m)[33m;[39m
     [90m     |[39m           [31m[1m^[22m[39m
     [90m 132 |[39m
     [90m 133 |[39m     expect(screen[33m.[39mgetByText([32m'React'[39m))[33m.[39mtoBeInTheDocument()[33m;[39m
     [90m 134 |[39m     expect(screen[33m.[39mgetByText([32m'Node.js'[39m))[33m.[39mtoBeInTheDocument()[33m;[39m[0m

      at VirtualConsole.<anonymous> (node_modules/@jest/environment-jsdom-abstract/build/index.js:87:23)
      at reportException (node_modules/jsdom/lib/jsdom/living/helpers/runtime-script-errors.js:70:28)
      at innerInvokeEventListeners (node_modules/jsdom/lib/jsdom/living/events/EventTarget-impl.js:353:9)
      at invokeEventListeners (node_modules/jsdom/lib/jsdom/living/events/EventTarget-impl.js:286:3)
      at HTMLUnknownElementImpl._dispatch (node_modules/jsdom/lib/jsdom/living/events/EventTarget-impl.js:233:9)
      at HTMLUnknownElementImpl.dispatchEvent (node_modules/jsdom/lib/jsdom/living/events/EventTarget-impl.js:104:17)
      at HTMLUnknownElement.dispatchEvent (node_modules/jsdom/lib/jsdom/living/generated/EventTarget.js:241:34)
      at Object.invokeGuardedCallbackDev (node_modules/react-dom/cjs/react-dom.development.js:4213:16)
      at invokeGuardedCallback (node_modules/react-dom/cjs/react-dom.development.js:4277:31)
      at beginWork$1 (node_modules/react-dom/cjs/react-dom.development.js:27490:7)
      at performUnitOfWork (node_modules/react-dom/cjs/react-dom.development.js:26599:12)
      at workLoopSync (node_modules/react-dom/cjs/react-dom.development.js:26505:5)
      at renderRootSync (node_modules/react-dom/cjs/react-dom.development.js:26473:7)
      at recoverFromConcurrentError (node_modules/react-dom/cjs/react-dom.development.js:25889:20)
      at performConcurrentWorkOnRoot (node_modules/react-dom/cjs/react-dom.development.js:25789:22)
      at flushActQueue (node_modules/react/cjs/react.development.js:2667:24)
      at act (node_modules/react/cjs/react.development.js:2582:11)
      at node_modules/@testing-library/react/dist/act-compat.js:47:25
      at renderRoot (node_modules/@testing-library/react/dist/pure.js:190:26)
      at render (node_modules/@testing-library/react/dist/pure.js:292:10)
      at Object.<anonymous> (components/__tests__/TimelineModal.test.tsx:131:11)

    console.error
      The above error occurred in the <div> component:
      
          at div
          at div
          at div
          at div
          at children (C:\Users\alexi\Documents\projects\maicivy\frontend\components\__tests__\TimelineModal.test.tsx:8:13)
          at div
          at children (C:\Users\alexi\Documents\projects\maicivy\frontend\components\__tests__\TimelineModal.test.tsx:8:13)
          at children (C:\Users\alexi\Documents\projects\maicivy\frontend\components\__tests__\TimelineModal.test.tsx:12:23)
          at event (C:\Users\alexi\Documents\projects\maicivy\frontend\components\timeline\TimelineModal.tsx:13:56)
      
      Consider adding an error boundary to your tree to customize error handling behavior.
      Visit https://reactjs.org/link/error-boundaries to learn more about error boundaries.

    [0m [90m 129 |[39m
     [90m 130 |[39m   it([32m'should render all tags'[39m[33m,[39m () [33m=>[39m {
    [31m[1m>[22m[39m[90m 131 |[39m     render([33m<[39m[33mTimelineModal[39m event[33m=[39m{mockEvent} onClose[33m=[39m{jest[33m.[39mfn()} [33m/[39m[33m>[39m)[33m;[39m
     [90m     |[39m           [31m[1m^[22m[39m
     [90m 132 |[39m
     [90m 133 |[39m     expect(screen[33m.[39mgetByText([32m'React'[39m))[33m.[39mtoBeInTheDocument()[33m;[39m
     [90m 134 |[39m     expect(screen[33m.[39mgetByText([32m'Node.js'[39m))[33m.[39mtoBeInTheDocument()[33m;[39m[0m

      at logCapturedError (node_modules/react-dom/cjs/react-dom.development.js:18704:23)
      at update.callback (node_modules/react-dom/cjs/react-dom.development.js:18737:5)
      at callCallback (node_modules/react-dom/cjs/react-dom.development.js:15036:12)
      at commitUpdateQueue (node_modules/react-dom/cjs/react-dom.development.js:15057:9)
      at commitLayoutEffectOnFiber (node_modules/react-dom/cjs/react-dom.development.js:23430:13)
      at commitLayoutMountEffects_complete (node_modules/react-dom/cjs/react-dom.development.js:24727:9)
      at commitLayoutEffects_begin (node_modules/react-dom/cjs/react-dom.development.js:24713:7)
      at commitLayoutEffects (node_modules/react-dom/cjs/react-dom.development.js:24651:3)
      at commitRootImpl (node_modules/react-dom/cjs/react-dom.development.js:26862:5)
      at commitRoot (node_modules/react-dom/cjs/react-dom.development.js:26721:5)
      at finishConcurrentRender (node_modules/react-dom/cjs/react-dom.development.js:25931:9)
      at performConcurrentWorkOnRoot (node_modules/react-dom/cjs/react-dom.development.js:25848:7)
      at flushActQueue (node_modules/react/cjs/react.development.js:2667:24)
      at act (node_modules/react/cjs/react.development.js:2582:11)
      at node_modules/@testing-library/react/dist/act-compat.js:47:25
      at renderRoot (node_modules/@testing-library/react/dist/pure.js:190:26)
      at render (node_modules/@testing-library/react/dist/pure.js:292:10)
      at Object.<anonymous> (components/__tests__/TimelineModal.test.tsx:131:11)

    console.error
      Warning: React.jsx: type is invalid -- expected a string (for built-in components) or a class/function (for composite components) but got: undefined. You likely forgot to export your component from the file it's defined in, or you might have mixed up default and named imports.
      
      Check the render method of `TimelineModal`.
          at event (C:\Users\alexi\Documents\projects\maicivy\frontend\components\timeline\TimelineModal.tsx:13:56)

    [0m [90m 151 |[39m                 [33m<[39m[33mdiv[39m className[33m=[39m[32m"flex flex-wrap gap-2"[39m[33m>[39m
     [90m 152 |[39m                   {event[33m.[39mtags[33m.[39mmap((tag) [33m=>[39m (
    [31m[1m>[22m[39m[90m 153 |[39m                     [33m<[39m[33mmotion[39m[33m.[39mspan
     [90m     |[39m                     [31m[1m^[22m[39m
     [90m 154 |[39m                       key[33m=[39m{tag}
     [90m 155 |[39m                       whileHover[33m=[39m{{ scale[33m:[39m [35m1.05[39m }}
     [90m 156 |[39m                       className[33m=[39m[32m"px-4 py-2 bg-blue-500 text-white text-sm font-medium rounded-full shadow-sm"[39m[0m

      at printWarning (node_modules/react/cjs/react-jsx-runtime.development.js:87:30)
      at error (node_modules/react/cjs/react-jsx-runtime.development.js:61:7)
      at jsxWithValidation (node_modules/react/cjs/react-jsx-runtime.development.js:1245:7)
      at jsxWithValidationDynamic (node_modules/react/cjs/react-jsx-runtime.development.js:1320:12)
      at components/timeline/TimelineModal.tsx:153:21
          at Array.map (<anonymous>)
      at map (components/timeline/TimelineModal.tsx:152:31)
      at renderWithHooks (node_modules/react-dom/cjs/react-dom.development.js:15486:18)
      at mountIndeterminateComponent (node_modules/react-dom/cjs/react-dom.development.js:20103:13)
      at beginWork (node_modules/react-dom/cjs/react-dom.development.js:21626:16)
      at beginWork$1 (node_modules/react-dom/cjs/react-dom.development.js:27465:14)
      at performUnitOfWork (node_modules/react-dom/cjs/react-dom.development.js:26599:12)
      at workLoopSync (node_modules/react-dom/cjs/react-dom.development.js:26505:5)
      at renderRootSync (node_modules/react-dom/cjs/react-dom.development.js:26473:7)
      at performConcurrentWorkOnRoot (node_modules/react-dom/cjs/react-dom.development.js:25777:74)
      at flushActQueue (node_modules/react/cjs/react.development.js:2667:24)
      at act (node_modules/react/cjs/react.development.js:2582:11)
      at node_modules/@testing-library/react/dist/act-compat.js:47:25
      at renderRoot (node_modules/@testing-library/react/dist/pure.js:190:26)
      at render (node_modules/@testing-library/react/dist/pure.js:292:10)
      at Object.<anonymous> (components/__tests__/TimelineModal.test.tsx:141:11)

    console.error
      Warning: React.jsx: type is invalid -- expected a string (for built-in components) or a class/function (for composite components) but got: undefined. You likely forgot to export your component from the file it's defined in, or you might have mixed up default and named imports.
      
      Check the render method of `TimelineModal`.
          at event (C:\Users\alexi\Documents\projects\maicivy\frontend\components\timeline\TimelineModal.tsx:13:56)

    [0m [90m 151 |[39m                 [33m<[39m[33mdiv[39m className[33m=[39m[32m"flex flex-wrap gap-2"[39m[33m>[39m
     [90m 152 |[39m                   {event[33m.[39mtags[33m.[39mmap((tag) [33m=>[39m (
    [31m[1m>[22m[39m[90m 153 |[39m                     [33m<[39m[33mmotion[39m[33m.[39mspan
     [90m     |[39m                     [31m[1m^[22m[39m
     [90m 154 |[39m                       key[33m=[39m{tag}
     [90m 155 |[39m                       whileHover[33m=[39m{{ scale[33m:[39m [35m1.05[39m }}
     [90m 156 |[39m                       className[33m=[39m[32m"px-4 py-2 bg-blue-500 text-white text-sm font-medium rounded-full shadow-sm"[39m[0m

      at printWarning (node_modules/react/cjs/react-jsx-runtime.development.js:87:30)
      at error (node_modules/react/cjs/react-jsx-runtime.development.js:61:7)
      at jsxWithValidation (node_modules/react/cjs/react-jsx-runtime.development.js:1245:7)
      at jsxWithValidationDynamic (node_modules/react/cjs/react-jsx-runtime.development.js:1320:12)
      at components/timeline/TimelineModal.tsx:153:21
          at Array.map (<anonymous>)
      at map (components/timeline/TimelineModal.tsx:152:31)
      at renderWithHooks (node_modules/react-dom/cjs/react-dom.development.js:15486:18)
      at mountIndeterminateComponent (node_modules/react-dom/cjs/react-dom.development.js:20103:13)
      at beginWork (node_modules/react-dom/cjs/react-dom.development.js:21626:16)
      at beginWork$1 (node_modules/react-dom/cjs/react-dom.development.js:27465:14)
      at performUnitOfWork (node_modules/react-dom/cjs/react-dom.development.js:26599:12)
      at workLoopSync (node_modules/react-dom/cjs/react-dom.development.js:26505:5)
      at renderRootSync (node_modules/react-dom/cjs/react-dom.development.js:26473:7)
      at performConcurrentWorkOnRoot (node_modules/react-dom/cjs/react-dom.development.js:25777:74)
      at flushActQueue (node_modules/react/cjs/react.development.js:2667:24)
      at act (node_modules/react/cjs/react.development.js:2582:11)
      at node_modules/@testing-library/react/dist/act-compat.js:47:25
      at renderRoot (node_modules/@testing-library/react/dist/pure.js:190:26)
      at render (node_modules/@testing-library/react/dist/pure.js:292:10)
      at Object.<anonymous> (components/__tests__/TimelineModal.test.tsx:141:11)

    console.error
      Warning: React.jsx: type is invalid -- expected a string (for built-in components) or a class/function (for composite components) but got: undefined. You likely forgot to export your component from the file it's defined in, or you might have mixed up default and named imports.
      
      Check the render method of `TimelineModal`.
          at event (C:\Users\alexi\Documents\projects\maicivy\frontend\components\timeline\TimelineModal.tsx:13:56)

    [0m [90m 151 |[39m                 [33m<[39m[33mdiv[39m className[33m=[39m[32m"flex flex-wrap gap-2"[39m[33m>[39m
     [90m 152 |[39m                   {event[33m.[39mtags[33m.[39mmap((tag) [33m=>[39m (
    [31m[1m>[22m[39m[90m 153 |[39m                     [33m<[39m[33mmotion[39m[33m.[39mspan
     [90m     |[39m                     [31m[1m^[22m[39m
     [90m 154 |[39m                       key[33m=[39m{tag}
     [90m 155 |[39m                       whileHover[33m=[39m{{ scale[33m:[39m [35m1.05[39m }}
     [90m 156 |[39m                       className[33m=[39m[32m"px-4 py-2 bg-blue-500 text-white text-sm font-medium rounded-full shadow-sm"[39m[0m

      at printWarning (node_modules/react/cjs/react-jsx-runtime.development.js:87:30)
      at error (node_modules/react/cjs/react-jsx-runtime.development.js:61:7)
      at jsxWithValidation (node_modules/react/cjs/react-jsx-runtime.development.js:1245:7)
      at jsxWithValidationDynamic (node_modules/react/cjs/react-jsx-runtime.development.js:1320:12)
      at components/timeline/TimelineModal.tsx:153:21
          at Array.map (<anonymous>)
      at map (components/timeline/TimelineModal.tsx:152:31)
      at renderWithHooks (node_modules/react-dom/cjs/react-dom.development.js:15486:18)
      at mountIndeterminateComponent (node_modules/react-dom/cjs/react-dom.development.js:20103:13)
      at beginWork (node_modules/react-dom/cjs/react-dom.development.js:21626:16)
      at beginWork$1 (node_modules/react-dom/cjs/react-dom.development.js:27465:14)
      at performUnitOfWork (node_modules/react-dom/cjs/react-dom.development.js:26599:12)
      at workLoopSync (node_modules/react-dom/cjs/react-dom.development.js:26505:5)
      at renderRootSync (node_modules/react-dom/cjs/react-dom.development.js:26473:7)
      at performConcurrentWorkOnRoot (node_modules/react-dom/cjs/react-dom.development.js:25777:74)
      at flushActQueue (node_modules/react/cjs/react.development.js:2667:24)
      at act (node_modules/react/cjs/react.development.js:2582:11)
      at node_modules/@testing-library/react/dist/act-compat.js:47:25
      at renderRoot (node_modules/@testing-library/react/dist/pure.js:190:26)
      at render (node_modules/@testing-library/react/dist/pure.js:292:10)
      at Object.<anonymous> (components/__tests__/TimelineModal.test.tsx:141:11)

    console.error
      Warning: React.jsx: type is invalid -- expected a string (for built-in components) or a class/function (for composite components) but got: undefined. You likely forgot to export your component from the file it's defined in, or you might have mixed up default and named imports.
      
      Check the render method of `TimelineModal`.
          at event (C:\Users\alexi\Documents\projects\maicivy\frontend\components\timeline\TimelineModal.tsx:13:56)

    [0m [90m 151 |[39m                 [33m<[39m[33mdiv[39m className[33m=[39m[32m"flex flex-wrap gap-2"[39m[33m>[39m
     [90m 152 |[39m                   {event[33m.[39mtags[33m.[39mmap((tag) [33m=>[39m (
    [31m[1m>[22m[39m[90m 153 |[39m                     [33m<[39m[33mmotion[39m[33m.[39mspan
     [90m     |[39m                     [31m[1m^[22m[39m
     [90m 154 |[39m                       key[33m=[39m{tag}
     [90m 155 |[39m                       whileHover[33m=[39m{{ scale[33m:[39m [35m1.05[39m }}
     [90m 156 |[39m                       className[33m=[39m[32m"px-4 py-2 bg-blue-500 text-white text-sm font-medium rounded-full shadow-sm"[39m[0m

      at printWarning (node_modules/react/cjs/react-jsx-runtime.development.js:87:30)
      at error (node_modules/react/cjs/react-jsx-runtime.development.js:61:7)
      at jsxWithValidation (node_modules/react/cjs/react-jsx-runtime.development.js:1245:7)
      at jsxWithValidationDynamic (node_modules/react/cjs/react-jsx-runtime.development.js:1320:12)
      at components/timeline/TimelineModal.tsx:153:21
          at Array.map (<anonymous>)
      at map (components/timeline/TimelineModal.tsx:152:31)
      at renderWithHooks (node_modules/react-dom/cjs/react-dom.development.js:15486:18)
      at mountIndeterminateComponent (node_modules/react-dom/cjs/react-dom.development.js:20103:13)
      at beginWork (node_modules/react-dom/cjs/react-dom.development.js:21626:16)
      at beginWork$1 (node_modules/react-dom/cjs/react-dom.development.js:27465:14)
      at performUnitOfWork (node_modules/react-dom/cjs/react-dom.development.js:26599:12)
      at workLoopSync (node_modules/react-dom/cjs/react-dom.development.js:26505:5)
      at renderRootSync (node_modules/react-dom/cjs/react-dom.development.js:26473:7)
      at performConcurrentWorkOnRoot (node_modules/react-dom/cjs/react-dom.development.js:25777:74)
      at flushActQueue (node_modules/react/cjs/react.development.js:2667:24)
      at act (node_modules/react/cjs/react.development.js:2582:11)
      at node_modules/@testing-library/react/dist/act-compat.js:47:25
      at renderRoot (node_modules/@testing-library/react/dist/pure.js:190:26)
      at render (node_modules/@testing-library/react/dist/pure.js:292:10)
      at Object.<anonymous> (components/__tests__/TimelineModal.test.tsx:141:11)

    console.error
      Warning: React.jsx: type is invalid -- expected a string (for built-in components) or a class/function (for composite components) but got: undefined. You likely forgot to export your component from the file it's defined in, or you might have mixed up default and named imports.
      
      Check the render method of `TimelineModal`.
          at event (C:\Users\alexi\Documents\projects\maicivy\frontend\components\timeline\TimelineModal.tsx:13:56)

    [0m [90m 151 |[39m                 [33m<[39m[33mdiv[39m className[33m=[39m[32m"flex flex-wrap gap-2"[39m[33m>[39m
     [90m 152 |[39m                   {event[33m.[39mtags[33m.[39mmap((tag) [33m=>[39m (
    [31m[1m>[22m[39m[90m 153 |[39m                     [33m<[39m[33mmotion[39m[33m.[39mspan
     [90m     |[39m                     [31m[1m^[22m[39m
     [90m 154 |[39m                       key[33m=[39m{tag}
     [90m 155 |[39m                       whileHover[33m=[39m{{ scale[33m:[39m [35m1.05[39m }}
     [90m 156 |[39m                       className[33m=[39m[32m"px-4 py-2 bg-blue-500 text-white text-sm font-medium rounded-full shadow-sm"[39m[0m

      at printWarning (node_modules/react/cjs/react-jsx-runtime.development.js:87:30)
      at error (node_modules/react/cjs/react-jsx-runtime.development.js:61:7)
      at jsxWithValidation (node_modules/react/cjs/react-jsx-runtime.development.js:1245:7)
      at jsxWithValidationDynamic (node_modules/react/cjs/react-jsx-runtime.development.js:1320:12)
      at components/timeline/TimelineModal.tsx:153:21
          at Array.map (<anonymous>)
      at map (components/timeline/TimelineModal.tsx:152:31)
      at renderWithHooks (node_modules/react-dom/cjs/react-dom.development.js:15486:18)
      at mountIndeterminateComponent (node_modules/react-dom/cjs/react-dom.development.js:20103:13)
      at beginWork (node_modules/react-dom/cjs/react-dom.development.js:21626:16)
      at beginWork$1 (node_modules/react-dom/cjs/react-dom.development.js:27465:14)
      at performUnitOfWork (node_modules/react-dom/cjs/react-dom.development.js:26599:12)
      at workLoopSync (node_modules/react-dom/cjs/react-dom.development.js:26505:5)
      at renderRootSync (node_modules/react-dom/cjs/react-dom.development.js:26473:7)
      at performConcurrentWorkOnRoot (node_modules/react-dom/cjs/react-dom.development.js:25777:74)
      at flushActQueue (node_modules/react/cjs/react.development.js:2667:24)
      at act (node_modules/react/cjs/react.development.js:2582:11)
      at node_modules/@testing-library/react/dist/act-compat.js:47:25
      at renderRoot (node_modules/@testing-library/react/dist/pure.js:190:26)
      at render (node_modules/@testing-library/react/dist/pure.js:292:10)
      at Object.<anonymous> (components/__tests__/TimelineModal.test.tsx:141:11)

    console.error
      Error: Uncaught [Error: Element type is invalid: expected a string (for built-in components) or a class/function (for composite components) but got: undefined. You likely forgot to export your component from the file it's defined in, or you might have mixed up default and named imports.
      
      Check the render method of `TimelineModal`.]
          at reportException (C:\Users\alexi\Documents\projects\maicivy\frontend\node_modules\jsdom\lib\jsdom\living\helpers\runtime-script-errors.js:66:24)
          at innerInvokeEventListeners (C:\Users\alexi\Documents\projects\maicivy\frontend\node_modules\jsdom\lib\jsdom\living\events\EventTarget-impl.js:353:9)
          at invokeEventListeners (C:\Users\alexi\Documents\projects\maicivy\frontend\node_modules\jsdom\lib\jsdom\living\events\EventTarget-impl.js:286:3)
          at HTMLUnknownElementImpl._dispatch (C:\Users\alexi\Documents\projects\maicivy\frontend\node_modules\jsdom\lib\jsdom\living\events\EventTarget-impl.js:233:9)
          at HTMLUnknownElementImpl.dispatchEvent (C:\Users\alexi\Documents\projects\maicivy\frontend\node_modules\jsdom\lib\jsdom\living\events\EventTarget-impl.js:104:17)
          at HTMLUnknownElement.dispatchEvent (C:\Users\alexi\Documents\projects\maicivy\frontend\node_modules\jsdom\lib\jsdom\living\generated\EventTarget.js:241:34)
          at Object.invokeGuardedCallbackDev (C:\Users\alexi\Documents\projects\maicivy\frontend\node_modules\react-dom\cjs\react-dom.development.js:4213:16)
          at invokeGuardedCallback (C:\Users\alexi\Documents\projects\maicivy\frontend\node_modules\react-dom\cjs\react-dom.development.js:4277:31)
          at beginWork$1 (C:\Users\alexi\Documents\projects\maicivy\frontend\node_modules\react-dom\cjs\react-dom.development.js:27490:7)
          at performUnitOfWork (C:\Users\alexi\Documents\projects\maicivy\frontend\node_modules\react-dom\cjs\react-dom.development.js:26599:12)
          at workLoopSync (C:\Users\alexi\Documents\projects\maicivy\frontend\node_modules\react-dom\cjs\react-dom.development.js:26505:5)
          at renderRootSync (C:\Users\alexi\Documents\projects\maicivy\frontend\node_modules\react-dom\cjs\react-dom.development.js:26473:7)
          at performConcurrentWorkOnRoot (C:\Users\alexi\Documents\projects\maicivy\frontend\node_modules\react-dom\cjs\react-dom.development.js:25777:74)
          at flushActQueue (C:\Users\alexi\Documents\projects\maicivy\frontend\node_modules\react\cjs\react.development.js:2667:24)
          at act (C:\Users\alexi\Documents\projects\maicivy\frontend\node_modules\react\cjs\react.development.js:2582:11)
          at C:\Users\alexi\Documents\projects\maicivy\frontend\node_modules\@testing-library\react\dist\act-compat.js:47:25
          at renderRoot (C:\Users\alexi\Documents\projects\maicivy\frontend\node_modules\@testing-library\react\dist\pure.js:190:26)
          at render (C:\Users\alexi\Documents\projects\maicivy\frontend\node_modules\@testing-library\react\dist\pure.js:292:10)
          at Object.<anonymous> (C:\Users\alexi\Documents\projects\maicivy\frontend\components\__tests__\TimelineModal.test.tsx:141:11)
          at Promise.finally.completed (C:\Users\alexi\Documents\projects\maicivy\frontend\node_modules\jest-circus\build\jestAdapterInit.js:1557:28)
          at new Promise (<anonymous>)
          at callAsyncCircusFn (C:\Users\alexi\Documents\projects\maicivy\frontend\node_modules\jest-circus\build\jestAdapterInit.js:1497:10)
          at _callCircusTest (C:\Users\alexi\Documents\projects\maicivy\frontend\node_modules\jest-circus\build\jestAdapterInit.js:1007:40)
          at processTicksAndRejections (node:internal/process/task_queues:103:5)
          at _runTest (C:\Users\alexi\Documents\projects\maicivy\frontend\node_modules\jest-circus\build\jestAdapterInit.js:947:3)
          at C:\Users\alexi\Documents\projects\maicivy\frontend\node_modules\jest-circus\build\jestAdapterInit.js:849:7
          at _runTestsForDescribeBlock (C:\Users\alexi\Documents\projects\maicivy\frontend\node_modules\jest-circus\build\jestAdapterInit.js:862:11)
          at _runTestsForDescribeBlock (C:\Users\alexi\Documents\projects\maicivy\frontend\node_modules\jest-circus\build\jestAdapterInit.js:857:11)
          at run (C:\Users\alexi\Documents\projects\maicivy\frontend\node_modules\jest-circus\build\jestAdapterInit.js:761:3)
          at runAndTransformResultsToJestFormat (C:\Users\alexi\Documents\projects\maicivy\frontend\node_modules\jest-circus\build\jestAdapterInit.js:1918:21)
          at jestAdapter (C:\Users\alexi\Documents\projects\maicivy\frontend\node_modules\jest-circus\build\runner.js:101:19)
          at runTestInternal (C:\Users\alexi\Documents\projects\maicivy\frontend\node_modules\jest-runner\build\testWorker.js:275:16)
          at runTest (C:\Users\alexi\Documents\projects\maicivy\frontend\node_modules\jest-runner\build\testWorker.js:343:7)
          at Object.worker (C:\Users\alexi\Documents\projects\maicivy\frontend\node_modules\jest-runner\build\testWorker.js:497:12) {
        detail: Error: Element type is invalid: expected a string (for built-in components) or a class/function (for composite components) but got: undefined. You likely forgot to export your component from the file it's defined in, or you might have mixed up default and named imports.
        
        Check the render method of `TimelineModal`.
            at createFiberFromTypeAndProps (C:\Users\alexi\Documents\projects\maicivy\frontend\node_modules\react-dom\cjs\react-dom.development.js:28478:17)
            at createFiberFromElement (C:\Users\alexi\Documents\projects\maicivy\frontend\node_modules\react-dom\cjs\react-dom.development.js:28504:15)
            at createChild (C:\Users\alexi\Documents\projects\maicivy\frontend\node_modules\react-dom\cjs\react-dom.development.js:13345:28)
            at reconcileChildrenArray (C:\Users\alexi\Documents\projects\maicivy\frontend\node_modules\react-dom\cjs\react-dom.development.js:13640:25)
            at reconcileChildFibers (C:\Users\alexi\Documents\projects\maicivy\frontend\node_modules\react-dom\cjs\react-dom.development.js:14057:16)
            at reconcileChildren (C:\Users\alexi\Documents\projects\maicivy\frontend\node_modules\react-dom\cjs\react-dom.development.js:19186:28)
            at updateHostComponent (C:\Users\alexi\Documents\projects\maicivy\frontend\node_modules\react-dom\cjs\react-dom.development.js:19953:3)
            at beginWork (C:\Users\alexi\Documents\projects\maicivy\frontend\node_modules\react-dom\cjs\react-dom.development.js:21657:14)
            at HTMLUnknownElement.callCallback (C:\Users\alexi\Documents\projects\maicivy\frontend\node_modules\react-dom\cjs\react-dom.development.js:4164:14)
            at HTMLUnknownElement.callTheUserObjectsOperation (C:\Users\alexi\Documents\projects\maicivy\frontend\node_modules\jsdom\lib\jsdom\living\generated\EventListener.js:26:30)
            at innerInvokeEventListeners (C:\Users\alexi\Documents\projects\maicivy\frontend\node_modules\jsdom\lib\jsdom\living\events\EventTarget-impl.js:350:25)
            at invokeEventListeners (C:\Users\alexi\Documents\projects\maicivy\frontend\node_modules\jsdom\lib\jsdom\living\events\EventTarget-impl.js:286:3)
            at HTMLUnknownElementImpl._dispatch (C:\Users\alexi\Documents\projects\maicivy\frontend\node_modules\jsdom\lib\jsdom\living\events\EventTarget-impl.js:233:9)
            at HTMLUnknownElementImpl.dispatchEvent (C:\Users\alexi\Documents\projects\maicivy\frontend\node_modules\jsdom\lib\jsdom\living\events\EventTarget-impl.js:104:17)
            at HTMLUnknownElement.dispatchEvent (C:\Users\alexi\Documents\projects\maicivy\frontend\node_modules\jsdom\lib\jsdom\living\generated\EventTarget.js:241:34)
            at Object.invokeGuardedCallbackDev (C:\Users\alexi\Documents\projects\maicivy\frontend\node_modules\react-dom\cjs\react-dom.development.js:4213:16)
            at invokeGuardedCallback (C:\Users\alexi\Documents\projects\maicivy\frontend\node_modules\react-dom\cjs\react-dom.development.js:4277:31)
            at beginWork$1 (C:\Users\alexi\Documents\projects\maicivy\frontend\node_modules\react-dom\cjs\react-dom.development.js:27490:7)
            at performUnitOfWork (C:\Users\alexi\Documents\projects\maicivy\frontend\node_modules\react-dom\cjs\react-dom.development.js:26599:12)
            at workLoopSync (C:\Users\alexi\Documents\projects\maicivy\frontend\node_modules\react-dom\cjs\react-dom.development.js:26505:5)
            at renderRootSync (C:\Users\alexi\Documents\projects\maicivy\frontend\node_modules\react-dom\cjs\react-dom.development.js:26473:7)
            at performConcurrentWorkOnRoot (C:\Users\alexi\Documents\projects\maicivy\frontend\node_modules\react-dom\cjs\react-dom.development.js:25777:74)
            at flushActQueue (C:\Users\alexi\Documents\projects\maicivy\frontend\node_modules\react\cjs\react.development.js:2667:24)
            at act (C:\Users\alexi\Documents\projects\maicivy\frontend\node_modules\react\cjs\react.development.js:2582:11)
            at C:\Users\alexi\Documents\projects\maicivy\frontend\node_modules\@testing-library\react\dist\act-compat.js:47:25
            at renderRoot (C:\Users\alexi\Documents\projects\maicivy\frontend\node_modules\@testing-library\react\dist\pure.js:190:26)
            at render (C:\Users\alexi\Documents\projects\maicivy\frontend\node_modules\@testing-library\react\dist\pure.js:292:10)
            at Object.<anonymous> (C:\Users\alexi\Documents\projects\maicivy\frontend\components\__tests__\TimelineModal.test.tsx:141:11)
            at Promise.finally.completed (C:\Users\alexi\Documents\projects\maicivy\frontend\node_modules\jest-circus\build\jestAdapterInit.js:1557:28)
            at new Promise (<anonymous>)
            at callAsyncCircusFn (C:\Users\alexi\Documents\projects\maicivy\frontend\node_modules\jest-circus\build\jestAdapterInit.js:1497:10)
            at _callCircusTest (C:\Users\alexi\Documents\projects\maicivy\frontend\node_modules\jest-circus\build\jestAdapterInit.js:1007:40)
            at processTicksAndRejections (node:internal/process/task_queues:103:5)
            at _runTest (C:\Users\alexi\Documents\projects\maicivy\frontend\node_modules\jest-circus\build\jestAdapterInit.js:947:3)
            at C:\Users\alexi\Documents\projects\maicivy\frontend\node_modules\jest-circus\build\jestAdapterInit.js:849:7
            at _runTestsForDescribeBlock (C:\Users\alexi\Documents\projects\maicivy\frontend\node_modules\jest-circus\build\jestAdapterInit.js:862:11)
            at _runTestsForDescribeBlock (C:\Users\alexi\Documents\projects\maicivy\frontend\node_modules\jest-circus\build\jestAdapterInit.js:857:11)
            at run (C:\Users\alexi\Documents\projects\maicivy\frontend\node_modules\jest-circus\build\jestAdapterInit.js:761:3)
            at runAndTransformResultsToJestFormat (C:\Users\alexi\Documents\projects\maicivy\frontend\node_modules\jest-circus\build\jestAdapterInit.js:1918:21)
            at jestAdapter (C:\Users\alexi\Documents\projects\maicivy\frontend\node_modules\jest-circus\build\runner.js:101:19)
            at runTestInternal (C:\Users\alexi\Documents\projects\maicivy\frontend\node_modules\jest-runner\build\testWorker.js:275:16)
            at runTest (C:\Users\alexi\Documents\projects\maicivy\frontend\node_modules\jest-runner\build\testWorker.js:343:7)
            at Object.worker (C:\Users\alexi\Documents\projects\maicivy\frontend\node_modules\jest-runner\build\testWorker.js:497:12),
        type: 'unhandled exception'
      }

    [0m [90m 139 |[39m
     [90m 140 |[39m   it([32m'should display project stats when available'[39m[33m,[39m () [33m=>[39m {
    [31m[1m>[22m[39m[90m 141 |[39m     render([33m<[39m[33mTimelineModal[39m event[33m=[39m{mockEvent} onClose[33m=[39m{jest[33m.[39mfn()} [33m/[39m[33m>[39m)[33m;[39m
     [90m     |[39m           [31m[1m^[22m[39m
     [90m 142 |[39m
     [90m 143 |[39m     expect(screen[33m.[39mgetByText([32m'150'[39m))[33m.[39mtoBeInTheDocument()[33m;[39m [90m// Stars[39m
     [90m 144 |[39m     expect(screen[33m.[39mgetByText([32m'42'[39m))[33m.[39mtoBeInTheDocument()[33m;[39m [90m// Forks[39m[0m

      at VirtualConsole.<anonymous> (node_modules/@jest/environment-jsdom-abstract/build/index.js:87:23)
      at reportException (node_modules/jsdom/lib/jsdom/living/helpers/runtime-script-errors.js:70:28)
      at innerInvokeEventListeners (node_modules/jsdom/lib/jsdom/living/events/EventTarget-impl.js:353:9)
      at invokeEventListeners (node_modules/jsdom/lib/jsdom/living/events/EventTarget-impl.js:286:3)
      at HTMLUnknownElementImpl._dispatch (node_modules/jsdom/lib/jsdom/living/events/EventTarget-impl.js:233:9)
      at HTMLUnknownElementImpl.dispatchEvent (node_modules/jsdom/lib/jsdom/living/events/EventTarget-impl.js:104:17)
      at HTMLUnknownElement.dispatchEvent (node_modules/jsdom/lib/jsdom/living/generated/EventTarget.js:241:34)
      at Object.invokeGuardedCallbackDev (node_modules/react-dom/cjs/react-dom.development.js:4213:16)
      at invokeGuardedCallback (node_modules/react-dom/cjs/react-dom.development.js:4277:31)
      at beginWork$1 (node_modules/react-dom/cjs/react-dom.development.js:27490:7)
      at performUnitOfWork (node_modules/react-dom/cjs/react-dom.development.js:26599:12)
      at workLoopSync (node_modules/react-dom/cjs/react-dom.development.js:26505:5)
      at renderRootSync (node_modules/react-dom/cjs/react-dom.development.js:26473:7)
      at performConcurrentWorkOnRoot (node_modules/react-dom/cjs/react-dom.development.js:25777:74)
      at flushActQueue (node_modules/react/cjs/react.development.js:2667:24)
      at act (node_modules/react/cjs/react.development.js:2582:11)
      at node_modules/@testing-library/react/dist/act-compat.js:47:25
      at renderRoot (node_modules/@testing-library/react/dist/pure.js:190:26)
      at render (node_modules/@testing-library/react/dist/pure.js:292:10)
      at Object.<anonymous> (components/__tests__/TimelineModal.test.tsx:141:11)

    console.error
      Warning: React.jsx: type is invalid -- expected a string (for built-in components) or a class/function (for composite components) but got: undefined. You likely forgot to export your component from the file it's defined in, or you might have mixed up default and named imports.
      
      Check the render method of `TimelineModal`.
          at event (C:\Users\alexi\Documents\projects\maicivy\frontend\components\timeline\TimelineModal.tsx:13:56)

    [0m [90m 151 |[39m                 [33m<[39m[33mdiv[39m className[33m=[39m[32m"flex flex-wrap gap-2"[39m[33m>[39m
     [90m 152 |[39m                   {event[33m.[39mtags[33m.[39mmap((tag) [33m=>[39m (
    [31m[1m>[22m[39m[90m 153 |[39m                     [33m<[39m[33mmotion[39m[33m.[39mspan
     [90m     |[39m                     [31m[1m^[22m[39m
     [90m 154 |[39m                       key[33m=[39m{tag}
     [90m 155 |[39m                       whileHover[33m=[39m{{ scale[33m:[39m [35m1.05[39m }}
     [90m 156 |[39m                       className[33m=[39m[32m"px-4 py-2 bg-blue-500 text-white text-sm font-medium rounded-full shadow-sm"[39m[0m

      at printWarning (node_modules/react/cjs/react-jsx-runtime.development.js:87:30)
      at error (node_modules/react/cjs/react-jsx-runtime.development.js:61:7)
      at jsxWithValidation (node_modules/react/cjs/react-jsx-runtime.development.js:1245:7)
      at jsxWithValidationDynamic (node_modules/react/cjs/react-jsx-runtime.development.js:1320:12)
      at components/timeline/TimelineModal.tsx:153:21
          at Array.map (<anonymous>)
      at map (components/timeline/TimelineModal.tsx:152:31)
      at renderWithHooks (node_modules/react-dom/cjs/react-dom.development.js:15486:18)
      at mountIndeterminateComponent (node_modules/react-dom/cjs/react-dom.development.js:20103:13)
      at beginWork (node_modules/react-dom/cjs/react-dom.development.js:21626:16)
      at beginWork$1 (node_modules/react-dom/cjs/react-dom.development.js:27465:14)
      at performUnitOfWork (node_modules/react-dom/cjs/react-dom.development.js:26599:12)
      at workLoopSync (node_modules/react-dom/cjs/react-dom.development.js:26505:5)
      at renderRootSync (node_modules/react-dom/cjs/react-dom.development.js:26473:7)
      at recoverFromConcurrentError (node_modules/react-dom/cjs/react-dom.development.js:25889:20)
      at performConcurrentWorkOnRoot (node_modules/react-dom/cjs/react-dom.development.js:25789:22)
      at flushActQueue (node_modules/react/cjs/react.development.js:2667:24)
      at act (node_modules/react/cjs/react.development.js:2582:11)
      at node_modules/@testing-library/react/dist/act-compat.js:47:25
      at renderRoot (node_modules/@testing-library/react/dist/pure.js:190:26)
      at render (node_modules/@testing-library/react/dist/pure.js:292:10)
      at Object.<anonymous> (components/__tests__/TimelineModal.test.tsx:141:11)

    console.error
      Warning: React.jsx: type is invalid -- expected a string (for built-in components) or a class/function (for composite components) but got: undefined. You likely forgot to export your component from the file it's defined in, or you might have mixed up default and named imports.
      
      Check the render method of `TimelineModal`.
          at event (C:\Users\alexi\Documents\projects\maicivy\frontend\components\timeline\TimelineModal.tsx:13:56)

    [0m [90m 151 |[39m                 [33m<[39m[33mdiv[39m className[33m=[39m[32m"flex flex-wrap gap-2"[39m[33m>[39m
     [90m 152 |[39m                   {event[33m.[39mtags[33m.[39mmap((tag) [33m=>[39m (
    [31m[1m>[22m[39m[90m 153 |[39m                     [33m<[39m[33mmotion[39m[33m.[39mspan
     [90m     |[39m                     [31m[1m^[22m[39m
     [90m 154 |[39m                       key[33m=[39m{tag}
     [90m 155 |[39m                       whileHover[33m=[39m{{ scale[33m:[39m [35m1.05[39m }}
     [90m 156 |[39m                       className[33m=[39m[32m"px-4 py-2 bg-blue-500 text-white text-sm font-medium rounded-full shadow-sm"[39m[0m

      at printWarning (node_modules/react/cjs/react-jsx-runtime.development.js:87:30)
      at error (node_modules/react/cjs/react-jsx-runtime.development.js:61:7)
      at jsxWithValidation (node_modules/react/cjs/react-jsx-runtime.development.js:1245:7)
      at jsxWithValidationDynamic (node_modules/react/cjs/react-jsx-runtime.development.js:1320:12)
      at components/timeline/TimelineModal.tsx:153:21
          at Array.map (<anonymous>)
      at map (components/timeline/TimelineModal.tsx:152:31)
      at renderWithHooks (node_modules/react-dom/cjs/react-dom.development.js:15486:18)
      at mountIndeterminateComponent (node_modules/react-dom/cjs/react-dom.development.js:20103:13)
      at beginWork (node_modules/react-dom/cjs/react-dom.development.js:21626:16)
      at beginWork$1 (node_modules/react-dom/cjs/react-dom.development.js:27465:14)
      at performUnitOfWork (node_modules/react-dom/cjs/react-dom.development.js:26599:12)
      at workLoopSync (node_modules/react-dom/cjs/react-dom.development.js:26505:5)
      at renderRootSync (node_modules/react-dom/cjs/react-dom.development.js:26473:7)
      at recoverFromConcurrentError (node_modules/react-dom/cjs/react-dom.development.js:25889:20)
      at performConcurrentWorkOnRoot (node_modules/react-dom/cjs/react-dom.development.js:25789:22)
      at flushActQueue (node_modules/react/cjs/react.development.js:2667:24)
      at act (node_modules/react/cjs/react.development.js:2582:11)
      at node_modules/@testing-library/react/dist/act-compat.js:47:25
      at renderRoot (node_modules/@testing-library/react/dist/pure.js:190:26)
      at render (node_modules/@testing-library/react/dist/pure.js:292:10)
      at Object.<anonymous> (components/__tests__/TimelineModal.test.tsx:141:11)

    console.error
      Warning: React.jsx: type is invalid -- expected a string (for built-in components) or a class/function (for composite components) but got: undefined. You likely forgot to export your component from the file it's defined in, or you might have mixed up default and named imports.
      
      Check the render method of `TimelineModal`.
          at event (C:\Users\alexi\Documents\projects\maicivy\frontend\components\timeline\TimelineModal.tsx:13:56)

    [0m [90m 151 |[39m                 [33m<[39m[33mdiv[39m className[33m=[39m[32m"flex flex-wrap gap-2"[39m[33m>[39m
     [90m 152 |[39m                   {event[33m.[39mtags[33m.[39mmap((tag) [33m=>[39m (
    [31m[1m>[22m[39m[90m 153 |[39m                     [33m<[39m[33mmotion[39m[33m.[39mspan
     [90m     |[39m                     [31m[1m^[22m[39m
     [90m 154 |[39m                       key[33m=[39m{tag}
     [90m 155 |[39m                       whileHover[33m=[39m{{ scale[33m:[39m [35m1.05[39m }}
     [90m 156 |[39m                       className[33m=[39m[32m"px-4 py-2 bg-blue-500 text-white text-sm font-medium rounded-full shadow-sm"[39m[0m

      at printWarning (node_modules/react/cjs/react-jsx-runtime.development.js:87:30)
      at error (node_modules/react/cjs/react-jsx-runtime.development.js:61:7)
      at jsxWithValidation (node_modules/react/cjs/react-jsx-runtime.development.js:1245:7)
      at jsxWithValidationDynamic (node_modules/react/cjs/react-jsx-runtime.development.js:1320:12)
      at components/timeline/TimelineModal.tsx:153:21
          at Array.map (<anonymous>)
      at map (components/timeline/TimelineModal.tsx:152:31)
      at renderWithHooks (node_modules/react-dom/cjs/react-dom.development.js:15486:18)
      at mountIndeterminateComponent (node_modules/react-dom/cjs/react-dom.development.js:20103:13)
      at beginWork (node_modules/react-dom/cjs/react-dom.development.js:21626:16)
      at beginWork$1 (node_modules/react-dom/cjs/react-dom.development.js:27465:14)
      at performUnitOfWork (node_modules/react-dom/cjs/react-dom.development.js:26599:12)
      at workLoopSync (node_modules/react-dom/cjs/react-dom.development.js:26505:5)
      at renderRootSync (node_modules/react-dom/cjs/react-dom.development.js:26473:7)
      at recoverFromConcurrentError (node_modules/react-dom/cjs/react-dom.development.js:25889:20)
      at performConcurrentWorkOnRoot (node_modules/react-dom/cjs/react-dom.development.js:25789:22)
      at flushActQueue (node_modules/react/cjs/react.development.js:2667:24)
      at act (node_modules/react/cjs/react.development.js:2582:11)
      at node_modules/@testing-library/react/dist/act-compat.js:47:25
      at renderRoot (node_modules/@testing-library/react/dist/pure.js:190:26)
      at render (node_modules/@testing-library/react/dist/pure.js:292:10)
      at Object.<anonymous> (components/__tests__/TimelineModal.test.tsx:141:11)

    console.error
      Warning: React.jsx: type is invalid -- expected a string (for built-in components) or a class/function (for composite components) but got: undefined. You likely forgot to export your component from the file it's defined in, or you might have mixed up default and named imports.
      
      Check the render method of `TimelineModal`.
          at event (C:\Users\alexi\Documents\projects\maicivy\frontend\components\timeline\TimelineModal.tsx:13:56)

    [0m [90m 151 |[39m                 [33m<[39m[33mdiv[39m className[33m=[39m[32m"flex flex-wrap gap-2"[39m[33m>[39m
     [90m 152 |[39m                   {event[33m.[39mtags[33m.[39mmap((tag) [33m=>[39m (
    [31m[1m>[22m[39m[90m 153 |[39m                     [33m<[39m[33mmotion[39m[33m.[39mspan
     [90m     |[39m                     [31m[1m^[22m[39m
     [90m 154 |[39m                       key[33m=[39m{tag}
     [90m 155 |[39m                       whileHover[33m=[39m{{ scale[33m:[39m [35m1.05[39m }}
     [90m 156 |[39m                       className[33m=[39m[32m"px-4 py-2 bg-blue-500 text-white text-sm font-medium rounded-full shadow-sm"[39m[0m

      at printWarning (node_modules/react/cjs/react-jsx-runtime.development.js:87:30)
      at error (node_modules/react/cjs/react-jsx-runtime.development.js:61:7)
      at jsxWithValidation (node_modules/react/cjs/react-jsx-runtime.development.js:1245:7)
      at jsxWithValidationDynamic (node_modules/react/cjs/react-jsx-runtime.development.js:1320:12)
      at components/timeline/TimelineModal.tsx:153:21
          at Array.map (<anonymous>)
      at map (components/timeline/TimelineModal.tsx:152:31)
      at renderWithHooks (node_modules/react-dom/cjs/react-dom.development.js:15486:18)
      at mountIndeterminateComponent (node_modules/react-dom/cjs/react-dom.development.js:20103:13)
      at beginWork (node_modules/react-dom/cjs/react-dom.development.js:21626:16)
      at beginWork$1 (node_modules/react-dom/cjs/react-dom.development.js:27465:14)
      at performUnitOfWork (node_modules/react-dom/cjs/react-dom.development.js:26599:12)
      at workLoopSync (node_modules/react-dom/cjs/react-dom.development.js:26505:5)
      at renderRootSync (node_modules/react-dom/cjs/react-dom.development.js:26473:7)
      at recoverFromConcurrentError (node_modules/react-dom/cjs/react-dom.development.js:25889:20)
      at performConcurrentWorkOnRoot (node_modules/react-dom/cjs/react-dom.development.js:25789:22)
      at flushActQueue (node_modules/react/cjs/react.development.js:2667:24)
      at act (node_modules/react/cjs/react.development.js:2582:11)
      at node_modules/@testing-library/react/dist/act-compat.js:47:25
      at renderRoot (node_modules/@testing-library/react/dist/pure.js:190:26)
      at render (node_modules/@testing-library/react/dist/pure.js:292:10)
      at Object.<anonymous> (components/__tests__/TimelineModal.test.tsx:141:11)

    console.error
      Warning: React.jsx: type is invalid -- expected a string (for built-in components) or a class/function (for composite components) but got: undefined. You likely forgot to export your component from the file it's defined in, or you might have mixed up default and named imports.
      
      Check the render method of `TimelineModal`.
          at event (C:\Users\alexi\Documents\projects\maicivy\frontend\components\timeline\TimelineModal.tsx:13:56)

    [0m [90m 151 |[39m                 [33m<[39m[33mdiv[39m className[33m=[39m[32m"flex flex-wrap gap-2"[39m[33m>[39m
     [90m 152 |[39m                   {event[33m.[39mtags[33m.[39mmap((tag) [33m=>[39m (
    [31m[1m>[22m[39m[90m 153 |[39m                     [33m<[39m[33mmotion[39m[33m.[39mspan
     [90m     |[39m                     [31m[1m^[22m[39m
     [90m 154 |[39m                       key[33m=[39m{tag}
     [90m 155 |[39m                       whileHover[33m=[39m{{ scale[33m:[39m [35m1.05[39m }}
     [90m 156 |[39m                       className[33m=[39m[32m"px-4 py-2 bg-blue-500 text-white text-sm font-medium rounded-full shadow-sm"[39m[0m

      at printWarning (node_modules/react/cjs/react-jsx-runtime.development.js:87:30)
      at error (node_modules/react/cjs/react-jsx-runtime.development.js:61:7)
      at jsxWithValidation (node_modules/react/cjs/react-jsx-runtime.development.js:1245:7)
      at jsxWithValidationDynamic (node_modules/react/cjs/react-jsx-runtime.development.js:1320:12)
      at components/timeline/TimelineModal.tsx:153:21
          at Array.map (<anonymous>)
      at map (components/timeline/TimelineModal.tsx:152:31)
      at renderWithHooks (node_modules/react-dom/cjs/react-dom.development.js:15486:18)
      at mountIndeterminateComponent (node_modules/react-dom/cjs/react-dom.development.js:20103:13)
      at beginWork (node_modules/react-dom/cjs/react-dom.development.js:21626:16)
      at beginWork$1 (node_modules/react-dom/cjs/react-dom.development.js:27465:14)
      at performUnitOfWork (node_modules/react-dom/cjs/react-dom.development.js:26599:12)
      at workLoopSync (node_modules/react-dom/cjs/react-dom.development.js:26505:5)
      at renderRootSync (node_modules/react-dom/cjs/react-dom.development.js:26473:7)
      at recoverFromConcurrentError (node_modules/react-dom/cjs/react-dom.development.js:25889:20)
      at performConcurrentWorkOnRoot (node_modules/react-dom/cjs/react-dom.development.js:25789:22)
      at flushActQueue (node_modules/react/cjs/react.development.js:2667:24)
      at act (node_modules/react/cjs/react.development.js:2582:11)
      at node_modules/@testing-library/react/dist/act-compat.js:47:25
      at renderRoot (node_modules/@testing-library/react/dist/pure.js:190:26)
      at render (node_modules/@testing-library/react/dist/pure.js:292:10)
      at Object.<anonymous> (components/__tests__/TimelineModal.test.tsx:141:11)

    console.error
      Error: Uncaught [Error: Element type is invalid: expected a string (for built-in components) or a class/function (for composite components) but got: undefined. You likely forgot to export your component from the file it's defined in, or you might have mixed up default and named imports.
      
      Check the render method of `TimelineModal`.]
          at reportException (C:\Users\alexi\Documents\projects\maicivy\frontend\node_modules\jsdom\lib\jsdom\living\helpers\runtime-script-errors.js:66:24)
          at innerInvokeEventListeners (C:\Users\alexi\Documents\projects\maicivy\frontend\node_modules\jsdom\lib\jsdom\living\events\EventTarget-impl.js:353:9)
          at invokeEventListeners (C:\Users\alexi\Documents\projects\maicivy\frontend\node_modules\jsdom\lib\jsdom\living\events\EventTarget-impl.js:286:3)
          at HTMLUnknownElementImpl._dispatch (C:\Users\alexi\Documents\projects\maicivy\frontend\node_modules\jsdom\lib\jsdom\living\events\EventTarget-impl.js:233:9)
          at HTMLUnknownElementImpl.dispatchEvent (C:\Users\alexi\Documents\projects\maicivy\frontend\node_modules\jsdom\lib\jsdom\living\events\EventTarget-impl.js:104:17)
          at HTMLUnknownElement.dispatchEvent (C:\Users\alexi\Documents\projects\maicivy\frontend\node_modules\jsdom\lib\jsdom\living\generated\EventTarget.js:241:34)
          at Object.invokeGuardedCallbackDev (C:\Users\alexi\Documents\projects\maicivy\frontend\node_modules\react-dom\cjs\react-dom.development.js:4213:16)
          at invokeGuardedCallback (C:\Users\alexi\Documents\projects\maicivy\frontend\node_modules\react-dom\cjs\react-dom.development.js:4277:31)
          at beginWork$1 (C:\Users\alexi\Documents\projects\maicivy\frontend\node_modules\react-dom\cjs\react-dom.development.js:27490:7)
          at performUnitOfWork (C:\Users\alexi\Documents\projects\maicivy\frontend\node_modules\react-dom\cjs\react-dom.development.js:26599:12)
          at workLoopSync (C:\Users\alexi\Documents\projects\maicivy\frontend\node_modules\react-dom\cjs\react-dom.development.js:26505:5)
          at renderRootSync (C:\Users\alexi\Documents\projects\maicivy\frontend\node_modules\react-dom\cjs\react-dom.development.js:26473:7)
          at recoverFromConcurrentError (C:\Users\alexi\Documents\projects\maicivy\frontend\node_modules\react-dom\cjs\react-dom.development.js:25889:20)
          at performConcurrentWorkOnRoot (C:\Users\alexi\Documents\projects\maicivy\frontend\node_modules\react-dom\cjs\react-dom.development.js:25789:22)
          at flushActQueue (C:\Users\alexi\Documents\projects\maicivy\frontend\node_modules\react\cjs\react.development.js:2667:24)
          at act (C:\Users\alexi\Documents\projects\maicivy\frontend\node_modules\react\cjs\react.development.js:2582:11)
          at C:\Users\alexi\Documents\projects\maicivy\frontend\node_modules\@testing-library\react\dist\act-compat.js:47:25
          at renderRoot (C:\Users\alexi\Documents\projects\maicivy\frontend\node_modules\@testing-library\react\dist\pure.js:190:26)
          at render (C:\Users\alexi\Documents\projects\maicivy\frontend\node_modules\@testing-library\react\dist\pure.js:292:10)
          at Object.<anonymous> (C:\Users\alexi\Documents\projects\maicivy\frontend\components\__tests__\TimelineModal.test.tsx:141:11)
          at Promise.finally.completed (C:\Users\alexi\Documents\projects\maicivy\frontend\node_modules\jest-circus\build\jestAdapterInit.js:1557:28)
          at new Promise (<anonymous>)
          at callAsyncCircusFn (C:\Users\alexi\Documents\projects\maicivy\frontend\node_modules\jest-circus\build\jestAdapterInit.js:1497:10)
          at _callCircusTest (C:\Users\alexi\Documents\projects\maicivy\frontend\node_modules\jest-circus\build\jestAdapterInit.js:1007:40)
          at processTicksAndRejections (node:internal/process/task_queues:103:5)
          at _runTest (C:\Users\alexi\Documents\projects\maicivy\frontend\node_modules\jest-circus\build\jestAdapterInit.js:947:3)
          at C:\Users\alexi\Documents\projects\maicivy\frontend\node_modules\jest-circus\build\jestAdapterInit.js:849:7
          at _runTestsForDescribeBlock (C:\Users\alexi\Documents\projects\maicivy\frontend\node_modules\jest-circus\build\jestAdapterInit.js:862:11)
          at _runTestsForDescribeBlock (C:\Users\alexi\Documents\projects\maicivy\frontend\node_modules\jest-circus\build\jestAdapterInit.js:857:11)
          at run (C:\Users\alexi\Documents\projects\maicivy\frontend\node_modules\jest-circus\build\jestAdapterInit.js:761:3)
          at runAndTransformResultsToJestFormat (C:\Users\alexi\Documents\projects\maicivy\frontend\node_modules\jest-circus\build\jestAdapterInit.js:1918:21)
          at jestAdapter (C:\Users\alexi\Documents\projects\maicivy\frontend\node_modules\jest-circus\build\runner.js:101:19)
          at runTestInternal (C:\Users\alexi\Documents\projects\maicivy\frontend\node_modules\jest-runner\build\testWorker.js:275:16)
          at runTest (C:\Users\alexi\Documents\projects\maicivy\frontend\node_modules\jest-runner\build\testWorker.js:343:7)
          at Object.worker (C:\Users\alexi\Documents\projects\maicivy\frontend\node_modules\jest-runner\build\testWorker.js:497:12) {
        detail: Error: Element type is invalid: expected a string (for built-in components) or a class/function (for composite components) but got: undefined. You likely forgot to export your component from the file it's defined in, or you might have mixed up default and named imports.
        
        Check the render method of `TimelineModal`.
            at createFiberFromTypeAndProps (C:\Users\alexi\Documents\projects\maicivy\frontend\node_modules\react-dom\cjs\react-dom.development.js:28478:17)
            at createFiberFromElement (C:\Users\alexi\Documents\projects\maicivy\frontend\node_modules\react-dom\cjs\react-dom.development.js:28504:15)
            at createChild (C:\Users\alexi\Documents\projects\maicivy\frontend\node_modules\react-dom\cjs\react-dom.development.js:13345:28)
            at reconcileChildrenArray (C:\Users\alexi\Documents\projects\maicivy\frontend\node_modules\react-dom\cjs\react-dom.development.js:13640:25)
            at reconcileChildFibers (C:\Users\alexi\Documents\projects\maicivy\frontend\node_modules\react-dom\cjs\react-dom.development.js:14057:16)
            at reconcileChildren (C:\Users\alexi\Documents\projects\maicivy\frontend\node_modules\react-dom\cjs\react-dom.development.js:19186:28)
            at updateHostComponent (C:\Users\alexi\Documents\projects\maicivy\frontend\node_modules\react-dom\cjs\react-dom.development.js:19953:3)
            at beginWork (C:\Users\alexi\Documents\projects\maicivy\frontend\node_modules\react-dom\cjs\react-dom.development.js:21657:14)
            at HTMLUnknownElement.callCallback (C:\Users\alexi\Documents\projects\maicivy\frontend\node_modules\react-dom\cjs\react-dom.development.js:4164:14)
            at HTMLUnknownElement.callTheUserObjectsOperation (C:\Users\alexi\Documents\projects\maicivy\frontend\node_modules\jsdom\lib\jsdom\living\generated\EventListener.js:26:30)
            at innerInvokeEventListeners (C:\Users\alexi\Documents\projects\maicivy\frontend\node_modules\jsdom\lib\jsdom\living\events\EventTarget-impl.js:350:25)
            at invokeEventListeners (C:\Users\alexi\Documents\projects\maicivy\frontend\node_modules\jsdom\lib\jsdom\living\events\EventTarget-impl.js:286:3)
            at HTMLUnknownElementImpl._dispatch (C:\Users\alexi\Documents\projects\maicivy\frontend\node_modules\jsdom\lib\jsdom\living\events\EventTarget-impl.js:233:9)
            at HTMLUnknownElementImpl.dispatchEvent (C:\Users\alexi\Documents\projects\maicivy\frontend\node_modules\jsdom\lib\jsdom\living\events\EventTarget-impl.js:104:17)
            at HTMLUnknownElement.dispatchEvent (C:\Users\alexi\Documents\projects\maicivy\frontend\node_modules\jsdom\lib\jsdom\living\generated\EventTarget.js:241:34)
            at Object.invokeGuardedCallbackDev (C:\Users\alexi\Documents\projects\maicivy\frontend\node_modules\react-dom\cjs\react-dom.development.js:4213:16)
            at invokeGuardedCallback (C:\Users\alexi\Documents\projects\maicivy\frontend\node_modules\react-dom\cjs\react-dom.development.js:4277:31)
            at beginWork$1 (C:\Users\alexi\Documents\projects\maicivy\frontend\node_modules\react-dom\cjs\react-dom.development.js:27490:7)
            at performUnitOfWork (C:\Users\alexi\Documents\projects\maicivy\frontend\node_modules\react-dom\cjs\react-dom.development.js:26599:12)
            at workLoopSync (C:\Users\alexi\Documents\projects\maicivy\frontend\node_modules\react-dom\cjs\react-dom.development.js:26505:5)
            at renderRootSync (C:\Users\alexi\Documents\projects\maicivy\frontend\node_modules\react-dom\cjs\react-dom.development.js:26473:7)
            at recoverFromConcurrentError (C:\Users\alexi\Documents\projects\maicivy\frontend\node_modules\react-dom\cjs\react-dom.development.js:25889:20)
            at performConcurrentWorkOnRoot (C:\Users\alexi\Documents\projects\maicivy\frontend\node_modules\react-dom\cjs\react-dom.development.js:25789:22)
            at flushActQueue (C:\Users\alexi\Documents\projects\maicivy\frontend\node_modules\react\cjs\react.development.js:2667:24)
            at act (C:\Users\alexi\Documents\projects\maicivy\frontend\node_modules\react\cjs\react.development.js:2582:11)
            at C:\Users\alexi\Documents\projects\maicivy\frontend\node_modules\@testing-library\react\dist\act-compat.js:47:25
            at renderRoot (C:\Users\alexi\Documents\projects\maicivy\frontend\node_modules\@testing-library\react\dist\pure.js:190:26)
            at render (C:\Users\alexi\Documents\projects\maicivy\frontend\node_modules\@testing-library\react\dist\pure.js:292:10)
            at Object.<anonymous> (C:\Users\alexi\Documents\projects\maicivy\frontend\components\__tests__\TimelineModal.test.tsx:141:11)
            at Promise.finally.completed (C:\Users\alexi\Documents\projects\maicivy\frontend\node_modules\jest-circus\build\jestAdapterInit.js:1557:28)
            at new Promise (<anonymous>)
            at callAsyncCircusFn (C:\Users\alexi\Documents\projects\maicivy\frontend\node_modules\jest-circus\build\jestAdapterInit.js:1497:10)
            at _callCircusTest (C:\Users\alexi\Documents\projects\maicivy\frontend\node_modules\jest-circus\build\jestAdapterInit.js:1007:40)
            at processTicksAndRejections (node:internal/process/task_queues:103:5)
            at _runTest (C:\Users\alexi\Documents\projects\maicivy\frontend\node_modules\jest-circus\build\jestAdapterInit.js:947:3)
            at C:\Users\alexi\Documents\projects\maicivy\frontend\node_modules\jest-circus\build\jestAdapterInit.js:849:7
            at _runTestsForDescribeBlock (C:\Users\alexi\Documents\projects\maicivy\frontend\node_modules\jest-circus\build\jestAdapterInit.js:862:11)
            at _runTestsForDescribeBlock (C:\Users\alexi\Documents\projects\maicivy\frontend\node_modules\jest-circus\build\jestAdapterInit.js:857:11)
            at run (C:\Users\alexi\Documents\projects\maicivy\frontend\node_modules\jest-circus\build\jestAdapterInit.js:761:3)
            at runAndTransformResultsToJestFormat (C:\Users\alexi\Documents\projects\maicivy\frontend\node_modules\jest-circus\build\jestAdapterInit.js:1918:21)
            at jestAdapter (C:\Users\alexi\Documents\projects\maicivy\frontend\node_modules\jest-circus\build\runner.js:101:19)
            at runTestInternal (C:\Users\alexi\Documents\projects\maicivy\frontend\node_modules\jest-runner\build\testWorker.js:275:16)
            at runTest (C:\Users\alexi\Documents\projects\maicivy\frontend\node_modules\jest-runner\build\testWorker.js:343:7)
            at Object.worker (C:\Users\alexi\Documents\projects\maicivy\frontend\node_modules\jest-runner\build\testWorker.js:497:12),
        type: 'unhandled exception'
      }

    [0m [90m 139 |[39m
     [90m 140 |[39m   it([32m'should display project stats when available'[39m[33m,[39m () [33m=>[39m {
    [31m[1m>[22m[39m[90m 141 |[39m     render([33m<[39m[33mTimelineModal[39m event[33m=[39m{mockEvent} onClose[33m=[39m{jest[33m.[39mfn()} [33m/[39m[33m>[39m)[33m;[39m
     [90m     |[39m           [31m[1m^[22m[39m
     [90m 142 |[39m
     [90m 143 |[39m     expect(screen[33m.[39mgetByText([32m'150'[39m))[33m.[39mtoBeInTheDocument()[33m;[39m [90m// Stars[39m
     [90m 144 |[39m     expect(screen[33m.[39mgetByText([32m'42'[39m))[33m.[39mtoBeInTheDocument()[33m;[39m [90m// Forks[39m[0m

      at VirtualConsole.<anonymous> (node_modules/@jest/environment-jsdom-abstract/build/index.js:87:23)
      at reportException (node_modules/jsdom/lib/jsdom/living/helpers/runtime-script-errors.js:70:28)
      at innerInvokeEventListeners (node_modules/jsdom/lib/jsdom/living/events/EventTarget-impl.js:353:9)
      at invokeEventListeners (node_modules/jsdom/lib/jsdom/living/events/EventTarget-impl.js:286:3)
      at HTMLUnknownElementImpl._dispatch (node_modules/jsdom/lib/jsdom/living/events/EventTarget-impl.js:233:9)
      at HTMLUnknownElementImpl.dispatchEvent (node_modules/jsdom/lib/jsdom/living/events/EventTarget-impl.js:104:17)
      at HTMLUnknownElement.dispatchEvent (node_modules/jsdom/lib/jsdom/living/generated/EventTarget.js:241:34)
      at Object.invokeGuardedCallbackDev (node_modules/react-dom/cjs/react-dom.development.js:4213:16)
      at invokeGuardedCallback (node_modules/react-dom/cjs/react-dom.development.js:4277:31)
      at beginWork$1 (node_modules/react-dom/cjs/react-dom.development.js:27490:7)
      at performUnitOfWork (node_modules/react-dom/cjs/react-dom.development.js:26599:12)
      at workLoopSync (node_modules/react-dom/cjs/react-dom.development.js:26505:5)
      at renderRootSync (node_modules/react-dom/cjs/react-dom.development.js:26473:7)
      at recoverFromConcurrentError (node_modules/react-dom/cjs/react-dom.development.js:25889:20)
      at performConcurrentWorkOnRoot (node_modules/react-dom/cjs/react-dom.development.js:25789:22)
      at flushActQueue (node_modules/react/cjs/react.development.js:2667:24)
      at act (node_modules/react/cjs/react.development.js:2582:11)
      at node_modules/@testing-library/react/dist/act-compat.js:47:25
      at renderRoot (node_modules/@testing-library/react/dist/pure.js:190:26)
      at render (node_modules/@testing-library/react/dist/pure.js:292:10)
      at Object.<anonymous> (components/__tests__/TimelineModal.test.tsx:141:11)

    console.error
      The above error occurred in the <div> component:
      
          at div
          at div
          at div
          at div
          at children (C:\Users\alexi\Documents\projects\maicivy\frontend\components\__tests__\TimelineModal.test.tsx:8:13)
          at div
          at children (C:\Users\alexi\Documents\projects\maicivy\frontend\components\__tests__\TimelineModal.test.tsx:8:13)
          at children (C:\Users\alexi\Documents\projects\maicivy\frontend\components\__tests__\TimelineModal.test.tsx:12:23)
          at event (C:\Users\alexi\Documents\projects\maicivy\frontend\components\timeline\TimelineModal.tsx:13:56)
      
      Consider adding an error boundary to your tree to customize error handling behavior.
      Visit https://reactjs.org/link/error-boundaries to learn more about error boundaries.

    [0m [90m 139 |[39m
     [90m 140 |[39m   it([32m'should display project stats when available'[39m[33m,[39m () [33m=>[39m {
    [31m[1m>[22m[39m[90m 141 |[39m     render([33m<[39m[33mTimelineModal[39m event[33m=[39m{mockEvent} onClose[33m=[39m{jest[33m.[39mfn()} [33m/[39m[33m>[39m)[33m;[39m
     [90m     |[39m           [31m[1m^[22m[39m
     [90m 142 |[39m
     [90m 143 |[39m     expect(screen[33m.[39mgetByText([32m'150'[39m))[33m.[39mtoBeInTheDocument()[33m;[39m [90m// Stars[39m
     [90m 144 |[39m     expect(screen[33m.[39mgetByText([32m'42'[39m))[33m.[39mtoBeInTheDocument()[33m;[39m [90m// Forks[39m[0m

      at logCapturedError (node_modules/react-dom/cjs/react-dom.development.js:18704:23)
      at update.callback (node_modules/react-dom/cjs/react-dom.development.js:18737:5)
      at callCallback (node_modules/react-dom/cjs/react-dom.development.js:15036:12)
      at commitUpdateQueue (node_modules/react-dom/cjs/react-dom.development.js:15057:9)
      at commitLayoutEffectOnFiber (node_modules/react-dom/cjs/react-dom.development.js:23430:13)
      at commitLayoutMountEffects_complete (node_modules/react-dom/cjs/react-dom.development.js:24727:9)
      at commitLayoutEffects_begin (node_modules/react-dom/cjs/react-dom.development.js:24713:7)
      at commitLayoutEffects (node_modules/react-dom/cjs/react-dom.development.js:24651:3)
      at commitRootImpl (node_modules/react-dom/cjs/react-dom.development.js:26862:5)
      at commitRoot (node_modules/react-dom/cjs/react-dom.development.js:26721:5)
      at finishConcurrentRender (node_modules/react-dom/cjs/react-dom.development.js:25931:9)
      at performConcurrentWorkOnRoot (node_modules/react-dom/cjs/react-dom.development.js:25848:7)
      at flushActQueue (node_modules/react/cjs/react.development.js:2667:24)
      at act (node_modules/react/cjs/react.development.js:2582:11)
      at node_modules/@testing-library/react/dist/act-compat.js:47:25
      at renderRoot (node_modules/@testing-library/react/dist/pure.js:190:26)
      at render (node_modules/@testing-library/react/dist/pure.js:292:10)
      at Object.<anonymous> (components/__tests__/TimelineModal.test.tsx:141:11)

    console.error
      Warning: React.jsx: type is invalid -- expected a string (for built-in components) or a class/function (for composite components) but got: undefined. You likely forgot to export your component from the file it's defined in, or you might have mixed up default and named imports.
      
      Check the render method of `TimelineModal`.
          at event (C:\Users\alexi\Documents\projects\maicivy\frontend\components\timeline\TimelineModal.tsx:13:56)

    [0m [90m 151 |[39m                 [33m<[39m[33mdiv[39m className[33m=[39m[32m"flex flex-wrap gap-2"[39m[33m>[39m
     [90m 152 |[39m                   {event[33m.[39mtags[33m.[39mmap((tag) [33m=>[39m (
    [31m[1m>[22m[39m[90m 153 |[39m                     [33m<[39m[33mmotion[39m[33m.[39mspan
     [90m     |[39m                     [31m[1m^[22m[39m
     [90m 154 |[39m                       key[33m=[39m{tag}
     [90m 155 |[39m                       whileHover[33m=[39m{{ scale[33m:[39m [35m1.05[39m }}
     [90m 156 |[39m                       className[33m=[39m[32m"px-4 py-2 bg-blue-500 text-white text-sm font-medium rounded-full shadow-sm"[39m[0m

      at printWarning (node_modules/react/cjs/react-jsx-runtime.development.js:87:30)
      at error (node_modules/react/cjs/react-jsx-runtime.development.js:61:7)
      at jsxWithValidation (node_modules/react/cjs/react-jsx-runtime.development.js:1245:7)
      at jsxWithValidationDynamic (node_modules/react/cjs/react-jsx-runtime.development.js:1320:12)
      at components/timeline/TimelineModal.tsx:153:21
          at Array.map (<anonymous>)
      at map (components/timeline/TimelineModal.tsx:152:31)
      at renderWithHooks (node_modules/react-dom/cjs/react-dom.development.js:15486:18)
      at mountIndeterminateComponent (node_modules/react-dom/cjs/react-dom.development.js:20103:13)
      at beginWork (node_modules/react-dom/cjs/react-dom.development.js:21626:16)
      at beginWork$1 (node_modules/react-dom/cjs/react-dom.development.js:27465:14)
      at performUnitOfWork (node_modules/react-dom/cjs/react-dom.development.js:26599:12)
      at workLoopSync (node_modules/react-dom/cjs/react-dom.development.js:26505:5)
      at renderRootSync (node_modules/react-dom/cjs/react-dom.development.js:26473:7)
      at performConcurrentWorkOnRoot (node_modules/react-dom/cjs/react-dom.development.js:25777:74)
      at flushActQueue (node_modules/react/cjs/react.development.js:2667:24)
      at act (node_modules/react/cjs/react.development.js:2582:11)
      at node_modules/@testing-library/react/dist/act-compat.js:47:25
      at renderRoot (node_modules/@testing-library/react/dist/pure.js:190:26)
      at render (node_modules/@testing-library/react/dist/pure.js:292:10)
      at Object.<anonymous> (components/__tests__/TimelineModal.test.tsx:156:11)

    console.error
      Warning: React.jsx: type is invalid -- expected a string (for built-in components) or a class/function (for composite components) but got: undefined. You likely forgot to export your component from the file it's defined in, or you might have mixed up default and named imports.
      
      Check the render method of `TimelineModal`.
          at event (C:\Users\alexi\Documents\projects\maicivy\frontend\components\timeline\TimelineModal.tsx:13:56)

    [0m [90m 151 |[39m                 [33m<[39m[33mdiv[39m className[33m=[39m[32m"flex flex-wrap gap-2"[39m[33m>[39m
     [90m 152 |[39m                   {event[33m.[39mtags[33m.[39mmap((tag) [33m=>[39m (
    [31m[1m>[22m[39m[90m 153 |[39m                     [33m<[39m[33mmotion[39m[33m.[39mspan
     [90m     |[39m                     [31m[1m^[22m[39m
     [90m 154 |[39m                       key[33m=[39m{tag}
     [90m 155 |[39m                       whileHover[33m=[39m{{ scale[33m:[39m [35m1.05[39m }}
     [90m 156 |[39m                       className[33m=[39m[32m"px-4 py-2 bg-blue-500 text-white text-sm font-medium rounded-full shadow-sm"[39m[0m

      at printWarning (node_modules/react/cjs/react-jsx-runtime.development.js:87:30)
      at error (node_modules/react/cjs/react-jsx-runtime.development.js:61:7)
      at jsxWithValidation (node_modules/react/cjs/react-jsx-runtime.development.js:1245:7)
      at jsxWithValidationDynamic (node_modules/react/cjs/react-jsx-runtime.development.js:1320:12)
      at components/timeline/TimelineModal.tsx:153:21
          at Array.map (<anonymous>)
      at map (components/timeline/TimelineModal.tsx:152:31)
      at renderWithHooks (node_modules/react-dom/cjs/react-dom.development.js:15486:18)
      at mountIndeterminateComponent (node_modules/react-dom/cjs/react-dom.development.js:20103:13)
      at beginWork (node_modules/react-dom/cjs/react-dom.development.js:21626:16)
      at beginWork$1 (node_modules/react-dom/cjs/react-dom.development.js:27465:14)
      at performUnitOfWork (node_modules/react-dom/cjs/react-dom.development.js:26599:12)
      at workLoopSync (node_modules/react-dom/cjs/react-dom.development.js:26505:5)
      at renderRootSync (node_modules/react-dom/cjs/react-dom.development.js:26473:7)
      at performConcurrentWorkOnRoot (node_modules/react-dom/cjs/react-dom.development.js:25777:74)
      at flushActQueue (node_modules/react/cjs/react.development.js:2667:24)
      at act (node_modules/react/cjs/react.development.js:2582:11)
      at node_modules/@testing-library/react/dist/act-compat.js:47:25
      at renderRoot (node_modules/@testing-library/react/dist/pure.js:190:26)
      at render (node_modules/@testing-library/react/dist/pure.js:292:10)
      at Object.<anonymous> (components/__tests__/TimelineModal.test.tsx:156:11)

    console.error
      Warning: React.jsx: type is invalid -- expected a string (for built-in components) or a class/function (for composite components) but got: undefined. You likely forgot to export your component from the file it's defined in, or you might have mixed up default and named imports.
      
      Check the render method of `TimelineModal`.
          at event (C:\Users\alexi\Documents\projects\maicivy\frontend\components\timeline\TimelineModal.tsx:13:56)

    [0m [90m 151 |[39m                 [33m<[39m[33mdiv[39m className[33m=[39m[32m"flex flex-wrap gap-2"[39m[33m>[39m
     [90m 152 |[39m                   {event[33m.[39mtags[33m.[39mmap((tag) [33m=>[39m (
    [31m[1m>[22m[39m[90m 153 |[39m                     [33m<[39m[33mmotion[39m[33m.[39mspan
     [90m     |[39m                     [31m[1m^[22m[39m
     [90m 154 |[39m                       key[33m=[39m{tag}
     [90m 155 |[39m                       whileHover[33m=[39m{{ scale[33m:[39m [35m1.05[39m }}
     [90m 156 |[39m                       className[33m=[39m[32m"px-4 py-2 bg-blue-500 text-white text-sm font-medium rounded-full shadow-sm"[39m[0m

      at printWarning (node_modules/react/cjs/react-jsx-runtime.development.js:87:30)
      at error (node_modules/react/cjs/react-jsx-runtime.development.js:61:7)
      at jsxWithValidation (node_modules/react/cjs/react-jsx-runtime.development.js:1245:7)
      at jsxWithValidationDynamic (node_modules/react/cjs/react-jsx-runtime.development.js:1320:12)
      at components/timeline/TimelineModal.tsx:153:21
          at Array.map (<anonymous>)
      at map (components/timeline/TimelineModal.tsx:152:31)
      at renderWithHooks (node_modules/react-dom/cjs/react-dom.development.js:15486:18)
      at mountIndeterminateComponent (node_modules/react-dom/cjs/react-dom.development.js:20103:13)
      at beginWork (node_modules/react-dom/cjs/react-dom.development.js:21626:16)
      at beginWork$1 (node_modules/react-dom/cjs/react-dom.development.js:27465:14)
      at performUnitOfWork (node_modules/react-dom/cjs/react-dom.development.js:26599:12)
      at workLoopSync (node_modules/react-dom/cjs/react-dom.development.js:26505:5)
      at renderRootSync (node_modules/react-dom/cjs/react-dom.development.js:26473:7)
      at performConcurrentWorkOnRoot (node_modules/react-dom/cjs/react-dom.development.js:25777:74)
      at flushActQueue (node_modules/react/cjs/react.development.js:2667:24)
      at act (node_modules/react/cjs/react.development.js:2582:11)
      at node_modules/@testing-library/react/dist/act-compat.js:47:25
      at renderRoot (node_modules/@testing-library/react/dist/pure.js:190:26)
      at render (node_modules/@testing-library/react/dist/pure.js:292:10)
      at Object.<anonymous> (components/__tests__/TimelineModal.test.tsx:156:11)

    console.error
      Warning: React.jsx: type is invalid -- expected a string (for built-in components) or a class/function (for composite components) but got: undefined. You likely forgot to export your component from the file it's defined in, or you might have mixed up default and named imports.
      
      Check the render method of `TimelineModal`.
          at event (C:\Users\alexi\Documents\projects\maicivy\frontend\components\timeline\TimelineModal.tsx:13:56)

    [0m [90m 151 |[39m                 [33m<[39m[33mdiv[39m className[33m=[39m[32m"flex flex-wrap gap-2"[39m[33m>[39m
     [90m 152 |[39m                   {event[33m.[39mtags[33m.[39mmap((tag) [33m=>[39m (
    [31m[1m>[22m[39m[90m 153 |[39m                     [33m<[39m[33mmotion[39m[33m.[39mspan
     [90m     |[39m                     [31m[1m^[22m[39m
     [90m 154 |[39m                       key[33m=[39m{tag}
     [90m 155 |[39m                       whileHover[33m=[39m{{ scale[33m:[39m [35m1.05[39m }}
     [90m 156 |[39m                       className[33m=[39m[32m"px-4 py-2 bg-blue-500 text-white text-sm font-medium rounded-full shadow-sm"[39m[0m

      at printWarning (node_modules/react/cjs/react-jsx-runtime.development.js:87:30)
      at error (node_modules/react/cjs/react-jsx-runtime.development.js:61:7)
      at jsxWithValidation (node_modules/react/cjs/react-jsx-runtime.development.js:1245:7)
      at jsxWithValidationDynamic (node_modules/react/cjs/react-jsx-runtime.development.js:1320:12)
      at components/timeline/TimelineModal.tsx:153:21
          at Array.map (<anonymous>)
      at map (components/timeline/TimelineModal.tsx:152:31)
      at renderWithHooks (node_modules/react-dom/cjs/react-dom.development.js:15486:18)
      at mountIndeterminateComponent (node_modules/react-dom/cjs/react-dom.development.js:20103:13)
      at beginWork (node_modules/react-dom/cjs/react-dom.development.js:21626:16)
      at beginWork$1 (node_modules/react-dom/cjs/react-dom.development.js:27465:14)
      at performUnitOfWork (node_modules/react-dom/cjs/react-dom.development.js:26599:12)
      at workLoopSync (node_modules/react-dom/cjs/react-dom.development.js:26505:5)
      at renderRootSync (node_modules/react-dom/cjs/react-dom.development.js:26473:7)
      at performConcurrentWorkOnRoot (node_modules/react-dom/cjs/react-dom.development.js:25777:74)
      at flushActQueue (node_modules/react/cjs/react.development.js:2667:24)
      at act (node_modules/react/cjs/react.development.js:2582:11)
      at node_modules/@testing-library/react/dist/act-compat.js:47:25
      at renderRoot (node_modules/@testing-library/react/dist/pure.js:190:26)
      at render (node_modules/@testing-library/react/dist/pure.js:292:10)
      at Object.<anonymous> (components/__tests__/TimelineModal.test.tsx:156:11)

    console.error
      Warning: React.jsx: type is invalid -- expected a string (for built-in components) or a class/function (for composite components) but got: undefined. You likely forgot to export your component from the file it's defined in, or you might have mixed up default and named imports.
      
      Check the render method of `TimelineModal`.
          at event (C:\Users\alexi\Documents\projects\maicivy\frontend\components\timeline\TimelineModal.tsx:13:56)

    [0m [90m 151 |[39m                 [33m<[39m[33mdiv[39m className[33m=[39m[32m"flex flex-wrap gap-2"[39m[33m>[39m
     [90m 152 |[39m                   {event[33m.[39mtags[33m.[39mmap((tag) [33m=>[39m (
    [31m[1m>[22m[39m[90m 153 |[39m                     [33m<[39m[33mmotion[39m[33m.[39mspan
     [90m     |[39m                     [31m[1m^[22m[39m
     [90m 154 |[39m                       key[33m=[39m{tag}
     [90m 155 |[39m                       whileHover[33m=[39m{{ scale[33m:[39m [35m1.05[39m }}
     [90m 156 |[39m                       className[33m=[39m[32m"px-4 py-2 bg-blue-500 text-white text-sm font-medium rounded-full shadow-sm"[39m[0m

      at printWarning (node_modules/react/cjs/react-jsx-runtime.development.js:87:30)
      at error (node_modules/react/cjs/react-jsx-runtime.development.js:61:7)
      at jsxWithValidation (node_modules/react/cjs/react-jsx-runtime.development.js:1245:7)
      at jsxWithValidationDynamic (node_modules/react/cjs/react-jsx-runtime.development.js:1320:12)
      at components/timeline/TimelineModal.tsx:153:21
          at Array.map (<anonymous>)
      at map (components/timeline/TimelineModal.tsx:152:31)
      at renderWithHooks (node_modules/react-dom/cjs/react-dom.development.js:15486:18)
      at mountIndeterminateComponent (node_modules/react-dom/cjs/react-dom.development.js:20103:13)
      at beginWork (node_modules/react-dom/cjs/react-dom.development.js:21626:16)
      at beginWork$1 (node_modules/react-dom/cjs/react-dom.development.js:27465:14)
      at performUnitOfWork (node_modules/react-dom/cjs/react-dom.development.js:26599:12)
      at workLoopSync (node_modules/react-dom/cjs/react-dom.development.js:26505:5)
      at renderRootSync (node_modules/react-dom/cjs/react-dom.development.js:26473:7)
      at performConcurrentWorkOnRoot (node_modules/react-dom/cjs/react-dom.development.js:25777:74)
      at flushActQueue (node_modules/react/cjs/react.development.js:2667:24)
      at act (node_modules/react/cjs/react.development.js:2582:11)
      at node_modules/@testing-library/react/dist/act-compat.js:47:25
      at renderRoot (node_modules/@testing-library/react/dist/pure.js:190:26)
      at render (node_modules/@testing-library/react/dist/pure.js:292:10)
      at Object.<anonymous> (components/__tests__/TimelineModal.test.tsx:156:11)

    console.error
      Error: Uncaught [Error: Element type is invalid: expected a string (for built-in components) or a class/function (for composite components) but got: undefined. You likely forgot to export your component from the file it's defined in, or you might have mixed up default and named imports.
      
      Check the render method of `TimelineModal`.]
          at reportException (C:\Users\alexi\Documents\projects\maicivy\frontend\node_modules\jsdom\lib\jsdom\living\helpers\runtime-script-errors.js:66:24)
          at innerInvokeEventListeners (C:\Users\alexi\Documents\projects\maicivy\frontend\node_modules\jsdom\lib\jsdom\living\events\EventTarget-impl.js:353:9)
          at invokeEventListeners (C:\Users\alexi\Documents\projects\maicivy\frontend\node_modules\jsdom\lib\jsdom\living\events\EventTarget-impl.js:286:3)
          at HTMLUnknownElementImpl._dispatch (C:\Users\alexi\Documents\projects\maicivy\frontend\node_modules\jsdom\lib\jsdom\living\events\EventTarget-impl.js:233:9)
          at HTMLUnknownElementImpl.dispatchEvent (C:\Users\alexi\Documents\projects\maicivy\frontend\node_modules\jsdom\lib\jsdom\living\events\EventTarget-impl.js:104:17)
          at HTMLUnknownElement.dispatchEvent (C:\Users\alexi\Documents\projects\maicivy\frontend\node_modules\jsdom\lib\jsdom\living\generated\EventTarget.js:241:34)
          at Object.invokeGuardedCallbackDev (C:\Users\alexi\Documents\projects\maicivy\frontend\node_modules\react-dom\cjs\react-dom.development.js:4213:16)
          at invokeGuardedCallback (C:\Users\alexi\Documents\projects\maicivy\frontend\node_modules\react-dom\cjs\react-dom.development.js:4277:31)
          at beginWork$1 (C:\Users\alexi\Documents\projects\maicivy\frontend\node_modules\react-dom\cjs\react-dom.development.js:27490:7)
          at performUnitOfWork (C:\Users\alexi\Documents\projects\maicivy\frontend\node_modules\react-dom\cjs\react-dom.development.js:26599:12)
          at workLoopSync (C:\Users\alexi\Documents\projects\maicivy\frontend\node_modules\react-dom\cjs\react-dom.development.js:26505:5)
          at renderRootSync (C:\Users\alexi\Documents\projects\maicivy\frontend\node_modules\react-dom\cjs\react-dom.development.js:26473:7)
          at performConcurrentWorkOnRoot (C:\Users\alexi\Documents\projects\maicivy\frontend\node_modules\react-dom\cjs\react-dom.development.js:25777:74)
          at flushActQueue (C:\Users\alexi\Documents\projects\maicivy\frontend\node_modules\react\cjs\react.development.js:2667:24)
          at act (C:\Users\alexi\Documents\projects\maicivy\frontend\node_modules\react\cjs\react.development.js:2582:11)
          at C:\Users\alexi\Documents\projects\maicivy\frontend\node_modules\@testing-library\react\dist\act-compat.js:47:25
          at renderRoot (C:\Users\alexi\Documents\projects\maicivy\frontend\node_modules\@testing-library\react\dist\pure.js:190:26)
          at render (C:\Users\alexi\Documents\projects\maicivy\frontend\node_modules\@testing-library\react\dist\pure.js:292:10)
          at Object.<anonymous> (C:\Users\alexi\Documents\projects\maicivy\frontend\components\__tests__\TimelineModal.test.tsx:156:11)
          at Promise.finally.completed (C:\Users\alexi\Documents\projects\maicivy\frontend\node_modules\jest-circus\build\jestAdapterInit.js:1557:28)
          at new Promise (<anonymous>)
          at callAsyncCircusFn (C:\Users\alexi\Documents\projects\maicivy\frontend\node_modules\jest-circus\build\jestAdapterInit.js:1497:10)
          at _callCircusTest (C:\Users\alexi\Documents\projects\maicivy\frontend\node_modules\jest-circus\build\jestAdapterInit.js:1007:40)
          at processTicksAndRejections (node:internal/process/task_queues:103:5)
          at _runTest (C:\Users\alexi\Documents\projects\maicivy\frontend\node_modules\jest-circus\build\jestAdapterInit.js:947:3)
          at C:\Users\alexi\Documents\projects\maicivy\frontend\node_modules\jest-circus\build\jestAdapterInit.js:849:7
          at _runTestsForDescribeBlock (C:\Users\alexi\Documents\projects\maicivy\frontend\node_modules\jest-circus\build\jestAdapterInit.js:862:11)
          at _runTestsForDescribeBlock (C:\Users\alexi\Documents\projects\maicivy\frontend\node_modules\jest-circus\build\jestAdapterInit.js:857:11)
          at run (C:\Users\alexi\Documents\projects\maicivy\frontend\node_modules\jest-circus\build\jestAdapterInit.js:761:3)
          at runAndTransformResultsToJestFormat (C:\Users\alexi\Documents\projects\maicivy\frontend\node_modules\jest-circus\build\jestAdapterInit.js:1918:21)
          at jestAdapter (C:\Users\alexi\Documents\projects\maicivy\frontend\node_modules\jest-circus\build\runner.js:101:19)
          at runTestInternal (C:\Users\alexi\Documents\projects\maicivy\frontend\node_modules\jest-runner\build\testWorker.js:275:16)
          at runTest (C:\Users\alexi\Documents\projects\maicivy\frontend\node_modules\jest-runner\build\testWorker.js:343:7)
          at Object.worker (C:\Users\alexi\Documents\projects\maicivy\frontend\node_modules\jest-runner\build\testWorker.js:497:12) {
        detail: Error: Element type is invalid: expected a string (for built-in components) or a class/function (for composite components) but got: undefined. You likely forgot to export your component from the file it's defined in, or you might have mixed up default and named imports.
        
        Check the render method of `TimelineModal`.
            at createFiberFromTypeAndProps (C:\Users\alexi\Documents\projects\maicivy\frontend\node_modules\react-dom\cjs\react-dom.development.js:28478:17)
            at createFiberFromElement (C:\Users\alexi\Documents\projects\maicivy\frontend\node_modules\react-dom\cjs\react-dom.development.js:28504:15)
            at createChild (C:\Users\alexi\Documents\projects\maicivy\frontend\node_modules\react-dom\cjs\react-dom.development.js:13345:28)
            at reconcileChildrenArray (C:\Users\alexi\Documents\projects\maicivy\frontend\node_modules\react-dom\cjs\react-dom.development.js:13640:25)
            at reconcileChildFibers (C:\Users\alexi\Documents\projects\maicivy\frontend\node_modules\react-dom\cjs\react-dom.development.js:14057:16)
            at reconcileChildren (C:\Users\alexi\Documents\projects\maicivy\frontend\node_modules\react-dom\cjs\react-dom.development.js:19186:28)
            at updateHostComponent (C:\Users\alexi\Documents\projects\maicivy\frontend\node_modules\react-dom\cjs\react-dom.development.js:19953:3)
            at beginWork (C:\Users\alexi\Documents\projects\maicivy\frontend\node_modules\react-dom\cjs\react-dom.development.js:21657:14)
            at HTMLUnknownElement.callCallback (C:\Users\alexi\Documents\projects\maicivy\frontend\node_modules\react-dom\cjs\react-dom.development.js:4164:14)
            at HTMLUnknownElement.callTheUserObjectsOperation (C:\Users\alexi\Documents\projects\maicivy\frontend\node_modules\jsdom\lib\jsdom\living\generated\EventListener.js:26:30)
            at innerInvokeEventListeners (C:\Users\alexi\Documents\projects\maicivy\frontend\node_modules\jsdom\lib\jsdom\living\events\EventTarget-impl.js:350:25)
            at invokeEventListeners (C:\Users\alexi\Documents\projects\maicivy\frontend\node_modules\jsdom\lib\jsdom\living\events\EventTarget-impl.js:286:3)
            at HTMLUnknownElementImpl._dispatch (C:\Users\alexi\Documents\projects\maicivy\frontend\node_modules\jsdom\lib\jsdom\living\events\EventTarget-impl.js:233:9)
            at HTMLUnknownElementImpl.dispatchEvent (C:\Users\alexi\Documents\projects\maicivy\frontend\node_modules\jsdom\lib\jsdom\living\events\EventTarget-impl.js:104:17)
            at HTMLUnknownElement.dispatchEvent (C:\Users\alexi\Documents\projects\maicivy\frontend\node_modules\jsdom\lib\jsdom\living\generated\EventTarget.js:241:34)
            at Object.invokeGuardedCallbackDev (C:\Users\alexi\Documents\projects\maicivy\frontend\node_modules\react-dom\cjs\react-dom.development.js:4213:16)
            at invokeGuardedCallback (C:\Users\alexi\Documents\projects\maicivy\frontend\node_modules\react-dom\cjs\react-dom.development.js:4277:31)
            at beginWork$1 (C:\Users\alexi\Documents\projects\maicivy\frontend\node_modules\react-dom\cjs\react-dom.development.js:27490:7)
            at performUnitOfWork (C:\Users\alexi\Documents\projects\maicivy\frontend\node_modules\react-dom\cjs\react-dom.development.js:26599:12)
            at workLoopSync (C:\Users\alexi\Documents\projects\maicivy\frontend\node_modules\react-dom\cjs\react-dom.development.js:26505:5)
            at renderRootSync (C:\Users\alexi\Documents\projects\maicivy\frontend\node_modules\react-dom\cjs\react-dom.development.js:26473:7)
            at performConcurrentWorkOnRoot (C:\Users\alexi\Documents\projects\maicivy\frontend\node_modules\react-dom\cjs\react-dom.development.js:25777:74)
            at flushActQueue (C:\Users\alexi\Documents\projects\maicivy\frontend\node_modules\react\cjs\react.development.js:2667:24)
            at act (C:\Users\alexi\Documents\projects\maicivy\frontend\node_modules\react\cjs\react.development.js:2582:11)
            at C:\Users\alexi\Documents\projects\maicivy\frontend\node_modules\@testing-library\react\dist\act-compat.js:47:25
            at renderRoot (C:\Users\alexi\Documents\projects\maicivy\frontend\node_modules\@testing-library\react\dist\pure.js:190:26)
            at render (C:\Users\alexi\Documents\projects\maicivy\frontend\node_modules\@testing-library\react\dist\pure.js:292:10)
            at Object.<anonymous> (C:\Users\alexi\Documents\projects\maicivy\frontend\components\__tests__\TimelineModal.test.tsx:156:11)
            at Promise.finally.completed (C:\Users\alexi\Documents\projects\maicivy\frontend\node_modules\jest-circus\build\jestAdapterInit.js:1557:28)
            at new Promise (<anonymous>)
            at callAsyncCircusFn (C:\Users\alexi\Documents\projects\maicivy\frontend\node_modules\jest-circus\build\jestAdapterInit.js:1497:10)
            at _callCircusTest (C:\Users\alexi\Documents\projects\maicivy\frontend\node_modules\jest-circus\build\jestAdapterInit.js:1007:40)
            at processTicksAndRejections (node:internal/process/task_queues:103:5)
            at _runTest (C:\Users\alexi\Documents\projects\maicivy\frontend\node_modules\jest-circus\build\jestAdapterInit.js:947:3)
            at C:\Users\alexi\Documents\projects\maicivy\frontend\node_modules\jest-circus\build\jestAdapterInit.js:849:7
            at _runTestsForDescribeBlock (C:\Users\alexi\Documents\projects\maicivy\frontend\node_modules\jest-circus\build\jestAdapterInit.js:862:11)
            at _runTestsForDescribeBlock (C:\Users\alexi\Documents\projects\maicivy\frontend\node_modules\jest-circus\build\jestAdapterInit.js:857:11)
            at run (C:\Users\alexi\Documents\projects\maicivy\frontend\node_modules\jest-circus\build\jestAdapterInit.js:761:3)
            at runAndTransformResultsToJestFormat (C:\Users\alexi\Documents\projects\maicivy\frontend\node_modules\jest-circus\build\jestAdapterInit.js:1918:21)
            at jestAdapter (C:\Users\alexi\Documents\projects\maicivy\frontend\node_modules\jest-circus\build\runner.js:101:19)
            at runTestInternal (C:\Users\alexi\Documents\projects\maicivy\frontend\node_modules\jest-runner\build\testWorker.js:275:16)
            at runTest (C:\Users\alexi\Documents\projects\maicivy\frontend\node_modules\jest-runner\build\testWorker.js:343:7)
            at Object.worker (C:\Users\alexi\Documents\projects\maicivy\frontend\node_modules\jest-runner\build\testWorker.js:497:12),
        type: 'unhandled exception'
      }

    [0m [90m 154 |[39m     }[33m;[39m
     [90m 155 |[39m
    [31m[1m>[22m[39m[90m 156 |[39m     render([33m<[39m[33mTimelineModal[39m event[33m=[39m{experienceEvent} onClose[33m=[39m{jest[33m.[39mfn()} [33m/[39m[33m>[39m)[33m;[39m
     [90m     |[39m           [31m[1m^[22m[39m
     [90m 157 |[39m
     [90m 158 |[39m     expect(screen[33m.[39mqueryByText([32m'Statistiques'[39m))[33m.[39mnot[33m.[39mtoBeInTheDocument()[33m;[39m
     [90m 159 |[39m   })[33m;[39m[0m

      at VirtualConsole.<anonymous> (node_modules/@jest/environment-jsdom-abstract/build/index.js:87:23)
      at reportException (node_modules/jsdom/lib/jsdom/living/helpers/runtime-script-errors.js:70:28)
      at innerInvokeEventListeners (node_modules/jsdom/lib/jsdom/living/events/EventTarget-impl.js:353:9)
      at invokeEventListeners (node_modules/jsdom/lib/jsdom/living/events/EventTarget-impl.js:286:3)
      at HTMLUnknownElementImpl._dispatch (node_modules/jsdom/lib/jsdom/living/events/EventTarget-impl.js:233:9)
      at HTMLUnknownElementImpl.dispatchEvent (node_modules/jsdom/lib/jsdom/living/events/EventTarget-impl.js:104:17)
      at HTMLUnknownElement.dispatchEvent (node_modules/jsdom/lib/jsdom/living/generated/EventTarget.js:241:34)
      at Object.invokeGuardedCallbackDev (node_modules/react-dom/cjs/react-dom.development.js:4213:16)
      at invokeGuardedCallback (node_modules/react-dom/cjs/react-dom.development.js:4277:31)
      at beginWork$1 (node_modules/react-dom/cjs/react-dom.development.js:27490:7)
      at performUnitOfWork (node_modules/react-dom/cjs/react-dom.development.js:26599:12)
      at workLoopSync (node_modules/react-dom/cjs/react-dom.development.js:26505:5)
      at renderRootSync (node_modules/react-dom/cjs/react-dom.development.js:26473:7)
      at performConcurrentWorkOnRoot (node_modules/react-dom/cjs/react-dom.development.js:25777:74)
      at flushActQueue (node_modules/react/cjs/react.development.js:2667:24)
      at act (node_modules/react/cjs/react.development.js:2582:11)
      at node_modules/@testing-library/react/dist/act-compat.js:47:25
      at renderRoot (node_modules/@testing-library/react/dist/pure.js:190:26)
      at render (node_modules/@testing-library/react/dist/pure.js:292:10)
      at Object.<anonymous> (components/__tests__/TimelineModal.test.tsx:156:11)

    console.error
      Warning: React.jsx: type is invalid -- expected a string (for built-in components) or a class/function (for composite components) but got: undefined. You likely forgot to export your component from the file it's defined in, or you might have mixed up default and named imports.
      
      Check the render method of `TimelineModal`.
          at event (C:\Users\alexi\Documents\projects\maicivy\frontend\components\timeline\TimelineModal.tsx:13:56)

    [0m [90m 151 |[39m                 [33m<[39m[33mdiv[39m className[33m=[39m[32m"flex flex-wrap gap-2"[39m[33m>[39m
     [90m 152 |[39m                   {event[33m.[39mtags[33m.[39mmap((tag) [33m=>[39m (
    [31m[1m>[22m[39m[90m 153 |[39m                     [33m<[39m[33mmotion[39m[33m.[39mspan
     [90m     |[39m                     [31m[1m^[22m[39m
     [90m 154 |[39m                       key[33m=[39m{tag}
     [90m 155 |[39m                       whileHover[33m=[39m{{ scale[33m:[39m [35m1.05[39m }}
     [90m 156 |[39m                       className[33m=[39m[32m"px-4 py-2 bg-blue-500 text-white text-sm font-medium rounded-full shadow-sm"[39m[0m

      at printWarning (node_modules/react/cjs/react-jsx-runtime.development.js:87:30)
      at error (node_modules/react/cjs/react-jsx-runtime.development.js:61:7)
      at jsxWithValidation (node_modules/react/cjs/react-jsx-runtime.development.js:1245:7)
      at jsxWithValidationDynamic (node_modules/react/cjs/react-jsx-runtime.development.js:1320:12)
      at components/timeline/TimelineModal.tsx:153:21
          at Array.map (<anonymous>)
      at map (components/timeline/TimelineModal.tsx:152:31)
      at renderWithHooks (node_modules/react-dom/cjs/react-dom.development.js:15486:18)
      at mountIndeterminateComponent (node_modules/react-dom/cjs/react-dom.development.js:20103:13)
      at beginWork (node_modules/react-dom/cjs/react-dom.development.js:21626:16)
      at beginWork$1 (node_modules/react-dom/cjs/react-dom.development.js:27465:14)
      at performUnitOfWork (node_modules/react-dom/cjs/react-dom.development.js:26599:12)
      at workLoopSync (node_modules/react-dom/cjs/react-dom.development.js:26505:5)
      at renderRootSync (node_modules/react-dom/cjs/react-dom.development.js:26473:7)
      at recoverFromConcurrentError (node_modules/react-dom/cjs/react-dom.development.js:25889:20)
      at performConcurrentWorkOnRoot (node_modules/react-dom/cjs/react-dom.development.js:25789:22)
      at flushActQueue (node_modules/react/cjs/react.development.js:2667:24)
      at act (node_modules/react/cjs/react.development.js:2582:11)
      at node_modules/@testing-library/react/dist/act-compat.js:47:25
      at renderRoot (node_modules/@testing-library/react/dist/pure.js:190:26)
      at render (node_modules/@testing-library/react/dist/pure.js:292:10)
      at Object.<anonymous> (components/__tests__/TimelineModal.test.tsx:156:11)

    console.error
      Warning: React.jsx: type is invalid -- expected a string (for built-in components) or a class/function (for composite components) but got: undefined. You likely forgot to export your component from the file it's defined in, or you might have mixed up default and named imports.
      
      Check the render method of `TimelineModal`.
          at event (C:\Users\alexi\Documents\projects\maicivy\frontend\components\timeline\TimelineModal.tsx:13:56)

    [0m [90m 151 |[39m                 [33m<[39m[33mdiv[39m className[33m=[39m[32m"flex flex-wrap gap-2"[39m[33m>[39m
     [90m 152 |[39m                   {event[33m.[39mtags[33m.[39mmap((tag) [33m=>[39m (
    [31m[1m>[22m[39m[90m 153 |[39m                     [33m<[39m[33mmotion[39m[33m.[39mspan
     [90m     |[39m                     [31m[1m^[22m[39m
     [90m 154 |[39m                       key[33m=[39m{tag}
     [90m 155 |[39m                       whileHover[33m=[39m{{ scale[33m:[39m [35m1.05[39m }}
     [90m 156 |[39m                       className[33m=[39m[32m"px-4 py-2 bg-blue-500 text-white text-sm font-medium rounded-full shadow-sm"[39m[0m

      at printWarning (node_modules/react/cjs/react-jsx-runtime.development.js:87:30)
      at error (node_modules/react/cjs/react-jsx-runtime.development.js:61:7)
      at jsxWithValidation (node_modules/react/cjs/react-jsx-runtime.development.js:1245:7)
      at jsxWithValidationDynamic (node_modules/react/cjs/react-jsx-runtime.development.js:1320:12)
      at components/timeline/TimelineModal.tsx:153:21
          at Array.map (<anonymous>)
      at map (components/timeline/TimelineModal.tsx:152:31)
      at renderWithHooks (node_modules/react-dom/cjs/react-dom.development.js:15486:18)
      at mountIndeterminateComponent (node_modules/react-dom/cjs/react-dom.development.js:20103:13)
      at beginWork (node_modules/react-dom/cjs/react-dom.development.js:21626:16)
      at beginWork$1 (node_modules/react-dom/cjs/react-dom.development.js:27465:14)
      at performUnitOfWork (node_modules/react-dom/cjs/react-dom.development.js:26599:12)
      at workLoopSync (node_modules/react-dom/cjs/react-dom.development.js:26505:5)
      at renderRootSync (node_modules/react-dom/cjs/react-dom.development.js:26473:7)
      at recoverFromConcurrentError (node_modules/react-dom/cjs/react-dom.development.js:25889:20)
      at performConcurrentWorkOnRoot (node_modules/react-dom/cjs/react-dom.development.js:25789:22)
      at flushActQueue (node_modules/react/cjs/react.development.js:2667:24)
      at act (node_modules/react/cjs/react.development.js:2582:11)
      at node_modules/@testing-library/react/dist/act-compat.js:47:25
      at renderRoot (node_modules/@testing-library/react/dist/pure.js:190:26)
      at render (node_modules/@testing-library/react/dist/pure.js:292:10)
      at Object.<anonymous> (components/__tests__/TimelineModal.test.tsx:156:11)

    console.error
      Warning: React.jsx: type is invalid -- expected a string (for built-in components) or a class/function (for composite components) but got: undefined. You likely forgot to export your component from the file it's defined in, or you might have mixed up default and named imports.
      
      Check the render method of `TimelineModal`.
          at event (C:\Users\alexi\Documents\projects\maicivy\frontend\components\timeline\TimelineModal.tsx:13:56)

    [0m [90m 151 |[39m                 [33m<[39m[33mdiv[39m className[33m=[39m[32m"flex flex-wrap gap-2"[39m[33m>[39m
     [90m 152 |[39m                   {event[33m.[39mtags[33m.[39mmap((tag) [33m=>[39m (
    [31m[1m>[22m[39m[90m 153 |[39m                     [33m<[39m[33mmotion[39m[33m.[39mspan
     [90m     |[39m                     [31m[1m^[22m[39m
     [90m 154 |[39m                       key[33m=[39m{tag}
     [90m 155 |[39m                       whileHover[33m=[39m{{ scale[33m:[39m [35m1.05[39m }}
     [90m 156 |[39m                       className[33m=[39m[32m"px-4 py-2 bg-blue-500 text-white text-sm font-medium rounded-full shadow-sm"[39m[0m

      at printWarning (node_modules/react/cjs/react-jsx-runtime.development.js:87:30)
      at error (node_modules/react/cjs/react-jsx-runtime.development.js:61:7)
      at jsxWithValidation (node_modules/react/cjs/react-jsx-runtime.development.js:1245:7)
      at jsxWithValidationDynamic (node_modules/react/cjs/react-jsx-runtime.development.js:1320:12)
      at components/timeline/TimelineModal.tsx:153:21
          at Array.map (<anonymous>)
      at map (components/timeline/TimelineModal.tsx:152:31)
      at renderWithHooks (node_modules/react-dom/cjs/react-dom.development.js:15486:18)
      at mountIndeterminateComponent (node_modules/react-dom/cjs/react-dom.development.js:20103:13)
      at beginWork (node_modules/react-dom/cjs/react-dom.development.js:21626:16)
      at beginWork$1 (node_modules/react-dom/cjs/react-dom.development.js:27465:14)
      at performUnitOfWork (node_modules/react-dom/cjs/react-dom.development.js:26599:12)
      at workLoopSync (node_modules/react-dom/cjs/react-dom.development.js:26505:5)
      at renderRootSync (node_modules/react-dom/cjs/react-dom.development.js:26473:7)
      at recoverFromConcurrentError (node_modules/react-dom/cjs/react-dom.development.js:25889:20)
      at performConcurrentWorkOnRoot (node_modules/react-dom/cjs/react-dom.development.js:25789:22)
      at flushActQueue (node_modules/react/cjs/react.development.js:2667:24)
      at act (node_modules/react/cjs/react.development.js:2582:11)
      at node_modules/@testing-library/react/dist/act-compat.js:47:25
      at renderRoot (node_modules/@testing-library/react/dist/pure.js:190:26)
      at render (node_modules/@testing-library/react/dist/pure.js:292:10)
      at Object.<anonymous> (components/__tests__/TimelineModal.test.tsx:156:11)

    console.error
      Warning: React.jsx: type is invalid -- expected a string (for built-in components) or a class/function (for composite components) but got: undefined. You likely forgot to export your component from the file it's defined in, or you might have mixed up default and named imports.
      
      Check the render method of `TimelineModal`.
          at event (C:\Users\alexi\Documents\projects\maicivy\frontend\components\timeline\TimelineModal.tsx:13:56)

    [0m [90m 151 |[39m                 [33m<[39m[33mdiv[39m className[33m=[39m[32m"flex flex-wrap gap-2"[39m[33m>[39m
     [90m 152 |[39m                   {event[33m.[39mtags[33m.[39mmap((tag) [33m=>[39m (
    [31m[1m>[22m[39m[90m 153 |[39m                     [33m<[39m[33mmotion[39m[33m.[39mspan
     [90m     |[39m                     [31m[1m^[22m[39m
     [90m 154 |[39m                       key[33m=[39m{tag}
     [90m 155 |[39m                       whileHover[33m=[39m{{ scale[33m:[39m [35m1.05[39m }}
     [90m 156 |[39m                       className[33m=[39m[32m"px-4 py-2 bg-blue-500 text-white text-sm font-medium rounded-full shadow-sm"[39m[0m

      at printWarning (node_modules/react/cjs/react-jsx-runtime.development.js:87:30)
      at error (node_modules/react/cjs/react-jsx-runtime.development.js:61:7)
      at jsxWithValidation (node_modules/react/cjs/react-jsx-runtime.development.js:1245:7)
      at jsxWithValidationDynamic (node_modules/react/cjs/react-jsx-runtime.development.js:1320:12)
      at components/timeline/TimelineModal.tsx:153:21
          at Array.map (<anonymous>)
      at map (components/timeline/TimelineModal.tsx:152:31)
      at renderWithHooks (node_modules/react-dom/cjs/react-dom.development.js:15486:18)
      at mountIndeterminateComponent (node_modules/react-dom/cjs/react-dom.development.js:20103:13)
      at beginWork (node_modules/react-dom/cjs/react-dom.development.js:21626:16)
      at beginWork$1 (node_modules/react-dom/cjs/react-dom.development.js:27465:14)
      at performUnitOfWork (node_modules/react-dom/cjs/react-dom.development.js:26599:12)
      at workLoopSync (node_modules/react-dom/cjs/react-dom.development.js:26505:5)
      at renderRootSync (node_modules/react-dom/cjs/react-dom.development.js:26473:7)
      at recoverFromConcurrentError (node_modules/react-dom/cjs/react-dom.development.js:25889:20)
      at performConcurrentWorkOnRoot (node_modules/react-dom/cjs/react-dom.development.js:25789:22)
      at flushActQueue (node_modules/react/cjs/react.development.js:2667:24)
      at act (node_modules/react/cjs/react.development.js:2582:11)
      at node_modules/@testing-library/react/dist/act-compat.js:47:25
      at renderRoot (node_modules/@testing-library/react/dist/pure.js:190:26)
      at render (node_modules/@testing-library/react/dist/pure.js:292:10)
      at Object.<anonymous> (components/__tests__/TimelineModal.test.tsx:156:11)

    console.error
      Warning: React.jsx: type is invalid -- expected a string (for built-in components) or a class/function (for composite components) but got: undefined. You likely forgot to export your component from the file it's defined in, or you might have mixed up default and named imports.
      
      Check the render method of `TimelineModal`.
          at event (C:\Users\alexi\Documents\projects\maicivy\frontend\components\timeline\TimelineModal.tsx:13:56)

    [0m [90m 151 |[39m                 [33m<[39m[33mdiv[39m className[33m=[39m[32m"flex flex-wrap gap-2"[39m[33m>[39m
     [90m 152 |[39m                   {event[33m.[39mtags[33m.[39mmap((tag) [33m=>[39m (
    [31m[1m>[22m[39m[90m 153 |[39m                     [33m<[39m[33mmotion[39m[33m.[39mspan
     [90m     |[39m                     [31m[1m^[22m[39m
     [90m 154 |[39m                       key[33m=[39m{tag}
     [90m 155 |[39m                       whileHover[33m=[39m{{ scale[33m:[39m [35m1.05[39m }}
     [90m 156 |[39m                       className[33m=[39m[32m"px-4 py-2 bg-blue-500 text-white text-sm font-medium rounded-full shadow-sm"[39m[0m

      at printWarning (node_modules/react/cjs/react-jsx-runtime.development.js:87:30)
      at error (node_modules/react/cjs/react-jsx-runtime.development.js:61:7)
      at jsxWithValidation (node_modules/react/cjs/react-jsx-runtime.development.js:1245:7)
      at jsxWithValidationDynamic (node_modules/react/cjs/react-jsx-runtime.development.js:1320:12)
      at components/timeline/TimelineModal.tsx:153:21
          at Array.map (<anonymous>)
      at map (components/timeline/TimelineModal.tsx:152:31)
      at renderWithHooks (node_modules/react-dom/cjs/react-dom.development.js:15486:18)
      at mountIndeterminateComponent (node_modules/react-dom/cjs/react-dom.development.js:20103:13)
      at beginWork (node_modules/react-dom/cjs/react-dom.development.js:21626:16)
      at beginWork$1 (node_modules/react-dom/cjs/react-dom.development.js:27465:14)
      at performUnitOfWork (node_modules/react-dom/cjs/react-dom.development.js:26599:12)
      at workLoopSync (node_modules/react-dom/cjs/react-dom.development.js:26505:5)
      at renderRootSync (node_modules/react-dom/cjs/react-dom.development.js:26473:7)
      at recoverFromConcurrentError (node_modules/react-dom/cjs/react-dom.development.js:25889:20)
      at performConcurrentWorkOnRoot (node_modules/react-dom/cjs/react-dom.development.js:25789:22)
      at flushActQueue (node_modules/react/cjs/react.development.js:2667:24)
      at act (node_modules/react/cjs/react.development.js:2582:11)
      at node_modules/@testing-library/react/dist/act-compat.js:47:25
      at renderRoot (node_modules/@testing-library/react/dist/pure.js:190:26)
      at render (node_modules/@testing-library/react/dist/pure.js:292:10)
      at Object.<anonymous> (components/__tests__/TimelineModal.test.tsx:156:11)

    console.error
      Error: Uncaught [Error: Element type is invalid: expected a string (for built-in components) or a class/function (for composite components) but got: undefined. You likely forgot to export your component from the file it's defined in, or you might have mixed up default and named imports.
      
      Check the render method of `TimelineModal`.]
          at reportException (C:\Users\alexi\Documents\projects\maicivy\frontend\node_modules\jsdom\lib\jsdom\living\helpers\runtime-script-errors.js:66:24)
          at innerInvokeEventListeners (C:\Users\alexi\Documents\projects\maicivy\frontend\node_modules\jsdom\lib\jsdom\living\events\EventTarget-impl.js:353:9)
          at invokeEventListeners (C:\Users\alexi\Documents\projects\maicivy\frontend\node_modules\jsdom\lib\jsdom\living\events\EventTarget-impl.js:286:3)
          at HTMLUnknownElementImpl._dispatch (C:\Users\alexi\Documents\projects\maicivy\frontend\node_modules\jsdom\lib\jsdom\living\events\EventTarget-impl.js:233:9)
          at HTMLUnknownElementImpl.dispatchEvent (C:\Users\alexi\Documents\projects\maicivy\frontend\node_modules\jsdom\lib\jsdom\living\events\EventTarget-impl.js:104:17)
          at HTMLUnknownElement.dispatchEvent (C:\Users\alexi\Documents\projects\maicivy\frontend\node_modules\jsdom\lib\jsdom\living\generated\EventTarget.js:241:34)
          at Object.invokeGuardedCallbackDev (C:\Users\alexi\Documents\projects\maicivy\frontend\node_modules\react-dom\cjs\react-dom.development.js:4213:16)
          at invokeGuardedCallback (C:\Users\alexi\Documents\projects\maicivy\frontend\node_modules\react-dom\cjs\react-dom.development.js:4277:31)
          at beginWork$1 (C:\Users\alexi\Documents\projects\maicivy\frontend\node_modules\react-dom\cjs\react-dom.development.js:27490:7)
          at performUnitOfWork (C:\Users\alexi\Documents\projects\maicivy\frontend\node_modules\react-dom\cjs\react-dom.development.js:26599:12)
          at workLoopSync (C:\Users\alexi\Documents\projects\maicivy\frontend\node_modules\react-dom\cjs\react-dom.development.js:26505:5)
          at renderRootSync (C:\Users\alexi\Documents\projects\maicivy\frontend\node_modules\react-dom\cjs\react-dom.development.js:26473:7)
          at recoverFromConcurrentError (C:\Users\alexi\Documents\projects\maicivy\frontend\node_modules\react-dom\cjs\react-dom.development.js:25889:20)
          at performConcurrentWorkOnRoot (C:\Users\alexi\Documents\projects\maicivy\frontend\node_modules\react-dom\cjs\react-dom.development.js:25789:22)
          at flushActQueue (C:\Users\alexi\Documents\projects\maicivy\frontend\node_modules\react\cjs\react.development.js:2667:24)
          at act (C:\Users\alexi\Documents\projects\maicivy\frontend\node_modules\react\cjs\react.development.js:2582:11)
          at C:\Users\alexi\Documents\projects\maicivy\frontend\node_modules\@testing-library\react\dist\act-compat.js:47:25
          at renderRoot (C:\Users\alexi\Documents\projects\maicivy\frontend\node_modules\@testing-library\react\dist\pure.js:190:26)
          at render (C:\Users\alexi\Documents\projects\maicivy\frontend\node_modules\@testing-library\react\dist\pure.js:292:10)
          at Object.<anonymous> (C:\Users\alexi\Documents\projects\maicivy\frontend\components\__tests__\TimelineModal.test.tsx:156:11)
          at Promise.finally.completed (C:\Users\alexi\Documents\projects\maicivy\frontend\node_modules\jest-circus\build\jestAdapterInit.js:1557:28)
          at new Promise (<anonymous>)
          at callAsyncCircusFn (C:\Users\alexi\Documents\projects\maicivy\frontend\node_modules\jest-circus\build\jestAdapterInit.js:1497:10)
          at _callCircusTest (C:\Users\alexi\Documents\projects\maicivy\frontend\node_modules\jest-circus\build\jestAdapterInit.js:1007:40)
          at processTicksAndRejections (node:internal/process/task_queues:103:5)
          at _runTest (C:\Users\alexi\Documents\projects\maicivy\frontend\node_modules\jest-circus\build\jestAdapterInit.js:947:3)
          at C:\Users\alexi\Documents\projects\maicivy\frontend\node_modules\jest-circus\build\jestAdapterInit.js:849:7
          at _runTestsForDescribeBlock (C:\Users\alexi\Documents\projects\maicivy\frontend\node_modules\jest-circus\build\jestAdapterInit.js:862:11)
          at _runTestsForDescribeBlock (C:\Users\alexi\Documents\projects\maicivy\frontend\node_modules\jest-circus\build\jestAdapterInit.js:857:11)
          at run (C:\Users\alexi\Documents\projects\maicivy\frontend\node_modules\jest-circus\build\jestAdapterInit.js:761:3)
          at runAndTransformResultsToJestFormat (C:\Users\alexi\Documents\projects\maicivy\frontend\node_modules\jest-circus\build\jestAdapterInit.js:1918:21)
          at jestAdapter (C:\Users\alexi\Documents\projects\maicivy\frontend\node_modules\jest-circus\build\runner.js:101:19)
          at runTestInternal (C:\Users\alexi\Documents\projects\maicivy\frontend\node_modules\jest-runner\build\testWorker.js:275:16)
          at runTest (C:\Users\alexi\Documents\projects\maicivy\frontend\node_modules\jest-runner\build\testWorker.js:343:7)
          at Object.worker (C:\Users\alexi\Documents\projects\maicivy\frontend\node_modules\jest-runner\build\testWorker.js:497:12) {
        detail: Error: Element type is invalid: expected a string (for built-in components) or a class/function (for composite components) but got: undefined. You likely forgot to export your component from the file it's defined in, or you might have mixed up default and named imports.
        
        Check the render method of `TimelineModal`.
            at createFiberFromTypeAndProps (C:\Users\alexi\Documents\projects\maicivy\frontend\node_modules\react-dom\cjs\react-dom.development.js:28478:17)
            at createFiberFromElement (C:\Users\alexi\Documents\projects\maicivy\frontend\node_modules\react-dom\cjs\react-dom.development.js:28504:15)
            at createChild (C:\Users\alexi\Documents\projects\maicivy\frontend\node_modules\react-dom\cjs\react-dom.development.js:13345:28)
            at reconcileChildrenArray (C:\Users\alexi\Documents\projects\maicivy\frontend\node_modules\react-dom\cjs\react-dom.development.js:13640:25)
            at reconcileChildFibers (C:\Users\alexi\Documents\projects\maicivy\frontend\node_modules\react-dom\cjs\react-dom.development.js:14057:16)
            at reconcileChildren (C:\Users\alexi\Documents\projects\maicivy\frontend\node_modules\react-dom\cjs\react-dom.development.js:19186:28)
            at updateHostComponent (C:\Users\alexi\Documents\projects\maicivy\frontend\node_modules\react-dom\cjs\react-dom.development.js:19953:3)
            at beginWork (C:\Users\alexi\Documents\projects\maicivy\frontend\node_modules\react-dom\cjs\react-dom.development.js:21657:14)
            at HTMLUnknownElement.callCallback (C:\Users\alexi\Documents\projects\maicivy\frontend\node_modules\react-dom\cjs\react-dom.development.js:4164:14)
            at HTMLUnknownElement.callTheUserObjectsOperation (C:\Users\alexi\Documents\projects\maicivy\frontend\node_modules\jsdom\lib\jsdom\living\generated\EventListener.js:26:30)
            at innerInvokeEventListeners (C:\Users\alexi\Documents\projects\maicivy\frontend\node_modules\jsdom\lib\jsdom\living\events\EventTarget-impl.js:350:25)
            at invokeEventListeners (C:\Users\alexi\Documents\projects\maicivy\frontend\node_modules\jsdom\lib\jsdom\living\events\EventTarget-impl.js:286:3)
            at HTMLUnknownElementImpl._dispatch (C:\Users\alexi\Documents\projects\maicivy\frontend\node_modules\jsdom\lib\jsdom\living\events\EventTarget-impl.js:233:9)
            at HTMLUnknownElementImpl.dispatchEvent (C:\Users\alexi\Documents\projects\maicivy\frontend\node_modules\jsdom\lib\jsdom\living\events\EventTarget-impl.js:104:17)
            at HTMLUnknownElement.dispatchEvent (C:\Users\alexi\Documents\projects\maicivy\frontend\node_modules\jsdom\lib\jsdom\living\generated\EventTarget.js:241:34)
            at Object.invokeGuardedCallbackDev (C:\Users\alexi\Documents\projects\maicivy\frontend\node_modules\react-dom\cjs\react-dom.development.js:4213:16)
            at invokeGuardedCallback (C:\Users\alexi\Documents\projects\maicivy\frontend\node_modules\react-dom\cjs\react-dom.development.js:4277:31)
            at beginWork$1 (C:\Users\alexi\Documents\projects\maicivy\frontend\node_modules\react-dom\cjs\react-dom.development.js:27490:7)
            at performUnitOfWork (C:\Users\alexi\Documents\projects\maicivy\frontend\node_modules\react-dom\cjs\react-dom.development.js:26599:12)
            at workLoopSync (C:\Users\alexi\Documents\projects\maicivy\frontend\node_modules\react-dom\cjs\react-dom.development.js:26505:5)
            at renderRootSync (C:\Users\alexi\Documents\projects\maicivy\frontend\node_modules\react-dom\cjs\react-dom.development.js:26473:7)
            at recoverFromConcurrentError (C:\Users\alexi\Documents\projects\maicivy\frontend\node_modules\react-dom\cjs\react-dom.development.js:25889:20)
            at performConcurrentWorkOnRoot (C:\Users\alexi\Documents\projects\maicivy\frontend\node_modules\react-dom\cjs\react-dom.development.js:25789:22)
            at flushActQueue (C:\Users\alexi\Documents\projects\maicivy\frontend\node_modules\react\cjs\react.development.js:2667:24)
            at act (C:\Users\alexi\Documents\projects\maicivy\frontend\node_modules\react\cjs\react.development.js:2582:11)
            at C:\Users\alexi\Documents\projects\maicivy\frontend\node_modules\@testing-library\react\dist\act-compat.js:47:25
            at renderRoot (C:\Users\alexi\Documents\projects\maicivy\frontend\node_modules\@testing-library\react\dist\pure.js:190:26)
            at render (C:\Users\alexi\Documents\projects\maicivy\frontend\node_modules\@testing-library\react\dist\pure.js:292:10)
            at Object.<anonymous> (C:\Users\alexi\Documents\projects\maicivy\frontend\components\__tests__\TimelineModal.test.tsx:156:11)
            at Promise.finally.completed (C:\Users\alexi\Documents\projects\maicivy\frontend\node_modules\jest-circus\build\jestAdapterInit.js:1557:28)
            at new Promise (<anonymous>)
            at callAsyncCircusFn (C:\Users\alexi\Documents\projects\maicivy\frontend\node_modules\jest-circus\build\jestAdapterInit.js:1497:10)
            at _callCircusTest (C:\Users\alexi\Documents\projects\maicivy\frontend\node_modules\jest-circus\build\jestAdapterInit.js:1007:40)
            at processTicksAndRejections (node:internal/process/task_queues:103:5)
            at _runTest (C:\Users\alexi\Documents\projects\maicivy\frontend\node_modules\jest-circus\build\jestAdapterInit.js:947:3)
            at C:\Users\alexi\Documents\projects\maicivy\frontend\node_modules\jest-circus\build\jestAdapterInit.js:849:7
            at _runTestsForDescribeBlock (C:\Users\alexi\Documents\projects\maicivy\frontend\node_modules\jest-circus\build\jestAdapterInit.js:862:11)
            at _runTestsForDescribeBlock (C:\Users\alexi\Documents\projects\maicivy\frontend\node_modules\jest-circus\build\jestAdapterInit.js:857:11)
            at run (C:\Users\alexi\Documents\projects\maicivy\frontend\node_modules\jest-circus\build\jestAdapterInit.js:761:3)
            at runAndTransformResultsToJestFormat (C:\Users\alexi\Documents\projects\maicivy\frontend\node_modules\jest-circus\build\jestAdapterInit.js:1918:21)
            at jestAdapter (C:\Users\alexi\Documents\projects\maicivy\frontend\node_modules\jest-circus\build\runner.js:101:19)
            at runTestInternal (C:\Users\alexi\Documents\projects\maicivy\frontend\node_modules\jest-runner\build\testWorker.js:275:16)
            at runTest (C:\Users\alexi\Documents\projects\maicivy\frontend\node_modules\jest-runner\build\testWorker.js:343:7)
            at Object.worker (C:\Users\alexi\Documents\projects\maicivy\frontend\node_modules\jest-runner\build\testWorker.js:497:12),
        type: 'unhandled exception'
      }

    [0m [90m 154 |[39m     }[33m;[39m
     [90m 155 |[39m
    [31m[1m>[22m[39m[90m 156 |[39m     render([33m<[39m[33mTimelineModal[39m event[33m=[39m{experienceEvent} onClose[33m=[39m{jest[33m.[39mfn()} [33m/[39m[33m>[39m)[33m;[39m
     [90m     |[39m           [31m[1m^[22m[39m
     [90m 157 |[39m
     [90m 158 |[39m     expect(screen[33m.[39mqueryByText([32m'Statistiques'[39m))[33m.[39mnot[33m.[39mtoBeInTheDocument()[33m;[39m
     [90m 159 |[39m   })[33m;[39m[0m

      at VirtualConsole.<anonymous> (node_modules/@jest/environment-jsdom-abstract/build/index.js:87:23)
      at reportException (node_modules/jsdom/lib/jsdom/living/helpers/runtime-script-errors.js:70:28)
      at innerInvokeEventListeners (node_modules/jsdom/lib/jsdom/living/events/EventTarget-impl.js:353:9)
      at invokeEventListeners (node_modules/jsdom/lib/jsdom/living/events/EventTarget-impl.js:286:3)
      at HTMLUnknownElementImpl._dispatch (node_modules/jsdom/lib/jsdom/living/events/EventTarget-impl.js:233:9)
      at HTMLUnknownElementImpl.dispatchEvent (node_modules/jsdom/lib/jsdom/living/events/EventTarget-impl.js:104:17)
      at HTMLUnknownElement.dispatchEvent (node_modules/jsdom/lib/jsdom/living/generated/EventTarget.js:241:34)
      at Object.invokeGuardedCallbackDev (node_modules/react-dom/cjs/react-dom.development.js:4213:16)
      at invokeGuardedCallback (node_modules/react-dom/cjs/react-dom.development.js:4277:31)
      at beginWork$1 (node_modules/react-dom/cjs/react-dom.development.js:27490:7)
      at performUnitOfWork (node_modules/react-dom/cjs/react-dom.development.js:26599:12)
      at workLoopSync (node_modules/react-dom/cjs/react-dom.development.js:26505:5)
      at renderRootSync (node_modules/react-dom/cjs/react-dom.development.js:26473:7)
      at recoverFromConcurrentError (node_modules/react-dom/cjs/react-dom.development.js:25889:20)
      at performConcurrentWorkOnRoot (node_modules/react-dom/cjs/react-dom.development.js:25789:22)
      at flushActQueue (node_modules/react/cjs/react.development.js:2667:24)
      at act (node_modules/react/cjs/react.development.js:2582:11)
      at node_modules/@testing-library/react/dist/act-compat.js:47:25
      at renderRoot (node_modules/@testing-library/react/dist/pure.js:190:26)
      at render (node_modules/@testing-library/react/dist/pure.js:292:10)
      at Object.<anonymous> (components/__tests__/TimelineModal.test.tsx:156:11)

    console.error
      The above error occurred in the <div> component:
      
          at div
          at div
          at div
          at div
          at children (C:\Users\alexi\Documents\projects\maicivy\frontend\components\__tests__\TimelineModal.test.tsx:8:13)
          at div
          at children (C:\Users\alexi\Documents\projects\maicivy\frontend\components\__tests__\TimelineModal.test.tsx:8:13)
          at children (C:\Users\alexi\Documents\projects\maicivy\frontend\components\__tests__\TimelineModal.test.tsx:12:23)
          at event (C:\Users\alexi\Documents\projects\maicivy\frontend\components\timeline\TimelineModal.tsx:13:56)
      
      Consider adding an error boundary to your tree to customize error handling behavior.
      Visit https://reactjs.org/link/error-boundaries to learn more about error boundaries.

    [0m [90m 154 |[39m     }[33m;[39m
     [90m 155 |[39m
    [31m[1m>[22m[39m[90m 156 |[39m     render([33m<[39m[33mTimelineModal[39m event[33m=[39m{experienceEvent} onClose[33m=[39m{jest[33m.[39mfn()} [33m/[39m[33m>[39m)[33m;[39m
     [90m     |[39m           [31m[1m^[22m[39m
     [90m 157 |[39m
     [90m 158 |[39m     expect(screen[33m.[39mqueryByText([32m'Statistiques'[39m))[33m.[39mnot[33m.[39mtoBeInTheDocument()[33m;[39m
     [90m 159 |[39m   })[33m;[39m[0m

      at logCapturedError (node_modules/react-dom/cjs/react-dom.development.js:18704:23)
      at update.callback (node_modules/react-dom/cjs/react-dom.development.js:18737:5)
      at callCallback (node_modules/react-dom/cjs/react-dom.development.js:15036:12)
      at commitUpdateQueue (node_modules/react-dom/cjs/react-dom.development.js:15057:9)
      at commitLayoutEffectOnFiber (node_modules/react-dom/cjs/react-dom.development.js:23430:13)
      at commitLayoutMountEffects_complete (node_modules/react-dom/cjs/react-dom.development.js:24727:9)
      at commitLayoutEffects_begin (node_modules/react-dom/cjs/react-dom.development.js:24713:7)
      at commitLayoutEffects (node_modules/react-dom/cjs/react-dom.development.js:24651:3)
      at commitRootImpl (node_modules/react-dom/cjs/react-dom.development.js:26862:5)
      at commitRoot (node_modules/react-dom/cjs/react-dom.development.js:26721:5)
      at finishConcurrentRender (node_modules/react-dom/cjs/react-dom.development.js:25931:9)
      at performConcurrentWorkOnRoot (node_modules/react-dom/cjs/react-dom.development.js:25848:7)
      at flushActQueue (node_modules/react/cjs/react.development.js:2667:24)
      at act (node_modules/react/cjs/react.development.js:2582:11)
      at node_modules/@testing-library/react/dist/act-compat.js:47:25
      at renderRoot (node_modules/@testing-library/react/dist/pure.js:190:26)
      at render (node_modules/@testing-library/react/dist/pure.js:292:10)
      at Object.<anonymous> (components/__tests__/TimelineModal.test.tsx:156:11)

    console.error
      Warning: React.jsx: type is invalid -- expected a string (for built-in components) or a class/function (for composite components) but got: undefined. You likely forgot to export your component from the file it's defined in, or you might have mixed up default and named imports.
      
      Check the render method of `TimelineModal`.
          at event (C:\Users\alexi\Documents\projects\maicivy\frontend\components\timeline\TimelineModal.tsx:13:56)

    [0m [90m 151 |[39m                 [33m<[39m[33mdiv[39m className[33m=[39m[32m"flex flex-wrap gap-2"[39m[33m>[39m
     [90m 152 |[39m                   {event[33m.[39mtags[33m.[39mmap((tag) [33m=>[39m (
    [31m[1m>[22m[39m[90m 153 |[39m                     [33m<[39m[33mmotion[39m[33m.[39mspan
     [90m     |[39m                     [31m[1m^[22m[39m
     [90m 154 |[39m                       key[33m=[39m{tag}
     [90m 155 |[39m                       whileHover[33m=[39m{{ scale[33m:[39m [35m1.05[39m }}
     [90m 156 |[39m                       className[33m=[39m[32m"px-4 py-2 bg-blue-500 text-white text-sm font-medium rounded-full shadow-sm"[39m[0m

      at printWarning (node_modules/react/cjs/react-jsx-runtime.development.js:87:30)
      at error (node_modules/react/cjs/react-jsx-runtime.development.js:61:7)
      at jsxWithValidation (node_modules/react/cjs/react-jsx-runtime.development.js:1245:7)
      at jsxWithValidationDynamic (node_modules/react/cjs/react-jsx-runtime.development.js:1320:12)
      at components/timeline/TimelineModal.tsx:153:21
          at Array.map (<anonymous>)
      at map (components/timeline/TimelineModal.tsx:152:31)
      at renderWithHooks (node_modules/react-dom/cjs/react-dom.development.js:15486:18)
      at mountIndeterminateComponent (node_modules/react-dom/cjs/react-dom.development.js:20103:13)
      at beginWork (node_modules/react-dom/cjs/react-dom.development.js:21626:16)
      at beginWork$1 (node_modules/react-dom/cjs/react-dom.development.js:27465:14)
      at performUnitOfWork (node_modules/react-dom/cjs/react-dom.development.js:26599:12)
      at workLoopSync (node_modules/react-dom/cjs/react-dom.development.js:26505:5)
      at renderRootSync (node_modules/react-dom/cjs/react-dom.development.js:26473:7)
      at performConcurrentWorkOnRoot (node_modules/react-dom/cjs/react-dom.development.js:25777:74)
      at flushActQueue (node_modules/react/cjs/react.development.js:2667:24)
      at act (node_modules/react/cjs/react.development.js:2582:11)
      at node_modules/@testing-library/react/dist/act-compat.js:47:25
      at renderRoot (node_modules/@testing-library/react/dist/pure.js:190:26)
      at render (node_modules/@testing-library/react/dist/pure.js:292:10)
      at Object.<anonymous> (components/__tests__/TimelineModal.test.tsx:162:11)

    console.error
      Warning: React.jsx: type is invalid -- expected a string (for built-in components) or a class/function (for composite components) but got: undefined. You likely forgot to export your component from the file it's defined in, or you might have mixed up default and named imports.
      
      Check the render method of `TimelineModal`.
          at event (C:\Users\alexi\Documents\projects\maicivy\frontend\components\timeline\TimelineModal.tsx:13:56)

    [0m [90m 151 |[39m                 [33m<[39m[33mdiv[39m className[33m=[39m[32m"flex flex-wrap gap-2"[39m[33m>[39m
     [90m 152 |[39m                   {event[33m.[39mtags[33m.[39mmap((tag) [33m=>[39m (
    [31m[1m>[22m[39m[90m 153 |[39m                     [33m<[39m[33mmotion[39m[33m.[39mspan
     [90m     |[39m                     [31m[1m^[22m[39m
     [90m 154 |[39m                       key[33m=[39m{tag}
     [90m 155 |[39m                       whileHover[33m=[39m{{ scale[33m:[39m [35m1.05[39m }}
     [90m 156 |[39m                       className[33m=[39m[32m"px-4 py-2 bg-blue-500 text-white text-sm font-medium rounded-full shadow-sm"[39m[0m

      at printWarning (node_modules/react/cjs/react-jsx-runtime.development.js:87:30)
      at error (node_modules/react/cjs/react-jsx-runtime.development.js:61:7)
      at jsxWithValidation (node_modules/react/cjs/react-jsx-runtime.development.js:1245:7)
      at jsxWithValidationDynamic (node_modules/react/cjs/react-jsx-runtime.development.js:1320:12)
      at components/timeline/TimelineModal.tsx:153:21
          at Array.map (<anonymous>)
      at map (components/timeline/TimelineModal.tsx:152:31)
      at renderWithHooks (node_modules/react-dom/cjs/react-dom.development.js:15486:18)
      at mountIndeterminateComponent (node_modules/react-dom/cjs/react-dom.development.js:20103:13)
      at beginWork (node_modules/react-dom/cjs/react-dom.development.js:21626:16)
      at beginWork$1 (node_modules/react-dom/cjs/react-dom.development.js:27465:14)
      at performUnitOfWork (node_modules/react-dom/cjs/react-dom.development.js:26599:12)
      at workLoopSync (node_modules/react-dom/cjs/react-dom.development.js:26505:5)
      at renderRootSync (node_modules/react-dom/cjs/react-dom.development.js:26473:7)
      at performConcurrentWorkOnRoot (node_modules/react-dom/cjs/react-dom.development.js:25777:74)
      at flushActQueue (node_modules/react/cjs/react.development.js:2667:24)
      at act (node_modules/react/cjs/react.development.js:2582:11)
      at node_modules/@testing-library/react/dist/act-compat.js:47:25
      at renderRoot (node_modules/@testing-library/react/dist/pure.js:190:26)
      at render (node_modules/@testing-library/react/dist/pure.js:292:10)
      at Object.<anonymous> (components/__tests__/TimelineModal.test.tsx:162:11)

    console.error
      Warning: React.jsx: type is invalid -- expected a string (for built-in components) or a class/function (for composite components) but got: undefined. You likely forgot to export your component from the file it's defined in, or you might have mixed up default and named imports.
      
      Check the render method of `TimelineModal`.
          at event (C:\Users\alexi\Documents\projects\maicivy\frontend\components\timeline\TimelineModal.tsx:13:56)

    [0m [90m 151 |[39m                 [33m<[39m[33mdiv[39m className[33m=[39m[32m"flex flex-wrap gap-2"[39m[33m>[39m
     [90m 152 |[39m                   {event[33m.[39mtags[33m.[39mmap((tag) [33m=>[39m (
    [31m[1m>[22m[39m[90m 153 |[39m                     [33m<[39m[33mmotion[39m[33m.[39mspan
     [90m     |[39m                     [31m[1m^[22m[39m
     [90m 154 |[39m                       key[33m=[39m{tag}
     [90m 155 |[39m                       whileHover[33m=[39m{{ scale[33m:[39m [35m1.05[39m }}
     [90m 156 |[39m                       className[33m=[39m[32m"px-4 py-2 bg-blue-500 text-white text-sm font-medium rounded-full shadow-sm"[39m[0m

      at printWarning (node_modules/react/cjs/react-jsx-runtime.development.js:87:30)
      at error (node_modules/react/cjs/react-jsx-runtime.development.js:61:7)
      at jsxWithValidation (node_modules/react/cjs/react-jsx-runtime.development.js:1245:7)
      at jsxWithValidationDynamic (node_modules/react/cjs/react-jsx-runtime.development.js:1320:12)
      at components/timeline/TimelineModal.tsx:153:21
          at Array.map (<anonymous>)
      at map (components/timeline/TimelineModal.tsx:152:31)
      at renderWithHooks (node_modules/react-dom/cjs/react-dom.development.js:15486:18)
      at mountIndeterminateComponent (node_modules/react-dom/cjs/react-dom.development.js:20103:13)
      at beginWork (node_modules/react-dom/cjs/react-dom.development.js:21626:16)
      at beginWork$1 (node_modules/react-dom/cjs/react-dom.development.js:27465:14)
      at performUnitOfWork (node_modules/react-dom/cjs/react-dom.development.js:26599:12)
      at workLoopSync (node_modules/react-dom/cjs/react-dom.development.js:26505:5)
      at renderRootSync (node_modules/react-dom/cjs/react-dom.development.js:26473:7)
      at performConcurrentWorkOnRoot (node_modules/react-dom/cjs/react-dom.development.js:25777:74)
      at flushActQueue (node_modules/react/cjs/react.development.js:2667:24)
      at act (node_modules/react/cjs/react.development.js:2582:11)
      at node_modules/@testing-library/react/dist/act-compat.js:47:25
      at renderRoot (node_modules/@testing-library/react/dist/pure.js:190:26)
      at render (node_modules/@testing-library/react/dist/pure.js:292:10)
      at Object.<anonymous> (components/__tests__/TimelineModal.test.tsx:162:11)

    console.error
      Warning: React.jsx: type is invalid -- expected a string (for built-in components) or a class/function (for composite components) but got: undefined. You likely forgot to export your component from the file it's defined in, or you might have mixed up default and named imports.
      
      Check the render method of `TimelineModal`.
          at event (C:\Users\alexi\Documents\projects\maicivy\frontend\components\timeline\TimelineModal.tsx:13:56)

    [0m [90m 151 |[39m                 [33m<[39m[33mdiv[39m className[33m=[39m[32m"flex flex-wrap gap-2"[39m[33m>[39m
     [90m 152 |[39m                   {event[33m.[39mtags[33m.[39mmap((tag) [33m=>[39m (
    [31m[1m>[22m[39m[90m 153 |[39m                     [33m<[39m[33mmotion[39m[33m.[39mspan
     [90m     |[39m                     [31m[1m^[22m[39m
     [90m 154 |[39m                       key[33m=[39m{tag}
     [90m 155 |[39m                       whileHover[33m=[39m{{ scale[33m:[39m [35m1.05[39m }}
     [90m 156 |[39m                       className[33m=[39m[32m"px-4 py-2 bg-blue-500 text-white text-sm font-medium rounded-full shadow-sm"[39m[0m

      at printWarning (node_modules/react/cjs/react-jsx-runtime.development.js:87:30)
      at error (node_modules/react/cjs/react-jsx-runtime.development.js:61:7)
      at jsxWithValidation (node_modules/react/cjs/react-jsx-runtime.development.js:1245:7)
      at jsxWithValidationDynamic (node_modules/react/cjs/react-jsx-runtime.development.js:1320:12)
      at components/timeline/TimelineModal.tsx:153:21
          at Array.map (<anonymous>)
      at map (components/timeline/TimelineModal.tsx:152:31)
      at renderWithHooks (node_modules/react-dom/cjs/react-dom.development.js:15486:18)
      at mountIndeterminateComponent (node_modules/react-dom/cjs/react-dom.development.js:20103:13)
      at beginWork (node_modules/react-dom/cjs/react-dom.development.js:21626:16)
      at beginWork$1 (node_modules/react-dom/cjs/react-dom.development.js:27465:14)
      at performUnitOfWork (node_modules/react-dom/cjs/react-dom.development.js:26599:12)
      at workLoopSync (node_modules/react-dom/cjs/react-dom.development.js:26505:5)
      at renderRootSync (node_modules/react-dom/cjs/react-dom.development.js:26473:7)
      at performConcurrentWorkOnRoot (node_modules/react-dom/cjs/react-dom.development.js:25777:74)
      at flushActQueue (node_modules/react/cjs/react.development.js:2667:24)
      at act (node_modules/react/cjs/react.development.js:2582:11)
      at node_modules/@testing-library/react/dist/act-compat.js:47:25
      at renderRoot (node_modules/@testing-library/react/dist/pure.js:190:26)
      at render (node_modules/@testing-library/react/dist/pure.js:292:10)
      at Object.<anonymous> (components/__tests__/TimelineModal.test.tsx:162:11)

    console.error
      Warning: React.jsx: type is invalid -- expected a string (for built-in components) or a class/function (for composite components) but got: undefined. You likely forgot to export your component from the file it's defined in, or you might have mixed up default and named imports.
      
      Check the render method of `TimelineModal`.
          at event (C:\Users\alexi\Documents\projects\maicivy\frontend\components\timeline\TimelineModal.tsx:13:56)

    [0m [90m 151 |[39m                 [33m<[39m[33mdiv[39m className[33m=[39m[32m"flex flex-wrap gap-2"[39m[33m>[39m
     [90m 152 |[39m                   {event[33m.[39mtags[33m.[39mmap((tag) [33m=>[39m (
    [31m[1m>[22m[39m[90m 153 |[39m                     [33m<[39m[33mmotion[39m[33m.[39mspan
     [90m     |[39m                     [31m[1m^[22m[39m
     [90m 154 |[39m                       key[33m=[39m{tag}
     [90m 155 |[39m                       whileHover[33m=[39m{{ scale[33m:[39m [35m1.05[39m }}
     [90m 156 |[39m                       className[33m=[39m[32m"px-4 py-2 bg-blue-500 text-white text-sm font-medium rounded-full shadow-sm"[39m[0m

      at printWarning (node_modules/react/cjs/react-jsx-runtime.development.js:87:30)
      at error (node_modules/react/cjs/react-jsx-runtime.development.js:61:7)
      at jsxWithValidation (node_modules/react/cjs/react-jsx-runtime.development.js:1245:7)
      at jsxWithValidationDynamic (node_modules/react/cjs/react-jsx-runtime.development.js:1320:12)
      at components/timeline/TimelineModal.tsx:153:21
          at Array.map (<anonymous>)
      at map (components/timeline/TimelineModal.tsx:152:31)
      at renderWithHooks (node_modules/react-dom/cjs/react-dom.development.js:15486:18)
      at mountIndeterminateComponent (node_modules/react-dom/cjs/react-dom.development.js:20103:13)
      at beginWork (node_modules/react-dom/cjs/react-dom.development.js:21626:16)
      at beginWork$1 (node_modules/react-dom/cjs/react-dom.development.js:27465:14)
      at performUnitOfWork (node_modules/react-dom/cjs/react-dom.development.js:26599:12)
      at workLoopSync (node_modules/react-dom/cjs/react-dom.development.js:26505:5)
      at renderRootSync (node_modules/react-dom/cjs/react-dom.development.js:26473:7)
      at performConcurrentWorkOnRoot (node_modules/react-dom/cjs/react-dom.development.js:25777:74)
      at flushActQueue (node_modules/react/cjs/react.development.js:2667:24)
      at act (node_modules/react/cjs/react.development.js:2582:11)
      at node_modules/@testing-library/react/dist/act-compat.js:47:25
      at renderRoot (node_modules/@testing-library/react/dist/pure.js:190:26)
      at render (node_modules/@testing-library/react/dist/pure.js:292:10)
      at Object.<anonymous> (components/__tests__/TimelineModal.test.tsx:162:11)

    console.error
      Error: Uncaught [Error: Element type is invalid: expected a string (for built-in components) or a class/function (for composite components) but got: undefined. You likely forgot to export your component from the file it's defined in, or you might have mixed up default and named imports.
      
      Check the render method of `TimelineModal`.]
          at reportException (C:\Users\alexi\Documents\projects\maicivy\frontend\node_modules\jsdom\lib\jsdom\living\helpers\runtime-script-errors.js:66:24)
          at innerInvokeEventListeners (C:\Users\alexi\Documents\projects\maicivy\frontend\node_modules\jsdom\lib\jsdom\living\events\EventTarget-impl.js:353:9)
          at invokeEventListeners (C:\Users\alexi\Documents\projects\maicivy\frontend\node_modules\jsdom\lib\jsdom\living\events\EventTarget-impl.js:286:3)
          at HTMLUnknownElementImpl._dispatch (C:\Users\alexi\Documents\projects\maicivy\frontend\node_modules\jsdom\lib\jsdom\living\events\EventTarget-impl.js:233:9)
          at HTMLUnknownElementImpl.dispatchEvent (C:\Users\alexi\Documents\projects\maicivy\frontend\node_modules\jsdom\lib\jsdom\living\events\EventTarget-impl.js:104:17)
          at HTMLUnknownElement.dispatchEvent (C:\Users\alexi\Documents\projects\maicivy\frontend\node_modules\jsdom\lib\jsdom\living\generated\EventTarget.js:241:34)
          at Object.invokeGuardedCallbackDev (C:\Users\alexi\Documents\projects\maicivy\frontend\node_modules\react-dom\cjs\react-dom.development.js:4213:16)
          at invokeGuardedCallback (C:\Users\alexi\Documents\projects\maicivy\frontend\node_modules\react-dom\cjs\react-dom.development.js:4277:31)
          at beginWork$1 (C:\Users\alexi\Documents\projects\maicivy\frontend\node_modules\react-dom\cjs\react-dom.development.js:27490:7)
          at performUnitOfWork (C:\Users\alexi\Documents\projects\maicivy\frontend\node_modules\react-dom\cjs\react-dom.development.js:26599:12)
          at workLoopSync (C:\Users\alexi\Documents\projects\maicivy\frontend\node_modules\react-dom\cjs\react-dom.development.js:26505:5)
          at renderRootSync (C:\Users\alexi\Documents\projects\maicivy\frontend\node_modules\react-dom\cjs\react-dom.development.js:26473:7)
          at performConcurrentWorkOnRoot (C:\Users\alexi\Documents\projects\maicivy\frontend\node_modules\react-dom\cjs\react-dom.development.js:25777:74)
          at flushActQueue (C:\Users\alexi\Documents\projects\maicivy\frontend\node_modules\react\cjs\react.development.js:2667:24)
          at act (C:\Users\alexi\Documents\projects\maicivy\frontend\node_modules\react\cjs\react.development.js:2582:11)
          at C:\Users\alexi\Documents\projects\maicivy\frontend\node_modules\@testing-library\react\dist\act-compat.js:47:25
          at renderRoot (C:\Users\alexi\Documents\projects\maicivy\frontend\node_modules\@testing-library\react\dist\pure.js:190:26)
          at render (C:\Users\alexi\Documents\projects\maicivy\frontend\node_modules\@testing-library\react\dist\pure.js:292:10)
          at Object.<anonymous> (C:\Users\alexi\Documents\projects\maicivy\frontend\components\__tests__\TimelineModal.test.tsx:162:11)
          at Promise.finally.completed (C:\Users\alexi\Documents\projects\maicivy\frontend\node_modules\jest-circus\build\jestAdapterInit.js:1557:28)
          at new Promise (<anonymous>)
          at callAsyncCircusFn (C:\Users\alexi\Documents\projects\maicivy\frontend\node_modules\jest-circus\build\jestAdapterInit.js:1497:10)
          at _callCircusTest (C:\Users\alexi\Documents\projects\maicivy\frontend\node_modules\jest-circus\build\jestAdapterInit.js:1007:40)
          at processTicksAndRejections (node:internal/process/task_queues:103:5)
          at _runTest (C:\Users\alexi\Documents\projects\maicivy\frontend\node_modules\jest-circus\build\jestAdapterInit.js:947:3)
          at C:\Users\alexi\Documents\projects\maicivy\frontend\node_modules\jest-circus\build\jestAdapterInit.js:849:7
          at _runTestsForDescribeBlock (C:\Users\alexi\Documents\projects\maicivy\frontend\node_modules\jest-circus\build\jestAdapterInit.js:862:11)
          at _runTestsForDescribeBlock (C:\Users\alexi\Documents\projects\maicivy\frontend\node_modules\jest-circus\build\jestAdapterInit.js:857:11)
          at run (C:\Users\alexi\Documents\projects\maicivy\frontend\node_modules\jest-circus\build\jestAdapterInit.js:761:3)
          at runAndTransformResultsToJestFormat (C:\Users\alexi\Documents\projects\maicivy\frontend\node_modules\jest-circus\build\jestAdapterInit.js:1918:21)
          at jestAdapter (C:\Users\alexi\Documents\projects\maicivy\frontend\node_modules\jest-circus\build\runner.js:101:19)
          at runTestInternal (C:\Users\alexi\Documents\projects\maicivy\frontend\node_modules\jest-runner\build\testWorker.js:275:16)
          at runTest (C:\Users\alexi\Documents\projects\maicivy\frontend\node_modules\jest-runner\build\testWorker.js:343:7)
          at Object.worker (C:\Users\alexi\Documents\projects\maicivy\frontend\node_modules\jest-runner\build\testWorker.js:497:12) {
        detail: Error: Element type is invalid: expected a string (for built-in components) or a class/function (for composite components) but got: undefined. You likely forgot to export your component from the file it's defined in, or you might have mixed up default and named imports.
        
        Check the render method of `TimelineModal`.
            at createFiberFromTypeAndProps (C:\Users\alexi\Documents\projects\maicivy\frontend\node_modules\react-dom\cjs\react-dom.development.js:28478:17)
            at createFiberFromElement (C:\Users\alexi\Documents\projects\maicivy\frontend\node_modules\react-dom\cjs\react-dom.development.js:28504:15)
            at createChild (C:\Users\alexi\Documents\projects\maicivy\frontend\node_modules\react-dom\cjs\react-dom.development.js:13345:28)
            at reconcileChildrenArray (C:\Users\alexi\Documents\projects\maicivy\frontend\node_modules\react-dom\cjs\react-dom.development.js:13640:25)
            at reconcileChildFibers (C:\Users\alexi\Documents\projects\maicivy\frontend\node_modules\react-dom\cjs\react-dom.development.js:14057:16)
            at reconcileChildren (C:\Users\alexi\Documents\projects\maicivy\frontend\node_modules\react-dom\cjs\react-dom.development.js:19186:28)
            at updateHostComponent (C:\Users\alexi\Documents\projects\maicivy\frontend\node_modules\react-dom\cjs\react-dom.development.js:19953:3)
            at beginWork (C:\Users\alexi\Documents\projects\maicivy\frontend\node_modules\react-dom\cjs\react-dom.development.js:21657:14)
            at HTMLUnknownElement.callCallback (C:\Users\alexi\Documents\projects\maicivy\frontend\node_modules\react-dom\cjs\react-dom.development.js:4164:14)
            at HTMLUnknownElement.callTheUserObjectsOperation (C:\Users\alexi\Documents\projects\maicivy\frontend\node_modules\jsdom\lib\jsdom\living\generated\EventListener.js:26:30)
            at innerInvokeEventListeners (C:\Users\alexi\Documents\projects\maicivy\frontend\node_modules\jsdom\lib\jsdom\living\events\EventTarget-impl.js:350:25)
            at invokeEventListeners (C:\Users\alexi\Documents\projects\maicivy\frontend\node_modules\jsdom\lib\jsdom\living\events\EventTarget-impl.js:286:3)
            at HTMLUnknownElementImpl._dispatch (C:\Users\alexi\Documents\projects\maicivy\frontend\node_modules\jsdom\lib\jsdom\living\events\EventTarget-impl.js:233:9)
            at HTMLUnknownElementImpl.dispatchEvent (C:\Users\alexi\Documents\projects\maicivy\frontend\node_modules\jsdom\lib\jsdom\living\events\EventTarget-impl.js:104:17)
            at HTMLUnknownElement.dispatchEvent (C:\Users\alexi\Documents\projects\maicivy\frontend\node_modules\jsdom\lib\jsdom\living\generated\EventTarget.js:241:34)
            at Object.invokeGuardedCallbackDev (C:\Users\alexi\Documents\projects\maicivy\frontend\node_modules\react-dom\cjs\react-dom.development.js:4213:16)
            at invokeGuardedCallback (C:\Users\alexi\Documents\projects\maicivy\frontend\node_modules\react-dom\cjs\react-dom.development.js:4277:31)
            at beginWork$1 (C:\Users\alexi\Documents\projects\maicivy\frontend\node_modules\react-dom\cjs\react-dom.development.js:27490:7)
            at performUnitOfWork (C:\Users\alexi\Documents\projects\maicivy\frontend\node_modules\react-dom\cjs\react-dom.development.js:26599:12)
            at workLoopSync (C:\Users\alexi\Documents\projects\maicivy\frontend\node_modules\react-dom\cjs\react-dom.development.js:26505:5)
            at renderRootSync (C:\Users\alexi\Documents\projects\maicivy\frontend\node_modules\react-dom\cjs\react-dom.development.js:26473:7)
            at performConcurrentWorkOnRoot (C:\Users\alexi\Documents\projects\maicivy\frontend\node_modules\react-dom\cjs\react-dom.development.js:25777:74)
            at flushActQueue (C:\Users\alexi\Documents\projects\maicivy\frontend\node_modules\react\cjs\react.development.js:2667:24)
            at act (C:\Users\alexi\Documents\projects\maicivy\frontend\node_modules\react\cjs\react.development.js:2582:11)
            at C:\Users\alexi\Documents\projects\maicivy\frontend\node_modules\@testing-library\react\dist\act-compat.js:47:25
            at renderRoot (C:\Users\alexi\Documents\projects\maicivy\frontend\node_modules\@testing-library\react\dist\pure.js:190:26)
            at render (C:\Users\alexi\Documents\projects\maicivy\frontend\node_modules\@testing-library\react\dist\pure.js:292:10)
            at Object.<anonymous> (C:\Users\alexi\Documents\projects\maicivy\frontend\components\__tests__\TimelineModal.test.tsx:162:11)
            at Promise.finally.completed (C:\Users\alexi\Documents\projects\maicivy\frontend\node_modules\jest-circus\build\jestAdapterInit.js:1557:28)
            at new Promise (<anonymous>)
            at callAsyncCircusFn (C:\Users\alexi\Documents\projects\maicivy\frontend\node_modules\jest-circus\build\jestAdapterInit.js:1497:10)
            at _callCircusTest (C:\Users\alexi\Documents\projects\maicivy\frontend\node_modules\jest-circus\build\jestAdapterInit.js:1007:40)
            at processTicksAndRejections (node:internal/process/task_queues:103:5)
            at _runTest (C:\Users\alexi\Documents\projects\maicivy\frontend\node_modules\jest-circus\build\jestAdapterInit.js:947:3)
            at C:\Users\alexi\Documents\projects\maicivy\frontend\node_modules\jest-circus\build\jestAdapterInit.js:849:7
            at _runTestsForDescribeBlock (C:\Users\alexi\Documents\projects\maicivy\frontend\node_modules\jest-circus\build\jestAdapterInit.js:862:11)
            at _runTestsForDescribeBlock (C:\Users\alexi\Documents\projects\maicivy\frontend\node_modules\jest-circus\build\jestAdapterInit.js:857:11)
            at run (C:\Users\alexi\Documents\projects\maicivy\frontend\node_modules\jest-circus\build\jestAdapterInit.js:761:3)
            at runAndTransformResultsToJestFormat (C:\Users\alexi\Documents\projects\maicivy\frontend\node_modules\jest-circus\build\jestAdapterInit.js:1918:21)
            at jestAdapter (C:\Users\alexi\Documents\projects\maicivy\frontend\node_modules\jest-circus\build\runner.js:101:19)
            at runTestInternal (C:\Users\alexi\Documents\projects\maicivy\frontend\node_modules\jest-runner\build\testWorker.js:275:16)
            at runTest (C:\Users\alexi\Documents\projects\maicivy\frontend\node_modules\jest-runner\build\testWorker.js:343:7)
            at Object.worker (C:\Users\alexi\Documents\projects\maicivy\frontend\node_modules\jest-runner\build\testWorker.js:497:12),
        type: 'unhandled exception'
      }

    [0m [90m 160 |[39m
     [90m 161 |[39m   it([32m'should render GitHub link'[39m[33m,[39m () [33m=>[39m {
    [31m[1m>[22m[39m[90m 162 |[39m     render([33m<[39m[33mTimelineModal[39m event[33m=[39m{mockEvent} onClose[33m=[39m{jest[33m.[39mfn()} [33m/[39m[33m>[39m)[33m;[39m
     [90m     |[39m           [31m[1m^[22m[39m
     [90m 163 |[39m
     [90m 164 |[39m     [36mconst[39m githubLink [33m=[39m screen[33m.[39mgetByText([32m'Voir sur GitHub'[39m)[33m.[39mclosest([32m'a'[39m)[33m;[39m
     [90m 165 |[39m     expect(githubLink)[33m.[39mtoHaveAttribute([32m'href'[39m[33m,[39m [32m'https://github.com/user/ecommerce'[39m)[33m;[39m[0m

      at VirtualConsole.<anonymous> (node_modules/@jest/environment-jsdom-abstract/build/index.js:87:23)
      at reportException (node_modules/jsdom/lib/jsdom/living/helpers/runtime-script-errors.js:70:28)
      at innerInvokeEventListeners (node_modules/jsdom/lib/jsdom/living/events/EventTarget-impl.js:353:9)
      at invokeEventListeners (node_modules/jsdom/lib/jsdom/living/events/EventTarget-impl.js:286:3)
      at HTMLUnknownElementImpl._dispatch (node_modules/jsdom/lib/jsdom/living/events/EventTarget-impl.js:233:9)
      at HTMLUnknownElementImpl.dispatchEvent (node_modules/jsdom/lib/jsdom/living/events/EventTarget-impl.js:104:17)
      at HTMLUnknownElement.dispatchEvent (node_modules/jsdom/lib/jsdom/living/generated/EventTarget.js:241:34)
      at Object.invokeGuardedCallbackDev (node_modules/react-dom/cjs/react-dom.development.js:4213:16)
      at invokeGuardedCallback (node_modules/react-dom/cjs/react-dom.development.js:4277:31)
      at beginWork$1 (node_modules/react-dom/cjs/react-dom.development.js:27490:7)
      at performUnitOfWork (node_modules/react-dom/cjs/react-dom.development.js:26599:12)
      at workLoopSync (node_modules/react-dom/cjs/react-dom.development.js:26505:5)
      at renderRootSync (node_modules/react-dom/cjs/react-dom.development.js:26473:7)
      at performConcurrentWorkOnRoot (node_modules/react-dom/cjs/react-dom.development.js:25777:74)
      at flushActQueue (node_modules/react/cjs/react.development.js:2667:24)
      at act (node_modules/react/cjs/react.development.js:2582:11)
      at node_modules/@testing-library/react/dist/act-compat.js:47:25
      at renderRoot (node_modules/@testing-library/react/dist/pure.js:190:26)
      at render (node_modules/@testing-library/react/dist/pure.js:292:10)
      at Object.<anonymous> (components/__tests__/TimelineModal.test.tsx:162:11)

    console.error
      Warning: React.jsx: type is invalid -- expected a string (for built-in components) or a class/function (for composite components) but got: undefined. You likely forgot to export your component from the file it's defined in, or you might have mixed up default and named imports.
      
      Check the render method of `TimelineModal`.
          at event (C:\Users\alexi\Documents\projects\maicivy\frontend\components\timeline\TimelineModal.tsx:13:56)

    [0m [90m 151 |[39m                 [33m<[39m[33mdiv[39m className[33m=[39m[32m"flex flex-wrap gap-2"[39m[33m>[39m
     [90m 152 |[39m                   {event[33m.[39mtags[33m.[39mmap((tag) [33m=>[39m (
    [31m[1m>[22m[39m[90m 153 |[39m                     [33m<[39m[33mmotion[39m[33m.[39mspan
     [90m     |[39m                     [31m[1m^[22m[39m
     [90m 154 |[39m                       key[33m=[39m{tag}
     [90m 155 |[39m                       whileHover[33m=[39m{{ scale[33m:[39m [35m1.05[39m }}
     [90m 156 |[39m                       className[33m=[39m[32m"px-4 py-2 bg-blue-500 text-white text-sm font-medium rounded-full shadow-sm"[39m[0m

      at printWarning (node_modules/react/cjs/react-jsx-runtime.development.js:87:30)
      at error (node_modules/react/cjs/react-jsx-runtime.development.js:61:7)
      at jsxWithValidation (node_modules/react/cjs/react-jsx-runtime.development.js:1245:7)
      at jsxWithValidationDynamic (node_modules/react/cjs/react-jsx-runtime.development.js:1320:12)
      at components/timeline/TimelineModal.tsx:153:21
          at Array.map (<anonymous>)
      at map (components/timeline/TimelineModal.tsx:152:31)
      at renderWithHooks (node_modules/react-dom/cjs/react-dom.development.js:15486:18)
      at mountIndeterminateComponent (node_modules/react-dom/cjs/react-dom.development.js:20103:13)
      at beginWork (node_modules/react-dom/cjs/react-dom.development.js:21626:16)
      at beginWork$1 (node_modules/react-dom/cjs/react-dom.development.js:27465:14)
      at performUnitOfWork (node_modules/react-dom/cjs/react-dom.development.js:26599:12)
      at workLoopSync (node_modules/react-dom/cjs/react-dom.development.js:26505:5)
      at renderRootSync (node_modules/react-dom/cjs/react-dom.development.js:26473:7)
      at recoverFromConcurrentError (node_modules/react-dom/cjs/react-dom.development.js:25889:20)
      at performConcurrentWorkOnRoot (node_modules/react-dom/cjs/react-dom.development.js:25789:22)
      at flushActQueue (node_modules/react/cjs/react.development.js:2667:24)
      at act (node_modules/react/cjs/react.development.js:2582:11)
      at node_modules/@testing-library/react/dist/act-compat.js:47:25
      at renderRoot (node_modules/@testing-library/react/dist/pure.js:190:26)
      at render (node_modules/@testing-library/react/dist/pure.js:292:10)
      at Object.<anonymous> (components/__tests__/TimelineModal.test.tsx:162:11)

    console.error
      Warning: React.jsx: type is invalid -- expected a string (for built-in components) or a class/function (for composite components) but got: undefined. You likely forgot to export your component from the file it's defined in, or you might have mixed up default and named imports.
      
      Check the render method of `TimelineModal`.
          at event (C:\Users\alexi\Documents\projects\maicivy\frontend\components\timeline\TimelineModal.tsx:13:56)

    [0m [90m 151 |[39m                 [33m<[39m[33mdiv[39m className[33m=[39m[32m"flex flex-wrap gap-2"[39m[33m>[39m
     [90m 152 |[39m                   {event[33m.[39mtags[33m.[39mmap((tag) [33m=>[39m (
    [31m[1m>[22m[39m[90m 153 |[39m                     [33m<[39m[33mmotion[39m[33m.[39mspan
     [90m     |[39m                     [31m[1m^[22m[39m
     [90m 154 |[39m                       key[33m=[39m{tag}
     [90m 155 |[39m                       whileHover[33m=[39m{{ scale[33m:[39m [35m1.05[39m }}
     [90m 156 |[39m                       className[33m=[39m[32m"px-4 py-2 bg-blue-500 text-white text-sm font-medium rounded-full shadow-sm"[39m[0m

      at printWarning (node_modules/react/cjs/react-jsx-runtime.development.js:87:30)
      at error (node_modules/react/cjs/react-jsx-runtime.development.js:61:7)
      at jsxWithValidation (node_modules/react/cjs/react-jsx-runtime.development.js:1245:7)
      at jsxWithValidationDynamic (node_modules/react/cjs/react-jsx-runtime.development.js:1320:12)
      at components/timeline/TimelineModal.tsx:153:21
          at Array.map (<anonymous>)
      at map (components/timeline/TimelineModal.tsx:152:31)
      at renderWithHooks (node_modules/react-dom/cjs/react-dom.development.js:15486:18)
      at mountIndeterminateComponent (node_modules/react-dom/cjs/react-dom.development.js:20103:13)
      at beginWork (node_modules/react-dom/cjs/react-dom.development.js:21626:16)
      at beginWork$1 (node_modules/react-dom/cjs/react-dom.development.js:27465:14)
      at performUnitOfWork (node_modules/react-dom/cjs/react-dom.development.js:26599:12)
      at workLoopSync (node_modules/react-dom/cjs/react-dom.development.js:26505:5)
      at renderRootSync (node_modules/react-dom/cjs/react-dom.development.js:26473:7)
      at recoverFromConcurrentError (node_modules/react-dom/cjs/react-dom.development.js:25889:20)
      at performConcurrentWorkOnRoot (node_modules/react-dom/cjs/react-dom.development.js:25789:22)
      at flushActQueue (node_modules/react/cjs/react.development.js:2667:24)
      at act (node_modules/react/cjs/react.development.js:2582:11)
      at node_modules/@testing-library/react/dist/act-compat.js:47:25
      at renderRoot (node_modules/@testing-library/react/dist/pure.js:190:26)
      at render (node_modules/@testing-library/react/dist/pure.js:292:10)
      at Object.<anonymous> (components/__tests__/TimelineModal.test.tsx:162:11)

    console.error
      Warning: React.jsx: type is invalid -- expected a string (for built-in components) or a class/function (for composite components) but got: undefined. You likely forgot to export your component from the file it's defined in, or you might have mixed up default and named imports.
      
      Check the render method of `TimelineModal`.
          at event (C:\Users\alexi\Documents\projects\maicivy\frontend\components\timeline\TimelineModal.tsx:13:56)

    [0m [90m 151 |[39m                 [33m<[39m[33mdiv[39m className[33m=[39m[32m"flex flex-wrap gap-2"[39m[33m>[39m
     [90m 152 |[39m                   {event[33m.[39mtags[33m.[39mmap((tag) [33m=>[39m (
    [31m[1m>[22m[39m[90m 153 |[39m                     [33m<[39m[33mmotion[39m[33m.[39mspan
     [90m     |[39m                     [31m[1m^[22m[39m
     [90m 154 |[39m                       key[33m=[39m{tag}
     [90m 155 |[39m                       whileHover[33m=[39m{{ scale[33m:[39m [35m1.05[39m }}
     [90m 156 |[39m                       className[33m=[39m[32m"px-4 py-2 bg-blue-500 text-white text-sm font-medium rounded-full shadow-sm"[39m[0m

      at printWarning (node_modules/react/cjs/react-jsx-runtime.development.js:87:30)
      at error (node_modules/react/cjs/react-jsx-runtime.development.js:61:7)
      at jsxWithValidation (node_modules/react/cjs/react-jsx-runtime.development.js:1245:7)
      at jsxWithValidationDynamic (node_modules/react/cjs/react-jsx-runtime.development.js:1320:12)
      at components/timeline/TimelineModal.tsx:153:21
          at Array.map (<anonymous>)
      at map (components/timeline/TimelineModal.tsx:152:31)
      at renderWithHooks (node_modules/react-dom/cjs/react-dom.development.js:15486:18)
      at mountIndeterminateComponent (node_modules/react-dom/cjs/react-dom.development.js:20103:13)
      at beginWork (node_modules/react-dom/cjs/react-dom.development.js:21626:16)
      at beginWork$1 (node_modules/react-dom/cjs/react-dom.development.js:27465:14)
      at performUnitOfWork (node_modules/react-dom/cjs/react-dom.development.js:26599:12)
      at workLoopSync (node_modules/react-dom/cjs/react-dom.development.js:26505:5)
      at renderRootSync (node_modules/react-dom/cjs/react-dom.development.js:26473:7)
      at recoverFromConcurrentError (node_modules/react-dom/cjs/react-dom.development.js:25889:20)
      at performConcurrentWorkOnRoot (node_modules/react-dom/cjs/react-dom.development.js:25789:22)
      at flushActQueue (node_modules/react/cjs/react.development.js:2667:24)
      at act (node_modules/react/cjs/react.development.js:2582:11)
      at node_modules/@testing-library/react/dist/act-compat.js:47:25
      at renderRoot (node_modules/@testing-library/react/dist/pure.js:190:26)
      at render (node_modules/@testing-library/react/dist/pure.js:292:10)
      at Object.<anonymous> (components/__tests__/TimelineModal.test.tsx:162:11)

    console.error
      Warning: React.jsx: type is invalid -- expected a string (for built-in components) or a class/function (for composite components) but got: undefined. You likely forgot to export your component from the file it's defined in, or you might have mixed up default and named imports.
      
      Check the render method of `TimelineModal`.
          at event (C:\Users\alexi\Documents\projects\maicivy\frontend\components\timeline\TimelineModal.tsx:13:56)

    [0m [90m 151 |[39m                 [33m<[39m[33mdiv[39m className[33m=[39m[32m"flex flex-wrap gap-2"[39m[33m>[39m
     [90m 152 |[39m                   {event[33m.[39mtags[33m.[39mmap((tag) [33m=>[39m (
    [31m[1m>[22m[39m[90m 153 |[39m                     [33m<[39m[33mmotion[39m[33m.[39mspan
     [90m     |[39m                     [31m[1m^[22m[39m
     [90m 154 |[39m                       key[33m=[39m{tag}
     [90m 155 |[39m                       whileHover[33m=[39m{{ scale[33m:[39m [35m1.05[39m }}
     [90m 156 |[39m                       className[33m=[39m[32m"px-4 py-2 bg-blue-500 text-white text-sm font-medium rounded-full shadow-sm"[39m[0m

      at printWarning (node_modules/react/cjs/react-jsx-runtime.development.js:87:30)
      at error (node_modules/react/cjs/react-jsx-runtime.development.js:61:7)
      at jsxWithValidation (node_modules/react/cjs/react-jsx-runtime.development.js:1245:7)
      at jsxWithValidationDynamic (node_modules/react/cjs/react-jsx-runtime.development.js:1320:12)
      at components/timeline/TimelineModal.tsx:153:21
          at Array.map (<anonymous>)
      at map (components/timeline/TimelineModal.tsx:152:31)
      at renderWithHooks (node_modules/react-dom/cjs/react-dom.development.js:15486:18)
      at mountIndeterminateComponent (node_modules/react-dom/cjs/react-dom.development.js:20103:13)
      at beginWork (node_modules/react-dom/cjs/react-dom.development.js:21626:16)
      at beginWork$1 (node_modules/react-dom/cjs/react-dom.development.js:27465:14)
      at performUnitOfWork (node_modules/react-dom/cjs/react-dom.development.js:26599:12)
      at workLoopSync (node_modules/react-dom/cjs/react-dom.development.js:26505:5)
      at renderRootSync (node_modules/react-dom/cjs/react-dom.development.js:26473:7)
      at recoverFromConcurrentError (node_modules/react-dom/cjs/react-dom.development.js:25889:20)
      at performConcurrentWorkOnRoot (node_modules/react-dom/cjs/react-dom.development.js:25789:22)
      at flushActQueue (node_modules/react/cjs/react.development.js:2667:24)
      at act (node_modules/react/cjs/react.development.js:2582:11)
      at node_modules/@testing-library/react/dist/act-compat.js:47:25
      at renderRoot (node_modules/@testing-library/react/dist/pure.js:190:26)
      at render (node_modules/@testing-library/react/dist/pure.js:292:10)
      at Object.<anonymous> (components/__tests__/TimelineModal.test.tsx:162:11)

    console.error
      Warning: React.jsx: type is invalid -- expected a string (for built-in components) or a class/function (for composite components) but got: undefined. You likely forgot to export your component from the file it's defined in, or you might have mixed up default and named imports.
      
      Check the render method of `TimelineModal`.
          at event (C:\Users\alexi\Documents\projects\maicivy\frontend\components\timeline\TimelineModal.tsx:13:56)

    [0m [90m 151 |[39m                 [33m<[39m[33mdiv[39m className[33m=[39m[32m"flex flex-wrap gap-2"[39m[33m>[39m
     [90m 152 |[39m                   {event[33m.[39mtags[33m.[39mmap((tag) [33m=>[39m (
    [31m[1m>[22m[39m[90m 153 |[39m                     [33m<[39m[33mmotion[39m[33m.[39mspan
     [90m     |[39m                     [31m[1m^[22m[39m
     [90m 154 |[39m                       key[33m=[39m{tag}
     [90m 155 |[39m                       whileHover[33m=[39m{{ scale[33m:[39m [35m1.05[39m }}
     [90m 156 |[39m                       className[33m=[39m[32m"px-4 py-2 bg-blue-500 text-white text-sm font-medium rounded-full shadow-sm"[39m[0m

      at printWarning (node_modules/react/cjs/react-jsx-runtime.development.js:87:30)
      at error (node_modules/react/cjs/react-jsx-runtime.development.js:61:7)
      at jsxWithValidation (node_modules/react/cjs/react-jsx-runtime.development.js:1245:7)
      at jsxWithValidationDynamic (node_modules/react/cjs/react-jsx-runtime.development.js:1320:12)
      at components/timeline/TimelineModal.tsx:153:21
          at Array.map (<anonymous>)
      at map (components/timeline/TimelineModal.tsx:152:31)
      at renderWithHooks (node_modules/react-dom/cjs/react-dom.development.js:15486:18)
      at mountIndeterminateComponent (node_modules/react-dom/cjs/react-dom.development.js:20103:13)
      at beginWork (node_modules/react-dom/cjs/react-dom.development.js:21626:16)
      at beginWork$1 (node_modules/react-dom/cjs/react-dom.development.js:27465:14)
      at performUnitOfWork (node_modules/react-dom/cjs/react-dom.development.js:26599:12)
      at workLoopSync (node_modules/react-dom/cjs/react-dom.development.js:26505:5)
      at renderRootSync (node_modules/react-dom/cjs/react-dom.development.js:26473:7)
      at recoverFromConcurrentError (node_modules/react-dom/cjs/react-dom.development.js:25889:20)
      at performConcurrentWorkOnRoot (node_modules/react-dom/cjs/react-dom.development.js:25789:22)
      at flushActQueue (node_modules/react/cjs/react.development.js:2667:24)
      at act (node_modules/react/cjs/react.development.js:2582:11)
      at node_modules/@testing-library/react/dist/act-compat.js:47:25
      at renderRoot (node_modules/@testing-library/react/dist/pure.js:190:26)
      at render (node_modules/@testing-library/react/dist/pure.js:292:10)
      at Object.<anonymous> (components/__tests__/TimelineModal.test.tsx:162:11)

    console.error
      Error: Uncaught [Error: Element type is invalid: expected a string (for built-in components) or a class/function (for composite components) but got: undefined. You likely forgot to export your component from the file it's defined in, or you might have mixed up default and named imports.
      
      Check the render method of `TimelineModal`.]
          at reportException (C:\Users\alexi\Documents\projects\maicivy\frontend\node_modules\jsdom\lib\jsdom\living\helpers\runtime-script-errors.js:66:24)
          at innerInvokeEventListeners (C:\Users\alexi\Documents\projects\maicivy\frontend\node_modules\jsdom\lib\jsdom\living\events\EventTarget-impl.js:353:9)
          at invokeEventListeners (C:\Users\alexi\Documents\projects\maicivy\frontend\node_modules\jsdom\lib\jsdom\living\events\EventTarget-impl.js:286:3)
          at HTMLUnknownElementImpl._dispatch (C:\Users\alexi\Documents\projects\maicivy\frontend\node_modules\jsdom\lib\jsdom\living\events\EventTarget-impl.js:233:9)
          at HTMLUnknownElementImpl.dispatchEvent (C:\Users\alexi\Documents\projects\maicivy\frontend\node_modules\jsdom\lib\jsdom\living\events\EventTarget-impl.js:104:17)
          at HTMLUnknownElement.dispatchEvent (C:\Users\alexi\Documents\projects\maicivy\frontend\node_modules\jsdom\lib\jsdom\living\generated\EventTarget.js:241:34)
          at Object.invokeGuardedCallbackDev (C:\Users\alexi\Documents\projects\maicivy\frontend\node_modules\react-dom\cjs\react-dom.development.js:4213:16)
          at invokeGuardedCallback (C:\Users\alexi\Documents\projects\maicivy\frontend\node_modules\react-dom\cjs\react-dom.development.js:4277:31)
          at beginWork$1 (C:\Users\alexi\Documents\projects\maicivy\frontend\node_modules\react-dom\cjs\react-dom.development.js:27490:7)
          at performUnitOfWork (C:\Users\alexi\Documents\projects\maicivy\frontend\node_modules\react-dom\cjs\react-dom.development.js:26599:12)
          at workLoopSync (C:\Users\alexi\Documents\projects\maicivy\frontend\node_modules\react-dom\cjs\react-dom.development.js:26505:5)
          at renderRootSync (C:\Users\alexi\Documents\projects\maicivy\frontend\node_modules\react-dom\cjs\react-dom.development.js:26473:7)
          at recoverFromConcurrentError (C:\Users\alexi\Documents\projects\maicivy\frontend\node_modules\react-dom\cjs\react-dom.development.js:25889:20)
          at performConcurrentWorkOnRoot (C:\Users\alexi\Documents\projects\maicivy\frontend\node_modules\react-dom\cjs\react-dom.development.js:25789:22)
          at flushActQueue (C:\Users\alexi\Documents\projects\maicivy\frontend\node_modules\react\cjs\react.development.js:2667:24)
          at act (C:\Users\alexi\Documents\projects\maicivy\frontend\node_modules\react\cjs\react.development.js:2582:11)
          at C:\Users\alexi\Documents\projects\maicivy\frontend\node_modules\@testing-library\react\dist\act-compat.js:47:25
          at renderRoot (C:\Users\alexi\Documents\projects\maicivy\frontend\node_modules\@testing-library\react\dist\pure.js:190:26)
          at render (C:\Users\alexi\Documents\projects\maicivy\frontend\node_modules\@testing-library\react\dist\pure.js:292:10)
          at Object.<anonymous> (C:\Users\alexi\Documents\projects\maicivy\frontend\components\__tests__\TimelineModal.test.tsx:162:11)
          at Promise.finally.completed (C:\Users\alexi\Documents\projects\maicivy\frontend\node_modules\jest-circus\build\jestAdapterInit.js:1557:28)
          at new Promise (<anonymous>)
          at callAsyncCircusFn (C:\Users\alexi\Documents\projects\maicivy\frontend\node_modules\jest-circus\build\jestAdapterInit.js:1497:10)
          at _callCircusTest (C:\Users\alexi\Documents\projects\maicivy\frontend\node_modules\jest-circus\build\jestAdapterInit.js:1007:40)
          at processTicksAndRejections (node:internal/process/task_queues:103:5)
          at _runTest (C:\Users\alexi\Documents\projects\maicivy\frontend\node_modules\jest-circus\build\jestAdapterInit.js:947:3)
          at C:\Users\alexi\Documents\projects\maicivy\frontend\node_modules\jest-circus\build\jestAdapterInit.js:849:7
          at _runTestsForDescribeBlock (C:\Users\alexi\Documents\projects\maicivy\frontend\node_modules\jest-circus\build\jestAdapterInit.js:862:11)
          at _runTestsForDescribeBlock (C:\Users\alexi\Documents\projects\maicivy\frontend\node_modules\jest-circus\build\jestAdapterInit.js:857:11)
          at run (C:\Users\alexi\Documents\projects\maicivy\frontend\node_modules\jest-circus\build\jestAdapterInit.js:761:3)
          at runAndTransformResultsToJestFormat (C:\Users\alexi\Documents\projects\maicivy\frontend\node_modules\jest-circus\build\jestAdapterInit.js:1918:21)
          at jestAdapter (C:\Users\alexi\Documents\projects\maicivy\frontend\node_modules\jest-circus\build\runner.js:101:19)
          at runTestInternal (C:\Users\alexi\Documents\projects\maicivy\frontend\node_modules\jest-runner\build\testWorker.js:275:16)
          at runTest (C:\Users\alexi\Documents\projects\maicivy\frontend\node_modules\jest-runner\build\testWorker.js:343:7)
          at Object.worker (C:\Users\alexi\Documents\projects\maicivy\frontend\node_modules\jest-runner\build\testWorker.js:497:12) {
        detail: Error: Element type is invalid: expected a string (for built-in components) or a class/function (for composite components) but got: undefined. You likely forgot to export your component from the file it's defined in, or you might have mixed up default and named imports.
        
        Check the render method of `TimelineModal`.
            at createFiberFromTypeAndProps (C:\Users\alexi\Documents\projects\maicivy\frontend\node_modules\react-dom\cjs\react-dom.development.js:28478:17)
            at createFiberFromElement (C:\Users\alexi\Documents\projects\maicivy\frontend\node_modules\react-dom\cjs\react-dom.development.js:28504:15)
            at createChild (C:\Users\alexi\Documents\projects\maicivy\frontend\node_modules\react-dom\cjs\react-dom.development.js:13345:28)
            at reconcileChildrenArray (C:\Users\alexi\Documents\projects\maicivy\frontend\node_modules\react-dom\cjs\react-dom.development.js:13640:25)
            at reconcileChildFibers (C:\Users\alexi\Documents\projects\maicivy\frontend\node_modules\react-dom\cjs\react-dom.development.js:14057:16)
            at reconcileChildren (C:\Users\alexi\Documents\projects\maicivy\frontend\node_modules\react-dom\cjs\react-dom.development.js:19186:28)
            at updateHostComponent (C:\Users\alexi\Documents\projects\maicivy\frontend\node_modules\react-dom\cjs\react-dom.development.js:19953:3)
            at beginWork (C:\Users\alexi\Documents\projects\maicivy\frontend\node_modules\react-dom\cjs\react-dom.development.js:21657:14)
            at HTMLUnknownElement.callCallback (C:\Users\alexi\Documents\projects\maicivy\frontend\node_modules\react-dom\cjs\react-dom.development.js:4164:14)
            at HTMLUnknownElement.callTheUserObjectsOperation (C:\Users\alexi\Documents\projects\maicivy\frontend\node_modules\jsdom\lib\jsdom\living\generated\EventListener.js:26:30)
            at innerInvokeEventListeners (C:\Users\alexi\Documents\projects\maicivy\frontend\node_modules\jsdom\lib\jsdom\living\events\EventTarget-impl.js:350:25)
            at invokeEventListeners (C:\Users\alexi\Documents\projects\maicivy\frontend\node_modules\jsdom\lib\jsdom\living\events\EventTarget-impl.js:286:3)
            at HTMLUnknownElementImpl._dispatch (C:\Users\alexi\Documents\projects\maicivy\frontend\node_modules\jsdom\lib\jsdom\living\events\EventTarget-impl.js:233:9)
            at HTMLUnknownElementImpl.dispatchEvent (C:\Users\alexi\Documents\projects\maicivy\frontend\node_modules\jsdom\lib\jsdom\living\events\EventTarget-impl.js:104:17)
            at HTMLUnknownElement.dispatchEvent (C:\Users\alexi\Documents\projects\maicivy\frontend\node_modules\jsdom\lib\jsdom\living\generated\EventTarget.js:241:34)
            at Object.invokeGuardedCallbackDev (C:\Users\alexi\Documents\projects\maicivy\frontend\node_modules\react-dom\cjs\react-dom.development.js:4213:16)
            at invokeGuardedCallback (C:\Users\alexi\Documents\projects\maicivy\frontend\node_modules\react-dom\cjs\react-dom.development.js:4277:31)
            at beginWork$1 (C:\Users\alexi\Documents\projects\maicivy\frontend\node_modules\react-dom\cjs\react-dom.development.js:27490:7)
            at performUnitOfWork (C:\Users\alexi\Documents\projects\maicivy\frontend\node_modules\react-dom\cjs\react-dom.development.js:26599:12)
            at workLoopSync (C:\Users\alexi\Documents\projects\maicivy\frontend\node_modules\react-dom\cjs\react-dom.development.js:26505:5)
            at renderRootSync (C:\Users\alexi\Documents\projects\maicivy\frontend\node_modules\react-dom\cjs\react-dom.development.js:26473:7)
            at recoverFromConcurrentError (C:\Users\alexi\Documents\projects\maicivy\frontend\node_modules\react-dom\cjs\react-dom.development.js:25889:20)
            at performConcurrentWorkOnRoot (C:\Users\alexi\Documents\projects\maicivy\frontend\node_modules\react-dom\cjs\react-dom.development.js:25789:22)
            at flushActQueue (C:\Users\alexi\Documents\projects\maicivy\frontend\node_modules\react\cjs\react.development.js:2667:24)
            at act (C:\Users\alexi\Documents\projects\maicivy\frontend\node_modules\react\cjs\react.development.js:2582:11)
            at C:\Users\alexi\Documents\projects\maicivy\frontend\node_modules\@testing-library\react\dist\act-compat.js:47:25
            at renderRoot (C:\Users\alexi\Documents\projects\maicivy\frontend\node_modules\@testing-library\react\dist\pure.js:190:26)
            at render (C:\Users\alexi\Documents\projects\maicivy\frontend\node_modules\@testing-library\react\dist\pure.js:292:10)
            at Object.<anonymous> (C:\Users\alexi\Documents\projects\maicivy\frontend\components\__tests__\TimelineModal.test.tsx:162:11)
            at Promise.finally.completed (C:\Users\alexi\Documents\projects\maicivy\frontend\node_modules\jest-circus\build\jestAdapterInit.js:1557:28)
            at new Promise (<anonymous>)
            at callAsyncCircusFn (C:\Users\alexi\Documents\projects\maicivy\frontend\node_modules\jest-circus\build\jestAdapterInit.js:1497:10)
            at _callCircusTest (C:\Users\alexi\Documents\projects\maicivy\frontend\node_modules\jest-circus\build\jestAdapterInit.js:1007:40)
            at processTicksAndRejections (node:internal/process/task_queues:103:5)
            at _runTest (C:\Users\alexi\Documents\projects\maicivy\frontend\node_modules\jest-circus\build\jestAdapterInit.js:947:3)
            at C:\Users\alexi\Documents\projects\maicivy\frontend\node_modules\jest-circus\build\jestAdapterInit.js:849:7
            at _runTestsForDescribeBlock (C:\Users\alexi\Documents\projects\maicivy\frontend\node_modules\jest-circus\build\jestAdapterInit.js:862:11)
            at _runTestsForDescribeBlock (C:\Users\alexi\Documents\projects\maicivy\frontend\node_modules\jest-circus\build\jestAdapterInit.js:857:11)
            at run (C:\Users\alexi\Documents\projects\maicivy\frontend\node_modules\jest-circus\build\jestAdapterInit.js:761:3)
            at runAndTransformResultsToJestFormat (C:\Users\alexi\Documents\projects\maicivy\frontend\node_modules\jest-circus\build\jestAdapterInit.js:1918:21)
            at jestAdapter (C:\Users\alexi\Documents\projects\maicivy\frontend\node_modules\jest-circus\build\runner.js:101:19)
            at runTestInternal (C:\Users\alexi\Documents\projects\maicivy\frontend\node_modules\jest-runner\build\testWorker.js:275:16)
            at runTest (C:\Users\alexi\Documents\projects\maicivy\frontend\node_modules\jest-runner\build\testWorker.js:343:7)
            at Object.worker (C:\Users\alexi\Documents\projects\maicivy\frontend\node_modules\jest-runner\build\testWorker.js:497:12),
        type: 'unhandled exception'
      }

    [0m [90m 160 |[39m
     [90m 161 |[39m   it([32m'should render GitHub link'[39m[33m,[39m () [33m=>[39m {
    [31m[1m>[22m[39m[90m 162 |[39m     render([33m<[39m[33mTimelineModal[39m event[33m=[39m{mockEvent} onClose[33m=[39m{jest[33m.[39mfn()} [33m/[39m[33m>[39m)[33m;[39m
     [90m     |[39m           [31m[1m^[22m[39m
     [90m 163 |[39m
     [90m 164 |[39m     [36mconst[39m githubLink [33m=[39m screen[33m.[39mgetByText([32m'Voir sur GitHub'[39m)[33m.[39mclosest([32m'a'[39m)[33m;[39m
     [90m 165 |[39m     expect(githubLink)[33m.[39mtoHaveAttribute([32m'href'[39m[33m,[39m [32m'https://github.com/user/ecommerce'[39m)[33m;[39m[0m

      at VirtualConsole.<anonymous> (node_modules/@jest/environment-jsdom-abstract/build/index.js:87:23)
      at reportException (node_modules/jsdom/lib/jsdom/living/helpers/runtime-script-errors.js:70:28)
      at innerInvokeEventListeners (node_modules/jsdom/lib/jsdom/living/events/EventTarget-impl.js:353:9)
      at invokeEventListeners (node_modules/jsdom/lib/jsdom/living/events/EventTarget-impl.js:286:3)
      at HTMLUnknownElementImpl._dispatch (node_modules/jsdom/lib/jsdom/living/events/EventTarget-impl.js:233:9)
      at HTMLUnknownElementImpl.dispatchEvent (node_modules/jsdom/lib/jsdom/living/events/EventTarget-impl.js:104:17)
      at HTMLUnknownElement.dispatchEvent (node_modules/jsdom/lib/jsdom/living/generated/EventTarget.js:241:34)
      at Object.invokeGuardedCallbackDev (node_modules/react-dom/cjs/react-dom.development.js:4213:16)
      at invokeGuardedCallback (node_modules/react-dom/cjs/react-dom.development.js:4277:31)
      at beginWork$1 (node_modules/react-dom/cjs/react-dom.development.js:27490:7)
      at performUnitOfWork (node_modules/react-dom/cjs/react-dom.development.js:26599:12)
      at workLoopSync (node_modules/react-dom/cjs/react-dom.development.js:26505:5)
      at renderRootSync (node_modules/react-dom/cjs/react-dom.development.js:26473:7)
      at recoverFromConcurrentError (node_modules/react-dom/cjs/react-dom.development.js:25889:20)
      at performConcurrentWorkOnRoot (node_modules/react-dom/cjs/react-dom.development.js:25789:22)
      at flushActQueue (node_modules/react/cjs/react.development.js:2667:24)
      at act (node_modules/react/cjs/react.development.js:2582:11)
      at node_modules/@testing-library/react/dist/act-compat.js:47:25
      at renderRoot (node_modules/@testing-library/react/dist/pure.js:190:26)
      at render (node_modules/@testing-library/react/dist/pure.js:292:10)
      at Object.<anonymous> (components/__tests__/TimelineModal.test.tsx:162:11)

    console.error
      The above error occurred in the <div> component:
      
          at div
          at div
          at div
          at div
          at children (C:\Users\alexi\Documents\projects\maicivy\frontend\components\__tests__\TimelineModal.test.tsx:8:13)
          at div
          at children (C:\Users\alexi\Documents\projects\maicivy\frontend\components\__tests__\TimelineModal.test.tsx:8:13)
          at children (C:\Users\alexi\Documents\projects\maicivy\frontend\components\__tests__\TimelineModal.test.tsx:12:23)
          at event (C:\Users\alexi\Documents\projects\maicivy\frontend\components\timeline\TimelineModal.tsx:13:56)
      
      Consider adding an error boundary to your tree to customize error handling behavior.
      Visit https://reactjs.org/link/error-boundaries to learn more about error boundaries.

    [0m [90m 160 |[39m
     [90m 161 |[39m   it([32m'should render GitHub link'[39m[33m,[39m () [33m=>[39m {
    [31m[1m>[22m[39m[90m 162 |[39m     render([33m<[39m[33mTimelineModal[39m event[33m=[39m{mockEvent} onClose[33m=[39m{jest[33m.[39mfn()} [33m/[39m[33m>[39m)[33m;[39m
     [90m     |[39m           [31m[1m^[22m[39m
     [90m 163 |[39m
     [90m 164 |[39m     [36mconst[39m githubLink [33m=[39m screen[33m.[39mgetByText([32m'Voir sur GitHub'[39m)[33m.[39mclosest([32m'a'[39m)[33m;[39m
     [90m 165 |[39m     expect(githubLink)[33m.[39mtoHaveAttribute([32m'href'[39m[33m,[39m [32m'https://github.com/user/ecommerce'[39m)[33m;[39m[0m

      at logCapturedError (node_modules/react-dom/cjs/react-dom.development.js:18704:23)
      at update.callback (node_modules/react-dom/cjs/react-dom.development.js:18737:5)
      at callCallback (node_modules/react-dom/cjs/react-dom.development.js:15036:12)
      at commitUpdateQueue (node_modules/react-dom/cjs/react-dom.development.js:15057:9)
      at commitLayoutEffectOnFiber (node_modules/react-dom/cjs/react-dom.development.js:23430:13)
      at commitLayoutMountEffects_complete (node_modules/react-dom/cjs/react-dom.development.js:24727:9)
      at commitLayoutEffects_begin (node_modules/react-dom/cjs/react-dom.development.js:24713:7)
      at commitLayoutEffects (node_modules/react-dom/cjs/react-dom.development.js:24651:3)
      at commitRootImpl (node_modules/react-dom/cjs/react-dom.development.js:26862:5)
      at commitRoot (node_modules/react-dom/cjs/react-dom.development.js:26721:5)
      at finishConcurrentRender (node_modules/react-dom/cjs/react-dom.development.js:25931:9)
      at performConcurrentWorkOnRoot (node_modules/react-dom/cjs/react-dom.development.js:25848:7)
      at flushActQueue (node_modules/react/cjs/react.development.js:2667:24)
      at act (node_modules/react/cjs/react.development.js:2582:11)
      at node_modules/@testing-library/react/dist/act-compat.js:47:25
      at renderRoot (node_modules/@testing-library/react/dist/pure.js:190:26)
      at render (node_modules/@testing-library/react/dist/pure.js:292:10)
      at Object.<anonymous> (components/__tests__/TimelineModal.test.tsx:162:11)

    console.error
      Warning: React.jsx: type is invalid -- expected a string (for built-in components) or a class/function (for composite components) but got: undefined. You likely forgot to export your component from the file it's defined in, or you might have mixed up default and named imports.
      
      Check the render method of `TimelineModal`.
          at event (C:\Users\alexi\Documents\projects\maicivy\frontend\components\timeline\TimelineModal.tsx:13:56)

    [0m [90m 151 |[39m                 [33m<[39m[33mdiv[39m className[33m=[39m[32m"flex flex-wrap gap-2"[39m[33m>[39m
     [90m 152 |[39m                   {event[33m.[39mtags[33m.[39mmap((tag) [33m=>[39m (
    [31m[1m>[22m[39m[90m 153 |[39m                     [33m<[39m[33mmotion[39m[33m.[39mspan
     [90m     |[39m                     [31m[1m^[22m[39m
     [90m 154 |[39m                       key[33m=[39m{tag}
     [90m 155 |[39m                       whileHover[33m=[39m{{ scale[33m:[39m [35m1.05[39m }}
     [90m 156 |[39m                       className[33m=[39m[32m"px-4 py-2 bg-blue-500 text-white text-sm font-medium rounded-full shadow-sm"[39m[0m

      at printWarning (node_modules/react/cjs/react-jsx-runtime.development.js:87:30)
      at error (node_modules/react/cjs/react-jsx-runtime.development.js:61:7)
      at jsxWithValidation (node_modules/react/cjs/react-jsx-runtime.development.js:1245:7)
      at jsxWithValidationDynamic (node_modules/react/cjs/react-jsx-runtime.development.js:1320:12)
      at components/timeline/TimelineModal.tsx:153:21
          at Array.map (<anonymous>)
      at map (components/timeline/TimelineModal.tsx:152:31)
      at renderWithHooks (node_modules/react-dom/cjs/react-dom.development.js:15486:18)
      at mountIndeterminateComponent (node_modules/react-dom/cjs/react-dom.development.js:20103:13)
      at beginWork (node_modules/react-dom/cjs/react-dom.development.js:21626:16)
      at beginWork$1 (node_modules/react-dom/cjs/react-dom.development.js:27465:14)
      at performUnitOfWork (node_modules/react-dom/cjs/react-dom.development.js:26599:12)
      at workLoopSync (node_modules/react-dom/cjs/react-dom.development.js:26505:5)
      at renderRootSync (node_modules/react-dom/cjs/react-dom.development.js:26473:7)
      at performConcurrentWorkOnRoot (node_modules/react-dom/cjs/react-dom.development.js:25777:74)
      at flushActQueue (node_modules/react/cjs/react.development.js:2667:24)
      at act (node_modules/react/cjs/react.development.js:2582:11)
      at node_modules/@testing-library/react/dist/act-compat.js:47:25
      at renderRoot (node_modules/@testing-library/react/dist/pure.js:190:26)
      at render (node_modules/@testing-library/react/dist/pure.js:292:10)
      at Object.<anonymous> (components/__tests__/TimelineModal.test.tsx:172:11)

    console.error
      Warning: React.jsx: type is invalid -- expected a string (for built-in components) or a class/function (for composite components) but got: undefined. You likely forgot to export your component from the file it's defined in, or you might have mixed up default and named imports.
      
      Check the render method of `TimelineModal`.
          at event (C:\Users\alexi\Documents\projects\maicivy\frontend\components\timeline\TimelineModal.tsx:13:56)

    [0m [90m 151 |[39m                 [33m<[39m[33mdiv[39m className[33m=[39m[32m"flex flex-wrap gap-2"[39m[33m>[39m
     [90m 152 |[39m                   {event[33m.[39mtags[33m.[39mmap((tag) [33m=>[39m (
    [31m[1m>[22m[39m[90m 153 |[39m                     [33m<[39m[33mmotion[39m[33m.[39mspan
     [90m     |[39m                     [31m[1m^[22m[39m
     [90m 154 |[39m                       key[33m=[39m{tag}
     [90m 155 |[39m                       whileHover[33m=[39m{{ scale[33m:[39m [35m1.05[39m }}
     [90m 156 |[39m                       className[33m=[39m[32m"px-4 py-2 bg-blue-500 text-white text-sm font-medium rounded-full shadow-sm"[39m[0m

      at printWarning (node_modules/react/cjs/react-jsx-runtime.development.js:87:30)
      at error (node_modules/react/cjs/react-jsx-runtime.development.js:61:7)
      at jsxWithValidation (node_modules/react/cjs/react-jsx-runtime.development.js:1245:7)
      at jsxWithValidationDynamic (node_modules/react/cjs/react-jsx-runtime.development.js:1320:12)
      at components/timeline/TimelineModal.tsx:153:21
          at Array.map (<anonymous>)
      at map (components/timeline/TimelineModal.tsx:152:31)
      at renderWithHooks (node_modules/react-dom/cjs/react-dom.development.js:15486:18)
      at mountIndeterminateComponent (node_modules/react-dom/cjs/react-dom.development.js:20103:13)
      at beginWork (node_modules/react-dom/cjs/react-dom.development.js:21626:16)
      at beginWork$1 (node_modules/react-dom/cjs/react-dom.development.js:27465:14)
      at performUnitOfWork (node_modules/react-dom/cjs/react-dom.development.js:26599:12)
      at workLoopSync (node_modules/react-dom/cjs/react-dom.development.js:26505:5)
      at renderRootSync (node_modules/react-dom/cjs/react-dom.development.js:26473:7)
      at performConcurrentWorkOnRoot (node_modules/react-dom/cjs/react-dom.development.js:25777:74)
      at flushActQueue (node_modules/react/cjs/react.development.js:2667:24)
      at act (node_modules/react/cjs/react.development.js:2582:11)
      at node_modules/@testing-library/react/dist/act-compat.js:47:25
      at renderRoot (node_modules/@testing-library/react/dist/pure.js:190:26)
      at render (node_modules/@testing-library/react/dist/pure.js:292:10)
      at Object.<anonymous> (components/__tests__/TimelineModal.test.tsx:172:11)

    console.error
      Warning: React.jsx: type is invalid -- expected a string (for built-in components) or a class/function (for composite components) but got: undefined. You likely forgot to export your component from the file it's defined in, or you might have mixed up default and named imports.
      
      Check the render method of `TimelineModal`.
          at event (C:\Users\alexi\Documents\projects\maicivy\frontend\components\timeline\TimelineModal.tsx:13:56)

    [0m [90m 151 |[39m                 [33m<[39m[33mdiv[39m className[33m=[39m[32m"flex flex-wrap gap-2"[39m[33m>[39m
     [90m 152 |[39m                   {event[33m.[39mtags[33m.[39mmap((tag) [33m=>[39m (
    [31m[1m>[22m[39m[90m 153 |[39m                     [33m<[39m[33mmotion[39m[33m.[39mspan
     [90m     |[39m                     [31m[1m^[22m[39m
     [90m 154 |[39m                       key[33m=[39m{tag}
     [90m 155 |[39m                       whileHover[33m=[39m{{ scale[33m:[39m [35m1.05[39m }}
     [90m 156 |[39m                       className[33m=[39m[32m"px-4 py-2 bg-blue-500 text-white text-sm font-medium rounded-full shadow-sm"[39m[0m

      at printWarning (node_modules/react/cjs/react-jsx-runtime.development.js:87:30)
      at error (node_modules/react/cjs/react-jsx-runtime.development.js:61:7)
      at jsxWithValidation (node_modules/react/cjs/react-jsx-runtime.development.js:1245:7)
      at jsxWithValidationDynamic (node_modules/react/cjs/react-jsx-runtime.development.js:1320:12)
      at components/timeline/TimelineModal.tsx:153:21
          at Array.map (<anonymous>)
      at map (components/timeline/TimelineModal.tsx:152:31)
      at renderWithHooks (node_modules/react-dom/cjs/react-dom.development.js:15486:18)
      at mountIndeterminateComponent (node_modules/react-dom/cjs/react-dom.development.js:20103:13)
      at beginWork (node_modules/react-dom/cjs/react-dom.development.js:21626:16)
      at beginWork$1 (node_modules/react-dom/cjs/react-dom.development.js:27465:14)
      at performUnitOfWork (node_modules/react-dom/cjs/react-dom.development.js:26599:12)
      at workLoopSync (node_modules/react-dom/cjs/react-dom.development.js:26505:5)
      at renderRootSync (node_modules/react-dom/cjs/react-dom.development.js:26473:7)
      at performConcurrentWorkOnRoot (node_modules/react-dom/cjs/react-dom.development.js:25777:74)
      at flushActQueue (node_modules/react/cjs/react.development.js:2667:24)
      at act (node_modules/react/cjs/react.development.js:2582:11)
      at node_modules/@testing-library/react/dist/act-compat.js:47:25
      at renderRoot (node_modules/@testing-library/react/dist/pure.js:190:26)
      at render (node_modules/@testing-library/react/dist/pure.js:292:10)
      at Object.<anonymous> (components/__tests__/TimelineModal.test.tsx:172:11)

    console.error
      Warning: React.jsx: type is invalid -- expected a string (for built-in components) or a class/function (for composite components) but got: undefined. You likely forgot to export your component from the file it's defined in, or you might have mixed up default and named imports.
      
      Check the render method of `TimelineModal`.
          at event (C:\Users\alexi\Documents\projects\maicivy\frontend\components\timeline\TimelineModal.tsx:13:56)

    [0m [90m 151 |[39m                 [33m<[39m[33mdiv[39m className[33m=[39m[32m"flex flex-wrap gap-2"[39m[33m>[39m
     [90m 152 |[39m                   {event[33m.[39mtags[33m.[39mmap((tag) [33m=>[39m (
    [31m[1m>[22m[39m[90m 153 |[39m                     [33m<[39m[33mmotion[39m[33m.[39mspan
     [90m     |[39m                     [31m[1m^[22m[39m
     [90m 154 |[39m                       key[33m=[39m{tag}
     [90m 155 |[39m                       whileHover[33m=[39m{{ scale[33m:[39m [35m1.05[39m }}
     [90m 156 |[39m                       className[33m=[39m[32m"px-4 py-2 bg-blue-500 text-white text-sm font-medium rounded-full shadow-sm"[39m[0m

      at printWarning (node_modules/react/cjs/react-jsx-runtime.development.js:87:30)
      at error (node_modules/react/cjs/react-jsx-runtime.development.js:61:7)
      at jsxWithValidation (node_modules/react/cjs/react-jsx-runtime.development.js:1245:7)
      at jsxWithValidationDynamic (node_modules/react/cjs/react-jsx-runtime.development.js:1320:12)
      at components/timeline/TimelineModal.tsx:153:21
          at Array.map (<anonymous>)
      at map (components/timeline/TimelineModal.tsx:152:31)
      at renderWithHooks (node_modules/react-dom/cjs/react-dom.development.js:15486:18)
      at mountIndeterminateComponent (node_modules/react-dom/cjs/react-dom.development.js:20103:13)
      at beginWork (node_modules/react-dom/cjs/react-dom.development.js:21626:16)
      at beginWork$1 (node_modules/react-dom/cjs/react-dom.development.js:27465:14)
      at performUnitOfWork (node_modules/react-dom/cjs/react-dom.development.js:26599:12)
      at workLoopSync (node_modules/react-dom/cjs/react-dom.development.js:26505:5)
      at renderRootSync (node_modules/react-dom/cjs/react-dom.development.js:26473:7)
      at performConcurrentWorkOnRoot (node_modules/react-dom/cjs/react-dom.development.js:25777:74)
      at flushActQueue (node_modules/react/cjs/react.development.js:2667:24)
      at act (node_modules/react/cjs/react.development.js:2582:11)
      at node_modules/@testing-library/react/dist/act-compat.js:47:25
      at renderRoot (node_modules/@testing-library/react/dist/pure.js:190:26)
      at render (node_modules/@testing-library/react/dist/pure.js:292:10)
      at Object.<anonymous> (components/__tests__/TimelineModal.test.tsx:172:11)

    console.error
      Warning: React.jsx: type is invalid -- expected a string (for built-in components) or a class/function (for composite components) but got: undefined. You likely forgot to export your component from the file it's defined in, or you might have mixed up default and named imports.
      
      Check the render method of `TimelineModal`.
          at event (C:\Users\alexi\Documents\projects\maicivy\frontend\components\timeline\TimelineModal.tsx:13:56)

    [0m [90m 151 |[39m                 [33m<[39m[33mdiv[39m className[33m=[39m[32m"flex flex-wrap gap-2"[39m[33m>[39m
     [90m 152 |[39m                   {event[33m.[39mtags[33m.[39mmap((tag) [33m=>[39m (
    [31m[1m>[22m[39m[90m 153 |[39m                     [33m<[39m[33mmotion[39m[33m.[39mspan
     [90m     |[39m                     [31m[1m^[22m[39m
     [90m 154 |[39m                       key[33m=[39m{tag}
     [90m 155 |[39m                       whileHover[33m=[39m{{ scale[33m:[39m [35m1.05[39m }}
     [90m 156 |[39m                       className[33m=[39m[32m"px-4 py-2 bg-blue-500 text-white text-sm font-medium rounded-full shadow-sm"[39m[0m

      at printWarning (node_modules/react/cjs/react-jsx-runtime.development.js:87:30)
      at error (node_modules/react/cjs/react-jsx-runtime.development.js:61:7)
      at jsxWithValidation (node_modules/react/cjs/react-jsx-runtime.development.js:1245:7)
      at jsxWithValidationDynamic (node_modules/react/cjs/react-jsx-runtime.development.js:1320:12)
      at components/timeline/TimelineModal.tsx:153:21
          at Array.map (<anonymous>)
      at map (components/timeline/TimelineModal.tsx:152:31)
      at renderWithHooks (node_modules/react-dom/cjs/react-dom.development.js:15486:18)
      at mountIndeterminateComponent (node_modules/react-dom/cjs/react-dom.development.js:20103:13)
      at beginWork (node_modules/react-dom/cjs/react-dom.development.js:21626:16)
      at beginWork$1 (node_modules/react-dom/cjs/react-dom.development.js:27465:14)
      at performUnitOfWork (node_modules/react-dom/cjs/react-dom.development.js:26599:12)
      at workLoopSync (node_modules/react-dom/cjs/react-dom.development.js:26505:5)
      at renderRootSync (node_modules/react-dom/cjs/react-dom.development.js:26473:7)
      at performConcurrentWorkOnRoot (node_modules/react-dom/cjs/react-dom.development.js:25777:74)
      at flushActQueue (node_modules/react/cjs/react.development.js:2667:24)
      at act (node_modules/react/cjs/react.development.js:2582:11)
      at node_modules/@testing-library/react/dist/act-compat.js:47:25
      at renderRoot (node_modules/@testing-library/react/dist/pure.js:190:26)
      at render (node_modules/@testing-library/react/dist/pure.js:292:10)
      at Object.<anonymous> (components/__tests__/TimelineModal.test.tsx:172:11)

    console.error
      Error: Uncaught [Error: Element type is invalid: expected a string (for built-in components) or a class/function (for composite components) but got: undefined. You likely forgot to export your component from the file it's defined in, or you might have mixed up default and named imports.
      
      Check the render method of `TimelineModal`.]
          at reportException (C:\Users\alexi\Documents\projects\maicivy\frontend\node_modules\jsdom\lib\jsdom\living\helpers\runtime-script-errors.js:66:24)
          at innerInvokeEventListeners (C:\Users\alexi\Documents\projects\maicivy\frontend\node_modules\jsdom\lib\jsdom\living\events\EventTarget-impl.js:353:9)
          at invokeEventListeners (C:\Users\alexi\Documents\projects\maicivy\frontend\node_modules\jsdom\lib\jsdom\living\events\EventTarget-impl.js:286:3)
          at HTMLUnknownElementImpl._dispatch (C:\Users\alexi\Documents\projects\maicivy\frontend\node_modules\jsdom\lib\jsdom\living\events\EventTarget-impl.js:233:9)
          at HTMLUnknownElementImpl.dispatchEvent (C:\Users\alexi\Documents\projects\maicivy\frontend\node_modules\jsdom\lib\jsdom\living\events\EventTarget-impl.js:104:17)
          at HTMLUnknownElement.dispatchEvent (C:\Users\alexi\Documents\projects\maicivy\frontend\node_modules\jsdom\lib\jsdom\living\generated\EventTarget.js:241:34)
          at Object.invokeGuardedCallbackDev (C:\Users\alexi\Documents\projects\maicivy\frontend\node_modules\react-dom\cjs\react-dom.development.js:4213:16)
          at invokeGuardedCallback (C:\Users\alexi\Documents\projects\maicivy\frontend\node_modules\react-dom\cjs\react-dom.development.js:4277:31)
          at beginWork$1 (C:\Users\alexi\Documents\projects\maicivy\frontend\node_modules\react-dom\cjs\react-dom.development.js:27490:7)
          at performUnitOfWork (C:\Users\alexi\Documents\projects\maicivy\frontend\node_modules\react-dom\cjs\react-dom.development.js:26599:12)
          at workLoopSync (C:\Users\alexi\Documents\projects\maicivy\frontend\node_modules\react-dom\cjs\react-dom.development.js:26505:5)
          at renderRootSync (C:\Users\alexi\Documents\projects\maicivy\frontend\node_modules\react-dom\cjs\react-dom.development.js:26473:7)
          at performConcurrentWorkOnRoot (C:\Users\alexi\Documents\projects\maicivy\frontend\node_modules\react-dom\cjs\react-dom.development.js:25777:74)
          at flushActQueue (C:\Users\alexi\Documents\projects\maicivy\frontend\node_modules\react\cjs\react.development.js:2667:24)
          at act (C:\Users\alexi\Documents\projects\maicivy\frontend\node_modules\react\cjs\react.development.js:2582:11)
          at C:\Users\alexi\Documents\projects\maicivy\frontend\node_modules\@testing-library\react\dist\act-compat.js:47:25
          at renderRoot (C:\Users\alexi\Documents\projects\maicivy\frontend\node_modules\@testing-library\react\dist\pure.js:190:26)
          at render (C:\Users\alexi\Documents\projects\maicivy\frontend\node_modules\@testing-library\react\dist\pure.js:292:10)
          at Object.<anonymous> (C:\Users\alexi\Documents\projects\maicivy\frontend\components\__tests__\TimelineModal.test.tsx:172:11)
          at Promise.finally.completed (C:\Users\alexi\Documents\projects\maicivy\frontend\node_modules\jest-circus\build\jestAdapterInit.js:1557:28)
          at new Promise (<anonymous>)
          at callAsyncCircusFn (C:\Users\alexi\Documents\projects\maicivy\frontend\node_modules\jest-circus\build\jestAdapterInit.js:1497:10)
          at _callCircusTest (C:\Users\alexi\Documents\projects\maicivy\frontend\node_modules\jest-circus\build\jestAdapterInit.js:1007:40)
          at processTicksAndRejections (node:internal/process/task_queues:103:5)
          at _runTest (C:\Users\alexi\Documents\projects\maicivy\frontend\node_modules\jest-circus\build\jestAdapterInit.js:947:3)
          at C:\Users\alexi\Documents\projects\maicivy\frontend\node_modules\jest-circus\build\jestAdapterInit.js:849:7
          at _runTestsForDescribeBlock (C:\Users\alexi\Documents\projects\maicivy\frontend\node_modules\jest-circus\build\jestAdapterInit.js:862:11)
          at _runTestsForDescribeBlock (C:\Users\alexi\Documents\projects\maicivy\frontend\node_modules\jest-circus\build\jestAdapterInit.js:857:11)
          at run (C:\Users\alexi\Documents\projects\maicivy\frontend\node_modules\jest-circus\build\jestAdapterInit.js:761:3)
          at runAndTransformResultsToJestFormat (C:\Users\alexi\Documents\projects\maicivy\frontend\node_modules\jest-circus\build\jestAdapterInit.js:1918:21)
          at jestAdapter (C:\Users\alexi\Documents\projects\maicivy\frontend\node_modules\jest-circus\build\runner.js:101:19)
          at runTestInternal (C:\Users\alexi\Documents\projects\maicivy\frontend\node_modules\jest-runner\build\testWorker.js:275:16)
          at runTest (C:\Users\alexi\Documents\projects\maicivy\frontend\node_modules\jest-runner\build\testWorker.js:343:7)
          at Object.worker (C:\Users\alexi\Documents\projects\maicivy\frontend\node_modules\jest-runner\build\testWorker.js:497:12) {
        detail: Error: Element type is invalid: expected a string (for built-in components) or a class/function (for composite components) but got: undefined. You likely forgot to export your component from the file it's defined in, or you might have mixed up default and named imports.
        
        Check the render method of `TimelineModal`.
            at createFiberFromTypeAndProps (C:\Users\alexi\Documents\projects\maicivy\frontend\node_modules\react-dom\cjs\react-dom.development.js:28478:17)
            at createFiberFromElement (C:\Users\alexi\Documents\projects\maicivy\frontend\node_modules\react-dom\cjs\react-dom.development.js:28504:15)
            at createChild (C:\Users\alexi\Documents\projects\maicivy\frontend\node_modules\react-dom\cjs\react-dom.development.js:13345:28)
            at reconcileChildrenArray (C:\Users\alexi\Documents\projects\maicivy\frontend\node_modules\react-dom\cjs\react-dom.development.js:13640:25)
            at reconcileChildFibers (C:\Users\alexi\Documents\projects\maicivy\frontend\node_modules\react-dom\cjs\react-dom.development.js:14057:16)
            at reconcileChildren (C:\Users\alexi\Documents\projects\maicivy\frontend\node_modules\react-dom\cjs\react-dom.development.js:19186:28)
            at updateHostComponent (C:\Users\alexi\Documents\projects\maicivy\frontend\node_modules\react-dom\cjs\react-dom.development.js:19953:3)
            at beginWork (C:\Users\alexi\Documents\projects\maicivy\frontend\node_modules\react-dom\cjs\react-dom.development.js:21657:14)
            at HTMLUnknownElement.callCallback (C:\Users\alexi\Documents\projects\maicivy\frontend\node_modules\react-dom\cjs\react-dom.development.js:4164:14)
            at HTMLUnknownElement.callTheUserObjectsOperation (C:\Users\alexi\Documents\projects\maicivy\frontend\node_modules\jsdom\lib\jsdom\living\generated\EventListener.js:26:30)
            at innerInvokeEventListeners (C:\Users\alexi\Documents\projects\maicivy\frontend\node_modules\jsdom\lib\jsdom\living\events\EventTarget-impl.js:350:25)
            at invokeEventListeners (C:\Users\alexi\Documents\projects\maicivy\frontend\node_modules\jsdom\lib\jsdom\living\events\EventTarget-impl.js:286:3)
            at HTMLUnknownElementImpl._dispatch (C:\Users\alexi\Documents\projects\maicivy\frontend\node_modules\jsdom\lib\jsdom\living\events\EventTarget-impl.js:233:9)
            at HTMLUnknownElementImpl.dispatchEvent (C:\Users\alexi\Documents\projects\maicivy\frontend\node_modules\jsdom\lib\jsdom\living\events\EventTarget-impl.js:104:17)
            at HTMLUnknownElement.dispatchEvent (C:\Users\alexi\Documents\projects\maicivy\frontend\node_modules\jsdom\lib\jsdom\living\generated\EventTarget.js:241:34)
            at Object.invokeGuardedCallbackDev (C:\Users\alexi\Documents\projects\maicivy\frontend\node_modules\react-dom\cjs\react-dom.development.js:4213:16)
            at invokeGuardedCallback (C:\Users\alexi\Documents\projects\maicivy\frontend\node_modules\react-dom\cjs\react-dom.development.js:4277:31)
            at beginWork$1 (C:\Users\alexi\Documents\projects\maicivy\frontend\node_modules\react-dom\cjs\react-dom.development.js:27490:7)
            at performUnitOfWork (C:\Users\alexi\Documents\projects\maicivy\frontend\node_modules\react-dom\cjs\react-dom.development.js:26599:12)
            at workLoopSync (C:\Users\alexi\Documents\projects\maicivy\frontend\node_modules\react-dom\cjs\react-dom.development.js:26505:5)
            at renderRootSync (C:\Users\alexi\Documents\projects\maicivy\frontend\node_modules\react-dom\cjs\react-dom.development.js:26473:7)
            at performConcurrentWorkOnRoot (C:\Users\alexi\Documents\projects\maicivy\frontend\node_modules\react-dom\cjs\react-dom.development.js:25777:74)
            at flushActQueue (C:\Users\alexi\Documents\projects\maicivy\frontend\node_modules\react\cjs\react.development.js:2667:24)
            at act (C:\Users\alexi\Documents\projects\maicivy\frontend\node_modules\react\cjs\react.development.js:2582:11)
            at C:\Users\alexi\Documents\projects\maicivy\frontend\node_modules\@testing-library\react\dist\act-compat.js:47:25
            at renderRoot (C:\Users\alexi\Documents\projects\maicivy\frontend\node_modules\@testing-library\react\dist\pure.js:190:26)
            at render (C:\Users\alexi\Documents\projects\maicivy\frontend\node_modules\@testing-library\react\dist\pure.js:292:10)
            at Object.<anonymous> (C:\Users\alexi\Documents\projects\maicivy\frontend\components\__tests__\TimelineModal.test.tsx:172:11)
            at Promise.finally.completed (C:\Users\alexi\Documents\projects\maicivy\frontend\node_modules\jest-circus\build\jestAdapterInit.js:1557:28)
            at new Promise (<anonymous>)
            at callAsyncCircusFn (C:\Users\alexi\Documents\projects\maicivy\frontend\node_modules\jest-circus\build\jestAdapterInit.js:1497:10)
            at _callCircusTest (C:\Users\alexi\Documents\projects\maicivy\frontend\node_modules\jest-circus\build\jestAdapterInit.js:1007:40)
            at processTicksAndRejections (node:internal/process/task_queues:103:5)
            at _runTest (C:\Users\alexi\Documents\projects\maicivy\frontend\node_modules\jest-circus\build\jestAdapterInit.js:947:3)
            at C:\Users\alexi\Documents\projects\maicivy\frontend\node_modules\jest-circus\build\jestAdapterInit.js:849:7
            at _runTestsForDescribeBlock (C:\Users\alexi\Documents\projects\maicivy\frontend\node_modules\jest-circus\build\jestAdapterInit.js:862:11)
            at _runTestsForDescribeBlock (C:\Users\alexi\Documents\projects\maicivy\frontend\node_modules\jest-circus\build\jestAdapterInit.js:857:11)
            at run (C:\Users\alexi\Documents\projects\maicivy\frontend\node_modules\jest-circus\build\jestAdapterInit.js:761:3)
            at runAndTransformResultsToJestFormat (C:\Users\alexi\Documents\projects\maicivy\frontend\node_modules\jest-circus\build\jestAdapterInit.js:1918:21)
            at jestAdapter (C:\Users\alexi\Documents\projects\maicivy\frontend\node_modules\jest-circus\build\runner.js:101:19)
            at runTestInternal (C:\Users\alexi\Documents\projects\maicivy\frontend\node_modules\jest-runner\build\testWorker.js:275:16)
            at runTest (C:\Users\alexi\Documents\projects\maicivy\frontend\node_modules\jest-runner\build\testWorker.js:343:7)
            at Object.worker (C:\Users\alexi\Documents\projects\maicivy\frontend\node_modules\jest-runner\build\testWorker.js:497:12),
        type: 'unhandled exception'
      }

    [0m [90m 170 |[39m
     [90m 171 |[39m   it([32m'should render demo link'[39m[33m,[39m () [33m=>[39m {
    [31m[1m>[22m[39m[90m 172 |[39m     render([33m<[39m[33mTimelineModal[39m event[33m=[39m{mockEvent} onClose[33m=[39m{jest[33m.[39mfn()} [33m/[39m[33m>[39m)[33m;[39m
     [90m     |[39m           [31m[1m^[22m[39m
     [90m 173 |[39m
     [90m 174 |[39m     [36mconst[39m demoLink [33m=[39m screen[33m.[39mgetByText([32m'Voir la démo'[39m)[33m.[39mclosest([32m'a'[39m)[33m;[39m
     [90m 175 |[39m     expect(demoLink)[33m.[39mtoHaveAttribute([32m'href'[39m[33m,[39m [32m'https://demo.example.com'[39m)[33m;[39m[0m

      at VirtualConsole.<anonymous> (node_modules/@jest/environment-jsdom-abstract/build/index.js:87:23)
      at reportException (node_modules/jsdom/lib/jsdom/living/helpers/runtime-script-errors.js:70:28)
      at innerInvokeEventListeners (node_modules/jsdom/lib/jsdom/living/events/EventTarget-impl.js:353:9)
      at invokeEventListeners (node_modules/jsdom/lib/jsdom/living/events/EventTarget-impl.js:286:3)
      at HTMLUnknownElementImpl._dispatch (node_modules/jsdom/lib/jsdom/living/events/EventTarget-impl.js:233:9)
      at HTMLUnknownElementImpl.dispatchEvent (node_modules/jsdom/lib/jsdom/living/events/EventTarget-impl.js:104:17)
      at HTMLUnknownElement.dispatchEvent (node_modules/jsdom/lib/jsdom/living/generated/EventTarget.js:241:34)
      at Object.invokeGuardedCallbackDev (node_modules/react-dom/cjs/react-dom.development.js:4213:16)
      at invokeGuardedCallback (node_modules/react-dom/cjs/react-dom.development.js:4277:31)
      at beginWork$1 (node_modules/react-dom/cjs/react-dom.development.js:27490:7)
      at performUnitOfWork (node_modules/react-dom/cjs/react-dom.development.js:26599:12)
      at workLoopSync (node_modules/react-dom/cjs/react-dom.development.js:26505:5)
      at renderRootSync (node_modules/react-dom/cjs/react-dom.development.js:26473:7)
      at performConcurrentWorkOnRoot (node_modules/react-dom/cjs/react-dom.development.js:25777:74)
      at flushActQueue (node_modules/react/cjs/react.development.js:2667:24)
      at act (node_modules/react/cjs/react.development.js:2582:11)
      at node_modules/@testing-library/react/dist/act-compat.js:47:25
      at renderRoot (node_modules/@testing-library/react/dist/pure.js:190:26)
      at render (node_modules/@testing-library/react/dist/pure.js:292:10)
      at Object.<anonymous> (components/__tests__/TimelineModal.test.tsx:172:11)

    console.error
      Warning: React.jsx: type is invalid -- expected a string (for built-in components) or a class/function (for composite components) but got: undefined. You likely forgot to export your component from the file it's defined in, or you might have mixed up default and named imports.
      
      Check the render method of `TimelineModal`.
          at event (C:\Users\alexi\Documents\projects\maicivy\frontend\components\timeline\TimelineModal.tsx:13:56)

    [0m [90m 151 |[39m                 [33m<[39m[33mdiv[39m className[33m=[39m[32m"flex flex-wrap gap-2"[39m[33m>[39m
     [90m 152 |[39m                   {event[33m.[39mtags[33m.[39mmap((tag) [33m=>[39m (
    [31m[1m>[22m[39m[90m 153 |[39m                     [33m<[39m[33mmotion[39m[33m.[39mspan
     [90m     |[39m                     [31m[1m^[22m[39m
     [90m 154 |[39m                       key[33m=[39m{tag}
     [90m 155 |[39m                       whileHover[33m=[39m{{ scale[33m:[39m [35m1.05[39m }}
     [90m 156 |[39m                       className[33m=[39m[32m"px-4 py-2 bg-blue-500 text-white text-sm font-medium rounded-full shadow-sm"[39m[0m

      at printWarning (node_modules/react/cjs/react-jsx-runtime.development.js:87:30)
      at error (node_modules/react/cjs/react-jsx-runtime.development.js:61:7)
      at jsxWithValidation (node_modules/react/cjs/react-jsx-runtime.development.js:1245:7)
      at jsxWithValidationDynamic (node_modules/react/cjs/react-jsx-runtime.development.js:1320:12)
      at components/timeline/TimelineModal.tsx:153:21
          at Array.map (<anonymous>)
      at map (components/timeline/TimelineModal.tsx:152:31)
      at renderWithHooks (node_modules/react-dom/cjs/react-dom.development.js:15486:18)
      at mountIndeterminateComponent (node_modules/react-dom/cjs/react-dom.development.js:20103:13)
      at beginWork (node_modules/react-dom/cjs/react-dom.development.js:21626:16)
      at beginWork$1 (node_modules/react-dom/cjs/react-dom.development.js:27465:14)
      at performUnitOfWork (node_modules/react-dom/cjs/react-dom.development.js:26599:12)
      at workLoopSync (node_modules/react-dom/cjs/react-dom.development.js:26505:5)
      at renderRootSync (node_modules/react-dom/cjs/react-dom.development.js:26473:7)
      at recoverFromConcurrentError (node_modules/react-dom/cjs/react-dom.development.js:25889:20)
      at performConcurrentWorkOnRoot (node_modules/react-dom/cjs/react-dom.development.js:25789:22)
      at flushActQueue (node_modules/react/cjs/react.development.js:2667:24)
      at act (node_modules/react/cjs/react.development.js:2582:11)
      at node_modules/@testing-library/react/dist/act-compat.js:47:25
      at renderRoot (node_modules/@testing-library/react/dist/pure.js:190:26)
      at render (node_modules/@testing-library/react/dist/pure.js:292:10)
      at Object.<anonymous> (components/__tests__/TimelineModal.test.tsx:172:11)

    console.error
      Warning: React.jsx: type is invalid -- expected a string (for built-in components) or a class/function (for composite components) but got: undefined. You likely forgot to export your component from the file it's defined in, or you might have mixed up default and named imports.
      
      Check the render method of `TimelineModal`.
          at event (C:\Users\alexi\Documents\projects\maicivy\frontend\components\timeline\TimelineModal.tsx:13:56)

    [0m [90m 151 |[39m                 [33m<[39m[33mdiv[39m className[33m=[39m[32m"flex flex-wrap gap-2"[39m[33m>[39m
     [90m 152 |[39m                   {event[33m.[39mtags[33m.[39mmap((tag) [33m=>[39m (
    [31m[1m>[22m[39m[90m 153 |[39m                     [33m<[39m[33mmotion[39m[33m.[39mspan
     [90m     |[39m                     [31m[1m^[22m[39m
     [90m 154 |[39m                       key[33m=[39m{tag}
     [90m 155 |[39m                       whileHover[33m=[39m{{ scale[33m:[39m [35m1.05[39m }}
     [90m 156 |[39m                       className[33m=[39m[32m"px-4 py-2 bg-blue-500 text-white text-sm font-medium rounded-full shadow-sm"[39m[0m

      at printWarning (node_modules/react/cjs/react-jsx-runtime.development.js:87:30)
      at error (node_modules/react/cjs/react-jsx-runtime.development.js:61:7)
      at jsxWithValidation (node_modules/react/cjs/react-jsx-runtime.development.js:1245:7)
      at jsxWithValidationDynamic (node_modules/react/cjs/react-jsx-runtime.development.js:1320:12)
      at components/timeline/TimelineModal.tsx:153:21
          at Array.map (<anonymous>)
      at map (components/timeline/TimelineModal.tsx:152:31)
      at renderWithHooks (node_modules/react-dom/cjs/react-dom.development.js:15486:18)
      at mountIndeterminateComponent (node_modules/react-dom/cjs/react-dom.development.js:20103:13)
      at beginWork (node_modules/react-dom/cjs/react-dom.development.js:21626:16)
      at beginWork$1 (node_modules/react-dom/cjs/react-dom.development.js:27465:14)
      at performUnitOfWork (node_modules/react-dom/cjs/react-dom.development.js:26599:12)
      at workLoopSync (node_modules/react-dom/cjs/react-dom.development.js:26505:5)
      at renderRootSync (node_modules/react-dom/cjs/react-dom.development.js:26473:7)
      at recoverFromConcurrentError (node_modules/react-dom/cjs/react-dom.development.js:25889:20)
      at performConcurrentWorkOnRoot (node_modules/react-dom/cjs/react-dom.development.js:25789:22)
      at flushActQueue (node_modules/react/cjs/react.development.js:2667:24)
      at act (node_modules/react/cjs/react.development.js:2582:11)
      at node_modules/@testing-library/react/dist/act-compat.js:47:25
      at renderRoot (node_modules/@testing-library/react/dist/pure.js:190:26)
      at render (node_modules/@testing-library/react/dist/pure.js:292:10)
      at Object.<anonymous> (components/__tests__/TimelineModal.test.tsx:172:11)

    console.error
      Warning: React.jsx: type is invalid -- expected a string (for built-in components) or a class/function (for composite components) but got: undefined. You likely forgot to export your component from the file it's defined in, or you might have mixed up default and named imports.
      
      Check the render method of `TimelineModal`.
          at event (C:\Users\alexi\Documents\projects\maicivy\frontend\components\timeline\TimelineModal.tsx:13:56)

    [0m [90m 151 |[39m                 [33m<[39m[33mdiv[39m className[33m=[39m[32m"flex flex-wrap gap-2"[39m[33m>[39m
     [90m 152 |[39m                   {event[33m.[39mtags[33m.[39mmap((tag) [33m=>[39m (
    [31m[1m>[22m[39m[90m 153 |[39m                     [33m<[39m[33mmotion[39m[33m.[39mspan
     [90m     |[39m                     [31m[1m^[22m[39m
     [90m 154 |[39m                       key[33m=[39m{tag}
     [90m 155 |[39m                       whileHover[33m=[39m{{ scale[33m:[39m [35m1.05[39m }}
     [90m 156 |[39m                       className[33m=[39m[32m"px-4 py-2 bg-blue-500 text-white text-sm font-medium rounded-full shadow-sm"[39m[0m

      at printWarning (node_modules/react/cjs/react-jsx-runtime.development.js:87:30)
      at error (node_modules/react/cjs/react-jsx-runtime.development.js:61:7)
      at jsxWithValidation (node_modules/react/cjs/react-jsx-runtime.development.js:1245:7)
      at jsxWithValidationDynamic (node_modules/react/cjs/react-jsx-runtime.development.js:1320:12)
      at components/timeline/TimelineModal.tsx:153:21
          at Array.map (<anonymous>)
      at map (components/timeline/TimelineModal.tsx:152:31)
      at renderWithHooks (node_modules/react-dom/cjs/react-dom.development.js:15486:18)
      at mountIndeterminateComponent (node_modules/react-dom/cjs/react-dom.development.js:20103:13)
      at beginWork (node_modules/react-dom/cjs/react-dom.development.js:21626:16)
      at beginWork$1 (node_modules/react-dom/cjs/react-dom.development.js:27465:14)
      at performUnitOfWork (node_modules/react-dom/cjs/react-dom.development.js:26599:12)
      at workLoopSync (node_modules/react-dom/cjs/react-dom.development.js:26505:5)
      at renderRootSync (node_modules/react-dom/cjs/react-dom.development.js:26473:7)
      at recoverFromConcurrentError (node_modules/react-dom/cjs/react-dom.development.js:25889:20)
      at performConcurrentWorkOnRoot (node_modules/react-dom/cjs/react-dom.development.js:25789:22)
      at flushActQueue (node_modules/react/cjs/react.development.js:2667:24)
      at act (node_modules/react/cjs/react.development.js:2582:11)
      at node_modules/@testing-library/react/dist/act-compat.js:47:25
      at renderRoot (node_modules/@testing-library/react/dist/pure.js:190:26)
      at render (node_modules/@testing-library/react/dist/pure.js:292:10)
      at Object.<anonymous> (components/__tests__/TimelineModal.test.tsx:172:11)

    console.error
      Warning: React.jsx: type is invalid -- expected a string (for built-in components) or a class/function (for composite components) but got: undefined. You likely forgot to export your component from the file it's defined in, or you might have mixed up default and named imports.
      
      Check the render method of `TimelineModal`.
          at event (C:\Users\alexi\Documents\projects\maicivy\frontend\components\timeline\TimelineModal.tsx:13:56)

    [0m [90m 151 |[39m                 [33m<[39m[33mdiv[39m className[33m=[39m[32m"flex flex-wrap gap-2"[39m[33m>[39m
     [90m 152 |[39m                   {event[33m.[39mtags[33m.[39mmap((tag) [33m=>[39m (
    [31m[1m>[22m[39m[90m 153 |[39m                     [33m<[39m[33mmotion[39m[33m.[39mspan
     [90m     |[39m                     [31m[1m^[22m[39m
     [90m 154 |[39m                       key[33m=[39m{tag}
     [90m 155 |[39m                       whileHover[33m=[39m{{ scale[33m:[39m [35m1.05[39m }}
     [90m 156 |[39m                       className[33m=[39m[32m"px-4 py-2 bg-blue-500 text-white text-sm font-medium rounded-full shadow-sm"[39m[0m

      at printWarning (node_modules/react/cjs/react-jsx-runtime.development.js:87:30)
      at error (node_modules/react/cjs/react-jsx-runtime.development.js:61:7)
      at jsxWithValidation (node_modules/react/cjs/react-jsx-runtime.development.js:1245:7)
      at jsxWithValidationDynamic (node_modules/react/cjs/react-jsx-runtime.development.js:1320:12)
      at components/timeline/TimelineModal.tsx:153:21
          at Array.map (<anonymous>)
      at map (components/timeline/TimelineModal.tsx:152:31)
      at renderWithHooks (node_modules/react-dom/cjs/react-dom.development.js:15486:18)
      at mountIndeterminateComponent (node_modules/react-dom/cjs/react-dom.development.js:20103:13)
      at beginWork (node_modules/react-dom/cjs/react-dom.development.js:21626:16)
      at beginWork$1 (node_modules/react-dom/cjs/react-dom.development.js:27465:14)
      at performUnitOfWork (node_modules/react-dom/cjs/react-dom.development.js:26599:12)
      at workLoopSync (node_modules/react-dom/cjs/react-dom.development.js:26505:5)
      at renderRootSync (node_modules/react-dom/cjs/react-dom.development.js:26473:7)
      at recoverFromConcurrentError (node_modules/react-dom/cjs/react-dom.development.js:25889:20)
      at performConcurrentWorkOnRoot (node_modules/react-dom/cjs/react-dom.development.js:25789:22)
      at flushActQueue (node_modules/react/cjs/react.development.js:2667:24)
      at act (node_modules/react/cjs/react.development.js:2582:11)
      at node_modules/@testing-library/react/dist/act-compat.js:47:25
      at renderRoot (node_modules/@testing-library/react/dist/pure.js:190:26)
      at render (node_modules/@testing-library/react/dist/pure.js:292:10)
      at Object.<anonymous> (components/__tests__/TimelineModal.test.tsx:172:11)

    console.error
      Warning: React.jsx: type is invalid -- expected a string (for built-in components) or a class/function (for composite components) but got: undefined. You likely forgot to export your component from the file it's defined in, or you might have mixed up default and named imports.
      
      Check the render method of `TimelineModal`.
          at event (C:\Users\alexi\Documents\projects\maicivy\frontend\components\timeline\TimelineModal.tsx:13:56)

    [0m [90m 151 |[39m                 [33m<[39m[33mdiv[39m className[33m=[39m[32m"flex flex-wrap gap-2"[39m[33m>[39m
     [90m 152 |[39m                   {event[33m.[39mtags[33m.[39mmap((tag) [33m=>[39m (
    [31m[1m>[22m[39m[90m 153 |[39m                     [33m<[39m[33mmotion[39m[33m.[39mspan
     [90m     |[39m                     [31m[1m^[22m[39m
     [90m 154 |[39m                       key[33m=[39m{tag}
     [90m 155 |[39m                       whileHover[33m=[39m{{ scale[33m:[39m [35m1.05[39m }}
     [90m 156 |[39m                       className[33m=[39m[32m"px-4 py-2 bg-blue-500 text-white text-sm font-medium rounded-full shadow-sm"[39m[0m

      at printWarning (node_modules/react/cjs/react-jsx-runtime.development.js:87:30)
      at error (node_modules/react/cjs/react-jsx-runtime.development.js:61:7)
      at jsxWithValidation (node_modules/react/cjs/react-jsx-runtime.development.js:1245:7)
      at jsxWithValidationDynamic (node_modules/react/cjs/react-jsx-runtime.development.js:1320:12)
      at components/timeline/TimelineModal.tsx:153:21
          at Array.map (<anonymous>)
      at map (components/timeline/TimelineModal.tsx:152:31)
      at renderWithHooks (node_modules/react-dom/cjs/react-dom.development.js:15486:18)
      at mountIndeterminateComponent (node_modules/react-dom/cjs/react-dom.development.js:20103:13)
      at beginWork (node_modules/react-dom/cjs/react-dom.development.js:21626:16)
      at beginWork$1 (node_modules/react-dom/cjs/react-dom.development.js:27465:14)
      at performUnitOfWork (node_modules/react-dom/cjs/react-dom.development.js:26599:12)
      at workLoopSync (node_modules/react-dom/cjs/react-dom.development.js:26505:5)
      at renderRootSync (node_modules/react-dom/cjs/react-dom.development.js:26473:7)
      at recoverFromConcurrentError (node_modules/react-dom/cjs/react-dom.development.js:25889:20)
      at performConcurrentWorkOnRoot (node_modules/react-dom/cjs/react-dom.development.js:25789:22)
      at flushActQueue (node_modules/react/cjs/react.development.js:2667:24)
      at act (node_modules/react/cjs/react.development.js:2582:11)
      at node_modules/@testing-library/react/dist/act-compat.js:47:25
      at renderRoot (node_modules/@testing-library/react/dist/pure.js:190:26)
      at render (node_modules/@testing-library/react/dist/pure.js:292:10)
      at Object.<anonymous> (components/__tests__/TimelineModal.test.tsx:172:11)

    console.error
      Error: Uncaught [Error: Element type is invalid: expected a string (for built-in components) or a class/function (for composite components) but got: undefined. You likely forgot to export your component from the file it's defined in, or you might have mixed up default and named imports.
      
      Check the render method of `TimelineModal`.]
          at reportException (C:\Users\alexi\Documents\projects\maicivy\frontend\node_modules\jsdom\lib\jsdom\living\helpers\runtime-script-errors.js:66:24)
          at innerInvokeEventListeners (C:\Users\alexi\Documents\projects\maicivy\frontend\node_modules\jsdom\lib\jsdom\living\events\EventTarget-impl.js:353:9)
          at invokeEventListeners (C:\Users\alexi\Documents\projects\maicivy\frontend\node_modules\jsdom\lib\jsdom\living\events\EventTarget-impl.js:286:3)
          at HTMLUnknownElementImpl._dispatch (C:\Users\alexi\Documents\projects\maicivy\frontend\node_modules\jsdom\lib\jsdom\living\events\EventTarget-impl.js:233:9)
          at HTMLUnknownElementImpl.dispatchEvent (C:\Users\alexi\Documents\projects\maicivy\frontend\node_modules\jsdom\lib\jsdom\living\events\EventTarget-impl.js:104:17)
          at HTMLUnknownElement.dispatchEvent (C:\Users\alexi\Documents\projects\maicivy\frontend\node_modules\jsdom\lib\jsdom\living\generated\EventTarget.js:241:34)
          at Object.invokeGuardedCallbackDev (C:\Users\alexi\Documents\projects\maicivy\frontend\node_modules\react-dom\cjs\react-dom.development.js:4213:16)
          at invokeGuardedCallback (C:\Users\alexi\Documents\projects\maicivy\frontend\node_modules\react-dom\cjs\react-dom.development.js:4277:31)
          at beginWork$1 (C:\Users\alexi\Documents\projects\maicivy\frontend\node_modules\react-dom\cjs\react-dom.development.js:27490:7)
          at performUnitOfWork (C:\Users\alexi\Documents\projects\maicivy\frontend\node_modules\react-dom\cjs\react-dom.development.js:26599:12)
          at workLoopSync (C:\Users\alexi\Documents\projects\maicivy\frontend\node_modules\react-dom\cjs\react-dom.development.js:26505:5)
          at renderRootSync (C:\Users\alexi\Documents\projects\maicivy\frontend\node_modules\react-dom\cjs\react-dom.development.js:26473:7)
          at recoverFromConcurrentError (C:\Users\alexi\Documents\projects\maicivy\frontend\node_modules\react-dom\cjs\react-dom.development.js:25889:20)
          at performConcurrentWorkOnRoot (C:\Users\alexi\Documents\projects\maicivy\frontend\node_modules\react-dom\cjs\react-dom.development.js:25789:22)
          at flushActQueue (C:\Users\alexi\Documents\projects\maicivy\frontend\node_modules\react\cjs\react.development.js:2667:24)
          at act (C:\Users\alexi\Documents\projects\maicivy\frontend\node_modules\react\cjs\react.development.js:2582:11)
          at C:\Users\alexi\Documents\projects\maicivy\frontend\node_modules\@testing-library\react\dist\act-compat.js:47:25
          at renderRoot (C:\Users\alexi\Documents\projects\maicivy\frontend\node_modules\@testing-library\react\dist\pure.js:190:26)
          at render (C:\Users\alexi\Documents\projects\maicivy\frontend\node_modules\@testing-library\react\dist\pure.js:292:10)
          at Object.<anonymous> (C:\Users\alexi\Documents\projects\maicivy\frontend\components\__tests__\TimelineModal.test.tsx:172:11)
          at Promise.finally.completed (C:\Users\alexi\Documents\projects\maicivy\frontend\node_modules\jest-circus\build\jestAdapterInit.js:1557:28)
          at new Promise (<anonymous>)
          at callAsyncCircusFn (C:\Users\alexi\Documents\projects\maicivy\frontend\node_modules\jest-circus\build\jestAdapterInit.js:1497:10)
          at _callCircusTest (C:\Users\alexi\Documents\projects\maicivy\frontend\node_modules\jest-circus\build\jestAdapterInit.js:1007:40)
          at processTicksAndRejections (node:internal/process/task_queues:103:5)
          at _runTest (C:\Users\alexi\Documents\projects\maicivy\frontend\node_modules\jest-circus\build\jestAdapterInit.js:947:3)
          at C:\Users\alexi\Documents\projects\maicivy\frontend\node_modules\jest-circus\build\jestAdapterInit.js:849:7
          at _runTestsForDescribeBlock (C:\Users\alexi\Documents\projects\maicivy\frontend\node_modules\jest-circus\build\jestAdapterInit.js:862:11)
          at _runTestsForDescribeBlock (C:\Users\alexi\Documents\projects\maicivy\frontend\node_modules\jest-circus\build\jestAdapterInit.js:857:11)
          at run (C:\Users\alexi\Documents\projects\maicivy\frontend\node_modules\jest-circus\build\jestAdapterInit.js:761:3)
          at runAndTransformResultsToJestFormat (C:\Users\alexi\Documents\projects\maicivy\frontend\node_modules\jest-circus\build\jestAdapterInit.js:1918:21)
          at jestAdapter (C:\Users\alexi\Documents\projects\maicivy\frontend\node_modules\jest-circus\build\runner.js:101:19)
          at runTestInternal (C:\Users\alexi\Documents\projects\maicivy\frontend\node_modules\jest-runner\build\testWorker.js:275:16)
          at runTest (C:\Users\alexi\Documents\projects\maicivy\frontend\node_modules\jest-runner\build\testWorker.js:343:7)
          at Object.worker (C:\Users\alexi\Documents\projects\maicivy\frontend\node_modules\jest-runner\build\testWorker.js:497:12) {
        detail: Error: Element type is invalid: expected a string (for built-in components) or a class/function (for composite components) but got: undefined. You likely forgot to export your component from the file it's defined in, or you might have mixed up default and named imports.
        
        Check the render method of `TimelineModal`.
            at createFiberFromTypeAndProps (C:\Users\alexi\Documents\projects\maicivy\frontend\node_modules\react-dom\cjs\react-dom.development.js:28478:17)
            at createFiberFromElement (C:\Users\alexi\Documents\projects\maicivy\frontend\node_modules\react-dom\cjs\react-dom.development.js:28504:15)
            at createChild (C:\Users\alexi\Documents\projects\maicivy\frontend\node_modules\react-dom\cjs\react-dom.development.js:13345:28)
            at reconcileChildrenArray (C:\Users\alexi\Documents\projects\maicivy\frontend\node_modules\react-dom\cjs\react-dom.development.js:13640:25)
            at reconcileChildFibers (C:\Users\alexi\Documents\projects\maicivy\frontend\node_modules\react-dom\cjs\react-dom.development.js:14057:16)
            at reconcileChildren (C:\Users\alexi\Documents\projects\maicivy\frontend\node_modules\react-dom\cjs\react-dom.development.js:19186:28)
            at updateHostComponent (C:\Users\alexi\Documents\projects\maicivy\frontend\node_modules\react-dom\cjs\react-dom.development.js:19953:3)
            at beginWork (C:\Users\alexi\Documents\projects\maicivy\frontend\node_modules\react-dom\cjs\react-dom.development.js:21657:14)
            at HTMLUnknownElement.callCallback (C:\Users\alexi\Documents\projects\maicivy\frontend\node_modules\react-dom\cjs\react-dom.development.js:4164:14)
            at HTMLUnknownElement.callTheUserObjectsOperation (C:\Users\alexi\Documents\projects\maicivy\frontend\node_modules\jsdom\lib\jsdom\living\generated\EventListener.js:26:30)
            at innerInvokeEventListeners (C:\Users\alexi\Documents\projects\maicivy\frontend\node_modules\jsdom\lib\jsdom\living\events\EventTarget-impl.js:350:25)
            at invokeEventListeners (C:\Users\alexi\Documents\projects\maicivy\frontend\node_modules\jsdom\lib\jsdom\living\events\EventTarget-impl.js:286:3)
            at HTMLUnknownElementImpl._dispatch (C:\Users\alexi\Documents\projects\maicivy\frontend\node_modules\jsdom\lib\jsdom\living\events\EventTarget-impl.js:233:9)
            at HTMLUnknownElementImpl.dispatchEvent (C:\Users\alexi\Documents\projects\maicivy\frontend\node_modules\jsdom\lib\jsdom\living\events\EventTarget-impl.js:104:17)
            at HTMLUnknownElement.dispatchEvent (C:\Users\alexi\Documents\projects\maicivy\frontend\node_modules\jsdom\lib\jsdom\living\generated\EventTarget.js:241:34)
            at Object.invokeGuardedCallbackDev (C:\Users\alexi\Documents\projects\maicivy\frontend\node_modules\react-dom\cjs\react-dom.development.js:4213:16)
            at invokeGuardedCallback (C:\Users\alexi\Documents\projects\maicivy\frontend\node_modules\react-dom\cjs\react-dom.development.js:4277:31)
            at beginWork$1 (C:\Users\alexi\Documents\projects\maicivy\frontend\node_modules\react-dom\cjs\react-dom.development.js:27490:7)
            at performUnitOfWork (C:\Users\alexi\Documents\projects\maicivy\frontend\node_modules\react-dom\cjs\react-dom.development.js:26599:12)
            at workLoopSync (C:\Users\alexi\Documents\projects\maicivy\frontend\node_modules\react-dom\cjs\react-dom.development.js:26505:5)
            at renderRootSync (C:\Users\alexi\Documents\projects\maicivy\frontend\node_modules\react-dom\cjs\react-dom.development.js:26473:7)
            at recoverFromConcurrentError (C:\Users\alexi\Documents\projects\maicivy\frontend\node_modules\react-dom\cjs\react-dom.development.js:25889:20)
            at performConcurrentWorkOnRoot (C:\Users\alexi\Documents\projects\maicivy\frontend\node_modules\react-dom\cjs\react-dom.development.js:25789:22)
            at flushActQueue (C:\Users\alexi\Documents\projects\maicivy\frontend\node_modules\react\cjs\react.development.js:2667:24)
            at act (C:\Users\alexi\Documents\projects\maicivy\frontend\node_modules\react\cjs\react.development.js:2582:11)
            at C:\Users\alexi\Documents\projects\maicivy\frontend\node_modules\@testing-library\react\dist\act-compat.js:47:25
            at renderRoot (C:\Users\alexi\Documents\projects\maicivy\frontend\node_modules\@testing-library\react\dist\pure.js:190:26)
            at render (C:\Users\alexi\Documents\projects\maicivy\frontend\node_modules\@testing-library\react\dist\pure.js:292:10)
            at Object.<anonymous> (C:\Users\alexi\Documents\projects\maicivy\frontend\components\__tests__\TimelineModal.test.tsx:172:11)
            at Promise.finally.completed (C:\Users\alexi\Documents\projects\maicivy\frontend\node_modules\jest-circus\build\jestAdapterInit.js:1557:28)
            at new Promise (<anonymous>)
            at callAsyncCircusFn (C:\Users\alexi\Documents\projects\maicivy\frontend\node_modules\jest-circus\build\jestAdapterInit.js:1497:10)
            at _callCircusTest (C:\Users\alexi\Documents\projects\maicivy\frontend\node_modules\jest-circus\build\jestAdapterInit.js:1007:40)
            at processTicksAndRejections (node:internal/process/task_queues:103:5)
            at _runTest (C:\Users\alexi\Documents\projects\maicivy\frontend\node_modules\jest-circus\build\jestAdapterInit.js:947:3)
            at C:\Users\alexi\Documents\projects\maicivy\frontend\node_modules\jest-circus\build\jestAdapterInit.js:849:7
            at _runTestsForDescribeBlock (C:\Users\alexi\Documents\projects\maicivy\frontend\node_modules\jest-circus\build\jestAdapterInit.js:862:11)
            at _runTestsForDescribeBlock (C:\Users\alexi\Documents\projects\maicivy\frontend\node_modules\jest-circus\build\jestAdapterInit.js:857:11)
            at run (C:\Users\alexi\Documents\projects\maicivy\frontend\node_modules\jest-circus\build\jestAdapterInit.js:761:3)
            at runAndTransformResultsToJestFormat (C:\Users\alexi\Documents\projects\maicivy\frontend\node_modules\jest-circus\build\jestAdapterInit.js:1918:21)
            at jestAdapter (C:\Users\alexi\Documents\projects\maicivy\frontend\node_modules\jest-circus\build\runner.js:101:19)
            at runTestInternal (C:\Users\alexi\Documents\projects\maicivy\frontend\node_modules\jest-runner\build\testWorker.js:275:16)
            at runTest (C:\Users\alexi\Documents\projects\maicivy\frontend\node_modules\jest-runner\build\testWorker.js:343:7)
            at Object.worker (C:\Users\alexi\Documents\projects\maicivy\frontend\node_modules\jest-runner\build\testWorker.js:497:12),
        type: 'unhandled exception'
      }

    [0m [90m 170 |[39m
     [90m 171 |[39m   it([32m'should render demo link'[39m[33m,[39m () [33m=>[39m {
    [31m[1m>[22m[39m[90m 172 |[39m     render([33m<[39m[33mTimelineModal[39m event[33m=[39m{mockEvent} onClose[33m=[39m{jest[33m.[39mfn()} [33m/[39m[33m>[39m)[33m;[39m
     [90m     |[39m           [31m[1m^[22m[39m
     [90m 173 |[39m
     [90m 174 |[39m     [36mconst[39m demoLink [33m=[39m screen[33m.[39mgetByText([32m'Voir la démo'[39m)[33m.[39mclosest([32m'a'[39m)[33m;[39m
     [90m 175 |[39m     expect(demoLink)[33m.[39mtoHaveAttribute([32m'href'[39m[33m,[39m [32m'https://demo.example.com'[39m)[33m;[39m[0m

      at VirtualConsole.<anonymous> (node_modules/@jest/environment-jsdom-abstract/build/index.js:87:23)
      at reportException (node_modules/jsdom/lib/jsdom/living/helpers/runtime-script-errors.js:70:28)
      at innerInvokeEventListeners (node_modules/jsdom/lib/jsdom/living/events/EventTarget-impl.js:353:9)
      at invokeEventListeners (node_modules/jsdom/lib/jsdom/living/events/EventTarget-impl.js:286:3)
      at HTMLUnknownElementImpl._dispatch (node_modules/jsdom/lib/jsdom/living/events/EventTarget-impl.js:233:9)
      at HTMLUnknownElementImpl.dispatchEvent (node_modules/jsdom/lib/jsdom/living/events/EventTarget-impl.js:104:17)
      at HTMLUnknownElement.dispatchEvent (node_modules/jsdom/lib/jsdom/living/generated/EventTarget.js:241:34)
      at Object.invokeGuardedCallbackDev (node_modules/react-dom/cjs/react-dom.development.js:4213:16)
      at invokeGuardedCallback (node_modules/react-dom/cjs/react-dom.development.js:4277:31)
      at beginWork$1 (node_modules/react-dom/cjs/react-dom.development.js:27490:7)
      at performUnitOfWork (node_modules/react-dom/cjs/react-dom.development.js:26599:12)
      at workLoopSync (node_modules/react-dom/cjs/react-dom.development.js:26505:5)
      at renderRootSync (node_modules/react-dom/cjs/react-dom.development.js:26473:7)
      at recoverFromConcurrentError (node_modules/react-dom/cjs/react-dom.development.js:25889:20)
      at performConcurrentWorkOnRoot (node_modules/react-dom/cjs/react-dom.development.js:25789:22)
      at flushActQueue (node_modules/react/cjs/react.development.js:2667:24)
      at act (node_modules/react/cjs/react.development.js:2582:11)
      at node_modules/@testing-library/react/dist/act-compat.js:47:25
      at renderRoot (node_modules/@testing-library/react/dist/pure.js:190:26)
      at render (node_modules/@testing-library/react/dist/pure.js:292:10)
      at Object.<anonymous> (components/__tests__/TimelineModal.test.tsx:172:11)

    console.error
      The above error occurred in the <div> component:
      
          at div
          at div
          at div
          at div
          at children (C:\Users\alexi\Documents\projects\maicivy\frontend\components\__tests__\TimelineModal.test.tsx:8:13)
          at div
          at children (C:\Users\alexi\Documents\projects\maicivy\frontend\components\__tests__\TimelineModal.test.tsx:8:13)
          at children (C:\Users\alexi\Documents\projects\maicivy\frontend\components\__tests__\TimelineModal.test.tsx:12:23)
          at event (C:\Users\alexi\Documents\projects\maicivy\frontend\components\timeline\TimelineModal.tsx:13:56)
      
      Consider adding an error boundary to your tree to customize error handling behavior.
      Visit https://reactjs.org/link/error-boundaries to learn more about error boundaries.

    [0m [90m 170 |[39m
     [90m 171 |[39m   it([32m'should render demo link'[39m[33m,[39m () [33m=>[39m {
    [31m[1m>[22m[39m[90m 172 |[39m     render([33m<[39m[33mTimelineModal[39m event[33m=[39m{mockEvent} onClose[33m=[39m{jest[33m.[39mfn()} [33m/[39m[33m>[39m)[33m;[39m
     [90m     |[39m           [31m[1m^[22m[39m
     [90m 173 |[39m
     [90m 174 |[39m     [36mconst[39m demoLink [33m=[39m screen[33m.[39mgetByText([32m'Voir la démo'[39m)[33m.[39mclosest([32m'a'[39m)[33m;[39m
     [90m 175 |[39m     expect(demoLink)[33m.[39mtoHaveAttribute([32m'href'[39m[33m,[39m [32m'https://demo.example.com'[39m)[33m;[39m[0m

      at logCapturedError (node_modules/react-dom/cjs/react-dom.development.js:18704:23)
      at update.callback (node_modules/react-dom/cjs/react-dom.development.js:18737:5)
      at callCallback (node_modules/react-dom/cjs/react-dom.development.js:15036:12)
      at commitUpdateQueue (node_modules/react-dom/cjs/react-dom.development.js:15057:9)
      at commitLayoutEffectOnFiber (node_modules/react-dom/cjs/react-dom.development.js:23430:13)
      at commitLayoutMountEffects_complete (node_modules/react-dom/cjs/react-dom.development.js:24727:9)
      at commitLayoutEffects_begin (node_modules/react-dom/cjs/react-dom.development.js:24713:7)
      at commitLayoutEffects (node_modules/react-dom/cjs/react-dom.development.js:24651:3)
      at commitRootImpl (node_modules/react-dom/cjs/react-dom.development.js:26862:5)
      at commitRoot (node_modules/react-dom/cjs/react-dom.development.js:26721:5)
      at finishConcurrentRender (node_modules/react-dom/cjs/react-dom.development.js:25931:9)
      at performConcurrentWorkOnRoot (node_modules/react-dom/cjs/react-dom.development.js:25848:7)
      at flushActQueue (node_modules/react/cjs/react.development.js:2667:24)
      at act (node_modules/react/cjs/react.development.js:2582:11)
      at node_modules/@testing-library/react/dist/act-compat.js:47:25
      at renderRoot (node_modules/@testing-library/react/dist/pure.js:190:26)
      at render (node_modules/@testing-library/react/dist/pure.js:292:10)
      at Object.<anonymous> (components/__tests__/TimelineModal.test.tsx:172:11)

    console.error
      Warning: React.jsx: type is invalid -- expected a string (for built-in components) or a class/function (for composite components) but got: undefined. You likely forgot to export your component from the file it's defined in, or you might have mixed up default and named imports.
      
      Check the render method of `TimelineModal`.
          at event (C:\Users\alexi\Documents\projects\maicivy\frontend\components\timeline\TimelineModal.tsx:13:56)

    [0m [90m 151 |[39m                 [33m<[39m[33mdiv[39m className[33m=[39m[32m"flex flex-wrap gap-2"[39m[33m>[39m
     [90m 152 |[39m                   {event[33m.[39mtags[33m.[39mmap((tag) [33m=>[39m (
    [31m[1m>[22m[39m[90m 153 |[39m                     [33m<[39m[33mmotion[39m[33m.[39mspan
     [90m     |[39m                     [31m[1m^[22m[39m
     [90m 154 |[39m                       key[33m=[39m{tag}
     [90m 155 |[39m                       whileHover[33m=[39m{{ scale[33m:[39m [35m1.05[39m }}
     [90m 156 |[39m                       className[33m=[39m[32m"px-4 py-2 bg-blue-500 text-white text-sm font-medium rounded-full shadow-sm"[39m[0m

      at printWarning (node_modules/react/cjs/react-jsx-runtime.development.js:87:30)
      at error (node_modules/react/cjs/react-jsx-runtime.development.js:61:7)
      at jsxWithValidation (node_modules/react/cjs/react-jsx-runtime.development.js:1245:7)
      at jsxWithValidationDynamic (node_modules/react/cjs/react-jsx-runtime.development.js:1320:12)
      at components/timeline/TimelineModal.tsx:153:21
          at Array.map (<anonymous>)
      at map (components/timeline/TimelineModal.tsx:152:31)
      at renderWithHooks (node_modules/react-dom/cjs/react-dom.development.js:15486:18)
      at mountIndeterminateComponent (node_modules/react-dom/cjs/react-dom.development.js:20103:13)
      at beginWork (node_modules/react-dom/cjs/react-dom.development.js:21626:16)
      at beginWork$1 (node_modules/react-dom/cjs/react-dom.development.js:27465:14)
      at performUnitOfWork (node_modules/react-dom/cjs/react-dom.development.js:26599:12)
      at workLoopSync (node_modules/react-dom/cjs/react-dom.development.js:26505:5)
      at renderRootSync (node_modules/react-dom/cjs/react-dom.development.js:26473:7)
      at performConcurrentWorkOnRoot (node_modules/react-dom/cjs/react-dom.development.js:25777:74)
      at flushActQueue (node_modules/react/cjs/react.development.js:2667:24)
      at act (node_modules/react/cjs/react.development.js:2582:11)
      at node_modules/@testing-library/react/dist/act-compat.js:47:25
      at renderRoot (node_modules/@testing-library/react/dist/pure.js:190:26)
      at render (node_modules/@testing-library/react/dist/pure.js:292:10)
      at Object.<anonymous> (components/__tests__/TimelineModal.test.tsx:188:11)

    console.error
      Warning: React.jsx: type is invalid -- expected a string (for built-in components) or a class/function (for composite components) but got: undefined. You likely forgot to export your component from the file it's defined in, or you might have mixed up default and named imports.
      
      Check the render method of `TimelineModal`.
          at event (C:\Users\alexi\Documents\projects\maicivy\frontend\components\timeline\TimelineModal.tsx:13:56)

    [0m [90m 151 |[39m                 [33m<[39m[33mdiv[39m className[33m=[39m[32m"flex flex-wrap gap-2"[39m[33m>[39m
     [90m 152 |[39m                   {event[33m.[39mtags[33m.[39mmap((tag) [33m=>[39m (
    [31m[1m>[22m[39m[90m 153 |[39m                     [33m<[39m[33mmotion[39m[33m.[39mspan
     [90m     |[39m                     [31m[1m^[22m[39m
     [90m 154 |[39m                       key[33m=[39m{tag}
     [90m 155 |[39m                       whileHover[33m=[39m{{ scale[33m:[39m [35m1.05[39m }}
     [90m 156 |[39m                       className[33m=[39m[32m"px-4 py-2 bg-blue-500 text-white text-sm font-medium rounded-full shadow-sm"[39m[0m

      at printWarning (node_modules/react/cjs/react-jsx-runtime.development.js:87:30)
      at error (node_modules/react/cjs/react-jsx-runtime.development.js:61:7)
      at jsxWithValidation (node_modules/react/cjs/react-jsx-runtime.development.js:1245:7)
      at jsxWithValidationDynamic (node_modules/react/cjs/react-jsx-runtime.development.js:1320:12)
      at components/timeline/TimelineModal.tsx:153:21
          at Array.map (<anonymous>)
      at map (components/timeline/TimelineModal.tsx:152:31)
      at renderWithHooks (node_modules/react-dom/cjs/react-dom.development.js:15486:18)
      at mountIndeterminateComponent (node_modules/react-dom/cjs/react-dom.development.js:20103:13)
      at beginWork (node_modules/react-dom/cjs/react-dom.development.js:21626:16)
      at beginWork$1 (node_modules/react-dom/cjs/react-dom.development.js:27465:14)
      at performUnitOfWork (node_modules/react-dom/cjs/react-dom.development.js:26599:12)
      at workLoopSync (node_modules/react-dom/cjs/react-dom.development.js:26505:5)
      at renderRootSync (node_modules/react-dom/cjs/react-dom.development.js:26473:7)
      at performConcurrentWorkOnRoot (node_modules/react-dom/cjs/react-dom.development.js:25777:74)
      at flushActQueue (node_modules/react/cjs/react.development.js:2667:24)
      at act (node_modules/react/cjs/react.development.js:2582:11)
      at node_modules/@testing-library/react/dist/act-compat.js:47:25
      at renderRoot (node_modules/@testing-library/react/dist/pure.js:190:26)
      at render (node_modules/@testing-library/react/dist/pure.js:292:10)
      at Object.<anonymous> (components/__tests__/TimelineModal.test.tsx:188:11)

    console.error
      Warning: React.jsx: type is invalid -- expected a string (for built-in components) or a class/function (for composite components) but got: undefined. You likely forgot to export your component from the file it's defined in, or you might have mixed up default and named imports.
      
      Check the render method of `TimelineModal`.
          at event (C:\Users\alexi\Documents\projects\maicivy\frontend\components\timeline\TimelineModal.tsx:13:56)

    [0m [90m 151 |[39m                 [33m<[39m[33mdiv[39m className[33m=[39m[32m"flex flex-wrap gap-2"[39m[33m>[39m
     [90m 152 |[39m                   {event[33m.[39mtags[33m.[39mmap((tag) [33m=>[39m (
    [31m[1m>[22m[39m[90m 153 |[39m                     [33m<[39m[33mmotion[39m[33m.[39mspan
     [90m     |[39m                     [31m[1m^[22m[39m
     [90m 154 |[39m                       key[33m=[39m{tag}
     [90m 155 |[39m                       whileHover[33m=[39m{{ scale[33m:[39m [35m1.05[39m }}
     [90m 156 |[39m                       className[33m=[39m[32m"px-4 py-2 bg-blue-500 text-white text-sm font-medium rounded-full shadow-sm"[39m[0m

      at printWarning (node_modules/react/cjs/react-jsx-runtime.development.js:87:30)
      at error (node_modules/react/cjs/react-jsx-runtime.development.js:61:7)
      at jsxWithValidation (node_modules/react/cjs/react-jsx-runtime.development.js:1245:7)
      at jsxWithValidationDynamic (node_modules/react/cjs/react-jsx-runtime.development.js:1320:12)
      at components/timeline/TimelineModal.tsx:153:21
          at Array.map (<anonymous>)
      at map (components/timeline/TimelineModal.tsx:152:31)
      at renderWithHooks (node_modules/react-dom/cjs/react-dom.development.js:15486:18)
      at mountIndeterminateComponent (node_modules/react-dom/cjs/react-dom.development.js:20103:13)
      at beginWork (node_modules/react-dom/cjs/react-dom.development.js:21626:16)
      at beginWork$1 (node_modules/react-dom/cjs/react-dom.development.js:27465:14)
      at performUnitOfWork (node_modules/react-dom/cjs/react-dom.development.js:26599:12)
      at workLoopSync (node_modules/react-dom/cjs/react-dom.development.js:26505:5)
      at renderRootSync (node_modules/react-dom/cjs/react-dom.development.js:26473:7)
      at performConcurrentWorkOnRoot (node_modules/react-dom/cjs/react-dom.development.js:25777:74)
      at flushActQueue (node_modules/react/cjs/react.development.js:2667:24)
      at act (node_modules/react/cjs/react.development.js:2582:11)
      at node_modules/@testing-library/react/dist/act-compat.js:47:25
      at renderRoot (node_modules/@testing-library/react/dist/pure.js:190:26)
      at render (node_modules/@testing-library/react/dist/pure.js:292:10)
      at Object.<anonymous> (components/__tests__/TimelineModal.test.tsx:188:11)

    console.error
      Warning: React.jsx: type is invalid -- expected a string (for built-in components) or a class/function (for composite components) but got: undefined. You likely forgot to export your component from the file it's defined in, or you might have mixed up default and named imports.
      
      Check the render method of `TimelineModal`.
          at event (C:\Users\alexi\Documents\projects\maicivy\frontend\components\timeline\TimelineModal.tsx:13:56)

    [0m [90m 151 |[39m                 [33m<[39m[33mdiv[39m className[33m=[39m[32m"flex flex-wrap gap-2"[39m[33m>[39m
     [90m 152 |[39m                   {event[33m.[39mtags[33m.[39mmap((tag) [33m=>[39m (
    [31m[1m>[22m[39m[90m 153 |[39m                     [33m<[39m[33mmotion[39m[33m.[39mspan
     [90m     |[39m                     [31m[1m^[22m[39m
     [90m 154 |[39m                       key[33m=[39m{tag}
     [90m 155 |[39m                       whileHover[33m=[39m{{ scale[33m:[39m [35m1.05[39m }}
     [90m 156 |[39m                       className[33m=[39m[32m"px-4 py-2 bg-blue-500 text-white text-sm font-medium rounded-full shadow-sm"[39m[0m

      at printWarning (node_modules/react/cjs/react-jsx-runtime.development.js:87:30)
      at error (node_modules/react/cjs/react-jsx-runtime.development.js:61:7)
      at jsxWithValidation (node_modules/react/cjs/react-jsx-runtime.development.js:1245:7)
      at jsxWithValidationDynamic (node_modules/react/cjs/react-jsx-runtime.development.js:1320:12)
      at components/timeline/TimelineModal.tsx:153:21
          at Array.map (<anonymous>)
      at map (components/timeline/TimelineModal.tsx:152:31)
      at renderWithHooks (node_modules/react-dom/cjs/react-dom.development.js:15486:18)
      at mountIndeterminateComponent (node_modules/react-dom/cjs/react-dom.development.js:20103:13)
      at beginWork (node_modules/react-dom/cjs/react-dom.development.js:21626:16)
      at beginWork$1 (node_modules/react-dom/cjs/react-dom.development.js:27465:14)
      at performUnitOfWork (node_modules/react-dom/cjs/react-dom.development.js:26599:12)
      at workLoopSync (node_modules/react-dom/cjs/react-dom.development.js:26505:5)
      at renderRootSync (node_modules/react-dom/cjs/react-dom.development.js:26473:7)
      at performConcurrentWorkOnRoot (node_modules/react-dom/cjs/react-dom.development.js:25777:74)
      at flushActQueue (node_modules/react/cjs/react.development.js:2667:24)
      at act (node_modules/react/cjs/react.development.js:2582:11)
      at node_modules/@testing-library/react/dist/act-compat.js:47:25
      at renderRoot (node_modules/@testing-library/react/dist/pure.js:190:26)
      at render (node_modules/@testing-library/react/dist/pure.js:292:10)
      at Object.<anonymous> (components/__tests__/TimelineModal.test.tsx:188:11)

    console.error
      Warning: React.jsx: type is invalid -- expected a string (for built-in components) or a class/function (for composite components) but got: undefined. You likely forgot to export your component from the file it's defined in, or you might have mixed up default and named imports.
      
      Check the render method of `TimelineModal`.
          at event (C:\Users\alexi\Documents\projects\maicivy\frontend\components\timeline\TimelineModal.tsx:13:56)

    [0m [90m 151 |[39m                 [33m<[39m[33mdiv[39m className[33m=[39m[32m"flex flex-wrap gap-2"[39m[33m>[39m
     [90m 152 |[39m                   {event[33m.[39mtags[33m.[39mmap((tag) [33m=>[39m (
    [31m[1m>[22m[39m[90m 153 |[39m                     [33m<[39m[33mmotion[39m[33m.[39mspan
     [90m     |[39m                     [31m[1m^[22m[39m
     [90m 154 |[39m                       key[33m=[39m{tag}
     [90m 155 |[39m                       whileHover[33m=[39m{{ scale[33m:[39m [35m1.05[39m }}
     [90m 156 |[39m                       className[33m=[39m[32m"px-4 py-2 bg-blue-500 text-white text-sm font-medium rounded-full shadow-sm"[39m[0m

      at printWarning (node_modules/react/cjs/react-jsx-runtime.development.js:87:30)
      at error (node_modules/react/cjs/react-jsx-runtime.development.js:61:7)
      at jsxWithValidation (node_modules/react/cjs/react-jsx-runtime.development.js:1245:7)
      at jsxWithValidationDynamic (node_modules/react/cjs/react-jsx-runtime.development.js:1320:12)
      at components/timeline/TimelineModal.tsx:153:21
          at Array.map (<anonymous>)
      at map (components/timeline/TimelineModal.tsx:152:31)
      at renderWithHooks (node_modules/react-dom/cjs/react-dom.development.js:15486:18)
      at mountIndeterminateComponent (node_modules/react-dom/cjs/react-dom.development.js:20103:13)
      at beginWork (node_modules/react-dom/cjs/react-dom.development.js:21626:16)
      at beginWork$1 (node_modules/react-dom/cjs/react-dom.development.js:27465:14)
      at performUnitOfWork (node_modules/react-dom/cjs/react-dom.development.js:26599:12)
      at workLoopSync (node_modules/react-dom/cjs/react-dom.development.js:26505:5)
      at renderRootSync (node_modules/react-dom/cjs/react-dom.development.js:26473:7)
      at performConcurrentWorkOnRoot (node_modules/react-dom/cjs/react-dom.development.js:25777:74)
      at flushActQueue (node_modules/react/cjs/react.development.js:2667:24)
      at act (node_modules/react/cjs/react.development.js:2582:11)
      at node_modules/@testing-library/react/dist/act-compat.js:47:25
      at renderRoot (node_modules/@testing-library/react/dist/pure.js:190:26)
      at render (node_modules/@testing-library/react/dist/pure.js:292:10)
      at Object.<anonymous> (components/__tests__/TimelineModal.test.tsx:188:11)

    console.error
      Error: Uncaught [Error: Element type is invalid: expected a string (for built-in components) or a class/function (for composite components) but got: undefined. You likely forgot to export your component from the file it's defined in, or you might have mixed up default and named imports.
      
      Check the render method of `TimelineModal`.]
          at reportException (C:\Users\alexi\Documents\projects\maicivy\frontend\node_modules\jsdom\lib\jsdom\living\helpers\runtime-script-errors.js:66:24)
          at innerInvokeEventListeners (C:\Users\alexi\Documents\projects\maicivy\frontend\node_modules\jsdom\lib\jsdom\living\events\EventTarget-impl.js:353:9)
          at invokeEventListeners (C:\Users\alexi\Documents\projects\maicivy\frontend\node_modules\jsdom\lib\jsdom\living\events\EventTarget-impl.js:286:3)
          at HTMLUnknownElementImpl._dispatch (C:\Users\alexi\Documents\projects\maicivy\frontend\node_modules\jsdom\lib\jsdom\living\events\EventTarget-impl.js:233:9)
          at HTMLUnknownElementImpl.dispatchEvent (C:\Users\alexi\Documents\projects\maicivy\frontend\node_modules\jsdom\lib\jsdom\living\events\EventTarget-impl.js:104:17)
          at HTMLUnknownElement.dispatchEvent (C:\Users\alexi\Documents\projects\maicivy\frontend\node_modules\jsdom\lib\jsdom\living\generated\EventTarget.js:241:34)
          at Object.invokeGuardedCallbackDev (C:\Users\alexi\Documents\projects\maicivy\frontend\node_modules\react-dom\cjs\react-dom.development.js:4213:16)
          at invokeGuardedCallback (C:\Users\alexi\Documents\projects\maicivy\frontend\node_modules\react-dom\cjs\react-dom.development.js:4277:31)
          at beginWork$1 (C:\Users\alexi\Documents\projects\maicivy\frontend\node_modules\react-dom\cjs\react-dom.development.js:27490:7)
          at performUnitOfWork (C:\Users\alexi\Documents\projects\maicivy\frontend\node_modules\react-dom\cjs\react-dom.development.js:26599:12)
          at workLoopSync (C:\Users\alexi\Documents\projects\maicivy\frontend\node_modules\react-dom\cjs\react-dom.development.js:26505:5)
          at renderRootSync (C:\Users\alexi\Documents\projects\maicivy\frontend\node_modules\react-dom\cjs\react-dom.development.js:26473:7)
          at performConcurrentWorkOnRoot (C:\Users\alexi\Documents\projects\maicivy\frontend\node_modules\react-dom\cjs\react-dom.development.js:25777:74)
          at flushActQueue (C:\Users\alexi\Documents\projects\maicivy\frontend\node_modules\react\cjs\react.development.js:2667:24)
          at act (C:\Users\alexi\Documents\projects\maicivy\frontend\node_modules\react\cjs\react.development.js:2582:11)
          at C:\Users\alexi\Documents\projects\maicivy\frontend\node_modules\@testing-library\react\dist\act-compat.js:47:25
          at renderRoot (C:\Users\alexi\Documents\projects\maicivy\frontend\node_modules\@testing-library\react\dist\pure.js:190:26)
          at render (C:\Users\alexi\Documents\projects\maicivy\frontend\node_modules\@testing-library\react\dist\pure.js:292:10)
          at Object.<anonymous> (C:\Users\alexi\Documents\projects\maicivy\frontend\components\__tests__\TimelineModal.test.tsx:188:11)
          at Promise.finally.completed (C:\Users\alexi\Documents\projects\maicivy\frontend\node_modules\jest-circus\build\jestAdapterInit.js:1557:28)
          at new Promise (<anonymous>)
          at callAsyncCircusFn (C:\Users\alexi\Documents\projects\maicivy\frontend\node_modules\jest-circus\build\jestAdapterInit.js:1497:10)
          at _callCircusTest (C:\Users\alexi\Documents\projects\maicivy\frontend\node_modules\jest-circus\build\jestAdapterInit.js:1007:40)
          at processTicksAndRejections (node:internal/process/task_queues:103:5)
          at _runTest (C:\Users\alexi\Documents\projects\maicivy\frontend\node_modules\jest-circus\build\jestAdapterInit.js:947:3)
          at C:\Users\alexi\Documents\projects\maicivy\frontend\node_modules\jest-circus\build\jestAdapterInit.js:849:7
          at _runTestsForDescribeBlock (C:\Users\alexi\Documents\projects\maicivy\frontend\node_modules\jest-circus\build\jestAdapterInit.js:862:11)
          at _runTestsForDescribeBlock (C:\Users\alexi\Documents\projects\maicivy\frontend\node_modules\jest-circus\build\jestAdapterInit.js:857:11)
          at run (C:\Users\alexi\Documents\projects\maicivy\frontend\node_modules\jest-circus\build\jestAdapterInit.js:761:3)
          at runAndTransformResultsToJestFormat (C:\Users\alexi\Documents\projects\maicivy\frontend\node_modules\jest-circus\build\jestAdapterInit.js:1918:21)
          at jestAdapter (C:\Users\alexi\Documents\projects\maicivy\frontend\node_modules\jest-circus\build\runner.js:101:19)
          at runTestInternal (C:\Users\alexi\Documents\projects\maicivy\frontend\node_modules\jest-runner\build\testWorker.js:275:16)
          at runTest (C:\Users\alexi\Documents\projects\maicivy\frontend\node_modules\jest-runner\build\testWorker.js:343:7)
          at Object.worker (C:\Users\alexi\Documents\projects\maicivy\frontend\node_modules\jest-runner\build\testWorker.js:497:12) {
        detail: Error: Element type is invalid: expected a string (for built-in components) or a class/function (for composite components) but got: undefined. You likely forgot to export your component from the file it's defined in, or you might have mixed up default and named imports.
        
        Check the render method of `TimelineModal`.
            at createFiberFromTypeAndProps (C:\Users\alexi\Documents\projects\maicivy\frontend\node_modules\react-dom\cjs\react-dom.development.js:28478:17)
            at createFiberFromElement (C:\Users\alexi\Documents\projects\maicivy\frontend\node_modules\react-dom\cjs\react-dom.development.js:28504:15)
            at createChild (C:\Users\alexi\Documents\projects\maicivy\frontend\node_modules\react-dom\cjs\react-dom.development.js:13345:28)
            at reconcileChildrenArray (C:\Users\alexi\Documents\projects\maicivy\frontend\node_modules\react-dom\cjs\react-dom.development.js:13640:25)
            at reconcileChildFibers (C:\Users\alexi\Documents\projects\maicivy\frontend\node_modules\react-dom\cjs\react-dom.development.js:14057:16)
            at reconcileChildren (C:\Users\alexi\Documents\projects\maicivy\frontend\node_modules\react-dom\cjs\react-dom.development.js:19186:28)
            at updateHostComponent (C:\Users\alexi\Documents\projects\maicivy\frontend\node_modules\react-dom\cjs\react-dom.development.js:19953:3)
            at beginWork (C:\Users\alexi\Documents\projects\maicivy\frontend\node_modules\react-dom\cjs\react-dom.development.js:21657:14)
            at HTMLUnknownElement.callCallback (C:\Users\alexi\Documents\projects\maicivy\frontend\node_modules\react-dom\cjs\react-dom.development.js:4164:14)
            at HTMLUnknownElement.callTheUserObjectsOperation (C:\Users\alexi\Documents\projects\maicivy\frontend\node_modules\jsdom\lib\jsdom\living\generated\EventListener.js:26:30)
            at innerInvokeEventListeners (C:\Users\alexi\Documents\projects\maicivy\frontend\node_modules\jsdom\lib\jsdom\living\events\EventTarget-impl.js:350:25)
            at invokeEventListeners (C:\Users\alexi\Documents\projects\maicivy\frontend\node_modules\jsdom\lib\jsdom\living\events\EventTarget-impl.js:286:3)
            at HTMLUnknownElementImpl._dispatch (C:\Users\alexi\Documents\projects\maicivy\frontend\node_modules\jsdom\lib\jsdom\living\events\EventTarget-impl.js:233:9)
            at HTMLUnknownElementImpl.dispatchEvent (C:\Users\alexi\Documents\projects\maicivy\frontend\node_modules\jsdom\lib\jsdom\living\events\EventTarget-impl.js:104:17)
            at HTMLUnknownElement.dispatchEvent (C:\Users\alexi\Documents\projects\maicivy\frontend\node_modules\jsdom\lib\jsdom\living\generated\EventTarget.js:241:34)
            at Object.invokeGuardedCallbackDev (C:\Users\alexi\Documents\projects\maicivy\frontend\node_modules\react-dom\cjs\react-dom.development.js:4213:16)
            at invokeGuardedCallback (C:\Users\alexi\Documents\projects\maicivy\frontend\node_modules\react-dom\cjs\react-dom.development.js:4277:31)
            at beginWork$1 (C:\Users\alexi\Documents\projects\maicivy\frontend\node_modules\react-dom\cjs\react-dom.development.js:27490:7)
            at performUnitOfWork (C:\Users\alexi\Documents\projects\maicivy\frontend\node_modules\react-dom\cjs\react-dom.development.js:26599:12)
            at workLoopSync (C:\Users\alexi\Documents\projects\maicivy\frontend\node_modules\react-dom\cjs\react-dom.development.js:26505:5)
            at renderRootSync (C:\Users\alexi\Documents\projects\maicivy\frontend\node_modules\react-dom\cjs\react-dom.development.js:26473:7)
            at performConcurrentWorkOnRoot (C:\Users\alexi\Documents\projects\maicivy\frontend\node_modules\react-dom\cjs\react-dom.development.js:25777:74)
            at flushActQueue (C:\Users\alexi\Documents\projects\maicivy\frontend\node_modules\react\cjs\react.development.js:2667:24)
            at act (C:\Users\alexi\Documents\projects\maicivy\frontend\node_modules\react\cjs\react.development.js:2582:11)
            at C:\Users\alexi\Documents\projects\maicivy\frontend\node_modules\@testing-library\react\dist\act-compat.js:47:25
            at renderRoot (C:\Users\alexi\Documents\projects\maicivy\frontend\node_modules\@testing-library\react\dist\pure.js:190:26)
            at render (C:\Users\alexi\Documents\projects\maicivy\frontend\node_modules\@testing-library\react\dist\pure.js:292:10)
            at Object.<anonymous> (C:\Users\alexi\Documents\projects\maicivy\frontend\components\__tests__\TimelineModal.test.tsx:188:11)
            at Promise.finally.completed (C:\Users\alexi\Documents\projects\maicivy\frontend\node_modules\jest-circus\build\jestAdapterInit.js:1557:28)
            at new Promise (<anonymous>)
            at callAsyncCircusFn (C:\Users\alexi\Documents\projects\maicivy\frontend\node_modules\jest-circus\build\jestAdapterInit.js:1497:10)
            at _callCircusTest (C:\Users\alexi\Documents\projects\maicivy\frontend\node_modules\jest-circus\build\jestAdapterInit.js:1007:40)
            at processTicksAndRejections (node:internal/process/task_queues:103:5)
            at _runTest (C:\Users\alexi\Documents\projects\maicivy\frontend\node_modules\jest-circus\build\jestAdapterInit.js:947:3)
            at C:\Users\alexi\Documents\projects\maicivy\frontend\node_modules\jest-circus\build\jestAdapterInit.js:849:7
            at _runTestsForDescribeBlock (C:\Users\alexi\Documents\projects\maicivy\frontend\node_modules\jest-circus\build\jestAdapterInit.js:862:11)
            at _runTestsForDescribeBlock (C:\Users\alexi\Documents\projects\maicivy\frontend\node_modules\jest-circus\build\jestAdapterInit.js:857:11)
            at run (C:\Users\alexi\Documents\projects\maicivy\frontend\node_modules\jest-circus\build\jestAdapterInit.js:761:3)
            at runAndTransformResultsToJestFormat (C:\Users\alexi\Documents\projects\maicivy\frontend\node_modules\jest-circus\build\jestAdapterInit.js:1918:21)
            at jestAdapter (C:\Users\alexi\Documents\projects\maicivy\frontend\node_modules\jest-circus\build\runner.js:101:19)
            at runTestInternal (C:\Users\alexi\Documents\projects\maicivy\frontend\node_modules\jest-runner\build\testWorker.js:275:16)
            at runTest (C:\Users\alexi\Documents\projects\maicivy\frontend\node_modules\jest-runner\build\testWorker.js:343:7)
            at Object.worker (C:\Users\alexi\Documents\projects\maicivy\frontend\node_modules\jest-runner\build\testWorker.js:497:12),
        type: 'unhandled exception'
      }

    [0m [90m 186 |[39m     }[33m;[39m
     [90m 187 |[39m
    [31m[1m>[22m[39m[90m 188 |[39m     render([33m<[39m[33mTimelineModal[39m event[33m=[39m{eventWithoutLinks} onClose[33m=[39m{jest[33m.[39mfn()} [33m/[39m[33m>[39m)[33m;[39m
     [90m     |[39m           [31m[1m^[22m[39m
     [90m 189 |[39m
     [90m 190 |[39m     expect(screen[33m.[39mqueryByText([32m'Liens'[39m))[33m.[39mnot[33m.[39mtoBeInTheDocument()[33m;[39m
     [90m 191 |[39m   })[33m;[39m[0m

      at VirtualConsole.<anonymous> (node_modules/@jest/environment-jsdom-abstract/build/index.js:87:23)
      at reportException (node_modules/jsdom/lib/jsdom/living/helpers/runtime-script-errors.js:70:28)
      at innerInvokeEventListeners (node_modules/jsdom/lib/jsdom/living/events/EventTarget-impl.js:353:9)
      at invokeEventListeners (node_modules/jsdom/lib/jsdom/living/events/EventTarget-impl.js:286:3)
      at HTMLUnknownElementImpl._dispatch (node_modules/jsdom/lib/jsdom/living/events/EventTarget-impl.js:233:9)
      at HTMLUnknownElementImpl.dispatchEvent (node_modules/jsdom/lib/jsdom/living/events/EventTarget-impl.js:104:17)
      at HTMLUnknownElement.dispatchEvent (node_modules/jsdom/lib/jsdom/living/generated/EventTarget.js:241:34)
      at Object.invokeGuardedCallbackDev (node_modules/react-dom/cjs/react-dom.development.js:4213:16)
      at invokeGuardedCallback (node_modules/react-dom/cjs/react-dom.development.js:4277:31)
      at beginWork$1 (node_modules/react-dom/cjs/react-dom.development.js:27490:7)
      at performUnitOfWork (node_modules/react-dom/cjs/react-dom.development.js:26599:12)
      at workLoopSync (node_modules/react-dom/cjs/react-dom.development.js:26505:5)
      at renderRootSync (node_modules/react-dom/cjs/react-dom.development.js:26473:7)
      at performConcurrentWorkOnRoot (node_modules/react-dom/cjs/react-dom.development.js:25777:74)
      at flushActQueue (node_modules/react/cjs/react.development.js:2667:24)
      at act (node_modules/react/cjs/react.development.js:2582:11)
      at node_modules/@testing-library/react/dist/act-compat.js:47:25
      at renderRoot (node_modules/@testing-library/react/dist/pure.js:190:26)
      at render (node_modules/@testing-library/react/dist/pure.js:292:10)
      at Object.<anonymous> (components/__tests__/TimelineModal.test.tsx:188:11)

    console.error
      Warning: React.jsx: type is invalid -- expected a string (for built-in components) or a class/function (for composite components) but got: undefined. You likely forgot to export your component from the file it's defined in, or you might have mixed up default and named imports.
      
      Check the render method of `TimelineModal`.
          at event (C:\Users\alexi\Documents\projects\maicivy\frontend\components\timeline\TimelineModal.tsx:13:56)

    [0m [90m 151 |[39m                 [33m<[39m[33mdiv[39m className[33m=[39m[32m"flex flex-wrap gap-2"[39m[33m>[39m
     [90m 152 |[39m                   {event[33m.[39mtags[33m.[39mmap((tag) [33m=>[39m (
    [31m[1m>[22m[39m[90m 153 |[39m                     [33m<[39m[33mmotion[39m[33m.[39mspan
     [90m     |[39m                     [31m[1m^[22m[39m
     [90m 154 |[39m                       key[33m=[39m{tag}
     [90m 155 |[39m                       whileHover[33m=[39m{{ scale[33m:[39m [35m1.05[39m }}
     [90m 156 |[39m                       className[33m=[39m[32m"px-4 py-2 bg-blue-500 text-white text-sm font-medium rounded-full shadow-sm"[39m[0m

      at printWarning (node_modules/react/cjs/react-jsx-runtime.development.js:87:30)
      at error (node_modules/react/cjs/react-jsx-runtime.development.js:61:7)
      at jsxWithValidation (node_modules/react/cjs/react-jsx-runtime.development.js:1245:7)
      at jsxWithValidationDynamic (node_modules/react/cjs/react-jsx-runtime.development.js:1320:12)
      at components/timeline/TimelineModal.tsx:153:21
          at Array.map (<anonymous>)
      at map (components/timeline/TimelineModal.tsx:152:31)
      at renderWithHooks (node_modules/react-dom/cjs/react-dom.development.js:15486:18)
      at mountIndeterminateComponent (node_modules/react-dom/cjs/react-dom.development.js:20103:13)
      at beginWork (node_modules/react-dom/cjs/react-dom.development.js:21626:16)
      at beginWork$1 (node_modules/react-dom/cjs/react-dom.development.js:27465:14)
      at performUnitOfWork (node_modules/react-dom/cjs/react-dom.development.js:26599:12)
      at workLoopSync (node_modules/react-dom/cjs/react-dom.development.js:26505:5)
      at renderRootSync (node_modules/react-dom/cjs/react-dom.development.js:26473:7)
      at recoverFromConcurrentError (node_modules/react-dom/cjs/react-dom.development.js:25889:20)
      at performConcurrentWorkOnRoot (node_modules/react-dom/cjs/react-dom.development.js:25789:22)
      at flushActQueue (node_modules/react/cjs/react.development.js:2667:24)
      at act (node_modules/react/cjs/react.development.js:2582:11)
      at node_modules/@testing-library/react/dist/act-compat.js:47:25
      at renderRoot (node_modules/@testing-library/react/dist/pure.js:190:26)
      at render (node_modules/@testing-library/react/dist/pure.js:292:10)
      at Object.<anonymous> (components/__tests__/TimelineModal.test.tsx:188:11)

    console.error
      Warning: React.jsx: type is invalid -- expected a string (for built-in components) or a class/function (for composite components) but got: undefined. You likely forgot to export your component from the file it's defined in, or you might have mixed up default and named imports.
      
      Check the render method of `TimelineModal`.
          at event (C:\Users\alexi\Documents\projects\maicivy\frontend\components\timeline\TimelineModal.tsx:13:56)

    [0m [90m 151 |[39m                 [33m<[39m[33mdiv[39m className[33m=[39m[32m"flex flex-wrap gap-2"[39m[33m>[39m
     [90m 152 |[39m                   {event[33m.[39mtags[33m.[39mmap((tag) [33m=>[39m (
    [31m[1m>[22m[39m[90m 153 |[39m                     [33m<[39m[33mmotion[39m[33m.[39mspan
     [90m     |[39m                     [31m[1m^[22m[39m
     [90m 154 |[39m                       key[33m=[39m{tag}
     [90m 155 |[39m                       whileHover[33m=[39m{{ scale[33m:[39m [35m1.05[39m }}
     [90m 156 |[39m                       className[33m=[39m[32m"px-4 py-2 bg-blue-500 text-white text-sm font-medium rounded-full shadow-sm"[39m[0m

      at printWarning (node_modules/react/cjs/react-jsx-runtime.development.js:87:30)
      at error (node_modules/react/cjs/react-jsx-runtime.development.js:61:7)
      at jsxWithValidation (node_modules/react/cjs/react-jsx-runtime.development.js:1245:7)
      at jsxWithValidationDynamic (node_modules/react/cjs/react-jsx-runtime.development.js:1320:12)
      at components/timeline/TimelineModal.tsx:153:21
          at Array.map (<anonymous>)
      at map (components/timeline/TimelineModal.tsx:152:31)
      at renderWithHooks (node_modules/react-dom/cjs/react-dom.development.js:15486:18)
      at mountIndeterminateComponent (node_modules/react-dom/cjs/react-dom.development.js:20103:13)
      at beginWork (node_modules/react-dom/cjs/react-dom.development.js:21626:16)
      at beginWork$1 (node_modules/react-dom/cjs/react-dom.development.js:27465:14)
      at performUnitOfWork (node_modules/react-dom/cjs/react-dom.development.js:26599:12)
      at workLoopSync (node_modules/react-dom/cjs/react-dom.development.js:26505:5)
      at renderRootSync (node_modules/react-dom/cjs/react-dom.development.js:26473:7)
      at recoverFromConcurrentError (node_modules/react-dom/cjs/react-dom.development.js:25889:20)
      at performConcurrentWorkOnRoot (node_modules/react-dom/cjs/react-dom.development.js:25789:22)
      at flushActQueue (node_modules/react/cjs/react.development.js:2667:24)
      at act (node_modules/react/cjs/react.development.js:2582:11)
      at node_modules/@testing-library/react/dist/act-compat.js:47:25
      at renderRoot (node_modules/@testing-library/react/dist/pure.js:190:26)
      at render (node_modules/@testing-library/react/dist/pure.js:292:10)
      at Object.<anonymous> (components/__tests__/TimelineModal.test.tsx:188:11)

    console.error
      Warning: React.jsx: type is invalid -- expected a string (for built-in components) or a class/function (for composite components) but got: undefined. You likely forgot to export your component from the file it's defined in, or you might have mixed up default and named imports.
      
      Check the render method of `TimelineModal`.
          at event (C:\Users\alexi\Documents\projects\maicivy\frontend\components\timeline\TimelineModal.tsx:13:56)

    [0m [90m 151 |[39m                 [33m<[39m[33mdiv[39m className[33m=[39m[32m"flex flex-wrap gap-2"[39m[33m>[39m
     [90m 152 |[39m                   {event[33m.[39mtags[33m.[39mmap((tag) [33m=>[39m (
    [31m[1m>[22m[39m[90m 153 |[39m                     [33m<[39m[33mmotion[39m[33m.[39mspan
     [90m     |[39m                     [31m[1m^[22m[39m
     [90m 154 |[39m                       key[33m=[39m{tag}
     [90m 155 |[39m                       whileHover[33m=[39m{{ scale[33m:[39m [35m1.05[39m }}
     [90m 156 |[39m                       className[33m=[39m[32m"px-4 py-2 bg-blue-500 text-white text-sm font-medium rounded-full shadow-sm"[39m[0m

      at printWarning (node_modules/react/cjs/react-jsx-runtime.development.js:87:30)
      at error (node_modules/react/cjs/react-jsx-runtime.development.js:61:7)
      at jsxWithValidation (node_modules/react/cjs/react-jsx-runtime.development.js:1245:7)
      at jsxWithValidationDynamic (node_modules/react/cjs/react-jsx-runtime.development.js:1320:12)
      at components/timeline/TimelineModal.tsx:153:21
          at Array.map (<anonymous>)
      at map (components/timeline/TimelineModal.tsx:152:31)
      at renderWithHooks (node_modules/react-dom/cjs/react-dom.development.js:15486:18)
      at mountIndeterminateComponent (node_modules/react-dom/cjs/react-dom.development.js:20103:13)
      at beginWork (node_modules/react-dom/cjs/react-dom.development.js:21626:16)
      at beginWork$1 (node_modules/react-dom/cjs/react-dom.development.js:27465:14)
      at performUnitOfWork (node_modules/react-dom/cjs/react-dom.development.js:26599:12)
      at workLoopSync (node_modules/react-dom/cjs/react-dom.development.js:26505:5)
      at renderRootSync (node_modules/react-dom/cjs/react-dom.development.js:26473:7)
      at recoverFromConcurrentError (node_modules/react-dom/cjs/react-dom.development.js:25889:20)
      at performConcurrentWorkOnRoot (node_modules/react-dom/cjs/react-dom.development.js:25789:22)
      at flushActQueue (node_modules/react/cjs/react.development.js:2667:24)
      at act (node_modules/react/cjs/react.development.js:2582:11)
      at node_modules/@testing-library/react/dist/act-compat.js:47:25
      at renderRoot (node_modules/@testing-library/react/dist/pure.js:190:26)
      at render (node_modules/@testing-library/react/dist/pure.js:292:10)
      at Object.<anonymous> (components/__tests__/TimelineModal.test.tsx:188:11)

    console.error
      Warning: React.jsx: type is invalid -- expected a string (for built-in components) or a class/function (for composite components) but got: undefined. You likely forgot to export your component from the file it's defined in, or you might have mixed up default and named imports.
      
      Check the render method of `TimelineModal`.
          at event (C:\Users\alexi\Documents\projects\maicivy\frontend\components\timeline\TimelineModal.tsx:13:56)

    [0m [90m 151 |[39m                 [33m<[39m[33mdiv[39m className[33m=[39m[32m"flex flex-wrap gap-2"[39m[33m>[39m
     [90m 152 |[39m                   {event[33m.[39mtags[33m.[39mmap((tag) [33m=>[39m (
    [31m[1m>[22m[39m[90m 153 |[39m                     [33m<[39m[33mmotion[39m[33m.[39mspan
     [90m     |[39m                     [31m[1m^[22m[39m
     [90m 154 |[39m                       key[33m=[39m{tag}
     [90m 155 |[39m                       whileHover[33m=[39m{{ scale[33m:[39m [35m1.05[39m }}
     [90m 156 |[39m                       className[33m=[39m[32m"px-4 py-2 bg-blue-500 text-white text-sm font-medium rounded-full shadow-sm"[39m[0m

      at printWarning (node_modules/react/cjs/react-jsx-runtime.development.js:87:30)
      at error (node_modules/react/cjs/react-jsx-runtime.development.js:61:7)
      at jsxWithValidation (node_modules/react/cjs/react-jsx-runtime.development.js:1245:7)
      at jsxWithValidationDynamic (node_modules/react/cjs/react-jsx-runtime.development.js:1320:12)
      at components/timeline/TimelineModal.tsx:153:21
          at Array.map (<anonymous>)
      at map (components/timeline/TimelineModal.tsx:152:31)
      at renderWithHooks (node_modules/react-dom/cjs/react-dom.development.js:15486:18)
      at mountIndeterminateComponent (node_modules/react-dom/cjs/react-dom.development.js:20103:13)
      at beginWork (node_modules/react-dom/cjs/react-dom.development.js:21626:16)
      at beginWork$1 (node_modules/react-dom/cjs/react-dom.development.js:27465:14)
      at performUnitOfWork (node_modules/react-dom/cjs/react-dom.development.js:26599:12)
      at workLoopSync (node_modules/react-dom/cjs/react-dom.development.js:26505:5)
      at renderRootSync (node_modules/react-dom/cjs/react-dom.development.js:26473:7)
      at recoverFromConcurrentError (node_modules/react-dom/cjs/react-dom.development.js:25889:20)
      at performConcurrentWorkOnRoot (node_modules/react-dom/cjs/react-dom.development.js:25789:22)
      at flushActQueue (node_modules/react/cjs/react.development.js:2667:24)
      at act (node_modules/react/cjs/react.development.js:2582:11)
      at node_modules/@testing-library/react/dist/act-compat.js:47:25
      at renderRoot (node_modules/@testing-library/react/dist/pure.js:190:26)
      at render (node_modules/@testing-library/react/dist/pure.js:292:10)
      at Object.<anonymous> (components/__tests__/TimelineModal.test.tsx:188:11)

    console.error
      Warning: React.jsx: type is invalid -- expected a string (for built-in components) or a class/function (for composite components) but got: undefined. You likely forgot to export your component from the file it's defined in, or you might have mixed up default and named imports.
      
      Check the render method of `TimelineModal`.
          at event (C:\Users\alexi\Documents\projects\maicivy\frontend\components\timeline\TimelineModal.tsx:13:56)

    [0m [90m 151 |[39m                 [33m<[39m[33mdiv[39m className[33m=[39m[32m"flex flex-wrap gap-2"[39m[33m>[39m
     [90m 152 |[39m                   {event[33m.[39mtags[33m.[39mmap((tag) [33m=>[39m (
    [31m[1m>[22m[39m[90m 153 |[39m                     [33m<[39m[33mmotion[39m[33m.[39mspan
     [90m     |[39m                     [31m[1m^[22m[39m
     [90m 154 |[39m                       key[33m=[39m{tag}
     [90m 155 |[39m                       whileHover[33m=[39m{{ scale[33m:[39m [35m1.05[39m }}
     [90m 156 |[39m                       className[33m=[39m[32m"px-4 py-2 bg-blue-500 text-white text-sm font-medium rounded-full shadow-sm"[39m[0m

      at printWarning (node_modules/react/cjs/react-jsx-runtime.development.js:87:30)
      at error (node_modules/react/cjs/react-jsx-runtime.development.js:61:7)
      at jsxWithValidation (node_modules/react/cjs/react-jsx-runtime.development.js:1245:7)
      at jsxWithValidationDynamic (node_modules/react/cjs/react-jsx-runtime.development.js:1320:12)
      at components/timeline/TimelineModal.tsx:153:21
          at Array.map (<anonymous>)
      at map (components/timeline/TimelineModal.tsx:152:31)
      at renderWithHooks (node_modules/react-dom/cjs/react-dom.development.js:15486:18)
      at mountIndeterminateComponent (node_modules/react-dom/cjs/react-dom.development.js:20103:13)
      at beginWork (node_modules/react-dom/cjs/react-dom.development.js:21626:16)
      at beginWork$1 (node_modules/react-dom/cjs/react-dom.development.js:27465:14)
      at performUnitOfWork (node_modules/react-dom/cjs/react-dom.development.js:26599:12)
      at workLoopSync (node_modules/react-dom/cjs/react-dom.development.js:26505:5)
      at renderRootSync (node_modules/react-dom/cjs/react-dom.development.js:26473:7)
      at recoverFromConcurrentError (node_modules/react-dom/cjs/react-dom.development.js:25889:20)
      at performConcurrentWorkOnRoot (node_modules/react-dom/cjs/react-dom.development.js:25789:22)
      at flushActQueue (node_modules/react/cjs/react.development.js:2667:24)
      at act (node_modules/react/cjs/react.development.js:2582:11)
      at node_modules/@testing-library/react/dist/act-compat.js:47:25
      at renderRoot (node_modules/@testing-library/react/dist/pure.js:190:26)
      at render (node_modules/@testing-library/react/dist/pure.js:292:10)
      at Object.<anonymous> (components/__tests__/TimelineModal.test.tsx:188:11)

    console.error
      Error: Uncaught [Error: Element type is invalid: expected a string (for built-in components) or a class/function (for composite components) but got: undefined. You likely forgot to export your component from the file it's defined in, or you might have mixed up default and named imports.
      
      Check the render method of `TimelineModal`.]
          at reportException (C:\Users\alexi\Documents\projects\maicivy\frontend\node_modules\jsdom\lib\jsdom\living\helpers\runtime-script-errors.js:66:24)
          at innerInvokeEventListeners (C:\Users\alexi\Documents\projects\maicivy\frontend\node_modules\jsdom\lib\jsdom\living\events\EventTarget-impl.js:353:9)
          at invokeEventListeners (C:\Users\alexi\Documents\projects\maicivy\frontend\node_modules\jsdom\lib\jsdom\living\events\EventTarget-impl.js:286:3)
          at HTMLUnknownElementImpl._dispatch (C:\Users\alexi\Documents\projects\maicivy\frontend\node_modules\jsdom\lib\jsdom\living\events\EventTarget-impl.js:233:9)
          at HTMLUnknownElementImpl.dispatchEvent (C:\Users\alexi\Documents\projects\maicivy\frontend\node_modules\jsdom\lib\jsdom\living\events\EventTarget-impl.js:104:17)
          at HTMLUnknownElement.dispatchEvent (C:\Users\alexi\Documents\projects\maicivy\frontend\node_modules\jsdom\lib\jsdom\living\generated\EventTarget.js:241:34)
          at Object.invokeGuardedCallbackDev (C:\Users\alexi\Documents\projects\maicivy\frontend\node_modules\react-dom\cjs\react-dom.development.js:4213:16)
          at invokeGuardedCallback (C:\Users\alexi\Documents\projects\maicivy\frontend\node_modules\react-dom\cjs\react-dom.development.js:4277:31)
          at beginWork$1 (C:\Users\alexi\Documents\projects\maicivy\frontend\node_modules\react-dom\cjs\react-dom.development.js:27490:7)
          at performUnitOfWork (C:\Users\alexi\Documents\projects\maicivy\frontend\node_modules\react-dom\cjs\react-dom.development.js:26599:12)
          at workLoopSync (C:\Users\alexi\Documents\projects\maicivy\frontend\node_modules\react-dom\cjs\react-dom.development.js:26505:5)
          at renderRootSync (C:\Users\alexi\Documents\projects\maicivy\frontend\node_modules\react-dom\cjs\react-dom.development.js:26473:7)
          at recoverFromConcurrentError (C:\Users\alexi\Documents\projects\maicivy\frontend\node_modules\react-dom\cjs\react-dom.development.js:25889:20)
          at performConcurrentWorkOnRoot (C:\Users\alexi\Documents\projects\maicivy\frontend\node_modules\react-dom\cjs\react-dom.development.js:25789:22)
          at flushActQueue (C:\Users\alexi\Documents\projects\maicivy\frontend\node_modules\react\cjs\react.development.js:2667:24)
          at act (C:\Users\alexi\Documents\projects\maicivy\frontend\node_modules\react\cjs\react.development.js:2582:11)
          at C:\Users\alexi\Documents\projects\maicivy\frontend\node_modules\@testing-library\react\dist\act-compat.js:47:25
          at renderRoot (C:\Users\alexi\Documents\projects\maicivy\frontend\node_modules\@testing-library\react\dist\pure.js:190:26)
          at render (C:\Users\alexi\Documents\projects\maicivy\frontend\node_modules\@testing-library\react\dist\pure.js:292:10)
          at Object.<anonymous> (C:\Users\alexi\Documents\projects\maicivy\frontend\components\__tests__\TimelineModal.test.tsx:188:11)
          at Promise.finally.completed (C:\Users\alexi\Documents\projects\maicivy\frontend\node_modules\jest-circus\build\jestAdapterInit.js:1557:28)
          at new Promise (<anonymous>)
          at callAsyncCircusFn (C:\Users\alexi\Documents\projects\maicivy\frontend\node_modules\jest-circus\build\jestAdapterInit.js:1497:10)
          at _callCircusTest (C:\Users\alexi\Documents\projects\maicivy\frontend\node_modules\jest-circus\build\jestAdapterInit.js:1007:40)
          at processTicksAndRejections (node:internal/process/task_queues:103:5)
          at _runTest (C:\Users\alexi\Documents\projects\maicivy\frontend\node_modules\jest-circus\build\jestAdapterInit.js:947:3)
          at C:\Users\alexi\Documents\projects\maicivy\frontend\node_modules\jest-circus\build\jestAdapterInit.js:849:7
          at _runTestsForDescribeBlock (C:\Users\alexi\Documents\projects\maicivy\frontend\node_modules\jest-circus\build\jestAdapterInit.js:862:11)
          at _runTestsForDescribeBlock (C:\Users\alexi\Documents\projects\maicivy\frontend\node_modules\jest-circus\build\jestAdapterInit.js:857:11)
          at run (C:\Users\alexi\Documents\projects\maicivy\frontend\node_modules\jest-circus\build\jestAdapterInit.js:761:3)
          at runAndTransformResultsToJestFormat (C:\Users\alexi\Documents\projects\maicivy\frontend\node_modules\jest-circus\build\jestAdapterInit.js:1918:21)
          at jestAdapter (C:\Users\alexi\Documents\projects\maicivy\frontend\node_modules\jest-circus\build\runner.js:101:19)
          at runTestInternal (C:\Users\alexi\Documents\projects\maicivy\frontend\node_modules\jest-runner\build\testWorker.js:275:16)
          at runTest (C:\Users\alexi\Documents\projects\maicivy\frontend\node_modules\jest-runner\build\testWorker.js:343:7)
          at Object.worker (C:\Users\alexi\Documents\projects\maicivy\frontend\node_modules\jest-runner\build\testWorker.js:497:12) {
        detail: Error: Element type is invalid: expected a string (for built-in components) or a class/function (for composite components) but got: undefined. You likely forgot to export your component from the file it's defined in, or you might have mixed up default and named imports.
        
        Check the render method of `TimelineModal`.
            at createFiberFromTypeAndProps (C:\Users\alexi\Documents\projects\maicivy\frontend\node_modules\react-dom\cjs\react-dom.development.js:28478:17)
            at createFiberFromElement (C:\Users\alexi\Documents\projects\maicivy\frontend\node_modules\react-dom\cjs\react-dom.development.js:28504:15)
            at createChild (C:\Users\alexi\Documents\projects\maicivy\frontend\node_modules\react-dom\cjs\react-dom.development.js:13345:28)
            at reconcileChildrenArray (C:\Users\alexi\Documents\projects\maicivy\frontend\node_modules\react-dom\cjs\react-dom.development.js:13640:25)
            at reconcileChildFibers (C:\Users\alexi\Documents\projects\maicivy\frontend\node_modules\react-dom\cjs\react-dom.development.js:14057:16)
            at reconcileChildren (C:\Users\alexi\Documents\projects\maicivy\frontend\node_modules\react-dom\cjs\react-dom.development.js:19186:28)
            at updateHostComponent (C:\Users\alexi\Documents\projects\maicivy\frontend\node_modules\react-dom\cjs\react-dom.development.js:19953:3)
            at beginWork (C:\Users\alexi\Documents\projects\maicivy\frontend\node_modules\react-dom\cjs\react-dom.development.js:21657:14)
            at HTMLUnknownElement.callCallback (C:\Users\alexi\Documents\projects\maicivy\frontend\node_modules\react-dom\cjs\react-dom.development.js:4164:14)
            at HTMLUnknownElement.callTheUserObjectsOperation (C:\Users\alexi\Documents\projects\maicivy\frontend\node_modules\jsdom\lib\jsdom\living\generated\EventListener.js:26:30)
            at innerInvokeEventListeners (C:\Users\alexi\Documents\projects\maicivy\frontend\node_modules\jsdom\lib\jsdom\living\events\EventTarget-impl.js:350:25)
            at invokeEventListeners (C:\Users\alexi\Documents\projects\maicivy\frontend\node_modules\jsdom\lib\jsdom\living\events\EventTarget-impl.js:286:3)
            at HTMLUnknownElementImpl._dispatch (C:\Users\alexi\Documents\projects\maicivy\frontend\node_modules\jsdom\lib\jsdom\living\events\EventTarget-impl.js:233:9)
            at HTMLUnknownElementImpl.dispatchEvent (C:\Users\alexi\Documents\projects\maicivy\frontend\node_modules\jsdom\lib\jsdom\living\events\EventTarget-impl.js:104:17)
            at HTMLUnknownElement.dispatchEvent (C:\Users\alexi\Documents\projects\maicivy\frontend\node_modules\jsdom\lib\jsdom\living\generated\EventTarget.js:241:34)
            at Object.invokeGuardedCallbackDev (C:\Users\alexi\Documents\projects\maicivy\frontend\node_modules\react-dom\cjs\react-dom.development.js:4213:16)
            at invokeGuardedCallback (C:\Users\alexi\Documents\projects\maicivy\frontend\node_modules\react-dom\cjs\react-dom.development.js:4277:31)
            at beginWork$1 (C:\Users\alexi\Documents\projects\maicivy\frontend\node_modules\react-dom\cjs\react-dom.development.js:27490:7)
            at performUnitOfWork (C:\Users\alexi\Documents\projects\maicivy\frontend\node_modules\react-dom\cjs\react-dom.development.js:26599:12)
            at workLoopSync (C:\Users\alexi\Documents\projects\maicivy\frontend\node_modules\react-dom\cjs\react-dom.development.js:26505:5)
            at renderRootSync (C:\Users\alexi\Documents\projects\maicivy\frontend\node_modules\react-dom\cjs\react-dom.development.js:26473:7)
            at recoverFromConcurrentError (C:\Users\alexi\Documents\projects\maicivy\frontend\node_modules\react-dom\cjs\react-dom.development.js:25889:20)
            at performConcurrentWorkOnRoot (C:\Users\alexi\Documents\projects\maicivy\frontend\node_modules\react-dom\cjs\react-dom.development.js:25789:22)
            at flushActQueue (C:\Users\alexi\Documents\projects\maicivy\frontend\node_modules\react\cjs\react.development.js:2667:24)
            at act (C:\Users\alexi\Documents\projects\maicivy\frontend\node_modules\react\cjs\react.development.js:2582:11)
            at C:\Users\alexi\Documents\projects\maicivy\frontend\node_modules\@testing-library\react\dist\act-compat.js:47:25
            at renderRoot (C:\Users\alexi\Documents\projects\maicivy\frontend\node_modules\@testing-library\react\dist\pure.js:190:26)
            at render (C:\Users\alexi\Documents\projects\maicivy\frontend\node_modules\@testing-library\react\dist\pure.js:292:10)
            at Object.<anonymous> (C:\Users\alexi\Documents\projects\maicivy\frontend\components\__tests__\TimelineModal.test.tsx:188:11)
            at Promise.finally.completed (C:\Users\alexi\Documents\projects\maicivy\frontend\node_modules\jest-circus\build\jestAdapterInit.js:1557:28)
            at new Promise (<anonymous>)
            at callAsyncCircusFn (C:\Users\alexi\Documents\projects\maicivy\frontend\node_modules\jest-circus\build\jestAdapterInit.js:1497:10)
            at _callCircusTest (C:\Users\alexi\Documents\projects\maicivy\frontend\node_modules\jest-circus\build\jestAdapterInit.js:1007:40)
            at processTicksAndRejections (node:internal/process/task_queues:103:5)
            at _runTest (C:\Users\alexi\Documents\projects\maicivy\frontend\node_modules\jest-circus\build\jestAdapterInit.js:947:3)
            at C:\Users\alexi\Documents\projects\maicivy\frontend\node_modules\jest-circus\build\jestAdapterInit.js:849:7
            at _runTestsForDescribeBlock (C:\Users\alexi\Documents\projects\maicivy\frontend\node_modules\jest-circus\build\jestAdapterInit.js:862:11)
            at _runTestsForDescribeBlock (C:\Users\alexi\Documents\projects\maicivy\frontend\node_modules\jest-circus\build\jestAdapterInit.js:857:11)
            at run (C:\Users\alexi\Documents\projects\maicivy\frontend\node_modules\jest-circus\build\jestAdapterInit.js:761:3)
            at runAndTransformResultsToJestFormat (C:\Users\alexi\Documents\projects\maicivy\frontend\node_modules\jest-circus\build\jestAdapterInit.js:1918:21)
            at jestAdapter (C:\Users\alexi\Documents\projects\maicivy\frontend\node_modules\jest-circus\build\runner.js:101:19)
            at runTestInternal (C:\Users\alexi\Documents\projects\maicivy\frontend\node_modules\jest-runner\build\testWorker.js:275:16)
            at runTest (C:\Users\alexi\Documents\projects\maicivy\frontend\node_modules\jest-runner\build\testWorker.js:343:7)
            at Object.worker (C:\Users\alexi\Documents\projects\maicivy\frontend\node_modules\jest-runner\build\testWorker.js:497:12),
        type: 'unhandled exception'
      }

    [0m [90m 186 |[39m     }[33m;[39m
     [90m 187 |[39m
    [31m[1m>[22m[39m[90m 188 |[39m     render([33m<[39m[33mTimelineModal[39m event[33m=[39m{eventWithoutLinks} onClose[33m=[39m{jest[33m.[39mfn()} [33m/[39m[33m>[39m)[33m;[39m
     [90m     |[39m           [31m[1m^[22m[39m
     [90m 189 |[39m
     [90m 190 |[39m     expect(screen[33m.[39mqueryByText([32m'Liens'[39m))[33m.[39mnot[33m.[39mtoBeInTheDocument()[33m;[39m
     [90m 191 |[39m   })[33m;[39m[0m

      at VirtualConsole.<anonymous> (node_modules/@jest/environment-jsdom-abstract/build/index.js:87:23)
      at reportException (node_modules/jsdom/lib/jsdom/living/helpers/runtime-script-errors.js:70:28)
      at innerInvokeEventListeners (node_modules/jsdom/lib/jsdom/living/events/EventTarget-impl.js:353:9)
      at invokeEventListeners (node_modules/jsdom/lib/jsdom/living/events/EventTarget-impl.js:286:3)
      at HTMLUnknownElementImpl._dispatch (node_modules/jsdom/lib/jsdom/living/events/EventTarget-impl.js:233:9)
      at HTMLUnknownElementImpl.dispatchEvent (node_modules/jsdom/lib/jsdom/living/events/EventTarget-impl.js:104:17)
      at HTMLUnknownElement.dispatchEvent (node_modules/jsdom/lib/jsdom/living/generated/EventTarget.js:241:34)
      at Object.invokeGuardedCallbackDev (node_modules/react-dom/cjs/react-dom.development.js:4213:16)
      at invokeGuardedCallback (node_modules/react-dom/cjs/react-dom.development.js:4277:31)
      at beginWork$1 (node_modules/react-dom/cjs/react-dom.development.js:27490:7)
      at performUnitOfWork (node_modules/react-dom/cjs/react-dom.development.js:26599:12)
      at workLoopSync (node_modules/react-dom/cjs/react-dom.development.js:26505:5)
      at renderRootSync (node_modules/react-dom/cjs/react-dom.development.js:26473:7)
      at recoverFromConcurrentError (node_modules/react-dom/cjs/react-dom.development.js:25889:20)
      at performConcurrentWorkOnRoot (node_modules/react-dom/cjs/react-dom.development.js:25789:22)
      at flushActQueue (node_modules/react/cjs/react.development.js:2667:24)
      at act (node_modules/react/cjs/react.development.js:2582:11)
      at node_modules/@testing-library/react/dist/act-compat.js:47:25
      at renderRoot (node_modules/@testing-library/react/dist/pure.js:190:26)
      at render (node_modules/@testing-library/react/dist/pure.js:292:10)
      at Object.<anonymous> (components/__tests__/TimelineModal.test.tsx:188:11)

    console.error
      The above error occurred in the <div> component:
      
          at div
          at div
          at div
          at div
          at children (C:\Users\alexi\Documents\projects\maicivy\frontend\components\__tests__\TimelineModal.test.tsx:8:13)
          at div
          at children (C:\Users\alexi\Documents\projects\maicivy\frontend\components\__tests__\TimelineModal.test.tsx:8:13)
          at children (C:\Users\alexi\Documents\projects\maicivy\frontend\components\__tests__\TimelineModal.test.tsx:12:23)
          at event (C:\Users\alexi\Documents\projects\maicivy\frontend\components\timeline\TimelineModal.tsx:13:56)
      
      Consider adding an error boundary to your tree to customize error handling behavior.
      Visit https://reactjs.org/link/error-boundaries to learn more about error boundaries.

    [0m [90m 186 |[39m     }[33m;[39m
     [90m 187 |[39m
    [31m[1m>[22m[39m[90m 188 |[39m     render([33m<[39m[33mTimelineModal[39m event[33m=[39m{eventWithoutLinks} onClose[33m=[39m{jest[33m.[39mfn()} [33m/[39m[33m>[39m)[33m;[39m
     [90m     |[39m           [31m[1m^[22m[39m
     [90m 189 |[39m
     [90m 190 |[39m     expect(screen[33m.[39mqueryByText([32m'Liens'[39m))[33m.[39mnot[33m.[39mtoBeInTheDocument()[33m;[39m
     [90m 191 |[39m   })[33m;[39m[0m

      at logCapturedError (node_modules/react-dom/cjs/react-dom.development.js:18704:23)
      at update.callback (node_modules/react-dom/cjs/react-dom.development.js:18737:5)
      at callCallback (node_modules/react-dom/cjs/react-dom.development.js:15036:12)
      at commitUpdateQueue (node_modules/react-dom/cjs/react-dom.development.js:15057:9)
      at commitLayoutEffectOnFiber (node_modules/react-dom/cjs/react-dom.development.js:23430:13)
      at commitLayoutMountEffects_complete (node_modules/react-dom/cjs/react-dom.development.js:24727:9)
      at commitLayoutEffects_begin (node_modules/react-dom/cjs/react-dom.development.js:24713:7)
      at commitLayoutEffects (node_modules/react-dom/cjs/react-dom.development.js:24651:3)
      at commitRootImpl (node_modules/react-dom/cjs/react-dom.development.js:26862:5)
      at commitRoot (node_modules/react-dom/cjs/react-dom.development.js:26721:5)
      at finishConcurrentRender (node_modules/react-dom/cjs/react-dom.development.js:25931:9)
      at performConcurrentWorkOnRoot (node_modules/react-dom/cjs/react-dom.development.js:25848:7)
      at flushActQueue (node_modules/react/cjs/react.development.js:2667:24)
      at act (node_modules/react/cjs/react.development.js:2582:11)
      at node_modules/@testing-library/react/dist/act-compat.js:47:25
      at renderRoot (node_modules/@testing-library/react/dist/pure.js:190:26)
      at render (node_modules/@testing-library/react/dist/pure.js:292:10)
      at Object.<anonymous> (components/__tests__/TimelineModal.test.tsx:188:11)

    console.error
      Warning: React.jsx: type is invalid -- expected a string (for built-in components) or a class/function (for composite components) but got: undefined. You likely forgot to export your component from the file it's defined in, or you might have mixed up default and named imports.
      
      Check the render method of `TimelineModal`.
          at event (C:\Users\alexi\Documents\projects\maicivy\frontend\components\timeline\TimelineModal.tsx:13:56)

    [0m [90m 151 |[39m                 [33m<[39m[33mdiv[39m className[33m=[39m[32m"flex flex-wrap gap-2"[39m[33m>[39m
     [90m 152 |[39m                   {event[33m.[39mtags[33m.[39mmap((tag) [33m=>[39m (
    [31m[1m>[22m[39m[90m 153 |[39m                     [33m<[39m[33mmotion[39m[33m.[39mspan
     [90m     |[39m                     [31m[1m^[22m[39m
     [90m 154 |[39m                       key[33m=[39m{tag}
     [90m 155 |[39m                       whileHover[33m=[39m{{ scale[33m:[39m [35m1.05[39m }}
     [90m 156 |[39m                       className[33m=[39m[32m"px-4 py-2 bg-blue-500 text-white text-sm font-medium rounded-full shadow-sm"[39m[0m

      at printWarning (node_modules/react/cjs/react-jsx-runtime.development.js:87:30)
      at error (node_modules/react/cjs/react-jsx-runtime.development.js:61:7)
      at jsxWithValidation (node_modules/react/cjs/react-jsx-runtime.development.js:1245:7)
      at jsxWithValidationDynamic (node_modules/react/cjs/react-jsx-runtime.development.js:1320:12)
      at components/timeline/TimelineModal.tsx:153:21
          at Array.map (<anonymous>)
      at map (components/timeline/TimelineModal.tsx:152:31)
      at renderWithHooks (node_modules/react-dom/cjs/react-dom.development.js:15486:18)
      at mountIndeterminateComponent (node_modules/react-dom/cjs/react-dom.development.js:20103:13)
      at beginWork (node_modules/react-dom/cjs/react-dom.development.js:21626:16)
      at beginWork$1 (node_modules/react-dom/cjs/react-dom.development.js:27465:14)
      at performUnitOfWork (node_modules/react-dom/cjs/react-dom.development.js:26599:12)
      at workLoopSync (node_modules/react-dom/cjs/react-dom.development.js:26505:5)
      at renderRootSync (node_modules/react-dom/cjs/react-dom.development.js:26473:7)
      at performConcurrentWorkOnRoot (node_modules/react-dom/cjs/react-dom.development.js:25777:74)
      at flushActQueue (node_modules/react/cjs/react.development.js:2667:24)
      at act (node_modules/react/cjs/react.development.js:2582:11)
      at node_modules/@testing-library/react/dist/act-compat.js:47:25
      at renderRoot (node_modules/@testing-library/react/dist/pure.js:190:26)
      at render (node_modules/@testing-library/react/dist/pure.js:292:10)
      at Object.<anonymous> (components/__tests__/TimelineModal.test.tsx:196:11)

    console.error
      Warning: React.jsx: type is invalid -- expected a string (for built-in components) or a class/function (for composite components) but got: undefined. You likely forgot to export your component from the file it's defined in, or you might have mixed up default and named imports.
      
      Check the render method of `TimelineModal`.
          at event (C:\Users\alexi\Documents\projects\maicivy\frontend\components\timeline\TimelineModal.tsx:13:56)

    [0m [90m 151 |[39m                 [33m<[39m[33mdiv[39m className[33m=[39m[32m"flex flex-wrap gap-2"[39m[33m>[39m
     [90m 152 |[39m                   {event[33m.[39mtags[33m.[39mmap((tag) [33m=>[39m (
    [31m[1m>[22m[39m[90m 153 |[39m                     [33m<[39m[33mmotion[39m[33m.[39mspan
     [90m     |[39m                     [31m[1m^[22m[39m
     [90m 154 |[39m                       key[33m=[39m{tag}
     [90m 155 |[39m                       whileHover[33m=[39m{{ scale[33m:[39m [35m1.05[39m }}
     [90m 156 |[39m                       className[33m=[39m[32m"px-4 py-2 bg-blue-500 text-white text-sm font-medium rounded-full shadow-sm"[39m[0m

      at printWarning (node_modules/react/cjs/react-jsx-runtime.development.js:87:30)
      at error (node_modules/react/cjs/react-jsx-runtime.development.js:61:7)
      at jsxWithValidation (node_modules/react/cjs/react-jsx-runtime.development.js:1245:7)
      at jsxWithValidationDynamic (node_modules/react/cjs/react-jsx-runtime.development.js:1320:12)
      at components/timeline/TimelineModal.tsx:153:21
          at Array.map (<anonymous>)
      at map (components/timeline/TimelineModal.tsx:152:31)
      at renderWithHooks (node_modules/react-dom/cjs/react-dom.development.js:15486:18)
      at mountIndeterminateComponent (node_modules/react-dom/cjs/react-dom.development.js:20103:13)
      at beginWork (node_modules/react-dom/cjs/react-dom.development.js:21626:16)
      at beginWork$1 (node_modules/react-dom/cjs/react-dom.development.js:27465:14)
      at performUnitOfWork (node_modules/react-dom/cjs/react-dom.development.js:26599:12)
      at workLoopSync (node_modules/react-dom/cjs/react-dom.development.js:26505:5)
      at renderRootSync (node_modules/react-dom/cjs/react-dom.development.js:26473:7)
      at performConcurrentWorkOnRoot (node_modules/react-dom/cjs/react-dom.development.js:25777:74)
      at flushActQueue (node_modules/react/cjs/react.development.js:2667:24)
      at act (node_modules/react/cjs/react.development.js:2582:11)
      at node_modules/@testing-library/react/dist/act-compat.js:47:25
      at renderRoot (node_modules/@testing-library/react/dist/pure.js:190:26)
      at render (node_modules/@testing-library/react/dist/pure.js:292:10)
      at Object.<anonymous> (components/__tests__/TimelineModal.test.tsx:196:11)

    console.error
      Warning: React.jsx: type is invalid -- expected a string (for built-in components) or a class/function (for composite components) but got: undefined. You likely forgot to export your component from the file it's defined in, or you might have mixed up default and named imports.
      
      Check the render method of `TimelineModal`.
          at event (C:\Users\alexi\Documents\projects\maicivy\frontend\components\timeline\TimelineModal.tsx:13:56)

    [0m [90m 151 |[39m                 [33m<[39m[33mdiv[39m className[33m=[39m[32m"flex flex-wrap gap-2"[39m[33m>[39m
     [90m 152 |[39m                   {event[33m.[39mtags[33m.[39mmap((tag) [33m=>[39m (
    [31m[1m>[22m[39m[90m 153 |[39m                     [33m<[39m[33mmotion[39m[33m.[39mspan
     [90m     |[39m                     [31m[1m^[22m[39m
     [90m 154 |[39m                       key[33m=[39m{tag}
     [90m 155 |[39m                       whileHover[33m=[39m{{ scale[33m:[39m [35m1.05[39m }}
     [90m 156 |[39m                       className[33m=[39m[32m"px-4 py-2 bg-blue-500 text-white text-sm font-medium rounded-full shadow-sm"[39m[0m

      at printWarning (node_modules/react/cjs/react-jsx-runtime.development.js:87:30)
      at error (node_modules/react/cjs/react-jsx-runtime.development.js:61:7)
      at jsxWithValidation (node_modules/react/cjs/react-jsx-runtime.development.js:1245:7)
      at jsxWithValidationDynamic (node_modules/react/cjs/react-jsx-runtime.development.js:1320:12)
      at components/timeline/TimelineModal.tsx:153:21
          at Array.map (<anonymous>)
      at map (components/timeline/TimelineModal.tsx:152:31)
      at renderWithHooks (node_modules/react-dom/cjs/react-dom.development.js:15486:18)
      at mountIndeterminateComponent (node_modules/react-dom/cjs/react-dom.development.js:20103:13)
      at beginWork (node_modules/react-dom/cjs/react-dom.development.js:21626:16)
      at beginWork$1 (node_modules/react-dom/cjs/react-dom.development.js:27465:14)
      at performUnitOfWork (node_modules/react-dom/cjs/react-dom.development.js:26599:12)
      at workLoopSync (node_modules/react-dom/cjs/react-dom.development.js:26505:5)
      at renderRootSync (node_modules/react-dom/cjs/react-dom.development.js:26473:7)
      at performConcurrentWorkOnRoot (node_modules/react-dom/cjs/react-dom.development.js:25777:74)
      at flushActQueue (node_modules/react/cjs/react.development.js:2667:24)
      at act (node_modules/react/cjs/react.development.js:2582:11)
      at node_modules/@testing-library/react/dist/act-compat.js:47:25
      at renderRoot (node_modules/@testing-library/react/dist/pure.js:190:26)
      at render (node_modules/@testing-library/react/dist/pure.js:292:10)
      at Object.<anonymous> (components/__tests__/TimelineModal.test.tsx:196:11)

    console.error
      Warning: React.jsx: type is invalid -- expected a string (for built-in components) or a class/function (for composite components) but got: undefined. You likely forgot to export your component from the file it's defined in, or you might have mixed up default and named imports.
      
      Check the render method of `TimelineModal`.
          at event (C:\Users\alexi\Documents\projects\maicivy\frontend\components\timeline\TimelineModal.tsx:13:56)

    [0m [90m 151 |[39m                 [33m<[39m[33mdiv[39m className[33m=[39m[32m"flex flex-wrap gap-2"[39m[33m>[39m
     [90m 152 |[39m                   {event[33m.[39mtags[33m.[39mmap((tag) [33m=>[39m (
    [31m[1m>[22m[39m[90m 153 |[39m                     [33m<[39m[33mmotion[39m[33m.[39mspan
     [90m     |[39m                     [31m[1m^[22m[39m
     [90m 154 |[39m                       key[33m=[39m{tag}
     [90m 155 |[39m                       whileHover[33m=[39m{{ scale[33m:[39m [35m1.05[39m }}
     [90m 156 |[39m                       className[33m=[39m[32m"px-4 py-2 bg-blue-500 text-white text-sm font-medium rounded-full shadow-sm"[39m[0m

      at printWarning (node_modules/react/cjs/react-jsx-runtime.development.js:87:30)
      at error (node_modules/react/cjs/react-jsx-runtime.development.js:61:7)
      at jsxWithValidation (node_modules/react/cjs/react-jsx-runtime.development.js:1245:7)
      at jsxWithValidationDynamic (node_modules/react/cjs/react-jsx-runtime.development.js:1320:12)
      at components/timeline/TimelineModal.tsx:153:21
          at Array.map (<anonymous>)
      at map (components/timeline/TimelineModal.tsx:152:31)
      at renderWithHooks (node_modules/react-dom/cjs/react-dom.development.js:15486:18)
      at mountIndeterminateComponent (node_modules/react-dom/cjs/react-dom.development.js:20103:13)
      at beginWork (node_modules/react-dom/cjs/react-dom.development.js:21626:16)
      at beginWork$1 (node_modules/react-dom/cjs/react-dom.development.js:27465:14)
      at performUnitOfWork (node_modules/react-dom/cjs/react-dom.development.js:26599:12)
      at workLoopSync (node_modules/react-dom/cjs/react-dom.development.js:26505:5)
      at renderRootSync (node_modules/react-dom/cjs/react-dom.development.js:26473:7)
      at performConcurrentWorkOnRoot (node_modules/react-dom/cjs/react-dom.development.js:25777:74)
      at flushActQueue (node_modules/react/cjs/react.development.js:2667:24)
      at act (node_modules/react/cjs/react.development.js:2582:11)
      at node_modules/@testing-library/react/dist/act-compat.js:47:25
      at renderRoot (node_modules/@testing-library/react/dist/pure.js:190:26)
      at render (node_modules/@testing-library/react/dist/pure.js:292:10)
      at Object.<anonymous> (components/__tests__/TimelineModal.test.tsx:196:11)

    console.error
      Warning: React.jsx: type is invalid -- expected a string (for built-in components) or a class/function (for composite components) but got: undefined. You likely forgot to export your component from the file it's defined in, or you might have mixed up default and named imports.
      
      Check the render method of `TimelineModal`.
          at event (C:\Users\alexi\Documents\projects\maicivy\frontend\components\timeline\TimelineModal.tsx:13:56)

    [0m [90m 151 |[39m                 [33m<[39m[33mdiv[39m className[33m=[39m[32m"flex flex-wrap gap-2"[39m[33m>[39m
     [90m 152 |[39m                   {event[33m.[39mtags[33m.[39mmap((tag) [33m=>[39m (
    [31m[1m>[22m[39m[90m 153 |[39m                     [33m<[39m[33mmotion[39m[33m.[39mspan
     [90m     |[39m                     [31m[1m^[22m[39m
     [90m 154 |[39m                       key[33m=[39m{tag}
     [90m 155 |[39m                       whileHover[33m=[39m{{ scale[33m:[39m [35m1.05[39m }}
     [90m 156 |[39m                       className[33m=[39m[32m"px-4 py-2 bg-blue-500 text-white text-sm font-medium rounded-full shadow-sm"[39m[0m

      at printWarning (node_modules/react/cjs/react-jsx-runtime.development.js:87:30)
      at error (node_modules/react/cjs/react-jsx-runtime.development.js:61:7)
      at jsxWithValidation (node_modules/react/cjs/react-jsx-runtime.development.js:1245:7)
      at jsxWithValidationDynamic (node_modules/react/cjs/react-jsx-runtime.development.js:1320:12)
      at components/timeline/TimelineModal.tsx:153:21
          at Array.map (<anonymous>)
      at map (components/timeline/TimelineModal.tsx:152:31)
      at renderWithHooks (node_modules/react-dom/cjs/react-dom.development.js:15486:18)
      at mountIndeterminateComponent (node_modules/react-dom/cjs/react-dom.development.js:20103:13)
      at beginWork (node_modules/react-dom/cjs/react-dom.development.js:21626:16)
      at beginWork$1 (node_modules/react-dom/cjs/react-dom.development.js:27465:14)
      at performUnitOfWork (node_modules/react-dom/cjs/react-dom.development.js:26599:12)
      at workLoopSync (node_modules/react-dom/cjs/react-dom.development.js:26505:5)
      at renderRootSync (node_modules/react-dom/cjs/react-dom.development.js:26473:7)
      at performConcurrentWorkOnRoot (node_modules/react-dom/cjs/react-dom.development.js:25777:74)
      at flushActQueue (node_modules/react/cjs/react.development.js:2667:24)
      at act (node_modules/react/cjs/react.development.js:2582:11)
      at node_modules/@testing-library/react/dist/act-compat.js:47:25
      at renderRoot (node_modules/@testing-library/react/dist/pure.js:190:26)
      at render (node_modules/@testing-library/react/dist/pure.js:292:10)
      at Object.<anonymous> (components/__tests__/TimelineModal.test.tsx:196:11)

    console.error
      Error: Uncaught [Error: Element type is invalid: expected a string (for built-in components) or a class/function (for composite components) but got: undefined. You likely forgot to export your component from the file it's defined in, or you might have mixed up default and named imports.
      
      Check the render method of `TimelineModal`.]
          at reportException (C:\Users\alexi\Documents\projects\maicivy\frontend\node_modules\jsdom\lib\jsdom\living\helpers\runtime-script-errors.js:66:24)
          at innerInvokeEventListeners (C:\Users\alexi\Documents\projects\maicivy\frontend\node_modules\jsdom\lib\jsdom\living\events\EventTarget-impl.js:353:9)
          at invokeEventListeners (C:\Users\alexi\Documents\projects\maicivy\frontend\node_modules\jsdom\lib\jsdom\living\events\EventTarget-impl.js:286:3)
          at HTMLUnknownElementImpl._dispatch (C:\Users\alexi\Documents\projects\maicivy\frontend\node_modules\jsdom\lib\jsdom\living\events\EventTarget-impl.js:233:9)
          at HTMLUnknownElementImpl.dispatchEvent (C:\Users\alexi\Documents\projects\maicivy\frontend\node_modules\jsdom\lib\jsdom\living\events\EventTarget-impl.js:104:17)
          at HTMLUnknownElement.dispatchEvent (C:\Users\alexi\Documents\projects\maicivy\frontend\node_modules\jsdom\lib\jsdom\living\generated\EventTarget.js:241:34)
          at Object.invokeGuardedCallbackDev (C:\Users\alexi\Documents\projects\maicivy\frontend\node_modules\react-dom\cjs\react-dom.development.js:4213:16)
          at invokeGuardedCallback (C:\Users\alexi\Documents\projects\maicivy\frontend\node_modules\react-dom\cjs\react-dom.development.js:4277:31)
          at beginWork$1 (C:\Users\alexi\Documents\projects\maicivy\frontend\node_modules\react-dom\cjs\react-dom.development.js:27490:7)
          at performUnitOfWork (C:\Users\alexi\Documents\projects\maicivy\frontend\node_modules\react-dom\cjs\react-dom.development.js:26599:12)
          at workLoopSync (C:\Users\alexi\Documents\projects\maicivy\frontend\node_modules\react-dom\cjs\react-dom.development.js:26505:5)
          at renderRootSync (C:\Users\alexi\Documents\projects\maicivy\frontend\node_modules\react-dom\cjs\react-dom.development.js:26473:7)
          at performConcurrentWorkOnRoot (C:\Users\alexi\Documents\projects\maicivy\frontend\node_modules\react-dom\cjs\react-dom.development.js:25777:74)
          at flushActQueue (C:\Users\alexi\Documents\projects\maicivy\frontend\node_modules\react\cjs\react.development.js:2667:24)
          at act (C:\Users\alexi\Documents\projects\maicivy\frontend\node_modules\react\cjs\react.development.js:2582:11)
          at C:\Users\alexi\Documents\projects\maicivy\frontend\node_modules\@testing-library\react\dist\act-compat.js:47:25
          at renderRoot (C:\Users\alexi\Documents\projects\maicivy\frontend\node_modules\@testing-library\react\dist\pure.js:190:26)
          at render (C:\Users\alexi\Documents\projects\maicivy\frontend\node_modules\@testing-library\react\dist\pure.js:292:10)
          at Object.<anonymous> (C:\Users\alexi\Documents\projects\maicivy\frontend\components\__tests__\TimelineModal.test.tsx:196:11)
          at Promise.finally.completed (C:\Users\alexi\Documents\projects\maicivy\frontend\node_modules\jest-circus\build\jestAdapterInit.js:1557:28)
          at new Promise (<anonymous>)
          at callAsyncCircusFn (C:\Users\alexi\Documents\projects\maicivy\frontend\node_modules\jest-circus\build\jestAdapterInit.js:1497:10)
          at _callCircusTest (C:\Users\alexi\Documents\projects\maicivy\frontend\node_modules\jest-circus\build\jestAdapterInit.js:1007:40)
          at processTicksAndRejections (node:internal/process/task_queues:103:5)
          at _runTest (C:\Users\alexi\Documents\projects\maicivy\frontend\node_modules\jest-circus\build\jestAdapterInit.js:947:3)
          at C:\Users\alexi\Documents\projects\maicivy\frontend\node_modules\jest-circus\build\jestAdapterInit.js:849:7
          at _runTestsForDescribeBlock (C:\Users\alexi\Documents\projects\maicivy\frontend\node_modules\jest-circus\build\jestAdapterInit.js:862:11)
          at _runTestsForDescribeBlock (C:\Users\alexi\Documents\projects\maicivy\frontend\node_modules\jest-circus\build\jestAdapterInit.js:857:11)
          at run (C:\Users\alexi\Documents\projects\maicivy\frontend\node_modules\jest-circus\build\jestAdapterInit.js:761:3)
          at runAndTransformResultsToJestFormat (C:\Users\alexi\Documents\projects\maicivy\frontend\node_modules\jest-circus\build\jestAdapterInit.js:1918:21)
          at jestAdapter (C:\Users\alexi\Documents\projects\maicivy\frontend\node_modules\jest-circus\build\runner.js:101:19)
          at runTestInternal (C:\Users\alexi\Documents\projects\maicivy\frontend\node_modules\jest-runner\build\testWorker.js:275:16)
          at runTest (C:\Users\alexi\Documents\projects\maicivy\frontend\node_modules\jest-runner\build\testWorker.js:343:7)
          at Object.worker (C:\Users\alexi\Documents\projects\maicivy\frontend\node_modules\jest-runner\build\testWorker.js:497:12) {
        detail: Error: Element type is invalid: expected a string (for built-in components) or a class/function (for composite components) but got: undefined. You likely forgot to export your component from the file it's defined in, or you might have mixed up default and named imports.
        
        Check the render method of `TimelineModal`.
            at createFiberFromTypeAndProps (C:\Users\alexi\Documents\projects\maicivy\frontend\node_modules\react-dom\cjs\react-dom.development.js:28478:17)
            at createFiberFromElement (C:\Users\alexi\Documents\projects\maicivy\frontend\node_modules\react-dom\cjs\react-dom.development.js:28504:15)
            at createChild (C:\Users\alexi\Documents\projects\maicivy\frontend\node_modules\react-dom\cjs\react-dom.development.js:13345:28)
            at reconcileChildrenArray (C:\Users\alexi\Documents\projects\maicivy\frontend\node_modules\react-dom\cjs\react-dom.development.js:13640:25)
            at reconcileChildFibers (C:\Users\alexi\Documents\projects\maicivy\frontend\node_modules\react-dom\cjs\react-dom.development.js:14057:16)
            at reconcileChildren (C:\Users\alexi\Documents\projects\maicivy\frontend\node_modules\react-dom\cjs\react-dom.development.js:19186:28)
            at updateHostComponent (C:\Users\alexi\Documents\projects\maicivy\frontend\node_modules\react-dom\cjs\react-dom.development.js:19953:3)
            at beginWork (C:\Users\alexi\Documents\projects\maicivy\frontend\node_modules\react-dom\cjs\react-dom.development.js:21657:14)
            at HTMLUnknownElement.callCallback (C:\Users\alexi\Documents\projects\maicivy\frontend\node_modules\react-dom\cjs\react-dom.development.js:4164:14)
            at HTMLUnknownElement.callTheUserObjectsOperation (C:\Users\alexi\Documents\projects\maicivy\frontend\node_modules\jsdom\lib\jsdom\living\generated\EventListener.js:26:30)
            at innerInvokeEventListeners (C:\Users\alexi\Documents\projects\maicivy\frontend\node_modules\jsdom\lib\jsdom\living\events\EventTarget-impl.js:350:25)
            at invokeEventListeners (C:\Users\alexi\Documents\projects\maicivy\frontend\node_modules\jsdom\lib\jsdom\living\events\EventTarget-impl.js:286:3)
            at HTMLUnknownElementImpl._dispatch (C:\Users\alexi\Documents\projects\maicivy\frontend\node_modules\jsdom\lib\jsdom\living\events\EventTarget-impl.js:233:9)
            at HTMLUnknownElementImpl.dispatchEvent (C:\Users\alexi\Documents\projects\maicivy\frontend\node_modules\jsdom\lib\jsdom\living\events\EventTarget-impl.js:104:17)
            at HTMLUnknownElement.dispatchEvent (C:\Users\alexi\Documents\projects\maicivy\frontend\node_modules\jsdom\lib\jsdom\living\generated\EventTarget.js:241:34)
            at Object.invokeGuardedCallbackDev (C:\Users\alexi\Documents\projects\maicivy\frontend\node_modules\react-dom\cjs\react-dom.development.js:4213:16)
            at invokeGuardedCallback (C:\Users\alexi\Documents\projects\maicivy\frontend\node_modules\react-dom\cjs\react-dom.development.js:4277:31)
            at beginWork$1 (C:\Users\alexi\Documents\projects\maicivy\frontend\node_modules\react-dom\cjs\react-dom.development.js:27490:7)
            at performUnitOfWork (C:\Users\alexi\Documents\projects\maicivy\frontend\node_modules\react-dom\cjs\react-dom.development.js:26599:12)
            at workLoopSync (C:\Users\alexi\Documents\projects\maicivy\frontend\node_modules\react-dom\cjs\react-dom.development.js:26505:5)
            at renderRootSync (C:\Users\alexi\Documents\projects\maicivy\frontend\node_modules\react-dom\cjs\react-dom.development.js:26473:7)
            at performConcurrentWorkOnRoot (C:\Users\alexi\Documents\projects\maicivy\frontend\node_modules\react-dom\cjs\react-dom.development.js:25777:74)
            at flushActQueue (C:\Users\alexi\Documents\projects\maicivy\frontend\node_modules\react\cjs\react.development.js:2667:24)
            at act (C:\Users\alexi\Documents\projects\maicivy\frontend\node_modules\react\cjs\react.development.js:2582:11)
            at C:\Users\alexi\Documents\projects\maicivy\frontend\node_modules\@testing-library\react\dist\act-compat.js:47:25
            at renderRoot (C:\Users\alexi\Documents\projects\maicivy\frontend\node_modules\@testing-library\react\dist\pure.js:190:26)
            at render (C:\Users\alexi\Documents\projects\maicivy\frontend\node_modules\@testing-library\react\dist\pure.js:292:10)
            at Object.<anonymous> (C:\Users\alexi\Documents\projects\maicivy\frontend\components\__tests__\TimelineModal.test.tsx:196:11)
            at Promise.finally.completed (C:\Users\alexi\Documents\projects\maicivy\frontend\node_modules\jest-circus\build\jestAdapterInit.js:1557:28)
            at new Promise (<anonymous>)
            at callAsyncCircusFn (C:\Users\alexi\Documents\projects\maicivy\frontend\node_modules\jest-circus\build\jestAdapterInit.js:1497:10)
            at _callCircusTest (C:\Users\alexi\Documents\projects\maicivy\frontend\node_modules\jest-circus\build\jestAdapterInit.js:1007:40)
            at processTicksAndRejections (node:internal/process/task_queues:103:5)
            at _runTest (C:\Users\alexi\Documents\projects\maicivy\frontend\node_modules\jest-circus\build\jestAdapterInit.js:947:3)
            at C:\Users\alexi\Documents\projects\maicivy\frontend\node_modules\jest-circus\build\jestAdapterInit.js:849:7
            at _runTestsForDescribeBlock (C:\Users\alexi\Documents\projects\maicivy\frontend\node_modules\jest-circus\build\jestAdapterInit.js:862:11)
            at _runTestsForDescribeBlock (C:\Users\alexi\Documents\projects\maicivy\frontend\node_modules\jest-circus\build\jestAdapterInit.js:857:11)
            at run (C:\Users\alexi\Documents\projects\maicivy\frontend\node_modules\jest-circus\build\jestAdapterInit.js:761:3)
            at runAndTransformResultsToJestFormat (C:\Users\alexi\Documents\projects\maicivy\frontend\node_modules\jest-circus\build\jestAdapterInit.js:1918:21)
            at jestAdapter (C:\Users\alexi\Documents\projects\maicivy\frontend\node_modules\jest-circus\build\runner.js:101:19)
            at runTestInternal (C:\Users\alexi\Documents\projects\maicivy\frontend\node_modules\jest-runner\build\testWorker.js:275:16)
            at runTest (C:\Users\alexi\Documents\projects\maicivy\frontend\node_modules\jest-runner\build\testWorker.js:343:7)
            at Object.worker (C:\Users\alexi\Documents\projects\maicivy\frontend\node_modules\jest-runner\build\testWorker.js:497:12),
        type: 'unhandled exception'
      }

    [0m [90m 194 |[39m     [36mconst[39m onClose [33m=[39m jest[33m.[39mfn()[33m;[39m
     [90m 195 |[39m
    [31m[1m>[22m[39m[90m 196 |[39m     render([33m<[39m[33mTimelineModal[39m event[33m=[39m{mockEvent} onClose[33m=[39m{onClose} [33m/[39m[33m>[39m)[33m;[39m
     [90m     |[39m           [31m[1m^[22m[39m
     [90m 197 |[39m
     [90m 198 |[39m     [36mconst[39m closeButtons [33m=[39m screen[33m.[39mgetAllByText([32m'Fermer'[39m)[33m;[39m
     [90m 199 |[39m     fireEvent[33m.[39mclick(closeButtons[[35m0[39m])[33m;[39m[0m

      at VirtualConsole.<anonymous> (node_modules/@jest/environment-jsdom-abstract/build/index.js:87:23)
      at reportException (node_modules/jsdom/lib/jsdom/living/helpers/runtime-script-errors.js:70:28)
      at innerInvokeEventListeners (node_modules/jsdom/lib/jsdom/living/events/EventTarget-impl.js:353:9)
      at invokeEventListeners (node_modules/jsdom/lib/jsdom/living/events/EventTarget-impl.js:286:3)
      at HTMLUnknownElementImpl._dispatch (node_modules/jsdom/lib/jsdom/living/events/EventTarget-impl.js:233:9)
      at HTMLUnknownElementImpl.dispatchEvent (node_modules/jsdom/lib/jsdom/living/events/EventTarget-impl.js:104:17)
      at HTMLUnknownElement.dispatchEvent (node_modules/jsdom/lib/jsdom/living/generated/EventTarget.js:241:34)
      at Object.invokeGuardedCallbackDev (node_modules/react-dom/cjs/react-dom.development.js:4213:16)
      at invokeGuardedCallback (node_modules/react-dom/cjs/react-dom.development.js:4277:31)
      at beginWork$1 (node_modules/react-dom/cjs/react-dom.development.js:27490:7)
      at performUnitOfWork (node_modules/react-dom/cjs/react-dom.development.js:26599:12)
      at workLoopSync (node_modules/react-dom/cjs/react-dom.development.js:26505:5)
      at renderRootSync (node_modules/react-dom/cjs/react-dom.development.js:26473:7)
      at performConcurrentWorkOnRoot (node_modules/react-dom/cjs/react-dom.development.js:25777:74)
      at flushActQueue (node_modules/react/cjs/react.development.js:2667:24)
      at act (node_modules/react/cjs/react.development.js:2582:11)
      at node_modules/@testing-library/react/dist/act-compat.js:47:25
      at renderRoot (node_modules/@testing-library/react/dist/pure.js:190:26)
      at render (node_modules/@testing-library/react/dist/pure.js:292:10)
      at Object.<anonymous> (components/__tests__/TimelineModal.test.tsx:196:11)

    console.error
      Warning: React.jsx: type is invalid -- expected a string (for built-in components) or a class/function (for composite components) but got: undefined. You likely forgot to export your component from the file it's defined in, or you might have mixed up default and named imports.
      
      Check the render method of `TimelineModal`.
          at event (C:\Users\alexi\Documents\projects\maicivy\frontend\components\timeline\TimelineModal.tsx:13:56)

    [0m [90m 151 |[39m                 [33m<[39m[33mdiv[39m className[33m=[39m[32m"flex flex-wrap gap-2"[39m[33m>[39m
     [90m 152 |[39m                   {event[33m.[39mtags[33m.[39mmap((tag) [33m=>[39m (
    [31m[1m>[22m[39m[90m 153 |[39m                     [33m<[39m[33mmotion[39m[33m.[39mspan
     [90m     |[39m                     [31m[1m^[22m[39m
     [90m 154 |[39m                       key[33m=[39m{tag}
     [90m 155 |[39m                       whileHover[33m=[39m{{ scale[33m:[39m [35m1.05[39m }}
     [90m 156 |[39m                       className[33m=[39m[32m"px-4 py-2 bg-blue-500 text-white text-sm font-medium rounded-full shadow-sm"[39m[0m

      at printWarning (node_modules/react/cjs/react-jsx-runtime.development.js:87:30)
      at error (node_modules/react/cjs/react-jsx-runtime.development.js:61:7)
      at jsxWithValidation (node_modules/react/cjs/react-jsx-runtime.development.js:1245:7)
      at jsxWithValidationDynamic (node_modules/react/cjs/react-jsx-runtime.development.js:1320:12)
      at components/timeline/TimelineModal.tsx:153:21
          at Array.map (<anonymous>)
      at map (components/timeline/TimelineModal.tsx:152:31)
      at renderWithHooks (node_modules/react-dom/cjs/react-dom.development.js:15486:18)
      at mountIndeterminateComponent (node_modules/react-dom/cjs/react-dom.development.js:20103:13)
      at beginWork (node_modules/react-dom/cjs/react-dom.development.js:21626:16)
      at beginWork$1 (node_modules/react-dom/cjs/react-dom.development.js:27465:14)
      at performUnitOfWork (node_modules/react-dom/cjs/react-dom.development.js:26599:12)
      at workLoopSync (node_modules/react-dom/cjs/react-dom.development.js:26505:5)
      at renderRootSync (node_modules/react-dom/cjs/react-dom.development.js:26473:7)
      at recoverFromConcurrentError (node_modules/react-dom/cjs/react-dom.development.js:25889:20)
      at performConcurrentWorkOnRoot (node_modules/react-dom/cjs/react-dom.development.js:25789:22)
      at flushActQueue (node_modules/react/cjs/react.development.js:2667:24)
      at act (node_modules/react/cjs/react.development.js:2582:11)
      at node_modules/@testing-library/react/dist/act-compat.js:47:25
      at renderRoot (node_modules/@testing-library/react/dist/pure.js:190:26)
      at render (node_modules/@testing-library/react/dist/pure.js:292:10)
      at Object.<anonymous> (components/__tests__/TimelineModal.test.tsx:196:11)

    console.error
      Warning: React.jsx: type is invalid -- expected a string (for built-in components) or a class/function (for composite components) but got: undefined. You likely forgot to export your component from the file it's defined in, or you might have mixed up default and named imports.
      
      Check the render method of `TimelineModal`.
          at event (C:\Users\alexi\Documents\projects\maicivy\frontend\components\timeline\TimelineModal.tsx:13:56)

    [0m [90m 151 |[39m                 [33m<[39m[33mdiv[39m className[33m=[39m[32m"flex flex-wrap gap-2"[39m[33m>[39m
     [90m 152 |[39m                   {event[33m.[39mtags[33m.[39mmap((tag) [33m=>[39m (
    [31m[1m>[22m[39m[90m 153 |[39m                     [33m<[39m[33mmotion[39m[33m.[39mspan
     [90m     |[39m                     [31m[1m^[22m[39m
     [90m 154 |[39m                       key[33m=[39m{tag}
     [90m 155 |[39m                       whileHover[33m=[39m{{ scale[33m:[39m [35m1.05[39m }}
     [90m 156 |[39m                       className[33m=[39m[32m"px-4 py-2 bg-blue-500 text-white text-sm font-medium rounded-full shadow-sm"[39m[0m

      at printWarning (node_modules/react/cjs/react-jsx-runtime.development.js:87:30)
      at error (node_modules/react/cjs/react-jsx-runtime.development.js:61:7)
      at jsxWithValidation (node_modules/react/cjs/react-jsx-runtime.development.js:1245:7)
      at jsxWithValidationDynamic (node_modules/react/cjs/react-jsx-runtime.development.js:1320:12)
      at components/timeline/TimelineModal.tsx:153:21
          at Array.map (<anonymous>)
      at map (components/timeline/TimelineModal.tsx:152:31)
      at renderWithHooks (node_modules/react-dom/cjs/react-dom.development.js:15486:18)
      at mountIndeterminateComponent (node_modules/react-dom/cjs/react-dom.development.js:20103:13)
      at beginWork (node_modules/react-dom/cjs/react-dom.development.js:21626:16)
      at beginWork$1 (node_modules/react-dom/cjs/react-dom.development.js:27465:14)
      at performUnitOfWork (node_modules/react-dom/cjs/react-dom.development.js:26599:12)
      at workLoopSync (node_modules/react-dom/cjs/react-dom.development.js:26505:5)
      at renderRootSync (node_modules/react-dom/cjs/react-dom.development.js:26473:7)
      at recoverFromConcurrentError (node_modules/react-dom/cjs/react-dom.development.js:25889:20)
      at performConcurrentWorkOnRoot (node_modules/react-dom/cjs/react-dom.development.js:25789:22)
      at flushActQueue (node_modules/react/cjs/react.development.js:2667:24)
      at act (node_modules/react/cjs/react.development.js:2582:11)
      at node_modules/@testing-library/react/dist/act-compat.js:47:25
      at renderRoot (node_modules/@testing-library/react/dist/pure.js:190:26)
      at render (node_modules/@testing-library/react/dist/pure.js:292:10)
      at Object.<anonymous> (components/__tests__/TimelineModal.test.tsx:196:11)

    console.error
      Warning: React.jsx: type is invalid -- expected a string (for built-in components) or a class/function (for composite components) but got: undefined. You likely forgot to export your component from the file it's defined in, or you might have mixed up default and named imports.
      
      Check the render method of `TimelineModal`.
          at event (C:\Users\alexi\Documents\projects\maicivy\frontend\components\timeline\TimelineModal.tsx:13:56)

    [0m [90m 151 |[39m                 [33m<[39m[33mdiv[39m className[33m=[39m[32m"flex flex-wrap gap-2"[39m[33m>[39m
     [90m 152 |[39m                   {event[33m.[39mtags[33m.[39mmap((tag) [33m=>[39m (
    [31m[1m>[22m[39m[90m 153 |[39m                     [33m<[39m[33mmotion[39m[33m.[39mspan
     [90m     |[39m                     [31m[1m^[22m[39m
     [90m 154 |[39m                       key[33m=[39m{tag}
     [90m 155 |[39m                       whileHover[33m=[39m{{ scale[33m:[39m [35m1.05[39m }}
     [90m 156 |[39m                       className[33m=[39m[32m"px-4 py-2 bg-blue-500 text-white text-sm font-medium rounded-full shadow-sm"[39m[0m

      at printWarning (node_modules/react/cjs/react-jsx-runtime.development.js:87:30)
      at error (node_modules/react/cjs/react-jsx-runtime.development.js:61:7)
      at jsxWithValidation (node_modules/react/cjs/react-jsx-runtime.development.js:1245:7)
      at jsxWithValidationDynamic (node_modules/react/cjs/react-jsx-runtime.development.js:1320:12)
      at components/timeline/TimelineModal.tsx:153:21
          at Array.map (<anonymous>)
      at map (components/timeline/TimelineModal.tsx:152:31)
      at renderWithHooks (node_modules/react-dom/cjs/react-dom.development.js:15486:18)
      at mountIndeterminateComponent (node_modules/react-dom/cjs/react-dom.development.js:20103:13)
      at beginWork (node_modules/react-dom/cjs/react-dom.development.js:21626:16)
      at beginWork$1 (node_modules/react-dom/cjs/react-dom.development.js:27465:14)
      at performUnitOfWork (node_modules/react-dom/cjs/react-dom.development.js:26599:12)
      at workLoopSync (node_modules/react-dom/cjs/react-dom.development.js:26505:5)
      at renderRootSync (node_modules/react-dom/cjs/react-dom.development.js:26473:7)
      at recoverFromConcurrentError (node_modules/react-dom/cjs/react-dom.development.js:25889:20)
      at performConcurrentWorkOnRoot (node_modules/react-dom/cjs/react-dom.development.js:25789:22)
      at flushActQueue (node_modules/react/cjs/react.development.js:2667:24)
      at act (node_modules/react/cjs/react.development.js:2582:11)
      at node_modules/@testing-library/react/dist/act-compat.js:47:25
      at renderRoot (node_modules/@testing-library/react/dist/pure.js:190:26)
      at render (node_modules/@testing-library/react/dist/pure.js:292:10)
      at Object.<anonymous> (components/__tests__/TimelineModal.test.tsx:196:11)

    console.error
      Warning: React.jsx: type is invalid -- expected a string (for built-in components) or a class/function (for composite components) but got: undefined. You likely forgot to export your component from the file it's defined in, or you might have mixed up default and named imports.
      
      Check the render method of `TimelineModal`.
          at event (C:\Users\alexi\Documents\projects\maicivy\frontend\components\timeline\TimelineModal.tsx:13:56)

    [0m [90m 151 |[39m                 [33m<[39m[33mdiv[39m className[33m=[39m[32m"flex flex-wrap gap-2"[39m[33m>[39m
     [90m 152 |[39m                   {event[33m.[39mtags[33m.[39mmap((tag) [33m=>[39m (
    [31m[1m>[22m[39m[90m 153 |[39m                     [33m<[39m[33mmotion[39m[33m.[39mspan
     [90m     |[39m                     [31m[1m^[22m[39m
     [90m 154 |[39m                       key[33m=[39m{tag}
     [90m 155 |[39m                       whileHover[33m=[39m{{ scale[33m:[39m [35m1.05[39m }}
     [90m 156 |[39m                       className[33m=[39m[32m"px-4 py-2 bg-blue-500 text-white text-sm font-medium rounded-full shadow-sm"[39m[0m

      at printWarning (node_modules/react/cjs/react-jsx-runtime.development.js:87:30)
      at error (node_modules/react/cjs/react-jsx-runtime.development.js:61:7)
      at jsxWithValidation (node_modules/react/cjs/react-jsx-runtime.development.js:1245:7)
      at jsxWithValidationDynamic (node_modules/react/cjs/react-jsx-runtime.development.js:1320:12)
      at components/timeline/TimelineModal.tsx:153:21
          at Array.map (<anonymous>)
      at map (components/timeline/TimelineModal.tsx:152:31)
      at renderWithHooks (node_modules/react-dom/cjs/react-dom.development.js:15486:18)
      at mountIndeterminateComponent (node_modules/react-dom/cjs/react-dom.development.js:20103:13)
      at beginWork (node_modules/react-dom/cjs/react-dom.development.js:21626:16)
      at beginWork$1 (node_modules/react-dom/cjs/react-dom.development.js:27465:14)
      at performUnitOfWork (node_modules/react-dom/cjs/react-dom.development.js:26599:12)
      at workLoopSync (node_modules/react-dom/cjs/react-dom.development.js:26505:5)
      at renderRootSync (node_modules/react-dom/cjs/react-dom.development.js:26473:7)
      at recoverFromConcurrentError (node_modules/react-dom/cjs/react-dom.development.js:25889:20)
      at performConcurrentWorkOnRoot (node_modules/react-dom/cjs/react-dom.development.js:25789:22)
      at flushActQueue (node_modules/react/cjs/react.development.js:2667:24)
      at act (node_modules/react/cjs/react.development.js:2582:11)
      at node_modules/@testing-library/react/dist/act-compat.js:47:25
      at renderRoot (node_modules/@testing-library/react/dist/pure.js:190:26)
      at render (node_modules/@testing-library/react/dist/pure.js:292:10)
      at Object.<anonymous> (components/__tests__/TimelineModal.test.tsx:196:11)

    console.error
      Warning: React.jsx: type is invalid -- expected a string (for built-in components) or a class/function (for composite components) but got: undefined. You likely forgot to export your component from the file it's defined in, or you might have mixed up default and named imports.
      
      Check the render method of `TimelineModal`.
          at event (C:\Users\alexi\Documents\projects\maicivy\frontend\components\timeline\TimelineModal.tsx:13:56)

    [0m [90m 151 |[39m                 [33m<[39m[33mdiv[39m className[33m=[39m[32m"flex flex-wrap gap-2"[39m[33m>[39m
     [90m 152 |[39m                   {event[33m.[39mtags[33m.[39mmap((tag) [33m=>[39m (
    [31m[1m>[22m[39m[90m 153 |[39m                     [33m<[39m[33mmotion[39m[33m.[39mspan
     [90m     |[39m                     [31m[1m^[22m[39m
     [90m 154 |[39m                       key[33m=[39m{tag}
     [90m 155 |[39m                       whileHover[33m=[39m{{ scale[33m:[39m [35m1.05[39m }}
     [90m 156 |[39m                       className[33m=[39m[32m"px-4 py-2 bg-blue-500 text-white text-sm font-medium rounded-full shadow-sm"[39m[0m

      at printWarning (node_modules/react/cjs/react-jsx-runtime.development.js:87:30)
      at error (node_modules/react/cjs/react-jsx-runtime.development.js:61:7)
      at jsxWithValidation (node_modules/react/cjs/react-jsx-runtime.development.js:1245:7)
      at jsxWithValidationDynamic (node_modules/react/cjs/react-jsx-runtime.development.js:1320:12)
      at components/timeline/TimelineModal.tsx:153:21
          at Array.map (<anonymous>)
      at map (components/timeline/TimelineModal.tsx:152:31)
      at renderWithHooks (node_modules/react-dom/cjs/react-dom.development.js:15486:18)
      at mountIndeterminateComponent (node_modules/react-dom/cjs/react-dom.development.js:20103:13)
      at beginWork (node_modules/react-dom/cjs/react-dom.development.js:21626:16)
      at beginWork$1 (node_modules/react-dom/cjs/react-dom.development.js:27465:14)
      at performUnitOfWork (node_modules/react-dom/cjs/react-dom.development.js:26599:12)
      at workLoopSync (node_modules/react-dom/cjs/react-dom.development.js:26505:5)
      at renderRootSync (node_modules/react-dom/cjs/react-dom.development.js:26473:7)
      at recoverFromConcurrentError (node_modules/react-dom/cjs/react-dom.development.js:25889:20)
      at performConcurrentWorkOnRoot (node_modules/react-dom/cjs/react-dom.development.js:25789:22)
      at flushActQueue (node_modules/react/cjs/react.development.js:2667:24)
      at act (node_modules/react/cjs/react.development.js:2582:11)
      at node_modules/@testing-library/react/dist/act-compat.js:47:25
      at renderRoot (node_modules/@testing-library/react/dist/pure.js:190:26)
      at render (node_modules/@testing-library/react/dist/pure.js:292:10)
      at Object.<anonymous> (components/__tests__/TimelineModal.test.tsx:196:11)

    console.error
      Error: Uncaught [Error: Element type is invalid: expected a string (for built-in components) or a class/function (for composite components) but got: undefined. You likely forgot to export your component from the file it's defined in, or you might have mixed up default and named imports.
      
      Check the render method of `TimelineModal`.]
          at reportException (C:\Users\alexi\Documents\projects\maicivy\frontend\node_modules\jsdom\lib\jsdom\living\helpers\runtime-script-errors.js:66:24)
          at innerInvokeEventListeners (C:\Users\alexi\Documents\projects\maicivy\frontend\node_modules\jsdom\lib\jsdom\living\events\EventTarget-impl.js:353:9)
          at invokeEventListeners (C:\Users\alexi\Documents\projects\maicivy\frontend\node_modules\jsdom\lib\jsdom\living\events\EventTarget-impl.js:286:3)
          at HTMLUnknownElementImpl._dispatch (C:\Users\alexi\Documents\projects\maicivy\frontend\node_modules\jsdom\lib\jsdom\living\events\EventTarget-impl.js:233:9)
          at HTMLUnknownElementImpl.dispatchEvent (C:\Users\alexi\Documents\projects\maicivy\frontend\node_modules\jsdom\lib\jsdom\living\events\EventTarget-impl.js:104:17)
          at HTMLUnknownElement.dispatchEvent (C:\Users\alexi\Documents\projects\maicivy\frontend\node_modules\jsdom\lib\jsdom\living\generated\EventTarget.js:241:34)
          at Object.invokeGuardedCallbackDev (C:\Users\alexi\Documents\projects\maicivy\frontend\node_modules\react-dom\cjs\react-dom.development.js:4213:16)
          at invokeGuardedCallback (C:\Users\alexi\Documents\projects\maicivy\frontend\node_modules\react-dom\cjs\react-dom.development.js:4277:31)
          at beginWork$1 (C:\Users\alexi\Documents\projects\maicivy\frontend\node_modules\react-dom\cjs\react-dom.development.js:27490:7)
          at performUnitOfWork (C:\Users\alexi\Documents\projects\maicivy\frontend\node_modules\react-dom\cjs\react-dom.development.js:26599:12)
          at workLoopSync (C:\Users\alexi\Documents\projects\maicivy\frontend\node_modules\react-dom\cjs\react-dom.development.js:26505:5)
          at renderRootSync (C:\Users\alexi\Documents\projects\maicivy\frontend\node_modules\react-dom\cjs\react-dom.development.js:26473:7)
          at recoverFromConcurrentError (C:\Users\alexi\Documents\projects\maicivy\frontend\node_modules\react-dom\cjs\react-dom.development.js:25889:20)
          at performConcurrentWorkOnRoot (C:\Users\alexi\Documents\projects\maicivy\frontend\node_modules\react-dom\cjs\react-dom.development.js:25789:22)
          at flushActQueue (C:\Users\alexi\Documents\projects\maicivy\frontend\node_modules\react\cjs\react.development.js:2667:24)
          at act (C:\Users\alexi\Documents\projects\maicivy\frontend\node_modules\react\cjs\react.development.js:2582:11)
          at C:\Users\alexi\Documents\projects\maicivy\frontend\node_modules\@testing-library\react\dist\act-compat.js:47:25
          at renderRoot (C:\Users\alexi\Documents\projects\maicivy\frontend\node_modules\@testing-library\react\dist\pure.js:190:26)
          at render (C:\Users\alexi\Documents\projects\maicivy\frontend\node_modules\@testing-library\react\dist\pure.js:292:10)
          at Object.<anonymous> (C:\Users\alexi\Documents\projects\maicivy\frontend\components\__tests__\TimelineModal.test.tsx:196:11)
          at Promise.finally.completed (C:\Users\alexi\Documents\projects\maicivy\frontend\node_modules\jest-circus\build\jestAdapterInit.js:1557:28)
          at new Promise (<anonymous>)
          at callAsyncCircusFn (C:\Users\alexi\Documents\projects\maicivy\frontend\node_modules\jest-circus\build\jestAdapterInit.js:1497:10)
          at _callCircusTest (C:\Users\alexi\Documents\projects\maicivy\frontend\node_modules\jest-circus\build\jestAdapterInit.js:1007:40)
          at processTicksAndRejections (node:internal/process/task_queues:103:5)
          at _runTest (C:\Users\alexi\Documents\projects\maicivy\frontend\node_modules\jest-circus\build\jestAdapterInit.js:947:3)
          at C:\Users\alexi\Documents\projects\maicivy\frontend\node_modules\jest-circus\build\jestAdapterInit.js:849:7
          at _runTestsForDescribeBlock (C:\Users\alexi\Documents\projects\maicivy\frontend\node_modules\jest-circus\build\jestAdapterInit.js:862:11)
          at _runTestsForDescribeBlock (C:\Users\alexi\Documents\projects\maicivy\frontend\node_modules\jest-circus\build\jestAdapterInit.js:857:11)
          at run (C:\Users\alexi\Documents\projects\maicivy\frontend\node_modules\jest-circus\build\jestAdapterInit.js:761:3)
          at runAndTransformResultsToJestFormat (C:\Users\alexi\Documents\projects\maicivy\frontend\node_modules\jest-circus\build\jestAdapterInit.js:1918:21)
          at jestAdapter (C:\Users\alexi\Documents\projects\maicivy\frontend\node_modules\jest-circus\build\runner.js:101:19)
          at runTestInternal (C:\Users\alexi\Documents\projects\maicivy\frontend\node_modules\jest-runner\build\testWorker.js:275:16)
          at runTest (C:\Users\alexi\Documents\projects\maicivy\frontend\node_modules\jest-runner\build\testWorker.js:343:7)
          at Object.worker (C:\Users\alexi\Documents\projects\maicivy\frontend\node_modules\jest-runner\build\testWorker.js:497:12) {
        detail: Error: Element type is invalid: expected a string (for built-in components) or a class/function (for composite components) but got: undefined. You likely forgot to export your component from the file it's defined in, or you might have mixed up default and named imports.
        
        Check the render method of `TimelineModal`.
            at createFiberFromTypeAndProps (C:\Users\alexi\Documents\projects\maicivy\frontend\node_modules\react-dom\cjs\react-dom.development.js:28478:17)
            at createFiberFromElement (C:\Users\alexi\Documents\projects\maicivy\frontend\node_modules\react-dom\cjs\react-dom.development.js:28504:15)
            at createChild (C:\Users\alexi\Documents\projects\maicivy\frontend\node_modules\react-dom\cjs\react-dom.development.js:13345:28)
            at reconcileChildrenArray (C:\Users\alexi\Documents\projects\maicivy\frontend\node_modules\react-dom\cjs\react-dom.development.js:13640:25)
            at reconcileChildFibers (C:\Users\alexi\Documents\projects\maicivy\frontend\node_modules\react-dom\cjs\react-dom.development.js:14057:16)
            at reconcileChildren (C:\Users\alexi\Documents\projects\maicivy\frontend\node_modules\react-dom\cjs\react-dom.development.js:19186:28)
            at updateHostComponent (C:\Users\alexi\Documents\projects\maicivy\frontend\node_modules\react-dom\cjs\react-dom.development.js:19953:3)
            at beginWork (C:\Users\alexi\Documents\projects\maicivy\frontend\node_modules\react-dom\cjs\react-dom.development.js:21657:14)
            at HTMLUnknownElement.callCallback (C:\Users\alexi\Documents\projects\maicivy\frontend\node_modules\react-dom\cjs\react-dom.development.js:4164:14)
            at HTMLUnknownElement.callTheUserObjectsOperation (C:\Users\alexi\Documents\projects\maicivy\frontend\node_modules\jsdom\lib\jsdom\living\generated\EventListener.js:26:30)
            at innerInvokeEventListeners (C:\Users\alexi\Documents\projects\maicivy\frontend\node_modules\jsdom\lib\jsdom\living\events\EventTarget-impl.js:350:25)
            at invokeEventListeners (C:\Users\alexi\Documents\projects\maicivy\frontend\node_modules\jsdom\lib\jsdom\living\events\EventTarget-impl.js:286:3)
            at HTMLUnknownElementImpl._dispatch (C:\Users\alexi\Documents\projects\maicivy\frontend\node_modules\jsdom\lib\jsdom\living\events\EventTarget-impl.js:233:9)
            at HTMLUnknownElementImpl.dispatchEvent (C:\Users\alexi\Documents\projects\maicivy\frontend\node_modules\jsdom\lib\jsdom\living\events\EventTarget-impl.js:104:17)
            at HTMLUnknownElement.dispatchEvent (C:\Users\alexi\Documents\projects\maicivy\frontend\node_modules\jsdom\lib\jsdom\living\generated\EventTarget.js:241:34)
            at Object.invokeGuardedCallbackDev (C:\Users\alexi\Documents\projects\maicivy\frontend\node_modules\react-dom\cjs\react-dom.development.js:4213:16)
            at invokeGuardedCallback (C:\Users\alexi\Documents\projects\maicivy\frontend\node_modules\react-dom\cjs\react-dom.development.js:4277:31)
            at beginWork$1 (C:\Users\alexi\Documents\projects\maicivy\frontend\node_modules\react-dom\cjs\react-dom.development.js:27490:7)
            at performUnitOfWork (C:\Users\alexi\Documents\projects\maicivy\frontend\node_modules\react-dom\cjs\react-dom.development.js:26599:12)
            at workLoopSync (C:\Users\alexi\Documents\projects\maicivy\frontend\node_modules\react-dom\cjs\react-dom.development.js:26505:5)
            at renderRootSync (C:\Users\alexi\Documents\projects\maicivy\frontend\node_modules\react-dom\cjs\react-dom.development.js:26473:7)
            at recoverFromConcurrentError (C:\Users\alexi\Documents\projects\maicivy\frontend\node_modules\react-dom\cjs\react-dom.development.js:25889:20)
            at performConcurrentWorkOnRoot (C:\Users\alexi\Documents\projects\maicivy\frontend\node_modules\react-dom\cjs\react-dom.development.js:25789:22)
            at flushActQueue (C:\Users\alexi\Documents\projects\maicivy\frontend\node_modules\react\cjs\react.development.js:2667:24)
            at act (C:\Users\alexi\Documents\projects\maicivy\frontend\node_modules\react\cjs\react.development.js:2582:11)
            at C:\Users\alexi\Documents\projects\maicivy\frontend\node_modules\@testing-library\react\dist\act-compat.js:47:25
            at renderRoot (C:\Users\alexi\Documents\projects\maicivy\frontend\node_modules\@testing-library\react\dist\pure.js:190:26)
            at render (C:\Users\alexi\Documents\projects\maicivy\frontend\node_modules\@testing-library\react\dist\pure.js:292:10)
            at Object.<anonymous> (C:\Users\alexi\Documents\projects\maicivy\frontend\components\__tests__\TimelineModal.test.tsx:196:11)
            at Promise.finally.completed (C:\Users\alexi\Documents\projects\maicivy\frontend\node_modules\jest-circus\build\jestAdapterInit.js:1557:28)
            at new Promise (<anonymous>)
            at callAsyncCircusFn (C:\Users\alexi\Documents\projects\maicivy\frontend\node_modules\jest-circus\build\jestAdapterInit.js:1497:10)
            at _callCircusTest (C:\Users\alexi\Documents\projects\maicivy\frontend\node_modules\jest-circus\build\jestAdapterInit.js:1007:40)
            at processTicksAndRejections (node:internal/process/task_queues:103:5)
            at _runTest (C:\Users\alexi\Documents\projects\maicivy\frontend\node_modules\jest-circus\build\jestAdapterInit.js:947:3)
            at C:\Users\alexi\Documents\projects\maicivy\frontend\node_modules\jest-circus\build\jestAdapterInit.js:849:7
            at _runTestsForDescribeBlock (C:\Users\alexi\Documents\projects\maicivy\frontend\node_modules\jest-circus\build\jestAdapterInit.js:862:11)
            at _runTestsForDescribeBlock (C:\Users\alexi\Documents\projects\maicivy\frontend\node_modules\jest-circus\build\jestAdapterInit.js:857:11)
            at run (C:\Users\alexi\Documents\projects\maicivy\frontend\node_modules\jest-circus\build\jestAdapterInit.js:761:3)
            at runAndTransformResultsToJestFormat (C:\Users\alexi\Documents\projects\maicivy\frontend\node_modules\jest-circus\build\jestAdapterInit.js:1918:21)
            at jestAdapter (C:\Users\alexi\Documents\projects\maicivy\frontend\node_modules\jest-circus\build\runner.js:101:19)
            at runTestInternal (C:\Users\alexi\Documents\projects\maicivy\frontend\node_modules\jest-runner\build\testWorker.js:275:16)
            at runTest (C:\Users\alexi\Documents\projects\maicivy\frontend\node_modules\jest-runner\build\testWorker.js:343:7)
            at Object.worker (C:\Users\alexi\Documents\projects\maicivy\frontend\node_modules\jest-runner\build\testWorker.js:497:12),
        type: 'unhandled exception'
      }

    [0m [90m 194 |[39m     [36mconst[39m onClose [33m=[39m jest[33m.[39mfn()[33m;[39m
     [90m 195 |[39m
    [31m[1m>[22m[39m[90m 196 |[39m     render([33m<[39m[33mTimelineModal[39m event[33m=[39m{mockEvent} onClose[33m=[39m{onClose} [33m/[39m[33m>[39m)[33m;[39m
     [90m     |[39m           [31m[1m^[22m[39m
     [90m 197 |[39m
     [90m 198 |[39m     [36mconst[39m closeButtons [33m=[39m screen[33m.[39mgetAllByText([32m'Fermer'[39m)[33m;[39m
     [90m 199 |[39m     fireEvent[33m.[39mclick(closeButtons[[35m0[39m])[33m;[39m[0m

      at VirtualConsole.<anonymous> (node_modules/@jest/environment-jsdom-abstract/build/index.js:87:23)
      at reportException (node_modules/jsdom/lib/jsdom/living/helpers/runtime-script-errors.js:70:28)
      at innerInvokeEventListeners (node_modules/jsdom/lib/jsdom/living/events/EventTarget-impl.js:353:9)
      at invokeEventListeners (node_modules/jsdom/lib/jsdom/living/events/EventTarget-impl.js:286:3)
      at HTMLUnknownElementImpl._dispatch (node_modules/jsdom/lib/jsdom/living/events/EventTarget-impl.js:233:9)
      at HTMLUnknownElementImpl.dispatchEvent (node_modules/jsdom/lib/jsdom/living/events/EventTarget-impl.js:104:17)
      at HTMLUnknownElement.dispatchEvent (node_modules/jsdom/lib/jsdom/living/generated/EventTarget.js:241:34)
      at Object.invokeGuardedCallbackDev (node_modules/react-dom/cjs/react-dom.development.js:4213:16)
      at invokeGuardedCallback (node_modules/react-dom/cjs/react-dom.development.js:4277:31)
      at beginWork$1 (node_modules/react-dom/cjs/react-dom.development.js:27490:7)
      at performUnitOfWork (node_modules/react-dom/cjs/react-dom.development.js:26599:12)
      at workLoopSync (node_modules/react-dom/cjs/react-dom.development.js:26505:5)
      at renderRootSync (node_modules/react-dom/cjs/react-dom.development.js:26473:7)
      at recoverFromConcurrentError (node_modules/react-dom/cjs/react-dom.development.js:25889:20)
      at performConcurrentWorkOnRoot (node_modules/react-dom/cjs/react-dom.development.js:25789:22)
      at flushActQueue (node_modules/react/cjs/react.development.js:2667:24)
      at act (node_modules/react/cjs/react.development.js:2582:11)
      at node_modules/@testing-library/react/dist/act-compat.js:47:25
      at renderRoot (node_modules/@testing-library/react/dist/pure.js:190:26)
      at render (node_modules/@testing-library/react/dist/pure.js:292:10)
      at Object.<anonymous> (components/__tests__/TimelineModal.test.tsx:196:11)

    console.error
      The above error occurred in the <div> component:
      
          at div
          at div
          at div
          at div
          at children (C:\Users\alexi\Documents\projects\maicivy\frontend\components\__tests__\TimelineModal.test.tsx:8:13)
          at div
          at children (C:\Users\alexi\Documents\projects\maicivy\frontend\components\__tests__\TimelineModal.test.tsx:8:13)
          at children (C:\Users\alexi\Documents\projects\maicivy\frontend\components\__tests__\TimelineModal.test.tsx:12:23)
          at event (C:\Users\alexi\Documents\projects\maicivy\frontend\components\timeline\TimelineModal.tsx:13:56)
      
      Consider adding an error boundary to your tree to customize error handling behavior.
      Visit https://reactjs.org/link/error-boundaries to learn more about error boundaries.

    [0m [90m 194 |[39m     [36mconst[39m onClose [33m=[39m jest[33m.[39mfn()[33m;[39m
     [90m 195 |[39m
    [31m[1m>[22m[39m[90m 196 |[39m     render([33m<[39m[33mTimelineModal[39m event[33m=[39m{mockEvent} onClose[33m=[39m{onClose} [33m/[39m[33m>[39m)[33m;[39m
     [90m     |[39m           [31m[1m^[22m[39m
     [90m 197 |[39m
     [90m 198 |[39m     [36mconst[39m closeButtons [33m=[39m screen[33m.[39mgetAllByText([32m'Fermer'[39m)[33m;[39m
     [90m 199 |[39m     fireEvent[33m.[39mclick(closeButtons[[35m0[39m])[33m;[39m[0m

      at logCapturedError (node_modules/react-dom/cjs/react-dom.development.js:18704:23)
      at update.callback (node_modules/react-dom/cjs/react-dom.development.js:18737:5)
      at callCallback (node_modules/react-dom/cjs/react-dom.development.js:15036:12)
      at commitUpdateQueue (node_modules/react-dom/cjs/react-dom.development.js:15057:9)
      at commitLayoutEffectOnFiber (node_modules/react-dom/cjs/react-dom.development.js:23430:13)
      at commitLayoutMountEffects_complete (node_modules/react-dom/cjs/react-dom.development.js:24727:9)
      at commitLayoutEffects_begin (node_modules/react-dom/cjs/react-dom.development.js:24713:7)
      at commitLayoutEffects (node_modules/react-dom/cjs/react-dom.development.js:24651:3)
      at commitRootImpl (node_modules/react-dom/cjs/react-dom.development.js:26862:5)
      at commitRoot (node_modules/react-dom/cjs/react-dom.development.js:26721:5)
      at finishConcurrentRender (node_modules/react-dom/cjs/react-dom.development.js:25931:9)
      at performConcurrentWorkOnRoot (node_modules/react-dom/cjs/react-dom.development.js:25848:7)
      at flushActQueue (node_modules/react/cjs/react.development.js:2667:24)
      at act (node_modules/react/cjs/react.development.js:2582:11)
      at node_modules/@testing-library/react/dist/act-compat.js:47:25
      at renderRoot (node_modules/@testing-library/react/dist/pure.js:190:26)
      at render (node_modules/@testing-library/react/dist/pure.js:292:10)
      at Object.<anonymous> (components/__tests__/TimelineModal.test.tsx:196:11)

    console.error
      Warning: React.jsx: type is invalid -- expected a string (for built-in components) or a class/function (for composite components) but got: undefined. You likely forgot to export your component from the file it's defined in, or you might have mixed up default and named imports.
      
      Check the render method of `TimelineModal`.
          at event (C:\Users\alexi\Documents\projects\maicivy\frontend\components\timeline\TimelineModal.tsx:13:56)

    [0m [90m 151 |[39m                 [33m<[39m[33mdiv[39m className[33m=[39m[32m"flex flex-wrap gap-2"[39m[33m>[39m
     [90m 152 |[39m                   {event[33m.[39mtags[33m.[39mmap((tag) [33m=>[39m (
    [31m[1m>[22m[39m[90m 153 |[39m                     [33m<[39m[33mmotion[39m[33m.[39mspan
     [90m     |[39m                     [31m[1m^[22m[39m
     [90m 154 |[39m                       key[33m=[39m{tag}
     [90m 155 |[39m                       whileHover[33m=[39m{{ scale[33m:[39m [35m1.05[39m }}
     [90m 156 |[39m                       className[33m=[39m[32m"px-4 py-2 bg-blue-500 text-white text-sm font-medium rounded-full shadow-sm"[39m[0m

      at printWarning (node_modules/react/cjs/react-jsx-runtime.development.js:87:30)
      at error (node_modules/react/cjs/react-jsx-runtime.development.js:61:7)
      at jsxWithValidation (node_modules/react/cjs/react-jsx-runtime.development.js:1245:7)
      at jsxWithValidationDynamic (node_modules/react/cjs/react-jsx-runtime.development.js:1320:12)
      at components/timeline/TimelineModal.tsx:153:21
          at Array.map (<anonymous>)
      at map (components/timeline/TimelineModal.tsx:152:31)
      at renderWithHooks (node_modules/react-dom/cjs/react-dom.development.js:15486:18)
      at mountIndeterminateComponent (node_modules/react-dom/cjs/react-dom.development.js:20103:13)
      at beginWork (node_modules/react-dom/cjs/react-dom.development.js:21626:16)
      at beginWork$1 (node_modules/react-dom/cjs/react-dom.development.js:27465:14)
      at performUnitOfWork (node_modules/react-dom/cjs/react-dom.development.js:26599:12)
      at workLoopSync (node_modules/react-dom/cjs/react-dom.development.js:26505:5)
      at renderRootSync (node_modules/react-dom/cjs/react-dom.development.js:26473:7)
      at performConcurrentWorkOnRoot (node_modules/react-dom/cjs/react-dom.development.js:25777:74)
      at flushActQueue (node_modules/react/cjs/react.development.js:2667:24)
      at act (node_modules/react/cjs/react.development.js:2582:11)
      at node_modules/@testing-library/react/dist/act-compat.js:47:25
      at renderRoot (node_modules/@testing-library/react/dist/pure.js:190:26)
      at render (node_modules/@testing-library/react/dist/pure.js:292:10)
      at Object.<anonymous> (components/__tests__/TimelineModal.test.tsx:207:11)

    console.error
      Warning: React.jsx: type is invalid -- expected a string (for built-in components) or a class/function (for composite components) but got: undefined. You likely forgot to export your component from the file it's defined in, or you might have mixed up default and named imports.
      
      Check the render method of `TimelineModal`.
          at event (C:\Users\alexi\Documents\projects\maicivy\frontend\components\timeline\TimelineModal.tsx:13:56)

    [0m [90m 151 |[39m                 [33m<[39m[33mdiv[39m className[33m=[39m[32m"flex flex-wrap gap-2"[39m[33m>[39m
     [90m 152 |[39m                   {event[33m.[39mtags[33m.[39mmap((tag) [33m=>[39m (
    [31m[1m>[22m[39m[90m 153 |[39m                     [33m<[39m[33mmotion[39m[33m.[39mspan
     [90m     |[39m                     [31m[1m^[22m[39m
     [90m 154 |[39m                       key[33m=[39m{tag}
     [90m 155 |[39m                       whileHover[33m=[39m{{ scale[33m:[39m [35m1.05[39m }}
     [90m 156 |[39m                       className[33m=[39m[32m"px-4 py-2 bg-blue-500 text-white text-sm font-medium rounded-full shadow-sm"[39m[0m

      at printWarning (node_modules/react/cjs/react-jsx-runtime.development.js:87:30)
      at error (node_modules/react/cjs/react-jsx-runtime.development.js:61:7)
      at jsxWithValidation (node_modules/react/cjs/react-jsx-runtime.development.js:1245:7)
      at jsxWithValidationDynamic (node_modules/react/cjs/react-jsx-runtime.development.js:1320:12)
      at components/timeline/TimelineModal.tsx:153:21
          at Array.map (<anonymous>)
      at map (components/timeline/TimelineModal.tsx:152:31)
      at renderWithHooks (node_modules/react-dom/cjs/react-dom.development.js:15486:18)
      at mountIndeterminateComponent (node_modules/react-dom/cjs/react-dom.development.js:20103:13)
      at beginWork (node_modules/react-dom/cjs/react-dom.development.js:21626:16)
      at beginWork$1 (node_modules/react-dom/cjs/react-dom.development.js:27465:14)
      at performUnitOfWork (node_modules/react-dom/cjs/react-dom.development.js:26599:12)
      at workLoopSync (node_modules/react-dom/cjs/react-dom.development.js:26505:5)
      at renderRootSync (node_modules/react-dom/cjs/react-dom.development.js:26473:7)
      at performConcurrentWorkOnRoot (node_modules/react-dom/cjs/react-dom.development.js:25777:74)
      at flushActQueue (node_modules/react/cjs/react.development.js:2667:24)
      at act (node_modules/react/cjs/react.development.js:2582:11)
      at node_modules/@testing-library/react/dist/act-compat.js:47:25
      at renderRoot (node_modules/@testing-library/react/dist/pure.js:190:26)
      at render (node_modules/@testing-library/react/dist/pure.js:292:10)
      at Object.<anonymous> (components/__tests__/TimelineModal.test.tsx:207:11)

    console.error
      Warning: React.jsx: type is invalid -- expected a string (for built-in components) or a class/function (for composite components) but got: undefined. You likely forgot to export your component from the file it's defined in, or you might have mixed up default and named imports.
      
      Check the render method of `TimelineModal`.
          at event (C:\Users\alexi\Documents\projects\maicivy\frontend\components\timeline\TimelineModal.tsx:13:56)

    [0m [90m 151 |[39m                 [33m<[39m[33mdiv[39m className[33m=[39m[32m"flex flex-wrap gap-2"[39m[33m>[39m
     [90m 152 |[39m                   {event[33m.[39mtags[33m.[39mmap((tag) [33m=>[39m (
    [31m[1m>[22m[39m[90m 153 |[39m                     [33m<[39m[33mmotion[39m[33m.[39mspan
     [90m     |[39m                     [31m[1m^[22m[39m
     [90m 154 |[39m                       key[33m=[39m{tag}
     [90m 155 |[39m                       whileHover[33m=[39m{{ scale[33m:[39m [35m1.05[39m }}
     [90m 156 |[39m                       className[33m=[39m[32m"px-4 py-2 bg-blue-500 text-white text-sm font-medium rounded-full shadow-sm"[39m[0m

      at printWarning (node_modules/react/cjs/react-jsx-runtime.development.js:87:30)
      at error (node_modules/react/cjs/react-jsx-runtime.development.js:61:7)
      at jsxWithValidation (node_modules/react/cjs/react-jsx-runtime.development.js:1245:7)
      at jsxWithValidationDynamic (node_modules/react/cjs/react-jsx-runtime.development.js:1320:12)
      at components/timeline/TimelineModal.tsx:153:21
          at Array.map (<anonymous>)
      at map (components/timeline/TimelineModal.tsx:152:31)
      at renderWithHooks (node_modules/react-dom/cjs/react-dom.development.js:15486:18)
      at mountIndeterminateComponent (node_modules/react-dom/cjs/react-dom.development.js:20103:13)
      at beginWork (node_modules/react-dom/cjs/react-dom.development.js:21626:16)
      at beginWork$1 (node_modules/react-dom/cjs/react-dom.development.js:27465:14)
      at performUnitOfWork (node_modules/react-dom/cjs/react-dom.development.js:26599:12)
      at workLoopSync (node_modules/react-dom/cjs/react-dom.development.js:26505:5)
      at renderRootSync (node_modules/react-dom/cjs/react-dom.development.js:26473:7)
      at performConcurrentWorkOnRoot (node_modules/react-dom/cjs/react-dom.development.js:25777:74)
      at flushActQueue (node_modules/react/cjs/react.development.js:2667:24)
      at act (node_modules/react/cjs/react.development.js:2582:11)
      at node_modules/@testing-library/react/dist/act-compat.js:47:25
      at renderRoot (node_modules/@testing-library/react/dist/pure.js:190:26)
      at render (node_modules/@testing-library/react/dist/pure.js:292:10)
      at Object.<anonymous> (components/__tests__/TimelineModal.test.tsx:207:11)

    console.error
      Warning: React.jsx: type is invalid -- expected a string (for built-in components) or a class/function (for composite components) but got: undefined. You likely forgot to export your component from the file it's defined in, or you might have mixed up default and named imports.
      
      Check the render method of `TimelineModal`.
          at event (C:\Users\alexi\Documents\projects\maicivy\frontend\components\timeline\TimelineModal.tsx:13:56)

    [0m [90m 151 |[39m                 [33m<[39m[33mdiv[39m className[33m=[39m[32m"flex flex-wrap gap-2"[39m[33m>[39m
     [90m 152 |[39m                   {event[33m.[39mtags[33m.[39mmap((tag) [33m=>[39m (
    [31m[1m>[22m[39m[90m 153 |[39m                     [33m<[39m[33mmotion[39m[33m.[39mspan
     [90m     |[39m                     [31m[1m^[22m[39m
     [90m 154 |[39m                       key[33m=[39m{tag}
     [90m 155 |[39m                       whileHover[33m=[39m{{ scale[33m:[39m [35m1.05[39m }}
     [90m 156 |[39m                       className[33m=[39m[32m"px-4 py-2 bg-blue-500 text-white text-sm font-medium rounded-full shadow-sm"[39m[0m

      at printWarning (node_modules/react/cjs/react-jsx-runtime.development.js:87:30)
      at error (node_modules/react/cjs/react-jsx-runtime.development.js:61:7)
      at jsxWithValidation (node_modules/react/cjs/react-jsx-runtime.development.js:1245:7)
      at jsxWithValidationDynamic (node_modules/react/cjs/react-jsx-runtime.development.js:1320:12)
      at components/timeline/TimelineModal.tsx:153:21
          at Array.map (<anonymous>)
      at map (components/timeline/TimelineModal.tsx:152:31)
      at renderWithHooks (node_modules/react-dom/cjs/react-dom.development.js:15486:18)
      at mountIndeterminateComponent (node_modules/react-dom/cjs/react-dom.development.js:20103:13)
      at beginWork (node_modules/react-dom/cjs/react-dom.development.js:21626:16)
      at beginWork$1 (node_modules/react-dom/cjs/react-dom.development.js:27465:14)
      at performUnitOfWork (node_modules/react-dom/cjs/react-dom.development.js:26599:12)
      at workLoopSync (node_modules/react-dom/cjs/react-dom.development.js:26505:5)
      at renderRootSync (node_modules/react-dom/cjs/react-dom.development.js:26473:7)
      at performConcurrentWorkOnRoot (node_modules/react-dom/cjs/react-dom.development.js:25777:74)
      at flushActQueue (node_modules/react/cjs/react.development.js:2667:24)
      at act (node_modules/react/cjs/react.development.js:2582:11)
      at node_modules/@testing-library/react/dist/act-compat.js:47:25
      at renderRoot (node_modules/@testing-library/react/dist/pure.js:190:26)
      at render (node_modules/@testing-library/react/dist/pure.js:292:10)
      at Object.<anonymous> (components/__tests__/TimelineModal.test.tsx:207:11)

    console.error
      Warning: React.jsx: type is invalid -- expected a string (for built-in components) or a class/function (for composite components) but got: undefined. You likely forgot to export your component from the file it's defined in, or you might have mixed up default and named imports.
      
      Check the render method of `TimelineModal`.
          at event (C:\Users\alexi\Documents\projects\maicivy\frontend\components\timeline\TimelineModal.tsx:13:56)

    [0m [90m 151 |[39m                 [33m<[39m[33mdiv[39m className[33m=[39m[32m"flex flex-wrap gap-2"[39m[33m>[39m
     [90m 152 |[39m                   {event[33m.[39mtags[33m.[39mmap((tag) [33m=>[39m (
    [31m[1m>[22m[39m[90m 153 |[39m                     [33m<[39m[33mmotion[39m[33m.[39mspan
     [90m     |[39m                     [31m[1m^[22m[39m
     [90m 154 |[39m                       key[33m=[39m{tag}
     [90m 155 |[39m                       whileHover[33m=[39m{{ scale[33m:[39m [35m1.05[39m }}
     [90m 156 |[39m                       className[33m=[39m[32m"px-4 py-2 bg-blue-500 text-white text-sm font-medium rounded-full shadow-sm"[39m[0m

      at printWarning (node_modules/react/cjs/react-jsx-runtime.development.js:87:30)
      at error (node_modules/react/cjs/react-jsx-runtime.development.js:61:7)
      at jsxWithValidation (node_modules/react/cjs/react-jsx-runtime.development.js:1245:7)
      at jsxWithValidationDynamic (node_modules/react/cjs/react-jsx-runtime.development.js:1320:12)
      at components/timeline/TimelineModal.tsx:153:21
          at Array.map (<anonymous>)
      at map (components/timeline/TimelineModal.tsx:152:31)
      at renderWithHooks (node_modules/react-dom/cjs/react-dom.development.js:15486:18)
      at mountIndeterminateComponent (node_modules/react-dom/cjs/react-dom.development.js:20103:13)
      at beginWork (node_modules/react-dom/cjs/react-dom.development.js:21626:16)
      at beginWork$1 (node_modules/react-dom/cjs/react-dom.development.js:27465:14)
      at performUnitOfWork (node_modules/react-dom/cjs/react-dom.development.js:26599:12)
      at workLoopSync (node_modules/react-dom/cjs/react-dom.development.js:26505:5)
      at renderRootSync (node_modules/react-dom/cjs/react-dom.development.js:26473:7)
      at performConcurrentWorkOnRoot (node_modules/react-dom/cjs/react-dom.development.js:25777:74)
      at flushActQueue (node_modules/react/cjs/react.development.js:2667:24)
      at act (node_modules/react/cjs/react.development.js:2582:11)
      at node_modules/@testing-library/react/dist/act-compat.js:47:25
      at renderRoot (node_modules/@testing-library/react/dist/pure.js:190:26)
      at render (node_modules/@testing-library/react/dist/pure.js:292:10)
      at Object.<anonymous> (components/__tests__/TimelineModal.test.tsx:207:11)

    console.error
      Error: Uncaught [Error: Element type is invalid: expected a string (for built-in components) or a class/function (for composite components) but got: undefined. You likely forgot to export your component from the file it's defined in, or you might have mixed up default and named imports.
      
      Check the render method of `TimelineModal`.]
          at reportException (C:\Users\alexi\Documents\projects\maicivy\frontend\node_modules\jsdom\lib\jsdom\living\helpers\runtime-script-errors.js:66:24)
          at innerInvokeEventListeners (C:\Users\alexi\Documents\projects\maicivy\frontend\node_modules\jsdom\lib\jsdom\living\events\EventTarget-impl.js:353:9)
          at invokeEventListeners (C:\Users\alexi\Documents\projects\maicivy\frontend\node_modules\jsdom\lib\jsdom\living\events\EventTarget-impl.js:286:3)
          at HTMLUnknownElementImpl._dispatch (C:\Users\alexi\Documents\projects\maicivy\frontend\node_modules\jsdom\lib\jsdom\living\events\EventTarget-impl.js:233:9)
          at HTMLUnknownElementImpl.dispatchEvent (C:\Users\alexi\Documents\projects\maicivy\frontend\node_modules\jsdom\lib\jsdom\living\events\EventTarget-impl.js:104:17)
          at HTMLUnknownElement.dispatchEvent (C:\Users\alexi\Documents\projects\maicivy\frontend\node_modules\jsdom\lib\jsdom\living\generated\EventTarget.js:241:34)
          at Object.invokeGuardedCallbackDev (C:\Users\alexi\Documents\projects\maicivy\frontend\node_modules\react-dom\cjs\react-dom.development.js:4213:16)
          at invokeGuardedCallback (C:\Users\alexi\Documents\projects\maicivy\frontend\node_modules\react-dom\cjs\react-dom.development.js:4277:31)
          at beginWork$1 (C:\Users\alexi\Documents\projects\maicivy\frontend\node_modules\react-dom\cjs\react-dom.development.js:27490:7)
          at performUnitOfWork (C:\Users\alexi\Documents\projects\maicivy\frontend\node_modules\react-dom\cjs\react-dom.development.js:26599:12)
          at workLoopSync (C:\Users\alexi\Documents\projects\maicivy\frontend\node_modules\react-dom\cjs\react-dom.development.js:26505:5)
          at renderRootSync (C:\Users\alexi\Documents\projects\maicivy\frontend\node_modules\react-dom\cjs\react-dom.development.js:26473:7)
          at performConcurrentWorkOnRoot (C:\Users\alexi\Documents\projects\maicivy\frontend\node_modules\react-dom\cjs\react-dom.development.js:25777:74)
          at flushActQueue (C:\Users\alexi\Documents\projects\maicivy\frontend\node_modules\react\cjs\react.development.js:2667:24)
          at act (C:\Users\alexi\Documents\projects\maicivy\frontend\node_modules\react\cjs\react.development.js:2582:11)
          at C:\Users\alexi\Documents\projects\maicivy\frontend\node_modules\@testing-library\react\dist\act-compat.js:47:25
          at renderRoot (C:\Users\alexi\Documents\projects\maicivy\frontend\node_modules\@testing-library\react\dist\pure.js:190:26)
          at render (C:\Users\alexi\Documents\projects\maicivy\frontend\node_modules\@testing-library\react\dist\pure.js:292:10)
          at Object.<anonymous> (C:\Users\alexi\Documents\projects\maicivy\frontend\components\__tests__\TimelineModal.test.tsx:207:11)
          at Promise.finally.completed (C:\Users\alexi\Documents\projects\maicivy\frontend\node_modules\jest-circus\build\jestAdapterInit.js:1557:28)
          at new Promise (<anonymous>)
          at callAsyncCircusFn (C:\Users\alexi\Documents\projects\maicivy\frontend\node_modules\jest-circus\build\jestAdapterInit.js:1497:10)
          at _callCircusTest (C:\Users\alexi\Documents\projects\maicivy\frontend\node_modules\jest-circus\build\jestAdapterInit.js:1007:40)
          at processTicksAndRejections (node:internal/process/task_queues:103:5)
          at _runTest (C:\Users\alexi\Documents\projects\maicivy\frontend\node_modules\jest-circus\build\jestAdapterInit.js:947:3)
          at C:\Users\alexi\Documents\projects\maicivy\frontend\node_modules\jest-circus\build\jestAdapterInit.js:849:7
          at _runTestsForDescribeBlock (C:\Users\alexi\Documents\projects\maicivy\frontend\node_modules\jest-circus\build\jestAdapterInit.js:862:11)
          at _runTestsForDescribeBlock (C:\Users\alexi\Documents\projects\maicivy\frontend\node_modules\jest-circus\build\jestAdapterInit.js:857:11)
          at run (C:\Users\alexi\Documents\projects\maicivy\frontend\node_modules\jest-circus\build\jestAdapterInit.js:761:3)
          at runAndTransformResultsToJestFormat (C:\Users\alexi\Documents\projects\maicivy\frontend\node_modules\jest-circus\build\jestAdapterInit.js:1918:21)
          at jestAdapter (C:\Users\alexi\Documents\projects\maicivy\frontend\node_modules\jest-circus\build\runner.js:101:19)
          at runTestInternal (C:\Users\alexi\Documents\projects\maicivy\frontend\node_modules\jest-runner\build\testWorker.js:275:16)
          at runTest (C:\Users\alexi\Documents\projects\maicivy\frontend\node_modules\jest-runner\build\testWorker.js:343:7)
          at Object.worker (C:\Users\alexi\Documents\projects\maicivy\frontend\node_modules\jest-runner\build\testWorker.js:497:12) {
        detail: Error: Element type is invalid: expected a string (for built-in components) or a class/function (for composite components) but got: undefined. You likely forgot to export your component from the file it's defined in, or you might have mixed up default and named imports.
        
        Check the render method of `TimelineModal`.
            at createFiberFromTypeAndProps (C:\Users\alexi\Documents\projects\maicivy\frontend\node_modules\react-dom\cjs\react-dom.development.js:28478:17)
            at createFiberFromElement (C:\Users\alexi\Documents\projects\maicivy\frontend\node_modules\react-dom\cjs\react-dom.development.js:28504:15)
            at createChild (C:\Users\alexi\Documents\projects\maicivy\frontend\node_modules\react-dom\cjs\react-dom.development.js:13345:28)
            at reconcileChildrenArray (C:\Users\alexi\Documents\projects\maicivy\frontend\node_modules\react-dom\cjs\react-dom.development.js:13640:25)
            at reconcileChildFibers (C:\Users\alexi\Documents\projects\maicivy\frontend\node_modules\react-dom\cjs\react-dom.development.js:14057:16)
            at reconcileChildren (C:\Users\alexi\Documents\projects\maicivy\frontend\node_modules\react-dom\cjs\react-dom.development.js:19186:28)
            at updateHostComponent (C:\Users\alexi\Documents\projects\maicivy\frontend\node_modules\react-dom\cjs\react-dom.development.js:19953:3)
            at beginWork (C:\Users\alexi\Documents\projects\maicivy\frontend\node_modules\react-dom\cjs\react-dom.development.js:21657:14)
            at HTMLUnknownElement.callCallback (C:\Users\alexi\Documents\projects\maicivy\frontend\node_modules\react-dom\cjs\react-dom.development.js:4164:14)
            at HTMLUnknownElement.callTheUserObjectsOperation (C:\Users\alexi\Documents\projects\maicivy\frontend\node_modules\jsdom\lib\jsdom\living\generated\EventListener.js:26:30)
            at innerInvokeEventListeners (C:\Users\alexi\Documents\projects\maicivy\frontend\node_modules\jsdom\lib\jsdom\living\events\EventTarget-impl.js:350:25)
            at invokeEventListeners (C:\Users\alexi\Documents\projects\maicivy\frontend\node_modules\jsdom\lib\jsdom\living\events\EventTarget-impl.js:286:3)
            at HTMLUnknownElementImpl._dispatch (C:\Users\alexi\Documents\projects\maicivy\frontend\node_modules\jsdom\lib\jsdom\living\events\EventTarget-impl.js:233:9)
            at HTMLUnknownElementImpl.dispatchEvent (C:\Users\alexi\Documents\projects\maicivy\frontend\node_modules\jsdom\lib\jsdom\living\events\EventTarget-impl.js:104:17)
            at HTMLUnknownElement.dispatchEvent (C:\Users\alexi\Documents\projects\maicivy\frontend\node_modules\jsdom\lib\jsdom\living\generated\EventTarget.js:241:34)
            at Object.invokeGuardedCallbackDev (C:\Users\alexi\Documents\projects\maicivy\frontend\node_modules\react-dom\cjs\react-dom.development.js:4213:16)
            at invokeGuardedCallback (C:\Users\alexi\Documents\projects\maicivy\frontend\node_modules\react-dom\cjs\react-dom.development.js:4277:31)
            at beginWork$1 (C:\Users\alexi\Documents\projects\maicivy\frontend\node_modules\react-dom\cjs\react-dom.development.js:27490:7)
            at performUnitOfWork (C:\Users\alexi\Documents\projects\maicivy\frontend\node_modules\react-dom\cjs\react-dom.development.js:26599:12)
            at workLoopSync (C:\Users\alexi\Documents\projects\maicivy\frontend\node_modules\react-dom\cjs\react-dom.development.js:26505:5)
            at renderRootSync (C:\Users\alexi\Documents\projects\maicivy\frontend\node_modules\react-dom\cjs\react-dom.development.js:26473:7)
            at performConcurrentWorkOnRoot (C:\Users\alexi\Documents\projects\maicivy\frontend\node_modules\react-dom\cjs\react-dom.development.js:25777:74)
            at flushActQueue (C:\Users\alexi\Documents\projects\maicivy\frontend\node_modules\react\cjs\react.development.js:2667:24)
            at act (C:\Users\alexi\Documents\projects\maicivy\frontend\node_modules\react\cjs\react.development.js:2582:11)
            at C:\Users\alexi\Documents\projects\maicivy\frontend\node_modules\@testing-library\react\dist\act-compat.js:47:25
            at renderRoot (C:\Users\alexi\Documents\projects\maicivy\frontend\node_modules\@testing-library\react\dist\pure.js:190:26)
            at render (C:\Users\alexi\Documents\projects\maicivy\frontend\node_modules\@testing-library\react\dist\pure.js:292:10)
            at Object.<anonymous> (C:\Users\alexi\Documents\projects\maicivy\frontend\components\__tests__\TimelineModal.test.tsx:207:11)
            at Promise.finally.completed (C:\Users\alexi\Documents\projects\maicivy\frontend\node_modules\jest-circus\build\jestAdapterInit.js:1557:28)
            at new Promise (<anonymous>)
            at callAsyncCircusFn (C:\Users\alexi\Documents\projects\maicivy\frontend\node_modules\jest-circus\build\jestAdapterInit.js:1497:10)
            at _callCircusTest (C:\Users\alexi\Documents\projects\maicivy\frontend\node_modules\jest-circus\build\jestAdapterInit.js:1007:40)
            at processTicksAndRejections (node:internal/process/task_queues:103:5)
            at _runTest (C:\Users\alexi\Documents\projects\maicivy\frontend\node_modules\jest-circus\build\jestAdapterInit.js:947:3)
            at C:\Users\alexi\Documents\projects\maicivy\frontend\node_modules\jest-circus\build\jestAdapterInit.js:849:7
            at _runTestsForDescribeBlock (C:\Users\alexi\Documents\projects\maicivy\frontend\node_modules\jest-circus\build\jestAdapterInit.js:862:11)
            at _runTestsForDescribeBlock (C:\Users\alexi\Documents\projects\maicivy\frontend\node_modules\jest-circus\build\jestAdapterInit.js:857:11)
            at run (C:\Users\alexi\Documents\projects\maicivy\frontend\node_modules\jest-circus\build\jestAdapterInit.js:761:3)
            at runAndTransformResultsToJestFormat (C:\Users\alexi\Documents\projects\maicivy\frontend\node_modules\jest-circus\build\jestAdapterInit.js:1918:21)
            at jestAdapter (C:\Users\alexi\Documents\projects\maicivy\frontend\node_modules\jest-circus\build\runner.js:101:19)
            at runTestInternal (C:\Users\alexi\Documents\projects\maicivy\frontend\node_modules\jest-runner\build\testWorker.js:275:16)
            at runTest (C:\Users\alexi\Documents\projects\maicivy\frontend\node_modules\jest-runner\build\testWorker.js:343:7)
            at Object.worker (C:\Users\alexi\Documents\projects\maicivy\frontend\node_modules\jest-runner\build\testWorker.js:497:12),
        type: 'unhandled exception'
      }

    [0m [90m 205 |[39m     [36mconst[39m onClose [33m=[39m jest[33m.[39mfn()[33m;[39m
     [90m 206 |[39m
    [31m[1m>[22m[39m[90m 207 |[39m     render([33m<[39m[33mTimelineModal[39m event[33m=[39m{mockEvent} onClose[33m=[39m{onClose} [33m/[39m[33m>[39m)[33m;[39m
     [90m     |[39m           [31m[1m^[22m[39m
     [90m 208 |[39m
     [90m 209 |[39m     [36mconst[39m xButton [33m=[39m screen[33m.[39mgetByTestId([32m'x-icon'[39m)[33m.[39mclosest([32m'button'[39m)[33m;[39m
     [90m 210 |[39m     [36mif[39m (xButton) {[0m

      at VirtualConsole.<anonymous> (node_modules/@jest/environment-jsdom-abstract/build/index.js:87:23)
      at reportException (node_modules/jsdom/lib/jsdom/living/helpers/runtime-script-errors.js:70:28)
      at innerInvokeEventListeners (node_modules/jsdom/lib/jsdom/living/events/EventTarget-impl.js:353:9)
      at invokeEventListeners (node_modules/jsdom/lib/jsdom/living/events/EventTarget-impl.js:286:3)
      at HTMLUnknownElementImpl._dispatch (node_modules/jsdom/lib/jsdom/living/events/EventTarget-impl.js:233:9)
      at HTMLUnknownElementImpl.dispatchEvent (node_modules/jsdom/lib/jsdom/living/events/EventTarget-impl.js:104:17)
      at HTMLUnknownElement.dispatchEvent (node_modules/jsdom/lib/jsdom/living/generated/EventTarget.js:241:34)
      at Object.invokeGuardedCallbackDev (node_modules/react-dom/cjs/react-dom.development.js:4213:16)
      at invokeGuardedCallback (node_modules/react-dom/cjs/react-dom.development.js:4277:31)
      at beginWork$1 (node_modules/react-dom/cjs/react-dom.development.js:27490:7)
      at performUnitOfWork (node_modules/react-dom/cjs/react-dom.development.js:26599:12)
      at workLoopSync (node_modules/react-dom/cjs/react-dom.development.js:26505:5)
      at renderRootSync (node_modules/react-dom/cjs/react-dom.development.js:26473:7)
      at performConcurrentWorkOnRoot (node_modules/react-dom/cjs/react-dom.development.js:25777:74)
      at flushActQueue (node_modules/react/cjs/react.development.js:2667:24)
      at act (node_modules/react/cjs/react.development.js:2582:11)
      at node_modules/@testing-library/react/dist/act-compat.js:47:25
      at renderRoot (node_modules/@testing-library/react/dist/pure.js:190:26)
      at render (node_modules/@testing-library/react/dist/pure.js:292:10)
      at Object.<anonymous> (components/__tests__/TimelineModal.test.tsx:207:11)

    console.error
      Warning: React.jsx: type is invalid -- expected a string (for built-in components) or a class/function (for composite components) but got: undefined. You likely forgot to export your component from the file it's defined in, or you might have mixed up default and named imports.
      
      Check the render method of `TimelineModal`.
          at event (C:\Users\alexi\Documents\projects\maicivy\frontend\components\timeline\TimelineModal.tsx:13:56)

    [0m [90m 151 |[39m                 [33m<[39m[33mdiv[39m className[33m=[39m[32m"flex flex-wrap gap-2"[39m[33m>[39m
     [90m 152 |[39m                   {event[33m.[39mtags[33m.[39mmap((tag) [33m=>[39m (
    [31m[1m>[22m[39m[90m 153 |[39m                     [33m<[39m[33mmotion[39m[33m.[39mspan
     [90m     |[39m                     [31m[1m^[22m[39m
     [90m 154 |[39m                       key[33m=[39m{tag}
     [90m 155 |[39m                       whileHover[33m=[39m{{ scale[33m:[39m [35m1.05[39m }}
     [90m 156 |[39m                       className[33m=[39m[32m"px-4 py-2 bg-blue-500 text-white text-sm font-medium rounded-full shadow-sm"[39m[0m

      at printWarning (node_modules/react/cjs/react-jsx-runtime.development.js:87:30)
      at error (node_modules/react/cjs/react-jsx-runtime.development.js:61:7)
      at jsxWithValidation (node_modules/react/cjs/react-jsx-runtime.development.js:1245:7)
      at jsxWithValidationDynamic (node_modules/react/cjs/react-jsx-runtime.development.js:1320:12)
      at components/timeline/TimelineModal.tsx:153:21
          at Array.map (<anonymous>)
      at map (components/timeline/TimelineModal.tsx:152:31)
      at renderWithHooks (node_modules/react-dom/cjs/react-dom.development.js:15486:18)
      at mountIndeterminateComponent (node_modules/react-dom/cjs/react-dom.development.js:20103:13)
      at beginWork (node_modules/react-dom/cjs/react-dom.development.js:21626:16)
      at beginWork$1 (node_modules/react-dom/cjs/react-dom.development.js:27465:14)
      at performUnitOfWork (node_modules/react-dom/cjs/react-dom.development.js:26599:12)
      at workLoopSync (node_modules/react-dom/cjs/react-dom.development.js:26505:5)
      at renderRootSync (node_modules/react-dom/cjs/react-dom.development.js:26473:7)
      at recoverFromConcurrentError (node_modules/react-dom/cjs/react-dom.development.js:25889:20)
      at performConcurrentWorkOnRoot (node_modules/react-dom/cjs/react-dom.development.js:25789:22)
      at flushActQueue (node_modules/react/cjs/react.development.js:2667:24)
      at act (node_modules/react/cjs/react.development.js:2582:11)
      at node_modules/@testing-library/react/dist/act-compat.js:47:25
      at renderRoot (node_modules/@testing-library/react/dist/pure.js:190:26)
      at render (node_modules/@testing-library/react/dist/pure.js:292:10)
      at Object.<anonymous> (components/__tests__/TimelineModal.test.tsx:207:11)

    console.error
      Warning: React.jsx: type is invalid -- expected a string (for built-in components) or a class/function (for composite components) but got: undefined. You likely forgot to export your component from the file it's defined in, or you might have mixed up default and named imports.
      
      Check the render method of `TimelineModal`.
          at event (C:\Users\alexi\Documents\projects\maicivy\frontend\components\timeline\TimelineModal.tsx:13:56)

    [0m [90m 151 |[39m                 [33m<[39m[33mdiv[39m className[33m=[39m[32m"flex flex-wrap gap-2"[39m[33m>[39m
     [90m 152 |[39m                   {event[33m.[39mtags[33m.[39mmap((tag) [33m=>[39m (
    [31m[1m>[22m[39m[90m 153 |[39m                     [33m<[39m[33mmotion[39m[33m.[39mspan
     [90m     |[39m                     [31m[1m^[22m[39m
     [90m 154 |[39m                       key[33m=[39m{tag}
     [90m 155 |[39m                       whileHover[33m=[39m{{ scale[33m:[39m [35m1.05[39m }}
     [90m 156 |[39m                       className[33m=[39m[32m"px-4 py-2 bg-blue-500 text-white text-sm font-medium rounded-full shadow-sm"[39m[0m

      at printWarning (node_modules/react/cjs/react-jsx-runtime.development.js:87:30)
      at error (node_modules/react/cjs/react-jsx-runtime.development.js:61:7)
      at jsxWithValidation (node_modules/react/cjs/react-jsx-runtime.development.js:1245:7)
      at jsxWithValidationDynamic (node_modules/react/cjs/react-jsx-runtime.development.js:1320:12)
      at components/timeline/TimelineModal.tsx:153:21
          at Array.map (<anonymous>)
      at map (components/timeline/TimelineModal.tsx:152:31)
      at renderWithHooks (node_modules/react-dom/cjs/react-dom.development.js:15486:18)
      at mountIndeterminateComponent (node_modules/react-dom/cjs/react-dom.development.js:20103:13)
      at beginWork (node_modules/react-dom/cjs/react-dom.development.js:21626:16)
      at beginWork$1 (node_modules/react-dom/cjs/react-dom.development.js:27465:14)
      at performUnitOfWork (node_modules/react-dom/cjs/react-dom.development.js:26599:12)
      at workLoopSync (node_modules/react-dom/cjs/react-dom.development.js:26505:5)
      at renderRootSync (node_modules/react-dom/cjs/react-dom.development.js:26473:7)
      at recoverFromConcurrentError (node_modules/react-dom/cjs/react-dom.development.js:25889:20)
      at performConcurrentWorkOnRoot (node_modules/react-dom/cjs/react-dom.development.js:25789:22)
      at flushActQueue (node_modules/react/cjs/react.development.js:2667:24)
      at act (node_modules/react/cjs/react.development.js:2582:11)
      at node_modules/@testing-library/react/dist/act-compat.js:47:25
      at renderRoot (node_modules/@testing-library/react/dist/pure.js:190:26)
      at render (node_modules/@testing-library/react/dist/pure.js:292:10)
      at Object.<anonymous> (components/__tests__/TimelineModal.test.tsx:207:11)

    console.error
      Warning: React.jsx: type is invalid -- expected a string (for built-in components) or a class/function (for composite components) but got: undefined. You likely forgot to export your component from the file it's defined in, or you might have mixed up default and named imports.
      
      Check the render method of `TimelineModal`.
          at event (C:\Users\alexi\Documents\projects\maicivy\frontend\components\timeline\TimelineModal.tsx:13:56)

    [0m [90m 151 |[39m                 [33m<[39m[33mdiv[39m className[33m=[39m[32m"flex flex-wrap gap-2"[39m[33m>[39m
     [90m 152 |[39m                   {event[33m.[39mtags[33m.[39mmap((tag) [33m=>[39m (
    [31m[1m>[22m[39m[90m 153 |[39m                     [33m<[39m[33mmotion[39m[33m.[39mspan
     [90m     |[39m                     [31m[1m^[22m[39m
     [90m 154 |[39m                       key[33m=[39m{tag}
     [90m 155 |[39m                       whileHover[33m=[39m{{ scale[33m:[39m [35m1.05[39m }}
     [90m 156 |[39m                       className[33m=[39m[32m"px-4 py-2 bg-blue-500 text-white text-sm font-medium rounded-full shadow-sm"[39m[0m

      at printWarning (node_modules/react/cjs/react-jsx-runtime.development.js:87:30)
      at error (node_modules/react/cjs/react-jsx-runtime.development.js:61:7)
      at jsxWithValidation (node_modules/react/cjs/react-jsx-runtime.development.js:1245:7)
      at jsxWithValidationDynamic (node_modules/react/cjs/react-jsx-runtime.development.js:1320:12)
      at components/timeline/TimelineModal.tsx:153:21
          at Array.map (<anonymous>)
      at map (components/timeline/TimelineModal.tsx:152:31)
      at renderWithHooks (node_modules/react-dom/cjs/react-dom.development.js:15486:18)
      at mountIndeterminateComponent (node_modules/react-dom/cjs/react-dom.development.js:20103:13)
      at beginWork (node_modules/react-dom/cjs/react-dom.development.js:21626:16)
      at beginWork$1 (node_modules/react-dom/cjs/react-dom.development.js:27465:14)
      at performUnitOfWork (node_modules/react-dom/cjs/react-dom.development.js:26599:12)
      at workLoopSync (node_modules/react-dom/cjs/react-dom.development.js:26505:5)
      at renderRootSync (node_modules/react-dom/cjs/react-dom.development.js:26473:7)
      at recoverFromConcurrentError (node_modules/react-dom/cjs/react-dom.development.js:25889:20)
      at performConcurrentWorkOnRoot (node_modules/react-dom/cjs/react-dom.development.js:25789:22)
      at flushActQueue (node_modules/react/cjs/react.development.js:2667:24)
      at act (node_modules/react/cjs/react.development.js:2582:11)
      at node_modules/@testing-library/react/dist/act-compat.js:47:25
      at renderRoot (node_modules/@testing-library/react/dist/pure.js:190:26)
      at render (node_modules/@testing-library/react/dist/pure.js:292:10)
      at Object.<anonymous> (components/__tests__/TimelineModal.test.tsx:207:11)

    console.error
      Warning: React.jsx: type is invalid -- expected a string (for built-in components) or a class/function (for composite components) but got: undefined. You likely forgot to export your component from the file it's defined in, or you might have mixed up default and named imports.
      
      Check the render method of `TimelineModal`.
          at event (C:\Users\alexi\Documents\projects\maicivy\frontend\components\timeline\TimelineModal.tsx:13:56)

    [0m [90m 151 |[39m                 [33m<[39m[33mdiv[39m className[33m=[39m[32m"flex flex-wrap gap-2"[39m[33m>[39m
     [90m 152 |[39m                   {event[33m.[39mtags[33m.[39mmap((tag) [33m=>[39m (
    [31m[1m>[22m[39m[90m 153 |[39m                     [33m<[39m[33mmotion[39m[33m.[39mspan
     [90m     |[39m                     [31m[1m^[22m[39m
     [90m 154 |[39m                       key[33m=[39m{tag}
     [90m 155 |[39m                       whileHover[33m=[39m{{ scale[33m:[39m [35m1.05[39m }}
     [90m 156 |[39m                       className[33m=[39m[32m"px-4 py-2 bg-blue-500 text-white text-sm font-medium rounded-full shadow-sm"[39m[0m

      at printWarning (node_modules/react/cjs/react-jsx-runtime.development.js:87:30)
      at error (node_modules/react/cjs/react-jsx-runtime.development.js:61:7)
      at jsxWithValidation (node_modules/react/cjs/react-jsx-runtime.development.js:1245:7)
      at jsxWithValidationDynamic (node_modules/react/cjs/react-jsx-runtime.development.js:1320:12)
      at components/timeline/TimelineModal.tsx:153:21
          at Array.map (<anonymous>)
      at map (components/timeline/TimelineModal.tsx:152:31)
      at renderWithHooks (node_modules/react-dom/cjs/react-dom.development.js:15486:18)
      at mountIndeterminateComponent (node_modules/react-dom/cjs/react-dom.development.js:20103:13)
      at beginWork (node_modules/react-dom/cjs/react-dom.development.js:21626:16)
      at beginWork$1 (node_modules/react-dom/cjs/react-dom.development.js:27465:14)
      at performUnitOfWork (node_modules/react-dom/cjs/react-dom.development.js:26599:12)
      at workLoopSync (node_modules/react-dom/cjs/react-dom.development.js:26505:5)
      at renderRootSync (node_modules/react-dom/cjs/react-dom.development.js:26473:7)
      at recoverFromConcurrentError (node_modules/react-dom/cjs/react-dom.development.js:25889:20)
      at performConcurrentWorkOnRoot (node_modules/react-dom/cjs/react-dom.development.js:25789:22)
      at flushActQueue (node_modules/react/cjs/react.development.js:2667:24)
      at act (node_modules/react/cjs/react.development.js:2582:11)
      at node_modules/@testing-library/react/dist/act-compat.js:47:25
      at renderRoot (node_modules/@testing-library/react/dist/pure.js:190:26)
      at render (node_modules/@testing-library/react/dist/pure.js:292:10)
      at Object.<anonymous> (components/__tests__/TimelineModal.test.tsx:207:11)

    console.error
      Warning: React.jsx: type is invalid -- expected a string (for built-in components) or a class/function (for composite components) but got: undefined. You likely forgot to export your component from the file it's defined in, or you might have mixed up default and named imports.
      
      Check the render method of `TimelineModal`.
          at event (C:\Users\alexi\Documents\projects\maicivy\frontend\components\timeline\TimelineModal.tsx:13:56)

    [0m [90m 151 |[39m                 [33m<[39m[33mdiv[39m className[33m=[39m[32m"flex flex-wrap gap-2"[39m[33m>[39m
     [90m 152 |[39m                   {event[33m.[39mtags[33m.[39mmap((tag) [33m=>[39m (
    [31m[1m>[22m[39m[90m 153 |[39m                     [33m<[39m[33mmotion[39m[33m.[39mspan
     [90m     |[39m                     [31m[1m^[22m[39m
     [90m 154 |[39m                       key[33m=[39m{tag}
     [90m 155 |[39m                       whileHover[33m=[39m{{ scale[33m:[39m [35m1.05[39m }}
     [90m 156 |[39m                       className[33m=[39m[32m"px-4 py-2 bg-blue-500 text-white text-sm font-medium rounded-full shadow-sm"[39m[0m

      at printWarning (node_modules/react/cjs/react-jsx-runtime.development.js:87:30)
      at error (node_modules/react/cjs/react-jsx-runtime.development.js:61:7)
      at jsxWithValidation (node_modules/react/cjs/react-jsx-runtime.development.js:1245:7)
      at jsxWithValidationDynamic (node_modules/react/cjs/react-jsx-runtime.development.js:1320:12)
      at components/timeline/TimelineModal.tsx:153:21
          at Array.map (<anonymous>)
      at map (components/timeline/TimelineModal.tsx:152:31)
      at renderWithHooks (node_modules/react-dom/cjs/react-dom.development.js:15486:18)
      at mountIndeterminateComponent (node_modules/react-dom/cjs/react-dom.development.js:20103:13)
      at beginWork (node_modules/react-dom/cjs/react-dom.development.js:21626:16)
      at beginWork$1 (node_modules/react-dom/cjs/react-dom.development.js:27465:14)
      at performUnitOfWork (node_modules/react-dom/cjs/react-dom.development.js:26599:12)
      at workLoopSync (node_modules/react-dom/cjs/react-dom.development.js:26505:5)
      at renderRootSync (node_modules/react-dom/cjs/react-dom.development.js:26473:7)
      at recoverFromConcurrentError (node_modules/react-dom/cjs/react-dom.development.js:25889:20)
      at performConcurrentWorkOnRoot (node_modules/react-dom/cjs/react-dom.development.js:25789:22)
      at flushActQueue (node_modules/react/cjs/react.development.js:2667:24)
      at act (node_modules/react/cjs/react.development.js:2582:11)
      at node_modules/@testing-library/react/dist/act-compat.js:47:25
      at renderRoot (node_modules/@testing-library/react/dist/pure.js:190:26)
      at render (node_modules/@testing-library/react/dist/pure.js:292:10)
      at Object.<anonymous> (components/__tests__/TimelineModal.test.tsx:207:11)

    console.error
      Error: Uncaught [Error: Element type is invalid: expected a string (for built-in components) or a class/function (for composite components) but got: undefined. You likely forgot to export your component from the file it's defined in, or you might have mixed up default and named imports.
      
      Check the render method of `TimelineModal`.]
          at reportException (C:\Users\alexi\Documents\projects\maicivy\frontend\node_modules\jsdom\lib\jsdom\living\helpers\runtime-script-errors.js:66:24)
          at innerInvokeEventListeners (C:\Users\alexi\Documents\projects\maicivy\frontend\node_modules\jsdom\lib\jsdom\living\events\EventTarget-impl.js:353:9)
          at invokeEventListeners (C:\Users\alexi\Documents\projects\maicivy\frontend\node_modules\jsdom\lib\jsdom\living\events\EventTarget-impl.js:286:3)
          at HTMLUnknownElementImpl._dispatch (C:\Users\alexi\Documents\projects\maicivy\frontend\node_modules\jsdom\lib\jsdom\living\events\EventTarget-impl.js:233:9)
          at HTMLUnknownElementImpl.dispatchEvent (C:\Users\alexi\Documents\projects\maicivy\frontend\node_modules\jsdom\lib\jsdom\living\events\EventTarget-impl.js:104:17)
          at HTMLUnknownElement.dispatchEvent (C:\Users\alexi\Documents\projects\maicivy\frontend\node_modules\jsdom\lib\jsdom\living\generated\EventTarget.js:241:34)
          at Object.invokeGuardedCallbackDev (C:\Users\alexi\Documents\projects\maicivy\frontend\node_modules\react-dom\cjs\react-dom.development.js:4213:16)
          at invokeGuardedCallback (C:\Users\alexi\Documents\projects\maicivy\frontend\node_modules\react-dom\cjs\react-dom.development.js:4277:31)
          at beginWork$1 (C:\Users\alexi\Documents\projects\maicivy\frontend\node_modules\react-dom\cjs\react-dom.development.js:27490:7)
          at performUnitOfWork (C:\Users\alexi\Documents\projects\maicivy\frontend\node_modules\react-dom\cjs\react-dom.development.js:26599:12)
          at workLoopSync (C:\Users\alexi\Documents\projects\maicivy\frontend\node_modules\react-dom\cjs\react-dom.development.js:26505:5)
          at renderRootSync (C:\Users\alexi\Documents\projects\maicivy\frontend\node_modules\react-dom\cjs\react-dom.development.js:26473:7)
          at recoverFromConcurrentError (C:\Users\alexi\Documents\projects\maicivy\frontend\node_modules\react-dom\cjs\react-dom.development.js:25889:20)
          at performConcurrentWorkOnRoot (C:\Users\alexi\Documents\projects\maicivy\frontend\node_modules\react-dom\cjs\react-dom.development.js:25789:22)
          at flushActQueue (C:\Users\alexi\Documents\projects\maicivy\frontend\node_modules\react\cjs\react.development.js:2667:24)
          at act (C:\Users\alexi\Documents\projects\maicivy\frontend\node_modules\react\cjs\react.development.js:2582:11)
          at C:\Users\alexi\Documents\projects\maicivy\frontend\node_modules\@testing-library\react\dist\act-compat.js:47:25
          at renderRoot (C:\Users\alexi\Documents\projects\maicivy\frontend\node_modules\@testing-library\react\dist\pure.js:190:26)
          at render (C:\Users\alexi\Documents\projects\maicivy\frontend\node_modules\@testing-library\react\dist\pure.js:292:10)
          at Object.<anonymous> (C:\Users\alexi\Documents\projects\maicivy\frontend\components\__tests__\TimelineModal.test.tsx:207:11)
          at Promise.finally.completed (C:\Users\alexi\Documents\projects\maicivy\frontend\node_modules\jest-circus\build\jestAdapterInit.js:1557:28)
          at new Promise (<anonymous>)
          at callAsyncCircusFn (C:\Users\alexi\Documents\projects\maicivy\frontend\node_modules\jest-circus\build\jestAdapterInit.js:1497:10)
          at _callCircusTest (C:\Users\alexi\Documents\projects\maicivy\frontend\node_modules\jest-circus\build\jestAdapterInit.js:1007:40)
          at processTicksAndRejections (node:internal/process/task_queues:103:5)
          at _runTest (C:\Users\alexi\Documents\projects\maicivy\frontend\node_modules\jest-circus\build\jestAdapterInit.js:947:3)
          at C:\Users\alexi\Documents\projects\maicivy\frontend\node_modules\jest-circus\build\jestAdapterInit.js:849:7
          at _runTestsForDescribeBlock (C:\Users\alexi\Documents\projects\maicivy\frontend\node_modules\jest-circus\build\jestAdapterInit.js:862:11)
          at _runTestsForDescribeBlock (C:\Users\alexi\Documents\projects\maicivy\frontend\node_modules\jest-circus\build\jestAdapterInit.js:857:11)
          at run (C:\Users\alexi\Documents\projects\maicivy\frontend\node_modules\jest-circus\build\jestAdapterInit.js:761:3)
          at runAndTransformResultsToJestFormat (C:\Users\alexi\Documents\projects\maicivy\frontend\node_modules\jest-circus\build\jestAdapterInit.js:1918:21)
          at jestAdapter (C:\Users\alexi\Documents\projects\maicivy\frontend\node_modules\jest-circus\build\runner.js:101:19)
          at runTestInternal (C:\Users\alexi\Documents\projects\maicivy\frontend\node_modules\jest-runner\build\testWorker.js:275:16)
          at runTest (C:\Users\alexi\Documents\projects\maicivy\frontend\node_modules\jest-runner\build\testWorker.js:343:7)
          at Object.worker (C:\Users\alexi\Documents\projects\maicivy\frontend\node_modules\jest-runner\build\testWorker.js:497:12) {
        detail: Error: Element type is invalid: expected a string (for built-in components) or a class/function (for composite components) but got: undefined. You likely forgot to export your component from the file it's defined in, or you might have mixed up default and named imports.
        
        Check the render method of `TimelineModal`.
            at createFiberFromTypeAndProps (C:\Users\alexi\Documents\projects\maicivy\frontend\node_modules\react-dom\cjs\react-dom.development.js:28478:17)
            at createFiberFromElement (C:\Users\alexi\Documents\projects\maicivy\frontend\node_modules\react-dom\cjs\react-dom.development.js:28504:15)
            at createChild (C:\Users\alexi\Documents\projects\maicivy\frontend\node_modules\react-dom\cjs\react-dom.development.js:13345:28)
            at reconcileChildrenArray (C:\Users\alexi\Documents\projects\maicivy\frontend\node_modules\react-dom\cjs\react-dom.development.js:13640:25)
            at reconcileChildFibers (C:\Users\alexi\Documents\projects\maicivy\frontend\node_modules\react-dom\cjs\react-dom.development.js:14057:16)
            at reconcileChildren (C:\Users\alexi\Documents\projects\maicivy\frontend\node_modules\react-dom\cjs\react-dom.development.js:19186:28)
            at updateHostComponent (C:\Users\alexi\Documents\projects\maicivy\frontend\node_modules\react-dom\cjs\react-dom.development.js:19953:3)
            at beginWork (C:\Users\alexi\Documents\projects\maicivy\frontend\node_modules\react-dom\cjs\react-dom.development.js:21657:14)
            at HTMLUnknownElement.callCallback (C:\Users\alexi\Documents\projects\maicivy\frontend\node_modules\react-dom\cjs\react-dom.development.js:4164:14)
            at HTMLUnknownElement.callTheUserObjectsOperation (C:\Users\alexi\Documents\projects\maicivy\frontend\node_modules\jsdom\lib\jsdom\living\generated\EventListener.js:26:30)
            at innerInvokeEventListeners (C:\Users\alexi\Documents\projects\maicivy\frontend\node_modules\jsdom\lib\jsdom\living\events\EventTarget-impl.js:350:25)
            at invokeEventListeners (C:\Users\alexi\Documents\projects\maicivy\frontend\node_modules\jsdom\lib\jsdom\living\events\EventTarget-impl.js:286:3)
            at HTMLUnknownElementImpl._dispatch (C:\Users\alexi\Documents\projects\maicivy\frontend\node_modules\jsdom\lib\jsdom\living\events\EventTarget-impl.js:233:9)
            at HTMLUnknownElementImpl.dispatchEvent (C:\Users\alexi\Documents\projects\maicivy\frontend\node_modules\jsdom\lib\jsdom\living\events\EventTarget-impl.js:104:17)
            at HTMLUnknownElement.dispatchEvent (C:\Users\alexi\Documents\projects\maicivy\frontend\node_modules\jsdom\lib\jsdom\living\generated\EventTarget.js:241:34)
            at Object.invokeGuardedCallbackDev (C:\Users\alexi\Documents\projects\maicivy\frontend\node_modules\react-dom\cjs\react-dom.development.js:4213:16)
            at invokeGuardedCallback (C:\Users\alexi\Documents\projects\maicivy\frontend\node_modules\react-dom\cjs\react-dom.development.js:4277:31)
            at beginWork$1 (C:\Users\alexi\Documents\projects\maicivy\frontend\node_modules\react-dom\cjs\react-dom.development.js:27490:7)
            at performUnitOfWork (C:\Users\alexi\Documents\projects\maicivy\frontend\node_modules\react-dom\cjs\react-dom.development.js:26599:12)
            at workLoopSync (C:\Users\alexi\Documents\projects\maicivy\frontend\node_modules\react-dom\cjs\react-dom.development.js:26505:5)
            at renderRootSync (C:\Users\alexi\Documents\projects\maicivy\frontend\node_modules\react-dom\cjs\react-dom.development.js:26473:7)
            at recoverFromConcurrentError (C:\Users\alexi\Documents\projects\maicivy\frontend\node_modules\react-dom\cjs\react-dom.development.js:25889:20)
            at performConcurrentWorkOnRoot (C:\Users\alexi\Documents\projects\maicivy\frontend\node_modules\react-dom\cjs\react-dom.development.js:25789:22)
            at flushActQueue (C:\Users\alexi\Documents\projects\maicivy\frontend\node_modules\react\cjs\react.development.js:2667:24)
            at act (C:\Users\alexi\Documents\projects\maicivy\frontend\node_modules\react\cjs\react.development.js:2582:11)
            at C:\Users\alexi\Documents\projects\maicivy\frontend\node_modules\@testing-library\react\dist\act-compat.js:47:25
            at renderRoot (C:\Users\alexi\Documents\projects\maicivy\frontend\node_modules\@testing-library\react\dist\pure.js:190:26)
            at render (C:\Users\alexi\Documents\projects\maicivy\frontend\node_modules\@testing-library\react\dist\pure.js:292:10)
            at Object.<anonymous> (C:\Users\alexi\Documents\projects\maicivy\frontend\components\__tests__\TimelineModal.test.tsx:207:11)
            at Promise.finally.completed (C:\Users\alexi\Documents\projects\maicivy\frontend\node_modules\jest-circus\build\jestAdapterInit.js:1557:28)
            at new Promise (<anonymous>)
            at callAsyncCircusFn (C:\Users\alexi\Documents\projects\maicivy\frontend\node_modules\jest-circus\build\jestAdapterInit.js:1497:10)
            at _callCircusTest (C:\Users\alexi\Documents\projects\maicivy\frontend\node_modules\jest-circus\build\jestAdapterInit.js:1007:40)
            at processTicksAndRejections (node:internal/process/task_queues:103:5)
            at _runTest (C:\Users\alexi\Documents\projects\maicivy\frontend\node_modules\jest-circus\build\jestAdapterInit.js:947:3)
            at C:\Users\alexi\Documents\projects\maicivy\frontend\node_modules\jest-circus\build\jestAdapterInit.js:849:7
            at _runTestsForDescribeBlock (C:\Users\alexi\Documents\projects\maicivy\frontend\node_modules\jest-circus\build\jestAdapterInit.js:862:11)
            at _runTestsForDescribeBlock (C:\Users\alexi\Documents\projects\maicivy\frontend\node_modules\jest-circus\build\jestAdapterInit.js:857:11)
            at run (C:\Users\alexi\Documents\projects\maicivy\frontend\node_modules\jest-circus\build\jestAdapterInit.js:761:3)
            at runAndTransformResultsToJestFormat (C:\Users\alexi\Documents\projects\maicivy\frontend\node_modules\jest-circus\build\jestAdapterInit.js:1918:21)
            at jestAdapter (C:\Users\alexi\Documents\projects\maicivy\frontend\node_modules\jest-circus\build\runner.js:101:19)
            at runTestInternal (C:\Users\alexi\Documents\projects\maicivy\frontend\node_modules\jest-runner\build\testWorker.js:275:16)
            at runTest (C:\Users\alexi\Documents\projects\maicivy\frontend\node_modules\jest-runner\build\testWorker.js:343:7)
            at Object.worker (C:\Users\alexi\Documents\projects\maicivy\frontend\node_modules\jest-runner\build\testWorker.js:497:12),
        type: 'unhandled exception'
      }

    [0m [90m 205 |[39m     [36mconst[39m onClose [33m=[39m jest[33m.[39mfn()[33m;[39m
     [90m 206 |[39m
    [31m[1m>[22m[39m[90m 207 |[39m     render([33m<[39m[33mTimelineModal[39m event[33m=[39m{mockEvent} onClose[33m=[39m{onClose} [33m/[39m[33m>[39m)[33m;[39m
     [90m     |[39m           [31m[1m^[22m[39m
     [90m 208 |[39m
     [90m 209 |[39m     [36mconst[39m xButton [33m=[39m screen[33m.[39mgetByTestId([32m'x-icon'[39m)[33m.[39mclosest([32m'button'[39m)[33m;[39m
     [90m 210 |[39m     [36mif[39m (xButton) {[0m

      at VirtualConsole.<anonymous> (node_modules/@jest/environment-jsdom-abstract/build/index.js:87:23)
      at reportException (node_modules/jsdom/lib/jsdom/living/helpers/runtime-script-errors.js:70:28)
      at innerInvokeEventListeners (node_modules/jsdom/lib/jsdom/living/events/EventTarget-impl.js:353:9)
      at invokeEventListeners (node_modules/jsdom/lib/jsdom/living/events/EventTarget-impl.js:286:3)
      at HTMLUnknownElementImpl._dispatch (node_modules/jsdom/lib/jsdom/living/events/EventTarget-impl.js:233:9)
      at HTMLUnknownElementImpl.dispatchEvent (node_modules/jsdom/lib/jsdom/living/events/EventTarget-impl.js:104:17)
      at HTMLUnknownElement.dispatchEvent (node_modules/jsdom/lib/jsdom/living/generated/EventTarget.js:241:34)
      at Object.invokeGuardedCallbackDev (node_modules/react-dom/cjs/react-dom.development.js:4213:16)
      at invokeGuardedCallback (node_modules/react-dom/cjs/react-dom.development.js:4277:31)
      at beginWork$1 (node_modules/react-dom/cjs/react-dom.development.js:27490:7)
      at performUnitOfWork (node_modules/react-dom/cjs/react-dom.development.js:26599:12)
      at workLoopSync (node_modules/react-dom/cjs/react-dom.development.js:26505:5)
      at renderRootSync (node_modules/react-dom/cjs/react-dom.development.js:26473:7)
      at recoverFromConcurrentError (node_modules/react-dom/cjs/react-dom.development.js:25889:20)
      at performConcurrentWorkOnRoot (node_modules/react-dom/cjs/react-dom.development.js:25789:22)
      at flushActQueue (node_modules/react/cjs/react.development.js:2667:24)
      at act (node_modules/react/cjs/react.development.js:2582:11)
      at node_modules/@testing-library/react/dist/act-compat.js:47:25
      at renderRoot (node_modules/@testing-library/react/dist/pure.js:190:26)
      at render (node_modules/@testing-library/react/dist/pure.js:292:10)
      at Object.<anonymous> (components/__tests__/TimelineModal.test.tsx:207:11)

    console.error
      The above error occurred in the <div> component:
      
          at div
          at div
          at div
          at div
          at children (C:\Users\alexi\Documents\projects\maicivy\frontend\components\__tests__\TimelineModal.test.tsx:8:13)
          at div
          at children (C:\Users\alexi\Documents\projects\maicivy\frontend\components\__tests__\TimelineModal.test.tsx:8:13)
          at children (C:\Users\alexi\Documents\projects\maicivy\frontend\components\__tests__\TimelineModal.test.tsx:12:23)
          at event (C:\Users\alexi\Documents\projects\maicivy\frontend\components\timeline\TimelineModal.tsx:13:56)
      
      Consider adding an error boundary to your tree to customize error handling behavior.
      Visit https://reactjs.org/link/error-boundaries to learn more about error boundaries.

    [0m [90m 205 |[39m     [36mconst[39m onClose [33m=[39m jest[33m.[39mfn()[33m;[39m
     [90m 206 |[39m
    [31m[1m>[22m[39m[90m 207 |[39m     render([33m<[39m[33mTimelineModal[39m event[33m=[39m{mockEvent} onClose[33m=[39m{onClose} [33m/[39m[33m>[39m)[33m;[39m
     [90m     |[39m           [31m[1m^[22m[39m
     [90m 208 |[39m
     [90m 209 |[39m     [36mconst[39m xButton [33m=[39m screen[33m.[39mgetByTestId([32m'x-icon'[39m)[33m.[39mclosest([32m'button'[39m)[33m;[39m
     [90m 210 |[39m     [36mif[39m (xButton) {[0m

      at logCapturedError (node_modules/react-dom/cjs/react-dom.development.js:18704:23)
      at update.callback (node_modules/react-dom/cjs/react-dom.development.js:18737:5)
      at callCallback (node_modules/react-dom/cjs/react-dom.development.js:15036:12)
      at commitUpdateQueue (node_modules/react-dom/cjs/react-dom.development.js:15057:9)
      at commitLayoutEffectOnFiber (node_modules/react-dom/cjs/react-dom.development.js:23430:13)
      at commitLayoutMountEffects_complete (node_modules/react-dom/cjs/react-dom.development.js:24727:9)
      at commitLayoutEffects_begin (node_modules/react-dom/cjs/react-dom.development.js:24713:7)
      at commitLayoutEffects (node_modules/react-dom/cjs/react-dom.development.js:24651:3)
      at commitRootImpl (node_modules/react-dom/cjs/react-dom.development.js:26862:5)
      at commitRoot (node_modules/react-dom/cjs/react-dom.development.js:26721:5)
      at finishConcurrentRender (node_modules/react-dom/cjs/react-dom.development.js:25931:9)
      at performConcurrentWorkOnRoot (node_modules/react-dom/cjs/react-dom.development.js:25848:7)
      at flushActQueue (node_modules/react/cjs/react.development.js:2667:24)
      at act (node_modules/react/cjs/react.development.js:2582:11)
      at node_modules/@testing-library/react/dist/act-compat.js:47:25
      at renderRoot (node_modules/@testing-library/react/dist/pure.js:190:26)
      at render (node_modules/@testing-library/react/dist/pure.js:292:10)
      at Object.<anonymous> (components/__tests__/TimelineModal.test.tsx:207:11)

    console.error
      Warning: React.jsx: type is invalid -- expected a string (for built-in components) or a class/function (for composite components) but got: undefined. You likely forgot to export your component from the file it's defined in, or you might have mixed up default and named imports.
      
      Check the render method of `TimelineModal`.
          at event (C:\Users\alexi\Documents\projects\maicivy\frontend\components\timeline\TimelineModal.tsx:13:56)

    [0m [90m 151 |[39m                 [33m<[39m[33mdiv[39m className[33m=[39m[32m"flex flex-wrap gap-2"[39m[33m>[39m
     [90m 152 |[39m                   {event[33m.[39mtags[33m.[39mmap((tag) [33m=>[39m (
    [31m[1m>[22m[39m[90m 153 |[39m                     [33m<[39m[33mmotion[39m[33m.[39mspan
     [90m     |[39m                     [31m[1m^[22m[39m
     [90m 154 |[39m                       key[33m=[39m{tag}
     [90m 155 |[39m                       whileHover[33m=[39m{{ scale[33m:[39m [35m1.05[39m }}
     [90m 156 |[39m                       className[33m=[39m[32m"px-4 py-2 bg-blue-500 text-white text-sm font-medium rounded-full shadow-sm"[39m[0m

      at printWarning (node_modules/react/cjs/react-jsx-runtime.development.js:87:30)
      at error (node_modules/react/cjs/react-jsx-runtime.development.js:61:7)
      at jsxWithValidation (node_modules/react/cjs/react-jsx-runtime.development.js:1245:7)
      at jsxWithValidationDynamic (node_modules/react/cjs/react-jsx-runtime.development.js:1320:12)
      at components/timeline/TimelineModal.tsx:153:21
          at Array.map (<anonymous>)
      at map (components/timeline/TimelineModal.tsx:152:31)
      at renderWithHooks (node_modules/react-dom/cjs/react-dom.development.js:15486:18)
      at mountIndeterminateComponent (node_modules/react-dom/cjs/react-dom.development.js:20103:13)
      at beginWork (node_modules/react-dom/cjs/react-dom.development.js:21626:16)
      at beginWork$1 (node_modules/react-dom/cjs/react-dom.development.js:27465:14)
      at performUnitOfWork (node_modules/react-dom/cjs/react-dom.development.js:26599:12)
      at workLoopSync (node_modules/react-dom/cjs/react-dom.development.js:26505:5)
      at renderRootSync (node_modules/react-dom/cjs/react-dom.development.js:26473:7)
      at performConcurrentWorkOnRoot (node_modules/react-dom/cjs/react-dom.development.js:25777:74)
      at flushActQueue (node_modules/react/cjs/react.development.js:2667:24)
      at act (node_modules/react/cjs/react.development.js:2582:11)
      at node_modules/@testing-library/react/dist/act-compat.js:47:25
      at renderRoot (node_modules/@testing-library/react/dist/pure.js:190:26)
      at render (node_modules/@testing-library/react/dist/pure.js:292:10)
      at Object.<anonymous> (components/__tests__/TimelineModal.test.tsx:219:33)

    console.error
      Warning: React.jsx: type is invalid -- expected a string (for built-in components) or a class/function (for composite components) but got: undefined. You likely forgot to export your component from the file it's defined in, or you might have mixed up default and named imports.
      
      Check the render method of `TimelineModal`.
          at event (C:\Users\alexi\Documents\projects\maicivy\frontend\components\timeline\TimelineModal.tsx:13:56)

    [0m [90m 151 |[39m                 [33m<[39m[33mdiv[39m className[33m=[39m[32m"flex flex-wrap gap-2"[39m[33m>[39m
     [90m 152 |[39m                   {event[33m.[39mtags[33m.[39mmap((tag) [33m=>[39m (
    [31m[1m>[22m[39m[90m 153 |[39m                     [33m<[39m[33mmotion[39m[33m.[39mspan
     [90m     |[39m                     [31m[1m^[22m[39m
     [90m 154 |[39m                       key[33m=[39m{tag}
     [90m 155 |[39m                       whileHover[33m=[39m{{ scale[33m:[39m [35m1.05[39m }}
     [90m 156 |[39m                       className[33m=[39m[32m"px-4 py-2 bg-blue-500 text-white text-sm font-medium rounded-full shadow-sm"[39m[0m

      at printWarning (node_modules/react/cjs/react-jsx-runtime.development.js:87:30)
      at error (node_modules/react/cjs/react-jsx-runtime.development.js:61:7)
      at jsxWithValidation (node_modules/react/cjs/react-jsx-runtime.development.js:1245:7)
      at jsxWithValidationDynamic (node_modules/react/cjs/react-jsx-runtime.development.js:1320:12)
      at components/timeline/TimelineModal.tsx:153:21
          at Array.map (<anonymous>)
      at map (components/timeline/TimelineModal.tsx:152:31)
      at renderWithHooks (node_modules/react-dom/cjs/react-dom.development.js:15486:18)
      at mountIndeterminateComponent (node_modules/react-dom/cjs/react-dom.development.js:20103:13)
      at beginWork (node_modules/react-dom/cjs/react-dom.development.js:21626:16)
      at beginWork$1 (node_modules/react-dom/cjs/react-dom.development.js:27465:14)
      at performUnitOfWork (node_modules/react-dom/cjs/react-dom.development.js:26599:12)
      at workLoopSync (node_modules/react-dom/cjs/react-dom.development.js:26505:5)
      at renderRootSync (node_modules/react-dom/cjs/react-dom.development.js:26473:7)
      at performConcurrentWorkOnRoot (node_modules/react-dom/cjs/react-dom.development.js:25777:74)
      at flushActQueue (node_modules/react/cjs/react.development.js:2667:24)
      at act (node_modules/react/cjs/react.development.js:2582:11)
      at node_modules/@testing-library/react/dist/act-compat.js:47:25
      at renderRoot (node_modules/@testing-library/react/dist/pure.js:190:26)
      at render (node_modules/@testing-library/react/dist/pure.js:292:10)
      at Object.<anonymous> (components/__tests__/TimelineModal.test.tsx:219:33)

    console.error
      Warning: React.jsx: type is invalid -- expected a string (for built-in components) or a class/function (for composite components) but got: undefined. You likely forgot to export your component from the file it's defined in, or you might have mixed up default and named imports.
      
      Check the render method of `TimelineModal`.
          at event (C:\Users\alexi\Documents\projects\maicivy\frontend\components\timeline\TimelineModal.tsx:13:56)

    [0m [90m 151 |[39m                 [33m<[39m[33mdiv[39m className[33m=[39m[32m"flex flex-wrap gap-2"[39m[33m>[39m
     [90m 152 |[39m                   {event[33m.[39mtags[33m.[39mmap((tag) [33m=>[39m (
    [31m[1m>[22m[39m[90m 153 |[39m                     [33m<[39m[33mmotion[39m[33m.[39mspan
     [90m     |[39m                     [31m[1m^[22m[39m
     [90m 154 |[39m                       key[33m=[39m{tag}
     [90m 155 |[39m                       whileHover[33m=[39m{{ scale[33m:[39m [35m1.05[39m }}
     [90m 156 |[39m                       className[33m=[39m[32m"px-4 py-2 bg-blue-500 text-white text-sm font-medium rounded-full shadow-sm"[39m[0m

      at printWarning (node_modules/react/cjs/react-jsx-runtime.development.js:87:30)
      at error (node_modules/react/cjs/react-jsx-runtime.development.js:61:7)
      at jsxWithValidation (node_modules/react/cjs/react-jsx-runtime.development.js:1245:7)
      at jsxWithValidationDynamic (node_modules/react/cjs/react-jsx-runtime.development.js:1320:12)
      at components/timeline/TimelineModal.tsx:153:21
          at Array.map (<anonymous>)
      at map (components/timeline/TimelineModal.tsx:152:31)
      at renderWithHooks (node_modules/react-dom/cjs/react-dom.development.js:15486:18)
      at mountIndeterminateComponent (node_modules/react-dom/cjs/react-dom.development.js:20103:13)
      at beginWork (node_modules/react-dom/cjs/react-dom.development.js:21626:16)
      at beginWork$1 (node_modules/react-dom/cjs/react-dom.development.js:27465:14)
      at performUnitOfWork (node_modules/react-dom/cjs/react-dom.development.js:26599:12)
      at workLoopSync (node_modules/react-dom/cjs/react-dom.development.js:26505:5)
      at renderRootSync (node_modules/react-dom/cjs/react-dom.development.js:26473:7)
      at performConcurrentWorkOnRoot (node_modules/react-dom/cjs/react-dom.development.js:25777:74)
      at flushActQueue (node_modules/react/cjs/react.development.js:2667:24)
      at act (node_modules/react/cjs/react.development.js:2582:11)
      at node_modules/@testing-library/react/dist/act-compat.js:47:25
      at renderRoot (node_modules/@testing-library/react/dist/pure.js:190:26)
      at render (node_modules/@testing-library/react/dist/pure.js:292:10)
      at Object.<anonymous> (components/__tests__/TimelineModal.test.tsx:219:33)

    console.error
      Warning: React.jsx: type is invalid -- expected a string (for built-in components) or a class/function (for composite components) but got: undefined. You likely forgot to export your component from the file it's defined in, or you might have mixed up default and named imports.
      
      Check the render method of `TimelineModal`.
          at event (C:\Users\alexi\Documents\projects\maicivy\frontend\components\timeline\TimelineModal.tsx:13:56)

    [0m [90m 151 |[39m                 [33m<[39m[33mdiv[39m className[33m=[39m[32m"flex flex-wrap gap-2"[39m[33m>[39m
     [90m 152 |[39m                   {event[33m.[39mtags[33m.[39mmap((tag) [33m=>[39m (
    [31m[1m>[22m[39m[90m 153 |[39m                     [33m<[39m[33mmotion[39m[33m.[39mspan
     [90m     |[39m                     [31m[1m^[22m[39m
     [90m 154 |[39m                       key[33m=[39m{tag}
     [90m 155 |[39m                       whileHover[33m=[39m{{ scale[33m:[39m [35m1.05[39m }}
     [90m 156 |[39m                       className[33m=[39m[32m"px-4 py-2 bg-blue-500 text-white text-sm font-medium rounded-full shadow-sm"[39m[0m

      at printWarning (node_modules/react/cjs/react-jsx-runtime.development.js:87:30)
      at error (node_modules/react/cjs/react-jsx-runtime.development.js:61:7)
      at jsxWithValidation (node_modules/react/cjs/react-jsx-runtime.development.js:1245:7)
      at jsxWithValidationDynamic (node_modules/react/cjs/react-jsx-runtime.development.js:1320:12)
      at components/timeline/TimelineModal.tsx:153:21
          at Array.map (<anonymous>)
      at map (components/timeline/TimelineModal.tsx:152:31)
      at renderWithHooks (node_modules/react-dom/cjs/react-dom.development.js:15486:18)
      at mountIndeterminateComponent (node_modules/react-dom/cjs/react-dom.development.js:20103:13)
      at beginWork (node_modules/react-dom/cjs/react-dom.development.js:21626:16)
      at beginWork$1 (node_modules/react-dom/cjs/react-dom.development.js:27465:14)
      at performUnitOfWork (node_modules/react-dom/cjs/react-dom.development.js:26599:12)
      at workLoopSync (node_modules/react-dom/cjs/react-dom.development.js:26505:5)
      at renderRootSync (node_modules/react-dom/cjs/react-dom.development.js:26473:7)
      at performConcurrentWorkOnRoot (node_modules/react-dom/cjs/react-dom.development.js:25777:74)
      at flushActQueue (node_modules/react/cjs/react.development.js:2667:24)
      at act (node_modules/react/cjs/react.development.js:2582:11)
      at node_modules/@testing-library/react/dist/act-compat.js:47:25
      at renderRoot (node_modules/@testing-library/react/dist/pure.js:190:26)
      at render (node_modules/@testing-library/react/dist/pure.js:292:10)
      at Object.<anonymous> (components/__tests__/TimelineModal.test.tsx:219:33)

    console.error
      Warning: React.jsx: type is invalid -- expected a string (for built-in components) or a class/function (for composite components) but got: undefined. You likely forgot to export your component from the file it's defined in, or you might have mixed up default and named imports.
      
      Check the render method of `TimelineModal`.
          at event (C:\Users\alexi\Documents\projects\maicivy\frontend\components\timeline\TimelineModal.tsx:13:56)

    [0m [90m 151 |[39m                 [33m<[39m[33mdiv[39m className[33m=[39m[32m"flex flex-wrap gap-2"[39m[33m>[39m
     [90m 152 |[39m                   {event[33m.[39mtags[33m.[39mmap((tag) [33m=>[39m (
    [31m[1m>[22m[39m[90m 153 |[39m                     [33m<[39m[33mmotion[39m[33m.[39mspan
     [90m     |[39m                     [31m[1m^[22m[39m
     [90m 154 |[39m                       key[33m=[39m{tag}
     [90m 155 |[39m                       whileHover[33m=[39m{{ scale[33m:[39m [35m1.05[39m }}
     [90m 156 |[39m                       className[33m=[39m[32m"px-4 py-2 bg-blue-500 text-white text-sm font-medium rounded-full shadow-sm"[39m[0m

      at printWarning (node_modules/react/cjs/react-jsx-runtime.development.js:87:30)
      at error (node_modules/react/cjs/react-jsx-runtime.development.js:61:7)
      at jsxWithValidation (node_modules/react/cjs/react-jsx-runtime.development.js:1245:7)
      at jsxWithValidationDynamic (node_modules/react/cjs/react-jsx-runtime.development.js:1320:12)
      at components/timeline/TimelineModal.tsx:153:21
          at Array.map (<anonymous>)
      at map (components/timeline/TimelineModal.tsx:152:31)
      at renderWithHooks (node_modules/react-dom/cjs/react-dom.development.js:15486:18)
      at mountIndeterminateComponent (node_modules/react-dom/cjs/react-dom.development.js:20103:13)
      at beginWork (node_modules/react-dom/cjs/react-dom.development.js:21626:16)
      at beginWork$1 (node_modules/react-dom/cjs/react-dom.development.js:27465:14)
      at performUnitOfWork (node_modules/react-dom/cjs/react-dom.development.js:26599:12)
      at workLoopSync (node_modules/react-dom/cjs/react-dom.development.js:26505:5)
      at renderRootSync (node_modules/react-dom/cjs/react-dom.development.js:26473:7)
      at performConcurrentWorkOnRoot (node_modules/react-dom/cjs/react-dom.development.js:25777:74)
      at flushActQueue (node_modules/react/cjs/react.development.js:2667:24)
      at act (node_modules/react/cjs/react.development.js:2582:11)
      at node_modules/@testing-library/react/dist/act-compat.js:47:25
      at renderRoot (node_modules/@testing-library/react/dist/pure.js:190:26)
      at render (node_modules/@testing-library/react/dist/pure.js:292:10)
      at Object.<anonymous> (components/__tests__/TimelineModal.test.tsx:219:33)

    console.error
      Error: Uncaught [Error: Element type is invalid: expected a string (for built-in components) or a class/function (for composite components) but got: undefined. You likely forgot to export your component from the file it's defined in, or you might have mixed up default and named imports.
      
      Check the render method of `TimelineModal`.]
          at reportException (C:\Users\alexi\Documents\projects\maicivy\frontend\node_modules\jsdom\lib\jsdom\living\helpers\runtime-script-errors.js:66:24)
          at innerInvokeEventListeners (C:\Users\alexi\Documents\projects\maicivy\frontend\node_modules\jsdom\lib\jsdom\living\events\EventTarget-impl.js:353:9)
          at invokeEventListeners (C:\Users\alexi\Documents\projects\maicivy\frontend\node_modules\jsdom\lib\jsdom\living\events\EventTarget-impl.js:286:3)
          at HTMLUnknownElementImpl._dispatch (C:\Users\alexi\Documents\projects\maicivy\frontend\node_modules\jsdom\lib\jsdom\living\events\EventTarget-impl.js:233:9)
          at HTMLUnknownElementImpl.dispatchEvent (C:\Users\alexi\Documents\projects\maicivy\frontend\node_modules\jsdom\lib\jsdom\living\events\EventTarget-impl.js:104:17)
          at HTMLUnknownElement.dispatchEvent (C:\Users\alexi\Documents\projects\maicivy\frontend\node_modules\jsdom\lib\jsdom\living\generated\EventTarget.js:241:34)
          at Object.invokeGuardedCallbackDev (C:\Users\alexi\Documents\projects\maicivy\frontend\node_modules\react-dom\cjs\react-dom.development.js:4213:16)
          at invokeGuardedCallback (C:\Users\alexi\Documents\projects\maicivy\frontend\node_modules\react-dom\cjs\react-dom.development.js:4277:31)
          at beginWork$1 (C:\Users\alexi\Documents\projects\maicivy\frontend\node_modules\react-dom\cjs\react-dom.development.js:27490:7)
          at performUnitOfWork (C:\Users\alexi\Documents\projects\maicivy\frontend\node_modules\react-dom\cjs\react-dom.development.js:26599:12)
          at workLoopSync (C:\Users\alexi\Documents\projects\maicivy\frontend\node_modules\react-dom\cjs\react-dom.development.js:26505:5)
          at renderRootSync (C:\Users\alexi\Documents\projects\maicivy\frontend\node_modules\react-dom\cjs\react-dom.development.js:26473:7)
          at performConcurrentWorkOnRoot (C:\Users\alexi\Documents\projects\maicivy\frontend\node_modules\react-dom\cjs\react-dom.development.js:25777:74)
          at flushActQueue (C:\Users\alexi\Documents\projects\maicivy\frontend\node_modules\react\cjs\react.development.js:2667:24)
          at act (C:\Users\alexi\Documents\projects\maicivy\frontend\node_modules\react\cjs\react.development.js:2582:11)
          at C:\Users\alexi\Documents\projects\maicivy\frontend\node_modules\@testing-library\react\dist\act-compat.js:47:25
          at renderRoot (C:\Users\alexi\Documents\projects\maicivy\frontend\node_modules\@testing-library\react\dist\pure.js:190:26)
          at render (C:\Users\alexi\Documents\projects\maicivy\frontend\node_modules\@testing-library\react\dist\pure.js:292:10)
          at Object.<anonymous> (C:\Users\alexi\Documents\projects\maicivy\frontend\components\__tests__\TimelineModal.test.tsx:219:33)
          at Promise.finally.completed (C:\Users\alexi\Documents\projects\maicivy\frontend\node_modules\jest-circus\build\jestAdapterInit.js:1557:28)
          at new Promise (<anonymous>)
          at callAsyncCircusFn (C:\Users\alexi\Documents\projects\maicivy\frontend\node_modules\jest-circus\build\jestAdapterInit.js:1497:10)
          at _callCircusTest (C:\Users\alexi\Documents\projects\maicivy\frontend\node_modules\jest-circus\build\jestAdapterInit.js:1007:40)
          at processTicksAndRejections (node:internal/process/task_queues:103:5)
          at _runTest (C:\Users\alexi\Documents\projects\maicivy\frontend\node_modules\jest-circus\build\jestAdapterInit.js:947:3)
          at C:\Users\alexi\Documents\projects\maicivy\frontend\node_modules\jest-circus\build\jestAdapterInit.js:849:7
          at _runTestsForDescribeBlock (C:\Users\alexi\Documents\projects\maicivy\frontend\node_modules\jest-circus\build\jestAdapterInit.js:862:11)
          at _runTestsForDescribeBlock (C:\Users\alexi\Documents\projects\maicivy\frontend\node_modules\jest-circus\build\jestAdapterInit.js:857:11)
          at run (C:\Users\alexi\Documents\projects\maicivy\frontend\node_modules\jest-circus\build\jestAdapterInit.js:761:3)
          at runAndTransformResultsToJestFormat (C:\Users\alexi\Documents\projects\maicivy\frontend\node_modules\jest-circus\build\jestAdapterInit.js:1918:21)
          at jestAdapter (C:\Users\alexi\Documents\projects\maicivy\frontend\node_modules\jest-circus\build\runner.js:101:19)
          at runTestInternal (C:\Users\alexi\Documents\projects\maicivy\frontend\node_modules\jest-runner\build\testWorker.js:275:16)
          at runTest (C:\Users\alexi\Documents\projects\maicivy\frontend\node_modules\jest-runner\build\testWorker.js:343:7)
          at Object.worker (C:\Users\alexi\Documents\projects\maicivy\frontend\node_modules\jest-runner\build\testWorker.js:497:12) {
        detail: Error: Element type is invalid: expected a string (for built-in components) or a class/function (for composite components) but got: undefined. You likely forgot to export your component from the file it's defined in, or you might have mixed up default and named imports.
        
        Check the render method of `TimelineModal`.
            at createFiberFromTypeAndProps (C:\Users\alexi\Documents\projects\maicivy\frontend\node_modules\react-dom\cjs\react-dom.development.js:28478:17)
            at createFiberFromElement (C:\Users\alexi\Documents\projects\maicivy\frontend\node_modules\react-dom\cjs\react-dom.development.js:28504:15)
            at createChild (C:\Users\alexi\Documents\projects\maicivy\frontend\node_modules\react-dom\cjs\react-dom.development.js:13345:28)
            at reconcileChildrenArray (C:\Users\alexi\Documents\projects\maicivy\frontend\node_modules\react-dom\cjs\react-dom.development.js:13640:25)
            at reconcileChildFibers (C:\Users\alexi\Documents\projects\maicivy\frontend\node_modules\react-dom\cjs\react-dom.development.js:14057:16)
            at reconcileChildren (C:\Users\alexi\Documents\projects\maicivy\frontend\node_modules\react-dom\cjs\react-dom.development.js:19186:28)
            at updateHostComponent (C:\Users\alexi\Documents\projects\maicivy\frontend\node_modules\react-dom\cjs\react-dom.development.js:19953:3)
            at beginWork (C:\Users\alexi\Documents\projects\maicivy\frontend\node_modules\react-dom\cjs\react-dom.development.js:21657:14)
            at HTMLUnknownElement.callCallback (C:\Users\alexi\Documents\projects\maicivy\frontend\node_modules\react-dom\cjs\react-dom.development.js:4164:14)
            at HTMLUnknownElement.callTheUserObjectsOperation (C:\Users\alexi\Documents\projects\maicivy\frontend\node_modules\jsdom\lib\jsdom\living\generated\EventListener.js:26:30)
            at innerInvokeEventListeners (C:\Users\alexi\Documents\projects\maicivy\frontend\node_modules\jsdom\lib\jsdom\living\events\EventTarget-impl.js:350:25)
            at invokeEventListeners (C:\Users\alexi\Documents\projects\maicivy\frontend\node_modules\jsdom\lib\jsdom\living\events\EventTarget-impl.js:286:3)
            at HTMLUnknownElementImpl._dispatch (C:\Users\alexi\Documents\projects\maicivy\frontend\node_modules\jsdom\lib\jsdom\living\events\EventTarget-impl.js:233:9)
            at HTMLUnknownElementImpl.dispatchEvent (C:\Users\alexi\Documents\projects\maicivy\frontend\node_modules\jsdom\lib\jsdom\living\events\EventTarget-impl.js:104:17)
            at HTMLUnknownElement.dispatchEvent (C:\Users\alexi\Documents\projects\maicivy\frontend\node_modules\jsdom\lib\jsdom\living\generated\EventTarget.js:241:34)
            at Object.invokeGuardedCallbackDev (C:\Users\alexi\Documents\projects\maicivy\frontend\node_modules\react-dom\cjs\react-dom.development.js:4213:16)
            at invokeGuardedCallback (C:\Users\alexi\Documents\projects\maicivy\frontend\node_modules\react-dom\cjs\react-dom.development.js:4277:31)
            at beginWork$1 (C:\Users\alexi\Documents\projects\maicivy\frontend\node_modules\react-dom\cjs\react-dom.development.js:27490:7)
            at performUnitOfWork (C:\Users\alexi\Documents\projects\maicivy\frontend\node_modules\react-dom\cjs\react-dom.development.js:26599:12)
            at workLoopSync (C:\Users\alexi\Documents\projects\maicivy\frontend\node_modules\react-dom\cjs\react-dom.development.js:26505:5)
            at renderRootSync (C:\Users\alexi\Documents\projects\maicivy\frontend\node_modules\react-dom\cjs\react-dom.development.js:26473:7)
            at performConcurrentWorkOnRoot (C:\Users\alexi\Documents\projects\maicivy\frontend\node_modules\react-dom\cjs\react-dom.development.js:25777:74)
            at flushActQueue (C:\Users\alexi\Documents\projects\maicivy\frontend\node_modules\react\cjs\react.development.js:2667:24)
            at act (C:\Users\alexi\Documents\projects\maicivy\frontend\node_modules\react\cjs\react.development.js:2582:11)
            at C:\Users\alexi\Documents\projects\maicivy\frontend\node_modules\@testing-library\react\dist\act-compat.js:47:25
            at renderRoot (C:\Users\alexi\Documents\projects\maicivy\frontend\node_modules\@testing-library\react\dist\pure.js:190:26)
            at render (C:\Users\alexi\Documents\projects\maicivy\frontend\node_modules\@testing-library\react\dist\pure.js:292:10)
            at Object.<anonymous> (C:\Users\alexi\Documents\projects\maicivy\frontend\components\__tests__\TimelineModal.test.tsx:219:33)
            at Promise.finally.completed (C:\Users\alexi\Documents\projects\maicivy\frontend\node_modules\jest-circus\build\jestAdapterInit.js:1557:28)
            at new Promise (<anonymous>)
            at callAsyncCircusFn (C:\Users\alexi\Documents\projects\maicivy\frontend\node_modules\jest-circus\build\jestAdapterInit.js:1497:10)
            at _callCircusTest (C:\Users\alexi\Documents\projects\maicivy\frontend\node_modules\jest-circus\build\jestAdapterInit.js:1007:40)
            at processTicksAndRejections (node:internal/process/task_queues:103:5)
            at _runTest (C:\Users\alexi\Documents\projects\maicivy\frontend\node_modules\jest-circus\build\jestAdapterInit.js:947:3)
            at C:\Users\alexi\Documents\projects\maicivy\frontend\node_modules\jest-circus\build\jestAdapterInit.js:849:7
            at _runTestsForDescribeBlock (C:\Users\alexi\Documents\projects\maicivy\frontend\node_modules\jest-circus\build\jestAdapterInit.js:862:11)
            at _runTestsForDescribeBlock (C:\Users\alexi\Documents\projects\maicivy\frontend\node_modules\jest-circus\build\jestAdapterInit.js:857:11)
            at run (C:\Users\alexi\Documents\projects\maicivy\frontend\node_modules\jest-circus\build\jestAdapterInit.js:761:3)
            at runAndTransformResultsToJestFormat (C:\Users\alexi\Documents\projects\maicivy\frontend\node_modules\jest-circus\build\jestAdapterInit.js:1918:21)
            at jestAdapter (C:\Users\alexi\Documents\projects\maicivy\frontend\node_modules\jest-circus\build\runner.js:101:19)
            at runTestInternal (C:\Users\alexi\Documents\projects\maicivy\frontend\node_modules\jest-runner\build\testWorker.js:275:16)
            at runTest (C:\Users\alexi\Documents\projects\maicivy\frontend\node_modules\jest-runner\build\testWorker.js:343:7)
            at Object.worker (C:\Users\alexi\Documents\projects\maicivy\frontend\node_modules\jest-runner\build\testWorker.js:497:12),
        type: 'unhandled exception'
      }

    [0m [90m 217 |[39m     [36mconst[39m onClose [33m=[39m jest[33m.[39mfn()[33m;[39m
     [90m 218 |[39m
    [31m[1m>[22m[39m[90m 219 |[39m     [36mconst[39m { container } [33m=[39m render([33m<[39m[33mTimelineModal[39m event[33m=[39m{mockEvent} onClose[33m=[39m{onClose} [33m/[39m[33m>[39m)[33m;[39m
     [90m     |[39m                                 [31m[1m^[22m[39m
     [90m 220 |[39m
     [90m 221 |[39m     [36mconst[39m backdrop [33m=[39m container[33m.[39mquerySelector([32m'.fixed.inset-0'[39m)[33m;[39m
     [90m 222 |[39m     [36mif[39m (backdrop) {[0m

      at VirtualConsole.<anonymous> (node_modules/@jest/environment-jsdom-abstract/build/index.js:87:23)
      at reportException (node_modules/jsdom/lib/jsdom/living/helpers/runtime-script-errors.js:70:28)
      at innerInvokeEventListeners (node_modules/jsdom/lib/jsdom/living/events/EventTarget-impl.js:353:9)
      at invokeEventListeners (node_modules/jsdom/lib/jsdom/living/events/EventTarget-impl.js:286:3)
      at HTMLUnknownElementImpl._dispatch (node_modules/jsdom/lib/jsdom/living/events/EventTarget-impl.js:233:9)
      at HTMLUnknownElementImpl.dispatchEvent (node_modules/jsdom/lib/jsdom/living/events/EventTarget-impl.js:104:17)
      at HTMLUnknownElement.dispatchEvent (node_modules/jsdom/lib/jsdom/living/generated/EventTarget.js:241:34)
      at Object.invokeGuardedCallbackDev (node_modules/react-dom/cjs/react-dom.development.js:4213:16)
      at invokeGuardedCallback (node_modules/react-dom/cjs/react-dom.development.js:4277:31)
      at beginWork$1 (node_modules/react-dom/cjs/react-dom.development.js:27490:7)
      at performUnitOfWork (node_modules/react-dom/cjs/react-dom.development.js:26599:12)
      at workLoopSync (node_modules/react-dom/cjs/react-dom.development.js:26505:5)
      at renderRootSync (node_modules/react-dom/cjs/react-dom.development.js:26473:7)
      at performConcurrentWorkOnRoot (node_modules/react-dom/cjs/react-dom.development.js:25777:74)
      at flushActQueue (node_modules/react/cjs/react.development.js:2667:24)
      at act (node_modules/react/cjs/react.development.js:2582:11)
      at node_modules/@testing-library/react/dist/act-compat.js:47:25
      at renderRoot (node_modules/@testing-library/react/dist/pure.js:190:26)
      at render (node_modules/@testing-library/react/dist/pure.js:292:10)
      at Object.<anonymous> (components/__tests__/TimelineModal.test.tsx:219:33)

    console.error
      Warning: React.jsx: type is invalid -- expected a string (for built-in components) or a class/function (for composite components) but got: undefined. You likely forgot to export your component from the file it's defined in, or you might have mixed up default and named imports.
      
      Check the render method of `TimelineModal`.
          at event (C:\Users\alexi\Documents\projects\maicivy\frontend\components\timeline\TimelineModal.tsx:13:56)

    [0m [90m 151 |[39m                 [33m<[39m[33mdiv[39m className[33m=[39m[32m"flex flex-wrap gap-2"[39m[33m>[39m
     [90m 152 |[39m                   {event[33m.[39mtags[33m.[39mmap((tag) [33m=>[39m (
    [31m[1m>[22m[39m[90m 153 |[39m                     [33m<[39m[33mmotion[39m[33m.[39mspan
     [90m     |[39m                     [31m[1m^[22m[39m
     [90m 154 |[39m                       key[33m=[39m{tag}
     [90m 155 |[39m                       whileHover[33m=[39m{{ scale[33m:[39m [35m1.05[39m }}
     [90m 156 |[39m                       className[33m=[39m[32m"px-4 py-2 bg-blue-500 text-white text-sm font-medium rounded-full shadow-sm"[39m[0m

      at printWarning (node_modules/react/cjs/react-jsx-runtime.development.js:87:30)
      at error (node_modules/react/cjs/react-jsx-runtime.development.js:61:7)
      at jsxWithValidation (node_modules/react/cjs/react-jsx-runtime.development.js:1245:7)
      at jsxWithValidationDynamic (node_modules/react/cjs/react-jsx-runtime.development.js:1320:12)
      at components/timeline/TimelineModal.tsx:153:21
          at Array.map (<anonymous>)
      at map (components/timeline/TimelineModal.tsx:152:31)
      at renderWithHooks (node_modules/react-dom/cjs/react-dom.development.js:15486:18)
      at mountIndeterminateComponent (node_modules/react-dom/cjs/react-dom.development.js:20103:13)
      at beginWork (node_modules/react-dom/cjs/react-dom.development.js:21626:16)
      at beginWork$1 (node_modules/react-dom/cjs/react-dom.development.js:27465:14)
      at performUnitOfWork (node_modules/react-dom/cjs/react-dom.development.js:26599:12)
      at workLoopSync (node_modules/react-dom/cjs/react-dom.development.js:26505:5)
      at renderRootSync (node_modules/react-dom/cjs/react-dom.development.js:26473:7)
      at recoverFromConcurrentError (node_modules/react-dom/cjs/react-dom.development.js:25889:20)
      at performConcurrentWorkOnRoot (node_modules/react-dom/cjs/react-dom.development.js:25789:22)
      at flushActQueue (node_modules/react/cjs/react.development.js:2667:24)
      at act (node_modules/react/cjs/react.development.js:2582:11)
      at node_modules/@testing-library/react/dist/act-compat.js:47:25
      at renderRoot (node_modules/@testing-library/react/dist/pure.js:190:26)
      at render (node_modules/@testing-library/react/dist/pure.js:292:10)
      at Object.<anonymous> (components/__tests__/TimelineModal.test.tsx:219:33)

    console.error
      Warning: React.jsx: type is invalid -- expected a string (for built-in components) or a class/function (for composite components) but got: undefined. You likely forgot to export your component from the file it's defined in, or you might have mixed up default and named imports.
      
      Check the render method of `TimelineModal`.
          at event (C:\Users\alexi\Documents\projects\maicivy\frontend\components\timeline\TimelineModal.tsx:13:56)

    [0m [90m 151 |[39m                 [33m<[39m[33mdiv[39m className[33m=[39m[32m"flex flex-wrap gap-2"[39m[33m>[39m
     [90m 152 |[39m                   {event[33m.[39mtags[33m.[39mmap((tag) [33m=>[39m (
    [31m[1m>[22m[39m[90m 153 |[39m                     [33m<[39m[33mmotion[39m[33m.[39mspan
     [90m     |[39m                     [31m[1m^[22m[39m
     [90m 154 |[39m                       key[33m=[39m{tag}
     [90m 155 |[39m                       whileHover[33m=[39m{{ scale[33m:[39m [35m1.05[39m }}
     [90m 156 |[39m                       className[33m=[39m[32m"px-4 py-2 bg-blue-500 text-white text-sm font-medium rounded-full shadow-sm"[39m[0m

      at printWarning (node_modules/react/cjs/react-jsx-runtime.development.js:87:30)
      at error (node_modules/react/cjs/react-jsx-runtime.development.js:61:7)
      at jsxWithValidation (node_modules/react/cjs/react-jsx-runtime.development.js:1245:7)
      at jsxWithValidationDynamic (node_modules/react/cjs/react-jsx-runtime.development.js:1320:12)
      at components/timeline/TimelineModal.tsx:153:21
          at Array.map (<anonymous>)
      at map (components/timeline/TimelineModal.tsx:152:31)
      at renderWithHooks (node_modules/react-dom/cjs/react-dom.development.js:15486:18)
      at mountIndeterminateComponent (node_modules/react-dom/cjs/react-dom.development.js:20103:13)
      at beginWork (node_modules/react-dom/cjs/react-dom.development.js:21626:16)
      at beginWork$1 (node_modules/react-dom/cjs/react-dom.development.js:27465:14)
      at performUnitOfWork (node_modules/react-dom/cjs/react-dom.development.js:26599:12)
      at workLoopSync (node_modules/react-dom/cjs/react-dom.development.js:26505:5)
      at renderRootSync (node_modules/react-dom/cjs/react-dom.development.js:26473:7)
      at recoverFromConcurrentError (node_modules/react-dom/cjs/react-dom.development.js:25889:20)
      at performConcurrentWorkOnRoot (node_modules/react-dom/cjs/react-dom.development.js:25789:22)
      at flushActQueue (node_modules/react/cjs/react.development.js:2667:24)
      at act (node_modules/react/cjs/react.development.js:2582:11)
      at node_modules/@testing-library/react/dist/act-compat.js:47:25
      at renderRoot (node_modules/@testing-library/react/dist/pure.js:190:26)
      at render (node_modules/@testing-library/react/dist/pure.js:292:10)
      at Object.<anonymous> (components/__tests__/TimelineModal.test.tsx:219:33)

    console.error
      Warning: React.jsx: type is invalid -- expected a string (for built-in components) or a class/function (for composite components) but got: undefined. You likely forgot to export your component from the file it's defined in, or you might have mixed up default and named imports.
      
      Check the render method of `TimelineModal`.
          at event (C:\Users\alexi\Documents\projects\maicivy\frontend\components\timeline\TimelineModal.tsx:13:56)

    [0m [90m 151 |[39m                 [33m<[39m[33mdiv[39m className[33m=[39m[32m"flex flex-wrap gap-2"[39m[33m>[39m
     [90m 152 |[39m                   {event[33m.[39mtags[33m.[39mmap((tag) [33m=>[39m (
    [31m[1m>[22m[39m[90m 153 |[39m                     [33m<[39m[33mmotion[39m[33m.[39mspan
     [90m     |[39m                     [31m[1m^[22m[39m
     [90m 154 |[39m                       key[33m=[39m{tag}
     [90m 155 |[39m                       whileHover[33m=[39m{{ scale[33m:[39m [35m1.05[39m }}
     [90m 156 |[39m                       className[33m=[39m[32m"px-4 py-2 bg-blue-500 text-white text-sm font-medium rounded-full shadow-sm"[39m[0m

      at printWarning (node_modules/react/cjs/react-jsx-runtime.development.js:87:30)
      at error (node_modules/react/cjs/react-jsx-runtime.development.js:61:7)
      at jsxWithValidation (node_modules/react/cjs/react-jsx-runtime.development.js:1245:7)
      at jsxWithValidationDynamic (node_modules/react/cjs/react-jsx-runtime.development.js:1320:12)
      at components/timeline/TimelineModal.tsx:153:21
          at Array.map (<anonymous>)
      at map (components/timeline/TimelineModal.tsx:152:31)
      at renderWithHooks (node_modules/react-dom/cjs/react-dom.development.js:15486:18)
      at mountIndeterminateComponent (node_modules/react-dom/cjs/react-dom.development.js:20103:13)
      at beginWork (node_modules/react-dom/cjs/react-dom.development.js:21626:16)
      at beginWork$1 (node_modules/react-dom/cjs/react-dom.development.js:27465:14)
      at performUnitOfWork (node_modules/react-dom/cjs/react-dom.development.js:26599:12)
      at workLoopSync (node_modules/react-dom/cjs/react-dom.development.js:26505:5)
      at renderRootSync (node_modules/react-dom/cjs/react-dom.development.js:26473:7)
      at recoverFromConcurrentError (node_modules/react-dom/cjs/react-dom.development.js:25889:20)
      at performConcurrentWorkOnRoot (node_modules/react-dom/cjs/react-dom.development.js:25789:22)
      at flushActQueue (node_modules/react/cjs/react.development.js:2667:24)
      at act (node_modules/react/cjs/react.development.js:2582:11)
      at node_modules/@testing-library/react/dist/act-compat.js:47:25
      at renderRoot (node_modules/@testing-library/react/dist/pure.js:190:26)
      at render (node_modules/@testing-library/react/dist/pure.js:292:10)
      at Object.<anonymous> (components/__tests__/TimelineModal.test.tsx:219:33)

    console.error
      Warning: React.jsx: type is invalid -- expected a string (for built-in components) or a class/function (for composite components) but got: undefined. You likely forgot to export your component from the file it's defined in, or you might have mixed up default and named imports.
      
      Check the render method of `TimelineModal`.
          at event (C:\Users\alexi\Documents\projects\maicivy\frontend\components\timeline\TimelineModal.tsx:13:56)

    [0m [90m 151 |[39m                 [33m<[39m[33mdiv[39m className[33m=[39m[32m"flex flex-wrap gap-2"[39m[33m>[39m
     [90m 152 |[39m                   {event[33m.[39mtags[33m.[39mmap((tag) [33m=>[39m (
    [31m[1m>[22m[39m[90m 153 |[39m                     [33m<[39m[33mmotion[39m[33m.[39mspan
     [90m     |[39m                     [31m[1m^[22m[39m
     [90m 154 |[39m                       key[33m=[39m{tag}
     [90m 155 |[39m                       whileHover[33m=[39m{{ scale[33m:[39m [35m1.05[39m }}
     [90m 156 |[39m                       className[33m=[39m[32m"px-4 py-2 bg-blue-500 text-white text-sm font-medium rounded-full shadow-sm"[39m[0m

      at printWarning (node_modules/react/cjs/react-jsx-runtime.development.js:87:30)
      at error (node_modules/react/cjs/react-jsx-runtime.development.js:61:7)
      at jsxWithValidation (node_modules/react/cjs/react-jsx-runtime.development.js:1245:7)
      at jsxWithValidationDynamic (node_modules/react/cjs/react-jsx-runtime.development.js:1320:12)
      at components/timeline/TimelineModal.tsx:153:21
          at Array.map (<anonymous>)
      at map (components/timeline/TimelineModal.tsx:152:31)
      at renderWithHooks (node_modules/react-dom/cjs/react-dom.development.js:15486:18)
      at mountIndeterminateComponent (node_modules/react-dom/cjs/react-dom.development.js:20103:13)
      at beginWork (node_modules/react-dom/cjs/react-dom.development.js:21626:16)
      at beginWork$1 (node_modules/react-dom/cjs/react-dom.development.js:27465:14)
      at performUnitOfWork (node_modules/react-dom/cjs/react-dom.development.js:26599:12)
      at workLoopSync (node_modules/react-dom/cjs/react-dom.development.js:26505:5)
      at renderRootSync (node_modules/react-dom/cjs/react-dom.development.js:26473:7)
      at recoverFromConcurrentError (node_modules/react-dom/cjs/react-dom.development.js:25889:20)
      at performConcurrentWorkOnRoot (node_modules/react-dom/cjs/react-dom.development.js:25789:22)
      at flushActQueue (node_modules/react/cjs/react.development.js:2667:24)
      at act (node_modules/react/cjs/react.development.js:2582:11)
      at node_modules/@testing-library/react/dist/act-compat.js:47:25
      at renderRoot (node_modules/@testing-library/react/dist/pure.js:190:26)
      at render (node_modules/@testing-library/react/dist/pure.js:292:10)
      at Object.<anonymous> (components/__tests__/TimelineModal.test.tsx:219:33)

    console.error
      Warning: React.jsx: type is invalid -- expected a string (for built-in components) or a class/function (for composite components) but got: undefined. You likely forgot to export your component from the file it's defined in, or you might have mixed up default and named imports.
      
      Check the render method of `TimelineModal`.
          at event (C:\Users\alexi\Documents\projects\maicivy\frontend\components\timeline\TimelineModal.tsx:13:56)

    [0m [90m 151 |[39m                 [33m<[39m[33mdiv[39m className[33m=[39m[32m"flex flex-wrap gap-2"[39m[33m>[39m
     [90m 152 |[39m                   {event[33m.[39mtags[33m.[39mmap((tag) [33m=>[39m (
    [31m[1m>[22m[39m[90m 153 |[39m                     [33m<[39m[33mmotion[39m[33m.[39mspan
     [90m     |[39m                     [31m[1m^[22m[39m
     [90m 154 |[39m                       key[33m=[39m{tag}
     [90m 155 |[39m                       whileHover[33m=[39m{{ scale[33m:[39m [35m1.05[39m }}
     [90m 156 |[39m                       className[33m=[39m[32m"px-4 py-2 bg-blue-500 text-white text-sm font-medium rounded-full shadow-sm"[39m[0m

      at printWarning (node_modules/react/cjs/react-jsx-runtime.development.js:87:30)
      at error (node_modules/react/cjs/react-jsx-runtime.development.js:61:7)
      at jsxWithValidation (node_modules/react/cjs/react-jsx-runtime.development.js:1245:7)
      at jsxWithValidationDynamic (node_modules/react/cjs/react-jsx-runtime.development.js:1320:12)
      at components/timeline/TimelineModal.tsx:153:21
          at Array.map (<anonymous>)
      at map (components/timeline/TimelineModal.tsx:152:31)
      at renderWithHooks (node_modules/react-dom/cjs/react-dom.development.js:15486:18)
      at mountIndeterminateComponent (node_modules/react-dom/cjs/react-dom.development.js:20103:13)
      at beginWork (node_modules/react-dom/cjs/react-dom.development.js:21626:16)
      at beginWork$1 (node_modules/react-dom/cjs/react-dom.development.js:27465:14)
      at performUnitOfWork (node_modules/react-dom/cjs/react-dom.development.js:26599:12)
      at workLoopSync (node_modules/react-dom/cjs/react-dom.development.js:26505:5)
      at renderRootSync (node_modules/react-dom/cjs/react-dom.development.js:26473:7)
      at recoverFromConcurrentError (node_modules/react-dom/cjs/react-dom.development.js:25889:20)
      at performConcurrentWorkOnRoot (node_modules/react-dom/cjs/react-dom.development.js:25789:22)
      at flushActQueue (node_modules/react/cjs/react.development.js:2667:24)
      at act (node_modules/react/cjs/react.development.js:2582:11)
      at node_modules/@testing-library/react/dist/act-compat.js:47:25
      at renderRoot (node_modules/@testing-library/react/dist/pure.js:190:26)
      at render (node_modules/@testing-library/react/dist/pure.js:292:10)
      at Object.<anonymous> (components/__tests__/TimelineModal.test.tsx:219:33)

    console.error
      Error: Uncaught [Error: Element type is invalid: expected a string (for built-in components) or a class/function (for composite components) but got: undefined. You likely forgot to export your component from the file it's defined in, or you might have mixed up default and named imports.
      
      Check the render method of `TimelineModal`.]
          at reportException (C:\Users\alexi\Documents\projects\maicivy\frontend\node_modules\jsdom\lib\jsdom\living\helpers\runtime-script-errors.js:66:24)
          at innerInvokeEventListeners (C:\Users\alexi\Documents\projects\maicivy\frontend\node_modules\jsdom\lib\jsdom\living\events\EventTarget-impl.js:353:9)
          at invokeEventListeners (C:\Users\alexi\Documents\projects\maicivy\frontend\node_modules\jsdom\lib\jsdom\living\events\EventTarget-impl.js:286:3)
          at HTMLUnknownElementImpl._dispatch (C:\Users\alexi\Documents\projects\maicivy\frontend\node_modules\jsdom\lib\jsdom\living\events\EventTarget-impl.js:233:9)
          at HTMLUnknownElementImpl.dispatchEvent (C:\Users\alexi\Documents\projects\maicivy\frontend\node_modules\jsdom\lib\jsdom\living\events\EventTarget-impl.js:104:17)
          at HTMLUnknownElement.dispatchEvent (C:\Users\alexi\Documents\projects\maicivy\frontend\node_modules\jsdom\lib\jsdom\living\generated\EventTarget.js:241:34)
          at Object.invokeGuardedCallbackDev (C:\Users\alexi\Documents\projects\maicivy\frontend\node_modules\react-dom\cjs\react-dom.development.js:4213:16)
          at invokeGuardedCallback (C:\Users\alexi\Documents\projects\maicivy\frontend\node_modules\react-dom\cjs\react-dom.development.js:4277:31)
          at beginWork$1 (C:\Users\alexi\Documents\projects\maicivy\frontend\node_modules\react-dom\cjs\react-dom.development.js:27490:7)
          at performUnitOfWork (C:\Users\alexi\Documents\projects\maicivy\frontend\node_modules\react-dom\cjs\react-dom.development.js:26599:12)
          at workLoopSync (C:\Users\alexi\Documents\projects\maicivy\frontend\node_modules\react-dom\cjs\react-dom.development.js:26505:5)
          at renderRootSync (C:\Users\alexi\Documents\projects\maicivy\frontend\node_modules\react-dom\cjs\react-dom.development.js:26473:7)
          at recoverFromConcurrentError (C:\Users\alexi\Documents\projects\maicivy\frontend\node_modules\react-dom\cjs\react-dom.development.js:25889:20)
          at performConcurrentWorkOnRoot (C:\Users\alexi\Documents\projects\maicivy\frontend\node_modules\react-dom\cjs\react-dom.development.js:25789:22)
          at flushActQueue (C:\Users\alexi\Documents\projects\maicivy\frontend\node_modules\react\cjs\react.development.js:2667:24)
          at act (C:\Users\alexi\Documents\projects\maicivy\frontend\node_modules\react\cjs\react.development.js:2582:11)
          at C:\Users\alexi\Documents\projects\maicivy\frontend\node_modules\@testing-library\react\dist\act-compat.js:47:25
          at renderRoot (C:\Users\alexi\Documents\projects\maicivy\frontend\node_modules\@testing-library\react\dist\pure.js:190:26)
          at render (C:\Users\alexi\Documents\projects\maicivy\frontend\node_modules\@testing-library\react\dist\pure.js:292:10)
          at Object.<anonymous> (C:\Users\alexi\Documents\projects\maicivy\frontend\components\__tests__\TimelineModal.test.tsx:219:33)
          at Promise.finally.completed (C:\Users\alexi\Documents\projects\maicivy\frontend\node_modules\jest-circus\build\jestAdapterInit.js:1557:28)
          at new Promise (<anonymous>)
          at callAsyncCircusFn (C:\Users\alexi\Documents\projects\maicivy\frontend\node_modules\jest-circus\build\jestAdapterInit.js:1497:10)
          at _callCircusTest (C:\Users\alexi\Documents\projects\maicivy\frontend\node_modules\jest-circus\build\jestAdapterInit.js:1007:40)
          at processTicksAndRejections (node:internal/process/task_queues:103:5)
          at _runTest (C:\Users\alexi\Documents\projects\maicivy\frontend\node_modules\jest-circus\build\jestAdapterInit.js:947:3)
          at C:\Users\alexi\Documents\projects\maicivy\frontend\node_modules\jest-circus\build\jestAdapterInit.js:849:7
          at _runTestsForDescribeBlock (C:\Users\alexi\Documents\projects\maicivy\frontend\node_modules\jest-circus\build\jestAdapterInit.js:862:11)
          at _runTestsForDescribeBlock (C:\Users\alexi\Documents\projects\maicivy\frontend\node_modules\jest-circus\build\jestAdapterInit.js:857:11)
          at run (C:\Users\alexi\Documents\projects\maicivy\frontend\node_modules\jest-circus\build\jestAdapterInit.js:761:3)
          at runAndTransformResultsToJestFormat (C:\Users\alexi\Documents\projects\maicivy\frontend\node_modules\jest-circus\build\jestAdapterInit.js:1918:21)
          at jestAdapter (C:\Users\alexi\Documents\projects\maicivy\frontend\node_modules\jest-circus\build\runner.js:101:19)
          at runTestInternal (C:\Users\alexi\Documents\projects\maicivy\frontend\node_modules\jest-runner\build\testWorker.js:275:16)
          at runTest (C:\Users\alexi\Documents\projects\maicivy\frontend\node_modules\jest-runner\build\testWorker.js:343:7)
          at Object.worker (C:\Users\alexi\Documents\projects\maicivy\frontend\node_modules\jest-runner\build\testWorker.js:497:12) {
        detail: Error: Element type is invalid: expected a string (for built-in components) or a class/function (for composite components) but got: undefined. You likely forgot to export your component from the file it's defined in, or you might have mixed up default and named imports.
        
        Check the render method of `TimelineModal`.
            at createFiberFromTypeAndProps (C:\Users\alexi\Documents\projects\maicivy\frontend\node_modules\react-dom\cjs\react-dom.development.js:28478:17)
            at createFiberFromElement (C:\Users\alexi\Documents\projects\maicivy\frontend\node_modules\react-dom\cjs\react-dom.development.js:28504:15)
            at createChild (C:\Users\alexi\Documents\projects\maicivy\frontend\node_modules\react-dom\cjs\react-dom.development.js:13345:28)
            at reconcileChildrenArray (C:\Users\alexi\Documents\projects\maicivy\frontend\node_modules\react-dom\cjs\react-dom.development.js:13640:25)
            at reconcileChildFibers (C:\Users\alexi\Documents\projects\maicivy\frontend\node_modules\react-dom\cjs\react-dom.development.js:14057:16)
            at reconcileChildren (C:\Users\alexi\Documents\projects\maicivy\frontend\node_modules\react-dom\cjs\react-dom.development.js:19186:28)
            at updateHostComponent (C:\Users\alexi\Documents\projects\maicivy\frontend\node_modules\react-dom\cjs\react-dom.development.js:19953:3)
            at beginWork (C:\Users\alexi\Documents\projects\maicivy\frontend\node_modules\react-dom\cjs\react-dom.development.js:21657:14)
            at HTMLUnknownElement.callCallback (C:\Users\alexi\Documents\projects\maicivy\frontend\node_modules\react-dom\cjs\react-dom.development.js:4164:14)
            at HTMLUnknownElement.callTheUserObjectsOperation (C:\Users\alexi\Documents\projects\maicivy\frontend\node_modules\jsdom\lib\jsdom\living\generated\EventListener.js:26:30)
            at innerInvokeEventListeners (C:\Users\alexi\Documents\projects\maicivy\frontend\node_modules\jsdom\lib\jsdom\living\events\EventTarget-impl.js:350:25)
            at invokeEventListeners (C:\Users\alexi\Documents\projects\maicivy\frontend\node_modules\jsdom\lib\jsdom\living\events\EventTarget-impl.js:286:3)
            at HTMLUnknownElementImpl._dispatch (C:\Users\alexi\Documents\projects\maicivy\frontend\node_modules\jsdom\lib\jsdom\living\events\EventTarget-impl.js:233:9)
            at HTMLUnknownElementImpl.dispatchEvent (C:\Users\alexi\Documents\projects\maicivy\frontend\node_modules\jsdom\lib\jsdom\living\events\EventTarget-impl.js:104:17)
            at HTMLUnknownElement.dispatchEvent (C:\Users\alexi\Documents\projects\maicivy\frontend\node_modules\jsdom\lib\jsdom\living\generated\EventTarget.js:241:34)
            at Object.invokeGuardedCallbackDev (C:\Users\alexi\Documents\projects\maicivy\frontend\node_modules\react-dom\cjs\react-dom.development.js:4213:16)
            at invokeGuardedCallback (C:\Users\alexi\Documents\projects\maicivy\frontend\node_modules\react-dom\cjs\react-dom.development.js:4277:31)
            at beginWork$1 (C:\Users\alexi\Documents\projects\maicivy\frontend\node_modules\react-dom\cjs\react-dom.development.js:27490:7)
            at performUnitOfWork (C:\Users\alexi\Documents\projects\maicivy\frontend\node_modules\react-dom\cjs\react-dom.development.js:26599:12)
            at workLoopSync (C:\Users\alexi\Documents\projects\maicivy\frontend\node_modules\react-dom\cjs\react-dom.development.js:26505:5)
            at renderRootSync (C:\Users\alexi\Documents\projects\maicivy\frontend\node_modules\react-dom\cjs\react-dom.development.js:26473:7)
            at recoverFromConcurrentError (C:\Users\alexi\Documents\projects\maicivy\frontend\node_modules\react-dom\cjs\react-dom.development.js:25889:20)
            at performConcurrentWorkOnRoot (C:\Users\alexi\Documents\projects\maicivy\frontend\node_modules\react-dom\cjs\react-dom.development.js:25789:22)
            at flushActQueue (C:\Users\alexi\Documents\projects\maicivy\frontend\node_modules\react\cjs\react.development.js:2667:24)
            at act (C:\Users\alexi\Documents\projects\maicivy\frontend\node_modules\react\cjs\react.development.js:2582:11)
            at C:\Users\alexi\Documents\projects\maicivy\frontend\node_modules\@testing-library\react\dist\act-compat.js:47:25
            at renderRoot (C:\Users\alexi\Documents\projects\maicivy\frontend\node_modules\@testing-library\react\dist\pure.js:190:26)
            at render (C:\Users\alexi\Documents\projects\maicivy\frontend\node_modules\@testing-library\react\dist\pure.js:292:10)
            at Object.<anonymous> (C:\Users\alexi\Documents\projects\maicivy\frontend\components\__tests__\TimelineModal.test.tsx:219:33)
            at Promise.finally.completed (C:\Users\alexi\Documents\projects\maicivy\frontend\node_modules\jest-circus\build\jestAdapterInit.js:1557:28)
            at new Promise (<anonymous>)
            at callAsyncCircusFn (C:\Users\alexi\Documents\projects\maicivy\frontend\node_modules\jest-circus\build\jestAdapterInit.js:1497:10)
            at _callCircusTest (C:\Users\alexi\Documents\projects\maicivy\frontend\node_modules\jest-circus\build\jestAdapterInit.js:1007:40)
            at processTicksAndRejections (node:internal/process/task_queues:103:5)
            at _runTest (C:\Users\alexi\Documents\projects\maicivy\frontend\node_modules\jest-circus\build\jestAdapterInit.js:947:3)
            at C:\Users\alexi\Documents\projects\maicivy\frontend\node_modules\jest-circus\build\jestAdapterInit.js:849:7
            at _runTestsForDescribeBlock (C:\Users\alexi\Documents\projects\maicivy\frontend\node_modules\jest-circus\build\jestAdapterInit.js:862:11)
            at _runTestsForDescribeBlock (C:\Users\alexi\Documents\projects\maicivy\frontend\node_modules\jest-circus\build\jestAdapterInit.js:857:11)
            at run (C:\Users\alexi\Documents\projects\maicivy\frontend\node_modules\jest-circus\build\jestAdapterInit.js:761:3)
            at runAndTransformResultsToJestFormat (C:\Users\alexi\Documents\projects\maicivy\frontend\node_modules\jest-circus\build\jestAdapterInit.js:1918:21)
            at jestAdapter (C:\Users\alexi\Documents\projects\maicivy\frontend\node_modules\jest-circus\build\runner.js:101:19)
            at runTestInternal (C:\Users\alexi\Documents\projects\maicivy\frontend\node_modules\jest-runner\build\testWorker.js:275:16)
            at runTest (C:\Users\alexi\Documents\projects\maicivy\frontend\node_modules\jest-runner\build\testWorker.js:343:7)
            at Object.worker (C:\Users\alexi\Documents\projects\maicivy\frontend\node_modules\jest-runner\build\testWorker.js:497:12),
        type: 'unhandled exception'
      }

    [0m [90m 217 |[39m     [36mconst[39m onClose [33m=[39m jest[33m.[39mfn()[33m;[39m
     [90m 218 |[39m
    [31m[1m>[22m[39m[90m 219 |[39m     [36mconst[39m { container } [33m=[39m render([33m<[39m[33mTimelineModal[39m event[33m=[39m{mockEvent} onClose[33m=[39m{onClose} [33m/[39m[33m>[39m)[33m;[39m
     [90m     |[39m                                 [31m[1m^[22m[39m
     [90m 220 |[39m
     [90m 221 |[39m     [36mconst[39m backdrop [33m=[39m container[33m.[39mquerySelector([32m'.fixed.inset-0'[39m)[33m;[39m
     [90m 222 |[39m     [36mif[39m (backdrop) {[0m

      at VirtualConsole.<anonymous> (node_modules/@jest/environment-jsdom-abstract/build/index.js:87:23)
      at reportException (node_modules/jsdom/lib/jsdom/living/helpers/runtime-script-errors.js:70:28)
      at innerInvokeEventListeners (node_modules/jsdom/lib/jsdom/living/events/EventTarget-impl.js:353:9)
      at invokeEventListeners (node_modules/jsdom/lib/jsdom/living/events/EventTarget-impl.js:286:3)
      at HTMLUnknownElementImpl._dispatch (node_modules/jsdom/lib/jsdom/living/events/EventTarget-impl.js:233:9)
      at HTMLUnknownElementImpl.dispatchEvent (node_modules/jsdom/lib/jsdom/living/events/EventTarget-impl.js:104:17)
      at HTMLUnknownElement.dispatchEvent (node_modules/jsdom/lib/jsdom/living/generated/EventTarget.js:241:34)
      at Object.invokeGuardedCallbackDev (node_modules/react-dom/cjs/react-dom.development.js:4213:16)
      at invokeGuardedCallback (node_modules/react-dom/cjs/react-dom.development.js:4277:31)
      at beginWork$1 (node_modules/react-dom/cjs/react-dom.development.js:27490:7)
      at performUnitOfWork (node_modules/react-dom/cjs/react-dom.development.js:26599:12)
      at workLoopSync (node_modules/react-dom/cjs/react-dom.development.js:26505:5)
      at renderRootSync (node_modules/react-dom/cjs/react-dom.development.js:26473:7)
      at recoverFromConcurrentError (node_modules/react-dom/cjs/react-dom.development.js:25889:20)
      at performConcurrentWorkOnRoot (node_modules/react-dom/cjs/react-dom.development.js:25789:22)
      at flushActQueue (node_modules/react/cjs/react.development.js:2667:24)
      at act (node_modules/react/cjs/react.development.js:2582:11)
      at node_modules/@testing-library/react/dist/act-compat.js:47:25
      at renderRoot (node_modules/@testing-library/react/dist/pure.js:190:26)
      at render (node_modules/@testing-library/react/dist/pure.js:292:10)
      at Object.<anonymous> (components/__tests__/TimelineModal.test.tsx:219:33)

    console.error
      The above error occurred in the <div> component:
      
          at div
          at div
          at div
          at div
          at children (C:\Users\alexi\Documents\projects\maicivy\frontend\components\__tests__\TimelineModal.test.tsx:8:13)
          at div
          at children (C:\Users\alexi\Documents\projects\maicivy\frontend\components\__tests__\TimelineModal.test.tsx:8:13)
          at children (C:\Users\alexi\Documents\projects\maicivy\frontend\components\__tests__\TimelineModal.test.tsx:12:23)
          at event (C:\Users\alexi\Documents\projects\maicivy\frontend\components\timeline\TimelineModal.tsx:13:56)
      
      Consider adding an error boundary to your tree to customize error handling behavior.
      Visit https://reactjs.org/link/error-boundaries to learn more about error boundaries.

    [0m [90m 217 |[39m     [36mconst[39m onClose [33m=[39m jest[33m.[39mfn()[33m;[39m
     [90m 218 |[39m
    [31m[1m>[22m[39m[90m 219 |[39m     [36mconst[39m { container } [33m=[39m render([33m<[39m[33mTimelineModal[39m event[33m=[39m{mockEvent} onClose[33m=[39m{onClose} [33m/[39m[33m>[39m)[33m;[39m
     [90m     |[39m                                 [31m[1m^[22m[39m
     [90m 220 |[39m
     [90m 221 |[39m     [36mconst[39m backdrop [33m=[39m container[33m.[39mquerySelector([32m'.fixed.inset-0'[39m)[33m;[39m
     [90m 222 |[39m     [36mif[39m (backdrop) {[0m

      at logCapturedError (node_modules/react-dom/cjs/react-dom.development.js:18704:23)
      at update.callback (node_modules/react-dom/cjs/react-dom.development.js:18737:5)
      at callCallback (node_modules/react-dom/cjs/react-dom.development.js:15036:12)
      at commitUpdateQueue (node_modules/react-dom/cjs/react-dom.development.js:15057:9)
      at commitLayoutEffectOnFiber (node_modules/react-dom/cjs/react-dom.development.js:23430:13)
      at commitLayoutMountEffects_complete (node_modules/react-dom/cjs/react-dom.development.js:24727:9)
      at commitLayoutEffects_begin (node_modules/react-dom/cjs/react-dom.development.js:24713:7)
      at commitLayoutEffects (node_modules/react-dom/cjs/react-dom.development.js:24651:3)
      at commitRootImpl (node_modules/react-dom/cjs/react-dom.development.js:26862:5)
      at commitRoot (node_modules/react-dom/cjs/react-dom.development.js:26721:5)
      at finishConcurrentRender (node_modules/react-dom/cjs/react-dom.development.js:25931:9)
      at performConcurrentWorkOnRoot (node_modules/react-dom/cjs/react-dom.development.js:25848:7)
      at flushActQueue (node_modules/react/cjs/react.development.js:2667:24)
      at act (node_modules/react/cjs/react.development.js:2582:11)
      at node_modules/@testing-library/react/dist/act-compat.js:47:25
      at renderRoot (node_modules/@testing-library/react/dist/pure.js:190:26)
      at render (node_modules/@testing-library/react/dist/pure.js:292:10)
      at Object.<anonymous> (components/__tests__/TimelineModal.test.tsx:219:33)

    console.error
      Warning: React.jsx: type is invalid -- expected a string (for built-in components) or a class/function (for composite components) but got: undefined. You likely forgot to export your component from the file it's defined in, or you might have mixed up default and named imports.
      
      Check the render method of `TimelineModal`.
          at event (C:\Users\alexi\Documents\projects\maicivy\frontend\components\timeline\TimelineModal.tsx:13:56)

    [0m [90m 151 |[39m                 [33m<[39m[33mdiv[39m className[33m=[39m[32m"flex flex-wrap gap-2"[39m[33m>[39m
     [90m 152 |[39m                   {event[33m.[39mtags[33m.[39mmap((tag) [33m=>[39m (
    [31m[1m>[22m[39m[90m 153 |[39m                     [33m<[39m[33mmotion[39m[33m.[39mspan
     [90m     |[39m                     [31m[1m^[22m[39m
     [90m 154 |[39m                       key[33m=[39m{tag}
     [90m 155 |[39m                       whileHover[33m=[39m{{ scale[33m:[39m [35m1.05[39m }}
     [90m 156 |[39m                       className[33m=[39m[32m"px-4 py-2 bg-blue-500 text-white text-sm font-medium rounded-full shadow-sm"[39m[0m

      at printWarning (node_modules/react/cjs/react-jsx-runtime.development.js:87:30)
      at error (node_modules/react/cjs/react-jsx-runtime.development.js:61:7)
      at jsxWithValidation (node_modules/react/cjs/react-jsx-runtime.development.js:1245:7)
      at jsxWithValidationDynamic (node_modules/react/cjs/react-jsx-runtime.development.js:1320:12)
      at components/timeline/TimelineModal.tsx:153:21
          at Array.map (<anonymous>)
      at map (components/timeline/TimelineModal.tsx:152:31)
      at renderWithHooks (node_modules/react-dom/cjs/react-dom.development.js:15486:18)
      at mountIndeterminateComponent (node_modules/react-dom/cjs/react-dom.development.js:20103:13)
      at beginWork (node_modules/react-dom/cjs/react-dom.development.js:21626:16)
      at beginWork$1 (node_modules/react-dom/cjs/react-dom.development.js:27465:14)
      at performUnitOfWork (node_modules/react-dom/cjs/react-dom.development.js:26599:12)
      at workLoopSync (node_modules/react-dom/cjs/react-dom.development.js:26505:5)
      at renderRootSync (node_modules/react-dom/cjs/react-dom.development.js:26473:7)
      at performConcurrentWorkOnRoot (node_modules/react-dom/cjs/react-dom.development.js:25777:74)
      at flushActQueue (node_modules/react/cjs/react.development.js:2667:24)
      at act (node_modules/react/cjs/react.development.js:2582:11)
      at node_modules/@testing-library/react/dist/act-compat.js:47:25
      at renderRoot (node_modules/@testing-library/react/dist/pure.js:190:26)
      at render (node_modules/@testing-library/react/dist/pure.js:292:10)
      at Object.<anonymous> (components/__tests__/TimelineModal.test.tsx:231:11)

    console.error
      Warning: React.jsx: type is invalid -- expected a string (for built-in components) or a class/function (for composite components) but got: undefined. You likely forgot to export your component from the file it's defined in, or you might have mixed up default and named imports.
      
      Check the render method of `TimelineModal`.
          at event (C:\Users\alexi\Documents\projects\maicivy\frontend\components\timeline\TimelineModal.tsx:13:56)

    [0m [90m 151 |[39m                 [33m<[39m[33mdiv[39m className[33m=[39m[32m"flex flex-wrap gap-2"[39m[33m>[39m
     [90m 152 |[39m                   {event[33m.[39mtags[33m.[39mmap((tag) [33m=>[39m (
    [31m[1m>[22m[39m[90m 153 |[39m                     [33m<[39m[33mmotion[39m[33m.[39mspan
     [90m     |[39m                     [31m[1m^[22m[39m
     [90m 154 |[39m                       key[33m=[39m{tag}
     [90m 155 |[39m                       whileHover[33m=[39m{{ scale[33m:[39m [35m1.05[39m }}
     [90m 156 |[39m                       className[33m=[39m[32m"px-4 py-2 bg-blue-500 text-white text-sm font-medium rounded-full shadow-sm"[39m[0m

      at printWarning (node_modules/react/cjs/react-jsx-runtime.development.js:87:30)
      at error (node_modules/react/cjs/react-jsx-runtime.development.js:61:7)
      at jsxWithValidation (node_modules/react/cjs/react-jsx-runtime.development.js:1245:7)
      at jsxWithValidationDynamic (node_modules/react/cjs/react-jsx-runtime.development.js:1320:12)
      at components/timeline/TimelineModal.tsx:153:21
          at Array.map (<anonymous>)
      at map (components/timeline/TimelineModal.tsx:152:31)
      at renderWithHooks (node_modules/react-dom/cjs/react-dom.development.js:15486:18)
      at mountIndeterminateComponent (node_modules/react-dom/cjs/react-dom.development.js:20103:13)
      at beginWork (node_modules/react-dom/cjs/react-dom.development.js:21626:16)
      at beginWork$1 (node_modules/react-dom/cjs/react-dom.development.js:27465:14)
      at performUnitOfWork (node_modules/react-dom/cjs/react-dom.development.js:26599:12)
      at workLoopSync (node_modules/react-dom/cjs/react-dom.development.js:26505:5)
      at renderRootSync (node_modules/react-dom/cjs/react-dom.development.js:26473:7)
      at performConcurrentWorkOnRoot (node_modules/react-dom/cjs/react-dom.development.js:25777:74)
      at flushActQueue (node_modules/react/cjs/react.development.js:2667:24)
      at act (node_modules/react/cjs/react.development.js:2582:11)
      at node_modules/@testing-library/react/dist/act-compat.js:47:25
      at renderRoot (node_modules/@testing-library/react/dist/pure.js:190:26)
      at render (node_modules/@testing-library/react/dist/pure.js:292:10)
      at Object.<anonymous> (components/__tests__/TimelineModal.test.tsx:231:11)

    console.error
      Warning: React.jsx: type is invalid -- expected a string (for built-in components) or a class/function (for composite components) but got: undefined. You likely forgot to export your component from the file it's defined in, or you might have mixed up default and named imports.
      
      Check the render method of `TimelineModal`.
          at event (C:\Users\alexi\Documents\projects\maicivy\frontend\components\timeline\TimelineModal.tsx:13:56)

    [0m [90m 151 |[39m                 [33m<[39m[33mdiv[39m className[33m=[39m[32m"flex flex-wrap gap-2"[39m[33m>[39m
     [90m 152 |[39m                   {event[33m.[39mtags[33m.[39mmap((tag) [33m=>[39m (
    [31m[1m>[22m[39m[90m 153 |[39m                     [33m<[39m[33mmotion[39m[33m.[39mspan
     [90m     |[39m                     [31m[1m^[22m[39m
     [90m 154 |[39m                       key[33m=[39m{tag}
     [90m 155 |[39m                       whileHover[33m=[39m{{ scale[33m:[39m [35m1.05[39m }}
     [90m 156 |[39m                       className[33m=[39m[32m"px-4 py-2 bg-blue-500 text-white text-sm font-medium rounded-full shadow-sm"[39m[0m

      at printWarning (node_modules/react/cjs/react-jsx-runtime.development.js:87:30)
      at error (node_modules/react/cjs/react-jsx-runtime.development.js:61:7)
      at jsxWithValidation (node_modules/react/cjs/react-jsx-runtime.development.js:1245:7)
      at jsxWithValidationDynamic (node_modules/react/cjs/react-jsx-runtime.development.js:1320:12)
      at components/timeline/TimelineModal.tsx:153:21
          at Array.map (<anonymous>)
      at map (components/timeline/TimelineModal.tsx:152:31)
      at renderWithHooks (node_modules/react-dom/cjs/react-dom.development.js:15486:18)
      at mountIndeterminateComponent (node_modules/react-dom/cjs/react-dom.development.js:20103:13)
      at beginWork (node_modules/react-dom/cjs/react-dom.development.js:21626:16)
      at beginWork$1 (node_modules/react-dom/cjs/react-dom.development.js:27465:14)
      at performUnitOfWork (node_modules/react-dom/cjs/react-dom.development.js:26599:12)
      at workLoopSync (node_modules/react-dom/cjs/react-dom.development.js:26505:5)
      at renderRootSync (node_modules/react-dom/cjs/react-dom.development.js:26473:7)
      at performConcurrentWorkOnRoot (node_modules/react-dom/cjs/react-dom.development.js:25777:74)
      at flushActQueue (node_modules/react/cjs/react.development.js:2667:24)
      at act (node_modules/react/cjs/react.development.js:2582:11)
      at node_modules/@testing-library/react/dist/act-compat.js:47:25
      at renderRoot (node_modules/@testing-library/react/dist/pure.js:190:26)
      at render (node_modules/@testing-library/react/dist/pure.js:292:10)
      at Object.<anonymous> (components/__tests__/TimelineModal.test.tsx:231:11)

    console.error
      Warning: React.jsx: type is invalid -- expected a string (for built-in components) or a class/function (for composite components) but got: undefined. You likely forgot to export your component from the file it's defined in, or you might have mixed up default and named imports.
      
      Check the render method of `TimelineModal`.
          at event (C:\Users\alexi\Documents\projects\maicivy\frontend\components\timeline\TimelineModal.tsx:13:56)

    [0m [90m 151 |[39m                 [33m<[39m[33mdiv[39m className[33m=[39m[32m"flex flex-wrap gap-2"[39m[33m>[39m
     [90m 152 |[39m                   {event[33m.[39mtags[33m.[39mmap((tag) [33m=>[39m (
    [31m[1m>[22m[39m[90m 153 |[39m                     [33m<[39m[33mmotion[39m[33m.[39mspan
     [90m     |[39m                     [31m[1m^[22m[39m
     [90m 154 |[39m                       key[33m=[39m{tag}
     [90m 155 |[39m                       whileHover[33m=[39m{{ scale[33m:[39m [35m1.05[39m }}
     [90m 156 |[39m                       className[33m=[39m[32m"px-4 py-2 bg-blue-500 text-white text-sm font-medium rounded-full shadow-sm"[39m[0m

      at printWarning (node_modules/react/cjs/react-jsx-runtime.development.js:87:30)
      at error (node_modules/react/cjs/react-jsx-runtime.development.js:61:7)
      at jsxWithValidation (node_modules/react/cjs/react-jsx-runtime.development.js:1245:7)
      at jsxWithValidationDynamic (node_modules/react/cjs/react-jsx-runtime.development.js:1320:12)
      at components/timeline/TimelineModal.tsx:153:21
          at Array.map (<anonymous>)
      at map (components/timeline/TimelineModal.tsx:152:31)
      at renderWithHooks (node_modules/react-dom/cjs/react-dom.development.js:15486:18)
      at mountIndeterminateComponent (node_modules/react-dom/cjs/react-dom.development.js:20103:13)
      at beginWork (node_modules/react-dom/cjs/react-dom.development.js:21626:16)
      at beginWork$1 (node_modules/react-dom/cjs/react-dom.development.js:27465:14)
      at performUnitOfWork (node_modules/react-dom/cjs/react-dom.development.js:26599:12)
      at workLoopSync (node_modules/react-dom/cjs/react-dom.development.js:26505:5)
      at renderRootSync (node_modules/react-dom/cjs/react-dom.development.js:26473:7)
      at performConcurrentWorkOnRoot (node_modules/react-dom/cjs/react-dom.development.js:25777:74)
      at flushActQueue (node_modules/react/cjs/react.development.js:2667:24)
      at act (node_modules/react/cjs/react.development.js:2582:11)
      at node_modules/@testing-library/react/dist/act-compat.js:47:25
      at renderRoot (node_modules/@testing-library/react/dist/pure.js:190:26)
      at render (node_modules/@testing-library/react/dist/pure.js:292:10)
      at Object.<anonymous> (components/__tests__/TimelineModal.test.tsx:231:11)

    console.error
      Warning: React.jsx: type is invalid -- expected a string (for built-in components) or a class/function (for composite components) but got: undefined. You likely forgot to export your component from the file it's defined in, or you might have mixed up default and named imports.
      
      Check the render method of `TimelineModal`.
          at event (C:\Users\alexi\Documents\projects\maicivy\frontend\components\timeline\TimelineModal.tsx:13:56)

    [0m [90m 151 |[39m                 [33m<[39m[33mdiv[39m className[33m=[39m[32m"flex flex-wrap gap-2"[39m[33m>[39m
     [90m 152 |[39m                   {event[33m.[39mtags[33m.[39mmap((tag) [33m=>[39m (
    [31m[1m>[22m[39m[90m 153 |[39m                     [33m<[39m[33mmotion[39m[33m.[39mspan
     [90m     |[39m                     [31m[1m^[22m[39m
     [90m 154 |[39m                       key[33m=[39m{tag}
     [90m 155 |[39m                       whileHover[33m=[39m{{ scale[33m:[39m [35m1.05[39m }}
     [90m 156 |[39m                       className[33m=[39m[32m"px-4 py-2 bg-blue-500 text-white text-sm font-medium rounded-full shadow-sm"[39m[0m

      at printWarning (node_modules/react/cjs/react-jsx-runtime.development.js:87:30)
      at error (node_modules/react/cjs/react-jsx-runtime.development.js:61:7)
      at jsxWithValidation (node_modules/react/cjs/react-jsx-runtime.development.js:1245:7)
      at jsxWithValidationDynamic (node_modules/react/cjs/react-jsx-runtime.development.js:1320:12)
      at components/timeline/TimelineModal.tsx:153:21
          at Array.map (<anonymous>)
      at map (components/timeline/TimelineModal.tsx:152:31)
      at renderWithHooks (node_modules/react-dom/cjs/react-dom.development.js:15486:18)
      at mountIndeterminateComponent (node_modules/react-dom/cjs/react-dom.development.js:20103:13)
      at beginWork (node_modules/react-dom/cjs/react-dom.development.js:21626:16)
      at beginWork$1 (node_modules/react-dom/cjs/react-dom.development.js:27465:14)
      at performUnitOfWork (node_modules/react-dom/cjs/react-dom.development.js:26599:12)
      at workLoopSync (node_modules/react-dom/cjs/react-dom.development.js:26505:5)
      at renderRootSync (node_modules/react-dom/cjs/react-dom.development.js:26473:7)
      at performConcurrentWorkOnRoot (node_modules/react-dom/cjs/react-dom.development.js:25777:74)
      at flushActQueue (node_modules/react/cjs/react.development.js:2667:24)
      at act (node_modules/react/cjs/react.development.js:2582:11)
      at node_modules/@testing-library/react/dist/act-compat.js:47:25
      at renderRoot (node_modules/@testing-library/react/dist/pure.js:190:26)
      at render (node_modules/@testing-library/react/dist/pure.js:292:10)
      at Object.<anonymous> (components/__tests__/TimelineModal.test.tsx:231:11)

    console.error
      Error: Uncaught [Error: Element type is invalid: expected a string (for built-in components) or a class/function (for composite components) but got: undefined. You likely forgot to export your component from the file it's defined in, or you might have mixed up default and named imports.
      
      Check the render method of `TimelineModal`.]
          at reportException (C:\Users\alexi\Documents\projects\maicivy\frontend\node_modules\jsdom\lib\jsdom\living\helpers\runtime-script-errors.js:66:24)
          at innerInvokeEventListeners (C:\Users\alexi\Documents\projects\maicivy\frontend\node_modules\jsdom\lib\jsdom\living\events\EventTarget-impl.js:353:9)
          at invokeEventListeners (C:\Users\alexi\Documents\projects\maicivy\frontend\node_modules\jsdom\lib\jsdom\living\events\EventTarget-impl.js:286:3)
          at HTMLUnknownElementImpl._dispatch (C:\Users\alexi\Documents\projects\maicivy\frontend\node_modules\jsdom\lib\jsdom\living\events\EventTarget-impl.js:233:9)
          at HTMLUnknownElementImpl.dispatchEvent (C:\Users\alexi\Documents\projects\maicivy\frontend\node_modules\jsdom\lib\jsdom\living\events\EventTarget-impl.js:104:17)
          at HTMLUnknownElement.dispatchEvent (C:\Users\alexi\Documents\projects\maicivy\frontend\node_modules\jsdom\lib\jsdom\living\generated\EventTarget.js:241:34)
          at Object.invokeGuardedCallbackDev (C:\Users\alexi\Documents\projects\maicivy\frontend\node_modules\react-dom\cjs\react-dom.development.js:4213:16)
          at invokeGuardedCallback (C:\Users\alexi\Documents\projects\maicivy\frontend\node_modules\react-dom\cjs\react-dom.development.js:4277:31)
          at beginWork$1 (C:\Users\alexi\Documents\projects\maicivy\frontend\node_modules\react-dom\cjs\react-dom.development.js:27490:7)
          at performUnitOfWork (C:\Users\alexi\Documents\projects\maicivy\frontend\node_modules\react-dom\cjs\react-dom.development.js:26599:12)
          at workLoopSync (C:\Users\alexi\Documents\projects\maicivy\frontend\node_modules\react-dom\cjs\react-dom.development.js:26505:5)
          at renderRootSync (C:\Users\alexi\Documents\projects\maicivy\frontend\node_modules\react-dom\cjs\react-dom.development.js:26473:7)
          at performConcurrentWorkOnRoot (C:\Users\alexi\Documents\projects\maicivy\frontend\node_modules\react-dom\cjs\react-dom.development.js:25777:74)
          at flushActQueue (C:\Users\alexi\Documents\projects\maicivy\frontend\node_modules\react\cjs\react.development.js:2667:24)
          at act (C:\Users\alexi\Documents\projects\maicivy\frontend\node_modules\react\cjs\react.development.js:2582:11)
          at C:\Users\alexi\Documents\projects\maicivy\frontend\node_modules\@testing-library\react\dist\act-compat.js:47:25
          at renderRoot (C:\Users\alexi\Documents\projects\maicivy\frontend\node_modules\@testing-library\react\dist\pure.js:190:26)
          at render (C:\Users\alexi\Documents\projects\maicivy\frontend\node_modules\@testing-library\react\dist\pure.js:292:10)
          at Object.<anonymous> (C:\Users\alexi\Documents\projects\maicivy\frontend\components\__tests__\TimelineModal.test.tsx:231:11)
          at Promise.finally.completed (C:\Users\alexi\Documents\projects\maicivy\frontend\node_modules\jest-circus\build\jestAdapterInit.js:1557:28)
          at new Promise (<anonymous>)
          at callAsyncCircusFn (C:\Users\alexi\Documents\projects\maicivy\frontend\node_modules\jest-circus\build\jestAdapterInit.js:1497:10)
          at _callCircusTest (C:\Users\alexi\Documents\projects\maicivy\frontend\node_modules\jest-circus\build\jestAdapterInit.js:1007:40)
          at processTicksAndRejections (node:internal/process/task_queues:103:5)
          at _runTest (C:\Users\alexi\Documents\projects\maicivy\frontend\node_modules\jest-circus\build\jestAdapterInit.js:947:3)
          at C:\Users\alexi\Documents\projects\maicivy\frontend\node_modules\jest-circus\build\jestAdapterInit.js:849:7
          at _runTestsForDescribeBlock (C:\Users\alexi\Documents\projects\maicivy\frontend\node_modules\jest-circus\build\jestAdapterInit.js:862:11)
          at _runTestsForDescribeBlock (C:\Users\alexi\Documents\projects\maicivy\frontend\node_modules\jest-circus\build\jestAdapterInit.js:857:11)
          at run (C:\Users\alexi\Documents\projects\maicivy\frontend\node_modules\jest-circus\build\jestAdapterInit.js:761:3)
          at runAndTransformResultsToJestFormat (C:\Users\alexi\Documents\projects\maicivy\frontend\node_modules\jest-circus\build\jestAdapterInit.js:1918:21)
          at jestAdapter (C:\Users\alexi\Documents\projects\maicivy\frontend\node_modules\jest-circus\build\runner.js:101:19)
          at runTestInternal (C:\Users\alexi\Documents\projects\maicivy\frontend\node_modules\jest-runner\build\testWorker.js:275:16)
          at runTest (C:\Users\alexi\Documents\projects\maicivy\frontend\node_modules\jest-runner\build\testWorker.js:343:7)
          at Object.worker (C:\Users\alexi\Documents\projects\maicivy\frontend\node_modules\jest-runner\build\testWorker.js:497:12) {
        detail: Error: Element type is invalid: expected a string (for built-in components) or a class/function (for composite components) but got: undefined. You likely forgot to export your component from the file it's defined in, or you might have mixed up default and named imports.
        
        Check the render method of `TimelineModal`.
            at createFiberFromTypeAndProps (C:\Users\alexi\Documents\projects\maicivy\frontend\node_modules\react-dom\cjs\react-dom.development.js:28478:17)
            at createFiberFromElement (C:\Users\alexi\Documents\projects\maicivy\frontend\node_modules\react-dom\cjs\react-dom.development.js:28504:15)
            at createChild (C:\Users\alexi\Documents\projects\maicivy\frontend\node_modules\react-dom\cjs\react-dom.development.js:13345:28)
            at reconcileChildrenArray (C:\Users\alexi\Documents\projects\maicivy\frontend\node_modules\react-dom\cjs\react-dom.development.js:13640:25)
            at reconcileChildFibers (C:\Users\alexi\Documents\projects\maicivy\frontend\node_modules\react-dom\cjs\react-dom.development.js:14057:16)
            at reconcileChildren (C:\Users\alexi\Documents\projects\maicivy\frontend\node_modules\react-dom\cjs\react-dom.development.js:19186:28)
            at updateHostComponent (C:\Users\alexi\Documents\projects\maicivy\frontend\node_modules\react-dom\cjs\react-dom.development.js:19953:3)
            at beginWork (C:\Users\alexi\Documents\projects\maicivy\frontend\node_modules\react-dom\cjs\react-dom.development.js:21657:14)
            at HTMLUnknownElement.callCallback (C:\Users\alexi\Documents\projects\maicivy\frontend\node_modules\react-dom\cjs\react-dom.development.js:4164:14)
            at HTMLUnknownElement.callTheUserObjectsOperation (C:\Users\alexi\Documents\projects\maicivy\frontend\node_modules\jsdom\lib\jsdom\living\generated\EventListener.js:26:30)
            at innerInvokeEventListeners (C:\Users\alexi\Documents\projects\maicivy\frontend\node_modules\jsdom\lib\jsdom\living\events\EventTarget-impl.js:350:25)
            at invokeEventListeners (C:\Users\alexi\Documents\projects\maicivy\frontend\node_modules\jsdom\lib\jsdom\living\events\EventTarget-impl.js:286:3)
            at HTMLUnknownElementImpl._dispatch (C:\Users\alexi\Documents\projects\maicivy\frontend\node_modules\jsdom\lib\jsdom\living\events\EventTarget-impl.js:233:9)
            at HTMLUnknownElementImpl.dispatchEvent (C:\Users\alexi\Documents\projects\maicivy\frontend\node_modules\jsdom\lib\jsdom\living\events\EventTarget-impl.js:104:17)
            at HTMLUnknownElement.dispatchEvent (C:\Users\alexi\Documents\projects\maicivy\frontend\node_modules\jsdom\lib\jsdom\living\generated\EventTarget.js:241:34)
            at Object.invokeGuardedCallbackDev (C:\Users\alexi\Documents\projects\maicivy\frontend\node_modules\react-dom\cjs\react-dom.development.js:4213:16)
            at invokeGuardedCallback (C:\Users\alexi\Documents\projects\maicivy\frontend\node_modules\react-dom\cjs\react-dom.development.js:4277:31)
            at beginWork$1 (C:\Users\alexi\Documents\projects\maicivy\frontend\node_modules\react-dom\cjs\react-dom.development.js:27490:7)
            at performUnitOfWork (C:\Users\alexi\Documents\projects\maicivy\frontend\node_modules\react-dom\cjs\react-dom.development.js:26599:12)
            at workLoopSync (C:\Users\alexi\Documents\projects\maicivy\frontend\node_modules\react-dom\cjs\react-dom.development.js:26505:5)
            at renderRootSync (C:\Users\alexi\Documents\projects\maicivy\frontend\node_modules\react-dom\cjs\react-dom.development.js:26473:7)
            at performConcurrentWorkOnRoot (C:\Users\alexi\Documents\projects\maicivy\frontend\node_modules\react-dom\cjs\react-dom.development.js:25777:74)
            at flushActQueue (C:\Users\alexi\Documents\projects\maicivy\frontend\node_modules\react\cjs\react.development.js:2667:24)
            at act (C:\Users\alexi\Documents\projects\maicivy\frontend\node_modules\react\cjs\react.development.js:2582:11)
            at C:\Users\alexi\Documents\projects\maicivy\frontend\node_modules\@testing-library\react\dist\act-compat.js:47:25
            at renderRoot (C:\Users\alexi\Documents\projects\maicivy\frontend\node_modules\@testing-library\react\dist\pure.js:190:26)
            at render (C:\Users\alexi\Documents\projects\maicivy\frontend\node_modules\@testing-library\react\dist\pure.js:292:10)
            at Object.<anonymous> (C:\Users\alexi\Documents\projects\maicivy\frontend\components\__tests__\TimelineModal.test.tsx:231:11)
            at Promise.finally.completed (C:\Users\alexi\Documents\projects\maicivy\frontend\node_modules\jest-circus\build\jestAdapterInit.js:1557:28)
            at new Promise (<anonymous>)
            at callAsyncCircusFn (C:\Users\alexi\Documents\projects\maicivy\frontend\node_modules\jest-circus\build\jestAdapterInit.js:1497:10)
            at _callCircusTest (C:\Users\alexi\Documents\projects\maicivy\frontend\node_modules\jest-circus\build\jestAdapterInit.js:1007:40)
            at processTicksAndRejections (node:internal/process/task_queues:103:5)
            at _runTest (C:\Users\alexi\Documents\projects\maicivy\frontend\node_modules\jest-circus\build\jestAdapterInit.js:947:3)
            at C:\Users\alexi\Documents\projects\maicivy\frontend\node_modules\jest-circus\build\jestAdapterInit.js:849:7
            at _runTestsForDescribeBlock (C:\Users\alexi\Documents\projects\maicivy\frontend\node_modules\jest-circus\build\jestAdapterInit.js:862:11)
            at _runTestsForDescribeBlock (C:\Users\alexi\Documents\projects\maicivy\frontend\node_modules\jest-circus\build\jestAdapterInit.js:857:11)
            at run (C:\Users\alexi\Documents\projects\maicivy\frontend\node_modules\jest-circus\build\jestAdapterInit.js:761:3)
            at runAndTransformResultsToJestFormat (C:\Users\alexi\Documents\projects\maicivy\frontend\node_modules\jest-circus\build\jestAdapterInit.js:1918:21)
            at jestAdapter (C:\Users\alexi\Documents\projects\maicivy\frontend\node_modules\jest-circus\build\runner.js:101:19)
            at runTestInternal (C:\Users\alexi\Documents\projects\maicivy\frontend\node_modules\jest-runner\build\testWorker.js:275:16)
            at runTest (C:\Users\alexi\Documents\projects\maicivy\frontend\node_modules\jest-runner\build\testWorker.js:343:7)
            at Object.worker (C:\Users\alexi\Documents\projects\maicivy\frontend\node_modules\jest-runner\build\testWorker.js:497:12),
        type: 'unhandled exception'
      }

    [0m [90m 229 |[39m     [36mconst[39m onClose [33m=[39m jest[33m.[39mfn()[33m;[39m
     [90m 230 |[39m
    [31m[1m>[22m[39m[90m 231 |[39m     render([33m<[39m[33mTimelineModal[39m event[33m=[39m{mockEvent} onClose[33m=[39m{jest[33m.[39mfn()} [33m/[39m[33m>[39m)[33m;[39m
     [90m     |[39m           [31m[1m^[22m[39m
     [90m 232 |[39m
     [90m 233 |[39m     [36mconst[39m modalContent [33m=[39m screen[33m.[39mgetByText([32m'E-commerce Platform'[39m)[33m.[39mclosest([32m'.bg-white'[39m)[33m;[39m
     [90m 234 |[39m     [36mif[39m (modalContent) {[0m

      at VirtualConsole.<anonymous> (node_modules/@jest/environment-jsdom-abstract/build/index.js:87:23)
      at reportException (node_modules/jsdom/lib/jsdom/living/helpers/runtime-script-errors.js:70:28)
      at innerInvokeEventListeners (node_modules/jsdom/lib/jsdom/living/events/EventTarget-impl.js:353:9)
      at invokeEventListeners (node_modules/jsdom/lib/jsdom/living/events/EventTarget-impl.js:286:3)
      at HTMLUnknownElementImpl._dispatch (node_modules/jsdom/lib/jsdom/living/events/EventTarget-impl.js:233:9)
      at HTMLUnknownElementImpl.dispatchEvent (node_modules/jsdom/lib/jsdom/living/events/EventTarget-impl.js:104:17)
      at HTMLUnknownElement.dispatchEvent (node_modules/jsdom/lib/jsdom/living/generated/EventTarget.js:241:34)
      at Object.invokeGuardedCallbackDev (node_modules/react-dom/cjs/react-dom.development.js:4213:16)
      at invokeGuardedCallback (node_modules/react-dom/cjs/react-dom.development.js:4277:31)
      at beginWork$1 (node_modules/react-dom/cjs/react-dom.development.js:27490:7)
      at performUnitOfWork (node_modules/react-dom/cjs/react-dom.development.js:26599:12)
      at workLoopSync (node_modules/react-dom/cjs/react-dom.development.js:26505:5)
      at renderRootSync (node_modules/react-dom/cjs/react-dom.development.js:26473:7)
      at performConcurrentWorkOnRoot (node_modules/react-dom/cjs/react-dom.development.js:25777:74)
      at flushActQueue (node_modules/react/cjs/react.development.js:2667:24)
      at act (node_modules/react/cjs/react.development.js:2582:11)
      at node_modules/@testing-library/react/dist/act-compat.js:47:25
      at renderRoot (node_modules/@testing-library/react/dist/pure.js:190:26)
      at render (node_modules/@testing-library/react/dist/pure.js:292:10)
      at Object.<anonymous> (components/__tests__/TimelineModal.test.tsx:231:11)

    console.error
      Warning: React.jsx: type is invalid -- expected a string (for built-in components) or a class/function (for composite components) but got: undefined. You likely forgot to export your component from the file it's defined in, or you might have mixed up default and named imports.
      
      Check the render method of `TimelineModal`.
          at event (C:\Users\alexi\Documents\projects\maicivy\frontend\components\timeline\TimelineModal.tsx:13:56)

    [0m [90m 151 |[39m                 [33m<[39m[33mdiv[39m className[33m=[39m[32m"flex flex-wrap gap-2"[39m[33m>[39m
     [90m 152 |[39m                   {event[33m.[39mtags[33m.[39mmap((tag) [33m=>[39m (
    [31m[1m>[22m[39m[90m 153 |[39m                     [33m<[39m[33mmotion[39m[33m.[39mspan
     [90m     |[39m                     [31m[1m^[22m[39m
     [90m 154 |[39m                       key[33m=[39m{tag}
     [90m 155 |[39m                       whileHover[33m=[39m{{ scale[33m:[39m [35m1.05[39m }}
     [90m 156 |[39m                       className[33m=[39m[32m"px-4 py-2 bg-blue-500 text-white text-sm font-medium rounded-full shadow-sm"[39m[0m

      at printWarning (node_modules/react/cjs/react-jsx-runtime.development.js:87:30)
      at error (node_modules/react/cjs/react-jsx-runtime.development.js:61:7)
      at jsxWithValidation (node_modules/react/cjs/react-jsx-runtime.development.js:1245:7)
      at jsxWithValidationDynamic (node_modules/react/cjs/react-jsx-runtime.development.js:1320:12)
      at components/timeline/TimelineModal.tsx:153:21
          at Array.map (<anonymous>)
      at map (components/timeline/TimelineModal.tsx:152:31)
      at renderWithHooks (node_modules/react-dom/cjs/react-dom.development.js:15486:18)
      at mountIndeterminateComponent (node_modules/react-dom/cjs/react-dom.development.js:20103:13)
      at beginWork (node_modules/react-dom/cjs/react-dom.development.js:21626:16)
      at beginWork$1 (node_modules/react-dom/cjs/react-dom.development.js:27465:14)
      at performUnitOfWork (node_modules/react-dom/cjs/react-dom.development.js:26599:12)
      at workLoopSync (node_modules/react-dom/cjs/react-dom.development.js:26505:5)
      at renderRootSync (node_modules/react-dom/cjs/react-dom.development.js:26473:7)
      at recoverFromConcurrentError (node_modules/react-dom/cjs/react-dom.development.js:25889:20)
      at performConcurrentWorkOnRoot (node_modules/react-dom/cjs/react-dom.development.js:25789:22)
      at flushActQueue (node_modules/react/cjs/react.development.js:2667:24)
      at act (node_modules/react/cjs/react.development.js:2582:11)
      at node_modules/@testing-library/react/dist/act-compat.js:47:25
      at renderRoot (node_modules/@testing-library/react/dist/pure.js:190:26)
      at render (node_modules/@testing-library/react/dist/pure.js:292:10)
      at Object.<anonymous> (components/__tests__/TimelineModal.test.tsx:231:11)

    console.error
      Warning: React.jsx: type is invalid -- expected a string (for built-in components) or a class/function (for composite components) but got: undefined. You likely forgot to export your component from the file it's defined in, or you might have mixed up default and named imports.
      
      Check the render method of `TimelineModal`.
          at event (C:\Users\alexi\Documents\projects\maicivy\frontend\components\timeline\TimelineModal.tsx:13:56)

    [0m [90m 151 |[39m                 [33m<[39m[33mdiv[39m className[33m=[39m[32m"flex flex-wrap gap-2"[39m[33m>[39m
     [90m 152 |[39m                   {event[33m.[39mtags[33m.[39mmap((tag) [33m=>[39m (
    [31m[1m>[22m[39m[90m 153 |[39m                     [33m<[39m[33mmotion[39m[33m.[39mspan
     [90m     |[39m                     [31m[1m^[22m[39m
     [90m 154 |[39m                       key[33m=[39m{tag}
     [90m 155 |[39m                       whileHover[33m=[39m{{ scale[33m:[39m [35m1.05[39m }}
     [90m 156 |[39m                       className[33m=[39m[32m"px-4 py-2 bg-blue-500 text-white text-sm font-medium rounded-full shadow-sm"[39m[0m

      at printWarning (node_modules/react/cjs/react-jsx-runtime.development.js:87:30)
      at error (node_modules/react/cjs/react-jsx-runtime.development.js:61:7)
      at jsxWithValidation (node_modules/react/cjs/react-jsx-runtime.development.js:1245:7)
      at jsxWithValidationDynamic (node_modules/react/cjs/react-jsx-runtime.development.js:1320:12)
      at components/timeline/TimelineModal.tsx:153:21
          at Array.map (<anonymous>)
      at map (components/timeline/TimelineModal.tsx:152:31)
      at renderWithHooks (node_modules/react-dom/cjs/react-dom.development.js:15486:18)
      at mountIndeterminateComponent (node_modules/react-dom/cjs/react-dom.development.js:20103:13)
      at beginWork (node_modules/react-dom/cjs/react-dom.development.js:21626:16)
      at beginWork$1 (node_modules/react-dom/cjs/react-dom.development.js:27465:14)
      at performUnitOfWork (node_modules/react-dom/cjs/react-dom.development.js:26599:12)
      at workLoopSync (node_modules/react-dom/cjs/react-dom.development.js:26505:5)
      at renderRootSync (node_modules/react-dom/cjs/react-dom.development.js:26473:7)
      at recoverFromConcurrentError (node_modules/react-dom/cjs/react-dom.development.js:25889:20)
      at performConcurrentWorkOnRoot (node_modules/react-dom/cjs/react-dom.development.js:25789:22)
      at flushActQueue (node_modules/react/cjs/react.development.js:2667:24)
      at act (node_modules/react/cjs/react.development.js:2582:11)
      at node_modules/@testing-library/react/dist/act-compat.js:47:25
      at renderRoot (node_modules/@testing-library/react/dist/pure.js:190:26)
      at render (node_modules/@testing-library/react/dist/pure.js:292:10)
      at Object.<anonymous> (components/__tests__/TimelineModal.test.tsx:231:11)

    console.error
      Warning: React.jsx: type is invalid -- expected a string (for built-in components) or a class/function (for composite components) but got: undefined. You likely forgot to export your component from the file it's defined in, or you might have mixed up default and named imports.
      
      Check the render method of `TimelineModal`.
          at event (C:\Users\alexi\Documents\projects\maicivy\frontend\components\timeline\TimelineModal.tsx:13:56)

    [0m [90m 151 |[39m                 [33m<[39m[33mdiv[39m className[33m=[39m[32m"flex flex-wrap gap-2"[39m[33m>[39m
     [90m 152 |[39m                   {event[33m.[39mtags[33m.[39mmap((tag) [33m=>[39m (
    [31m[1m>[22m[39m[90m 153 |[39m                     [33m<[39m[33mmotion[39m[33m.[39mspan
     [90m     |[39m                     [31m[1m^[22m[39m
     [90m 154 |[39m                       key[33m=[39m{tag}
     [90m 155 |[39m                       whileHover[33m=[39m{{ scale[33m:[39m [35m1.05[39m }}
     [90m 156 |[39m                       className[33m=[39m[32m"px-4 py-2 bg-blue-500 text-white text-sm font-medium rounded-full shadow-sm"[39m[0m

      at printWarning (node_modules/react/cjs/react-jsx-runtime.development.js:87:30)
      at error (node_modules/react/cjs/react-jsx-runtime.development.js:61:7)
      at jsxWithValidation (node_modules/react/cjs/react-jsx-runtime.development.js:1245:7)
      at jsxWithValidationDynamic (node_modules/react/cjs/react-jsx-runtime.development.js:1320:12)
      at components/timeline/TimelineModal.tsx:153:21
          at Array.map (<anonymous>)
      at map (components/timeline/TimelineModal.tsx:152:31)
      at renderWithHooks (node_modules/react-dom/cjs/react-dom.development.js:15486:18)
      at mountIndeterminateComponent (node_modules/react-dom/cjs/react-dom.development.js:20103:13)
      at beginWork (node_modules/react-dom/cjs/react-dom.development.js:21626:16)
      at beginWork$1 (node_modules/react-dom/cjs/react-dom.development.js:27465:14)
      at performUnitOfWork (node_modules/react-dom/cjs/react-dom.development.js:26599:12)
      at workLoopSync (node_modules/react-dom/cjs/react-dom.development.js:26505:5)
      at renderRootSync (node_modules/react-dom/cjs/react-dom.development.js:26473:7)
      at recoverFromConcurrentError (node_modules/react-dom/cjs/react-dom.development.js:25889:20)
      at performConcurrentWorkOnRoot (node_modules/react-dom/cjs/react-dom.development.js:25789:22)
      at flushActQueue (node_modules/react/cjs/react.development.js:2667:24)
      at act (node_modules/react/cjs/react.development.js:2582:11)
      at node_modules/@testing-library/react/dist/act-compat.js:47:25
      at renderRoot (node_modules/@testing-library/react/dist/pure.js:190:26)
      at render (node_modules/@testing-library/react/dist/pure.js:292:10)
      at Object.<anonymous> (components/__tests__/TimelineModal.test.tsx:231:11)

    console.error
      Warning: React.jsx: type is invalid -- expected a string (for built-in components) or a class/function (for composite components) but got: undefined. You likely forgot to export your component from the file it's defined in, or you might have mixed up default and named imports.
      
      Check the render method of `TimelineModal`.
          at event (C:\Users\alexi\Documents\projects\maicivy\frontend\components\timeline\TimelineModal.tsx:13:56)

    [0m [90m 151 |[39m                 [33m<[39m[33mdiv[39m className[33m=[39m[32m"flex flex-wrap gap-2"[39m[33m>[39m
     [90m 152 |[39m                   {event[33m.[39mtags[33m.[39mmap((tag) [33m=>[39m (
    [31m[1m>[22m[39m[90m 153 |[39m                     [33m<[39m[33mmotion[39m[33m.[39mspan
     [90m     |[39m                     [31m[1m^[22m[39m
     [90m 154 |[39m                       key[33m=[39m{tag}
     [90m 155 |[39m                       whileHover[33m=[39m{{ scale[33m:[39m [35m1.05[39m }}
     [90m 156 |[39m                       className[33m=[39m[32m"px-4 py-2 bg-blue-500 text-white text-sm font-medium rounded-full shadow-sm"[39m[0m

      at printWarning (node_modules/react/cjs/react-jsx-runtime.development.js:87:30)
      at error (node_modules/react/cjs/react-jsx-runtime.development.js:61:7)
      at jsxWithValidation (node_modules/react/cjs/react-jsx-runtime.development.js:1245:7)
      at jsxWithValidationDynamic (node_modules/react/cjs/react-jsx-runtime.development.js:1320:12)
      at components/timeline/TimelineModal.tsx:153:21
          at Array.map (<anonymous>)
      at map (components/timeline/TimelineModal.tsx:152:31)
      at renderWithHooks (node_modules/react-dom/cjs/react-dom.development.js:15486:18)
      at mountIndeterminateComponent (node_modules/react-dom/cjs/react-dom.development.js:20103:13)
      at beginWork (node_modules/react-dom/cjs/react-dom.development.js:21626:16)
      at beginWork$1 (node_modules/react-dom/cjs/react-dom.development.js:27465:14)
      at performUnitOfWork (node_modules/react-dom/cjs/react-dom.development.js:26599:12)
      at workLoopSync (node_modules/react-dom/cjs/react-dom.development.js:26505:5)
      at renderRootSync (node_modules/react-dom/cjs/react-dom.development.js:26473:7)
      at recoverFromConcurrentError (node_modules/react-dom/cjs/react-dom.development.js:25889:20)
      at performConcurrentWorkOnRoot (node_modules/react-dom/cjs/react-dom.development.js:25789:22)
      at flushActQueue (node_modules/react/cjs/react.development.js:2667:24)
      at act (node_modules/react/cjs/react.development.js:2582:11)
      at node_modules/@testing-library/react/dist/act-compat.js:47:25
      at renderRoot (node_modules/@testing-library/react/dist/pure.js:190:26)
      at render (node_modules/@testing-library/react/dist/pure.js:292:10)
      at Object.<anonymous> (components/__tests__/TimelineModal.test.tsx:231:11)

    console.error
      Warning: React.jsx: type is invalid -- expected a string (for built-in components) or a class/function (for composite components) but got: undefined. You likely forgot to export your component from the file it's defined in, or you might have mixed up default and named imports.
      
      Check the render method of `TimelineModal`.
          at event (C:\Users\alexi\Documents\projects\maicivy\frontend\components\timeline\TimelineModal.tsx:13:56)

    [0m [90m 151 |[39m                 [33m<[39m[33mdiv[39m className[33m=[39m[32m"flex flex-wrap gap-2"[39m[33m>[39m
     [90m 152 |[39m                   {event[33m.[39mtags[33m.[39mmap((tag) [33m=>[39m (
    [31m[1m>[22m[39m[90m 153 |[39m                     [33m<[39m[33mmotion[39m[33m.[39mspan
     [90m     |[39m                     [31m[1m^[22m[39m
     [90m 154 |[39m                       key[33m=[39m{tag}
     [90m 155 |[39m                       whileHover[33m=[39m{{ scale[33m:[39m [35m1.05[39m }}
     [90m 156 |[39m                       className[33m=[39m[32m"px-4 py-2 bg-blue-500 text-white text-sm font-medium rounded-full shadow-sm"[39m[0m

      at printWarning (node_modules/react/cjs/react-jsx-runtime.development.js:87:30)
      at error (node_modules/react/cjs/react-jsx-runtime.development.js:61:7)
      at jsxWithValidation (node_modules/react/cjs/react-jsx-runtime.development.js:1245:7)
      at jsxWithValidationDynamic (node_modules/react/cjs/react-jsx-runtime.development.js:1320:12)
      at components/timeline/TimelineModal.tsx:153:21
          at Array.map (<anonymous>)
      at map (components/timeline/TimelineModal.tsx:152:31)
      at renderWithHooks (node_modules/react-dom/cjs/react-dom.development.js:15486:18)
      at mountIndeterminateComponent (node_modules/react-dom/cjs/react-dom.development.js:20103:13)
      at beginWork (node_modules/react-dom/cjs/react-dom.development.js:21626:16)
      at beginWork$1 (node_modules/react-dom/cjs/react-dom.development.js:27465:14)
      at performUnitOfWork (node_modules/react-dom/cjs/react-dom.development.js:26599:12)
      at workLoopSync (node_modules/react-dom/cjs/react-dom.development.js:26505:5)
      at renderRootSync (node_modules/react-dom/cjs/react-dom.development.js:26473:7)
      at recoverFromConcurrentError (node_modules/react-dom/cjs/react-dom.development.js:25889:20)
      at performConcurrentWorkOnRoot (node_modules/react-dom/cjs/react-dom.development.js:25789:22)
      at flushActQueue (node_modules/react/cjs/react.development.js:2667:24)
      at act (node_modules/react/cjs/react.development.js:2582:11)
      at node_modules/@testing-library/react/dist/act-compat.js:47:25
      at renderRoot (node_modules/@testing-library/react/dist/pure.js:190:26)
      at render (node_modules/@testing-library/react/dist/pure.js:292:10)
      at Object.<anonymous> (components/__tests__/TimelineModal.test.tsx:231:11)

    console.error
      Error: Uncaught [Error: Element type is invalid: expected a string (for built-in components) or a class/function (for composite components) but got: undefined. You likely forgot to export your component from the file it's defined in, or you might have mixed up default and named imports.
      
      Check the render method of `TimelineModal`.]
          at reportException (C:\Users\alexi\Documents\projects\maicivy\frontend\node_modules\jsdom\lib\jsdom\living\helpers\runtime-script-errors.js:66:24)
          at innerInvokeEventListeners (C:\Users\alexi\Documents\projects\maicivy\frontend\node_modules\jsdom\lib\jsdom\living\events\EventTarget-impl.js:353:9)
          at invokeEventListeners (C:\Users\alexi\Documents\projects\maicivy\frontend\node_modules\jsdom\lib\jsdom\living\events\EventTarget-impl.js:286:3)
          at HTMLUnknownElementImpl._dispatch (C:\Users\alexi\Documents\projects\maicivy\frontend\node_modules\jsdom\lib\jsdom\living\events\EventTarget-impl.js:233:9)
          at HTMLUnknownElementImpl.dispatchEvent (C:\Users\alexi\Documents\projects\maicivy\frontend\node_modules\jsdom\lib\jsdom\living\events\EventTarget-impl.js:104:17)
          at HTMLUnknownElement.dispatchEvent (C:\Users\alexi\Documents\projects\maicivy\frontend\node_modules\jsdom\lib\jsdom\living\generated\EventTarget.js:241:34)
          at Object.invokeGuardedCallbackDev (C:\Users\alexi\Documents\projects\maicivy\frontend\node_modules\react-dom\cjs\react-dom.development.js:4213:16)
          at invokeGuardedCallback (C:\Users\alexi\Documents\projects\maicivy\frontend\node_modules\react-dom\cjs\react-dom.development.js:4277:31)
          at beginWork$1 (C:\Users\alexi\Documents\projects\maicivy\frontend\node_modules\react-dom\cjs\react-dom.development.js:27490:7)
          at performUnitOfWork (C:\Users\alexi\Documents\projects\maicivy\frontend\node_modules\react-dom\cjs\react-dom.development.js:26599:12)
          at workLoopSync (C:\Users\alexi\Documents\projects\maicivy\frontend\node_modules\react-dom\cjs\react-dom.development.js:26505:5)
          at renderRootSync (C:\Users\alexi\Documents\projects\maicivy\frontend\node_modules\react-dom\cjs\react-dom.development.js:26473:7)
          at recoverFromConcurrentError (C:\Users\alexi\Documents\projects\maicivy\frontend\node_modules\react-dom\cjs\react-dom.development.js:25889:20)
          at performConcurrentWorkOnRoot (C:\Users\alexi\Documents\projects\maicivy\frontend\node_modules\react-dom\cjs\react-dom.development.js:25789:22)
          at flushActQueue (C:\Users\alexi\Documents\projects\maicivy\frontend\node_modules\react\cjs\react.development.js:2667:24)
          at act (C:\Users\alexi\Documents\projects\maicivy\frontend\node_modules\react\cjs\react.development.js:2582:11)
          at C:\Users\alexi\Documents\projects\maicivy\frontend\node_modules\@testing-library\react\dist\act-compat.js:47:25
          at renderRoot (C:\Users\alexi\Documents\projects\maicivy\frontend\node_modules\@testing-library\react\dist\pure.js:190:26)
          at render (C:\Users\alexi\Documents\projects\maicivy\frontend\node_modules\@testing-library\react\dist\pure.js:292:10)
          at Object.<anonymous> (C:\Users\alexi\Documents\projects\maicivy\frontend\components\__tests__\TimelineModal.test.tsx:231:11)
          at Promise.finally.completed (C:\Users\alexi\Documents\projects\maicivy\frontend\node_modules\jest-circus\build\jestAdapterInit.js:1557:28)
          at new Promise (<anonymous>)
          at callAsyncCircusFn (C:\Users\alexi\Documents\projects\maicivy\frontend\node_modules\jest-circus\build\jestAdapterInit.js:1497:10)
          at _callCircusTest (C:\Users\alexi\Documents\projects\maicivy\frontend\node_modules\jest-circus\build\jestAdapterInit.js:1007:40)
          at processTicksAndRejections (node:internal/process/task_queues:103:5)
          at _runTest (C:\Users\alexi\Documents\projects\maicivy\frontend\node_modules\jest-circus\build\jestAdapterInit.js:947:3)
          at C:\Users\alexi\Documents\projects\maicivy\frontend\node_modules\jest-circus\build\jestAdapterInit.js:849:7
          at _runTestsForDescribeBlock (C:\Users\alexi\Documents\projects\maicivy\frontend\node_modules\jest-circus\build\jestAdapterInit.js:862:11)
          at _runTestsForDescribeBlock (C:\Users\alexi\Documents\projects\maicivy\frontend\node_modules\jest-circus\build\jestAdapterInit.js:857:11)
          at run (C:\Users\alexi\Documents\projects\maicivy\frontend\node_modules\jest-circus\build\jestAdapterInit.js:761:3)
          at runAndTransformResultsToJestFormat (C:\Users\alexi\Documents\projects\maicivy\frontend\node_modules\jest-circus\build\jestAdapterInit.js:1918:21)
          at jestAdapter (C:\Users\alexi\Documents\projects\maicivy\frontend\node_modules\jest-circus\build\runner.js:101:19)
          at runTestInternal (C:\Users\alexi\Documents\projects\maicivy\frontend\node_modules\jest-runner\build\testWorker.js:275:16)
          at runTest (C:\Users\alexi\Documents\projects\maicivy\frontend\node_modules\jest-runner\build\testWorker.js:343:7)
          at Object.worker (C:\Users\alexi\Documents\projects\maicivy\frontend\node_modules\jest-runner\build\testWorker.js:497:12) {
        detail: Error: Element type is invalid: expected a string (for built-in components) or a class/function (for composite components) but got: undefined. You likely forgot to export your component from the file it's defined in, or you might have mixed up default and named imports.
        
        Check the render method of `TimelineModal`.
            at createFiberFromTypeAndProps (C:\Users\alexi\Documents\projects\maicivy\frontend\node_modules\react-dom\cjs\react-dom.development.js:28478:17)
            at createFiberFromElement (C:\Users\alexi\Documents\projects\maicivy\frontend\node_modules\react-dom\cjs\react-dom.development.js:28504:15)
            at createChild (C:\Users\alexi\Documents\projects\maicivy\frontend\node_modules\react-dom\cjs\react-dom.development.js:13345:28)
            at reconcileChildrenArray (C:\Users\alexi\Documents\projects\maicivy\frontend\node_modules\react-dom\cjs\react-dom.development.js:13640:25)
            at reconcileChildFibers (C:\Users\alexi\Documents\projects\maicivy\frontend\node_modules\react-dom\cjs\react-dom.development.js:14057:16)
            at reconcileChildren (C:\Users\alexi\Documents\projects\maicivy\frontend\node_modules\react-dom\cjs\react-dom.development.js:19186:28)
            at updateHostComponent (C:\Users\alexi\Documents\projects\maicivy\frontend\node_modules\react-dom\cjs\react-dom.development.js:19953:3)
            at beginWork (C:\Users\alexi\Documents\projects\maicivy\frontend\node_modules\react-dom\cjs\react-dom.development.js:21657:14)
            at HTMLUnknownElement.callCallback (C:\Users\alexi\Documents\projects\maicivy\frontend\node_modules\react-dom\cjs\react-dom.development.js:4164:14)
            at HTMLUnknownElement.callTheUserObjectsOperation (C:\Users\alexi\Documents\projects\maicivy\frontend\node_modules\jsdom\lib\jsdom\living\generated\EventListener.js:26:30)
            at innerInvokeEventListeners (C:\Users\alexi\Documents\projects\maicivy\frontend\node_modules\jsdom\lib\jsdom\living\events\EventTarget-impl.js:350:25)
            at invokeEventListeners (C:\Users\alexi\Documents\projects\maicivy\frontend\node_modules\jsdom\lib\jsdom\living\events\EventTarget-impl.js:286:3)
            at HTMLUnknownElementImpl._dispatch (C:\Users\alexi\Documents\projects\maicivy\frontend\node_modules\jsdom\lib\jsdom\living\events\EventTarget-impl.js:233:9)
            at HTMLUnknownElementImpl.dispatchEvent (C:\Users\alexi\Documents\projects\maicivy\frontend\node_modules\jsdom\lib\jsdom\living\events\EventTarget-impl.js:104:17)
            at HTMLUnknownElement.dispatchEvent (C:\Users\alexi\Documents\projects\maicivy\frontend\node_modules\jsdom\lib\jsdom\living\generated\EventTarget.js:241:34)
            at Object.invokeGuardedCallbackDev (C:\Users\alexi\Documents\projects\maicivy\frontend\node_modules\react-dom\cjs\react-dom.development.js:4213:16)
            at invokeGuardedCallback (C:\Users\alexi\Documents\projects\maicivy\frontend\node_modules\react-dom\cjs\react-dom.development.js:4277:31)
            at beginWork$1 (C:\Users\alexi\Documents\projects\maicivy\frontend\node_modules\react-dom\cjs\react-dom.development.js:27490:7)
            at performUnitOfWork (C:\Users\alexi\Documents\projects\maicivy\frontend\node_modules\react-dom\cjs\react-dom.development.js:26599:12)
            at workLoopSync (C:\Users\alexi\Documents\projects\maicivy\frontend\node_modules\react-dom\cjs\react-dom.development.js:26505:5)
            at renderRootSync (C:\Users\alexi\Documents\projects\maicivy\frontend\node_modules\react-dom\cjs\react-dom.development.js:26473:7)
            at recoverFromConcurrentError (C:\Users\alexi\Documents\projects\maicivy\frontend\node_modules\react-dom\cjs\react-dom.development.js:25889:20)
            at performConcurrentWorkOnRoot (C:\Users\alexi\Documents\projects\maicivy\frontend\node_modules\react-dom\cjs\react-dom.development.js:25789:22)
            at flushActQueue (C:\Users\alexi\Documents\projects\maicivy\frontend\node_modules\react\cjs\react.development.js:2667:24)
            at act (C:\Users\alexi\Documents\projects\maicivy\frontend\node_modules\react\cjs\react.development.js:2582:11)
            at C:\Users\alexi\Documents\projects\maicivy\frontend\node_modules\@testing-library\react\dist\act-compat.js:47:25
            at renderRoot (C:\Users\alexi\Documents\projects\maicivy\frontend\node_modules\@testing-library\react\dist\pure.js:190:26)
            at render (C:\Users\alexi\Documents\projects\maicivy\frontend\node_modules\@testing-library\react\dist\pure.js:292:10)
            at Object.<anonymous> (C:\Users\alexi\Documents\projects\maicivy\frontend\components\__tests__\TimelineModal.test.tsx:231:11)
            at Promise.finally.completed (C:\Users\alexi\Documents\projects\maicivy\frontend\node_modules\jest-circus\build\jestAdapterInit.js:1557:28)
            at new Promise (<anonymous>)
            at callAsyncCircusFn (C:\Users\alexi\Documents\projects\maicivy\frontend\node_modules\jest-circus\build\jestAdapterInit.js:1497:10)
            at _callCircusTest (C:\Users\alexi\Documents\projects\maicivy\frontend\node_modules\jest-circus\build\jestAdapterInit.js:1007:40)
            at processTicksAndRejections (node:internal/process/task_queues:103:5)
            at _runTest (C:\Users\alexi\Documents\projects\maicivy\frontend\node_modules\jest-circus\build\jestAdapterInit.js:947:3)
            at C:\Users\alexi\Documents\projects\maicivy\frontend\node_modules\jest-circus\build\jestAdapterInit.js:849:7
            at _runTestsForDescribeBlock (C:\Users\alexi\Documents\projects\maicivy\frontend\node_modules\jest-circus\build\jestAdapterInit.js:862:11)
            at _runTestsForDescribeBlock (C:\Users\alexi\Documents\projects\maicivy\frontend\node_modules\jest-circus\build\jestAdapterInit.js:857:11)
            at run (C:\Users\alexi\Documents\projects\maicivy\frontend\node_modules\jest-circus\build\jestAdapterInit.js:761:3)
            at runAndTransformResultsToJestFormat (C:\Users\alexi\Documents\projects\maicivy\frontend\node_modules\jest-circus\build\jestAdapterInit.js:1918:21)
            at jestAdapter (C:\Users\alexi\Documents\projects\maicivy\frontend\node_modules\jest-circus\build\runner.js:101:19)
            at runTestInternal (C:\Users\alexi\Documents\projects\maicivy\frontend\node_modules\jest-runner\build\testWorker.js:275:16)
            at runTest (C:\Users\alexi\Documents\projects\maicivy\frontend\node_modules\jest-runner\build\testWorker.js:343:7)
            at Object.worker (C:\Users\alexi\Documents\projects\maicivy\frontend\node_modules\jest-runner\build\testWorker.js:497:12),
        type: 'unhandled exception'
      }

    [0m [90m 229 |[39m     [36mconst[39m onClose [33m=[39m jest[33m.[39mfn()[33m;[39m
     [90m 230 |[39m
    [31m[1m>[22m[39m[90m 231 |[39m     render([33m<[39m[33mTimelineModal[39m event[33m=[39m{mockEvent} onClose[33m=[39m{jest[33m.[39mfn()} [33m/[39m[33m>[39m)[33m;[39m
     [90m     |[39m           [31m[1m^[22m[39m
     [90m 232 |[39m
     [90m 233 |[39m     [36mconst[39m modalContent [33m=[39m screen[33m.[39mgetByText([32m'E-commerce Platform'[39m)[33m.[39mclosest([32m'.bg-white'[39m)[33m;[39m
     [90m 234 |[39m     [36mif[39m (modalContent) {[0m

      at VirtualConsole.<anonymous> (node_modules/@jest/environment-jsdom-abstract/build/index.js:87:23)
      at reportException (node_modules/jsdom/lib/jsdom/living/helpers/runtime-script-errors.js:70:28)
      at innerInvokeEventListeners (node_modules/jsdom/lib/jsdom/living/events/EventTarget-impl.js:353:9)
      at invokeEventListeners (node_modules/jsdom/lib/jsdom/living/events/EventTarget-impl.js:286:3)
      at HTMLUnknownElementImpl._dispatch (node_modules/jsdom/lib/jsdom/living/events/EventTarget-impl.js:233:9)
      at HTMLUnknownElementImpl.dispatchEvent (node_modules/jsdom/lib/jsdom/living/events/EventTarget-impl.js:104:17)
      at HTMLUnknownElement.dispatchEvent (node_modules/jsdom/lib/jsdom/living/generated/EventTarget.js:241:34)
      at Object.invokeGuardedCallbackDev (node_modules/react-dom/cjs/react-dom.development.js:4213:16)
      at invokeGuardedCallback (node_modules/react-dom/cjs/react-dom.development.js:4277:31)
      at beginWork$1 (node_modules/react-dom/cjs/react-dom.development.js:27490:7)
      at performUnitOfWork (node_modules/react-dom/cjs/react-dom.development.js:26599:12)
      at workLoopSync (node_modules/react-dom/cjs/react-dom.development.js:26505:5)
      at renderRootSync (node_modules/react-dom/cjs/react-dom.development.js:26473:7)
      at recoverFromConcurrentError (node_modules/react-dom/cjs/react-dom.development.js:25889:20)
      at performConcurrentWorkOnRoot (node_modules/react-dom/cjs/react-dom.development.js:25789:22)
      at flushActQueue (node_modules/react/cjs/react.development.js:2667:24)
      at act (node_modules/react/cjs/react.development.js:2582:11)
      at node_modules/@testing-library/react/dist/act-compat.js:47:25
      at renderRoot (node_modules/@testing-library/react/dist/pure.js:190:26)
      at render (node_modules/@testing-library/react/dist/pure.js:292:10)
      at Object.<anonymous> (components/__tests__/TimelineModal.test.tsx:231:11)

    console.error
      The above error occurred in the <div> component:
      
          at div
          at div
          at div
          at div
          at children (C:\Users\alexi\Documents\projects\maicivy\frontend\components\__tests__\TimelineModal.test.tsx:8:13)
          at div
          at children (C:\Users\alexi\Documents\projects\maicivy\frontend\components\__tests__\TimelineModal.test.tsx:8:13)
          at children (C:\Users\alexi\Documents\projects\maicivy\frontend\components\__tests__\TimelineModal.test.tsx:12:23)
          at event (C:\Users\alexi\Documents\projects\maicivy\frontend\components\timeline\TimelineModal.tsx:13:56)
      
      Consider adding an error boundary to your tree to customize error handling behavior.
      Visit https://reactjs.org/link/error-boundaries to learn more about error boundaries.

    [0m [90m 229 |[39m     [36mconst[39m onClose [33m=[39m jest[33m.[39mfn()[33m;[39m
     [90m 230 |[39m
    [31m[1m>[22m[39m[90m 231 |[39m     render([33m<[39m[33mTimelineModal[39m event[33m=[39m{mockEvent} onClose[33m=[39m{jest[33m.[39mfn()} [33m/[39m[33m>[39m)[33m;[39m
     [90m     |[39m           [31m[1m^[22m[39m
     [90m 232 |[39m
     [90m 233 |[39m     [36mconst[39m modalContent [33m=[39m screen[33m.[39mgetByText([32m'E-commerce Platform'[39m)[33m.[39mclosest([32m'.bg-white'[39m)[33m;[39m
     [90m 234 |[39m     [36mif[39m (modalContent) {[0m

      at logCapturedError (node_modules/react-dom/cjs/react-dom.development.js:18704:23)
      at update.callback (node_modules/react-dom/cjs/react-dom.development.js:18737:5)
      at callCallback (node_modules/react-dom/cjs/react-dom.development.js:15036:12)
      at commitUpdateQueue (node_modules/react-dom/cjs/react-dom.development.js:15057:9)
      at commitLayoutEffectOnFiber (node_modules/react-dom/cjs/react-dom.development.js:23430:13)
      at commitLayoutMountEffects_complete (node_modules/react-dom/cjs/react-dom.development.js:24727:9)
      at commitLayoutEffects_begin (node_modules/react-dom/cjs/react-dom.development.js:24713:7)
      at commitLayoutEffects (node_modules/react-dom/cjs/react-dom.development.js:24651:3)
      at commitRootImpl (node_modules/react-dom/cjs/react-dom.development.js:26862:5)
      at commitRoot (node_modules/react-dom/cjs/react-dom.development.js:26721:5)
      at finishConcurrentRender (node_modules/react-dom/cjs/react-dom.development.js:25931:9)
      at performConcurrentWorkOnRoot (node_modules/react-dom/cjs/react-dom.development.js:25848:7)
      at flushActQueue (node_modules/react/cjs/react.development.js:2667:24)
      at act (node_modules/react/cjs/react.development.js:2582:11)
      at node_modules/@testing-library/react/dist/act-compat.js:47:25
      at renderRoot (node_modules/@testing-library/react/dist/pure.js:190:26)
      at render (node_modules/@testing-library/react/dist/pure.js:292:10)
      at Object.<anonymous> (components/__tests__/TimelineModal.test.tsx:231:11)

    console.error
      Warning: React.jsx: type is invalid -- expected a string (for built-in components) or a class/function (for composite components) but got: undefined. You likely forgot to export your component from the file it's defined in, or you might have mixed up default and named imports.
      
      Check the render method of `TimelineModal`.
          at event (C:\Users\alexi\Documents\projects\maicivy\frontend\components\timeline\TimelineModal.tsx:13:56)

    [0m [90m 151 |[39m                 [33m<[39m[33mdiv[39m className[33m=[39m[32m"flex flex-wrap gap-2"[39m[33m>[39m
     [90m 152 |[39m                   {event[33m.[39mtags[33m.[39mmap((tag) [33m=>[39m (
    [31m[1m>[22m[39m[90m 153 |[39m                     [33m<[39m[33mmotion[39m[33m.[39mspan
     [90m     |[39m                     [31m[1m^[22m[39m
     [90m 154 |[39m                       key[33m=[39m{tag}
     [90m 155 |[39m                       whileHover[33m=[39m{{ scale[33m:[39m [35m1.05[39m }}
     [90m 156 |[39m                       className[33m=[39m[32m"px-4 py-2 bg-blue-500 text-white text-sm font-medium rounded-full shadow-sm"[39m[0m

      at printWarning (node_modules/react/cjs/react-jsx-runtime.development.js:87:30)
      at error (node_modules/react/cjs/react-jsx-runtime.development.js:61:7)
      at jsxWithValidation (node_modules/react/cjs/react-jsx-runtime.development.js:1245:7)
      at jsxWithValidationDynamic (node_modules/react/cjs/react-jsx-runtime.development.js:1320:12)
      at components/timeline/TimelineModal.tsx:153:21
          at Array.map (<anonymous>)
      at map (components/timeline/TimelineModal.tsx:152:31)
      at renderWithHooks (node_modules/react-dom/cjs/react-dom.development.js:15486:18)
      at mountIndeterminateComponent (node_modules/react-dom/cjs/react-dom.development.js:20103:13)
      at beginWork (node_modules/react-dom/cjs/react-dom.development.js:21626:16)
      at beginWork$1 (node_modules/react-dom/cjs/react-dom.development.js:27465:14)
      at performUnitOfWork (node_modules/react-dom/cjs/react-dom.development.js:26599:12)
      at workLoopSync (node_modules/react-dom/cjs/react-dom.development.js:26505:5)
      at renderRootSync (node_modules/react-dom/cjs/react-dom.development.js:26473:7)
      at performConcurrentWorkOnRoot (node_modules/react-dom/cjs/react-dom.development.js:25777:74)
      at flushActQueue (node_modules/react/cjs/react.development.js:2667:24)
      at act (node_modules/react/cjs/react.development.js:2582:11)
      at node_modules/@testing-library/react/dist/act-compat.js:47:25
      at renderRoot (node_modules/@testing-library/react/dist/pure.js:190:26)
      at render (node_modules/@testing-library/react/dist/pure.js:292:10)
      at Object.<anonymous> (components/__tests__/TimelineModal.test.tsx:241:11)

    console.error
      Warning: React.jsx: type is invalid -- expected a string (for built-in components) or a class/function (for composite components) but got: undefined. You likely forgot to export your component from the file it's defined in, or you might have mixed up default and named imports.
      
      Check the render method of `TimelineModal`.
          at event (C:\Users\alexi\Documents\projects\maicivy\frontend\components\timeline\TimelineModal.tsx:13:56)

    [0m [90m 151 |[39m                 [33m<[39m[33mdiv[39m className[33m=[39m[32m"flex flex-wrap gap-2"[39m[33m>[39m
     [90m 152 |[39m                   {event[33m.[39mtags[33m.[39mmap((tag) [33m=>[39m (
    [31m[1m>[22m[39m[90m 153 |[39m                     [33m<[39m[33mmotion[39m[33m.[39mspan
     [90m     |[39m                     [31m[1m^[22m[39m
     [90m 154 |[39m                       key[33m=[39m{tag}
     [90m 155 |[39m                       whileHover[33m=[39m{{ scale[33m:[39m [35m1.05[39m }}
     [90m 156 |[39m                       className[33m=[39m[32m"px-4 py-2 bg-blue-500 text-white text-sm font-medium rounded-full shadow-sm"[39m[0m

      at printWarning (node_modules/react/cjs/react-jsx-runtime.development.js:87:30)
      at error (node_modules/react/cjs/react-jsx-runtime.development.js:61:7)
      at jsxWithValidation (node_modules/react/cjs/react-jsx-runtime.development.js:1245:7)
      at jsxWithValidationDynamic (node_modules/react/cjs/react-jsx-runtime.development.js:1320:12)
      at components/timeline/TimelineModal.tsx:153:21
          at Array.map (<anonymous>)
      at map (components/timeline/TimelineModal.tsx:152:31)
      at renderWithHooks (node_modules/react-dom/cjs/react-dom.development.js:15486:18)
      at mountIndeterminateComponent (node_modules/react-dom/cjs/react-dom.development.js:20103:13)
      at beginWork (node_modules/react-dom/cjs/react-dom.development.js:21626:16)
      at beginWork$1 (node_modules/react-dom/cjs/react-dom.development.js:27465:14)
      at performUnitOfWork (node_modules/react-dom/cjs/react-dom.development.js:26599:12)
      at workLoopSync (node_modules/react-dom/cjs/react-dom.development.js:26505:5)
      at renderRootSync (node_modules/react-dom/cjs/react-dom.development.js:26473:7)
      at performConcurrentWorkOnRoot (node_modules/react-dom/cjs/react-dom.development.js:25777:74)
      at flushActQueue (node_modules/react/cjs/react.development.js:2667:24)
      at act (node_modules/react/cjs/react.development.js:2582:11)
      at node_modules/@testing-library/react/dist/act-compat.js:47:25
      at renderRoot (node_modules/@testing-library/react/dist/pure.js:190:26)
      at render (node_modules/@testing-library/react/dist/pure.js:292:10)
      at Object.<anonymous> (components/__tests__/TimelineModal.test.tsx:241:11)

    console.error
      Warning: React.jsx: type is invalid -- expected a string (for built-in components) or a class/function (for composite components) but got: undefined. You likely forgot to export your component from the file it's defined in, or you might have mixed up default and named imports.
      
      Check the render method of `TimelineModal`.
          at event (C:\Users\alexi\Documents\projects\maicivy\frontend\components\timeline\TimelineModal.tsx:13:56)

    [0m [90m 151 |[39m                 [33m<[39m[33mdiv[39m className[33m=[39m[32m"flex flex-wrap gap-2"[39m[33m>[39m
     [90m 152 |[39m                   {event[33m.[39mtags[33m.[39mmap((tag) [33m=>[39m (
    [31m[1m>[22m[39m[90m 153 |[39m                     [33m<[39m[33mmotion[39m[33m.[39mspan
     [90m     |[39m                     [31m[1m^[22m[39m
     [90m 154 |[39m                       key[33m=[39m{tag}
     [90m 155 |[39m                       whileHover[33m=[39m{{ scale[33m:[39m [35m1.05[39m }}
     [90m 156 |[39m                       className[33m=[39m[32m"px-4 py-2 bg-blue-500 text-white text-sm font-medium rounded-full shadow-sm"[39m[0m

      at printWarning (node_modules/react/cjs/react-jsx-runtime.development.js:87:30)
      at error (node_modules/react/cjs/react-jsx-runtime.development.js:61:7)
      at jsxWithValidation (node_modules/react/cjs/react-jsx-runtime.development.js:1245:7)
      at jsxWithValidationDynamic (node_modules/react/cjs/react-jsx-runtime.development.js:1320:12)
      at components/timeline/TimelineModal.tsx:153:21
          at Array.map (<anonymous>)
      at map (components/timeline/TimelineModal.tsx:152:31)
      at renderWithHooks (node_modules/react-dom/cjs/react-dom.development.js:15486:18)
      at mountIndeterminateComponent (node_modules/react-dom/cjs/react-dom.development.js:20103:13)
      at beginWork (node_modules/react-dom/cjs/react-dom.development.js:21626:16)
      at beginWork$1 (node_modules/react-dom/cjs/react-dom.development.js:27465:14)
      at performUnitOfWork (node_modules/react-dom/cjs/react-dom.development.js:26599:12)
      at workLoopSync (node_modules/react-dom/cjs/react-dom.development.js:26505:5)
      at renderRootSync (node_modules/react-dom/cjs/react-dom.development.js:26473:7)
      at performConcurrentWorkOnRoot (node_modules/react-dom/cjs/react-dom.development.js:25777:74)
      at flushActQueue (node_modules/react/cjs/react.development.js:2667:24)
      at act (node_modules/react/cjs/react.development.js:2582:11)
      at node_modules/@testing-library/react/dist/act-compat.js:47:25
      at renderRoot (node_modules/@testing-library/react/dist/pure.js:190:26)
      at render (node_modules/@testing-library/react/dist/pure.js:292:10)
      at Object.<anonymous> (components/__tests__/TimelineModal.test.tsx:241:11)

    console.error
      Warning: React.jsx: type is invalid -- expected a string (for built-in components) or a class/function (for composite components) but got: undefined. You likely forgot to export your component from the file it's defined in, or you might have mixed up default and named imports.
      
      Check the render method of `TimelineModal`.
          at event (C:\Users\alexi\Documents\projects\maicivy\frontend\components\timeline\TimelineModal.tsx:13:56)

    [0m [90m 151 |[39m                 [33m<[39m[33mdiv[39m className[33m=[39m[32m"flex flex-wrap gap-2"[39m[33m>[39m
     [90m 152 |[39m                   {event[33m.[39mtags[33m.[39mmap((tag) [33m=>[39m (
    [31m[1m>[22m[39m[90m 153 |[39m                     [33m<[39m[33mmotion[39m[33m.[39mspan
     [90m     |[39m                     [31m[1m^[22m[39m
     [90m 154 |[39m                       key[33m=[39m{tag}
     [90m 155 |[39m                       whileHover[33m=[39m{{ scale[33m:[39m [35m1.05[39m }}
     [90m 156 |[39m                       className[33m=[39m[32m"px-4 py-2 bg-blue-500 text-white text-sm font-medium rounded-full shadow-sm"[39m[0m

      at printWarning (node_modules/react/cjs/react-jsx-runtime.development.js:87:30)
      at error (node_modules/react/cjs/react-jsx-runtime.development.js:61:7)
      at jsxWithValidation (node_modules/react/cjs/react-jsx-runtime.development.js:1245:7)
      at jsxWithValidationDynamic (node_modules/react/cjs/react-jsx-runtime.development.js:1320:12)
      at components/timeline/TimelineModal.tsx:153:21
          at Array.map (<anonymous>)
      at map (components/timeline/TimelineModal.tsx:152:31)
      at renderWithHooks (node_modules/react-dom/cjs/react-dom.development.js:15486:18)
      at mountIndeterminateComponent (node_modules/react-dom/cjs/react-dom.development.js:20103:13)
      at beginWork (node_modules/react-dom/cjs/react-dom.development.js:21626:16)
      at beginWork$1 (node_modules/react-dom/cjs/react-dom.development.js:27465:14)
      at performUnitOfWork (node_modules/react-dom/cjs/react-dom.development.js:26599:12)
      at workLoopSync (node_modules/react-dom/cjs/react-dom.development.js:26505:5)
      at renderRootSync (node_modules/react-dom/cjs/react-dom.development.js:26473:7)
      at performConcurrentWorkOnRoot (node_modules/react-dom/cjs/react-dom.development.js:25777:74)
      at flushActQueue (node_modules/react/cjs/react.development.js:2667:24)
      at act (node_modules/react/cjs/react.development.js:2582:11)
      at node_modules/@testing-library/react/dist/act-compat.js:47:25
      at renderRoot (node_modules/@testing-library/react/dist/pure.js:190:26)
      at render (node_modules/@testing-library/react/dist/pure.js:292:10)
      at Object.<anonymous> (components/__tests__/TimelineModal.test.tsx:241:11)

    console.error
      Warning: React.jsx: type is invalid -- expected a string (for built-in components) or a class/function (for composite components) but got: undefined. You likely forgot to export your component from the file it's defined in, or you might have mixed up default and named imports.
      
      Check the render method of `TimelineModal`.
          at event (C:\Users\alexi\Documents\projects\maicivy\frontend\components\timeline\TimelineModal.tsx:13:56)

    [0m [90m 151 |[39m                 [33m<[39m[33mdiv[39m className[33m=[39m[32m"flex flex-wrap gap-2"[39m[33m>[39m
     [90m 152 |[39m                   {event[33m.[39mtags[33m.[39mmap((tag) [33m=>[39m (
    [31m[1m>[22m[39m[90m 153 |[39m                     [33m<[39m[33mmotion[39m[33m.[39mspan
     [90m     |[39m                     [31m[1m^[22m[39m
     [90m 154 |[39m                       key[33m=[39m{tag}
     [90m 155 |[39m                       whileHover[33m=[39m{{ scale[33m:[39m [35m1.05[39m }}
     [90m 156 |[39m                       className[33m=[39m[32m"px-4 py-2 bg-blue-500 text-white text-sm font-medium rounded-full shadow-sm"[39m[0m

      at printWarning (node_modules/react/cjs/react-jsx-runtime.development.js:87:30)
      at error (node_modules/react/cjs/react-jsx-runtime.development.js:61:7)
      at jsxWithValidation (node_modules/react/cjs/react-jsx-runtime.development.js:1245:7)
      at jsxWithValidationDynamic (node_modules/react/cjs/react-jsx-runtime.development.js:1320:12)
      at components/timeline/TimelineModal.tsx:153:21
          at Array.map (<anonymous>)
      at map (components/timeline/TimelineModal.tsx:152:31)
      at renderWithHooks (node_modules/react-dom/cjs/react-dom.development.js:15486:18)
      at mountIndeterminateComponent (node_modules/react-dom/cjs/react-dom.development.js:20103:13)
      at beginWork (node_modules/react-dom/cjs/react-dom.development.js:21626:16)
      at beginWork$1 (node_modules/react-dom/cjs/react-dom.development.js:27465:14)
      at performUnitOfWork (node_modules/react-dom/cjs/react-dom.development.js:26599:12)
      at workLoopSync (node_modules/react-dom/cjs/react-dom.development.js:26505:5)
      at renderRootSync (node_modules/react-dom/cjs/react-dom.development.js:26473:7)
      at performConcurrentWorkOnRoot (node_modules/react-dom/cjs/react-dom.development.js:25777:74)
      at flushActQueue (node_modules/react/cjs/react.development.js:2667:24)
      at act (node_modules/react/cjs/react.development.js:2582:11)
      at node_modules/@testing-library/react/dist/act-compat.js:47:25
      at renderRoot (node_modules/@testing-library/react/dist/pure.js:190:26)
      at render (node_modules/@testing-library/react/dist/pure.js:292:10)
      at Object.<anonymous> (components/__tests__/TimelineModal.test.tsx:241:11)

    console.error
      Error: Uncaught [Error: Element type is invalid: expected a string (for built-in components) or a class/function (for composite components) but got: undefined. You likely forgot to export your component from the file it's defined in, or you might have mixed up default and named imports.
      
      Check the render method of `TimelineModal`.]
          at reportException (C:\Users\alexi\Documents\projects\maicivy\frontend\node_modules\jsdom\lib\jsdom\living\helpers\runtime-script-errors.js:66:24)
          at innerInvokeEventListeners (C:\Users\alexi\Documents\projects\maicivy\frontend\node_modules\jsdom\lib\jsdom\living\events\EventTarget-impl.js:353:9)
          at invokeEventListeners (C:\Users\alexi\Documents\projects\maicivy\frontend\node_modules\jsdom\lib\jsdom\living\events\EventTarget-impl.js:286:3)
          at HTMLUnknownElementImpl._dispatch (C:\Users\alexi\Documents\projects\maicivy\frontend\node_modules\jsdom\lib\jsdom\living\events\EventTarget-impl.js:233:9)
          at HTMLUnknownElementImpl.dispatchEvent (C:\Users\alexi\Documents\projects\maicivy\frontend\node_modules\jsdom\lib\jsdom\living\events\EventTarget-impl.js:104:17)
          at HTMLUnknownElement.dispatchEvent (C:\Users\alexi\Documents\projects\maicivy\frontend\node_modules\jsdom\lib\jsdom\living\generated\EventTarget.js:241:34)
          at Object.invokeGuardedCallbackDev (C:\Users\alexi\Documents\projects\maicivy\frontend\node_modules\react-dom\cjs\react-dom.development.js:4213:16)
          at invokeGuardedCallback (C:\Users\alexi\Documents\projects\maicivy\frontend\node_modules\react-dom\cjs\react-dom.development.js:4277:31)
          at beginWork$1 (C:\Users\alexi\Documents\projects\maicivy\frontend\node_modules\react-dom\cjs\react-dom.development.js:27490:7)
          at performUnitOfWork (C:\Users\alexi\Documents\projects\maicivy\frontend\node_modules\react-dom\cjs\react-dom.development.js:26599:12)
          at workLoopSync (C:\Users\alexi\Documents\projects\maicivy\frontend\node_modules\react-dom\cjs\react-dom.development.js:26505:5)
          at renderRootSync (C:\Users\alexi\Documents\projects\maicivy\frontend\node_modules\react-dom\cjs\react-dom.development.js:26473:7)
          at performConcurrentWorkOnRoot (C:\Users\alexi\Documents\projects\maicivy\frontend\node_modules\react-dom\cjs\react-dom.development.js:25777:74)
          at flushActQueue (C:\Users\alexi\Documents\projects\maicivy\frontend\node_modules\react\cjs\react.development.js:2667:24)
          at act (C:\Users\alexi\Documents\projects\maicivy\frontend\node_modules\react\cjs\react.development.js:2582:11)
          at C:\Users\alexi\Documents\projects\maicivy\frontend\node_modules\@testing-library\react\dist\act-compat.js:47:25
          at renderRoot (C:\Users\alexi\Documents\projects\maicivy\frontend\node_modules\@testing-library\react\dist\pure.js:190:26)
          at render (C:\Users\alexi\Documents\projects\maicivy\frontend\node_modules\@testing-library\react\dist\pure.js:292:10)
          at Object.<anonymous> (C:\Users\alexi\Documents\projects\maicivy\frontend\components\__tests__\TimelineModal.test.tsx:241:11)
          at Promise.finally.completed (C:\Users\alexi\Documents\projects\maicivy\frontend\node_modules\jest-circus\build\jestAdapterInit.js:1557:28)
          at new Promise (<anonymous>)
          at callAsyncCircusFn (C:\Users\alexi\Documents\projects\maicivy\frontend\node_modules\jest-circus\build\jestAdapterInit.js:1497:10)
          at _callCircusTest (C:\Users\alexi\Documents\projects\maicivy\frontend\node_modules\jest-circus\build\jestAdapterInit.js:1007:40)
          at processTicksAndRejections (node:internal/process/task_queues:103:5)
          at _runTest (C:\Users\alexi\Documents\projects\maicivy\frontend\node_modules\jest-circus\build\jestAdapterInit.js:947:3)
          at C:\Users\alexi\Documents\projects\maicivy\frontend\node_modules\jest-circus\build\jestAdapterInit.js:849:7
          at _runTestsForDescribeBlock (C:\Users\alexi\Documents\projects\maicivy\frontend\node_modules\jest-circus\build\jestAdapterInit.js:862:11)
          at _runTestsForDescribeBlock (C:\Users\alexi\Documents\projects\maicivy\frontend\node_modules\jest-circus\build\jestAdapterInit.js:857:11)
          at run (C:\Users\alexi\Documents\projects\maicivy\frontend\node_modules\jest-circus\build\jestAdapterInit.js:761:3)
          at runAndTransformResultsToJestFormat (C:\Users\alexi\Documents\projects\maicivy\frontend\node_modules\jest-circus\build\jestAdapterInit.js:1918:21)
          at jestAdapter (C:\Users\alexi\Documents\projects\maicivy\frontend\node_modules\jest-circus\build\runner.js:101:19)
          at runTestInternal (C:\Users\alexi\Documents\projects\maicivy\frontend\node_modules\jest-runner\build\testWorker.js:275:16)
          at runTest (C:\Users\alexi\Documents\projects\maicivy\frontend\node_modules\jest-runner\build\testWorker.js:343:7)
          at Object.worker (C:\Users\alexi\Documents\projects\maicivy\frontend\node_modules\jest-runner\build\testWorker.js:497:12) {
        detail: Error: Element type is invalid: expected a string (for built-in components) or a class/function (for composite components) but got: undefined. You likely forgot to export your component from the file it's defined in, or you might have mixed up default and named imports.
        
        Check the render method of `TimelineModal`.
            at createFiberFromTypeAndProps (C:\Users\alexi\Documents\projects\maicivy\frontend\node_modules\react-dom\cjs\react-dom.development.js:28478:17)
            at createFiberFromElement (C:\Users\alexi\Documents\projects\maicivy\frontend\node_modules\react-dom\cjs\react-dom.development.js:28504:15)
            at createChild (C:\Users\alexi\Documents\projects\maicivy\frontend\node_modules\react-dom\cjs\react-dom.development.js:13345:28)
            at reconcileChildrenArray (C:\Users\alexi\Documents\projects\maicivy\frontend\node_modules\react-dom\cjs\react-dom.development.js:13640:25)
            at reconcileChildFibers (C:\Users\alexi\Documents\projects\maicivy\frontend\node_modules\react-dom\cjs\react-dom.development.js:14057:16)
            at reconcileChildren (C:\Users\alexi\Documents\projects\maicivy\frontend\node_modules\react-dom\cjs\react-dom.development.js:19186:28)
            at updateHostComponent (C:\Users\alexi\Documents\projects\maicivy\frontend\node_modules\react-dom\cjs\react-dom.development.js:19953:3)
            at beginWork (C:\Users\alexi\Documents\projects\maicivy\frontend\node_modules\react-dom\cjs\react-dom.development.js:21657:14)
            at HTMLUnknownElement.callCallback (C:\Users\alexi\Documents\projects\maicivy\frontend\node_modules\react-dom\cjs\react-dom.development.js:4164:14)
            at HTMLUnknownElement.callTheUserObjectsOperation (C:\Users\alexi\Documents\projects\maicivy\frontend\node_modules\jsdom\lib\jsdom\living\generated\EventListener.js:26:30)
            at innerInvokeEventListeners (C:\Users\alexi\Documents\projects\maicivy\frontend\node_modules\jsdom\lib\jsdom\living\events\EventTarget-impl.js:350:25)
            at invokeEventListeners (C:\Users\alexi\Documents\projects\maicivy\frontend\node_modules\jsdom\lib\jsdom\living\events\EventTarget-impl.js:286:3)
            at HTMLUnknownElementImpl._dispatch (C:\Users\alexi\Documents\projects\maicivy\frontend\node_modules\jsdom\lib\jsdom\living\events\EventTarget-impl.js:233:9)
            at HTMLUnknownElementImpl.dispatchEvent (C:\Users\alexi\Documents\projects\maicivy\frontend\node_modules\jsdom\lib\jsdom\living\events\EventTarget-impl.js:104:17)
            at HTMLUnknownElement.dispatchEvent (C:\Users\alexi\Documents\projects\maicivy\frontend\node_modules\jsdom\lib\jsdom\living\generated\EventTarget.js:241:34)
            at Object.invokeGuardedCallbackDev (C:\Users\alexi\Documents\projects\maicivy\frontend\node_modules\react-dom\cjs\react-dom.development.js:4213:16)
            at invokeGuardedCallback (C:\Users\alexi\Documents\projects\maicivy\frontend\node_modules\react-dom\cjs\react-dom.development.js:4277:31)
            at beginWork$1 (C:\Users\alexi\Documents\projects\maicivy\frontend\node_modules\react-dom\cjs\react-dom.development.js:27490:7)
            at performUnitOfWork (C:\Users\alexi\Documents\projects\maicivy\frontend\node_modules\react-dom\cjs\react-dom.development.js:26599:12)
            at workLoopSync (C:\Users\alexi\Documents\projects\maicivy\frontend\node_modules\react-dom\cjs\react-dom.development.js:26505:5)
            at renderRootSync (C:\Users\alexi\Documents\projects\maicivy\frontend\node_modules\react-dom\cjs\react-dom.development.js:26473:7)
            at performConcurrentWorkOnRoot (C:\Users\alexi\Documents\projects\maicivy\frontend\node_modules\react-dom\cjs\react-dom.development.js:25777:74)
            at flushActQueue (C:\Users\alexi\Documents\projects\maicivy\frontend\node_modules\react\cjs\react.development.js:2667:24)
            at act (C:\Users\alexi\Documents\projects\maicivy\frontend\node_modules\react\cjs\react.development.js:2582:11)
            at C:\Users\alexi\Documents\projects\maicivy\frontend\node_modules\@testing-library\react\dist\act-compat.js:47:25
            at renderRoot (C:\Users\alexi\Documents\projects\maicivy\frontend\node_modules\@testing-library\react\dist\pure.js:190:26)
            at render (C:\Users\alexi\Documents\projects\maicivy\frontend\node_modules\@testing-library\react\dist\pure.js:292:10)
            at Object.<anonymous> (C:\Users\alexi\Documents\projects\maicivy\frontend\components\__tests__\TimelineModal.test.tsx:241:11)
            at Promise.finally.completed (C:\Users\alexi\Documents\projects\maicivy\frontend\node_modules\jest-circus\build\jestAdapterInit.js:1557:28)
            at new Promise (<anonymous>)
            at callAsyncCircusFn (C:\Users\alexi\Documents\projects\maicivy\frontend\node_modules\jest-circus\build\jestAdapterInit.js:1497:10)
            at _callCircusTest (C:\Users\alexi\Documents\projects\maicivy\frontend\node_modules\jest-circus\build\jestAdapterInit.js:1007:40)
            at processTicksAndRejections (node:internal/process/task_queues:103:5)
            at _runTest (C:\Users\alexi\Documents\projects\maicivy\frontend\node_modules\jest-circus\build\jestAdapterInit.js:947:3)
            at C:\Users\alexi\Documents\projects\maicivy\frontend\node_modules\jest-circus\build\jestAdapterInit.js:849:7
            at _runTestsForDescribeBlock (C:\Users\alexi\Documents\projects\maicivy\frontend\node_modules\jest-circus\build\jestAdapterInit.js:862:11)
            at _runTestsForDescribeBlock (C:\Users\alexi\Documents\projects\maicivy\frontend\node_modules\jest-circus\build\jestAdapterInit.js:857:11)
            at run (C:\Users\alexi\Documents\projects\maicivy\frontend\node_modules\jest-circus\build\jestAdapterInit.js:761:3)
            at runAndTransformResultsToJestFormat (C:\Users\alexi\Documents\projects\maicivy\frontend\node_modules\jest-circus\build\jestAdapterInit.js:1918:21)
            at jestAdapter (C:\Users\alexi\Documents\projects\maicivy\frontend\node_modules\jest-circus\build\runner.js:101:19)
            at runTestInternal (C:\Users\alexi\Documents\projects\maicivy\frontend\node_modules\jest-runner\build\testWorker.js:275:16)
            at runTest (C:\Users\alexi\Documents\projects\maicivy\frontend\node_modules\jest-runner\build\testWorker.js:343:7)
            at Object.worker (C:\Users\alexi\Documents\projects\maicivy\frontend\node_modules\jest-runner\build\testWorker.js:497:12),
        type: 'unhandled exception'
      }

    [0m [90m 239 |[39m
     [90m 240 |[39m   it([32m'should set body overflow to hidden on mount'[39m[33m,[39m () [33m=>[39m {
    [31m[1m>[22m[39m[90m 241 |[39m     render([33m<[39m[33mTimelineModal[39m event[33m=[39m{mockEvent} onClose[33m=[39m{jest[33m.[39mfn()} [33m/[39m[33m>[39m)[33m;[39m
     [90m     |[39m           [31m[1m^[22m[39m
     [90m 242 |[39m
     [90m 243 |[39m     expect(document[33m.[39mbody[33m.[39mstyle[33m.[39moverflow)[33m.[39mtoBe([32m'hidden'[39m)[33m;[39m
     [90m 244 |[39m   })[33m;[39m[0m

      at VirtualConsole.<anonymous> (node_modules/@jest/environment-jsdom-abstract/build/index.js:87:23)
      at reportException (node_modules/jsdom/lib/jsdom/living/helpers/runtime-script-errors.js:70:28)
      at innerInvokeEventListeners (node_modules/jsdom/lib/jsdom/living/events/EventTarget-impl.js:353:9)
      at invokeEventListeners (node_modules/jsdom/lib/jsdom/living/events/EventTarget-impl.js:286:3)
      at HTMLUnknownElementImpl._dispatch (node_modules/jsdom/lib/jsdom/living/events/EventTarget-impl.js:233:9)
      at HTMLUnknownElementImpl.dispatchEvent (node_modules/jsdom/lib/jsdom/living/events/EventTarget-impl.js:104:17)
      at HTMLUnknownElement.dispatchEvent (node_modules/jsdom/lib/jsdom/living/generated/EventTarget.js:241:34)
      at Object.invokeGuardedCallbackDev (node_modules/react-dom/cjs/react-dom.development.js:4213:16)
      at invokeGuardedCallback (node_modules/react-dom/cjs/react-dom.development.js:4277:31)
      at beginWork$1 (node_modules/react-dom/cjs/react-dom.development.js:27490:7)
      at performUnitOfWork (node_modules/react-dom/cjs/react-dom.development.js:26599:12)
      at workLoopSync (node_modules/react-dom/cjs/react-dom.development.js:26505:5)
      at renderRootSync (node_modules/react-dom/cjs/react-dom.development.js:26473:7)
      at performConcurrentWorkOnRoot (node_modules/react-dom/cjs/react-dom.development.js:25777:74)
      at flushActQueue (node_modules/react/cjs/react.development.js:2667:24)
      at act (node_modules/react/cjs/react.development.js:2582:11)
      at node_modules/@testing-library/react/dist/act-compat.js:47:25
      at renderRoot (node_modules/@testing-library/react/dist/pure.js:190:26)
      at render (node_modules/@testing-library/react/dist/pure.js:292:10)
      at Object.<anonymous> (components/__tests__/TimelineModal.test.tsx:241:11)

    console.error
      Warning: React.jsx: type is invalid -- expected a string (for built-in components) or a class/function (for composite components) but got: undefined. You likely forgot to export your component from the file it's defined in, or you might have mixed up default and named imports.
      
      Check the render method of `TimelineModal`.
          at event (C:\Users\alexi\Documents\projects\maicivy\frontend\components\timeline\TimelineModal.tsx:13:56)

    [0m [90m 151 |[39m                 [33m<[39m[33mdiv[39m className[33m=[39m[32m"flex flex-wrap gap-2"[39m[33m>[39m
     [90m 152 |[39m                   {event[33m.[39mtags[33m.[39mmap((tag) [33m=>[39m (
    [31m[1m>[22m[39m[90m 153 |[39m                     [33m<[39m[33mmotion[39m[33m.[39mspan
     [90m     |[39m                     [31m[1m^[22m[39m
     [90m 154 |[39m                       key[33m=[39m{tag}
     [90m 155 |[39m                       whileHover[33m=[39m{{ scale[33m:[39m [35m1.05[39m }}
     [90m 156 |[39m                       className[33m=[39m[32m"px-4 py-2 bg-blue-500 text-white text-sm font-medium rounded-full shadow-sm"[39m[0m

      at printWarning (node_modules/react/cjs/react-jsx-runtime.development.js:87:30)
      at error (node_modules/react/cjs/react-jsx-runtime.development.js:61:7)
      at jsxWithValidation (node_modules/react/cjs/react-jsx-runtime.development.js:1245:7)
      at jsxWithValidationDynamic (node_modules/react/cjs/react-jsx-runtime.development.js:1320:12)
      at components/timeline/TimelineModal.tsx:153:21
          at Array.map (<anonymous>)
      at map (components/timeline/TimelineModal.tsx:152:31)
      at renderWithHooks (node_modules/react-dom/cjs/react-dom.development.js:15486:18)
      at mountIndeterminateComponent (node_modules/react-dom/cjs/react-dom.development.js:20103:13)
      at beginWork (node_modules/react-dom/cjs/react-dom.development.js:21626:16)
      at beginWork$1 (node_modules/react-dom/cjs/react-dom.development.js:27465:14)
      at performUnitOfWork (node_modules/react-dom/cjs/react-dom.development.js:26599:12)
      at workLoopSync (node_modules/react-dom/cjs/react-dom.development.js:26505:5)
      at renderRootSync (node_modules/react-dom/cjs/react-dom.development.js:26473:7)
      at recoverFromConcurrentError (node_modules/react-dom/cjs/react-dom.development.js:25889:20)
      at performConcurrentWorkOnRoot (node_modules/react-dom/cjs/react-dom.development.js:25789:22)
      at flushActQueue (node_modules/react/cjs/react.development.js:2667:24)
      at act (node_modules/react/cjs/react.development.js:2582:11)
      at node_modules/@testing-library/react/dist/act-compat.js:47:25
      at renderRoot (node_modules/@testing-library/react/dist/pure.js:190:26)
      at render (node_modules/@testing-library/react/dist/pure.js:292:10)
      at Object.<anonymous> (components/__tests__/TimelineModal.test.tsx:241:11)

    console.error
      Warning: React.jsx: type is invalid -- expected a string (for built-in components) or a class/function (for composite components) but got: undefined. You likely forgot to export your component from the file it's defined in, or you might have mixed up default and named imports.
      
      Check the render method of `TimelineModal`.
          at event (C:\Users\alexi\Documents\projects\maicivy\frontend\components\timeline\TimelineModal.tsx:13:56)

    [0m [90m 151 |[39m                 [33m<[39m[33mdiv[39m className[33m=[39m[32m"flex flex-wrap gap-2"[39m[33m>[39m
     [90m 152 |[39m                   {event[33m.[39mtags[33m.[39mmap((tag) [33m=>[39m (
    [31m[1m>[22m[39m[90m 153 |[39m                     [33m<[39m[33mmotion[39m[33m.[39mspan
     [90m     |[39m                     [31m[1m^[22m[39m
     [90m 154 |[39m                       key[33m=[39m{tag}
     [90m 155 |[39m                       whileHover[33m=[39m{{ scale[33m:[39m [35m1.05[39m }}
     [90m 156 |[39m                       className[33m=[39m[32m"px-4 py-2 bg-blue-500 text-white text-sm font-medium rounded-full shadow-sm"[39m[0m

      at printWarning (node_modules/react/cjs/react-jsx-runtime.development.js:87:30)
      at error (node_modules/react/cjs/react-jsx-runtime.development.js:61:7)
      at jsxWithValidation (node_modules/react/cjs/react-jsx-runtime.development.js:1245:7)
      at jsxWithValidationDynamic (node_modules/react/cjs/react-jsx-runtime.development.js:1320:12)
      at components/timeline/TimelineModal.tsx:153:21
          at Array.map (<anonymous>)
      at map (components/timeline/TimelineModal.tsx:152:31)
      at renderWithHooks (node_modules/react-dom/cjs/react-dom.development.js:15486:18)
      at mountIndeterminateComponent (node_modules/react-dom/cjs/react-dom.development.js:20103:13)
      at beginWork (node_modules/react-dom/cjs/react-dom.development.js:21626:16)
      at beginWork$1 (node_modules/react-dom/cjs/react-dom.development.js:27465:14)
      at performUnitOfWork (node_modules/react-dom/cjs/react-dom.development.js:26599:12)
      at workLoopSync (node_modules/react-dom/cjs/react-dom.development.js:26505:5)
      at renderRootSync (node_modules/react-dom/cjs/react-dom.development.js:26473:7)
      at recoverFromConcurrentError (node_modules/react-dom/cjs/react-dom.development.js:25889:20)
      at performConcurrentWorkOnRoot (node_modules/react-dom/cjs/react-dom.development.js:25789:22)
      at flushActQueue (node_modules/react/cjs/react.development.js:2667:24)
      at act (node_modules/react/cjs/react.development.js:2582:11)
      at node_modules/@testing-library/react/dist/act-compat.js:47:25
      at renderRoot (node_modules/@testing-library/react/dist/pure.js:190:26)
      at render (node_modules/@testing-library/react/dist/pure.js:292:10)
      at Object.<anonymous> (components/__tests__/TimelineModal.test.tsx:241:11)

    console.error
      Warning: React.jsx: type is invalid -- expected a string (for built-in components) or a class/function (for composite components) but got: undefined. You likely forgot to export your component from the file it's defined in, or you might have mixed up default and named imports.
      
      Check the render method of `TimelineModal`.
          at event (C:\Users\alexi\Documents\projects\maicivy\frontend\components\timeline\TimelineModal.tsx:13:56)

    [0m [90m 151 |[39m                 [33m<[39m[33mdiv[39m className[33m=[39m[32m"flex flex-wrap gap-2"[39m[33m>[39m
     [90m 152 |[39m                   {event[33m.[39mtags[33m.[39mmap((tag) [33m=>[39m (
    [31m[1m>[22m[39m[90m 153 |[39m                     [33m<[39m[33mmotion[39m[33m.[39mspan
     [90m     |[39m                     [31m[1m^[22m[39m
     [90m 154 |[39m                       key[33m=[39m{tag}
     [90m 155 |[39m                       whileHover[33m=[39m{{ scale[33m:[39m [35m1.05[39m }}
     [90m 156 |[39m                       className[33m=[39m[32m"px-4 py-2 bg-blue-500 text-white text-sm font-medium rounded-full shadow-sm"[39m[0m

      at printWarning (node_modules/react/cjs/react-jsx-runtime.development.js:87:30)
      at error (node_modules/react/cjs/react-jsx-runtime.development.js:61:7)
      at jsxWithValidation (node_modules/react/cjs/react-jsx-runtime.development.js:1245:7)
      at jsxWithValidationDynamic (node_modules/react/cjs/react-jsx-runtime.development.js:1320:12)
      at components/timeline/TimelineModal.tsx:153:21
          at Array.map (<anonymous>)
      at map (components/timeline/TimelineModal.tsx:152:31)
      at renderWithHooks (node_modules/react-dom/cjs/react-dom.development.js:15486:18)
      at mountIndeterminateComponent (node_modules/react-dom/cjs/react-dom.development.js:20103:13)
      at beginWork (node_modules/react-dom/cjs/react-dom.development.js:21626:16)
      at beginWork$1 (node_modules/react-dom/cjs/react-dom.development.js:27465:14)
      at performUnitOfWork (node_modules/react-dom/cjs/react-dom.development.js:26599:12)
      at workLoopSync (node_modules/react-dom/cjs/react-dom.development.js:26505:5)
      at renderRootSync (node_modules/react-dom/cjs/react-dom.development.js:26473:7)
      at recoverFromConcurrentError (node_modules/react-dom/cjs/react-dom.development.js:25889:20)
      at performConcurrentWorkOnRoot (node_modules/react-dom/cjs/react-dom.development.js:25789:22)
      at flushActQueue (node_modules/react/cjs/react.development.js:2667:24)
      at act (node_modules/react/cjs/react.development.js:2582:11)
      at node_modules/@testing-library/react/dist/act-compat.js:47:25
      at renderRoot (node_modules/@testing-library/react/dist/pure.js:190:26)
      at render (node_modules/@testing-library/react/dist/pure.js:292:10)
      at Object.<anonymous> (components/__tests__/TimelineModal.test.tsx:241:11)

    console.error
      Warning: React.jsx: type is invalid -- expected a string (for built-in components) or a class/function (for composite components) but got: undefined. You likely forgot to export your component from the file it's defined in, or you might have mixed up default and named imports.
      
      Check the render method of `TimelineModal`.
          at event (C:\Users\alexi\Documents\projects\maicivy\frontend\components\timeline\TimelineModal.tsx:13:56)

    [0m [90m 151 |[39m                 [33m<[39m[33mdiv[39m className[33m=[39m[32m"flex flex-wrap gap-2"[39m[33m>[39m
     [90m 152 |[39m                   {event[33m.[39mtags[33m.[39mmap((tag) [33m=>[39m (
    [31m[1m>[22m[39m[90m 153 |[39m                     [33m<[39m[33mmotion[39m[33m.[39mspan
     [90m     |[39m                     [31m[1m^[22m[39m
     [90m 154 |[39m                       key[33m=[39m{tag}
     [90m 155 |[39m                       whileHover[33m=[39m{{ scale[33m:[39m [35m1.05[39m }}
     [90m 156 |[39m                       className[33m=[39m[32m"px-4 py-2 bg-blue-500 text-white text-sm font-medium rounded-full shadow-sm"[39m[0m

      at printWarning (node_modules/react/cjs/react-jsx-runtime.development.js:87:30)
      at error (node_modules/react/cjs/react-jsx-runtime.development.js:61:7)
      at jsxWithValidation (node_modules/react/cjs/react-jsx-runtime.development.js:1245:7)
      at jsxWithValidationDynamic (node_modules/react/cjs/react-jsx-runtime.development.js:1320:12)
      at components/timeline/TimelineModal.tsx:153:21
          at Array.map (<anonymous>)
      at map (components/timeline/TimelineModal.tsx:152:31)
      at renderWithHooks (node_modules/react-dom/cjs/react-dom.development.js:15486:18)
      at mountIndeterminateComponent (node_modules/react-dom/cjs/react-dom.development.js:20103:13)
      at beginWork (node_modules/react-dom/cjs/react-dom.development.js:21626:16)
      at beginWork$1 (node_modules/react-dom/cjs/react-dom.development.js:27465:14)
      at performUnitOfWork (node_modules/react-dom/cjs/react-dom.development.js:26599:12)
      at workLoopSync (node_modules/react-dom/cjs/react-dom.development.js:26505:5)
      at renderRootSync (node_modules/react-dom/cjs/react-dom.development.js:26473:7)
      at recoverFromConcurrentError (node_modules/react-dom/cjs/react-dom.development.js:25889:20)
      at performConcurrentWorkOnRoot (node_modules/react-dom/cjs/react-dom.development.js:25789:22)
      at flushActQueue (node_modules/react/cjs/react.development.js:2667:24)
      at act (node_modules/react/cjs/react.development.js:2582:11)
      at node_modules/@testing-library/react/dist/act-compat.js:47:25
      at renderRoot (node_modules/@testing-library/react/dist/pure.js:190:26)
      at render (node_modules/@testing-library/react/dist/pure.js:292:10)
      at Object.<anonymous> (components/__tests__/TimelineModal.test.tsx:241:11)

    console.error
      Warning: React.jsx: type is invalid -- expected a string (for built-in components) or a class/function (for composite components) but got: undefined. You likely forgot to export your component from the file it's defined in, or you might have mixed up default and named imports.
      
      Check the render method of `TimelineModal`.
          at event (C:\Users\alexi\Documents\projects\maicivy\frontend\components\timeline\TimelineModal.tsx:13:56)

    [0m [90m 151 |[39m                 [33m<[39m[33mdiv[39m className[33m=[39m[32m"flex flex-wrap gap-2"[39m[33m>[39m
     [90m 152 |[39m                   {event[33m.[39mtags[33m.[39mmap((tag) [33m=>[39m (
    [31m[1m>[22m[39m[90m 153 |[39m                     [33m<[39m[33mmotion[39m[33m.[39mspan
     [90m     |[39m                     [31m[1m^[22m[39m
     [90m 154 |[39m                       key[33m=[39m{tag}
     [90m 155 |[39m                       whileHover[33m=[39m{{ scale[33m:[39m [35m1.05[39m }}
     [90m 156 |[39m                       className[33m=[39m[32m"px-4 py-2 bg-blue-500 text-white text-sm font-medium rounded-full shadow-sm"[39m[0m

      at printWarning (node_modules/react/cjs/react-jsx-runtime.development.js:87:30)
      at error (node_modules/react/cjs/react-jsx-runtime.development.js:61:7)
      at jsxWithValidation (node_modules/react/cjs/react-jsx-runtime.development.js:1245:7)
      at jsxWithValidationDynamic (node_modules/react/cjs/react-jsx-runtime.development.js:1320:12)
      at components/timeline/TimelineModal.tsx:153:21
          at Array.map (<anonymous>)
      at map (components/timeline/TimelineModal.tsx:152:31)
      at renderWithHooks (node_modules/react-dom/cjs/react-dom.development.js:15486:18)
      at mountIndeterminateComponent (node_modules/react-dom/cjs/react-dom.development.js:20103:13)
      at beginWork (node_modules/react-dom/cjs/react-dom.development.js:21626:16)
      at beginWork$1 (node_modules/react-dom/cjs/react-dom.development.js:27465:14)
      at performUnitOfWork (node_modules/react-dom/cjs/react-dom.development.js:26599:12)
      at workLoopSync (node_modules/react-dom/cjs/react-dom.development.js:26505:5)
      at renderRootSync (node_modules/react-dom/cjs/react-dom.development.js:26473:7)
      at recoverFromConcurrentError (node_modules/react-dom/cjs/react-dom.development.js:25889:20)
      at performConcurrentWorkOnRoot (node_modules/react-dom/cjs/react-dom.development.js:25789:22)
      at flushActQueue (node_modules/react/cjs/react.development.js:2667:24)
      at act (node_modules/react/cjs/react.development.js:2582:11)
      at node_modules/@testing-library/react/dist/act-compat.js:47:25
      at renderRoot (node_modules/@testing-library/react/dist/pure.js:190:26)
      at render (node_modules/@testing-library/react/dist/pure.js:292:10)
      at Object.<anonymous> (components/__tests__/TimelineModal.test.tsx:241:11)

    console.error
      Error: Uncaught [Error: Element type is invalid: expected a string (for built-in components) or a class/function (for composite components) but got: undefined. You likely forgot to export your component from the file it's defined in, or you might have mixed up default and named imports.
      
      Check the render method of `TimelineModal`.]
          at reportException (C:\Users\alexi\Documents\projects\maicivy\frontend\node_modules\jsdom\lib\jsdom\living\helpers\runtime-script-errors.js:66:24)
          at innerInvokeEventListeners (C:\Users\alexi\Documents\projects\maicivy\frontend\node_modules\jsdom\lib\jsdom\living\events\EventTarget-impl.js:353:9)
          at invokeEventListeners (C:\Users\alexi\Documents\projects\maicivy\frontend\node_modules\jsdom\lib\jsdom\living\events\EventTarget-impl.js:286:3)
          at HTMLUnknownElementImpl._dispatch (C:\Users\alexi\Documents\projects\maicivy\frontend\node_modules\jsdom\lib\jsdom\living\events\EventTarget-impl.js:233:9)
          at HTMLUnknownElementImpl.dispatchEvent (C:\Users\alexi\Documents\projects\maicivy\frontend\node_modules\jsdom\lib\jsdom\living\events\EventTarget-impl.js:104:17)
          at HTMLUnknownElement.dispatchEvent (C:\Users\alexi\Documents\projects\maicivy\frontend\node_modules\jsdom\lib\jsdom\living\generated\EventTarget.js:241:34)
          at Object.invokeGuardedCallbackDev (C:\Users\alexi\Documents\projects\maicivy\frontend\node_modules\react-dom\cjs\react-dom.development.js:4213:16)
          at invokeGuardedCallback (C:\Users\alexi\Documents\projects\maicivy\frontend\node_modules\react-dom\cjs\react-dom.development.js:4277:31)
          at beginWork$1 (C:\Users\alexi\Documents\projects\maicivy\frontend\node_modules\react-dom\cjs\react-dom.development.js:27490:7)
          at performUnitOfWork (C:\Users\alexi\Documents\projects\maicivy\frontend\node_modules\react-dom\cjs\react-dom.development.js:26599:12)
          at workLoopSync (C:\Users\alexi\Documents\projects\maicivy\frontend\node_modules\react-dom\cjs\react-dom.development.js:26505:5)
          at renderRootSync (C:\Users\alexi\Documents\projects\maicivy\frontend\node_modules\react-dom\cjs\react-dom.development.js:26473:7)
          at recoverFromConcurrentError (C:\Users\alexi\Documents\projects\maicivy\frontend\node_modules\react-dom\cjs\react-dom.development.js:25889:20)
          at performConcurrentWorkOnRoot (C:\Users\alexi\Documents\projects\maicivy\frontend\node_modules\react-dom\cjs\react-dom.development.js:25789:22)
          at flushActQueue (C:\Users\alexi\Documents\projects\maicivy\frontend\node_modules\react\cjs\react.development.js:2667:24)
          at act (C:\Users\alexi\Documents\projects\maicivy\frontend\node_modules\react\cjs\react.development.js:2582:11)
          at C:\Users\alexi\Documents\projects\maicivy\frontend\node_modules\@testing-library\react\dist\act-compat.js:47:25
          at renderRoot (C:\Users\alexi\Documents\projects\maicivy\frontend\node_modules\@testing-library\react\dist\pure.js:190:26)
          at render (C:\Users\alexi\Documents\projects\maicivy\frontend\node_modules\@testing-library\react\dist\pure.js:292:10)
          at Object.<anonymous> (C:\Users\alexi\Documents\projects\maicivy\frontend\components\__tests__\TimelineModal.test.tsx:241:11)
          at Promise.finally.completed (C:\Users\alexi\Documents\projects\maicivy\frontend\node_modules\jest-circus\build\jestAdapterInit.js:1557:28)
          at new Promise (<anonymous>)
          at callAsyncCircusFn (C:\Users\alexi\Documents\projects\maicivy\frontend\node_modules\jest-circus\build\jestAdapterInit.js:1497:10)
          at _callCircusTest (C:\Users\alexi\Documents\projects\maicivy\frontend\node_modules\jest-circus\build\jestAdapterInit.js:1007:40)
          at processTicksAndRejections (node:internal/process/task_queues:103:5)
          at _runTest (C:\Users\alexi\Documents\projects\maicivy\frontend\node_modules\jest-circus\build\jestAdapterInit.js:947:3)
          at C:\Users\alexi\Documents\projects\maicivy\frontend\node_modules\jest-circus\build\jestAdapterInit.js:849:7
          at _runTestsForDescribeBlock (C:\Users\alexi\Documents\projects\maicivy\frontend\node_modules\jest-circus\build\jestAdapterInit.js:862:11)
          at _runTestsForDescribeBlock (C:\Users\alexi\Documents\projects\maicivy\frontend\node_modules\jest-circus\build\jestAdapterInit.js:857:11)
          at run (C:\Users\alexi\Documents\projects\maicivy\frontend\node_modules\jest-circus\build\jestAdapterInit.js:761:3)
          at runAndTransformResultsToJestFormat (C:\Users\alexi\Documents\projects\maicivy\frontend\node_modules\jest-circus\build\jestAdapterInit.js:1918:21)
          at jestAdapter (C:\Users\alexi\Documents\projects\maicivy\frontend\node_modules\jest-circus\build\runner.js:101:19)
          at runTestInternal (C:\Users\alexi\Documents\projects\maicivy\frontend\node_modules\jest-runner\build\testWorker.js:275:16)
          at runTest (C:\Users\alexi\Documents\projects\maicivy\frontend\node_modules\jest-runner\build\testWorker.js:343:7)
          at Object.worker (C:\Users\alexi\Documents\projects\maicivy\frontend\node_modules\jest-runner\build\testWorker.js:497:12) {
        detail: Error: Element type is invalid: expected a string (for built-in components) or a class/function (for composite components) but got: undefined. You likely forgot to export your component from the file it's defined in, or you might have mixed up default and named imports.
        
        Check the render method of `TimelineModal`.
            at createFiberFromTypeAndProps (C:\Users\alexi\Documents\projects\maicivy\frontend\node_modules\react-dom\cjs\react-dom.development.js:28478:17)
            at createFiberFromElement (C:\Users\alexi\Documents\projects\maicivy\frontend\node_modules\react-dom\cjs\react-dom.development.js:28504:15)
            at createChild (C:\Users\alexi\Documents\projects\maicivy\frontend\node_modules\react-dom\cjs\react-dom.development.js:13345:28)
            at reconcileChildrenArray (C:\Users\alexi\Documents\projects\maicivy\frontend\node_modules\react-dom\cjs\react-dom.development.js:13640:25)
            at reconcileChildFibers (C:\Users\alexi\Documents\projects\maicivy\frontend\node_modules\react-dom\cjs\react-dom.development.js:14057:16)
            at reconcileChildren (C:\Users\alexi\Documents\projects\maicivy\frontend\node_modules\react-dom\cjs\react-dom.development.js:19186:28)
            at updateHostComponent (C:\Users\alexi\Documents\projects\maicivy\frontend\node_modules\react-dom\cjs\react-dom.development.js:19953:3)
            at beginWork (C:\Users\alexi\Documents\projects\maicivy\frontend\node_modules\react-dom\cjs\react-dom.development.js:21657:14)
            at HTMLUnknownElement.callCallback (C:\Users\alexi\Documents\projects\maicivy\frontend\node_modules\react-dom\cjs\react-dom.development.js:4164:14)
            at HTMLUnknownElement.callTheUserObjectsOperation (C:\Users\alexi\Documents\projects\maicivy\frontend\node_modules\jsdom\lib\jsdom\living\generated\EventListener.js:26:30)
            at innerInvokeEventListeners (C:\Users\alexi\Documents\projects\maicivy\frontend\node_modules\jsdom\lib\jsdom\living\events\EventTarget-impl.js:350:25)
            at invokeEventListeners (C:\Users\alexi\Documents\projects\maicivy\frontend\node_modules\jsdom\lib\jsdom\living\events\EventTarget-impl.js:286:3)
            at HTMLUnknownElementImpl._dispatch (C:\Users\alexi\Documents\projects\maicivy\frontend\node_modules\jsdom\lib\jsdom\living\events\EventTarget-impl.js:233:9)
            at HTMLUnknownElementImpl.dispatchEvent (C:\Users\alexi\Documents\projects\maicivy\frontend\node_modules\jsdom\lib\jsdom\living\events\EventTarget-impl.js:104:17)
            at HTMLUnknownElement.dispatchEvent (C:\Users\alexi\Documents\projects\maicivy\frontend\node_modules\jsdom\lib\jsdom\living\generated\EventTarget.js:241:34)
            at Object.invokeGuardedCallbackDev (C:\Users\alexi\Documents\projects\maicivy\frontend\node_modules\react-dom\cjs\react-dom.development.js:4213:16)
            at invokeGuardedCallback (C:\Users\alexi\Documents\projects\maicivy\frontend\node_modules\react-dom\cjs\react-dom.development.js:4277:31)
            at beginWork$1 (C:\Users\alexi\Documents\projects\maicivy\frontend\node_modules\react-dom\cjs\react-dom.development.js:27490:7)
            at performUnitOfWork (C:\Users\alexi\Documents\projects\maicivy\frontend\node_modules\react-dom\cjs\react-dom.development.js:26599:12)
            at workLoopSync (C:\Users\alexi\Documents\projects\maicivy\frontend\node_modules\react-dom\cjs\react-dom.development.js:26505:5)
            at renderRootSync (C:\Users\alexi\Documents\projects\maicivy\frontend\node_modules\react-dom\cjs\react-dom.development.js:26473:7)
            at recoverFromConcurrentError (C:\Users\alexi\Documents\projects\maicivy\frontend\node_modules\react-dom\cjs\react-dom.development.js:25889:20)
            at performConcurrentWorkOnRoot (C:\Users\alexi\Documents\projects\maicivy\frontend\node_modules\react-dom\cjs\react-dom.development.js:25789:22)
            at flushActQueue (C:\Users\alexi\Documents\projects\maicivy\frontend\node_modules\react\cjs\react.development.js:2667:24)
            at act (C:\Users\alexi\Documents\projects\maicivy\frontend\node_modules\react\cjs\react.development.js:2582:11)
            at C:\Users\alexi\Documents\projects\maicivy\frontend\node_modules\@testing-library\react\dist\act-compat.js:47:25
            at renderRoot (C:\Users\alexi\Documents\projects\maicivy\frontend\node_modules\@testing-library\react\dist\pure.js:190:26)
            at render (C:\Users\alexi\Documents\projects\maicivy\frontend\node_modules\@testing-library\react\dist\pure.js:292:10)
            at Object.<anonymous> (C:\Users\alexi\Documents\projects\maicivy\frontend\components\__tests__\TimelineModal.test.tsx:241:11)
            at Promise.finally.completed (C:\Users\alexi\Documents\projects\maicivy\frontend\node_modules\jest-circus\build\jestAdapterInit.js:1557:28)
            at new Promise (<anonymous>)
            at callAsyncCircusFn (C:\Users\alexi\Documents\projects\maicivy\frontend\node_modules\jest-circus\build\jestAdapterInit.js:1497:10)
            at _callCircusTest (C:\Users\alexi\Documents\projects\maicivy\frontend\node_modules\jest-circus\build\jestAdapterInit.js:1007:40)
            at processTicksAndRejections (node:internal/process/task_queues:103:5)
            at _runTest (C:\Users\alexi\Documents\projects\maicivy\frontend\node_modules\jest-circus\build\jestAdapterInit.js:947:3)
            at C:\Users\alexi\Documents\projects\maicivy\frontend\node_modules\jest-circus\build\jestAdapterInit.js:849:7
            at _runTestsForDescribeBlock (C:\Users\alexi\Documents\projects\maicivy\frontend\node_modules\jest-circus\build\jestAdapterInit.js:862:11)
            at _runTestsForDescribeBlock (C:\Users\alexi\Documents\projects\maicivy\frontend\node_modules\jest-circus\build\jestAdapterInit.js:857:11)
            at run (C:\Users\alexi\Documents\projects\maicivy\frontend\node_modules\jest-circus\build\jestAdapterInit.js:761:3)
            at runAndTransformResultsToJestFormat (C:\Users\alexi\Documents\projects\maicivy\frontend\node_modules\jest-circus\build\jestAdapterInit.js:1918:21)
            at jestAdapter (C:\Users\alexi\Documents\projects\maicivy\frontend\node_modules\jest-circus\build\runner.js:101:19)
            at runTestInternal (C:\Users\alexi\Documents\projects\maicivy\frontend\node_modules\jest-runner\build\testWorker.js:275:16)
            at runTest (C:\Users\alexi\Documents\projects\maicivy\frontend\node_modules\jest-runner\build\testWorker.js:343:7)
            at Object.worker (C:\Users\alexi\Documents\projects\maicivy\frontend\node_modules\jest-runner\build\testWorker.js:497:12),
        type: 'unhandled exception'
      }

    [0m [90m 239 |[39m
     [90m 240 |[39m   it([32m'should set body overflow to hidden on mount'[39m[33m,[39m () [33m=>[39m {
    [31m[1m>[22m[39m[90m 241 |[39m     render([33m<[39m[33mTimelineModal[39m event[33m=[39m{mockEvent} onClose[33m=[39m{jest[33m.[39mfn()} [33m/[39m[33m>[39m)[33m;[39m
     [90m     |[39m           [31m[1m^[22m[39m
     [90m 242 |[39m
     [90m 243 |[39m     expect(document[33m.[39mbody[33m.[39mstyle[33m.[39moverflow)[33m.[39mtoBe([32m'hidden'[39m)[33m;[39m
     [90m 244 |[39m   })[33m;[39m[0m

      at VirtualConsole.<anonymous> (node_modules/@jest/environment-jsdom-abstract/build/index.js:87:23)
      at reportException (node_modules/jsdom/lib/jsdom/living/helpers/runtime-script-errors.js:70:28)
      at innerInvokeEventListeners (node_modules/jsdom/lib/jsdom/living/events/EventTarget-impl.js:353:9)
      at invokeEventListeners (node_modules/jsdom/lib/jsdom/living/events/EventTarget-impl.js:286:3)
      at HTMLUnknownElementImpl._dispatch (node_modules/jsdom/lib/jsdom/living/events/EventTarget-impl.js:233:9)
      at HTMLUnknownElementImpl.dispatchEvent (node_modules/jsdom/lib/jsdom/living/events/EventTarget-impl.js:104:17)
      at HTMLUnknownElement.dispatchEvent (node_modules/jsdom/lib/jsdom/living/generated/EventTarget.js:241:34)
      at Object.invokeGuardedCallbackDev (node_modules/react-dom/cjs/react-dom.development.js:4213:16)
      at invokeGuardedCallback (node_modules/react-dom/cjs/react-dom.development.js:4277:31)
      at beginWork$1 (node_modules/react-dom/cjs/react-dom.development.js:27490:7)
      at performUnitOfWork (node_modules/react-dom/cjs/react-dom.development.js:26599:12)
      at workLoopSync (node_modules/react-dom/cjs/react-dom.development.js:26505:5)
      at renderRootSync (node_modules/react-dom/cjs/react-dom.development.js:26473:7)
      at recoverFromConcurrentError (node_modules/react-dom/cjs/react-dom.development.js:25889:20)
      at performConcurrentWorkOnRoot (node_modules/react-dom/cjs/react-dom.development.js:25789:22)
      at flushActQueue (node_modules/react/cjs/react.development.js:2667:24)
      at act (node_modules/react/cjs/react.development.js:2582:11)
      at node_modules/@testing-library/react/dist/act-compat.js:47:25
      at renderRoot (node_modules/@testing-library/react/dist/pure.js:190:26)
      at render (node_modules/@testing-library/react/dist/pure.js:292:10)
      at Object.<anonymous> (components/__tests__/TimelineModal.test.tsx:241:11)

    console.error
      The above error occurred in the <div> component:
      
          at div
          at div
          at div
          at div
          at children (C:\Users\alexi\Documents\projects\maicivy\frontend\components\__tests__\TimelineModal.test.tsx:8:13)
          at div
          at children (C:\Users\alexi\Documents\projects\maicivy\frontend\components\__tests__\TimelineModal.test.tsx:8:13)
          at children (C:\Users\alexi\Documents\projects\maicivy\frontend\components\__tests__\TimelineModal.test.tsx:12:23)
          at event (C:\Users\alexi\Documents\projects\maicivy\frontend\components\timeline\TimelineModal.tsx:13:56)
      
      Consider adding an error boundary to your tree to customize error handling behavior.
      Visit https://reactjs.org/link/error-boundaries to learn more about error boundaries.

    [0m [90m 239 |[39m
     [90m 240 |[39m   it([32m'should set body overflow to hidden on mount'[39m[33m,[39m () [33m=>[39m {
    [31m[1m>[22m[39m[90m 241 |[39m     render([33m<[39m[33mTimelineModal[39m event[33m=[39m{mockEvent} onClose[33m=[39m{jest[33m.[39mfn()} [33m/[39m[33m>[39m)[33m;[39m
     [90m     |[39m           [31m[1m^[22m[39m
     [90m 242 |[39m
     [90m 243 |[39m     expect(document[33m.[39mbody[33m.[39mstyle[33m.[39moverflow)[33m.[39mtoBe([32m'hidden'[39m)[33m;[39m
     [90m 244 |[39m   })[33m;[39m[0m

      at logCapturedError (node_modules/react-dom/cjs/react-dom.development.js:18704:23)
      at update.callback (node_modules/react-dom/cjs/react-dom.development.js:18737:5)
      at callCallback (node_modules/react-dom/cjs/react-dom.development.js:15036:12)
      at commitUpdateQueue (node_modules/react-dom/cjs/react-dom.development.js:15057:9)
      at commitLayoutEffectOnFiber (node_modules/react-dom/cjs/react-dom.development.js:23430:13)
      at commitLayoutMountEffects_complete (node_modules/react-dom/cjs/react-dom.development.js:24727:9)
      at commitLayoutEffects_begin (node_modules/react-dom/cjs/react-dom.development.js:24713:7)
      at commitLayoutEffects (node_modules/react-dom/cjs/react-dom.development.js:24651:3)
      at commitRootImpl (node_modules/react-dom/cjs/react-dom.development.js:26862:5)
      at commitRoot (node_modules/react-dom/cjs/react-dom.development.js:26721:5)
      at finishConcurrentRender (node_modules/react-dom/cjs/react-dom.development.js:25931:9)
      at performConcurrentWorkOnRoot (node_modules/react-dom/cjs/react-dom.development.js:25848:7)
      at flushActQueue (node_modules/react/cjs/react.development.js:2667:24)
      at act (node_modules/react/cjs/react.development.js:2582:11)
      at node_modules/@testing-library/react/dist/act-compat.js:47:25
      at renderRoot (node_modules/@testing-library/react/dist/pure.js:190:26)
      at render (node_modules/@testing-library/react/dist/pure.js:292:10)
      at Object.<anonymous> (components/__tests__/TimelineModal.test.tsx:241:11)

    console.error
      Warning: React.jsx: type is invalid -- expected a string (for built-in components) or a class/function (for composite components) but got: undefined. You likely forgot to export your component from the file it's defined in, or you might have mixed up default and named imports.
      
      Check the render method of `TimelineModal`.
          at event (C:\Users\alexi\Documents\projects\maicivy\frontend\components\timeline\TimelineModal.tsx:13:56)

    [0m [90m 151 |[39m                 [33m<[39m[33mdiv[39m className[33m=[39m[32m"flex flex-wrap gap-2"[39m[33m>[39m
     [90m 152 |[39m                   {event[33m.[39mtags[33m.[39mmap((tag) [33m=>[39m (
    [31m[1m>[22m[39m[90m 153 |[39m                     [33m<[39m[33mmotion[39m[33m.[39mspan
     [90m     |[39m                     [31m[1m^[22m[39m
     [90m 154 |[39m                       key[33m=[39m{tag}
     [90m 155 |[39m                       whileHover[33m=[39m{{ scale[33m:[39m [35m1.05[39m }}
     [90m 156 |[39m                       className[33m=[39m[32m"px-4 py-2 bg-blue-500 text-white text-sm font-medium rounded-full shadow-sm"[39m[0m

      at printWarning (node_modules/react/cjs/react-jsx-runtime.development.js:87:30)
      at error (node_modules/react/cjs/react-jsx-runtime.development.js:61:7)
      at jsxWithValidation (node_modules/react/cjs/react-jsx-runtime.development.js:1245:7)
      at jsxWithValidationDynamic (node_modules/react/cjs/react-jsx-runtime.development.js:1320:12)
      at components/timeline/TimelineModal.tsx:153:21
          at Array.map (<anonymous>)
      at map (components/timeline/TimelineModal.tsx:152:31)
      at renderWithHooks (node_modules/react-dom/cjs/react-dom.development.js:15486:18)
      at mountIndeterminateComponent (node_modules/react-dom/cjs/react-dom.development.js:20103:13)
      at beginWork (node_modules/react-dom/cjs/react-dom.development.js:21626:16)
      at beginWork$1 (node_modules/react-dom/cjs/react-dom.development.js:27465:14)
      at performUnitOfWork (node_modules/react-dom/cjs/react-dom.development.js:26599:12)
      at workLoopSync (node_modules/react-dom/cjs/react-dom.development.js:26505:5)
      at renderRootSync (node_modules/react-dom/cjs/react-dom.development.js:26473:7)
      at performConcurrentWorkOnRoot (node_modules/react-dom/cjs/react-dom.development.js:25777:74)
      at flushActQueue (node_modules/react/cjs/react.development.js:2667:24)
      at act (node_modules/react/cjs/react.development.js:2582:11)
      at node_modules/@testing-library/react/dist/act-compat.js:47:25
      at renderRoot (node_modules/@testing-library/react/dist/pure.js:190:26)
      at render (node_modules/@testing-library/react/dist/pure.js:292:10)
      at Object.<anonymous> (components/__tests__/TimelineModal.test.tsx:247:31)

    console.error
      Warning: React.jsx: type is invalid -- expected a string (for built-in components) or a class/function (for composite components) but got: undefined. You likely forgot to export your component from the file it's defined in, or you might have mixed up default and named imports.
      
      Check the render method of `TimelineModal`.
          at event (C:\Users\alexi\Documents\projects\maicivy\frontend\components\timeline\TimelineModal.tsx:13:56)

    [0m [90m 151 |[39m                 [33m<[39m[33mdiv[39m className[33m=[39m[32m"flex flex-wrap gap-2"[39m[33m>[39m
     [90m 152 |[39m                   {event[33m.[39mtags[33m.[39mmap((tag) [33m=>[39m (
    [31m[1m>[22m[39m[90m 153 |[39m                     [33m<[39m[33mmotion[39m[33m.[39mspan
     [90m     |[39m                     [31m[1m^[22m[39m
     [90m 154 |[39m                       key[33m=[39m{tag}
     [90m 155 |[39m                       whileHover[33m=[39m{{ scale[33m:[39m [35m1.05[39m }}
     [90m 156 |[39m                       className[33m=[39m[32m"px-4 py-2 bg-blue-500 text-white text-sm font-medium rounded-full shadow-sm"[39m[0m

      at printWarning (node_modules/react/cjs/react-jsx-runtime.development.js:87:30)
      at error (node_modules/react/cjs/react-jsx-runtime.development.js:61:7)
      at jsxWithValidation (node_modules/react/cjs/react-jsx-runtime.development.js:1245:7)
      at jsxWithValidationDynamic (node_modules/react/cjs/react-jsx-runtime.development.js:1320:12)
      at components/timeline/TimelineModal.tsx:153:21
          at Array.map (<anonymous>)
      at map (components/timeline/TimelineModal.tsx:152:31)
      at renderWithHooks (node_modules/react-dom/cjs/react-dom.development.js:15486:18)
      at mountIndeterminateComponent (node_modules/react-dom/cjs/react-dom.development.js:20103:13)
      at beginWork (node_modules/react-dom/cjs/react-dom.development.js:21626:16)
      at beginWork$1 (node_modules/react-dom/cjs/react-dom.development.js:27465:14)
      at performUnitOfWork (node_modules/react-dom/cjs/react-dom.development.js:26599:12)
      at workLoopSync (node_modules/react-dom/cjs/react-dom.development.js:26505:5)
      at renderRootSync (node_modules/react-dom/cjs/react-dom.development.js:26473:7)
      at performConcurrentWorkOnRoot (node_modules/react-dom/cjs/react-dom.development.js:25777:74)
      at flushActQueue (node_modules/react/cjs/react.development.js:2667:24)
      at act (node_modules/react/cjs/react.development.js:2582:11)
      at node_modules/@testing-library/react/dist/act-compat.js:47:25
      at renderRoot (node_modules/@testing-library/react/dist/pure.js:190:26)
      at render (node_modules/@testing-library/react/dist/pure.js:292:10)
      at Object.<anonymous> (components/__tests__/TimelineModal.test.tsx:247:31)

    console.error
      Warning: React.jsx: type is invalid -- expected a string (for built-in components) or a class/function (for composite components) but got: undefined. You likely forgot to export your component from the file it's defined in, or you might have mixed up default and named imports.
      
      Check the render method of `TimelineModal`.
          at event (C:\Users\alexi\Documents\projects\maicivy\frontend\components\timeline\TimelineModal.tsx:13:56)

    [0m [90m 151 |[39m                 [33m<[39m[33mdiv[39m className[33m=[39m[32m"flex flex-wrap gap-2"[39m[33m>[39m
     [90m 152 |[39m                   {event[33m.[39mtags[33m.[39mmap((tag) [33m=>[39m (
    [31m[1m>[22m[39m[90m 153 |[39m                     [33m<[39m[33mmotion[39m[33m.[39mspan
     [90m     |[39m                     [31m[1m^[22m[39m
     [90m 154 |[39m                       key[33m=[39m{tag}
     [90m 155 |[39m                       whileHover[33m=[39m{{ scale[33m:[39m [35m1.05[39m }}
     [90m 156 |[39m                       className[33m=[39m[32m"px-4 py-2 bg-blue-500 text-white text-sm font-medium rounded-full shadow-sm"[39m[0m

      at printWarning (node_modules/react/cjs/react-jsx-runtime.development.js:87:30)
      at error (node_modules/react/cjs/react-jsx-runtime.development.js:61:7)
      at jsxWithValidation (node_modules/react/cjs/react-jsx-runtime.development.js:1245:7)
      at jsxWithValidationDynamic (node_modules/react/cjs/react-jsx-runtime.development.js:1320:12)
      at components/timeline/TimelineModal.tsx:153:21
          at Array.map (<anonymous>)
      at map (components/timeline/TimelineModal.tsx:152:31)
      at renderWithHooks (node_modules/react-dom/cjs/react-dom.development.js:15486:18)
      at mountIndeterminateComponent (node_modules/react-dom/cjs/react-dom.development.js:20103:13)
      at beginWork (node_modules/react-dom/cjs/react-dom.development.js:21626:16)
      at beginWork$1 (node_modules/react-dom/cjs/react-dom.development.js:27465:14)
      at performUnitOfWork (node_modules/react-dom/cjs/react-dom.development.js:26599:12)
      at workLoopSync (node_modules/react-dom/cjs/react-dom.development.js:26505:5)
      at renderRootSync (node_modules/react-dom/cjs/react-dom.development.js:26473:7)
      at performConcurrentWorkOnRoot (node_modules/react-dom/cjs/react-dom.development.js:25777:74)
      at flushActQueue (node_modules/react/cjs/react.development.js:2667:24)
      at act (node_modules/react/cjs/react.development.js:2582:11)
      at node_modules/@testing-library/react/dist/act-compat.js:47:25
      at renderRoot (node_modules/@testing-library/react/dist/pure.js:190:26)
      at render (node_modules/@testing-library/react/dist/pure.js:292:10)
      at Object.<anonymous> (components/__tests__/TimelineModal.test.tsx:247:31)

    console.error
      Warning: React.jsx: type is invalid -- expected a string (for built-in components) or a class/function (for composite components) but got: undefined. You likely forgot to export your component from the file it's defined in, or you might have mixed up default and named imports.
      
      Check the render method of `TimelineModal`.
          at event (C:\Users\alexi\Documents\projects\maicivy\frontend\components\timeline\TimelineModal.tsx:13:56)

    [0m [90m 151 |[39m                 [33m<[39m[33mdiv[39m className[33m=[39m[32m"flex flex-wrap gap-2"[39m[33m>[39m
     [90m 152 |[39m                   {event[33m.[39mtags[33m.[39mmap((tag) [33m=>[39m (
    [31m[1m>[22m[39m[90m 153 |[39m                     [33m<[39m[33mmotion[39m[33m.[39mspan
     [90m     |[39m                     [31m[1m^[22m[39m
     [90m 154 |[39m                       key[33m=[39m{tag}
     [90m 155 |[39m                       whileHover[33m=[39m{{ scale[33m:[39m [35m1.05[39m }}
     [90m 156 |[39m                       className[33m=[39m[32m"px-4 py-2 bg-blue-500 text-white text-sm font-medium rounded-full shadow-sm"[39m[0m

      at printWarning (node_modules/react/cjs/react-jsx-runtime.development.js:87:30)
      at error (node_modules/react/cjs/react-jsx-runtime.development.js:61:7)
      at jsxWithValidation (node_modules/react/cjs/react-jsx-runtime.development.js:1245:7)
      at jsxWithValidationDynamic (node_modules/react/cjs/react-jsx-runtime.development.js:1320:12)
      at components/timeline/TimelineModal.tsx:153:21
          at Array.map (<anonymous>)
      at map (components/timeline/TimelineModal.tsx:152:31)
      at renderWithHooks (node_modules/react-dom/cjs/react-dom.development.js:15486:18)
      at mountIndeterminateComponent (node_modules/react-dom/cjs/react-dom.development.js:20103:13)
      at beginWork (node_modules/react-dom/cjs/react-dom.development.js:21626:16)
      at beginWork$1 (node_modules/react-dom/cjs/react-dom.development.js:27465:14)
      at performUnitOfWork (node_modules/react-dom/cjs/react-dom.development.js:26599:12)
      at workLoopSync (node_modules/react-dom/cjs/react-dom.development.js:26505:5)
      at renderRootSync (node_modules/react-dom/cjs/react-dom.development.js:26473:7)
      at performConcurrentWorkOnRoot (node_modules/react-dom/cjs/react-dom.development.js:25777:74)
      at flushActQueue (node_modules/react/cjs/react.development.js:2667:24)
      at act (node_modules/react/cjs/react.development.js:2582:11)
      at node_modules/@testing-library/react/dist/act-compat.js:47:25
      at renderRoot (node_modules/@testing-library/react/dist/pure.js:190:26)
      at render (node_modules/@testing-library/react/dist/pure.js:292:10)
      at Object.<anonymous> (components/__tests__/TimelineModal.test.tsx:247:31)

    console.error
      Warning: React.jsx: type is invalid -- expected a string (for built-in components) or a class/function (for composite components) but got: undefined. You likely forgot to export your component from the file it's defined in, or you might have mixed up default and named imports.
      
      Check the render method of `TimelineModal`.
          at event (C:\Users\alexi\Documents\projects\maicivy\frontend\components\timeline\TimelineModal.tsx:13:56)

    [0m [90m 151 |[39m                 [33m<[39m[33mdiv[39m className[33m=[39m[32m"flex flex-wrap gap-2"[39m[33m>[39m
     [90m 152 |[39m                   {event[33m.[39mtags[33m.[39mmap((tag) [33m=>[39m (
    [31m[1m>[22m[39m[90m 153 |[39m                     [33m<[39m[33mmotion[39m[33m.[39mspan
     [90m     |[39m                     [31m[1m^[22m[39m
     [90m 154 |[39m                       key[33m=[39m{tag}
     [90m 155 |[39m                       whileHover[33m=[39m{{ scale[33m:[39m [35m1.05[39m }}
     [90m 156 |[39m                       className[33m=[39m[32m"px-4 py-2 bg-blue-500 text-white text-sm font-medium rounded-full shadow-sm"[39m[0m

      at printWarning (node_modules/react/cjs/react-jsx-runtime.development.js:87:30)
      at error (node_modules/react/cjs/react-jsx-runtime.development.js:61:7)
      at jsxWithValidation (node_modules/react/cjs/react-jsx-runtime.development.js:1245:7)
      at jsxWithValidationDynamic (node_modules/react/cjs/react-jsx-runtime.development.js:1320:12)
      at components/timeline/TimelineModal.tsx:153:21
          at Array.map (<anonymous>)
      at map (components/timeline/TimelineModal.tsx:152:31)
      at renderWithHooks (node_modules/react-dom/cjs/react-dom.development.js:15486:18)
      at mountIndeterminateComponent (node_modules/react-dom/cjs/react-dom.development.js:20103:13)
      at beginWork (node_modules/react-dom/cjs/react-dom.development.js:21626:16)
      at beginWork$1 (node_modules/react-dom/cjs/react-dom.development.js:27465:14)
      at performUnitOfWork (node_modules/react-dom/cjs/react-dom.development.js:26599:12)
      at workLoopSync (node_modules/react-dom/cjs/react-dom.development.js:26505:5)
      at renderRootSync (node_modules/react-dom/cjs/react-dom.development.js:26473:7)
      at performConcurrentWorkOnRoot (node_modules/react-dom/cjs/react-dom.development.js:25777:74)
      at flushActQueue (node_modules/react/cjs/react.development.js:2667:24)
      at act (node_modules/react/cjs/react.development.js:2582:11)
      at node_modules/@testing-library/react/dist/act-compat.js:47:25
      at renderRoot (node_modules/@testing-library/react/dist/pure.js:190:26)
      at render (node_modules/@testing-library/react/dist/pure.js:292:10)
      at Object.<anonymous> (components/__tests__/TimelineModal.test.tsx:247:31)

    console.error
      Error: Uncaught [Error: Element type is invalid: expected a string (for built-in components) or a class/function (for composite components) but got: undefined. You likely forgot to export your component from the file it's defined in, or you might have mixed up default and named imports.
      
      Check the render method of `TimelineModal`.]
          at reportException (C:\Users\alexi\Documents\projects\maicivy\frontend\node_modules\jsdom\lib\jsdom\living\helpers\runtime-script-errors.js:66:24)
          at innerInvokeEventListeners (C:\Users\alexi\Documents\projects\maicivy\frontend\node_modules\jsdom\lib\jsdom\living\events\EventTarget-impl.js:353:9)
          at invokeEventListeners (C:\Users\alexi\Documents\projects\maicivy\frontend\node_modules\jsdom\lib\jsdom\living\events\EventTarget-impl.js:286:3)
          at HTMLUnknownElementImpl._dispatch (C:\Users\alexi\Documents\projects\maicivy\frontend\node_modules\jsdom\lib\jsdom\living\events\EventTarget-impl.js:233:9)
          at HTMLUnknownElementImpl.dispatchEvent (C:\Users\alexi\Documents\projects\maicivy\frontend\node_modules\jsdom\lib\jsdom\living\events\EventTarget-impl.js:104:17)
          at HTMLUnknownElement.dispatchEvent (C:\Users\alexi\Documents\projects\maicivy\frontend\node_modules\jsdom\lib\jsdom\living\generated\EventTarget.js:241:34)
          at Object.invokeGuardedCallbackDev (C:\Users\alexi\Documents\projects\maicivy\frontend\node_modules\react-dom\cjs\react-dom.development.js:4213:16)
          at invokeGuardedCallback (C:\Users\alexi\Documents\projects\maicivy\frontend\node_modules\react-dom\cjs\react-dom.development.js:4277:31)
          at beginWork$1 (C:\Users\alexi\Documents\projects\maicivy\frontend\node_modules\react-dom\cjs\react-dom.development.js:27490:7)
          at performUnitOfWork (C:\Users\alexi\Documents\projects\maicivy\frontend\node_modules\react-dom\cjs\react-dom.development.js:26599:12)
          at workLoopSync (C:\Users\alexi\Documents\projects\maicivy\frontend\node_modules\react-dom\cjs\react-dom.development.js:26505:5)
          at renderRootSync (C:\Users\alexi\Documents\projects\maicivy\frontend\node_modules\react-dom\cjs\react-dom.development.js:26473:7)
          at performConcurrentWorkOnRoot (C:\Users\alexi\Documents\projects\maicivy\frontend\node_modules\react-dom\cjs\react-dom.development.js:25777:74)
          at flushActQueue (C:\Users\alexi\Documents\projects\maicivy\frontend\node_modules\react\cjs\react.development.js:2667:24)
          at act (C:\Users\alexi\Documents\projects\maicivy\frontend\node_modules\react\cjs\react.development.js:2582:11)
          at C:\Users\alexi\Documents\projects\maicivy\frontend\node_modules\@testing-library\react\dist\act-compat.js:47:25
          at renderRoot (C:\Users\alexi\Documents\projects\maicivy\frontend\node_modules\@testing-library\react\dist\pure.js:190:26)
          at render (C:\Users\alexi\Documents\projects\maicivy\frontend\node_modules\@testing-library\react\dist\pure.js:292:10)
          at Object.<anonymous> (C:\Users\alexi\Documents\projects\maicivy\frontend\components\__tests__\TimelineModal.test.tsx:247:31)
          at Promise.finally.completed (C:\Users\alexi\Documents\projects\maicivy\frontend\node_modules\jest-circus\build\jestAdapterInit.js:1557:28)
          at new Promise (<anonymous>)
          at callAsyncCircusFn (C:\Users\alexi\Documents\projects\maicivy\frontend\node_modules\jest-circus\build\jestAdapterInit.js:1497:10)
          at _callCircusTest (C:\Users\alexi\Documents\projects\maicivy\frontend\node_modules\jest-circus\build\jestAdapterInit.js:1007:40)
          at processTicksAndRejections (node:internal/process/task_queues:103:5)
          at _runTest (C:\Users\alexi\Documents\projects\maicivy\frontend\node_modules\jest-circus\build\jestAdapterInit.js:947:3)
          at C:\Users\alexi\Documents\projects\maicivy\frontend\node_modules\jest-circus\build\jestAdapterInit.js:849:7
          at _runTestsForDescribeBlock (C:\Users\alexi\Documents\projects\maicivy\frontend\node_modules\jest-circus\build\jestAdapterInit.js:862:11)
          at _runTestsForDescribeBlock (C:\Users\alexi\Documents\projects\maicivy\frontend\node_modules\jest-circus\build\jestAdapterInit.js:857:11)
          at run (C:\Users\alexi\Documents\projects\maicivy\frontend\node_modules\jest-circus\build\jestAdapterInit.js:761:3)
          at runAndTransformResultsToJestFormat (C:\Users\alexi\Documents\projects\maicivy\frontend\node_modules\jest-circus\build\jestAdapterInit.js:1918:21)
          at jestAdapter (C:\Users\alexi\Documents\projects\maicivy\frontend\node_modules\jest-circus\build\runner.js:101:19)
          at runTestInternal (C:\Users\alexi\Documents\projects\maicivy\frontend\node_modules\jest-runner\build\testWorker.js:275:16)
          at runTest (C:\Users\alexi\Documents\projects\maicivy\frontend\node_modules\jest-runner\build\testWorker.js:343:7)
          at Object.worker (C:\Users\alexi\Documents\projects\maicivy\frontend\node_modules\jest-runner\build\testWorker.js:497:12) {
        detail: Error: Element type is invalid: expected a string (for built-in components) or a class/function (for composite components) but got: undefined. You likely forgot to export your component from the file it's defined in, or you might have mixed up default and named imports.
        
        Check the render method of `TimelineModal`.
            at createFiberFromTypeAndProps (C:\Users\alexi\Documents\projects\maicivy\frontend\node_modules\react-dom\cjs\react-dom.development.js:28478:17)
            at createFiberFromElement (C:\Users\alexi\Documents\projects\maicivy\frontend\node_modules\react-dom\cjs\react-dom.development.js:28504:15)
            at createChild (C:\Users\alexi\Documents\projects\maicivy\frontend\node_modules\react-dom\cjs\react-dom.development.js:13345:28)
            at reconcileChildrenArray (C:\Users\alexi\Documents\projects\maicivy\frontend\node_modules\react-dom\cjs\react-dom.development.js:13640:25)
            at reconcileChildFibers (C:\Users\alexi\Documents\projects\maicivy\frontend\node_modules\react-dom\cjs\react-dom.development.js:14057:16)
            at reconcileChildren (C:\Users\alexi\Documents\projects\maicivy\frontend\node_modules\react-dom\cjs\react-dom.development.js:19186:28)
            at updateHostComponent (C:\Users\alexi\Documents\projects\maicivy\frontend\node_modules\react-dom\cjs\react-dom.development.js:19953:3)
            at beginWork (C:\Users\alexi\Documents\projects\maicivy\frontend\node_modules\react-dom\cjs\react-dom.development.js:21657:14)
            at HTMLUnknownElement.callCallback (C:\Users\alexi\Documents\projects\maicivy\frontend\node_modules\react-dom\cjs\react-dom.development.js:4164:14)
            at HTMLUnknownElement.callTheUserObjectsOperation (C:\Users\alexi\Documents\projects\maicivy\frontend\node_modules\jsdom\lib\jsdom\living\generated\EventListener.js:26:30)
            at innerInvokeEventListeners (C:\Users\alexi\Documents\projects\maicivy\frontend\node_modules\jsdom\lib\jsdom\living\events\EventTarget-impl.js:350:25)
            at invokeEventListeners (C:\Users\alexi\Documents\projects\maicivy\frontend\node_modules\jsdom\lib\jsdom\living\events\EventTarget-impl.js:286:3)
            at HTMLUnknownElementImpl._dispatch (C:\Users\alexi\Documents\projects\maicivy\frontend\node_modules\jsdom\lib\jsdom\living\events\EventTarget-impl.js:233:9)
            at HTMLUnknownElementImpl.dispatchEvent (C:\Users\alexi\Documents\projects\maicivy\frontend\node_modules\jsdom\lib\jsdom\living\events\EventTarget-impl.js:104:17)
            at HTMLUnknownElement.dispatchEvent (C:\Users\alexi\Documents\projects\maicivy\frontend\node_modules\jsdom\lib\jsdom\living\generated\EventTarget.js:241:34)
            at Object.invokeGuardedCallbackDev (C:\Users\alexi\Documents\projects\maicivy\frontend\node_modules\react-dom\cjs\react-dom.development.js:4213:16)
            at invokeGuardedCallback (C:\Users\alexi\Documents\projects\maicivy\frontend\node_modules\react-dom\cjs\react-dom.development.js:4277:31)
            at beginWork$1 (C:\Users\alexi\Documents\projects\maicivy\frontend\node_modules\react-dom\cjs\react-dom.development.js:27490:7)
            at performUnitOfWork (C:\Users\alexi\Documents\projects\maicivy\frontend\node_modules\react-dom\cjs\react-dom.development.js:26599:12)
            at workLoopSync (C:\Users\alexi\Documents\projects\maicivy\frontend\node_modules\react-dom\cjs\react-dom.development.js:26505:5)
            at renderRootSync (C:\Users\alexi\Documents\projects\maicivy\frontend\node_modules\react-dom\cjs\react-dom.development.js:26473:7)
            at performConcurrentWorkOnRoot (C:\Users\alexi\Documents\projects\maicivy\frontend\node_modules\react-dom\cjs\react-dom.development.js:25777:74)
            at flushActQueue (C:\Users\alexi\Documents\projects\maicivy\frontend\node_modules\react\cjs\react.development.js:2667:24)
            at act (C:\Users\alexi\Documents\projects\maicivy\frontend\node_modules\react\cjs\react.development.js:2582:11)
            at C:\Users\alexi\Documents\projects\maicivy\frontend\node_modules\@testing-library\react\dist\act-compat.js:47:25
            at renderRoot (C:\Users\alexi\Documents\projects\maicivy\frontend\node_modules\@testing-library\react\dist\pure.js:190:26)
            at render (C:\Users\alexi\Documents\projects\maicivy\frontend\node_modules\@testing-library\react\dist\pure.js:292:10)
            at Object.<anonymous> (C:\Users\alexi\Documents\projects\maicivy\frontend\components\__tests__\TimelineModal.test.tsx:247:31)
            at Promise.finally.completed (C:\Users\alexi\Documents\projects\maicivy\frontend\node_modules\jest-circus\build\jestAdapterInit.js:1557:28)
            at new Promise (<anonymous>)
            at callAsyncCircusFn (C:\Users\alexi\Documents\projects\maicivy\frontend\node_modules\jest-circus\build\jestAdapterInit.js:1497:10)
            at _callCircusTest (C:\Users\alexi\Documents\projects\maicivy\frontend\node_modules\jest-circus\build\jestAdapterInit.js:1007:40)
            at processTicksAndRejections (node:internal/process/task_queues:103:5)
            at _runTest (C:\Users\alexi\Documents\projects\maicivy\frontend\node_modules\jest-circus\build\jestAdapterInit.js:947:3)
            at C:\Users\alexi\Documents\projects\maicivy\frontend\node_modules\jest-circus\build\jestAdapterInit.js:849:7
            at _runTestsForDescribeBlock (C:\Users\alexi\Documents\projects\maicivy\frontend\node_modules\jest-circus\build\jestAdapterInit.js:862:11)
            at _runTestsForDescribeBlock (C:\Users\alexi\Documents\projects\maicivy\frontend\node_modules\jest-circus\build\jestAdapterInit.js:857:11)
            at run (C:\Users\alexi\Documents\projects\maicivy\frontend\node_modules\jest-circus\build\jestAdapterInit.js:761:3)
            at runAndTransformResultsToJestFormat (C:\Users\alexi\Documents\projects\maicivy\frontend\node_modules\jest-circus\build\jestAdapterInit.js:1918:21)
            at jestAdapter (C:\Users\alexi\Documents\projects\maicivy\frontend\node_modules\jest-circus\build\runner.js:101:19)
            at runTestInternal (C:\Users\alexi\Documents\projects\maicivy\frontend\node_modules\jest-runner\build\testWorker.js:275:16)
            at runTest (C:\Users\alexi\Documents\projects\maicivy\frontend\node_modules\jest-runner\build\testWorker.js:343:7)
            at Object.worker (C:\Users\alexi\Documents\projects\maicivy\frontend\node_modules\jest-runner\build\testWorker.js:497:12),
        type: 'unhandled exception'
      }

    [0m [90m 245 |[39m
     [90m 246 |[39m   it([32m'should restore body overflow on unmount'[39m[33m,[39m () [33m=>[39m {
    [31m[1m>[22m[39m[90m 247 |[39m     [36mconst[39m { unmount } [33m=[39m render([33m<[39m[33mTimelineModal[39m event[33m=[39m{mockEvent} onClose[33m=[39m{jest[33m.[39mfn()} [33m/[39m[33m>[39m)[33m;[39m
     [90m     |[39m                               [31m[1m^[22m[39m
     [90m 248 |[39m
     [90m 249 |[39m     unmount()[33m;[39m
     [90m 250 |[39m[0m

      at VirtualConsole.<anonymous> (node_modules/@jest/environment-jsdom-abstract/build/index.js:87:23)
      at reportException (node_modules/jsdom/lib/jsdom/living/helpers/runtime-script-errors.js:70:28)
      at innerInvokeEventListeners (node_modules/jsdom/lib/jsdom/living/events/EventTarget-impl.js:353:9)
      at invokeEventListeners (node_modules/jsdom/lib/jsdom/living/events/EventTarget-impl.js:286:3)
      at HTMLUnknownElementImpl._dispatch (node_modules/jsdom/lib/jsdom/living/events/EventTarget-impl.js:233:9)
      at HTMLUnknownElementImpl.dispatchEvent (node_modules/jsdom/lib/jsdom/living/events/EventTarget-impl.js:104:17)
      at HTMLUnknownElement.dispatchEvent (node_modules/jsdom/lib/jsdom/living/generated/EventTarget.js:241:34)
      at Object.invokeGuardedCallbackDev (node_modules/react-dom/cjs/react-dom.development.js:4213:16)
      at invokeGuardedCallback (node_modules/react-dom/cjs/react-dom.development.js:4277:31)
      at beginWork$1 (node_modules/react-dom/cjs/react-dom.development.js:27490:7)
      at performUnitOfWork (node_modules/react-dom/cjs/react-dom.development.js:26599:12)
      at workLoopSync (node_modules/react-dom/cjs/react-dom.development.js:26505:5)
      at renderRootSync (node_modules/react-dom/cjs/react-dom.development.js:26473:7)
      at performConcurrentWorkOnRoot (node_modules/react-dom/cjs/react-dom.development.js:25777:74)
      at flushActQueue (node_modules/react/cjs/react.development.js:2667:24)
      at act (node_modules/react/cjs/react.development.js:2582:11)
      at node_modules/@testing-library/react/dist/act-compat.js:47:25
      at renderRoot (node_modules/@testing-library/react/dist/pure.js:190:26)
      at render (node_modules/@testing-library/react/dist/pure.js:292:10)
      at Object.<anonymous> (components/__tests__/TimelineModal.test.tsx:247:31)

    console.error
      Warning: React.jsx: type is invalid -- expected a string (for built-in components) or a class/function (for composite components) but got: undefined. You likely forgot to export your component from the file it's defined in, or you might have mixed up default and named imports.
      
      Check the render method of `TimelineModal`.
          at event (C:\Users\alexi\Documents\projects\maicivy\frontend\components\timeline\TimelineModal.tsx:13:56)

    [0m [90m 151 |[39m                 [33m<[39m[33mdiv[39m className[33m=[39m[32m"flex flex-wrap gap-2"[39m[33m>[39m
     [90m 152 |[39m                   {event[33m.[39mtags[33m.[39mmap((tag) [33m=>[39m (
    [31m[1m>[22m[39m[90m 153 |[39m                     [33m<[39m[33mmotion[39m[33m.[39mspan
     [90m     |[39m                     [31m[1m^[22m[39m
     [90m 154 |[39m                       key[33m=[39m{tag}
     [90m 155 |[39m                       whileHover[33m=[39m{{ scale[33m:[39m [35m1.05[39m }}
     [90m 156 |[39m                       className[33m=[39m[32m"px-4 py-2 bg-blue-500 text-white text-sm font-medium rounded-full shadow-sm"[39m[0m

      at printWarning (node_modules/react/cjs/react-jsx-runtime.development.js:87:30)
      at error (node_modules/react/cjs/react-jsx-runtime.development.js:61:7)
      at jsxWithValidation (node_modules/react/cjs/react-jsx-runtime.development.js:1245:7)
      at jsxWithValidationDynamic (node_modules/react/cjs/react-jsx-runtime.development.js:1320:12)
      at components/timeline/TimelineModal.tsx:153:21
          at Array.map (<anonymous>)
      at map (components/timeline/TimelineModal.tsx:152:31)
      at renderWithHooks (node_modules/react-dom/cjs/react-dom.development.js:15486:18)
      at mountIndeterminateComponent (node_modules/react-dom/cjs/react-dom.development.js:20103:13)
      at beginWork (node_modules/react-dom/cjs/react-dom.development.js:21626:16)
      at beginWork$1 (node_modules/react-dom/cjs/react-dom.development.js:27465:14)
      at performUnitOfWork (node_modules/react-dom/cjs/react-dom.development.js:26599:12)
      at workLoopSync (node_modules/react-dom/cjs/react-dom.development.js:26505:5)
      at renderRootSync (node_modules/react-dom/cjs/react-dom.development.js:26473:7)
      at recoverFromConcurrentError (node_modules/react-dom/cjs/react-dom.development.js:25889:20)
      at performConcurrentWorkOnRoot (node_modules/react-dom/cjs/react-dom.development.js:25789:22)
      at flushActQueue (node_modules/react/cjs/react.development.js:2667:24)
      at act (node_modules/react/cjs/react.development.js:2582:11)
      at node_modules/@testing-library/react/dist/act-compat.js:47:25
      at renderRoot (node_modules/@testing-library/react/dist/pure.js:190:26)
      at render (node_modules/@testing-library/react/dist/pure.js:292:10)
      at Object.<anonymous> (components/__tests__/TimelineModal.test.tsx:247:31)

    console.error
      Warning: React.jsx: type is invalid -- expected a string (for built-in components) or a class/function (for composite components) but got: undefined. You likely forgot to export your component from the file it's defined in, or you might have mixed up default and named imports.
      
      Check the render method of `TimelineModal`.
          at event (C:\Users\alexi\Documents\projects\maicivy\frontend\components\timeline\TimelineModal.tsx:13:56)

    [0m [90m 151 |[39m                 [33m<[39m[33mdiv[39m className[33m=[39m[32m"flex flex-wrap gap-2"[39m[33m>[39m
     [90m 152 |[39m                   {event[33m.[39mtags[33m.[39mmap((tag) [33m=>[39m (
    [31m[1m>[22m[39m[90m 153 |[39m                     [33m<[39m[33mmotion[39m[33m.[39mspan
     [90m     |[39m                     [31m[1m^[22m[39m
     [90m 154 |[39m                       key[33m=[39m{tag}
     [90m 155 |[39m                       whileHover[33m=[39m{{ scale[33m:[39m [35m1.05[39m }}
     [90m 156 |[39m                       className[33m=[39m[32m"px-4 py-2 bg-blue-500 text-white text-sm font-medium rounded-full shadow-sm"[39m[0m

      at printWarning (node_modules/react/cjs/react-jsx-runtime.development.js:87:30)
      at error (node_modules/react/cjs/react-jsx-runtime.development.js:61:7)
      at jsxWithValidation (node_modules/react/cjs/react-jsx-runtime.development.js:1245:7)
      at jsxWithValidationDynamic (node_modules/react/cjs/react-jsx-runtime.development.js:1320:12)
      at components/timeline/TimelineModal.tsx:153:21
          at Array.map (<anonymous>)
      at map (components/timeline/TimelineModal.tsx:152:31)
      at renderWithHooks (node_modules/react-dom/cjs/react-dom.development.js:15486:18)
      at mountIndeterminateComponent (node_modules/react-dom/cjs/react-dom.development.js:20103:13)
      at beginWork (node_modules/react-dom/cjs/react-dom.development.js:21626:16)
      at beginWork$1 (node_modules/react-dom/cjs/react-dom.development.js:27465:14)
      at performUnitOfWork (node_modules/react-dom/cjs/react-dom.development.js:26599:12)
      at workLoopSync (node_modules/react-dom/cjs/react-dom.development.js:26505:5)
      at renderRootSync (node_modules/react-dom/cjs/react-dom.development.js:26473:7)
      at recoverFromConcurrentError (node_modules/react-dom/cjs/react-dom.development.js:25889:20)
      at performConcurrentWorkOnRoot (node_modules/react-dom/cjs/react-dom.development.js:25789:22)
      at flushActQueue (node_modules/react/cjs/react.development.js:2667:24)
      at act (node_modules/react/cjs/react.development.js:2582:11)
      at node_modules/@testing-library/react/dist/act-compat.js:47:25
      at renderRoot (node_modules/@testing-library/react/dist/pure.js:190:26)
      at render (node_modules/@testing-library/react/dist/pure.js:292:10)
      at Object.<anonymous> (components/__tests__/TimelineModal.test.tsx:247:31)

    console.error
      Warning: React.jsx: type is invalid -- expected a string (for built-in components) or a class/function (for composite components) but got: undefined. You likely forgot to export your component from the file it's defined in, or you might have mixed up default and named imports.
      
      Check the render method of `TimelineModal`.
          at event (C:\Users\alexi\Documents\projects\maicivy\frontend\components\timeline\TimelineModal.tsx:13:56)

    [0m [90m 151 |[39m                 [33m<[39m[33mdiv[39m className[33m=[39m[32m"flex flex-wrap gap-2"[39m[33m>[39m
     [90m 152 |[39m                   {event[33m.[39mtags[33m.[39mmap((tag) [33m=>[39m (
    [31m[1m>[22m[39m[90m 153 |[39m                     [33m<[39m[33mmotion[39m[33m.[39mspan
     [90m     |[39m                     [31m[1m^[22m[39m
     [90m 154 |[39m                       key[33m=[39m{tag}
     [90m 155 |[39m                       whileHover[33m=[39m{{ scale[33m:[39m [35m1.05[39m }}
     [90m 156 |[39m                       className[33m=[39m[32m"px-4 py-2 bg-blue-500 text-white text-sm font-medium rounded-full shadow-sm"[39m[0m

      at printWarning (node_modules/react/cjs/react-jsx-runtime.development.js:87:30)
      at error (node_modules/react/cjs/react-jsx-runtime.development.js:61:7)
      at jsxWithValidation (node_modules/react/cjs/react-jsx-runtime.development.js:1245:7)
      at jsxWithValidationDynamic (node_modules/react/cjs/react-jsx-runtime.development.js:1320:12)
      at components/timeline/TimelineModal.tsx:153:21
          at Array.map (<anonymous>)
      at map (components/timeline/TimelineModal.tsx:152:31)
      at renderWithHooks (node_modules/react-dom/cjs/react-dom.development.js:15486:18)
      at mountIndeterminateComponent (node_modules/react-dom/cjs/react-dom.development.js:20103:13)
      at beginWork (node_modules/react-dom/cjs/react-dom.development.js:21626:16)
      at beginWork$1 (node_modules/react-dom/cjs/react-dom.development.js:27465:14)
      at performUnitOfWork (node_modules/react-dom/cjs/react-dom.development.js:26599:12)
      at workLoopSync (node_modules/react-dom/cjs/react-dom.development.js:26505:5)
      at renderRootSync (node_modules/react-dom/cjs/react-dom.development.js:26473:7)
      at recoverFromConcurrentError (node_modules/react-dom/cjs/react-dom.development.js:25889:20)
      at performConcurrentWorkOnRoot (node_modules/react-dom/cjs/react-dom.development.js:25789:22)
      at flushActQueue (node_modules/react/cjs/react.development.js:2667:24)
      at act (node_modules/react/cjs/react.development.js:2582:11)
      at node_modules/@testing-library/react/dist/act-compat.js:47:25
      at renderRoot (node_modules/@testing-library/react/dist/pure.js:190:26)
      at render (node_modules/@testing-library/react/dist/pure.js:292:10)
      at Object.<anonymous> (components/__tests__/TimelineModal.test.tsx:247:31)

    console.error
      Warning: React.jsx: type is invalid -- expected a string (for built-in components) or a class/function (for composite components) but got: undefined. You likely forgot to export your component from the file it's defined in, or you might have mixed up default and named imports.
      
      Check the render method of `TimelineModal`.
          at event (C:\Users\alexi\Documents\projects\maicivy\frontend\components\timeline\TimelineModal.tsx:13:56)

    [0m [90m 151 |[39m                 [33m<[39m[33mdiv[39m className[33m=[39m[32m"flex flex-wrap gap-2"[39m[33m>[39m
     [90m 152 |[39m                   {event[33m.[39mtags[33m.[39mmap((tag) [33m=>[39m (
    [31m[1m>[22m[39m[90m 153 |[39m                     [33m<[39m[33mmotion[39m[33m.[39mspan
     [90m     |[39m                     [31m[1m^[22m[39m
     [90m 154 |[39m                       key[33m=[39m{tag}
     [90m 155 |[39m                       whileHover[33m=[39m{{ scale[33m:[39m [35m1.05[39m }}
     [90m 156 |[39m                       className[33m=[39m[32m"px-4 py-2 bg-blue-500 text-white text-sm font-medium rounded-full shadow-sm"[39m[0m

      at printWarning (node_modules/react/cjs/react-jsx-runtime.development.js:87:30)
      at error (node_modules/react/cjs/react-jsx-runtime.development.js:61:7)
      at jsxWithValidation (node_modules/react/cjs/react-jsx-runtime.development.js:1245:7)
      at jsxWithValidationDynamic (node_modules/react/cjs/react-jsx-runtime.development.js:1320:12)
      at components/timeline/TimelineModal.tsx:153:21
          at Array.map (<anonymous>)
      at map (components/timeline/TimelineModal.tsx:152:31)
      at renderWithHooks (node_modules/react-dom/cjs/react-dom.development.js:15486:18)
      at mountIndeterminateComponent (node_modules/react-dom/cjs/react-dom.development.js:20103:13)
      at beginWork (node_modules/react-dom/cjs/react-dom.development.js:21626:16)
      at beginWork$1 (node_modules/react-dom/cjs/react-dom.development.js:27465:14)
      at performUnitOfWork (node_modules/react-dom/cjs/react-dom.development.js:26599:12)
      at workLoopSync (node_modules/react-dom/cjs/react-dom.development.js:26505:5)
      at renderRootSync (node_modules/react-dom/cjs/react-dom.development.js:26473:7)
      at recoverFromConcurrentError (node_modules/react-dom/cjs/react-dom.development.js:25889:20)
      at performConcurrentWorkOnRoot (node_modules/react-dom/cjs/react-dom.development.js:25789:22)
      at flushActQueue (node_modules/react/cjs/react.development.js:2667:24)
      at act (node_modules/react/cjs/react.development.js:2582:11)
      at node_modules/@testing-library/react/dist/act-compat.js:47:25
      at renderRoot (node_modules/@testing-library/react/dist/pure.js:190:26)
      at render (node_modules/@testing-library/react/dist/pure.js:292:10)
      at Object.<anonymous> (components/__tests__/TimelineModal.test.tsx:247:31)

    console.error
      Warning: React.jsx: type is invalid -- expected a string (for built-in components) or a class/function (for composite components) but got: undefined. You likely forgot to export your component from the file it's defined in, or you might have mixed up default and named imports.
      
      Check the render method of `TimelineModal`.
          at event (C:\Users\alexi\Documents\projects\maicivy\frontend\components\timeline\TimelineModal.tsx:13:56)

    [0m [90m 151 |[39m                 [33m<[39m[33mdiv[39m className[33m=[39m[32m"flex flex-wrap gap-2"[39m[33m>[39m
     [90m 152 |[39m                   {event[33m.[39mtags[33m.[39mmap((tag) [33m=>[39m (
    [31m[1m>[22m[39m[90m 153 |[39m                     [33m<[39m[33mmotion[39m[33m.[39mspan
     [90m     |[39m                     [31m[1m^[22m[39m
     [90m 154 |[39m                       key[33m=[39m{tag}
     [90m 155 |[39m                       whileHover[33m=[39m{{ scale[33m:[39m [35m1.05[39m }}
     [90m 156 |[39m                       className[33m=[39m[32m"px-4 py-2 bg-blue-500 text-white text-sm font-medium rounded-full shadow-sm"[39m[0m

      at printWarning (node_modules/react/cjs/react-jsx-runtime.development.js:87:30)
      at error (node_modules/react/cjs/react-jsx-runtime.development.js:61:7)
      at jsxWithValidation (node_modules/react/cjs/react-jsx-runtime.development.js:1245:7)
      at jsxWithValidationDynamic (node_modules/react/cjs/react-jsx-runtime.development.js:1320:12)
      at components/timeline/TimelineModal.tsx:153:21
          at Array.map (<anonymous>)
      at map (components/timeline/TimelineModal.tsx:152:31)
      at renderWithHooks (node_modules/react-dom/cjs/react-dom.development.js:15486:18)
      at mountIndeterminateComponent (node_modules/react-dom/cjs/react-dom.development.js:20103:13)
      at beginWork (node_modules/react-dom/cjs/react-dom.development.js:21626:16)
      at beginWork$1 (node_modules/react-dom/cjs/react-dom.development.js:27465:14)
      at performUnitOfWork (node_modules/react-dom/cjs/react-dom.development.js:26599:12)
      at workLoopSync (node_modules/react-dom/cjs/react-dom.development.js:26505:5)
      at renderRootSync (node_modules/react-dom/cjs/react-dom.development.js:26473:7)
      at recoverFromConcurrentError (node_modules/react-dom/cjs/react-dom.development.js:25889:20)
      at performConcurrentWorkOnRoot (node_modules/react-dom/cjs/react-dom.development.js:25789:22)
      at flushActQueue (node_modules/react/cjs/react.development.js:2667:24)
      at act (node_modules/react/cjs/react.development.js:2582:11)
      at node_modules/@testing-library/react/dist/act-compat.js:47:25
      at renderRoot (node_modules/@testing-library/react/dist/pure.js:190:26)
      at render (node_modules/@testing-library/react/dist/pure.js:292:10)
      at Object.<anonymous> (components/__tests__/TimelineModal.test.tsx:247:31)

    console.error
      Error: Uncaught [Error: Element type is invalid: expected a string (for built-in components) or a class/function (for composite components) but got: undefined. You likely forgot to export your component from the file it's defined in, or you might have mixed up default and named imports.
      
      Check the render method of `TimelineModal`.]
          at reportException (C:\Users\alexi\Documents\projects\maicivy\frontend\node_modules\jsdom\lib\jsdom\living\helpers\runtime-script-errors.js:66:24)
          at innerInvokeEventListeners (C:\Users\alexi\Documents\projects\maicivy\frontend\node_modules\jsdom\lib\jsdom\living\events\EventTarget-impl.js:353:9)
          at invokeEventListeners (C:\Users\alexi\Documents\projects\maicivy\frontend\node_modules\jsdom\lib\jsdom\living\events\EventTarget-impl.js:286:3)
          at HTMLUnknownElementImpl._dispatch (C:\Users\alexi\Documents\projects\maicivy\frontend\node_modules\jsdom\lib\jsdom\living\events\EventTarget-impl.js:233:9)
          at HTMLUnknownElementImpl.dispatchEvent (C:\Users\alexi\Documents\projects\maicivy\frontend\node_modules\jsdom\lib\jsdom\living\events\EventTarget-impl.js:104:17)
          at HTMLUnknownElement.dispatchEvent (C:\Users\alexi\Documents\projects\maicivy\frontend\node_modules\jsdom\lib\jsdom\living\generated\EventTarget.js:241:34)
          at Object.invokeGuardedCallbackDev (C:\Users\alexi\Documents\projects\maicivy\frontend\node_modules\react-dom\cjs\react-dom.development.js:4213:16)
          at invokeGuardedCallback (C:\Users\alexi\Documents\projects\maicivy\frontend\node_modules\react-dom\cjs\react-dom.development.js:4277:31)
          at beginWork$1 (C:\Users\alexi\Documents\projects\maicivy\frontend\node_modules\react-dom\cjs\react-dom.development.js:27490:7)
          at performUnitOfWork (C:\Users\alexi\Documents\projects\maicivy\frontend\node_modules\react-dom\cjs\react-dom.development.js:26599:12)
          at workLoopSync (C:\Users\alexi\Documents\projects\maicivy\frontend\node_modules\react-dom\cjs\react-dom.development.js:26505:5)
          at renderRootSync (C:\Users\alexi\Documents\projects\maicivy\frontend\node_modules\react-dom\cjs\react-dom.development.js:26473:7)
          at recoverFromConcurrentError (C:\Users\alexi\Documents\projects\maicivy\frontend\node_modules\react-dom\cjs\react-dom.development.js:25889:20)
          at performConcurrentWorkOnRoot (C:\Users\alexi\Documents\projects\maicivy\frontend\node_modules\react-dom\cjs\react-dom.development.js:25789:22)
          at flushActQueue (C:\Users\alexi\Documents\projects\maicivy\frontend\node_modules\react\cjs\react.development.js:2667:24)
          at act (C:\Users\alexi\Documents\projects\maicivy\frontend\node_modules\react\cjs\react.development.js:2582:11)
          at C:\Users\alexi\Documents\projects\maicivy\frontend\node_modules\@testing-library\react\dist\act-compat.js:47:25
          at renderRoot (C:\Users\alexi\Documents\projects\maicivy\frontend\node_modules\@testing-library\react\dist\pure.js:190:26)
          at render (C:\Users\alexi\Documents\projects\maicivy\frontend\node_modules\@testing-library\react\dist\pure.js:292:10)
          at Object.<anonymous> (C:\Users\alexi\Documents\projects\maicivy\frontend\components\__tests__\TimelineModal.test.tsx:247:31)
          at Promise.finally.completed (C:\Users\alexi\Documents\projects\maicivy\frontend\node_modules\jest-circus\build\jestAdapterInit.js:1557:28)
          at new Promise (<anonymous>)
          at callAsyncCircusFn (C:\Users\alexi\Documents\projects\maicivy\frontend\node_modules\jest-circus\build\jestAdapterInit.js:1497:10)
          at _callCircusTest (C:\Users\alexi\Documents\projects\maicivy\frontend\node_modules\jest-circus\build\jestAdapterInit.js:1007:40)
          at processTicksAndRejections (node:internal/process/task_queues:103:5)
          at _runTest (C:\Users\alexi\Documents\projects\maicivy\frontend\node_modules\jest-circus\build\jestAdapterInit.js:947:3)
          at C:\Users\alexi\Documents\projects\maicivy\frontend\node_modules\jest-circus\build\jestAdapterInit.js:849:7
          at _runTestsForDescribeBlock (C:\Users\alexi\Documents\projects\maicivy\frontend\node_modules\jest-circus\build\jestAdapterInit.js:862:11)
          at _runTestsForDescribeBlock (C:\Users\alexi\Documents\projects\maicivy\frontend\node_modules\jest-circus\build\jestAdapterInit.js:857:11)
          at run (C:\Users\alexi\Documents\projects\maicivy\frontend\node_modules\jest-circus\build\jestAdapterInit.js:761:3)
          at runAndTransformResultsToJestFormat (C:\Users\alexi\Documents\projects\maicivy\frontend\node_modules\jest-circus\build\jestAdapterInit.js:1918:21)
          at jestAdapter (C:\Users\alexi\Documents\projects\maicivy\frontend\node_modules\jest-circus\build\runner.js:101:19)
          at runTestInternal (C:\Users\alexi\Documents\projects\maicivy\frontend\node_modules\jest-runner\build\testWorker.js:275:16)
          at runTest (C:\Users\alexi\Documents\projects\maicivy\frontend\node_modules\jest-runner\build\testWorker.js:343:7)
          at Object.worker (C:\Users\alexi\Documents\projects\maicivy\frontend\node_modules\jest-runner\build\testWorker.js:497:12) {
        detail: Error: Element type is invalid: expected a string (for built-in components) or a class/function (for composite components) but got: undefined. You likely forgot to export your component from the file it's defined in, or you might have mixed up default and named imports.
        
        Check the render method of `TimelineModal`.
            at createFiberFromTypeAndProps (C:\Users\alexi\Documents\projects\maicivy\frontend\node_modules\react-dom\cjs\react-dom.development.js:28478:17)
            at createFiberFromElement (C:\Users\alexi\Documents\projects\maicivy\frontend\node_modules\react-dom\cjs\react-dom.development.js:28504:15)
            at createChild (C:\Users\alexi\Documents\projects\maicivy\frontend\node_modules\react-dom\cjs\react-dom.development.js:13345:28)
            at reconcileChildrenArray (C:\Users\alexi\Documents\projects\maicivy\frontend\node_modules\react-dom\cjs\react-dom.development.js:13640:25)
            at reconcileChildFibers (C:\Users\alexi\Documents\projects\maicivy\frontend\node_modules\react-dom\cjs\react-dom.development.js:14057:16)
            at reconcileChildren (C:\Users\alexi\Documents\projects\maicivy\frontend\node_modules\react-dom\cjs\react-dom.development.js:19186:28)
            at updateHostComponent (C:\Users\alexi\Documents\projects\maicivy\frontend\node_modules\react-dom\cjs\react-dom.development.js:19953:3)
            at beginWork (C:\Users\alexi\Documents\projects\maicivy\frontend\node_modules\react-dom\cjs\react-dom.development.js:21657:14)
            at HTMLUnknownElement.callCallback (C:\Users\alexi\Documents\projects\maicivy\frontend\node_modules\react-dom\cjs\react-dom.development.js:4164:14)
            at HTMLUnknownElement.callTheUserObjectsOperation (C:\Users\alexi\Documents\projects\maicivy\frontend\node_modules\jsdom\lib\jsdom\living\generated\EventListener.js:26:30)
            at innerInvokeEventListeners (C:\Users\alexi\Documents\projects\maicivy\frontend\node_modules\jsdom\lib\jsdom\living\events\EventTarget-impl.js:350:25)
            at invokeEventListeners (C:\Users\alexi\Documents\projects\maicivy\frontend\node_modules\jsdom\lib\jsdom\living\events\EventTarget-impl.js:286:3)
            at HTMLUnknownElementImpl._dispatch (C:\Users\alexi\Documents\projects\maicivy\frontend\node_modules\jsdom\lib\jsdom\living\events\EventTarget-impl.js:233:9)
            at HTMLUnknownElementImpl.dispatchEvent (C:\Users\alexi\Documents\projects\maicivy\frontend\node_modules\jsdom\lib\jsdom\living\events\EventTarget-impl.js:104:17)
            at HTMLUnknownElement.dispatchEvent (C:\Users\alexi\Documents\projects\maicivy\frontend\node_modules\jsdom\lib\jsdom\living\generated\EventTarget.js:241:34)
            at Object.invokeGuardedCallbackDev (C:\Users\alexi\Documents\projects\maicivy\frontend\node_modules\react-dom\cjs\react-dom.development.js:4213:16)
            at invokeGuardedCallback (C:\Users\alexi\Documents\projects\maicivy\frontend\node_modules\react-dom\cjs\react-dom.development.js:4277:31)
            at beginWork$1 (C:\Users\alexi\Documents\projects\maicivy\frontend\node_modules\react-dom\cjs\react-dom.development.js:27490:7)
            at performUnitOfWork (C:\Users\alexi\Documents\projects\maicivy\frontend\node_modules\react-dom\cjs\react-dom.development.js:26599:12)
            at workLoopSync (C:\Users\alexi\Documents\projects\maicivy\frontend\node_modules\react-dom\cjs\react-dom.development.js:26505:5)
            at renderRootSync (C:\Users\alexi\Documents\projects\maicivy\frontend\node_modules\react-dom\cjs\react-dom.development.js:26473:7)
            at recoverFromConcurrentError (C:\Users\alexi\Documents\projects\maicivy\frontend\node_modules\react-dom\cjs\react-dom.development.js:25889:20)
            at performConcurrentWorkOnRoot (C:\Users\alexi\Documents\projects\maicivy\frontend\node_modules\react-dom\cjs\react-dom.development.js:25789:22)
            at flushActQueue (C:\Users\alexi\Documents\projects\maicivy\frontend\node_modules\react\cjs\react.development.js:2667:24)
            at act (C:\Users\alexi\Documents\projects\maicivy\frontend\node_modules\react\cjs\react.development.js:2582:11)
            at C:\Users\alexi\Documents\projects\maicivy\frontend\node_modules\@testing-library\react\dist\act-compat.js:47:25
            at renderRoot (C:\Users\alexi\Documents\projects\maicivy\frontend\node_modules\@testing-library\react\dist\pure.js:190:26)
            at render (C:\Users\alexi\Documents\projects\maicivy\frontend\node_modules\@testing-library\react\dist\pure.js:292:10)
            at Object.<anonymous> (C:\Users\alexi\Documents\projects\maicivy\frontend\components\__tests__\TimelineModal.test.tsx:247:31)
            at Promise.finally.completed (C:\Users\alexi\Documents\projects\maicivy\frontend\node_modules\jest-circus\build\jestAdapterInit.js:1557:28)
            at new Promise (<anonymous>)
            at callAsyncCircusFn (C:\Users\alexi\Documents\projects\maicivy\frontend\node_modules\jest-circus\build\jestAdapterInit.js:1497:10)
            at _callCircusTest (C:\Users\alexi\Documents\projects\maicivy\frontend\node_modules\jest-circus\build\jestAdapterInit.js:1007:40)
            at processTicksAndRejections (node:internal/process/task_queues:103:5)
            at _runTest (C:\Users\alexi\Documents\projects\maicivy\frontend\node_modules\jest-circus\build\jestAdapterInit.js:947:3)
            at C:\Users\alexi\Documents\projects\maicivy\frontend\node_modules\jest-circus\build\jestAdapterInit.js:849:7
            at _runTestsForDescribeBlock (C:\Users\alexi\Documents\projects\maicivy\frontend\node_modules\jest-circus\build\jestAdapterInit.js:862:11)
            at _runTestsForDescribeBlock (C:\Users\alexi\Documents\projects\maicivy\frontend\node_modules\jest-circus\build\jestAdapterInit.js:857:11)
            at run (C:\Users\alexi\Documents\projects\maicivy\frontend\node_modules\jest-circus\build\jestAdapterInit.js:761:3)
            at runAndTransformResultsToJestFormat (C:\Users\alexi\Documents\projects\maicivy\frontend\node_modules\jest-circus\build\jestAdapterInit.js:1918:21)
            at jestAdapter (C:\Users\alexi\Documents\projects\maicivy\frontend\node_modules\jest-circus\build\runner.js:101:19)
            at runTestInternal (C:\Users\alexi\Documents\projects\maicivy\frontend\node_modules\jest-runner\build\testWorker.js:275:16)
            at runTest (C:\Users\alexi\Documents\projects\maicivy\frontend\node_modules\jest-runner\build\testWorker.js:343:7)
            at Object.worker (C:\Users\alexi\Documents\projects\maicivy\frontend\node_modules\jest-runner\build\testWorker.js:497:12),
        type: 'unhandled exception'
      }

    [0m [90m 245 |[39m
     [90m 246 |[39m   it([32m'should restore body overflow on unmount'[39m[33m,[39m () [33m=>[39m {
    [31m[1m>[22m[39m[90m 247 |[39m     [36mconst[39m { unmount } [33m=[39m render([33m<[39m[33mTimelineModal[39m event[33m=[39m{mockEvent} onClose[33m=[39m{jest[33m.[39mfn()} [33m/[39m[33m>[39m)[33m;[39m
     [90m     |[39m                               [31m[1m^[22m[39m
     [90m 248 |[39m
     [90m 249 |[39m     unmount()[33m;[39m
     [90m 250 |[39m[0m

      at VirtualConsole.<anonymous> (node_modules/@jest/environment-jsdom-abstract/build/index.js:87:23)
      at reportException (node_modules/jsdom/lib/jsdom/living/helpers/runtime-script-errors.js:70:28)
      at innerInvokeEventListeners (node_modules/jsdom/lib/jsdom/living/events/EventTarget-impl.js:353:9)
      at invokeEventListeners (node_modules/jsdom/lib/jsdom/living/events/EventTarget-impl.js:286:3)
      at HTMLUnknownElementImpl._dispatch (node_modules/jsdom/lib/jsdom/living/events/EventTarget-impl.js:233:9)
      at HTMLUnknownElementImpl.dispatchEvent (node_modules/jsdom/lib/jsdom/living/events/EventTarget-impl.js:104:17)
      at HTMLUnknownElement.dispatchEvent (node_modules/jsdom/lib/jsdom/living/generated/EventTarget.js:241:34)
      at Object.invokeGuardedCallbackDev (node_modules/react-dom/cjs/react-dom.development.js:4213:16)
      at invokeGuardedCallback (node_modules/react-dom/cjs/react-dom.development.js:4277:31)
      at beginWork$1 (node_modules/react-dom/cjs/react-dom.development.js:27490:7)
      at performUnitOfWork (node_modules/react-dom/cjs/react-dom.development.js:26599:12)
      at workLoopSync (node_modules/react-dom/cjs/react-dom.development.js:26505:5)
      at renderRootSync (node_modules/react-dom/cjs/react-dom.development.js:26473:7)
      at recoverFromConcurrentError (node_modules/react-dom/cjs/react-dom.development.js:25889:20)
      at performConcurrentWorkOnRoot (node_modules/react-dom/cjs/react-dom.development.js:25789:22)
      at flushActQueue (node_modules/react/cjs/react.development.js:2667:24)
      at act (node_modules/react/cjs/react.development.js:2582:11)
      at node_modules/@testing-library/react/dist/act-compat.js:47:25
      at renderRoot (node_modules/@testing-library/react/dist/pure.js:190:26)
      at render (node_modules/@testing-library/react/dist/pure.js:292:10)
      at Object.<anonymous> (components/__tests__/TimelineModal.test.tsx:247:31)

    console.error
      The above error occurred in the <div> component:
      
          at div
          at div
          at div
          at div
          at children (C:\Users\alexi\Documents\projects\maicivy\frontend\components\__tests__\TimelineModal.test.tsx:8:13)
          at div
          at children (C:\Users\alexi\Documents\projects\maicivy\frontend\components\__tests__\TimelineModal.test.tsx:8:13)
          at children (C:\Users\alexi\Documents\projects\maicivy\frontend\components\__tests__\TimelineModal.test.tsx:12:23)
          at event (C:\Users\alexi\Documents\projects\maicivy\frontend\components\timeline\TimelineModal.tsx:13:56)
      
      Consider adding an error boundary to your tree to customize error handling behavior.
      Visit https://reactjs.org/link/error-boundaries to learn more about error boundaries.

    [0m [90m 245 |[39m
     [90m 246 |[39m   it([32m'should restore body overflow on unmount'[39m[33m,[39m () [33m=>[39m {
    [31m[1m>[22m[39m[90m 247 |[39m     [36mconst[39m { unmount } [33m=[39m render([33m<[39m[33mTimelineModal[39m event[33m=[39m{mockEvent} onClose[33m=[39m{jest[33m.[39mfn()} [33m/[39m[33m>[39m)[33m;[39m
     [90m     |[39m                               [31m[1m^[22m[39m
     [90m 248 |[39m
     [90m 249 |[39m     unmount()[33m;[39m
     [90m 250 |[39m[0m

      at logCapturedError (node_modules/react-dom/cjs/react-dom.development.js:18704:23)
      at update.callback (node_modules/react-dom/cjs/react-dom.development.js:18737:5)
      at callCallback (node_modules/react-dom/cjs/react-dom.development.js:15036:12)
      at commitUpdateQueue (node_modules/react-dom/cjs/react-dom.development.js:15057:9)
      at commitLayoutEffectOnFiber (node_modules/react-dom/cjs/react-dom.development.js:23430:13)
      at commitLayoutMountEffects_complete (node_modules/react-dom/cjs/react-dom.development.js:24727:9)
      at commitLayoutEffects_begin (node_modules/react-dom/cjs/react-dom.development.js:24713:7)
      at commitLayoutEffects (node_modules/react-dom/cjs/react-dom.development.js:24651:3)
      at commitRootImpl (node_modules/react-dom/cjs/react-dom.development.js:26862:5)
      at commitRoot (node_modules/react-dom/cjs/react-dom.development.js:26721:5)
      at finishConcurrentRender (node_modules/react-dom/cjs/react-dom.development.js:25931:9)
      at performConcurrentWorkOnRoot (node_modules/react-dom/cjs/react-dom.development.js:25848:7)
      at flushActQueue (node_modules/react/cjs/react.development.js:2667:24)
      at act (node_modules/react/cjs/react.development.js:2582:11)
      at node_modules/@testing-library/react/dist/act-compat.js:47:25
      at renderRoot (node_modules/@testing-library/react/dist/pure.js:190:26)
      at render (node_modules/@testing-library/react/dist/pure.js:292:10)
      at Object.<anonymous> (components/__tests__/TimelineModal.test.tsx:247:31)

    console.error
      Warning: React.jsx: type is invalid -- expected a string (for built-in components) or a class/function (for composite components) but got: undefined. You likely forgot to export your component from the file it's defined in, or you might have mixed up default and named imports.
      
      Check the render method of `TimelineModal`.
          at event (C:\Users\alexi\Documents\projects\maicivy\frontend\components\timeline\TimelineModal.tsx:13:56)

    [0m [90m 151 |[39m                 [33m<[39m[33mdiv[39m className[33m=[39m[32m"flex flex-wrap gap-2"[39m[33m>[39m
     [90m 152 |[39m                   {event[33m.[39mtags[33m.[39mmap((tag) [33m=>[39m (
    [31m[1m>[22m[39m[90m 153 |[39m                     [33m<[39m[33mmotion[39m[33m.[39mspan
     [90m     |[39m                     [31m[1m^[22m[39m
     [90m 154 |[39m                       key[33m=[39m{tag}
     [90m 155 |[39m                       whileHover[33m=[39m{{ scale[33m:[39m [35m1.05[39m }}
     [90m 156 |[39m                       className[33m=[39m[32m"px-4 py-2 bg-blue-500 text-white text-sm font-medium rounded-full shadow-sm"[39m[0m

      at printWarning (node_modules/react/cjs/react-jsx-runtime.development.js:87:30)
      at error (node_modules/react/cjs/react-jsx-runtime.development.js:61:7)
      at jsxWithValidation (node_modules/react/cjs/react-jsx-runtime.development.js:1245:7)
      at jsxWithValidationDynamic (node_modules/react/cjs/react-jsx-runtime.development.js:1320:12)
      at components/timeline/TimelineModal.tsx:153:21
          at Array.map (<anonymous>)
      at map (components/timeline/TimelineModal.tsx:152:31)
      at renderWithHooks (node_modules/react-dom/cjs/react-dom.development.js:15486:18)
      at mountIndeterminateComponent (node_modules/react-dom/cjs/react-dom.development.js:20103:13)
      at beginWork (node_modules/react-dom/cjs/react-dom.development.js:21626:16)
      at beginWork$1 (node_modules/react-dom/cjs/react-dom.development.js:27465:14)
      at performUnitOfWork (node_modules/react-dom/cjs/react-dom.development.js:26599:12)
      at workLoopSync (node_modules/react-dom/cjs/react-dom.development.js:26505:5)
      at renderRootSync (node_modules/react-dom/cjs/react-dom.development.js:26473:7)
      at performConcurrentWorkOnRoot (node_modules/react-dom/cjs/react-dom.development.js:25777:74)
      at flushActQueue (node_modules/react/cjs/react.development.js:2667:24)
      at act (node_modules/react/cjs/react.development.js:2582:11)
      at node_modules/@testing-library/react/dist/act-compat.js:47:25
      at renderRoot (node_modules/@testing-library/react/dist/pure.js:190:26)
      at render (node_modules/@testing-library/react/dist/pure.js:292:10)
      at Object.<anonymous> (components/__tests__/TimelineModal.test.tsx:257:11)

    console.error
      Warning: React.jsx: type is invalid -- expected a string (for built-in components) or a class/function (for composite components) but got: undefined. You likely forgot to export your component from the file it's defined in, or you might have mixed up default and named imports.
      
      Check the render method of `TimelineModal`.
          at event (C:\Users\alexi\Documents\projects\maicivy\frontend\components\timeline\TimelineModal.tsx:13:56)

    [0m [90m 151 |[39m                 [33m<[39m[33mdiv[39m className[33m=[39m[32m"flex flex-wrap gap-2"[39m[33m>[39m
     [90m 152 |[39m                   {event[33m.[39mtags[33m.[39mmap((tag) [33m=>[39m (
    [31m[1m>[22m[39m[90m 153 |[39m                     [33m<[39m[33mmotion[39m[33m.[39mspan
     [90m     |[39m                     [31m[1m^[22m[39m
     [90m 154 |[39m                       key[33m=[39m{tag}
     [90m 155 |[39m                       whileHover[33m=[39m{{ scale[33m:[39m [35m1.05[39m }}
     [90m 156 |[39m                       className[33m=[39m[32m"px-4 py-2 bg-blue-500 text-white text-sm font-medium rounded-full shadow-sm"[39m[0m

      at printWarning (node_modules/react/cjs/react-jsx-runtime.development.js:87:30)
      at error (node_modules/react/cjs/react-jsx-runtime.development.js:61:7)
      at jsxWithValidation (node_modules/react/cjs/react-jsx-runtime.development.js:1245:7)
      at jsxWithValidationDynamic (node_modules/react/cjs/react-jsx-runtime.development.js:1320:12)
      at components/timeline/TimelineModal.tsx:153:21
          at Array.map (<anonymous>)
      at map (components/timeline/TimelineModal.tsx:152:31)
      at renderWithHooks (node_modules/react-dom/cjs/react-dom.development.js:15486:18)
      at mountIndeterminateComponent (node_modules/react-dom/cjs/react-dom.development.js:20103:13)
      at beginWork (node_modules/react-dom/cjs/react-dom.development.js:21626:16)
      at beginWork$1 (node_modules/react-dom/cjs/react-dom.development.js:27465:14)
      at performUnitOfWork (node_modules/react-dom/cjs/react-dom.development.js:26599:12)
      at workLoopSync (node_modules/react-dom/cjs/react-dom.development.js:26505:5)
      at renderRootSync (node_modules/react-dom/cjs/react-dom.development.js:26473:7)
      at performConcurrentWorkOnRoot (node_modules/react-dom/cjs/react-dom.development.js:25777:74)
      at flushActQueue (node_modules/react/cjs/react.development.js:2667:24)
      at act (node_modules/react/cjs/react.development.js:2582:11)
      at node_modules/@testing-library/react/dist/act-compat.js:47:25
      at renderRoot (node_modules/@testing-library/react/dist/pure.js:190:26)
      at render (node_modules/@testing-library/react/dist/pure.js:292:10)
      at Object.<anonymous> (components/__tests__/TimelineModal.test.tsx:257:11)

    console.error
      Warning: React.jsx: type is invalid -- expected a string (for built-in components) or a class/function (for composite components) but got: undefined. You likely forgot to export your component from the file it's defined in, or you might have mixed up default and named imports.
      
      Check the render method of `TimelineModal`.
          at event (C:\Users\alexi\Documents\projects\maicivy\frontend\components\timeline\TimelineModal.tsx:13:56)

    [0m [90m 151 |[39m                 [33m<[39m[33mdiv[39m className[33m=[39m[32m"flex flex-wrap gap-2"[39m[33m>[39m
     [90m 152 |[39m                   {event[33m.[39mtags[33m.[39mmap((tag) [33m=>[39m (
    [31m[1m>[22m[39m[90m 153 |[39m                     [33m<[39m[33mmotion[39m[33m.[39mspan
     [90m     |[39m                     [31m[1m^[22m[39m
     [90m 154 |[39m                       key[33m=[39m{tag}
     [90m 155 |[39m                       whileHover[33m=[39m{{ scale[33m:[39m [35m1.05[39m }}
     [90m 156 |[39m                       className[33m=[39m[32m"px-4 py-2 bg-blue-500 text-white text-sm font-medium rounded-full shadow-sm"[39m[0m

      at printWarning (node_modules/react/cjs/react-jsx-runtime.development.js:87:30)
      at error (node_modules/react/cjs/react-jsx-runtime.development.js:61:7)
      at jsxWithValidation (node_modules/react/cjs/react-jsx-runtime.development.js:1245:7)
      at jsxWithValidationDynamic (node_modules/react/cjs/react-jsx-runtime.development.js:1320:12)
      at components/timeline/TimelineModal.tsx:153:21
          at Array.map (<anonymous>)
      at map (components/timeline/TimelineModal.tsx:152:31)
      at renderWithHooks (node_modules/react-dom/cjs/react-dom.development.js:15486:18)
      at mountIndeterminateComponent (node_modules/react-dom/cjs/react-dom.development.js:20103:13)
      at beginWork (node_modules/react-dom/cjs/react-dom.development.js:21626:16)
      at beginWork$1 (node_modules/react-dom/cjs/react-dom.development.js:27465:14)
      at performUnitOfWork (node_modules/react-dom/cjs/react-dom.development.js:26599:12)
      at workLoopSync (node_modules/react-dom/cjs/react-dom.development.js:26505:5)
      at renderRootSync (node_modules/react-dom/cjs/react-dom.development.js:26473:7)
      at performConcurrentWorkOnRoot (node_modules/react-dom/cjs/react-dom.development.js:25777:74)
      at flushActQueue (node_modules/react/cjs/react.development.js:2667:24)
      at act (node_modules/react/cjs/react.development.js:2582:11)
      at node_modules/@testing-library/react/dist/act-compat.js:47:25
      at renderRoot (node_modules/@testing-library/react/dist/pure.js:190:26)
      at render (node_modules/@testing-library/react/dist/pure.js:292:10)
      at Object.<anonymous> (components/__tests__/TimelineModal.test.tsx:257:11)

    console.error
      Warning: React.jsx: type is invalid -- expected a string (for built-in components) or a class/function (for composite components) but got: undefined. You likely forgot to export your component from the file it's defined in, or you might have mixed up default and named imports.
      
      Check the render method of `TimelineModal`.
          at event (C:\Users\alexi\Documents\projects\maicivy\frontend\components\timeline\TimelineModal.tsx:13:56)

    [0m [90m 151 |[39m                 [33m<[39m[33mdiv[39m className[33m=[39m[32m"flex flex-wrap gap-2"[39m[33m>[39m
     [90m 152 |[39m                   {event[33m.[39mtags[33m.[39mmap((tag) [33m=>[39m (
    [31m[1m>[22m[39m[90m 153 |[39m                     [33m<[39m[33mmotion[39m[33m.[39mspan
     [90m     |[39m                     [31m[1m^[22m[39m
     [90m 154 |[39m                       key[33m=[39m{tag}
     [90m 155 |[39m                       whileHover[33m=[39m{{ scale[33m:[39m [35m1.05[39m }}
     [90m 156 |[39m                       className[33m=[39m[32m"px-4 py-2 bg-blue-500 text-white text-sm font-medium rounded-full shadow-sm"[39m[0m

      at printWarning (node_modules/react/cjs/react-jsx-runtime.development.js:87:30)
      at error (node_modules/react/cjs/react-jsx-runtime.development.js:61:7)
      at jsxWithValidation (node_modules/react/cjs/react-jsx-runtime.development.js:1245:7)
      at jsxWithValidationDynamic (node_modules/react/cjs/react-jsx-runtime.development.js:1320:12)
      at components/timeline/TimelineModal.tsx:153:21
          at Array.map (<anonymous>)
      at map (components/timeline/TimelineModal.tsx:152:31)
      at renderWithHooks (node_modules/react-dom/cjs/react-dom.development.js:15486:18)
      at mountIndeterminateComponent (node_modules/react-dom/cjs/react-dom.development.js:20103:13)
      at beginWork (node_modules/react-dom/cjs/react-dom.development.js:21626:16)
      at beginWork$1 (node_modules/react-dom/cjs/react-dom.development.js:27465:14)
      at performUnitOfWork (node_modules/react-dom/cjs/react-dom.development.js:26599:12)
      at workLoopSync (node_modules/react-dom/cjs/react-dom.development.js:26505:5)
      at renderRootSync (node_modules/react-dom/cjs/react-dom.development.js:26473:7)
      at performConcurrentWorkOnRoot (node_modules/react-dom/cjs/react-dom.development.js:25777:74)
      at flushActQueue (node_modules/react/cjs/react.development.js:2667:24)
      at act (node_modules/react/cjs/react.development.js:2582:11)
      at node_modules/@testing-library/react/dist/act-compat.js:47:25
      at renderRoot (node_modules/@testing-library/react/dist/pure.js:190:26)
      at render (node_modules/@testing-library/react/dist/pure.js:292:10)
      at Object.<anonymous> (components/__tests__/TimelineModal.test.tsx:257:11)

    console.error
      Warning: React.jsx: type is invalid -- expected a string (for built-in components) or a class/function (for composite components) but got: undefined. You likely forgot to export your component from the file it's defined in, or you might have mixed up default and named imports.
      
      Check the render method of `TimelineModal`.
          at event (C:\Users\alexi\Documents\projects\maicivy\frontend\components\timeline\TimelineModal.tsx:13:56)

    [0m [90m 151 |[39m                 [33m<[39m[33mdiv[39m className[33m=[39m[32m"flex flex-wrap gap-2"[39m[33m>[39m
     [90m 152 |[39m                   {event[33m.[39mtags[33m.[39mmap((tag) [33m=>[39m (
    [31m[1m>[22m[39m[90m 153 |[39m                     [33m<[39m[33mmotion[39m[33m.[39mspan
     [90m     |[39m                     [31m[1m^[22m[39m
     [90m 154 |[39m                       key[33m=[39m{tag}
     [90m 155 |[39m                       whileHover[33m=[39m{{ scale[33m:[39m [35m1.05[39m }}
     [90m 156 |[39m                       className[33m=[39m[32m"px-4 py-2 bg-blue-500 text-white text-sm font-medium rounded-full shadow-sm"[39m[0m

      at printWarning (node_modules/react/cjs/react-jsx-runtime.development.js:87:30)
      at error (node_modules/react/cjs/react-jsx-runtime.development.js:61:7)
      at jsxWithValidation (node_modules/react/cjs/react-jsx-runtime.development.js:1245:7)
      at jsxWithValidationDynamic (node_modules/react/cjs/react-jsx-runtime.development.js:1320:12)
      at components/timeline/TimelineModal.tsx:153:21
          at Array.map (<anonymous>)
      at map (components/timeline/TimelineModal.tsx:152:31)
      at renderWithHooks (node_modules/react-dom/cjs/react-dom.development.js:15486:18)
      at mountIndeterminateComponent (node_modules/react-dom/cjs/react-dom.development.js:20103:13)
      at beginWork (node_modules/react-dom/cjs/react-dom.development.js:21626:16)
      at beginWork$1 (node_modules/react-dom/cjs/react-dom.development.js:27465:14)
      at performUnitOfWork (node_modules/react-dom/cjs/react-dom.development.js:26599:12)
      at workLoopSync (node_modules/react-dom/cjs/react-dom.development.js:26505:5)
      at renderRootSync (node_modules/react-dom/cjs/react-dom.development.js:26473:7)
      at performConcurrentWorkOnRoot (node_modules/react-dom/cjs/react-dom.development.js:25777:74)
      at flushActQueue (node_modules/react/cjs/react.development.js:2667:24)
      at act (node_modules/react/cjs/react.development.js:2582:11)
      at node_modules/@testing-library/react/dist/act-compat.js:47:25
      at renderRoot (node_modules/@testing-library/react/dist/pure.js:190:26)
      at render (node_modules/@testing-library/react/dist/pure.js:292:10)
      at Object.<anonymous> (components/__tests__/TimelineModal.test.tsx:257:11)

    console.error
      Error: Uncaught [Error: Element type is invalid: expected a string (for built-in components) or a class/function (for composite components) but got: undefined. You likely forgot to export your component from the file it's defined in, or you might have mixed up default and named imports.
      
      Check the render method of `TimelineModal`.]
          at reportException (C:\Users\alexi\Documents\projects\maicivy\frontend\node_modules\jsdom\lib\jsdom\living\helpers\runtime-script-errors.js:66:24)
          at innerInvokeEventListeners (C:\Users\alexi\Documents\projects\maicivy\frontend\node_modules\jsdom\lib\jsdom\living\events\EventTarget-impl.js:353:9)
          at invokeEventListeners (C:\Users\alexi\Documents\projects\maicivy\frontend\node_modules\jsdom\lib\jsdom\living\events\EventTarget-impl.js:286:3)
          at HTMLUnknownElementImpl._dispatch (C:\Users\alexi\Documents\projects\maicivy\frontend\node_modules\jsdom\lib\jsdom\living\events\EventTarget-impl.js:233:9)
          at HTMLUnknownElementImpl.dispatchEvent (C:\Users\alexi\Documents\projects\maicivy\frontend\node_modules\jsdom\lib\jsdom\living\events\EventTarget-impl.js:104:17)
          at HTMLUnknownElement.dispatchEvent (C:\Users\alexi\Documents\projects\maicivy\frontend\node_modules\jsdom\lib\jsdom\living\generated\EventTarget.js:241:34)
          at Object.invokeGuardedCallbackDev (C:\Users\alexi\Documents\projects\maicivy\frontend\node_modules\react-dom\cjs\react-dom.development.js:4213:16)
          at invokeGuardedCallback (C:\Users\alexi\Documents\projects\maicivy\frontend\node_modules\react-dom\cjs\react-dom.development.js:4277:31)
          at beginWork$1 (C:\Users\alexi\Documents\projects\maicivy\frontend\node_modules\react-dom\cjs\react-dom.development.js:27490:7)
          at performUnitOfWork (C:\Users\alexi\Documents\projects\maicivy\frontend\node_modules\react-dom\cjs\react-dom.development.js:26599:12)
          at workLoopSync (C:\Users\alexi\Documents\projects\maicivy\frontend\node_modules\react-dom\cjs\react-dom.development.js:26505:5)
          at renderRootSync (C:\Users\alexi\Documents\projects\maicivy\frontend\node_modules\react-dom\cjs\react-dom.development.js:26473:7)
          at performConcurrentWorkOnRoot (C:\Users\alexi\Documents\projects\maicivy\frontend\node_modules\react-dom\cjs\react-dom.development.js:25777:74)
          at flushActQueue (C:\Users\alexi\Documents\projects\maicivy\frontend\node_modules\react\cjs\react.development.js:2667:24)
          at act (C:\Users\alexi\Documents\projects\maicivy\frontend\node_modules\react\cjs\react.development.js:2582:11)
          at C:\Users\alexi\Documents\projects\maicivy\frontend\node_modules\@testing-library\react\dist\act-compat.js:47:25
          at renderRoot (C:\Users\alexi\Documents\projects\maicivy\frontend\node_modules\@testing-library\react\dist\pure.js:190:26)
          at render (C:\Users\alexi\Documents\projects\maicivy\frontend\node_modules\@testing-library\react\dist\pure.js:292:10)
          at Object.<anonymous> (C:\Users\alexi\Documents\projects\maicivy\frontend\components\__tests__\TimelineModal.test.tsx:257:11)
          at Promise.finally.completed (C:\Users\alexi\Documents\projects\maicivy\frontend\node_modules\jest-circus\build\jestAdapterInit.js:1557:28)
          at new Promise (<anonymous>)
          at callAsyncCircusFn (C:\Users\alexi\Documents\projects\maicivy\frontend\node_modules\jest-circus\build\jestAdapterInit.js:1497:10)
          at _callCircusTest (C:\Users\alexi\Documents\projects\maicivy\frontend\node_modules\jest-circus\build\jestAdapterInit.js:1007:40)
          at processTicksAndRejections (node:internal/process/task_queues:103:5)
          at _runTest (C:\Users\alexi\Documents\projects\maicivy\frontend\node_modules\jest-circus\build\jestAdapterInit.js:947:3)
          at C:\Users\alexi\Documents\projects\maicivy\frontend\node_modules\jest-circus\build\jestAdapterInit.js:849:7
          at _runTestsForDescribeBlock (C:\Users\alexi\Documents\projects\maicivy\frontend\node_modules\jest-circus\build\jestAdapterInit.js:862:11)
          at _runTestsForDescribeBlock (C:\Users\alexi\Documents\projects\maicivy\frontend\node_modules\jest-circus\build\jestAdapterInit.js:857:11)
          at run (C:\Users\alexi\Documents\projects\maicivy\frontend\node_modules\jest-circus\build\jestAdapterInit.js:761:3)
          at runAndTransformResultsToJestFormat (C:\Users\alexi\Documents\projects\maicivy\frontend\node_modules\jest-circus\build\jestAdapterInit.js:1918:21)
          at jestAdapter (C:\Users\alexi\Documents\projects\maicivy\frontend\node_modules\jest-circus\build\runner.js:101:19)
          at runTestInternal (C:\Users\alexi\Documents\projects\maicivy\frontend\node_modules\jest-runner\build\testWorker.js:275:16)
          at runTest (C:\Users\alexi\Documents\projects\maicivy\frontend\node_modules\jest-runner\build\testWorker.js:343:7)
          at Object.worker (C:\Users\alexi\Documents\projects\maicivy\frontend\node_modules\jest-runner\build\testWorker.js:497:12) {
        detail: Error: Element type is invalid: expected a string (for built-in components) or a class/function (for composite components) but got: undefined. You likely forgot to export your component from the file it's defined in, or you might have mixed up default and named imports.
        
        Check the render method of `TimelineModal`.
            at createFiberFromTypeAndProps (C:\Users\alexi\Documents\projects\maicivy\frontend\node_modules\react-dom\cjs\react-dom.development.js:28478:17)
            at createFiberFromElement (C:\Users\alexi\Documents\projects\maicivy\frontend\node_modules\react-dom\cjs\react-dom.development.js:28504:15)
            at createChild (C:\Users\alexi\Documents\projects\maicivy\frontend\node_modules\react-dom\cjs\react-dom.development.js:13345:28)
            at reconcileChildrenArray (C:\Users\alexi\Documents\projects\maicivy\frontend\node_modules\react-dom\cjs\react-dom.development.js:13640:25)
            at reconcileChildFibers (C:\Users\alexi\Documents\projects\maicivy\frontend\node_modules\react-dom\cjs\react-dom.development.js:14057:16)
            at reconcileChildren (C:\Users\alexi\Documents\projects\maicivy\frontend\node_modules\react-dom\cjs\react-dom.development.js:19186:28)
            at updateHostComponent (C:\Users\alexi\Documents\projects\maicivy\frontend\node_modules\react-dom\cjs\react-dom.development.js:19953:3)
            at beginWork (C:\Users\alexi\Documents\projects\maicivy\frontend\node_modules\react-dom\cjs\react-dom.development.js:21657:14)
            at HTMLUnknownElement.callCallback (C:\Users\alexi\Documents\projects\maicivy\frontend\node_modules\react-dom\cjs\react-dom.development.js:4164:14)
            at HTMLUnknownElement.callTheUserObjectsOperation (C:\Users\alexi\Documents\projects\maicivy\frontend\node_modules\jsdom\lib\jsdom\living\generated\EventListener.js:26:30)
            at innerInvokeEventListeners (C:\Users\alexi\Documents\projects\maicivy\frontend\node_modules\jsdom\lib\jsdom\living\events\EventTarget-impl.js:350:25)
            at invokeEventListeners (C:\Users\alexi\Documents\projects\maicivy\frontend\node_modules\jsdom\lib\jsdom\living\events\EventTarget-impl.js:286:3)
            at HTMLUnknownElementImpl._dispatch (C:\Users\alexi\Documents\projects\maicivy\frontend\node_modules\jsdom\lib\jsdom\living\events\EventTarget-impl.js:233:9)
            at HTMLUnknownElementImpl.dispatchEvent (C:\Users\alexi\Documents\projects\maicivy\frontend\node_modules\jsdom\lib\jsdom\living\events\EventTarget-impl.js:104:17)
            at HTMLUnknownElement.dispatchEvent (C:\Users\alexi\Documents\projects\maicivy\frontend\node_modules\jsdom\lib\jsdom\living\generated\EventTarget.js:241:34)
            at Object.invokeGuardedCallbackDev (C:\Users\alexi\Documents\projects\maicivy\frontend\node_modules\react-dom\cjs\react-dom.development.js:4213:16)
            at invokeGuardedCallback (C:\Users\alexi\Documents\projects\maicivy\frontend\node_modules\react-dom\cjs\react-dom.development.js:4277:31)
            at beginWork$1 (C:\Users\alexi\Documents\projects\maicivy\frontend\node_modules\react-dom\cjs\react-dom.development.js:27490:7)
            at performUnitOfWork (C:\Users\alexi\Documents\projects\maicivy\frontend\node_modules\react-dom\cjs\react-dom.development.js:26599:12)
            at workLoopSync (C:\Users\alexi\Documents\projects\maicivy\frontend\node_modules\react-dom\cjs\react-dom.development.js:26505:5)
            at renderRootSync (C:\Users\alexi\Documents\projects\maicivy\frontend\node_modules\react-dom\cjs\react-dom.development.js:26473:7)
            at performConcurrentWorkOnRoot (C:\Users\alexi\Documents\projects\maicivy\frontend\node_modules\react-dom\cjs\react-dom.development.js:25777:74)
            at flushActQueue (C:\Users\alexi\Documents\projects\maicivy\frontend\node_modules\react\cjs\react.development.js:2667:24)
            at act (C:\Users\alexi\Documents\projects\maicivy\frontend\node_modules\react\cjs\react.development.js:2582:11)
            at C:\Users\alexi\Documents\projects\maicivy\frontend\node_modules\@testing-library\react\dist\act-compat.js:47:25
            at renderRoot (C:\Users\alexi\Documents\projects\maicivy\frontend\node_modules\@testing-library\react\dist\pure.js:190:26)
            at render (C:\Users\alexi\Documents\projects\maicivy\frontend\node_modules\@testing-library\react\dist\pure.js:292:10)
            at Object.<anonymous> (C:\Users\alexi\Documents\projects\maicivy\frontend\components\__tests__\TimelineModal.test.tsx:257:11)
            at Promise.finally.completed (C:\Users\alexi\Documents\projects\maicivy\frontend\node_modules\jest-circus\build\jestAdapterInit.js:1557:28)
            at new Promise (<anonymous>)
            at callAsyncCircusFn (C:\Users\alexi\Documents\projects\maicivy\frontend\node_modules\jest-circus\build\jestAdapterInit.js:1497:10)
            at _callCircusTest (C:\Users\alexi\Documents\projects\maicivy\frontend\node_modules\jest-circus\build\jestAdapterInit.js:1007:40)
            at processTicksAndRejections (node:internal/process/task_queues:103:5)
            at _runTest (C:\Users\alexi\Documents\projects\maicivy\frontend\node_modules\jest-circus\build\jestAdapterInit.js:947:3)
            at C:\Users\alexi\Documents\projects\maicivy\frontend\node_modules\jest-circus\build\jestAdapterInit.js:849:7
            at _runTestsForDescribeBlock (C:\Users\alexi\Documents\projects\maicivy\frontend\node_modules\jest-circus\build\jestAdapterInit.js:862:11)
            at _runTestsForDescribeBlock (C:\Users\alexi\Documents\projects\maicivy\frontend\node_modules\jest-circus\build\jestAdapterInit.js:857:11)
            at run (C:\Users\alexi\Documents\projects\maicivy\frontend\node_modules\jest-circus\build\jestAdapterInit.js:761:3)
            at runAndTransformResultsToJestFormat (C:\Users\alexi\Documents\projects\maicivy\frontend\node_modules\jest-circus\build\jestAdapterInit.js:1918:21)
            at jestAdapter (C:\Users\alexi\Documents\projects\maicivy\frontend\node_modules\jest-circus\build\runner.js:101:19)
            at runTestInternal (C:\Users\alexi\Documents\projects\maicivy\frontend\node_modules\jest-runner\build\testWorker.js:275:16)
            at runTest (C:\Users\alexi\Documents\projects\maicivy\frontend\node_modules\jest-runner\build\testWorker.js:343:7)
            at Object.worker (C:\Users\alexi\Documents\projects\maicivy\frontend\node_modules\jest-runner\build\testWorker.js:497:12),
        type: 'unhandled exception'
      }

    [0m [90m 255 |[39m     [36mconst[39m onClose [33m=[39m jest[33m.[39mfn()[33m;[39m
     [90m 256 |[39m
    [31m[1m>[22m[39m[90m 257 |[39m     render([33m<[39m[33mTimelineModal[39m event[33m=[39m{mockEvent} onClose[33m=[39m{onClose} [33m/[39m[33m>[39m)[33m;[39m
     [90m     |[39m           [31m[1m^[22m[39m
     [90m 258 |[39m
     [90m 259 |[39m     [36mconst[39m escapeEvent [33m=[39m [36mnew[39m [33mKeyboardEvent[39m([32m'keydown'[39m[33m,[39m { key[33m:[39m [32m'Escape'[39m })[33m;[39m
     [90m 260 |[39m     document[33m.[39mdispatchEvent(escapeEvent)[33m;[39m[0m

      at VirtualConsole.<anonymous> (node_modules/@jest/environment-jsdom-abstract/build/index.js:87:23)
      at reportException (node_modules/jsdom/lib/jsdom/living/helpers/runtime-script-errors.js:70:28)
      at innerInvokeEventListeners (node_modules/jsdom/lib/jsdom/living/events/EventTarget-impl.js:353:9)
      at invokeEventListeners (node_modules/jsdom/lib/jsdom/living/events/EventTarget-impl.js:286:3)
      at HTMLUnknownElementImpl._dispatch (node_modules/jsdom/lib/jsdom/living/events/EventTarget-impl.js:233:9)
      at HTMLUnknownElementImpl.dispatchEvent (node_modules/jsdom/lib/jsdom/living/events/EventTarget-impl.js:104:17)
      at HTMLUnknownElement.dispatchEvent (node_modules/jsdom/lib/jsdom/living/generated/EventTarget.js:241:34)
      at Object.invokeGuardedCallbackDev (node_modules/react-dom/cjs/react-dom.development.js:4213:16)
      at invokeGuardedCallback (node_modules/react-dom/cjs/react-dom.development.js:4277:31)
      at beginWork$1 (node_modules/react-dom/cjs/react-dom.development.js:27490:7)
      at performUnitOfWork (node_modules/react-dom/cjs/react-dom.development.js:26599:12)
      at workLoopSync (node_modules/react-dom/cjs/react-dom.development.js:26505:5)
      at renderRootSync (node_modules/react-dom/cjs/react-dom.development.js:26473:7)
      at performConcurrentWorkOnRoot (node_modules/react-dom/cjs/react-dom.development.js:25777:74)
      at flushActQueue (node_modules/react/cjs/react.development.js:2667:24)
      at act (node_modules/react/cjs/react.development.js:2582:11)
      at node_modules/@testing-library/react/dist/act-compat.js:47:25
      at renderRoot (node_modules/@testing-library/react/dist/pure.js:190:26)
      at render (node_modules/@testing-library/react/dist/pure.js:292:10)
      at Object.<anonymous> (components/__tests__/TimelineModal.test.tsx:257:11)

    console.error
      Warning: React.jsx: type is invalid -- expected a string (for built-in components) or a class/function (for composite components) but got: undefined. You likely forgot to export your component from the file it's defined in, or you might have mixed up default and named imports.
      
      Check the render method of `TimelineModal`.
          at event (C:\Users\alexi\Documents\projects\maicivy\frontend\components\timeline\TimelineModal.tsx:13:56)

    [0m [90m 151 |[39m                 [33m<[39m[33mdiv[39m className[33m=[39m[32m"flex flex-wrap gap-2"[39m[33m>[39m
     [90m 152 |[39m                   {event[33m.[39mtags[33m.[39mmap((tag) [33m=>[39m (
    [31m[1m>[22m[39m[90m 153 |[39m                     [33m<[39m[33mmotion[39m[33m.[39mspan
     [90m     |[39m                     [31m[1m^[22m[39m
     [90m 154 |[39m                       key[33m=[39m{tag}
     [90m 155 |[39m                       whileHover[33m=[39m{{ scale[33m:[39m [35m1.05[39m }}
     [90m 156 |[39m                       className[33m=[39m[32m"px-4 py-2 bg-blue-500 text-white text-sm font-medium rounded-full shadow-sm"[39m[0m

      at printWarning (node_modules/react/cjs/react-jsx-runtime.development.js:87:30)
      at error (node_modules/react/cjs/react-jsx-runtime.development.js:61:7)
      at jsxWithValidation (node_modules/react/cjs/react-jsx-runtime.development.js:1245:7)
      at jsxWithValidationDynamic (node_modules/react/cjs/react-jsx-runtime.development.js:1320:12)
      at components/timeline/TimelineModal.tsx:153:21
          at Array.map (<anonymous>)
      at map (components/timeline/TimelineModal.tsx:152:31)
      at renderWithHooks (node_modules/react-dom/cjs/react-dom.development.js:15486:18)
      at mountIndeterminateComponent (node_modules/react-dom/cjs/react-dom.development.js:20103:13)
      at beginWork (node_modules/react-dom/cjs/react-dom.development.js:21626:16)
      at beginWork$1 (node_modules/react-dom/cjs/react-dom.development.js:27465:14)
      at performUnitOfWork (node_modules/react-dom/cjs/react-dom.development.js:26599:12)
      at workLoopSync (node_modules/react-dom/cjs/react-dom.development.js:26505:5)
      at renderRootSync (node_modules/react-dom/cjs/react-dom.development.js:26473:7)
      at recoverFromConcurrentError (node_modules/react-dom/cjs/react-dom.development.js:25889:20)
      at performConcurrentWorkOnRoot (node_modules/react-dom/cjs/react-dom.development.js:25789:22)
      at flushActQueue (node_modules/react/cjs/react.development.js:2667:24)
      at act (node_modules/react/cjs/react.development.js:2582:11)
      at node_modules/@testing-library/react/dist/act-compat.js:47:25
      at renderRoot (node_modules/@testing-library/react/dist/pure.js:190:26)
      at render (node_modules/@testing-library/react/dist/pure.js:292:10)
      at Object.<anonymous> (components/__tests__/TimelineModal.test.tsx:257:11)

    console.error
      Warning: React.jsx: type is invalid -- expected a string (for built-in components) or a class/function (for composite components) but got: undefined. You likely forgot to export your component from the file it's defined in, or you might have mixed up default and named imports.
      
      Check the render method of `TimelineModal`.
          at event (C:\Users\alexi\Documents\projects\maicivy\frontend\components\timeline\TimelineModal.tsx:13:56)

    [0m [90m 151 |[39m                 [33m<[39m[33mdiv[39m className[33m=[39m[32m"flex flex-wrap gap-2"[39m[33m>[39m
     [90m 152 |[39m                   {event[33m.[39mtags[33m.[39mmap((tag) [33m=>[39m (
    [31m[1m>[22m[39m[90m 153 |[39m                     [33m<[39m[33mmotion[39m[33m.[39mspan
     [90m     |[39m                     [31m[1m^[22m[39m
     [90m 154 |[39m                       key[33m=[39m{tag}
     [90m 155 |[39m                       whileHover[33m=[39m{{ scale[33m:[39m [35m1.05[39m }}
     [90m 156 |[39m                       className[33m=[39m[32m"px-4 py-2 bg-blue-500 text-white text-sm font-medium rounded-full shadow-sm"[39m[0m

      at printWarning (node_modules/react/cjs/react-jsx-runtime.development.js:87:30)
      at error (node_modules/react/cjs/react-jsx-runtime.development.js:61:7)
      at jsxWithValidation (node_modules/react/cjs/react-jsx-runtime.development.js:1245:7)
      at jsxWithValidationDynamic (node_modules/react/cjs/react-jsx-runtime.development.js:1320:12)
      at components/timeline/TimelineModal.tsx:153:21
          at Array.map (<anonymous>)
      at map (components/timeline/TimelineModal.tsx:152:31)
      at renderWithHooks (node_modules/react-dom/cjs/react-dom.development.js:15486:18)
      at mountIndeterminateComponent (node_modules/react-dom/cjs/react-dom.development.js:20103:13)
      at beginWork (node_modules/react-dom/cjs/react-dom.development.js:21626:16)
      at beginWork$1 (node_modules/react-dom/cjs/react-dom.development.js:27465:14)
      at performUnitOfWork (node_modules/react-dom/cjs/react-dom.development.js:26599:12)
      at workLoopSync (node_modules/react-dom/cjs/react-dom.development.js:26505:5)
      at renderRootSync (node_modules/react-dom/cjs/react-dom.development.js:26473:7)
      at recoverFromConcurrentError (node_modules/react-dom/cjs/react-dom.development.js:25889:20)
      at performConcurrentWorkOnRoot (node_modules/react-dom/cjs/react-dom.development.js:25789:22)
      at flushActQueue (node_modules/react/cjs/react.development.js:2667:24)
      at act (node_modules/react/cjs/react.development.js:2582:11)
      at node_modules/@testing-library/react/dist/act-compat.js:47:25
      at renderRoot (node_modules/@testing-library/react/dist/pure.js:190:26)
      at render (node_modules/@testing-library/react/dist/pure.js:292:10)
      at Object.<anonymous> (components/__tests__/TimelineModal.test.tsx:257:11)

    console.error
      Warning: React.jsx: type is invalid -- expected a string (for built-in components) or a class/function (for composite components) but got: undefined. You likely forgot to export your component from the file it's defined in, or you might have mixed up default and named imports.
      
      Check the render method of `TimelineModal`.
          at event (C:\Users\alexi\Documents\projects\maicivy\frontend\components\timeline\TimelineModal.tsx:13:56)

    [0m [90m 151 |[39m                 [33m<[39m[33mdiv[39m className[33m=[39m[32m"flex flex-wrap gap-2"[39m[33m>[39m
     [90m 152 |[39m                   {event[33m.[39mtags[33m.[39mmap((tag) [33m=>[39m (
    [31m[1m>[22m[39m[90m 153 |[39m                     [33m<[39m[33mmotion[39m[33m.[39mspan
     [90m     |[39m                     [31m[1m^[22m[39m
     [90m 154 |[39m                       key[33m=[39m{tag}
     [90m 155 |[39m                       whileHover[33m=[39m{{ scale[33m:[39m [35m1.05[39m }}
     [90m 156 |[39m                       className[33m=[39m[32m"px-4 py-2 bg-blue-500 text-white text-sm font-medium rounded-full shadow-sm"[39m[0m

      at printWarning (node_modules/react/cjs/react-jsx-runtime.development.js:87:30)
      at error (node_modules/react/cjs/react-jsx-runtime.development.js:61:7)
      at jsxWithValidation (node_modules/react/cjs/react-jsx-runtime.development.js:1245:7)
      at jsxWithValidationDynamic (node_modules/react/cjs/react-jsx-runtime.development.js:1320:12)
      at components/timeline/TimelineModal.tsx:153:21
          at Array.map (<anonymous>)
      at map (components/timeline/TimelineModal.tsx:152:31)
      at renderWithHooks (node_modules/react-dom/cjs/react-dom.development.js:15486:18)
      at mountIndeterminateComponent (node_modules/react-dom/cjs/react-dom.development.js:20103:13)
      at beginWork (node_modules/react-dom/cjs/react-dom.development.js:21626:16)
      at beginWork$1 (node_modules/react-dom/cjs/react-dom.development.js:27465:14)
      at performUnitOfWork (node_modules/react-dom/cjs/react-dom.development.js:26599:12)
      at workLoopSync (node_modules/react-dom/cjs/react-dom.development.js:26505:5)
      at renderRootSync (node_modules/react-dom/cjs/react-dom.development.js:26473:7)
      at recoverFromConcurrentError (node_modules/react-dom/cjs/react-dom.development.js:25889:20)
      at performConcurrentWorkOnRoot (node_modules/react-dom/cjs/react-dom.development.js:25789:22)
      at flushActQueue (node_modules/react/cjs/react.development.js:2667:24)
      at act (node_modules/react/cjs/react.development.js:2582:11)
      at node_modules/@testing-library/react/dist/act-compat.js:47:25
      at renderRoot (node_modules/@testing-library/react/dist/pure.js:190:26)
      at render (node_modules/@testing-library/react/dist/pure.js:292:10)
      at Object.<anonymous> (components/__tests__/TimelineModal.test.tsx:257:11)

    console.error
      Warning: React.jsx: type is invalid -- expected a string (for built-in components) or a class/function (for composite components) but got: undefined. You likely forgot to export your component from the file it's defined in, or you might have mixed up default and named imports.
      
      Check the render method of `TimelineModal`.
          at event (C:\Users\alexi\Documents\projects\maicivy\frontend\components\timeline\TimelineModal.tsx:13:56)

    [0m [90m 151 |[39m                 [33m<[39m[33mdiv[39m className[33m=[39m[32m"flex flex-wrap gap-2"[39m[33m>[39m
     [90m 152 |[39m                   {event[33m.[39mtags[33m.[39mmap((tag) [33m=>[39m (
    [31m[1m>[22m[39m[90m 153 |[39m                     [33m<[39m[33mmotion[39m[33m.[39mspan
     [90m     |[39m                     [31m[1m^[22m[39m
     [90m 154 |[39m                       key[33m=[39m{tag}
     [90m 155 |[39m                       whileHover[33m=[39m{{ scale[33m:[39m [35m1.05[39m }}
     [90m 156 |[39m                       className[33m=[39m[32m"px-4 py-2 bg-blue-500 text-white text-sm font-medium rounded-full shadow-sm"[39m[0m

      at printWarning (node_modules/react/cjs/react-jsx-runtime.development.js:87:30)
      at error (node_modules/react/cjs/react-jsx-runtime.development.js:61:7)
      at jsxWithValidation (node_modules/react/cjs/react-jsx-runtime.development.js:1245:7)
      at jsxWithValidationDynamic (node_modules/react/cjs/react-jsx-runtime.development.js:1320:12)
      at components/timeline/TimelineModal.tsx:153:21
          at Array.map (<anonymous>)
      at map (components/timeline/TimelineModal.tsx:152:31)
      at renderWithHooks (node_modules/react-dom/cjs/react-dom.development.js:15486:18)
      at mountIndeterminateComponent (node_modules/react-dom/cjs/react-dom.development.js:20103:13)
      at beginWork (node_modules/react-dom/cjs/react-dom.development.js:21626:16)
      at beginWork$1 (node_modules/react-dom/cjs/react-dom.development.js:27465:14)
      at performUnitOfWork (node_modules/react-dom/cjs/react-dom.development.js:26599:12)
      at workLoopSync (node_modules/react-dom/cjs/react-dom.development.js:26505:5)
      at renderRootSync (node_modules/react-dom/cjs/react-dom.development.js:26473:7)
      at recoverFromConcurrentError (node_modules/react-dom/cjs/react-dom.development.js:25889:20)
      at performConcurrentWorkOnRoot (node_modules/react-dom/cjs/react-dom.development.js:25789:22)
      at flushActQueue (node_modules/react/cjs/react.development.js:2667:24)
      at act (node_modules/react/cjs/react.development.js:2582:11)
      at node_modules/@testing-library/react/dist/act-compat.js:47:25
      at renderRoot (node_modules/@testing-library/react/dist/pure.js:190:26)
      at render (node_modules/@testing-library/react/dist/pure.js:292:10)
      at Object.<anonymous> (components/__tests__/TimelineModal.test.tsx:257:11)

    console.error
      Warning: React.jsx: type is invalid -- expected a string (for built-in components) or a class/function (for composite components) but got: undefined. You likely forgot to export your component from the file it's defined in, or you might have mixed up default and named imports.
      
      Check the render method of `TimelineModal`.
          at event (C:\Users\alexi\Documents\projects\maicivy\frontend\components\timeline\TimelineModal.tsx:13:56)

    [0m [90m 151 |[39m                 [33m<[39m[33mdiv[39m className[33m=[39m[32m"flex flex-wrap gap-2"[39m[33m>[39m
     [90m 152 |[39m                   {event[33m.[39mtags[33m.[39mmap((tag) [33m=>[39m (
    [31m[1m>[22m[39m[90m 153 |[39m                     [33m<[39m[33mmotion[39m[33m.[39mspan
     [90m     |[39m                     [31m[1m^[22m[39m
     [90m 154 |[39m                       key[33m=[39m{tag}
     [90m 155 |[39m                       whileHover[33m=[39m{{ scale[33m:[39m [35m1.05[39m }}
     [90m 156 |[39m                       className[33m=[39m[32m"px-4 py-2 bg-blue-500 text-white text-sm font-medium rounded-full shadow-sm"[39m[0m

      at printWarning (node_modules/react/cjs/react-jsx-runtime.development.js:87:30)
      at error (node_modules/react/cjs/react-jsx-runtime.development.js:61:7)
      at jsxWithValidation (node_modules/react/cjs/react-jsx-runtime.development.js:1245:7)
      at jsxWithValidationDynamic (node_modules/react/cjs/react-jsx-runtime.development.js:1320:12)
      at components/timeline/TimelineModal.tsx:153:21
          at Array.map (<anonymous>)
      at map (components/timeline/TimelineModal.tsx:152:31)
      at renderWithHooks (node_modules/react-dom/cjs/react-dom.development.js:15486:18)
      at mountIndeterminateComponent (node_modules/react-dom/cjs/react-dom.development.js:20103:13)
      at beginWork (node_modules/react-dom/cjs/react-dom.development.js:21626:16)
      at beginWork$1 (node_modules/react-dom/cjs/react-dom.development.js:27465:14)
      at performUnitOfWork (node_modules/react-dom/cjs/react-dom.development.js:26599:12)
      at workLoopSync (node_modules/react-dom/cjs/react-dom.development.js:26505:5)
      at renderRootSync (node_modules/react-dom/cjs/react-dom.development.js:26473:7)
      at recoverFromConcurrentError (node_modules/react-dom/cjs/react-dom.development.js:25889:20)
      at performConcurrentWorkOnRoot (node_modules/react-dom/cjs/react-dom.development.js:25789:22)
      at flushActQueue (node_modules/react/cjs/react.development.js:2667:24)
      at act (node_modules/react/cjs/react.development.js:2582:11)
      at node_modules/@testing-library/react/dist/act-compat.js:47:25
      at renderRoot (node_modules/@testing-library/react/dist/pure.js:190:26)
      at render (node_modules/@testing-library/react/dist/pure.js:292:10)
      at Object.<anonymous> (components/__tests__/TimelineModal.test.tsx:257:11)

    console.error
      Error: Uncaught [Error: Element type is invalid: expected a string (for built-in components) or a class/function (for composite components) but got: undefined. You likely forgot to export your component from the file it's defined in, or you might have mixed up default and named imports.
      
      Check the render method of `TimelineModal`.]
          at reportException (C:\Users\alexi\Documents\projects\maicivy\frontend\node_modules\jsdom\lib\jsdom\living\helpers\runtime-script-errors.js:66:24)
          at innerInvokeEventListeners (C:\Users\alexi\Documents\projects\maicivy\frontend\node_modules\jsdom\lib\jsdom\living\events\EventTarget-impl.js:353:9)
          at invokeEventListeners (C:\Users\alexi\Documents\projects\maicivy\frontend\node_modules\jsdom\lib\jsdom\living\events\EventTarget-impl.js:286:3)
          at HTMLUnknownElementImpl._dispatch (C:\Users\alexi\Documents\projects\maicivy\frontend\node_modules\jsdom\lib\jsdom\living\events\EventTarget-impl.js:233:9)
          at HTMLUnknownElementImpl.dispatchEvent (C:\Users\alexi\Documents\projects\maicivy\frontend\node_modules\jsdom\lib\jsdom\living\events\EventTarget-impl.js:104:17)
          at HTMLUnknownElement.dispatchEvent (C:\Users\alexi\Documents\projects\maicivy\frontend\node_modules\jsdom\lib\jsdom\living\generated\EventTarget.js:241:34)
          at Object.invokeGuardedCallbackDev (C:\Users\alexi\Documents\projects\maicivy\frontend\node_modules\react-dom\cjs\react-dom.development.js:4213:16)
          at invokeGuardedCallback (C:\Users\alexi\Documents\projects\maicivy\frontend\node_modules\react-dom\cjs\react-dom.development.js:4277:31)
          at beginWork$1 (C:\Users\alexi\Documents\projects\maicivy\frontend\node_modules\react-dom\cjs\react-dom.development.js:27490:7)
          at performUnitOfWork (C:\Users\alexi\Documents\projects\maicivy\frontend\node_modules\react-dom\cjs\react-dom.development.js:26599:12)
          at workLoopSync (C:\Users\alexi\Documents\projects\maicivy\frontend\node_modules\react-dom\cjs\react-dom.development.js:26505:5)
          at renderRootSync (C:\Users\alexi\Documents\projects\maicivy\frontend\node_modules\react-dom\cjs\react-dom.development.js:26473:7)
          at recoverFromConcurrentError (C:\Users\alexi\Documents\projects\maicivy\frontend\node_modules\react-dom\cjs\react-dom.development.js:25889:20)
          at performConcurrentWorkOnRoot (C:\Users\alexi\Documents\projects\maicivy\frontend\node_modules\react-dom\cjs\react-dom.development.js:25789:22)
          at flushActQueue (C:\Users\alexi\Documents\projects\maicivy\frontend\node_modules\react\cjs\react.development.js:2667:24)
          at act (C:\Users\alexi\Documents\projects\maicivy\frontend\node_modules\react\cjs\react.development.js:2582:11)
          at C:\Users\alexi\Documents\projects\maicivy\frontend\node_modules\@testing-library\react\dist\act-compat.js:47:25
          at renderRoot (C:\Users\alexi\Documents\projects\maicivy\frontend\node_modules\@testing-library\react\dist\pure.js:190:26)
          at render (C:\Users\alexi\Documents\projects\maicivy\frontend\node_modules\@testing-library\react\dist\pure.js:292:10)
          at Object.<anonymous> (C:\Users\alexi\Documents\projects\maicivy\frontend\components\__tests__\TimelineModal.test.tsx:257:11)
          at Promise.finally.completed (C:\Users\alexi\Documents\projects\maicivy\frontend\node_modules\jest-circus\build\jestAdapterInit.js:1557:28)
          at new Promise (<anonymous>)
          at callAsyncCircusFn (C:\Users\alexi\Documents\projects\maicivy\frontend\node_modules\jest-circus\build\jestAdapterInit.js:1497:10)
          at _callCircusTest (C:\Users\alexi\Documents\projects\maicivy\frontend\node_modules\jest-circus\build\jestAdapterInit.js:1007:40)
          at processTicksAndRejections (node:internal/process/task_queues:103:5)
          at _runTest (C:\Users\alexi\Documents\projects\maicivy\frontend\node_modules\jest-circus\build\jestAdapterInit.js:947:3)
          at C:\Users\alexi\Documents\projects\maicivy\frontend\node_modules\jest-circus\build\jestAdapterInit.js:849:7
          at _runTestsForDescribeBlock (C:\Users\alexi\Documents\projects\maicivy\frontend\node_modules\jest-circus\build\jestAdapterInit.js:862:11)
          at _runTestsForDescribeBlock (C:\Users\alexi\Documents\projects\maicivy\frontend\node_modules\jest-circus\build\jestAdapterInit.js:857:11)
          at run (C:\Users\alexi\Documents\projects\maicivy\frontend\node_modules\jest-circus\build\jestAdapterInit.js:761:3)
          at runAndTransformResultsToJestFormat (C:\Users\alexi\Documents\projects\maicivy\frontend\node_modules\jest-circus\build\jestAdapterInit.js:1918:21)
          at jestAdapter (C:\Users\alexi\Documents\projects\maicivy\frontend\node_modules\jest-circus\build\runner.js:101:19)
          at runTestInternal (C:\Users\alexi\Documents\projects\maicivy\frontend\node_modules\jest-runner\build\testWorker.js:275:16)
          at runTest (C:\Users\alexi\Documents\projects\maicivy\frontend\node_modules\jest-runner\build\testWorker.js:343:7)
          at Object.worker (C:\Users\alexi\Documents\projects\maicivy\frontend\node_modules\jest-runner\build\testWorker.js:497:12) {
        detail: Error: Element type is invalid: expected a string (for built-in components) or a class/function (for composite components) but got: undefined. You likely forgot to export your component from the file it's defined in, or you might have mixed up default and named imports.
        
        Check the render method of `TimelineModal`.
            at createFiberFromTypeAndProps (C:\Users\alexi\Documents\projects\maicivy\frontend\node_modules\react-dom\cjs\react-dom.development.js:28478:17)
            at createFiberFromElement (C:\Users\alexi\Documents\projects\maicivy\frontend\node_modules\react-dom\cjs\react-dom.development.js:28504:15)
            at createChild (C:\Users\alexi\Documents\projects\maicivy\frontend\node_modules\react-dom\cjs\react-dom.development.js:13345:28)
            at reconcileChildrenArray (C:\Users\alexi\Documents\projects\maicivy\frontend\node_modules\react-dom\cjs\react-dom.development.js:13640:25)
            at reconcileChildFibers (C:\Users\alexi\Documents\projects\maicivy\frontend\node_modules\react-dom\cjs\react-dom.development.js:14057:16)
            at reconcileChildren (C:\Users\alexi\Documents\projects\maicivy\frontend\node_modules\react-dom\cjs\react-dom.development.js:19186:28)
            at updateHostComponent (C:\Users\alexi\Documents\projects\maicivy\frontend\node_modules\react-dom\cjs\react-dom.development.js:19953:3)
            at beginWork (C:\Users\alexi\Documents\projects\maicivy\frontend\node_modules\react-dom\cjs\react-dom.development.js:21657:14)
            at HTMLUnknownElement.callCallback (C:\Users\alexi\Documents\projects\maicivy\frontend\node_modules\react-dom\cjs\react-dom.development.js:4164:14)
            at HTMLUnknownElement.callTheUserObjectsOperation (C:\Users\alexi\Documents\projects\maicivy\frontend\node_modules\jsdom\lib\jsdom\living\generated\EventListener.js:26:30)
            at innerInvokeEventListeners (C:\Users\alexi\Documents\projects\maicivy\frontend\node_modules\jsdom\lib\jsdom\living\events\EventTarget-impl.js:350:25)
            at invokeEventListeners (C:\Users\alexi\Documents\projects\maicivy\frontend\node_modules\jsdom\lib\jsdom\living\events\EventTarget-impl.js:286:3)
            at HTMLUnknownElementImpl._dispatch (C:\Users\alexi\Documents\projects\maicivy\frontend\node_modules\jsdom\lib\jsdom\living\events\EventTarget-impl.js:233:9)
            at HTMLUnknownElementImpl.dispatchEvent (C:\Users\alexi\Documents\projects\maicivy\frontend\node_modules\jsdom\lib\jsdom\living\events\EventTarget-impl.js:104:17)
            at HTMLUnknownElement.dispatchEvent (C:\Users\alexi\Documents\projects\maicivy\frontend\node_modules\jsdom\lib\jsdom\living\generated\EventTarget.js:241:34)
            at Object.invokeGuardedCallbackDev (C:\Users\alexi\Documents\projects\maicivy\frontend\node_modules\react-dom\cjs\react-dom.development.js:4213:16)
            at invokeGuardedCallback (C:\Users\alexi\Documents\projects\maicivy\frontend\node_modules\react-dom\cjs\react-dom.development.js:4277:31)
            at beginWork$1 (C:\Users\alexi\Documents\projects\maicivy\frontend\node_modules\react-dom\cjs\react-dom.development.js:27490:7)
            at performUnitOfWork (C:\Users\alexi\Documents\projects\maicivy\frontend\node_modules\react-dom\cjs\react-dom.development.js:26599:12)
            at workLoopSync (C:\Users\alexi\Documents\projects\maicivy\frontend\node_modules\react-dom\cjs\react-dom.development.js:26505:5)
            at renderRootSync (C:\Users\alexi\Documents\projects\maicivy\frontend\node_modules\react-dom\cjs\react-dom.development.js:26473:7)
            at recoverFromConcurrentError (C:\Users\alexi\Documents\projects\maicivy\frontend\node_modules\react-dom\cjs\react-dom.development.js:25889:20)
            at performConcurrentWorkOnRoot (C:\Users\alexi\Documents\projects\maicivy\frontend\node_modules\react-dom\cjs\react-dom.development.js:25789:22)
            at flushActQueue (C:\Users\alexi\Documents\projects\maicivy\frontend\node_modules\react\cjs\react.development.js:2667:24)
            at act (C:\Users\alexi\Documents\projects\maicivy\frontend\node_modules\react\cjs\react.development.js:2582:11)
            at C:\Users\alexi\Documents\projects\maicivy\frontend\node_modules\@testing-library\react\dist\act-compat.js:47:25
            at renderRoot (C:\Users\alexi\Documents\projects\maicivy\frontend\node_modules\@testing-library\react\dist\pure.js:190:26)
            at render (C:\Users\alexi\Documents\projects\maicivy\frontend\node_modules\@testing-library\react\dist\pure.js:292:10)
            at Object.<anonymous> (C:\Users\alexi\Documents\projects\maicivy\frontend\components\__tests__\TimelineModal.test.tsx:257:11)
            at Promise.finally.completed (C:\Users\alexi\Documents\projects\maicivy\frontend\node_modules\jest-circus\build\jestAdapterInit.js:1557:28)
            at new Promise (<anonymous>)
            at callAsyncCircusFn (C:\Users\alexi\Documents\projects\maicivy\frontend\node_modules\jest-circus\build\jestAdapterInit.js:1497:10)
            at _callCircusTest (C:\Users\alexi\Documents\projects\maicivy\frontend\node_modules\jest-circus\build\jestAdapterInit.js:1007:40)
            at processTicksAndRejections (node:internal/process/task_queues:103:5)
            at _runTest (C:\Users\alexi\Documents\projects\maicivy\frontend\node_modules\jest-circus\build\jestAdapterInit.js:947:3)
            at C:\Users\alexi\Documents\projects\maicivy\frontend\node_modules\jest-circus\build\jestAdapterInit.js:849:7
            at _runTestsForDescribeBlock (C:\Users\alexi\Documents\projects\maicivy\frontend\node_modules\jest-circus\build\jestAdapterInit.js:862:11)
            at _runTestsForDescribeBlock (C:\Users\alexi\Documents\projects\maicivy\frontend\node_modules\jest-circus\build\jestAdapterInit.js:857:11)
            at run (C:\Users\alexi\Documents\projects\maicivy\frontend\node_modules\jest-circus\build\jestAdapterInit.js:761:3)
            at runAndTransformResultsToJestFormat (C:\Users\alexi\Documents\projects\maicivy\frontend\node_modules\jest-circus\build\jestAdapterInit.js:1918:21)
            at jestAdapter (C:\Users\alexi\Documents\projects\maicivy\frontend\node_modules\jest-circus\build\runner.js:101:19)
            at runTestInternal (C:\Users\alexi\Documents\projects\maicivy\frontend\node_modules\jest-runner\build\testWorker.js:275:16)
            at runTest (C:\Users\alexi\Documents\projects\maicivy\frontend\node_modules\jest-runner\build\testWorker.js:343:7)
            at Object.worker (C:\Users\alexi\Documents\projects\maicivy\frontend\node_modules\jest-runner\build\testWorker.js:497:12),
        type: 'unhandled exception'
      }

    [0m [90m 255 |[39m     [36mconst[39m onClose [33m=[39m jest[33m.[39mfn()[33m;[39m
     [90m 256 |[39m
    [31m[1m>[22m[39m[90m 257 |[39m     render([33m<[39m[33mTimelineModal[39m event[33m=[39m{mockEvent} onClose[33m=[39m{onClose} [33m/[39m[33m>[39m)[33m;[39m
     [90m     |[39m           [31m[1m^[22m[39m
     [90m 258 |[39m
     [90m 259 |[39m     [36mconst[39m escapeEvent [33m=[39m [36mnew[39m [33mKeyboardEvent[39m([32m'keydown'[39m[33m,[39m { key[33m:[39m [32m'Escape'[39m })[33m;[39m
     [90m 260 |[39m     document[33m.[39mdispatchEvent(escapeEvent)[33m;[39m[0m

      at VirtualConsole.<anonymous> (node_modules/@jest/environment-jsdom-abstract/build/index.js:87:23)
      at reportException (node_modules/jsdom/lib/jsdom/living/helpers/runtime-script-errors.js:70:28)
      at innerInvokeEventListeners (node_modules/jsdom/lib/jsdom/living/events/EventTarget-impl.js:353:9)
      at invokeEventListeners (node_modules/jsdom/lib/jsdom/living/events/EventTarget-impl.js:286:3)
      at HTMLUnknownElementImpl._dispatch (node_modules/jsdom/lib/jsdom/living/events/EventTarget-impl.js:233:9)
      at HTMLUnknownElementImpl.dispatchEvent (node_modules/jsdom/lib/jsdom/living/events/EventTarget-impl.js:104:17)
      at HTMLUnknownElement.dispatchEvent (node_modules/jsdom/lib/jsdom/living/generated/EventTarget.js:241:34)
      at Object.invokeGuardedCallbackDev (node_modules/react-dom/cjs/react-dom.development.js:4213:16)
      at invokeGuardedCallback (node_modules/react-dom/cjs/react-dom.development.js:4277:31)
      at beginWork$1 (node_modules/react-dom/cjs/react-dom.development.js:27490:7)
      at performUnitOfWork (node_modules/react-dom/cjs/react-dom.development.js:26599:12)
      at workLoopSync (node_modules/react-dom/cjs/react-dom.development.js:26505:5)
      at renderRootSync (node_modules/react-dom/cjs/react-dom.development.js:26473:7)
      at recoverFromConcurrentError (node_modules/react-dom/cjs/react-dom.development.js:25889:20)
      at performConcurrentWorkOnRoot (node_modules/react-dom/cjs/react-dom.development.js:25789:22)
      at flushActQueue (node_modules/react/cjs/react.development.js:2667:24)
      at act (node_modules/react/cjs/react.development.js:2582:11)
      at node_modules/@testing-library/react/dist/act-compat.js:47:25
      at renderRoot (node_modules/@testing-library/react/dist/pure.js:190:26)
      at render (node_modules/@testing-library/react/dist/pure.js:292:10)
      at Object.<anonymous> (components/__tests__/TimelineModal.test.tsx:257:11)

    console.error
      The above error occurred in the <div> component:
      
          at div
          at div
          at div
          at div
          at children (C:\Users\alexi\Documents\projects\maicivy\frontend\components\__tests__\TimelineModal.test.tsx:8:13)
          at div
          at children (C:\Users\alexi\Documents\projects\maicivy\frontend\components\__tests__\TimelineModal.test.tsx:8:13)
          at children (C:\Users\alexi\Documents\projects\maicivy\frontend\components\__tests__\TimelineModal.test.tsx:12:23)
          at event (C:\Users\alexi\Documents\projects\maicivy\frontend\components\timeline\TimelineModal.tsx:13:56)
      
      Consider adding an error boundary to your tree to customize error handling behavior.
      Visit https://reactjs.org/link/error-boundaries to learn more about error boundaries.

    [0m [90m 255 |[39m     [36mconst[39m onClose [33m=[39m jest[33m.[39mfn()[33m;[39m
     [90m 256 |[39m
    [31m[1m>[22m[39m[90m 257 |[39m     render([33m<[39m[33mTimelineModal[39m event[33m=[39m{mockEvent} onClose[33m=[39m{onClose} [33m/[39m[33m>[39m)[33m;[39m
     [90m     |[39m           [31m[1m^[22m[39m
     [90m 258 |[39m
     [90m 259 |[39m     [36mconst[39m escapeEvent [33m=[39m [36mnew[39m [33mKeyboardEvent[39m([32m'keydown'[39m[33m,[39m { key[33m:[39m [32m'Escape'[39m })[33m;[39m
     [90m 260 |[39m     document[33m.[39mdispatchEvent(escapeEvent)[33m;[39m[0m

      at logCapturedError (node_modules/react-dom/cjs/react-dom.development.js:18704:23)
      at update.callback (node_modules/react-dom/cjs/react-dom.development.js:18737:5)
      at callCallback (node_modules/react-dom/cjs/react-dom.development.js:15036:12)
      at commitUpdateQueue (node_modules/react-dom/cjs/react-dom.development.js:15057:9)
      at commitLayoutEffectOnFiber (node_modules/react-dom/cjs/react-dom.development.js:23430:13)
      at commitLayoutMountEffects_complete (node_modules/react-dom/cjs/react-dom.development.js:24727:9)
      at commitLayoutEffects_begin (node_modules/react-dom/cjs/react-dom.development.js:24713:7)
      at commitLayoutEffects (node_modules/react-dom/cjs/react-dom.development.js:24651:3)
      at commitRootImpl (node_modules/react-dom/cjs/react-dom.development.js:26862:5)
      at commitRoot (node_modules/react-dom/cjs/react-dom.development.js:26721:5)
      at finishConcurrentRender (node_modules/react-dom/cjs/react-dom.development.js:25931:9)
      at performConcurrentWorkOnRoot (node_modules/react-dom/cjs/react-dom.development.js:25848:7)
      at flushActQueue (node_modules/react/cjs/react.development.js:2667:24)
      at act (node_modules/react/cjs/react.development.js:2582:11)
      at node_modules/@testing-library/react/dist/act-compat.js:47:25
      at renderRoot (node_modules/@testing-library/react/dist/pure.js:190:26)
      at render (node_modules/@testing-library/react/dist/pure.js:292:10)
      at Object.<anonymous> (components/__tests__/TimelineModal.test.tsx:257:11)

    console.error
      Warning: React.jsx: type is invalid -- expected a string (for built-in components) or a class/function (for composite components) but got: undefined. You likely forgot to export your component from the file it's defined in, or you might have mixed up default and named imports.
      
      Check the render method of `TimelineModal`.
          at event (C:\Users\alexi\Documents\projects\maicivy\frontend\components\timeline\TimelineModal.tsx:13:56)

    [0m [90m 151 |[39m                 [33m<[39m[33mdiv[39m className[33m=[39m[32m"flex flex-wrap gap-2"[39m[33m>[39m
     [90m 152 |[39m                   {event[33m.[39mtags[33m.[39mmap((tag) [33m=>[39m (
    [31m[1m>[22m[39m[90m 153 |[39m                     [33m<[39m[33mmotion[39m[33m.[39mspan
     [90m     |[39m                     [31m[1m^[22m[39m
     [90m 154 |[39m                       key[33m=[39m{tag}
     [90m 155 |[39m                       whileHover[33m=[39m{{ scale[33m:[39m [35m1.05[39m }}
     [90m 156 |[39m                       className[33m=[39m[32m"px-4 py-2 bg-blue-500 text-white text-sm font-medium rounded-full shadow-sm"[39m[0m

      at printWarning (node_modules/react/cjs/react-jsx-runtime.development.js:87:30)
      at error (node_modules/react/cjs/react-jsx-runtime.development.js:61:7)
      at jsxWithValidation (node_modules/react/cjs/react-jsx-runtime.development.js:1245:7)
      at jsxWithValidationDynamic (node_modules/react/cjs/react-jsx-runtime.development.js:1320:12)
      at components/timeline/TimelineModal.tsx:153:21
          at Array.map (<anonymous>)
      at map (components/timeline/TimelineModal.tsx:152:31)
      at renderWithHooks (node_modules/react-dom/cjs/react-dom.development.js:15486:18)
      at mountIndeterminateComponent (node_modules/react-dom/cjs/react-dom.development.js:20103:13)
      at beginWork (node_modules/react-dom/cjs/react-dom.development.js:21626:16)
      at beginWork$1 (node_modules/react-dom/cjs/react-dom.development.js:27465:14)
      at performUnitOfWork (node_modules/react-dom/cjs/react-dom.development.js:26599:12)
      at workLoopSync (node_modules/react-dom/cjs/react-dom.development.js:26505:5)
      at renderRootSync (node_modules/react-dom/cjs/react-dom.development.js:26473:7)
      at performConcurrentWorkOnRoot (node_modules/react-dom/cjs/react-dom.development.js:25777:74)
      at flushActQueue (node_modules/react/cjs/react.development.js:2667:24)
      at act (node_modules/react/cjs/react.development.js:2582:11)
      at node_modules/@testing-library/react/dist/act-compat.js:47:25
      at renderRoot (node_modules/@testing-library/react/dist/pure.js:190:26)
      at render (node_modules/@testing-library/react/dist/pure.js:292:10)
      at Object.<anonymous> (components/__tests__/TimelineModal.test.tsx:268:11)

    console.error
      Warning: React.jsx: type is invalid -- expected a string (for built-in components) or a class/function (for composite components) but got: undefined. You likely forgot to export your component from the file it's defined in, or you might have mixed up default and named imports.
      
      Check the render method of `TimelineModal`.
          at event (C:\Users\alexi\Documents\projects\maicivy\frontend\components\timeline\TimelineModal.tsx:13:56)

    [0m [90m 151 |[39m                 [33m<[39m[33mdiv[39m className[33m=[39m[32m"flex flex-wrap gap-2"[39m[33m>[39m
     [90m 152 |[39m                   {event[33m.[39mtags[33m.[39mmap((tag) [33m=>[39m (
    [31m[1m>[22m[39m[90m 153 |[39m                     [33m<[39m[33mmotion[39m[33m.[39mspan
     [90m     |[39m                     [31m[1m^[22m[39m
     [90m 154 |[39m                       key[33m=[39m{tag}
     [90m 155 |[39m                       whileHover[33m=[39m{{ scale[33m:[39m [35m1.05[39m }}
     [90m 156 |[39m                       className[33m=[39m[32m"px-4 py-2 bg-blue-500 text-white text-sm font-medium rounded-full shadow-sm"[39m[0m

      at printWarning (node_modules/react/cjs/react-jsx-runtime.development.js:87:30)
      at error (node_modules/react/cjs/react-jsx-runtime.development.js:61:7)
      at jsxWithValidation (node_modules/react/cjs/react-jsx-runtime.development.js:1245:7)
      at jsxWithValidationDynamic (node_modules/react/cjs/react-jsx-runtime.development.js:1320:12)
      at components/timeline/TimelineModal.tsx:153:21
          at Array.map (<anonymous>)
      at map (components/timeline/TimelineModal.tsx:152:31)
      at renderWithHooks (node_modules/react-dom/cjs/react-dom.development.js:15486:18)
      at mountIndeterminateComponent (node_modules/react-dom/cjs/react-dom.development.js:20103:13)
      at beginWork (node_modules/react-dom/cjs/react-dom.development.js:21626:16)
      at beginWork$1 (node_modules/react-dom/cjs/react-dom.development.js:27465:14)
      at performUnitOfWork (node_modules/react-dom/cjs/react-dom.development.js:26599:12)
      at workLoopSync (node_modules/react-dom/cjs/react-dom.development.js:26505:5)
      at renderRootSync (node_modules/react-dom/cjs/react-dom.development.js:26473:7)
      at performConcurrentWorkOnRoot (node_modules/react-dom/cjs/react-dom.development.js:25777:74)
      at flushActQueue (node_modules/react/cjs/react.development.js:2667:24)
      at act (node_modules/react/cjs/react.development.js:2582:11)
      at node_modules/@testing-library/react/dist/act-compat.js:47:25
      at renderRoot (node_modules/@testing-library/react/dist/pure.js:190:26)
      at render (node_modules/@testing-library/react/dist/pure.js:292:10)
      at Object.<anonymous> (components/__tests__/TimelineModal.test.tsx:268:11)

    console.error
      Warning: React.jsx: type is invalid -- expected a string (for built-in components) or a class/function (for composite components) but got: undefined. You likely forgot to export your component from the file it's defined in, or you might have mixed up default and named imports.
      
      Check the render method of `TimelineModal`.
          at event (C:\Users\alexi\Documents\projects\maicivy\frontend\components\timeline\TimelineModal.tsx:13:56)

    [0m [90m 151 |[39m                 [33m<[39m[33mdiv[39m className[33m=[39m[32m"flex flex-wrap gap-2"[39m[33m>[39m
     [90m 152 |[39m                   {event[33m.[39mtags[33m.[39mmap((tag) [33m=>[39m (
    [31m[1m>[22m[39m[90m 153 |[39m                     [33m<[39m[33mmotion[39m[33m.[39mspan
     [90m     |[39m                     [31m[1m^[22m[39m
     [90m 154 |[39m                       key[33m=[39m{tag}
     [90m 155 |[39m                       whileHover[33m=[39m{{ scale[33m:[39m [35m1.05[39m }}
     [90m 156 |[39m                       className[33m=[39m[32m"px-4 py-2 bg-blue-500 text-white text-sm font-medium rounded-full shadow-sm"[39m[0m

      at printWarning (node_modules/react/cjs/react-jsx-runtime.development.js:87:30)
      at error (node_modules/react/cjs/react-jsx-runtime.development.js:61:7)
      at jsxWithValidation (node_modules/react/cjs/react-jsx-runtime.development.js:1245:7)
      at jsxWithValidationDynamic (node_modules/react/cjs/react-jsx-runtime.development.js:1320:12)
      at components/timeline/TimelineModal.tsx:153:21
          at Array.map (<anonymous>)
      at map (components/timeline/TimelineModal.tsx:152:31)
      at renderWithHooks (node_modules/react-dom/cjs/react-dom.development.js:15486:18)
      at mountIndeterminateComponent (node_modules/react-dom/cjs/react-dom.development.js:20103:13)
      at beginWork (node_modules/react-dom/cjs/react-dom.development.js:21626:16)
      at beginWork$1 (node_modules/react-dom/cjs/react-dom.development.js:27465:14)
      at performUnitOfWork (node_modules/react-dom/cjs/react-dom.development.js:26599:12)
      at workLoopSync (node_modules/react-dom/cjs/react-dom.development.js:26505:5)
      at renderRootSync (node_modules/react-dom/cjs/react-dom.development.js:26473:7)
      at performConcurrentWorkOnRoot (node_modules/react-dom/cjs/react-dom.development.js:25777:74)
      at flushActQueue (node_modules/react/cjs/react.development.js:2667:24)
      at act (node_modules/react/cjs/react.development.js:2582:11)
      at node_modules/@testing-library/react/dist/act-compat.js:47:25
      at renderRoot (node_modules/@testing-library/react/dist/pure.js:190:26)
      at render (node_modules/@testing-library/react/dist/pure.js:292:10)
      at Object.<anonymous> (components/__tests__/TimelineModal.test.tsx:268:11)

    console.error
      Warning: React.jsx: type is invalid -- expected a string (for built-in components) or a class/function (for composite components) but got: undefined. You likely forgot to export your component from the file it's defined in, or you might have mixed up default and named imports.
      
      Check the render method of `TimelineModal`.
          at event (C:\Users\alexi\Documents\projects\maicivy\frontend\components\timeline\TimelineModal.tsx:13:56)

    [0m [90m 151 |[39m                 [33m<[39m[33mdiv[39m className[33m=[39m[32m"flex flex-wrap gap-2"[39m[33m>[39m
     [90m 152 |[39m                   {event[33m.[39mtags[33m.[39mmap((tag) [33m=>[39m (
    [31m[1m>[22m[39m[90m 153 |[39m                     [33m<[39m[33mmotion[39m[33m.[39mspan
     [90m     |[39m                     [31m[1m^[22m[39m
     [90m 154 |[39m                       key[33m=[39m{tag}
     [90m 155 |[39m                       whileHover[33m=[39m{{ scale[33m:[39m [35m1.05[39m }}
     [90m 156 |[39m                       className[33m=[39m[32m"px-4 py-2 bg-blue-500 text-white text-sm font-medium rounded-full shadow-sm"[39m[0m

      at printWarning (node_modules/react/cjs/react-jsx-runtime.development.js:87:30)
      at error (node_modules/react/cjs/react-jsx-runtime.development.js:61:7)
      at jsxWithValidation (node_modules/react/cjs/react-jsx-runtime.development.js:1245:7)
      at jsxWithValidationDynamic (node_modules/react/cjs/react-jsx-runtime.development.js:1320:12)
      at components/timeline/TimelineModal.tsx:153:21
          at Array.map (<anonymous>)
      at map (components/timeline/TimelineModal.tsx:152:31)
      at renderWithHooks (node_modules/react-dom/cjs/react-dom.development.js:15486:18)
      at mountIndeterminateComponent (node_modules/react-dom/cjs/react-dom.development.js:20103:13)
      at beginWork (node_modules/react-dom/cjs/react-dom.development.js:21626:16)
      at beginWork$1 (node_modules/react-dom/cjs/react-dom.development.js:27465:14)
      at performUnitOfWork (node_modules/react-dom/cjs/react-dom.development.js:26599:12)
      at workLoopSync (node_modules/react-dom/cjs/react-dom.development.js:26505:5)
      at renderRootSync (node_modules/react-dom/cjs/react-dom.development.js:26473:7)
      at performConcurrentWorkOnRoot (node_modules/react-dom/cjs/react-dom.development.js:25777:74)
      at flushActQueue (node_modules/react/cjs/react.development.js:2667:24)
      at act (node_modules/react/cjs/react.development.js:2582:11)
      at node_modules/@testing-library/react/dist/act-compat.js:47:25
      at renderRoot (node_modules/@testing-library/react/dist/pure.js:190:26)
      at render (node_modules/@testing-library/react/dist/pure.js:292:10)
      at Object.<anonymous> (components/__tests__/TimelineModal.test.tsx:268:11)

    console.error
      Warning: React.jsx: type is invalid -- expected a string (for built-in components) or a class/function (for composite components) but got: undefined. You likely forgot to export your component from the file it's defined in, or you might have mixed up default and named imports.
      
      Check the render method of `TimelineModal`.
          at event (C:\Users\alexi\Documents\projects\maicivy\frontend\components\timeline\TimelineModal.tsx:13:56)

    [0m [90m 151 |[39m                 [33m<[39m[33mdiv[39m className[33m=[39m[32m"flex flex-wrap gap-2"[39m[33m>[39m
     [90m 152 |[39m                   {event[33m.[39mtags[33m.[39mmap((tag) [33m=>[39m (
    [31m[1m>[22m[39m[90m 153 |[39m                     [33m<[39m[33mmotion[39m[33m.[39mspan
     [90m     |[39m                     [31m[1m^[22m[39m
     [90m 154 |[39m                       key[33m=[39m{tag}
     [90m 155 |[39m                       whileHover[33m=[39m{{ scale[33m:[39m [35m1.05[39m }}
     [90m 156 |[39m                       className[33m=[39m[32m"px-4 py-2 bg-blue-500 text-white text-sm font-medium rounded-full shadow-sm"[39m[0m

      at printWarning (node_modules/react/cjs/react-jsx-runtime.development.js:87:30)
      at error (node_modules/react/cjs/react-jsx-runtime.development.js:61:7)
      at jsxWithValidation (node_modules/react/cjs/react-jsx-runtime.development.js:1245:7)
      at jsxWithValidationDynamic (node_modules/react/cjs/react-jsx-runtime.development.js:1320:12)
      at components/timeline/TimelineModal.tsx:153:21
          at Array.map (<anonymous>)
      at map (components/timeline/TimelineModal.tsx:152:31)
      at renderWithHooks (node_modules/react-dom/cjs/react-dom.development.js:15486:18)
      at mountIndeterminateComponent (node_modules/react-dom/cjs/react-dom.development.js:20103:13)
      at beginWork (node_modules/react-dom/cjs/react-dom.development.js:21626:16)
      at beginWork$1 (node_modules/react-dom/cjs/react-dom.development.js:27465:14)
      at performUnitOfWork (node_modules/react-dom/cjs/react-dom.development.js:26599:12)
      at workLoopSync (node_modules/react-dom/cjs/react-dom.development.js:26505:5)
      at renderRootSync (node_modules/react-dom/cjs/react-dom.development.js:26473:7)
      at performConcurrentWorkOnRoot (node_modules/react-dom/cjs/react-dom.development.js:25777:74)
      at flushActQueue (node_modules/react/cjs/react.development.js:2667:24)
      at act (node_modules/react/cjs/react.development.js:2582:11)
      at node_modules/@testing-library/react/dist/act-compat.js:47:25
      at renderRoot (node_modules/@testing-library/react/dist/pure.js:190:26)
      at render (node_modules/@testing-library/react/dist/pure.js:292:10)
      at Object.<anonymous> (components/__tests__/TimelineModal.test.tsx:268:11)

    console.error
      Error: Uncaught [Error: Element type is invalid: expected a string (for built-in components) or a class/function (for composite components) but got: undefined. You likely forgot to export your component from the file it's defined in, or you might have mixed up default and named imports.
      
      Check the render method of `TimelineModal`.]
          at reportException (C:\Users\alexi\Documents\projects\maicivy\frontend\node_modules\jsdom\lib\jsdom\living\helpers\runtime-script-errors.js:66:24)
          at innerInvokeEventListeners (C:\Users\alexi\Documents\projects\maicivy\frontend\node_modules\jsdom\lib\jsdom\living\events\EventTarget-impl.js:353:9)
          at invokeEventListeners (C:\Users\alexi\Documents\projects\maicivy\frontend\node_modules\jsdom\lib\jsdom\living\events\EventTarget-impl.js:286:3)
          at HTMLUnknownElementImpl._dispatch (C:\Users\alexi\Documents\projects\maicivy\frontend\node_modules\jsdom\lib\jsdom\living\events\EventTarget-impl.js:233:9)
          at HTMLUnknownElementImpl.dispatchEvent (C:\Users\alexi\Documents\projects\maicivy\frontend\node_modules\jsdom\lib\jsdom\living\events\EventTarget-impl.js:104:17)
          at HTMLUnknownElement.dispatchEvent (C:\Users\alexi\Documents\projects\maicivy\frontend\node_modules\jsdom\lib\jsdom\living\generated\EventTarget.js:241:34)
          at Object.invokeGuardedCallbackDev (C:\Users\alexi\Documents\projects\maicivy\frontend\node_modules\react-dom\cjs\react-dom.development.js:4213:16)
          at invokeGuardedCallback (C:\Users\alexi\Documents\projects\maicivy\frontend\node_modules\react-dom\cjs\react-dom.development.js:4277:31)
          at beginWork$1 (C:\Users\alexi\Documents\projects\maicivy\frontend\node_modules\react-dom\cjs\react-dom.development.js:27490:7)
          at performUnitOfWork (C:\Users\alexi\Documents\projects\maicivy\frontend\node_modules\react-dom\cjs\react-dom.development.js:26599:12)
          at workLoopSync (C:\Users\alexi\Documents\projects\maicivy\frontend\node_modules\react-dom\cjs\react-dom.development.js:26505:5)
          at renderRootSync (C:\Users\alexi\Documents\projects\maicivy\frontend\node_modules\react-dom\cjs\react-dom.development.js:26473:7)
          at performConcurrentWorkOnRoot (C:\Users\alexi\Documents\projects\maicivy\frontend\node_modules\react-dom\cjs\react-dom.development.js:25777:74)
          at flushActQueue (C:\Users\alexi\Documents\projects\maicivy\frontend\node_modules\react\cjs\react.development.js:2667:24)
          at act (C:\Users\alexi\Documents\projects\maicivy\frontend\node_modules\react\cjs\react.development.js:2582:11)
          at C:\Users\alexi\Documents\projects\maicivy\frontend\node_modules\@testing-library\react\dist\act-compat.js:47:25
          at renderRoot (C:\Users\alexi\Documents\projects\maicivy\frontend\node_modules\@testing-library\react\dist\pure.js:190:26)
          at render (C:\Users\alexi\Documents\projects\maicivy\frontend\node_modules\@testing-library\react\dist\pure.js:292:10)
          at Object.<anonymous> (C:\Users\alexi\Documents\projects\maicivy\frontend\components\__tests__\TimelineModal.test.tsx:268:11)
          at Promise.finally.completed (C:\Users\alexi\Documents\projects\maicivy\frontend\node_modules\jest-circus\build\jestAdapterInit.js:1557:28)
          at new Promise (<anonymous>)
          at callAsyncCircusFn (C:\Users\alexi\Documents\projects\maicivy\frontend\node_modules\jest-circus\build\jestAdapterInit.js:1497:10)
          at _callCircusTest (C:\Users\alexi\Documents\projects\maicivy\frontend\node_modules\jest-circus\build\jestAdapterInit.js:1007:40)
          at processTicksAndRejections (node:internal/process/task_queues:103:5)
          at _runTest (C:\Users\alexi\Documents\projects\maicivy\frontend\node_modules\jest-circus\build\jestAdapterInit.js:947:3)
          at C:\Users\alexi\Documents\projects\maicivy\frontend\node_modules\jest-circus\build\jestAdapterInit.js:849:7
          at _runTestsForDescribeBlock (C:\Users\alexi\Documents\projects\maicivy\frontend\node_modules\jest-circus\build\jestAdapterInit.js:862:11)
          at _runTestsForDescribeBlock (C:\Users\alexi\Documents\projects\maicivy\frontend\node_modules\jest-circus\build\jestAdapterInit.js:857:11)
          at run (C:\Users\alexi\Documents\projects\maicivy\frontend\node_modules\jest-circus\build\jestAdapterInit.js:761:3)
          at runAndTransformResultsToJestFormat (C:\Users\alexi\Documents\projects\maicivy\frontend\node_modules\jest-circus\build\jestAdapterInit.js:1918:21)
          at jestAdapter (C:\Users\alexi\Documents\projects\maicivy\frontend\node_modules\jest-circus\build\runner.js:101:19)
          at runTestInternal (C:\Users\alexi\Documents\projects\maicivy\frontend\node_modules\jest-runner\build\testWorker.js:275:16)
          at runTest (C:\Users\alexi\Documents\projects\maicivy\frontend\node_modules\jest-runner\build\testWorker.js:343:7)
          at Object.worker (C:\Users\alexi\Documents\projects\maicivy\frontend\node_modules\jest-runner\build\testWorker.js:497:12) {
        detail: Error: Element type is invalid: expected a string (for built-in components) or a class/function (for composite components) but got: undefined. You likely forgot to export your component from the file it's defined in, or you might have mixed up default and named imports.
        
        Check the render method of `TimelineModal`.
            at createFiberFromTypeAndProps (C:\Users\alexi\Documents\projects\maicivy\frontend\node_modules\react-dom\cjs\react-dom.development.js:28478:17)
            at createFiberFromElement (C:\Users\alexi\Documents\projects\maicivy\frontend\node_modules\react-dom\cjs\react-dom.development.js:28504:15)
            at createChild (C:\Users\alexi\Documents\projects\maicivy\frontend\node_modules\react-dom\cjs\react-dom.development.js:13345:28)
            at reconcileChildrenArray (C:\Users\alexi\Documents\projects\maicivy\frontend\node_modules\react-dom\cjs\react-dom.development.js:13640:25)
            at reconcileChildFibers (C:\Users\alexi\Documents\projects\maicivy\frontend\node_modules\react-dom\cjs\react-dom.development.js:14057:16)
            at reconcileChildren (C:\Users\alexi\Documents\projects\maicivy\frontend\node_modules\react-dom\cjs\react-dom.development.js:19186:28)
            at updateHostComponent (C:\Users\alexi\Documents\projects\maicivy\frontend\node_modules\react-dom\cjs\react-dom.development.js:19953:3)
            at beginWork (C:\Users\alexi\Documents\projects\maicivy\frontend\node_modules\react-dom\cjs\react-dom.development.js:21657:14)
            at HTMLUnknownElement.callCallback (C:\Users\alexi\Documents\projects\maicivy\frontend\node_modules\react-dom\cjs\react-dom.development.js:4164:14)
            at HTMLUnknownElement.callTheUserObjectsOperation (C:\Users\alexi\Documents\projects\maicivy\frontend\node_modules\jsdom\lib\jsdom\living\generated\EventListener.js:26:30)
            at innerInvokeEventListeners (C:\Users\alexi\Documents\projects\maicivy\frontend\node_modules\jsdom\lib\jsdom\living\events\EventTarget-impl.js:350:25)
            at invokeEventListeners (C:\Users\alexi\Documents\projects\maicivy\frontend\node_modules\jsdom\lib\jsdom\living\events\EventTarget-impl.js:286:3)
            at HTMLUnknownElementImpl._dispatch (C:\Users\alexi\Documents\projects\maicivy\frontend\node_modules\jsdom\lib\jsdom\living\events\EventTarget-impl.js:233:9)
            at HTMLUnknownElementImpl.dispatchEvent (C:\Users\alexi\Documents\projects\maicivy\frontend\node_modules\jsdom\lib\jsdom\living\events\EventTarget-impl.js:104:17)
            at HTMLUnknownElement.dispatchEvent (C:\Users\alexi\Documents\projects\maicivy\frontend\node_modules\jsdom\lib\jsdom\living\generated\EventTarget.js:241:34)
            at Object.invokeGuardedCallbackDev (C:\Users\alexi\Documents\projects\maicivy\frontend\node_modules\react-dom\cjs\react-dom.development.js:4213:16)
            at invokeGuardedCallback (C:\Users\alexi\Documents\projects\maicivy\frontend\node_modules\react-dom\cjs\react-dom.development.js:4277:31)
            at beginWork$1 (C:\Users\alexi\Documents\projects\maicivy\frontend\node_modules\react-dom\cjs\react-dom.development.js:27490:7)
            at performUnitOfWork (C:\Users\alexi\Documents\projects\maicivy\frontend\node_modules\react-dom\cjs\react-dom.development.js:26599:12)
            at workLoopSync (C:\Users\alexi\Documents\projects\maicivy\frontend\node_modules\react-dom\cjs\react-dom.development.js:26505:5)
            at renderRootSync (C:\Users\alexi\Documents\projects\maicivy\frontend\node_modules\react-dom\cjs\react-dom.development.js:26473:7)
            at performConcurrentWorkOnRoot (C:\Users\alexi\Documents\projects\maicivy\frontend\node_modules\react-dom\cjs\react-dom.development.js:25777:74)
            at flushActQueue (C:\Users\alexi\Documents\projects\maicivy\frontend\node_modules\react\cjs\react.development.js:2667:24)
            at act (C:\Users\alexi\Documents\projects\maicivy\frontend\node_modules\react\cjs\react.development.js:2582:11)
            at C:\Users\alexi\Documents\projects\maicivy\frontend\node_modules\@testing-library\react\dist\act-compat.js:47:25
            at renderRoot (C:\Users\alexi\Documents\projects\maicivy\frontend\node_modules\@testing-library\react\dist\pure.js:190:26)
            at render (C:\Users\alexi\Documents\projects\maicivy\frontend\node_modules\@testing-library\react\dist\pure.js:292:10)
            at Object.<anonymous> (C:\Users\alexi\Documents\projects\maicivy\frontend\components\__tests__\TimelineModal.test.tsx:268:11)
            at Promise.finally.completed (C:\Users\alexi\Documents\projects\maicivy\frontend\node_modules\jest-circus\build\jestAdapterInit.js:1557:28)
            at new Promise (<anonymous>)
            at callAsyncCircusFn (C:\Users\alexi\Documents\projects\maicivy\frontend\node_modules\jest-circus\build\jestAdapterInit.js:1497:10)
            at _callCircusTest (C:\Users\alexi\Documents\projects\maicivy\frontend\node_modules\jest-circus\build\jestAdapterInit.js:1007:40)
            at processTicksAndRejections (node:internal/process/task_queues:103:5)
            at _runTest (C:\Users\alexi\Documents\projects\maicivy\frontend\node_modules\jest-circus\build\jestAdapterInit.js:947:3)
            at C:\Users\alexi\Documents\projects\maicivy\frontend\node_modules\jest-circus\build\jestAdapterInit.js:849:7
            at _runTestsForDescribeBlock (C:\Users\alexi\Documents\projects\maicivy\frontend\node_modules\jest-circus\build\jestAdapterInit.js:862:11)
            at _runTestsForDescribeBlock (C:\Users\alexi\Documents\projects\maicivy\frontend\node_modules\jest-circus\build\jestAdapterInit.js:857:11)
            at run (C:\Users\alexi\Documents\projects\maicivy\frontend\node_modules\jest-circus\build\jestAdapterInit.js:761:3)
            at runAndTransformResultsToJestFormat (C:\Users\alexi\Documents\projects\maicivy\frontend\node_modules\jest-circus\build\jestAdapterInit.js:1918:21)
            at jestAdapter (C:\Users\alexi\Documents\projects\maicivy\frontend\node_modules\jest-circus\build\runner.js:101:19)
            at runTestInternal (C:\Users\alexi\Documents\projects\maicivy\frontend\node_modules\jest-runner\build\testWorker.js:275:16)
            at runTest (C:\Users\alexi\Documents\projects\maicivy\frontend\node_modules\jest-runner\build\testWorker.js:343:7)
            at Object.worker (C:\Users\alexi\Documents\projects\maicivy\frontend\node_modules\jest-runner\build\testWorker.js:497:12),
        type: 'unhandled exception'
      }

    [0m [90m 266 |[39m     [36mconst[39m onClose [33m=[39m jest[33m.[39mfn()[33m;[39m
     [90m 267 |[39m
    [31m[1m>[22m[39m[90m 268 |[39m     render([33m<[39m[33mTimelineModal[39m event[33m=[39m{mockEvent} onClose[33m=[39m{onClose} [33m/[39m[33m>[39m)[33m;[39m
     [90m     |[39m           [31m[1m^[22m[39m
     [90m 269 |[39m
     [90m 270 |[39m     [36mconst[39m enterEvent [33m=[39m [36mnew[39m [33mKeyboardEvent[39m([32m'keydown'[39m[33m,[39m { key[33m:[39m [32m'Enter'[39m })[33m;[39m
     [90m 271 |[39m     document[33m.[39mdispatchEvent(enterEvent)[33m;[39m[0m

      at VirtualConsole.<anonymous> (node_modules/@jest/environment-jsdom-abstract/build/index.js:87:23)
      at reportException (node_modules/jsdom/lib/jsdom/living/helpers/runtime-script-errors.js:70:28)
      at innerInvokeEventListeners (node_modules/jsdom/lib/jsdom/living/events/EventTarget-impl.js:353:9)
      at invokeEventListeners (node_modules/jsdom/lib/jsdom/living/events/EventTarget-impl.js:286:3)
      at HTMLUnknownElementImpl._dispatch (node_modules/jsdom/lib/jsdom/living/events/EventTarget-impl.js:233:9)
      at HTMLUnknownElementImpl.dispatchEvent (node_modules/jsdom/lib/jsdom/living/events/EventTarget-impl.js:104:17)
      at HTMLUnknownElement.dispatchEvent (node_modules/jsdom/lib/jsdom/living/generated/EventTarget.js:241:34)
      at Object.invokeGuardedCallbackDev (node_modules/react-dom/cjs/react-dom.development.js:4213:16)
      at invokeGuardedCallback (node_modules/react-dom/cjs/react-dom.development.js:4277:31)
      at beginWork$1 (node_modules/react-dom/cjs/react-dom.development.js:27490:7)
      at performUnitOfWork (node_modules/react-dom/cjs/react-dom.development.js:26599:12)
      at workLoopSync (node_modules/react-dom/cjs/react-dom.development.js:26505:5)
      at renderRootSync (node_modules/react-dom/cjs/react-dom.development.js:26473:7)
      at performConcurrentWorkOnRoot (node_modules/react-dom/cjs/react-dom.development.js:25777:74)
      at flushActQueue (node_modules/react/cjs/react.development.js:2667:24)
      at act (node_modules/react/cjs/react.development.js:2582:11)
      at node_modules/@testing-library/react/dist/act-compat.js:47:25
      at renderRoot (node_modules/@testing-library/react/dist/pure.js:190:26)
      at render (node_modules/@testing-library/react/dist/pure.js:292:10)
      at Object.<anonymous> (components/__tests__/TimelineModal.test.tsx:268:11)

    console.error
      Warning: React.jsx: type is invalid -- expected a string (for built-in components) or a class/function (for composite components) but got: undefined. You likely forgot to export your component from the file it's defined in, or you might have mixed up default and named imports.
      
      Check the render method of `TimelineModal`.
          at event (C:\Users\alexi\Documents\projects\maicivy\frontend\components\timeline\TimelineModal.tsx:13:56)

    [0m [90m 151 |[39m                 [33m<[39m[33mdiv[39m className[33m=[39m[32m"flex flex-wrap gap-2"[39m[33m>[39m
     [90m 152 |[39m                   {event[33m.[39mtags[33m.[39mmap((tag) [33m=>[39m (
    [31m[1m>[22m[39m[90m 153 |[39m                     [33m<[39m[33mmotion[39m[33m.[39mspan
     [90m     |[39m                     [31m[1m^[22m[39m
     [90m 154 |[39m                       key[33m=[39m{tag}
     [90m 155 |[39m                       whileHover[33m=[39m{{ scale[33m:[39m [35m1.05[39m }}
     [90m 156 |[39m                       className[33m=[39m[32m"px-4 py-2 bg-blue-500 text-white text-sm font-medium rounded-full shadow-sm"[39m[0m

      at printWarning (node_modules/react/cjs/react-jsx-runtime.development.js:87:30)
      at error (node_modules/react/cjs/react-jsx-runtime.development.js:61:7)
      at jsxWithValidation (node_modules/react/cjs/react-jsx-runtime.development.js:1245:7)
      at jsxWithValidationDynamic (node_modules/react/cjs/react-jsx-runtime.development.js:1320:12)
      at components/timeline/TimelineModal.tsx:153:21
          at Array.map (<anonymous>)
      at map (components/timeline/TimelineModal.tsx:152:31)
      at renderWithHooks (node_modules/react-dom/cjs/react-dom.development.js:15486:18)
      at mountIndeterminateComponent (node_modules/react-dom/cjs/react-dom.development.js:20103:13)
      at beginWork (node_modules/react-dom/cjs/react-dom.development.js:21626:16)
      at beginWork$1 (node_modules/react-dom/cjs/react-dom.development.js:27465:14)
      at performUnitOfWork (node_modules/react-dom/cjs/react-dom.development.js:26599:12)
      at workLoopSync (node_modules/react-dom/cjs/react-dom.development.js:26505:5)
      at renderRootSync (node_modules/react-dom/cjs/react-dom.development.js:26473:7)
      at recoverFromConcurrentError (node_modules/react-dom/cjs/react-dom.development.js:25889:20)
      at performConcurrentWorkOnRoot (node_modules/react-dom/cjs/react-dom.development.js:25789:22)
      at flushActQueue (node_modules/react/cjs/react.development.js:2667:24)
      at act (node_modules/react/cjs/react.development.js:2582:11)
      at node_modules/@testing-library/react/dist/act-compat.js:47:25
      at renderRoot (node_modules/@testing-library/react/dist/pure.js:190:26)
      at render (node_modules/@testing-library/react/dist/pure.js:292:10)
      at Object.<anonymous> (components/__tests__/TimelineModal.test.tsx:268:11)

    console.error
      Warning: React.jsx: type is invalid -- expected a string (for built-in components) or a class/function (for composite components) but got: undefined. You likely forgot to export your component from the file it's defined in, or you might have mixed up default and named imports.
      
      Check the render method of `TimelineModal`.
          at event (C:\Users\alexi\Documents\projects\maicivy\frontend\components\timeline\TimelineModal.tsx:13:56)

    [0m [90m 151 |[39m                 [33m<[39m[33mdiv[39m className[33m=[39m[32m"flex flex-wrap gap-2"[39m[33m>[39m
     [90m 152 |[39m                   {event[33m.[39mtags[33m.[39mmap((tag) [33m=>[39m (
    [31m[1m>[22m[39m[90m 153 |[39m                     [33m<[39m[33mmotion[39m[33m.[39mspan
     [90m     |[39m                     [31m[1m^[22m[39m
     [90m 154 |[39m                       key[33m=[39m{tag}
     [90m 155 |[39m                       whileHover[33m=[39m{{ scale[33m:[39m [35m1.05[39m }}
     [90m 156 |[39m                       className[33m=[39m[32m"px-4 py-2 bg-blue-500 text-white text-sm font-medium rounded-full shadow-sm"[39m[0m

      at printWarning (node_modules/react/cjs/react-jsx-runtime.development.js:87:30)
      at error (node_modules/react/cjs/react-jsx-runtime.development.js:61:7)
      at jsxWithValidation (node_modules/react/cjs/react-jsx-runtime.development.js:1245:7)
      at jsxWithValidationDynamic (node_modules/react/cjs/react-jsx-runtime.development.js:1320:12)
      at components/timeline/TimelineModal.tsx:153:21
          at Array.map (<anonymous>)
      at map (components/timeline/TimelineModal.tsx:152:31)
      at renderWithHooks (node_modules/react-dom/cjs/react-dom.development.js:15486:18)
      at mountIndeterminateComponent (node_modules/react-dom/cjs/react-dom.development.js:20103:13)
      at beginWork (node_modules/react-dom/cjs/react-dom.development.js:21626:16)
      at beginWork$1 (node_modules/react-dom/cjs/react-dom.development.js:27465:14)
      at performUnitOfWork (node_modules/react-dom/cjs/react-dom.development.js:26599:12)
      at workLoopSync (node_modules/react-dom/cjs/react-dom.development.js:26505:5)
      at renderRootSync (node_modules/react-dom/cjs/react-dom.development.js:26473:7)
      at recoverFromConcurrentError (node_modules/react-dom/cjs/react-dom.development.js:25889:20)
      at performConcurrentWorkOnRoot (node_modules/react-dom/cjs/react-dom.development.js:25789:22)
      at flushActQueue (node_modules/react/cjs/react.development.js:2667:24)
      at act (node_modules/react/cjs/react.development.js:2582:11)
      at node_modules/@testing-library/react/dist/act-compat.js:47:25
      at renderRoot (node_modules/@testing-library/react/dist/pure.js:190:26)
      at render (node_modules/@testing-library/react/dist/pure.js:292:10)
      at Object.<anonymous> (components/__tests__/TimelineModal.test.tsx:268:11)

    console.error
      Warning: React.jsx: type is invalid -- expected a string (for built-in components) or a class/function (for composite components) but got: undefined. You likely forgot to export your component from the file it's defined in, or you might have mixed up default and named imports.
      
      Check the render method of `TimelineModal`.
          at event (C:\Users\alexi\Documents\projects\maicivy\frontend\components\timeline\TimelineModal.tsx:13:56)

    [0m [90m 151 |[39m                 [33m<[39m[33mdiv[39m className[33m=[39m[32m"flex flex-wrap gap-2"[39m[33m>[39m
     [90m 152 |[39m                   {event[33m.[39mtags[33m.[39mmap((tag) [33m=>[39m (
    [31m[1m>[22m[39m[90m 153 |[39m                     [33m<[39m[33mmotion[39m[33m.[39mspan
     [90m     |[39m                     [31m[1m^[22m[39m
     [90m 154 |[39m                       key[33m=[39m{tag}
     [90m 155 |[39m                       whileHover[33m=[39m{{ scale[33m:[39m [35m1.05[39m }}
     [90m 156 |[39m                       className[33m=[39m[32m"px-4 py-2 bg-blue-500 text-white text-sm font-medium rounded-full shadow-sm"[39m[0m

      at printWarning (node_modules/react/cjs/react-jsx-runtime.development.js:87:30)
      at error (node_modules/react/cjs/react-jsx-runtime.development.js:61:7)
      at jsxWithValidation (node_modules/react/cjs/react-jsx-runtime.development.js:1245:7)
      at jsxWithValidationDynamic (node_modules/react/cjs/react-jsx-runtime.development.js:1320:12)
      at components/timeline/TimelineModal.tsx:153:21
          at Array.map (<anonymous>)
      at map (components/timeline/TimelineModal.tsx:152:31)
      at renderWithHooks (node_modules/react-dom/cjs/react-dom.development.js:15486:18)
      at mountIndeterminateComponent (node_modules/react-dom/cjs/react-dom.development.js:20103:13)
      at beginWork (node_modules/react-dom/cjs/react-dom.development.js:21626:16)
      at beginWork$1 (node_modules/react-dom/cjs/react-dom.development.js:27465:14)
      at performUnitOfWork (node_modules/react-dom/cjs/react-dom.development.js:26599:12)
      at workLoopSync (node_modules/react-dom/cjs/react-dom.development.js:26505:5)
      at renderRootSync (node_modules/react-dom/cjs/react-dom.development.js:26473:7)
      at recoverFromConcurrentError (node_modules/react-dom/cjs/react-dom.development.js:25889:20)
      at performConcurrentWorkOnRoot (node_modules/react-dom/cjs/react-dom.development.js:25789:22)
      at flushActQueue (node_modules/react/cjs/react.development.js:2667:24)
      at act (node_modules/react/cjs/react.development.js:2582:11)
      at node_modules/@testing-library/react/dist/act-compat.js:47:25
      at renderRoot (node_modules/@testing-library/react/dist/pure.js:190:26)
      at render (node_modules/@testing-library/react/dist/pure.js:292:10)
      at Object.<anonymous> (components/__tests__/TimelineModal.test.tsx:268:11)

    console.error
      Warning: React.jsx: type is invalid -- expected a string (for built-in components) or a class/function (for composite components) but got: undefined. You likely forgot to export your component from the file it's defined in, or you might have mixed up default and named imports.
      
      Check the render method of `TimelineModal`.
          at event (C:\Users\alexi\Documents\projects\maicivy\frontend\components\timeline\TimelineModal.tsx:13:56)

    [0m [90m 151 |[39m                 [33m<[39m[33mdiv[39m className[33m=[39m[32m"flex flex-wrap gap-2"[39m[33m>[39m
     [90m 152 |[39m                   {event[33m.[39mtags[33m.[39mmap((tag) [33m=>[39m (
    [31m[1m>[22m[39m[90m 153 |[39m                     [33m<[39m[33mmotion[39m[33m.[39mspan
     [90m     |[39m                     [31m[1m^[22m[39m
     [90m 154 |[39m                       key[33m=[39m{tag}
     [90m 155 |[39m                       whileHover[33m=[39m{{ scale[33m:[39m [35m1.05[39m }}
     [90m 156 |[39m                       className[33m=[39m[32m"px-4 py-2 bg-blue-500 text-white text-sm font-medium rounded-full shadow-sm"[39m[0m

      at printWarning (node_modules/react/cjs/react-jsx-runtime.development.js:87:30)
      at error (node_modules/react/cjs/react-jsx-runtime.development.js:61:7)
      at jsxWithValidation (node_modules/react/cjs/react-jsx-runtime.development.js:1245:7)
      at jsxWithValidationDynamic (node_modules/react/cjs/react-jsx-runtime.development.js:1320:12)
      at components/timeline/TimelineModal.tsx:153:21
          at Array.map (<anonymous>)
      at map (components/timeline/TimelineModal.tsx:152:31)
      at renderWithHooks (node_modules/react-dom/cjs/react-dom.development.js:15486:18)
      at mountIndeterminateComponent (node_modules/react-dom/cjs/react-dom.development.js:20103:13)
      at beginWork (node_modules/react-dom/cjs/react-dom.development.js:21626:16)
      at beginWork$1 (node_modules/react-dom/cjs/react-dom.development.js:27465:14)
      at performUnitOfWork (node_modules/react-dom/cjs/react-dom.development.js:26599:12)
      at workLoopSync (node_modules/react-dom/cjs/react-dom.development.js:26505:5)
      at renderRootSync (node_modules/react-dom/cjs/react-dom.development.js:26473:7)
      at recoverFromConcurrentError (node_modules/react-dom/cjs/react-dom.development.js:25889:20)
      at performConcurrentWorkOnRoot (node_modules/react-dom/cjs/react-dom.development.js:25789:22)
      at flushActQueue (node_modules/react/cjs/react.development.js:2667:24)
      at act (node_modules/react/cjs/react.development.js:2582:11)
      at node_modules/@testing-library/react/dist/act-compat.js:47:25
      at renderRoot (node_modules/@testing-library/react/dist/pure.js:190:26)
      at render (node_modules/@testing-library/react/dist/pure.js:292:10)
      at Object.<anonymous> (components/__tests__/TimelineModal.test.tsx:268:11)

    console.error
      Warning: React.jsx: type is invalid -- expected a string (for built-in components) or a class/function (for composite components) but got: undefined. You likely forgot to export your component from the file it's defined in, or you might have mixed up default and named imports.
      
      Check the render method of `TimelineModal`.
          at event (C:\Users\alexi\Documents\projects\maicivy\frontend\components\timeline\TimelineModal.tsx:13:56)

    [0m [90m 151 |[39m                 [33m<[39m[33mdiv[39m className[33m=[39m[32m"flex flex-wrap gap-2"[39m[33m>[39m
     [90m 152 |[39m                   {event[33m.[39mtags[33m.[39mmap((tag) [33m=>[39m (
    [31m[1m>[22m[39m[90m 153 |[39m                     [33m<[39m[33mmotion[39m[33m.[39mspan
     [90m     |[39m                     [31m[1m^[22m[39m
     [90m 154 |[39m                       key[33m=[39m{tag}
     [90m 155 |[39m                       whileHover[33m=[39m{{ scale[33m:[39m [35m1.05[39m }}
     [90m 156 |[39m                       className[33m=[39m[32m"px-4 py-2 bg-blue-500 text-white text-sm font-medium rounded-full shadow-sm"[39m[0m

      at printWarning (node_modules/react/cjs/react-jsx-runtime.development.js:87:30)
      at error (node_modules/react/cjs/react-jsx-runtime.development.js:61:7)
      at jsxWithValidation (node_modules/react/cjs/react-jsx-runtime.development.js:1245:7)
      at jsxWithValidationDynamic (node_modules/react/cjs/react-jsx-runtime.development.js:1320:12)
      at components/timeline/TimelineModal.tsx:153:21
          at Array.map (<anonymous>)
      at map (components/timeline/TimelineModal.tsx:152:31)
      at renderWithHooks (node_modules/react-dom/cjs/react-dom.development.js:15486:18)
      at mountIndeterminateComponent (node_modules/react-dom/cjs/react-dom.development.js:20103:13)
      at beginWork (node_modules/react-dom/cjs/react-dom.development.js:21626:16)
      at beginWork$1 (node_modules/react-dom/cjs/react-dom.development.js:27465:14)
      at performUnitOfWork (node_modules/react-dom/cjs/react-dom.development.js:26599:12)
      at workLoopSync (node_modules/react-dom/cjs/react-dom.development.js:26505:5)
      at renderRootSync (node_modules/react-dom/cjs/react-dom.development.js:26473:7)
      at recoverFromConcurrentError (node_modules/react-dom/cjs/react-dom.development.js:25889:20)
      at performConcurrentWorkOnRoot (node_modules/react-dom/cjs/react-dom.development.js:25789:22)
      at flushActQueue (node_modules/react/cjs/react.development.js:2667:24)
      at act (node_modules/react/cjs/react.development.js:2582:11)
      at node_modules/@testing-library/react/dist/act-compat.js:47:25
      at renderRoot (node_modules/@testing-library/react/dist/pure.js:190:26)
      at render (node_modules/@testing-library/react/dist/pure.js:292:10)
      at Object.<anonymous> (components/__tests__/TimelineModal.test.tsx:268:11)

    console.error
      Error: Uncaught [Error: Element type is invalid: expected a string (for built-in components) or a class/function (for composite components) but got: undefined. You likely forgot to export your component from the file it's defined in, or you might have mixed up default and named imports.
      
      Check the render method of `TimelineModal`.]
          at reportException (C:\Users\alexi\Documents\projects\maicivy\frontend\node_modules\jsdom\lib\jsdom\living\helpers\runtime-script-errors.js:66:24)
          at innerInvokeEventListeners (C:\Users\alexi\Documents\projects\maicivy\frontend\node_modules\jsdom\lib\jsdom\living\events\EventTarget-impl.js:353:9)
          at invokeEventListeners (C:\Users\alexi\Documents\projects\maicivy\frontend\node_modules\jsdom\lib\jsdom\living\events\EventTarget-impl.js:286:3)
          at HTMLUnknownElementImpl._dispatch (C:\Users\alexi\Documents\projects\maicivy\frontend\node_modules\jsdom\lib\jsdom\living\events\EventTarget-impl.js:233:9)
          at HTMLUnknownElementImpl.dispatchEvent (C:\Users\alexi\Documents\projects\maicivy\frontend\node_modules\jsdom\lib\jsdom\living\events\EventTarget-impl.js:104:17)
          at HTMLUnknownElement.dispatchEvent (C:\Users\alexi\Documents\projects\maicivy\frontend\node_modules\jsdom\lib\jsdom\living\generated\EventTarget.js:241:34)
          at Object.invokeGuardedCallbackDev (C:\Users\alexi\Documents\projects\maicivy\frontend\node_modules\react-dom\cjs\react-dom.development.js:4213:16)
          at invokeGuardedCallback (C:\Users\alexi\Documents\projects\maicivy\frontend\node_modules\react-dom\cjs\react-dom.development.js:4277:31)
          at beginWork$1 (C:\Users\alexi\Documents\projects\maicivy\frontend\node_modules\react-dom\cjs\react-dom.development.js:27490:7)
          at performUnitOfWork (C:\Users\alexi\Documents\projects\maicivy\frontend\node_modules\react-dom\cjs\react-dom.development.js:26599:12)
          at workLoopSync (C:\Users\alexi\Documents\projects\maicivy\frontend\node_modules\react-dom\cjs\react-dom.development.js:26505:5)
          at renderRootSync (C:\Users\alexi\Documents\projects\maicivy\frontend\node_modules\react-dom\cjs\react-dom.development.js:26473:7)
          at recoverFromConcurrentError (C:\Users\alexi\Documents\projects\maicivy\frontend\node_modules\react-dom\cjs\react-dom.development.js:25889:20)
          at performConcurrentWorkOnRoot (C:\Users\alexi\Documents\projects\maicivy\frontend\node_modules\react-dom\cjs\react-dom.development.js:25789:22)
          at flushActQueue (C:\Users\alexi\Documents\projects\maicivy\frontend\node_modules\react\cjs\react.development.js:2667:24)
          at act (C:\Users\alexi\Documents\projects\maicivy\frontend\node_modules\react\cjs\react.development.js:2582:11)
          at C:\Users\alexi\Documents\projects\maicivy\frontend\node_modules\@testing-library\react\dist\act-compat.js:47:25
          at renderRoot (C:\Users\alexi\Documents\projects\maicivy\frontend\node_modules\@testing-library\react\dist\pure.js:190:26)
          at render (C:\Users\alexi\Documents\projects\maicivy\frontend\node_modules\@testing-library\react\dist\pure.js:292:10)
          at Object.<anonymous> (C:\Users\alexi\Documents\projects\maicivy\frontend\components\__tests__\TimelineModal.test.tsx:268:11)
          at Promise.finally.completed (C:\Users\alexi\Documents\projects\maicivy\frontend\node_modules\jest-circus\build\jestAdapterInit.js:1557:28)
          at new Promise (<anonymous>)
          at callAsyncCircusFn (C:\Users\alexi\Documents\projects\maicivy\frontend\node_modules\jest-circus\build\jestAdapterInit.js:1497:10)
          at _callCircusTest (C:\Users\alexi\Documents\projects\maicivy\frontend\node_modules\jest-circus\build\jestAdapterInit.js:1007:40)
          at processTicksAndRejections (node:internal/process/task_queues:103:5)
          at _runTest (C:\Users\alexi\Documents\projects\maicivy\frontend\node_modules\jest-circus\build\jestAdapterInit.js:947:3)
          at C:\Users\alexi\Documents\projects\maicivy\frontend\node_modules\jest-circus\build\jestAdapterInit.js:849:7
          at _runTestsForDescribeBlock (C:\Users\alexi\Documents\projects\maicivy\frontend\node_modules\jest-circus\build\jestAdapterInit.js:862:11)
          at _runTestsForDescribeBlock (C:\Users\alexi\Documents\projects\maicivy\frontend\node_modules\jest-circus\build\jestAdapterInit.js:857:11)
          at run (C:\Users\alexi\Documents\projects\maicivy\frontend\node_modules\jest-circus\build\jestAdapterInit.js:761:3)
          at runAndTransformResultsToJestFormat (C:\Users\alexi\Documents\projects\maicivy\frontend\node_modules\jest-circus\build\jestAdapterInit.js:1918:21)
          at jestAdapter (C:\Users\alexi\Documents\projects\maicivy\frontend\node_modules\jest-circus\build\runner.js:101:19)
          at runTestInternal (C:\Users\alexi\Documents\projects\maicivy\frontend\node_modules\jest-runner\build\testWorker.js:275:16)
          at runTest (C:\Users\alexi\Documents\projects\maicivy\frontend\node_modules\jest-runner\build\testWorker.js:343:7)
          at Object.worker (C:\Users\alexi\Documents\projects\maicivy\frontend\node_modules\jest-runner\build\testWorker.js:497:12) {
        detail: Error: Element type is invalid: expected a string (for built-in components) or a class/function (for composite components) but got: undefined. You likely forgot to export your component from the file it's defined in, or you might have mixed up default and named imports.
        
        Check the render method of `TimelineModal`.
            at createFiberFromTypeAndProps (C:\Users\alexi\Documents\projects\maicivy\frontend\node_modules\react-dom\cjs\react-dom.development.js:28478:17)
            at createFiberFromElement (C:\Users\alexi\Documents\projects\maicivy\frontend\node_modules\react-dom\cjs\react-dom.development.js:28504:15)
            at createChild (C:\Users\alexi\Documents\projects\maicivy\frontend\node_modules\react-dom\cjs\react-dom.development.js:13345:28)
            at reconcileChildrenArray (C:\Users\alexi\Documents\projects\maicivy\frontend\node_modules\react-dom\cjs\react-dom.development.js:13640:25)
            at reconcileChildFibers (C:\Users\alexi\Documents\projects\maicivy\frontend\node_modules\react-dom\cjs\react-dom.development.js:14057:16)
            at reconcileChildren (C:\Users\alexi\Documents\projects\maicivy\frontend\node_modules\react-dom\cjs\react-dom.development.js:19186:28)
            at updateHostComponent (C:\Users\alexi\Documents\projects\maicivy\frontend\node_modules\react-dom\cjs\react-dom.development.js:19953:3)
            at beginWork (C:\Users\alexi\Documents\projects\maicivy\frontend\node_modules\react-dom\cjs\react-dom.development.js:21657:14)
            at HTMLUnknownElement.callCallback (C:\Users\alexi\Documents\projects\maicivy\frontend\node_modules\react-dom\cjs\react-dom.development.js:4164:14)
            at HTMLUnknownElement.callTheUserObjectsOperation (C:\Users\alexi\Documents\projects\maicivy\frontend\node_modules\jsdom\lib\jsdom\living\generated\EventListener.js:26:30)
            at innerInvokeEventListeners (C:\Users\alexi\Documents\projects\maicivy\frontend\node_modules\jsdom\lib\jsdom\living\events\EventTarget-impl.js:350:25)
            at invokeEventListeners (C:\Users\alexi\Documents\projects\maicivy\frontend\node_modules\jsdom\lib\jsdom\living\events\EventTarget-impl.js:286:3)
            at HTMLUnknownElementImpl._dispatch (C:\Users\alexi\Documents\projects\maicivy\frontend\node_modules\jsdom\lib\jsdom\living\events\EventTarget-impl.js:233:9)
            at HTMLUnknownElementImpl.dispatchEvent (C:\Users\alexi\Documents\projects\maicivy\frontend\node_modules\jsdom\lib\jsdom\living\events\EventTarget-impl.js:104:17)
            at HTMLUnknownElement.dispatchEvent (C:\Users\alexi\Documents\projects\maicivy\frontend\node_modules\jsdom\lib\jsdom\living\generated\EventTarget.js:241:34)
            at Object.invokeGuardedCallbackDev (C:\Users\alexi\Documents\projects\maicivy\frontend\node_modules\react-dom\cjs\react-dom.development.js:4213:16)
            at invokeGuardedCallback (C:\Users\alexi\Documents\projects\maicivy\frontend\node_modules\react-dom\cjs\react-dom.development.js:4277:31)
            at beginWork$1 (C:\Users\alexi\Documents\projects\maicivy\frontend\node_modules\react-dom\cjs\react-dom.development.js:27490:7)
            at performUnitOfWork (C:\Users\alexi\Documents\projects\maicivy\frontend\node_modules\react-dom\cjs\react-dom.development.js:26599:12)
            at workLoopSync (C:\Users\alexi\Documents\projects\maicivy\frontend\node_modules\react-dom\cjs\react-dom.development.js:26505:5)
            at renderRootSync (C:\Users\alexi\Documents\projects\maicivy\frontend\node_modules\react-dom\cjs\react-dom.development.js:26473:7)
            at recoverFromConcurrentError (C:\Users\alexi\Documents\projects\maicivy\frontend\node_modules\react-dom\cjs\react-dom.development.js:25889:20)
            at performConcurrentWorkOnRoot (C:\Users\alexi\Documents\projects\maicivy\frontend\node_modules\react-dom\cjs\react-dom.development.js:25789:22)
            at flushActQueue (C:\Users\alexi\Documents\projects\maicivy\frontend\node_modules\react\cjs\react.development.js:2667:24)
            at act (C:\Users\alexi\Documents\projects\maicivy\frontend\node_modules\react\cjs\react.development.js:2582:11)
            at C:\Users\alexi\Documents\projects\maicivy\frontend\node_modules\@testing-library\react\dist\act-compat.js:47:25
            at renderRoot (C:\Users\alexi\Documents\projects\maicivy\frontend\node_modules\@testing-library\react\dist\pure.js:190:26)
            at render (C:\Users\alexi\Documents\projects\maicivy\frontend\node_modules\@testing-library\react\dist\pure.js:292:10)
            at Object.<anonymous> (C:\Users\alexi\Documents\projects\maicivy\frontend\components\__tests__\TimelineModal.test.tsx:268:11)
            at Promise.finally.completed (C:\Users\alexi\Documents\projects\maicivy\frontend\node_modules\jest-circus\build\jestAdapterInit.js:1557:28)
            at new Promise (<anonymous>)
            at callAsyncCircusFn (C:\Users\alexi\Documents\projects\maicivy\frontend\node_modules\jest-circus\build\jestAdapterInit.js:1497:10)
            at _callCircusTest (C:\Users\alexi\Documents\projects\maicivy\frontend\node_modules\jest-circus\build\jestAdapterInit.js:1007:40)
            at processTicksAndRejections (node:internal/process/task_queues:103:5)
            at _runTest (C:\Users\alexi\Documents\projects\maicivy\frontend\node_modules\jest-circus\build\jestAdapterInit.js:947:3)
            at C:\Users\alexi\Documents\projects\maicivy\frontend\node_modules\jest-circus\build\jestAdapterInit.js:849:7
            at _runTestsForDescribeBlock (C:\Users\alexi\Documents\projects\maicivy\frontend\node_modules\jest-circus\build\jestAdapterInit.js:862:11)
            at _runTestsForDescribeBlock (C:\Users\alexi\Documents\projects\maicivy\frontend\node_modules\jest-circus\build\jestAdapterInit.js:857:11)
            at run (C:\Users\alexi\Documents\projects\maicivy\frontend\node_modules\jest-circus\build\jestAdapterInit.js:761:3)
            at runAndTransformResultsToJestFormat (C:\Users\alexi\Documents\projects\maicivy\frontend\node_modules\jest-circus\build\jestAdapterInit.js:1918:21)
            at jestAdapter (C:\Users\alexi\Documents\projects\maicivy\frontend\node_modules\jest-circus\build\runner.js:101:19)
            at runTestInternal (C:\Users\alexi\Documents\projects\maicivy\frontend\node_modules\jest-runner\build\testWorker.js:275:16)
            at runTest (C:\Users\alexi\Documents\projects\maicivy\frontend\node_modules\jest-runner\build\testWorker.js:343:7)
            at Object.worker (C:\Users\alexi\Documents\projects\maicivy\frontend\node_modules\jest-runner\build\testWorker.js:497:12),
        type: 'unhandled exception'
      }

    [0m [90m 266 |[39m     [36mconst[39m onClose [33m=[39m jest[33m.[39mfn()[33m;[39m
     [90m 267 |[39m
    [31m[1m>[22m[39m[90m 268 |[39m     render([33m<[39m[33mTimelineModal[39m event[33m=[39m{mockEvent} onClose[33m=[39m{onClose} [33m/[39m[33m>[39m)[33m;[39m
     [90m     |[39m           [31m[1m^[22m[39m
     [90m 269 |[39m
     [90m 270 |[39m     [36mconst[39m enterEvent [33m=[39m [36mnew[39m [33mKeyboardEvent[39m([32m'keydown'[39m[33m,[39m { key[33m:[39m [32m'Enter'[39m })[33m;[39m
     [90m 271 |[39m     document[33m.[39mdispatchEvent(enterEvent)[33m;[39m[0m

      at VirtualConsole.<anonymous> (node_modules/@jest/environment-jsdom-abstract/build/index.js:87:23)
      at reportException (node_modules/jsdom/lib/jsdom/living/helpers/runtime-script-errors.js:70:28)
      at innerInvokeEventListeners (node_modules/jsdom/lib/jsdom/living/events/EventTarget-impl.js:353:9)
      at invokeEventListeners (node_modules/jsdom/lib/jsdom/living/events/EventTarget-impl.js:286:3)
      at HTMLUnknownElementImpl._dispatch (node_modules/jsdom/lib/jsdom/living/events/EventTarget-impl.js:233:9)
      at HTMLUnknownElementImpl.dispatchEvent (node_modules/jsdom/lib/jsdom/living/events/EventTarget-impl.js:104:17)
      at HTMLUnknownElement.dispatchEvent (node_modules/jsdom/lib/jsdom/living/generated/EventTarget.js:241:34)
      at Object.invokeGuardedCallbackDev (node_modules/react-dom/cjs/react-dom.development.js:4213:16)
      at invokeGuardedCallback (node_modules/react-dom/cjs/react-dom.development.js:4277:31)
      at beginWork$1 (node_modules/react-dom/cjs/react-dom.development.js:27490:7)
      at performUnitOfWork (node_modules/react-dom/cjs/react-dom.development.js:26599:12)
      at workLoopSync (node_modules/react-dom/cjs/react-dom.development.js:26505:5)
      at renderRootSync (node_modules/react-dom/cjs/react-dom.development.js:26473:7)
      at recoverFromConcurrentError (node_modules/react-dom/cjs/react-dom.development.js:25889:20)
      at performConcurrentWorkOnRoot (node_modules/react-dom/cjs/react-dom.development.js:25789:22)
      at flushActQueue (node_modules/react/cjs/react.development.js:2667:24)
      at act (node_modules/react/cjs/react.development.js:2582:11)
      at node_modules/@testing-library/react/dist/act-compat.js:47:25
      at renderRoot (node_modules/@testing-library/react/dist/pure.js:190:26)
      at render (node_modules/@testing-library/react/dist/pure.js:292:10)
      at Object.<anonymous> (components/__tests__/TimelineModal.test.tsx:268:11)

    console.error
      The above error occurred in the <div> component:
      
          at div
          at div
          at div
          at div
          at children (C:\Users\alexi\Documents\projects\maicivy\frontend\components\__tests__\TimelineModal.test.tsx:8:13)
          at div
          at children (C:\Users\alexi\Documents\projects\maicivy\frontend\components\__tests__\TimelineModal.test.tsx:8:13)
          at children (C:\Users\alexi\Documents\projects\maicivy\frontend\components\__tests__\TimelineModal.test.tsx:12:23)
          at event (C:\Users\alexi\Documents\projects\maicivy\frontend\components\timeline\TimelineModal.tsx:13:56)
      
      Consider adding an error boundary to your tree to customize error handling behavior.
      Visit https://reactjs.org/link/error-boundaries to learn more about error boundaries.

    [0m [90m 266 |[39m     [36mconst[39m onClose [33m=[39m jest[33m.[39mfn()[33m;[39m
     [90m 267 |[39m
    [31m[1m>[22m[39m[90m 268 |[39m     render([33m<[39m[33mTimelineModal[39m event[33m=[39m{mockEvent} onClose[33m=[39m{onClose} [33m/[39m[33m>[39m)[33m;[39m
     [90m     |[39m           [31m[1m^[22m[39m
     [90m 269 |[39m
     [90m 270 |[39m     [36mconst[39m enterEvent [33m=[39m [36mnew[39m [33mKeyboardEvent[39m([32m'keydown'[39m[33m,[39m { key[33m:[39m [32m'Enter'[39m })[33m;[39m
     [90m 271 |[39m     document[33m.[39mdispatchEvent(enterEvent)[33m;[39m[0m

      at logCapturedError (node_modules/react-dom/cjs/react-dom.development.js:18704:23)
      at update.callback (node_modules/react-dom/cjs/react-dom.development.js:18737:5)
      at callCallback (node_modules/react-dom/cjs/react-dom.development.js:15036:12)
      at commitUpdateQueue (node_modules/react-dom/cjs/react-dom.development.js:15057:9)
      at commitLayoutEffectOnFiber (node_modules/react-dom/cjs/react-dom.development.js:23430:13)
      at commitLayoutMountEffects_complete (node_modules/react-dom/cjs/react-dom.development.js:24727:9)
      at commitLayoutEffects_begin (node_modules/react-dom/cjs/react-dom.development.js:24713:7)
      at commitLayoutEffects (node_modules/react-dom/cjs/react-dom.development.js:24651:3)
      at commitRootImpl (node_modules/react-dom/cjs/react-dom.development.js:26862:5)
      at commitRoot (node_modules/react-dom/cjs/react-dom.development.js:26721:5)
      at finishConcurrentRender (node_modules/react-dom/cjs/react-dom.development.js:25931:9)
      at performConcurrentWorkOnRoot (node_modules/react-dom/cjs/react-dom.development.js:25848:7)
      at flushActQueue (node_modules/react/cjs/react.development.js:2667:24)
      at act (node_modules/react/cjs/react.development.js:2582:11)
      at node_modules/@testing-library/react/dist/act-compat.js:47:25
      at renderRoot (node_modules/@testing-library/react/dist/pure.js:190:26)
      at render (node_modules/@testing-library/react/dist/pure.js:292:10)
      at Object.<anonymous> (components/__tests__/TimelineModal.test.tsx:268:11)

    console.error
      Warning: React.jsx: type is invalid -- expected a string (for built-in components) or a class/function (for composite components) but got: undefined. You likely forgot to export your component from the file it's defined in, or you might have mixed up default and named imports.
      
      Check the render method of `TimelineModal`.
          at event (C:\Users\alexi\Documents\projects\maicivy\frontend\components\timeline\TimelineModal.tsx:13:56)

    [0m [90m 151 |[39m                 [33m<[39m[33mdiv[39m className[33m=[39m[32m"flex flex-wrap gap-2"[39m[33m>[39m
     [90m 152 |[39m                   {event[33m.[39mtags[33m.[39mmap((tag) [33m=>[39m (
    [31m[1m>[22m[39m[90m 153 |[39m                     [33m<[39m[33mmotion[39m[33m.[39mspan
     [90m     |[39m                     [31m[1m^[22m[39m
     [90m 154 |[39m                       key[33m=[39m{tag}
     [90m 155 |[39m                       whileHover[33m=[39m{{ scale[33m:[39m [35m1.05[39m }}
     [90m 156 |[39m                       className[33m=[39m[32m"px-4 py-2 bg-blue-500 text-white text-sm font-medium rounded-full shadow-sm"[39m[0m

      at printWarning (node_modules/react/cjs/react-jsx-runtime.development.js:87:30)
      at error (node_modules/react/cjs/react-jsx-runtime.development.js:61:7)
      at jsxWithValidation (node_modules/react/cjs/react-jsx-runtime.development.js:1245:7)
      at jsxWithValidationDynamic (node_modules/react/cjs/react-jsx-runtime.development.js:1320:12)
      at components/timeline/TimelineModal.tsx:153:21
          at Array.map (<anonymous>)
      at map (components/timeline/TimelineModal.tsx:152:31)
      at renderWithHooks (node_modules/react-dom/cjs/react-dom.development.js:15486:18)
      at mountIndeterminateComponent (node_modules/react-dom/cjs/react-dom.development.js:20103:13)
      at beginWork (node_modules/react-dom/cjs/react-dom.development.js:21626:16)
      at beginWork$1 (node_modules/react-dom/cjs/react-dom.development.js:27465:14)
      at performUnitOfWork (node_modules/react-dom/cjs/react-dom.development.js:26599:12)
      at workLoopSync (node_modules/react-dom/cjs/react-dom.development.js:26505:5)
      at renderRootSync (node_modules/react-dom/cjs/react-dom.development.js:26473:7)
      at performConcurrentWorkOnRoot (node_modules/react-dom/cjs/react-dom.development.js:25777:74)
      at flushActQueue (node_modules/react/cjs/react.development.js:2667:24)
      at act (node_modules/react/cjs/react.development.js:2582:11)
      at node_modules/@testing-library/react/dist/act-compat.js:47:25
      at renderRoot (node_modules/@testing-library/react/dist/pure.js:190:26)
      at render (node_modules/@testing-library/react/dist/pure.js:292:10)
      at Object.<anonymous> (components/__tests__/TimelineModal.test.tsx:277:11)

    console.error
      Warning: React.jsx: type is invalid -- expected a string (for built-in components) or a class/function (for composite components) but got: undefined. You likely forgot to export your component from the file it's defined in, or you might have mixed up default and named imports.
      
      Check the render method of `TimelineModal`.
          at event (C:\Users\alexi\Documents\projects\maicivy\frontend\components\timeline\TimelineModal.tsx:13:56)

    [0m [90m 151 |[39m                 [33m<[39m[33mdiv[39m className[33m=[39m[32m"flex flex-wrap gap-2"[39m[33m>[39m
     [90m 152 |[39m                   {event[33m.[39mtags[33m.[39mmap((tag) [33m=>[39m (
    [31m[1m>[22m[39m[90m 153 |[39m                     [33m<[39m[33mmotion[39m[33m.[39mspan
     [90m     |[39m                     [31m[1m^[22m[39m
     [90m 154 |[39m                       key[33m=[39m{tag}
     [90m 155 |[39m                       whileHover[33m=[39m{{ scale[33m:[39m [35m1.05[39m }}
     [90m 156 |[39m                       className[33m=[39m[32m"px-4 py-2 bg-blue-500 text-white text-sm font-medium rounded-full shadow-sm"[39m[0m

      at printWarning (node_modules/react/cjs/react-jsx-runtime.development.js:87:30)
      at error (node_modules/react/cjs/react-jsx-runtime.development.js:61:7)
      at jsxWithValidation (node_modules/react/cjs/react-jsx-runtime.development.js:1245:7)
      at jsxWithValidationDynamic (node_modules/react/cjs/react-jsx-runtime.development.js:1320:12)
      at components/timeline/TimelineModal.tsx:153:21
          at Array.map (<anonymous>)
      at map (components/timeline/TimelineModal.tsx:152:31)
      at renderWithHooks (node_modules/react-dom/cjs/react-dom.development.js:15486:18)
      at mountIndeterminateComponent (node_modules/react-dom/cjs/react-dom.development.js:20103:13)
      at beginWork (node_modules/react-dom/cjs/react-dom.development.js:21626:16)
      at beginWork$1 (node_modules/react-dom/cjs/react-dom.development.js:27465:14)
      at performUnitOfWork (node_modules/react-dom/cjs/react-dom.development.js:26599:12)
      at workLoopSync (node_modules/react-dom/cjs/react-dom.development.js:26505:5)
      at renderRootSync (node_modules/react-dom/cjs/react-dom.development.js:26473:7)
      at performConcurrentWorkOnRoot (node_modules/react-dom/cjs/react-dom.development.js:25777:74)
      at flushActQueue (node_modules/react/cjs/react.development.js:2667:24)
      at act (node_modules/react/cjs/react.development.js:2582:11)
      at node_modules/@testing-library/react/dist/act-compat.js:47:25
      at renderRoot (node_modules/@testing-library/react/dist/pure.js:190:26)
      at render (node_modules/@testing-library/react/dist/pure.js:292:10)
      at Object.<anonymous> (components/__tests__/TimelineModal.test.tsx:277:11)

    console.error
      Warning: React.jsx: type is invalid -- expected a string (for built-in components) or a class/function (for composite components) but got: undefined. You likely forgot to export your component from the file it's defined in, or you might have mixed up default and named imports.
      
      Check the render method of `TimelineModal`.
          at event (C:\Users\alexi\Documents\projects\maicivy\frontend\components\timeline\TimelineModal.tsx:13:56)

    [0m [90m 151 |[39m                 [33m<[39m[33mdiv[39m className[33m=[39m[32m"flex flex-wrap gap-2"[39m[33m>[39m
     [90m 152 |[39m                   {event[33m.[39mtags[33m.[39mmap((tag) [33m=>[39m (
    [31m[1m>[22m[39m[90m 153 |[39m                     [33m<[39m[33mmotion[39m[33m.[39mspan
     [90m     |[39m                     [31m[1m^[22m[39m
     [90m 154 |[39m                       key[33m=[39m{tag}
     [90m 155 |[39m                       whileHover[33m=[39m{{ scale[33m:[39m [35m1.05[39m }}
     [90m 156 |[39m                       className[33m=[39m[32m"px-4 py-2 bg-blue-500 text-white text-sm font-medium rounded-full shadow-sm"[39m[0m

      at printWarning (node_modules/react/cjs/react-jsx-runtime.development.js:87:30)
      at error (node_modules/react/cjs/react-jsx-runtime.development.js:61:7)
      at jsxWithValidation (node_modules/react/cjs/react-jsx-runtime.development.js:1245:7)
      at jsxWithValidationDynamic (node_modules/react/cjs/react-jsx-runtime.development.js:1320:12)
      at components/timeline/TimelineModal.tsx:153:21
          at Array.map (<anonymous>)
      at map (components/timeline/TimelineModal.tsx:152:31)
      at renderWithHooks (node_modules/react-dom/cjs/react-dom.development.js:15486:18)
      at mountIndeterminateComponent (node_modules/react-dom/cjs/react-dom.development.js:20103:13)
      at beginWork (node_modules/react-dom/cjs/react-dom.development.js:21626:16)
      at beginWork$1 (node_modules/react-dom/cjs/react-dom.development.js:27465:14)
      at performUnitOfWork (node_modules/react-dom/cjs/react-dom.development.js:26599:12)
      at workLoopSync (node_modules/react-dom/cjs/react-dom.development.js:26505:5)
      at renderRootSync (node_modules/react-dom/cjs/react-dom.development.js:26473:7)
      at performConcurrentWorkOnRoot (node_modules/react-dom/cjs/react-dom.development.js:25777:74)
      at flushActQueue (node_modules/react/cjs/react.development.js:2667:24)
      at act (node_modules/react/cjs/react.development.js:2582:11)
      at node_modules/@testing-library/react/dist/act-compat.js:47:25
      at renderRoot (node_modules/@testing-library/react/dist/pure.js:190:26)
      at render (node_modules/@testing-library/react/dist/pure.js:292:10)
      at Object.<anonymous> (components/__tests__/TimelineModal.test.tsx:277:11)

    console.error
      Warning: React.jsx: type is invalid -- expected a string (for built-in components) or a class/function (for composite components) but got: undefined. You likely forgot to export your component from the file it's defined in, or you might have mixed up default and named imports.
      
      Check the render method of `TimelineModal`.
          at event (C:\Users\alexi\Documents\projects\maicivy\frontend\components\timeline\TimelineModal.tsx:13:56)

    [0m [90m 151 |[39m                 [33m<[39m[33mdiv[39m className[33m=[39m[32m"flex flex-wrap gap-2"[39m[33m>[39m
     [90m 152 |[39m                   {event[33m.[39mtags[33m.[39mmap((tag) [33m=>[39m (
    [31m[1m>[22m[39m[90m 153 |[39m                     [33m<[39m[33mmotion[39m[33m.[39mspan
     [90m     |[39m                     [31m[1m^[22m[39m
     [90m 154 |[39m                       key[33m=[39m{tag}
     [90m 155 |[39m                       whileHover[33m=[39m{{ scale[33m:[39m [35m1.05[39m }}
     [90m 156 |[39m                       className[33m=[39m[32m"px-4 py-2 bg-blue-500 text-white text-sm font-medium rounded-full shadow-sm"[39m[0m

      at printWarning (node_modules/react/cjs/react-jsx-runtime.development.js:87:30)
      at error (node_modules/react/cjs/react-jsx-runtime.development.js:61:7)
      at jsxWithValidation (node_modules/react/cjs/react-jsx-runtime.development.js:1245:7)
      at jsxWithValidationDynamic (node_modules/react/cjs/react-jsx-runtime.development.js:1320:12)
      at components/timeline/TimelineModal.tsx:153:21
          at Array.map (<anonymous>)
      at map (components/timeline/TimelineModal.tsx:152:31)
      at renderWithHooks (node_modules/react-dom/cjs/react-dom.development.js:15486:18)
      at mountIndeterminateComponent (node_modules/react-dom/cjs/react-dom.development.js:20103:13)
      at beginWork (node_modules/react-dom/cjs/react-dom.development.js:21626:16)
      at beginWork$1 (node_modules/react-dom/cjs/react-dom.development.js:27465:14)
      at performUnitOfWork (node_modules/react-dom/cjs/react-dom.development.js:26599:12)
      at workLoopSync (node_modules/react-dom/cjs/react-dom.development.js:26505:5)
      at renderRootSync (node_modules/react-dom/cjs/react-dom.development.js:26473:7)
      at performConcurrentWorkOnRoot (node_modules/react-dom/cjs/react-dom.development.js:25777:74)
      at flushActQueue (node_modules/react/cjs/react.development.js:2667:24)
      at act (node_modules/react/cjs/react.development.js:2582:11)
      at node_modules/@testing-library/react/dist/act-compat.js:47:25
      at renderRoot (node_modules/@testing-library/react/dist/pure.js:190:26)
      at render (node_modules/@testing-library/react/dist/pure.js:292:10)
      at Object.<anonymous> (components/__tests__/TimelineModal.test.tsx:277:11)

    console.error
      Warning: React.jsx: type is invalid -- expected a string (for built-in components) or a class/function (for composite components) but got: undefined. You likely forgot to export your component from the file it's defined in, or you might have mixed up default and named imports.
      
      Check the render method of `TimelineModal`.
          at event (C:\Users\alexi\Documents\projects\maicivy\frontend\components\timeline\TimelineModal.tsx:13:56)

    [0m [90m 151 |[39m                 [33m<[39m[33mdiv[39m className[33m=[39m[32m"flex flex-wrap gap-2"[39m[33m>[39m
     [90m 152 |[39m                   {event[33m.[39mtags[33m.[39mmap((tag) [33m=>[39m (
    [31m[1m>[22m[39m[90m 153 |[39m                     [33m<[39m[33mmotion[39m[33m.[39mspan
     [90m     |[39m                     [31m[1m^[22m[39m
     [90m 154 |[39m                       key[33m=[39m{tag}
     [90m 155 |[39m                       whileHover[33m=[39m{{ scale[33m:[39m [35m1.05[39m }}
     [90m 156 |[39m                       className[33m=[39m[32m"px-4 py-2 bg-blue-500 text-white text-sm font-medium rounded-full shadow-sm"[39m[0m

      at printWarning (node_modules/react/cjs/react-jsx-runtime.development.js:87:30)
      at error (node_modules/react/cjs/react-jsx-runtime.development.js:61:7)
      at jsxWithValidation (node_modules/react/cjs/react-jsx-runtime.development.js:1245:7)
      at jsxWithValidationDynamic (node_modules/react/cjs/react-jsx-runtime.development.js:1320:12)
      at components/timeline/TimelineModal.tsx:153:21
          at Array.map (<anonymous>)
      at map (components/timeline/TimelineModal.tsx:152:31)
      at renderWithHooks (node_modules/react-dom/cjs/react-dom.development.js:15486:18)
      at mountIndeterminateComponent (node_modules/react-dom/cjs/react-dom.development.js:20103:13)
      at beginWork (node_modules/react-dom/cjs/react-dom.development.js:21626:16)
      at beginWork$1 (node_modules/react-dom/cjs/react-dom.development.js:27465:14)
      at performUnitOfWork (node_modules/react-dom/cjs/react-dom.development.js:26599:12)
      at workLoopSync (node_modules/react-dom/cjs/react-dom.development.js:26505:5)
      at renderRootSync (node_modules/react-dom/cjs/react-dom.development.js:26473:7)
      at performConcurrentWorkOnRoot (node_modules/react-dom/cjs/react-dom.development.js:25777:74)
      at flushActQueue (node_modules/react/cjs/react.development.js:2667:24)
      at act (node_modules/react/cjs/react.development.js:2582:11)
      at node_modules/@testing-library/react/dist/act-compat.js:47:25
      at renderRoot (node_modules/@testing-library/react/dist/pure.js:190:26)
      at render (node_modules/@testing-library/react/dist/pure.js:292:10)
      at Object.<anonymous> (components/__tests__/TimelineModal.test.tsx:277:11)

    console.error
      Error: Uncaught [Error: Element type is invalid: expected a string (for built-in components) or a class/function (for composite components) but got: undefined. You likely forgot to export your component from the file it's defined in, or you might have mixed up default and named imports.
      
      Check the render method of `TimelineModal`.]
          at reportException (C:\Users\alexi\Documents\projects\maicivy\frontend\node_modules\jsdom\lib\jsdom\living\helpers\runtime-script-errors.js:66:24)
          at innerInvokeEventListeners (C:\Users\alexi\Documents\projects\maicivy\frontend\node_modules\jsdom\lib\jsdom\living\events\EventTarget-impl.js:353:9)
          at invokeEventListeners (C:\Users\alexi\Documents\projects\maicivy\frontend\node_modules\jsdom\lib\jsdom\living\events\EventTarget-impl.js:286:3)
          at HTMLUnknownElementImpl._dispatch (C:\Users\alexi\Documents\projects\maicivy\frontend\node_modules\jsdom\lib\jsdom\living\events\EventTarget-impl.js:233:9)
          at HTMLUnknownElementImpl.dispatchEvent (C:\Users\alexi\Documents\projects\maicivy\frontend\node_modules\jsdom\lib\jsdom\living\events\EventTarget-impl.js:104:17)
          at HTMLUnknownElement.dispatchEvent (C:\Users\alexi\Documents\projects\maicivy\frontend\node_modules\jsdom\lib\jsdom\living\generated\EventTarget.js:241:34)
          at Object.invokeGuardedCallbackDev (C:\Users\alexi\Documents\projects\maicivy\frontend\node_modules\react-dom\cjs\react-dom.development.js:4213:16)
          at invokeGuardedCallback (C:\Users\alexi\Documents\projects\maicivy\frontend\node_modules\react-dom\cjs\react-dom.development.js:4277:31)
          at beginWork$1 (C:\Users\alexi\Documents\projects\maicivy\frontend\node_modules\react-dom\cjs\react-dom.development.js:27490:7)
          at performUnitOfWork (C:\Users\alexi\Documents\projects\maicivy\frontend\node_modules\react-dom\cjs\react-dom.development.js:26599:12)
          at workLoopSync (C:\Users\alexi\Documents\projects\maicivy\frontend\node_modules\react-dom\cjs\react-dom.development.js:26505:5)
          at renderRootSync (C:\Users\alexi\Documents\projects\maicivy\frontend\node_modules\react-dom\cjs\react-dom.development.js:26473:7)
          at performConcurrentWorkOnRoot (C:\Users\alexi\Documents\projects\maicivy\frontend\node_modules\react-dom\cjs\react-dom.development.js:25777:74)
          at flushActQueue (C:\Users\alexi\Documents\projects\maicivy\frontend\node_modules\react\cjs\react.development.js:2667:24)
          at act (C:\Users\alexi\Documents\projects\maicivy\frontend\node_modules\react\cjs\react.development.js:2582:11)
          at C:\Users\alexi\Documents\projects\maicivy\frontend\node_modules\@testing-library\react\dist\act-compat.js:47:25
          at renderRoot (C:\Users\alexi\Documents\projects\maicivy\frontend\node_modules\@testing-library\react\dist\pure.js:190:26)
          at render (C:\Users\alexi\Documents\projects\maicivy\frontend\node_modules\@testing-library\react\dist\pure.js:292:10)
          at Object.<anonymous> (C:\Users\alexi\Documents\projects\maicivy\frontend\components\__tests__\TimelineModal.test.tsx:277:11)
          at Promise.finally.completed (C:\Users\alexi\Documents\projects\maicivy\frontend\node_modules\jest-circus\build\jestAdapterInit.js:1557:28)
          at new Promise (<anonymous>)
          at callAsyncCircusFn (C:\Users\alexi\Documents\projects\maicivy\frontend\node_modules\jest-circus\build\jestAdapterInit.js:1497:10)
          at _callCircusTest (C:\Users\alexi\Documents\projects\maicivy\frontend\node_modules\jest-circus\build\jestAdapterInit.js:1007:40)
          at processTicksAndRejections (node:internal/process/task_queues:103:5)
          at _runTest (C:\Users\alexi\Documents\projects\maicivy\frontend\node_modules\jest-circus\build\jestAdapterInit.js:947:3)
          at C:\Users\alexi\Documents\projects\maicivy\frontend\node_modules\jest-circus\build\jestAdapterInit.js:849:7
          at _runTestsForDescribeBlock (C:\Users\alexi\Documents\projects\maicivy\frontend\node_modules\jest-circus\build\jestAdapterInit.js:862:11)
          at _runTestsForDescribeBlock (C:\Users\alexi\Documents\projects\maicivy\frontend\node_modules\jest-circus\build\jestAdapterInit.js:857:11)
          at run (C:\Users\alexi\Documents\projects\maicivy\frontend\node_modules\jest-circus\build\jestAdapterInit.js:761:3)
          at runAndTransformResultsToJestFormat (C:\Users\alexi\Documents\projects\maicivy\frontend\node_modules\jest-circus\build\jestAdapterInit.js:1918:21)
          at jestAdapter (C:\Users\alexi\Documents\projects\maicivy\frontend\node_modules\jest-circus\build\runner.js:101:19)
          at runTestInternal (C:\Users\alexi\Documents\projects\maicivy\frontend\node_modules\jest-runner\build\testWorker.js:275:16)
          at runTest (C:\Users\alexi\Documents\projects\maicivy\frontend\node_modules\jest-runner\build\testWorker.js:343:7)
          at Object.worker (C:\Users\alexi\Documents\projects\maicivy\frontend\node_modules\jest-runner\build\testWorker.js:497:12) {
        detail: Error: Element type is invalid: expected a string (for built-in components) or a class/function (for composite components) but got: undefined. You likely forgot to export your component from the file it's defined in, or you might have mixed up default and named imports.
        
        Check the render method of `TimelineModal`.
            at createFiberFromTypeAndProps (C:\Users\alexi\Documents\projects\maicivy\frontend\node_modules\react-dom\cjs\react-dom.development.js:28478:17)
            at createFiberFromElement (C:\Users\alexi\Documents\projects\maicivy\frontend\node_modules\react-dom\cjs\react-dom.development.js:28504:15)
            at createChild (C:\Users\alexi\Documents\projects\maicivy\frontend\node_modules\react-dom\cjs\react-dom.development.js:13345:28)
            at reconcileChildrenArray (C:\Users\alexi\Documents\projects\maicivy\frontend\node_modules\react-dom\cjs\react-dom.development.js:13640:25)
            at reconcileChildFibers (C:\Users\alexi\Documents\projects\maicivy\frontend\node_modules\react-dom\cjs\react-dom.development.js:14057:16)
            at reconcileChildren (C:\Users\alexi\Documents\projects\maicivy\frontend\node_modules\react-dom\cjs\react-dom.development.js:19186:28)
            at updateHostComponent (C:\Users\alexi\Documents\projects\maicivy\frontend\node_modules\react-dom\cjs\react-dom.development.js:19953:3)
            at beginWork (C:\Users\alexi\Documents\projects\maicivy\frontend\node_modules\react-dom\cjs\react-dom.development.js:21657:14)
            at HTMLUnknownElement.callCallback (C:\Users\alexi\Documents\projects\maicivy\frontend\node_modules\react-dom\cjs\react-dom.development.js:4164:14)
            at HTMLUnknownElement.callTheUserObjectsOperation (C:\Users\alexi\Documents\projects\maicivy\frontend\node_modules\jsdom\lib\jsdom\living\generated\EventListener.js:26:30)
            at innerInvokeEventListeners (C:\Users\alexi\Documents\projects\maicivy\frontend\node_modules\jsdom\lib\jsdom\living\events\EventTarget-impl.js:350:25)
            at invokeEventListeners (C:\Users\alexi\Documents\projects\maicivy\frontend\node_modules\jsdom\lib\jsdom\living\events\EventTarget-impl.js:286:3)
            at HTMLUnknownElementImpl._dispatch (C:\Users\alexi\Documents\projects\maicivy\frontend\node_modules\jsdom\lib\jsdom\living\events\EventTarget-impl.js:233:9)
            at HTMLUnknownElementImpl.dispatchEvent (C:\Users\alexi\Documents\projects\maicivy\frontend\node_modules\jsdom\lib\jsdom\living\events\EventTarget-impl.js:104:17)
            at HTMLUnknownElement.dispatchEvent (C:\Users\alexi\Documents\projects\maicivy\frontend\node_modules\jsdom\lib\jsdom\living\generated\EventTarget.js:241:34)
            at Object.invokeGuardedCallbackDev (C:\Users\alexi\Documents\projects\maicivy\frontend\node_modules\react-dom\cjs\react-dom.development.js:4213:16)
            at invokeGuardedCallback (C:\Users\alexi\Documents\projects\maicivy\frontend\node_modules\react-dom\cjs\react-dom.development.js:4277:31)
            at beginWork$1 (C:\Users\alexi\Documents\projects\maicivy\frontend\node_modules\react-dom\cjs\react-dom.development.js:27490:7)
            at performUnitOfWork (C:\Users\alexi\Documents\projects\maicivy\frontend\node_modules\react-dom\cjs\react-dom.development.js:26599:12)
            at workLoopSync (C:\Users\alexi\Documents\projects\maicivy\frontend\node_modules\react-dom\cjs\react-dom.development.js:26505:5)
            at renderRootSync (C:\Users\alexi\Documents\projects\maicivy\frontend\node_modules\react-dom\cjs\react-dom.development.js:26473:7)
            at performConcurrentWorkOnRoot (C:\Users\alexi\Documents\projects\maicivy\frontend\node_modules\react-dom\cjs\react-dom.development.js:25777:74)
            at flushActQueue (C:\Users\alexi\Documents\projects\maicivy\frontend\node_modules\react\cjs\react.development.js:2667:24)
            at act (C:\Users\alexi\Documents\projects\maicivy\frontend\node_modules\react\cjs\react.development.js:2582:11)
            at C:\Users\alexi\Documents\projects\maicivy\frontend\node_modules\@testing-library\react\dist\act-compat.js:47:25
            at renderRoot (C:\Users\alexi\Documents\projects\maicivy\frontend\node_modules\@testing-library\react\dist\pure.js:190:26)
            at render (C:\Users\alexi\Documents\projects\maicivy\frontend\node_modules\@testing-library\react\dist\pure.js:292:10)
            at Object.<anonymous> (C:\Users\alexi\Documents\projects\maicivy\frontend\components\__tests__\TimelineModal.test.tsx:277:11)
            at Promise.finally.completed (C:\Users\alexi\Documents\projects\maicivy\frontend\node_modules\jest-circus\build\jestAdapterInit.js:1557:28)
            at new Promise (<anonymous>)
            at callAsyncCircusFn (C:\Users\alexi\Documents\projects\maicivy\frontend\node_modules\jest-circus\build\jestAdapterInit.js:1497:10)
            at _callCircusTest (C:\Users\alexi\Documents\projects\maicivy\frontend\node_modules\jest-circus\build\jestAdapterInit.js:1007:40)
            at processTicksAndRejections (node:internal/process/task_queues:103:5)
            at _runTest (C:\Users\alexi\Documents\projects\maicivy\frontend\node_modules\jest-circus\build\jestAdapterInit.js:947:3)
            at C:\Users\alexi\Documents\projects\maicivy\frontend\node_modules\jest-circus\build\jestAdapterInit.js:849:7
            at _runTestsForDescribeBlock (C:\Users\alexi\Documents\projects\maicivy\frontend\node_modules\jest-circus\build\jestAdapterInit.js:862:11)
            at _runTestsForDescribeBlock (C:\Users\alexi\Documents\projects\maicivy\frontend\node_modules\jest-circus\build\jestAdapterInit.js:857:11)
            at run (C:\Users\alexi\Documents\projects\maicivy\frontend\node_modules\jest-circus\build\jestAdapterInit.js:761:3)
            at runAndTransformResultsToJestFormat (C:\Users\alexi\Documents\projects\maicivy\frontend\node_modules\jest-circus\build\jestAdapterInit.js:1918:21)
            at jestAdapter (C:\Users\alexi\Documents\projects\maicivy\frontend\node_modules\jest-circus\build\runner.js:101:19)
            at runTestInternal (C:\Users\alexi\Documents\projects\maicivy\frontend\node_modules\jest-runner\build\testWorker.js:275:16)
            at runTest (C:\Users\alexi\Documents\projects\maicivy\frontend\node_modules\jest-runner\build\testWorker.js:343:7)
            at Object.worker (C:\Users\alexi\Documents\projects\maicivy\frontend\node_modules\jest-runner\build\testWorker.js:497:12),
        type: 'unhandled exception'
      }

    [0m [90m 275 |[39m
     [90m 276 |[39m   it([32m'should render calendar icon'[39m[33m,[39m () [33m=>[39m {
    [31m[1m>[22m[39m[90m 277 |[39m     render([33m<[39m[33mTimelineModal[39m event[33m=[39m{mockEvent} onClose[33m=[39m{jest[33m.[39mfn()} [33m/[39m[33m>[39m)[33m;[39m
     [90m     |[39m           [31m[1m^[22m[39m
     [90m 278 |[39m
     [90m 279 |[39m     expect(screen[33m.[39mgetByTestId([32m'calendar-icon'[39m))[33m.[39mtoBeInTheDocument()[33m;[39m
     [90m 280 |[39m   })[33m;[39m[0m

      at VirtualConsole.<anonymous> (node_modules/@jest/environment-jsdom-abstract/build/index.js:87:23)
      at reportException (node_modules/jsdom/lib/jsdom/living/helpers/runtime-script-errors.js:70:28)
      at innerInvokeEventListeners (node_modules/jsdom/lib/jsdom/living/events/EventTarget-impl.js:353:9)
      at invokeEventListeners (node_modules/jsdom/lib/jsdom/living/events/EventTarget-impl.js:286:3)
      at HTMLUnknownElementImpl._dispatch (node_modules/jsdom/lib/jsdom/living/events/EventTarget-impl.js:233:9)
      at HTMLUnknownElementImpl.dispatchEvent (node_modules/jsdom/lib/jsdom/living/events/EventTarget-impl.js:104:17)
      at HTMLUnknownElement.dispatchEvent (node_modules/jsdom/lib/jsdom/living/generated/EventTarget.js:241:34)
      at Object.invokeGuardedCallbackDev (node_modules/react-dom/cjs/react-dom.development.js:4213:16)
      at invokeGuardedCallback (node_modules/react-dom/cjs/react-dom.development.js:4277:31)
      at beginWork$1 (node_modules/react-dom/cjs/react-dom.development.js:27490:7)
      at performUnitOfWork (node_modules/react-dom/cjs/react-dom.development.js:26599:12)
      at workLoopSync (node_modules/react-dom/cjs/react-dom.development.js:26505:5)
      at renderRootSync (node_modules/react-dom/cjs/react-dom.development.js:26473:7)
      at performConcurrentWorkOnRoot (node_modules/react-dom/cjs/react-dom.development.js:25777:74)
      at flushActQueue (node_modules/react/cjs/react.development.js:2667:24)
      at act (node_modules/react/cjs/react.development.js:2582:11)
      at node_modules/@testing-library/react/dist/act-compat.js:47:25
      at renderRoot (node_modules/@testing-library/react/dist/pure.js:190:26)
      at render (node_modules/@testing-library/react/dist/pure.js:292:10)
      at Object.<anonymous> (components/__tests__/TimelineModal.test.tsx:277:11)

    console.error
      Warning: React.jsx: type is invalid -- expected a string (for built-in components) or a class/function (for composite components) but got: undefined. You likely forgot to export your component from the file it's defined in, or you might have mixed up default and named imports.
      
      Check the render method of `TimelineModal`.
          at event (C:\Users\alexi\Documents\projects\maicivy\frontend\components\timeline\TimelineModal.tsx:13:56)

    [0m [90m 151 |[39m                 [33m<[39m[33mdiv[39m className[33m=[39m[32m"flex flex-wrap gap-2"[39m[33m>[39m
     [90m 152 |[39m                   {event[33m.[39mtags[33m.[39mmap((tag) [33m=>[39m (
    [31m[1m>[22m[39m[90m 153 |[39m                     [33m<[39m[33mmotion[39m[33m.[39mspan
     [90m     |[39m                     [31m[1m^[22m[39m
     [90m 154 |[39m                       key[33m=[39m{tag}
     [90m 155 |[39m                       whileHover[33m=[39m{{ scale[33m:[39m [35m1.05[39m }}
     [90m 156 |[39m                       className[33m=[39m[32m"px-4 py-2 bg-blue-500 text-white text-sm font-medium rounded-full shadow-sm"[39m[0m

      at printWarning (node_modules/react/cjs/react-jsx-runtime.development.js:87:30)
      at error (node_modules/react/cjs/react-jsx-runtime.development.js:61:7)
      at jsxWithValidation (node_modules/react/cjs/react-jsx-runtime.development.js:1245:7)
      at jsxWithValidationDynamic (node_modules/react/cjs/react-jsx-runtime.development.js:1320:12)
      at components/timeline/TimelineModal.tsx:153:21
          at Array.map (<anonymous>)
      at map (components/timeline/TimelineModal.tsx:152:31)
      at renderWithHooks (node_modules/react-dom/cjs/react-dom.development.js:15486:18)
      at mountIndeterminateComponent (node_modules/react-dom/cjs/react-dom.development.js:20103:13)
      at beginWork (node_modules/react-dom/cjs/react-dom.development.js:21626:16)
      at beginWork$1 (node_modules/react-dom/cjs/react-dom.development.js:27465:14)
      at performUnitOfWork (node_modules/react-dom/cjs/react-dom.development.js:26599:12)
      at workLoopSync (node_modules/react-dom/cjs/react-dom.development.js:26505:5)
      at renderRootSync (node_modules/react-dom/cjs/react-dom.development.js:26473:7)
      at recoverFromConcurrentError (node_modules/react-dom/cjs/react-dom.development.js:25889:20)
      at performConcurrentWorkOnRoot (node_modules/react-dom/cjs/react-dom.development.js:25789:22)
      at flushActQueue (node_modules/react/cjs/react.development.js:2667:24)
      at act (node_modules/react/cjs/react.development.js:2582:11)
      at node_modules/@testing-library/react/dist/act-compat.js:47:25
      at renderRoot (node_modules/@testing-library/react/dist/pure.js:190:26)
      at render (node_modules/@testing-library/react/dist/pure.js:292:10)
      at Object.<anonymous> (components/__tests__/TimelineModal.test.tsx:277:11)

    console.error
      Warning: React.jsx: type is invalid -- expected a string (for built-in components) or a class/function (for composite components) but got: undefined. You likely forgot to export your component from the file it's defined in, or you might have mixed up default and named imports.
      
      Check the render method of `TimelineModal`.
          at event (C:\Users\alexi\Documents\projects\maicivy\frontend\components\timeline\TimelineModal.tsx:13:56)

    [0m [90m 151 |[39m                 [33m<[39m[33mdiv[39m className[33m=[39m[32m"flex flex-wrap gap-2"[39m[33m>[39m
     [90m 152 |[39m                   {event[33m.[39mtags[33m.[39mmap((tag) [33m=>[39m (
    [31m[1m>[22m[39m[90m 153 |[39m                     [33m<[39m[33mmotion[39m[33m.[39mspan
     [90m     |[39m                     [31m[1m^[22m[39m
     [90m 154 |[39m                       key[33m=[39m{tag}
     [90m 155 |[39m                       whileHover[33m=[39m{{ scale[33m:[39m [35m1.05[39m }}
     [90m 156 |[39m                       className[33m=[39m[32m"px-4 py-2 bg-blue-500 text-white text-sm font-medium rounded-full shadow-sm"[39m[0m

      at printWarning (node_modules/react/cjs/react-jsx-runtime.development.js:87:30)
      at error (node_modules/react/cjs/react-jsx-runtime.development.js:61:7)
      at jsxWithValidation (node_modules/react/cjs/react-jsx-runtime.development.js:1245:7)
      at jsxWithValidationDynamic (node_modules/react/cjs/react-jsx-runtime.development.js:1320:12)
      at components/timeline/TimelineModal.tsx:153:21
          at Array.map (<anonymous>)
      at map (components/timeline/TimelineModal.tsx:152:31)
      at renderWithHooks (node_modules/react-dom/cjs/react-dom.development.js:15486:18)
      at mountIndeterminateComponent (node_modules/react-dom/cjs/react-dom.development.js:20103:13)
      at beginWork (node_modules/react-dom/cjs/react-dom.development.js:21626:16)
      at beginWork$1 (node_modules/react-dom/cjs/react-dom.development.js:27465:14)
      at performUnitOfWork (node_modules/react-dom/cjs/react-dom.development.js:26599:12)
      at workLoopSync (node_modules/react-dom/cjs/react-dom.development.js:26505:5)
      at renderRootSync (node_modules/react-dom/cjs/react-dom.development.js:26473:7)
      at recoverFromConcurrentError (node_modules/react-dom/cjs/react-dom.development.js:25889:20)
      at performConcurrentWorkOnRoot (node_modules/react-dom/cjs/react-dom.development.js:25789:22)
      at flushActQueue (node_modules/react/cjs/react.development.js:2667:24)
      at act (node_modules/react/cjs/react.development.js:2582:11)
      at node_modules/@testing-library/react/dist/act-compat.js:47:25
      at renderRoot (node_modules/@testing-library/react/dist/pure.js:190:26)
      at render (node_modules/@testing-library/react/dist/pure.js:292:10)
      at Object.<anonymous> (components/__tests__/TimelineModal.test.tsx:277:11)

    console.error
      Warning: React.jsx: type is invalid -- expected a string (for built-in components) or a class/function (for composite components) but got: undefined. You likely forgot to export your component from the file it's defined in, or you might have mixed up default and named imports.
      
      Check the render method of `TimelineModal`.
          at event (C:\Users\alexi\Documents\projects\maicivy\frontend\components\timeline\TimelineModal.tsx:13:56)

    [0m [90m 151 |[39m                 [33m<[39m[33mdiv[39m className[33m=[39m[32m"flex flex-wrap gap-2"[39m[33m>[39m
     [90m 152 |[39m                   {event[33m.[39mtags[33m.[39mmap((tag) [33m=>[39m (
    [31m[1m>[22m[39m[90m 153 |[39m                     [33m<[39m[33mmotion[39m[33m.[39mspan
     [90m     |[39m                     [31m[1m^[22m[39m
     [90m 154 |[39m                       key[33m=[39m{tag}
     [90m 155 |[39m                       whileHover[33m=[39m{{ scale[33m:[39m [35m1.05[39m }}
     [90m 156 |[39m                       className[33m=[39m[32m"px-4 py-2 bg-blue-500 text-white text-sm font-medium rounded-full shadow-sm"[39m[0m

      at printWarning (node_modules/react/cjs/react-jsx-runtime.development.js:87:30)
      at error (node_modules/react/cjs/react-jsx-runtime.development.js:61:7)
      at jsxWithValidation (node_modules/react/cjs/react-jsx-runtime.development.js:1245:7)
      at jsxWithValidationDynamic (node_modules/react/cjs/react-jsx-runtime.development.js:1320:12)
      at components/timeline/TimelineModal.tsx:153:21
          at Array.map (<anonymous>)
      at map (components/timeline/TimelineModal.tsx:152:31)
      at renderWithHooks (node_modules/react-dom/cjs/react-dom.development.js:15486:18)
      at mountIndeterminateComponent (node_modules/react-dom/cjs/react-dom.development.js:20103:13)
      at beginWork (node_modules/react-dom/cjs/react-dom.development.js:21626:16)
      at beginWork$1 (node_modules/react-dom/cjs/react-dom.development.js:27465:14)
      at performUnitOfWork (node_modules/react-dom/cjs/react-dom.development.js:26599:12)
      at workLoopSync (node_modules/react-dom/cjs/react-dom.development.js:26505:5)
      at renderRootSync (node_modules/react-dom/cjs/react-dom.development.js:26473:7)
      at recoverFromConcurrentError (node_modules/react-dom/cjs/react-dom.development.js:25889:20)
      at performConcurrentWorkOnRoot (node_modules/react-dom/cjs/react-dom.development.js:25789:22)
      at flushActQueue (node_modules/react/cjs/react.development.js:2667:24)
      at act (node_modules/react/cjs/react.development.js:2582:11)
      at node_modules/@testing-library/react/dist/act-compat.js:47:25
      at renderRoot (node_modules/@testing-library/react/dist/pure.js:190:26)
      at render (node_modules/@testing-library/react/dist/pure.js:292:10)
      at Object.<anonymous> (components/__tests__/TimelineModal.test.tsx:277:11)

    console.error
      Warning: React.jsx: type is invalid -- expected a string (for built-in components) or a class/function (for composite components) but got: undefined. You likely forgot to export your component from the file it's defined in, or you might have mixed up default and named imports.
      
      Check the render method of `TimelineModal`.
          at event (C:\Users\alexi\Documents\projects\maicivy\frontend\components\timeline\TimelineModal.tsx:13:56)

    [0m [90m 151 |[39m                 [33m<[39m[33mdiv[39m className[33m=[39m[32m"flex flex-wrap gap-2"[39m[33m>[39m
     [90m 152 |[39m                   {event[33m.[39mtags[33m.[39mmap((tag) [33m=>[39m (
    [31m[1m>[22m[39m[90m 153 |[39m                     [33m<[39m[33mmotion[39m[33m.[39mspan
     [90m     |[39m                     [31m[1m^[22m[39m
     [90m 154 |[39m                       key[33m=[39m{tag}
     [90m 155 |[39m                       whileHover[33m=[39m{{ scale[33m:[39m [35m1.05[39m }}
     [90m 156 |[39m                       className[33m=[39m[32m"px-4 py-2 bg-blue-500 text-white text-sm font-medium rounded-full shadow-sm"[39m[0m

      at printWarning (node_modules/react/cjs/react-jsx-runtime.development.js:87:30)
      at error (node_modules/react/cjs/react-jsx-runtime.development.js:61:7)
      at jsxWithValidation (node_modules/react/cjs/react-jsx-runtime.development.js:1245:7)
      at jsxWithValidationDynamic (node_modules/react/cjs/react-jsx-runtime.development.js:1320:12)
      at components/timeline/TimelineModal.tsx:153:21
          at Array.map (<anonymous>)
      at map (components/timeline/TimelineModal.tsx:152:31)
      at renderWithHooks (node_modules/react-dom/cjs/react-dom.development.js:15486:18)
      at mountIndeterminateComponent (node_modules/react-dom/cjs/react-dom.development.js:20103:13)
      at beginWork (node_modules/react-dom/cjs/react-dom.development.js:21626:16)
      at beginWork$1 (node_modules/react-dom/cjs/react-dom.development.js:27465:14)
      at performUnitOfWork (node_modules/react-dom/cjs/react-dom.development.js:26599:12)
      at workLoopSync (node_modules/react-dom/cjs/react-dom.development.js:26505:5)
      at renderRootSync (node_modules/react-dom/cjs/react-dom.development.js:26473:7)
      at recoverFromConcurrentError (node_modules/react-dom/cjs/react-dom.development.js:25889:20)
      at performConcurrentWorkOnRoot (node_modules/react-dom/cjs/react-dom.development.js:25789:22)
      at flushActQueue (node_modules/react/cjs/react.development.js:2667:24)
      at act (node_modules/react/cjs/react.development.js:2582:11)
      at node_modules/@testing-library/react/dist/act-compat.js:47:25
      at renderRoot (node_modules/@testing-library/react/dist/pure.js:190:26)
      at render (node_modules/@testing-library/react/dist/pure.js:292:10)
      at Object.<anonymous> (components/__tests__/TimelineModal.test.tsx:277:11)

    console.error
      Warning: React.jsx: type is invalid -- expected a string (for built-in components) or a class/function (for composite components) but got: undefined. You likely forgot to export your component from the file it's defined in, or you might have mixed up default and named imports.
      
      Check the render method of `TimelineModal`.
          at event (C:\Users\alexi\Documents\projects\maicivy\frontend\components\timeline\TimelineModal.tsx:13:56)

    [0m [90m 151 |[39m                 [33m<[39m[33mdiv[39m className[33m=[39m[32m"flex flex-wrap gap-2"[39m[33m>[39m
     [90m 152 |[39m                   {event[33m.[39mtags[33m.[39mmap((tag) [33m=>[39m (
    [31m[1m>[22m[39m[90m 153 |[39m                     [33m<[39m[33mmotion[39m[33m.[39mspan
     [90m     |[39m                     [31m[1m^[22m[39m
     [90m 154 |[39m                       key[33m=[39m{tag}
     [90m 155 |[39m                       whileHover[33m=[39m{{ scale[33m:[39m [35m1.05[39m }}
     [90m 156 |[39m                       className[33m=[39m[32m"px-4 py-2 bg-blue-500 text-white text-sm font-medium rounded-full shadow-sm"[39m[0m

      at printWarning (node_modules/react/cjs/react-jsx-runtime.development.js:87:30)
      at error (node_modules/react/cjs/react-jsx-runtime.development.js:61:7)
      at jsxWithValidation (node_modules/react/cjs/react-jsx-runtime.development.js:1245:7)
      at jsxWithValidationDynamic (node_modules/react/cjs/react-jsx-runtime.development.js:1320:12)
      at components/timeline/TimelineModal.tsx:153:21
          at Array.map (<anonymous>)
      at map (components/timeline/TimelineModal.tsx:152:31)
      at renderWithHooks (node_modules/react-dom/cjs/react-dom.development.js:15486:18)
      at mountIndeterminateComponent (node_modules/react-dom/cjs/react-dom.development.js:20103:13)
      at beginWork (node_modules/react-dom/cjs/react-dom.development.js:21626:16)
      at beginWork$1 (node_modules/react-dom/cjs/react-dom.development.js:27465:14)
      at performUnitOfWork (node_modules/react-dom/cjs/react-dom.development.js:26599:12)
      at workLoopSync (node_modules/react-dom/cjs/react-dom.development.js:26505:5)
      at renderRootSync (node_modules/react-dom/cjs/react-dom.development.js:26473:7)
      at recoverFromConcurrentError (node_modules/react-dom/cjs/react-dom.development.js:25889:20)
      at performConcurrentWorkOnRoot (node_modules/react-dom/cjs/react-dom.development.js:25789:22)
      at flushActQueue (node_modules/react/cjs/react.development.js:2667:24)
      at act (node_modules/react/cjs/react.development.js:2582:11)
      at node_modules/@testing-library/react/dist/act-compat.js:47:25
      at renderRoot (node_modules/@testing-library/react/dist/pure.js:190:26)
      at render (node_modules/@testing-library/react/dist/pure.js:292:10)
      at Object.<anonymous> (components/__tests__/TimelineModal.test.tsx:277:11)

    console.error
      Error: Uncaught [Error: Element type is invalid: expected a string (for built-in components) or a class/function (for composite components) but got: undefined. You likely forgot to export your component from the file it's defined in, or you might have mixed up default and named imports.
      
      Check the render method of `TimelineModal`.]
          at reportException (C:\Users\alexi\Documents\projects\maicivy\frontend\node_modules\jsdom\lib\jsdom\living\helpers\runtime-script-errors.js:66:24)
          at innerInvokeEventListeners (C:\Users\alexi\Documents\projects\maicivy\frontend\node_modules\jsdom\lib\jsdom\living\events\EventTarget-impl.js:353:9)
          at invokeEventListeners (C:\Users\alexi\Documents\projects\maicivy\frontend\node_modules\jsdom\lib\jsdom\living\events\EventTarget-impl.js:286:3)
          at HTMLUnknownElementImpl._dispatch (C:\Users\alexi\Documents\projects\maicivy\frontend\node_modules\jsdom\lib\jsdom\living\events\EventTarget-impl.js:233:9)
          at HTMLUnknownElementImpl.dispatchEvent (C:\Users\alexi\Documents\projects\maicivy\frontend\node_modules\jsdom\lib\jsdom\living\events\EventTarget-impl.js:104:17)
          at HTMLUnknownElement.dispatchEvent (C:\Users\alexi\Documents\projects\maicivy\frontend\node_modules\jsdom\lib\jsdom\living\generated\EventTarget.js:241:34)
          at Object.invokeGuardedCallbackDev (C:\Users\alexi\Documents\projects\maicivy\frontend\node_modules\react-dom\cjs\react-dom.development.js:4213:16)
          at invokeGuardedCallback (C:\Users\alexi\Documents\projects\maicivy\frontend\node_modules\react-dom\cjs\react-dom.development.js:4277:31)
          at beginWork$1 (C:\Users\alexi\Documents\projects\maicivy\frontend\node_modules\react-dom\cjs\react-dom.development.js:27490:7)
          at performUnitOfWork (C:\Users\alexi\Documents\projects\maicivy\frontend\node_modules\react-dom\cjs\react-dom.development.js:26599:12)
          at workLoopSync (C:\Users\alexi\Documents\projects\maicivy\frontend\node_modules\react-dom\cjs\react-dom.development.js:26505:5)
          at renderRootSync (C:\Users\alexi\Documents\projects\maicivy\frontend\node_modules\react-dom\cjs\react-dom.development.js:26473:7)
          at recoverFromConcurrentError (C:\Users\alexi\Documents\projects\maicivy\frontend\node_modules\react-dom\cjs\react-dom.development.js:25889:20)
          at performConcurrentWorkOnRoot (C:\Users\alexi\Documents\projects\maicivy\frontend\node_modules\react-dom\cjs\react-dom.development.js:25789:22)
          at flushActQueue (C:\Users\alexi\Documents\projects\maicivy\frontend\node_modules\react\cjs\react.development.js:2667:24)
          at act (C:\Users\alexi\Documents\projects\maicivy\frontend\node_modules\react\cjs\react.development.js:2582:11)
          at C:\Users\alexi\Documents\projects\maicivy\frontend\node_modules\@testing-library\react\dist\act-compat.js:47:25
          at renderRoot (C:\Users\alexi\Documents\projects\maicivy\frontend\node_modules\@testing-library\react\dist\pure.js:190:26)
          at render (C:\Users\alexi\Documents\projects\maicivy\frontend\node_modules\@testing-library\react\dist\pure.js:292:10)
          at Object.<anonymous> (C:\Users\alexi\Documents\projects\maicivy\frontend\components\__tests__\TimelineModal.test.tsx:277:11)
          at Promise.finally.completed (C:\Users\alexi\Documents\projects\maicivy\frontend\node_modules\jest-circus\build\jestAdapterInit.js:1557:28)
          at new Promise (<anonymous>)
          at callAsyncCircusFn (C:\Users\alexi\Documents\projects\maicivy\frontend\node_modules\jest-circus\build\jestAdapterInit.js:1497:10)
          at _callCircusTest (C:\Users\alexi\Documents\projects\maicivy\frontend\node_modules\jest-circus\build\jestAdapterInit.js:1007:40)
          at processTicksAndRejections (node:internal/process/task_queues:103:5)
          at _runTest (C:\Users\alexi\Documents\projects\maicivy\frontend\node_modules\jest-circus\build\jestAdapterInit.js:947:3)
          at C:\Users\alexi\Documents\projects\maicivy\frontend\node_modules\jest-circus\build\jestAdapterInit.js:849:7
          at _runTestsForDescribeBlock (C:\Users\alexi\Documents\projects\maicivy\frontend\node_modules\jest-circus\build\jestAdapterInit.js:862:11)
          at _runTestsForDescribeBlock (C:\Users\alexi\Documents\projects\maicivy\frontend\node_modules\jest-circus\build\jestAdapterInit.js:857:11)
          at run (C:\Users\alexi\Documents\projects\maicivy\frontend\node_modules\jest-circus\build\jestAdapterInit.js:761:3)
          at runAndTransformResultsToJestFormat (C:\Users\alexi\Documents\projects\maicivy\frontend\node_modules\jest-circus\build\jestAdapterInit.js:1918:21)
          at jestAdapter (C:\Users\alexi\Documents\projects\maicivy\frontend\node_modules\jest-circus\build\runner.js:101:19)
          at runTestInternal (C:\Users\alexi\Documents\projects\maicivy\frontend\node_modules\jest-runner\build\testWorker.js:275:16)
          at runTest (C:\Users\alexi\Documents\projects\maicivy\frontend\node_modules\jest-runner\build\testWorker.js:343:7)
          at Object.worker (C:\Users\alexi\Documents\projects\maicivy\frontend\node_modules\jest-runner\build\testWorker.js:497:12) {
        detail: Error: Element type is invalid: expected a string (for built-in components) or a class/function (for composite components) but got: undefined. You likely forgot to export your component from the file it's defined in, or you might have mixed up default and named imports.
        
        Check the render method of `TimelineModal`.
            at createFiberFromTypeAndProps (C:\Users\alexi\Documents\projects\maicivy\frontend\node_modules\react-dom\cjs\react-dom.development.js:28478:17)
            at createFiberFromElement (C:\Users\alexi\Documents\projects\maicivy\frontend\node_modules\react-dom\cjs\react-dom.development.js:28504:15)
            at createChild (C:\Users\alexi\Documents\projects\maicivy\frontend\node_modules\react-dom\cjs\react-dom.development.js:13345:28)
            at reconcileChildrenArray (C:\Users\alexi\Documents\projects\maicivy\frontend\node_modules\react-dom\cjs\react-dom.development.js:13640:25)
            at reconcileChildFibers (C:\Users\alexi\Documents\projects\maicivy\frontend\node_modules\react-dom\cjs\react-dom.development.js:14057:16)
            at reconcileChildren (C:\Users\alexi\Documents\projects\maicivy\frontend\node_modules\react-dom\cjs\react-dom.development.js:19186:28)
            at updateHostComponent (C:\Users\alexi\Documents\projects\maicivy\frontend\node_modules\react-dom\cjs\react-dom.development.js:19953:3)
            at beginWork (C:\Users\alexi\Documents\projects\maicivy\frontend\node_modules\react-dom\cjs\react-dom.development.js:21657:14)
            at HTMLUnknownElement.callCallback (C:\Users\alexi\Documents\projects\maicivy\frontend\node_modules\react-dom\cjs\react-dom.development.js:4164:14)
            at HTMLUnknownElement.callTheUserObjectsOperation (C:\Users\alexi\Documents\projects\maicivy\frontend\node_modules\jsdom\lib\jsdom\living\generated\EventListener.js:26:30)
            at innerInvokeEventListeners (C:\Users\alexi\Documents\projects\maicivy\frontend\node_modules\jsdom\lib\jsdom\living\events\EventTarget-impl.js:350:25)
            at invokeEventListeners (C:\Users\alexi\Documents\projects\maicivy\frontend\node_modules\jsdom\lib\jsdom\living\events\EventTarget-impl.js:286:3)
            at HTMLUnknownElementImpl._dispatch (C:\Users\alexi\Documents\projects\maicivy\frontend\node_modules\jsdom\lib\jsdom\living\events\EventTarget-impl.js:233:9)
            at HTMLUnknownElementImpl.dispatchEvent (C:\Users\alexi\Documents\projects\maicivy\frontend\node_modules\jsdom\lib\jsdom\living\events\EventTarget-impl.js:104:17)
            at HTMLUnknownElement.dispatchEvent (C:\Users\alexi\Documents\projects\maicivy\frontend\node_modules\jsdom\lib\jsdom\living\generated\EventTarget.js:241:34)
            at Object.invokeGuardedCallbackDev (C:\Users\alexi\Documents\projects\maicivy\frontend\node_modules\react-dom\cjs\react-dom.development.js:4213:16)
            at invokeGuardedCallback (C:\Users\alexi\Documents\projects\maicivy\frontend\node_modules\react-dom\cjs\react-dom.development.js:4277:31)
            at beginWork$1 (C:\Users\alexi\Documents\projects\maicivy\frontend\node_modules\react-dom\cjs\react-dom.development.js:27490:7)
            at performUnitOfWork (C:\Users\alexi\Documents\projects\maicivy\frontend\node_modules\react-dom\cjs\react-dom.development.js:26599:12)
            at workLoopSync (C:\Users\alexi\Documents\projects\maicivy\frontend\node_modules\react-dom\cjs\react-dom.development.js:26505:5)
            at renderRootSync (C:\Users\alexi\Documents\projects\maicivy\frontend\node_modules\react-dom\cjs\react-dom.development.js:26473:7)
            at recoverFromConcurrentError (C:\Users\alexi\Documents\projects\maicivy\frontend\node_modules\react-dom\cjs\react-dom.development.js:25889:20)
            at performConcurrentWorkOnRoot (C:\Users\alexi\Documents\projects\maicivy\frontend\node_modules\react-dom\cjs\react-dom.development.js:25789:22)
            at flushActQueue (C:\Users\alexi\Documents\projects\maicivy\frontend\node_modules\react\cjs\react.development.js:2667:24)
            at act (C:\Users\alexi\Documents\projects\maicivy\frontend\node_modules\react\cjs\react.development.js:2582:11)
            at C:\Users\alexi\Documents\projects\maicivy\frontend\node_modules\@testing-library\react\dist\act-compat.js:47:25
            at renderRoot (C:\Users\alexi\Documents\projects\maicivy\frontend\node_modules\@testing-library\react\dist\pure.js:190:26)
            at render (C:\Users\alexi\Documents\projects\maicivy\frontend\node_modules\@testing-library\react\dist\pure.js:292:10)
            at Object.<anonymous> (C:\Users\alexi\Documents\projects\maicivy\frontend\components\__tests__\TimelineModal.test.tsx:277:11)
            at Promise.finally.completed (C:\Users\alexi\Documents\projects\maicivy\frontend\node_modules\jest-circus\build\jestAdapterInit.js:1557:28)
            at new Promise (<anonymous>)
            at callAsyncCircusFn (C:\Users\alexi\Documents\projects\maicivy\frontend\node_modules\jest-circus\build\jestAdapterInit.js:1497:10)
            at _callCircusTest (C:\Users\alexi\Documents\projects\maicivy\frontend\node_modules\jest-circus\build\jestAdapterInit.js:1007:40)
            at processTicksAndRejections (node:internal/process/task_queues:103:5)
            at _runTest (C:\Users\alexi\Documents\projects\maicivy\frontend\node_modules\jest-circus\build\jestAdapterInit.js:947:3)
            at C:\Users\alexi\Documents\projects\maicivy\frontend\node_modules\jest-circus\build\jestAdapterInit.js:849:7
            at _runTestsForDescribeBlock (C:\Users\alexi\Documents\projects\maicivy\frontend\node_modules\jest-circus\build\jestAdapterInit.js:862:11)
            at _runTestsForDescribeBlock (C:\Users\alexi\Documents\projects\maicivy\frontend\node_modules\jest-circus\build\jestAdapterInit.js:857:11)
            at run (C:\Users\alexi\Documents\projects\maicivy\frontend\node_modules\jest-circus\build\jestAdapterInit.js:761:3)
            at runAndTransformResultsToJestFormat (C:\Users\alexi\Documents\projects\maicivy\frontend\node_modules\jest-circus\build\jestAdapterInit.js:1918:21)
            at jestAdapter (C:\Users\alexi\Documents\projects\maicivy\frontend\node_modules\jest-circus\build\runner.js:101:19)
            at runTestInternal (C:\Users\alexi\Documents\projects\maicivy\frontend\node_modules\jest-runner\build\testWorker.js:275:16)
            at runTest (C:\Users\alexi\Documents\projects\maicivy\frontend\node_modules\jest-runner\build\testWorker.js:343:7)
            at Object.worker (C:\Users\alexi\Documents\projects\maicivy\frontend\node_modules\jest-runner\build\testWorker.js:497:12),
        type: 'unhandled exception'
      }

    [0m [90m 275 |[39m
     [90m 276 |[39m   it([32m'should render calendar icon'[39m[33m,[39m () [33m=>[39m {
    [31m[1m>[22m[39m[90m 277 |[39m     render([33m<[39m[33mTimelineModal[39m event[33m=[39m{mockEvent} onClose[33m=[39m{jest[33m.[39mfn()} [33m/[39m[33m>[39m)[33m;[39m
     [90m     |[39m           [31m[1m^[22m[39m
     [90m 278 |[39m
     [90m 279 |[39m     expect(screen[33m.[39mgetByTestId([32m'calendar-icon'[39m))[33m.[39mtoBeInTheDocument()[33m;[39m
     [90m 280 |[39m   })[33m;[39m[0m

      at VirtualConsole.<anonymous> (node_modules/@jest/environment-jsdom-abstract/build/index.js:87:23)
      at reportException (node_modules/jsdom/lib/jsdom/living/helpers/runtime-script-errors.js:70:28)
      at innerInvokeEventListeners (node_modules/jsdom/lib/jsdom/living/events/EventTarget-impl.js:353:9)
      at invokeEventListeners (node_modules/jsdom/lib/jsdom/living/events/EventTarget-impl.js:286:3)
      at HTMLUnknownElementImpl._dispatch (node_modules/jsdom/lib/jsdom/living/events/EventTarget-impl.js:233:9)
      at HTMLUnknownElementImpl.dispatchEvent (node_modules/jsdom/lib/jsdom/living/events/EventTarget-impl.js:104:17)
      at HTMLUnknownElement.dispatchEvent (node_modules/jsdom/lib/jsdom/living/generated/EventTarget.js:241:34)
      at Object.invokeGuardedCallbackDev (node_modules/react-dom/cjs/react-dom.development.js:4213:16)
      at invokeGuardedCallback (node_modules/react-dom/cjs/react-dom.development.js:4277:31)
      at beginWork$1 (node_modules/react-dom/cjs/react-dom.development.js:27490:7)
      at performUnitOfWork (node_modules/react-dom/cjs/react-dom.development.js:26599:12)
      at workLoopSync (node_modules/react-dom/cjs/react-dom.development.js:26505:5)
      at renderRootSync (node_modules/react-dom/cjs/react-dom.development.js:26473:7)
      at recoverFromConcurrentError (node_modules/react-dom/cjs/react-dom.development.js:25889:20)
      at performConcurrentWorkOnRoot (node_modules/react-dom/cjs/react-dom.development.js:25789:22)
      at flushActQueue (node_modules/react/cjs/react.development.js:2667:24)
      at act (node_modules/react/cjs/react.development.js:2582:11)
      at node_modules/@testing-library/react/dist/act-compat.js:47:25
      at renderRoot (node_modules/@testing-library/react/dist/pure.js:190:26)
      at render (node_modules/@testing-library/react/dist/pure.js:292:10)
      at Object.<anonymous> (components/__tests__/TimelineModal.test.tsx:277:11)

    console.error
      The above error occurred in the <div> component:
      
          at div
          at div
          at div
          at div
          at children (C:\Users\alexi\Documents\projects\maicivy\frontend\components\__tests__\TimelineModal.test.tsx:8:13)
          at div
          at children (C:\Users\alexi\Documents\projects\maicivy\frontend\components\__tests__\TimelineModal.test.tsx:8:13)
          at children (C:\Users\alexi\Documents\projects\maicivy\frontend\components\__tests__\TimelineModal.test.tsx:12:23)
          at event (C:\Users\alexi\Documents\projects\maicivy\frontend\components\timeline\TimelineModal.tsx:13:56)
      
      Consider adding an error boundary to your tree to customize error handling behavior.
      Visit https://reactjs.org/link/error-boundaries to learn more about error boundaries.

    [0m [90m 275 |[39m
     [90m 276 |[39m   it([32m'should render calendar icon'[39m[33m,[39m () [33m=>[39m {
    [31m[1m>[22m[39m[90m 277 |[39m     render([33m<[39m[33mTimelineModal[39m event[33m=[39m{mockEvent} onClose[33m=[39m{jest[33m.[39mfn()} [33m/[39m[33m>[39m)[33m;[39m
     [90m     |[39m           [31m[1m^[22m[39m
     [90m 278 |[39m
     [90m 279 |[39m     expect(screen[33m.[39mgetByTestId([32m'calendar-icon'[39m))[33m.[39mtoBeInTheDocument()[33m;[39m
     [90m 280 |[39m   })[33m;[39m[0m

      at logCapturedError (node_modules/react-dom/cjs/react-dom.development.js:18704:23)
      at update.callback (node_modules/react-dom/cjs/react-dom.development.js:18737:5)
      at callCallback (node_modules/react-dom/cjs/react-dom.development.js:15036:12)
      at commitUpdateQueue (node_modules/react-dom/cjs/react-dom.development.js:15057:9)
      at commitLayoutEffectOnFiber (node_modules/react-dom/cjs/react-dom.development.js:23430:13)
      at commitLayoutMountEffects_complete (node_modules/react-dom/cjs/react-dom.development.js:24727:9)
      at commitLayoutEffects_begin (node_modules/react-dom/cjs/react-dom.development.js:24713:7)
      at commitLayoutEffects (node_modules/react-dom/cjs/react-dom.development.js:24651:3)
      at commitRootImpl (node_modules/react-dom/cjs/react-dom.development.js:26862:5)
      at commitRoot (node_modules/react-dom/cjs/react-dom.development.js:26721:5)
      at finishConcurrentRender (node_modules/react-dom/cjs/react-dom.development.js:25931:9)
      at performConcurrentWorkOnRoot (node_modules/react-dom/cjs/react-dom.development.js:25848:7)
      at flushActQueue (node_modules/react/cjs/react.development.js:2667:24)
      at act (node_modules/react/cjs/react.development.js:2582:11)
      at node_modules/@testing-library/react/dist/act-compat.js:47:25
      at renderRoot (node_modules/@testing-library/react/dist/pure.js:190:26)
      at render (node_modules/@testing-library/react/dist/pure.js:292:10)
      at Object.<anonymous> (components/__tests__/TimelineModal.test.tsx:277:11)

    console.error
      Warning: React.jsx: type is invalid -- expected a string (for built-in components) or a class/function (for composite components) but got: undefined. You likely forgot to export your component from the file it's defined in, or you might have mixed up default and named imports.
      
      Check the render method of `TimelineModal`.
          at event (C:\Users\alexi\Documents\projects\maicivy\frontend\components\timeline\TimelineModal.tsx:13:56)

    [0m [90m 151 |[39m                 [33m<[39m[33mdiv[39m className[33m=[39m[32m"flex flex-wrap gap-2"[39m[33m>[39m
     [90m 152 |[39m                   {event[33m.[39mtags[33m.[39mmap((tag) [33m=>[39m (
    [31m[1m>[22m[39m[90m 153 |[39m                     [33m<[39m[33mmotion[39m[33m.[39mspan
     [90m     |[39m                     [31m[1m^[22m[39m
     [90m 154 |[39m                       key[33m=[39m{tag}
     [90m 155 |[39m                       whileHover[33m=[39m{{ scale[33m:[39m [35m1.05[39m }}
     [90m 156 |[39m                       className[33m=[39m[32m"px-4 py-2 bg-blue-500 text-white text-sm font-medium rounded-full shadow-sm"[39m[0m

      at printWarning (node_modules/react/cjs/react-jsx-runtime.development.js:87:30)
      at error (node_modules/react/cjs/react-jsx-runtime.development.js:61:7)
      at jsxWithValidation (node_modules/react/cjs/react-jsx-runtime.development.js:1245:7)
      at jsxWithValidationDynamic (node_modules/react/cjs/react-jsx-runtime.development.js:1320:12)
      at components/timeline/TimelineModal.tsx:153:21
          at Array.map (<anonymous>)
      at map (components/timeline/TimelineModal.tsx:152:31)
      at renderWithHooks (node_modules/react-dom/cjs/react-dom.development.js:15486:18)
      at mountIndeterminateComponent (node_modules/react-dom/cjs/react-dom.development.js:20103:13)
      at beginWork (node_modules/react-dom/cjs/react-dom.development.js:21626:16)
      at beginWork$1 (node_modules/react-dom/cjs/react-dom.development.js:27465:14)
      at performUnitOfWork (node_modules/react-dom/cjs/react-dom.development.js:26599:12)
      at workLoopSync (node_modules/react-dom/cjs/react-dom.development.js:26505:5)
      at renderRootSync (node_modules/react-dom/cjs/react-dom.development.js:26473:7)
      at performConcurrentWorkOnRoot (node_modules/react-dom/cjs/react-dom.development.js:25777:74)
      at flushActQueue (node_modules/react/cjs/react.development.js:2667:24)
      at act (node_modules/react/cjs/react.development.js:2582:11)
      at node_modules/@testing-library/react/dist/act-compat.js:47:25
      at renderRoot (node_modules/@testing-library/react/dist/pure.js:190:26)
      at render (node_modules/@testing-library/react/dist/pure.js:292:10)
      at Object.<anonymous> (components/__tests__/TimelineModal.test.tsx:285:11)

    console.error
      Warning: React.jsx: type is invalid -- expected a string (for built-in components) or a class/function (for composite components) but got: undefined. You likely forgot to export your component from the file it's defined in, or you might have mixed up default and named imports.
      
      Check the render method of `TimelineModal`.
          at event (C:\Users\alexi\Documents\projects\maicivy\frontend\components\timeline\TimelineModal.tsx:13:56)

    [0m [90m 151 |[39m                 [33m<[39m[33mdiv[39m className[33m=[39m[32m"flex flex-wrap gap-2"[39m[33m>[39m
     [90m 152 |[39m                   {event[33m.[39mtags[33m.[39mmap((tag) [33m=>[39m (
    [31m[1m>[22m[39m[90m 153 |[39m                     [33m<[39m[33mmotion[39m[33m.[39mspan
     [90m     |[39m                     [31m[1m^[22m[39m
     [90m 154 |[39m                       key[33m=[39m{tag}
     [90m 155 |[39m                       whileHover[33m=[39m{{ scale[33m:[39m [35m1.05[39m }}
     [90m 156 |[39m                       className[33m=[39m[32m"px-4 py-2 bg-blue-500 text-white text-sm font-medium rounded-full shadow-sm"[39m[0m

      at printWarning (node_modules/react/cjs/react-jsx-runtime.development.js:87:30)
      at error (node_modules/react/cjs/react-jsx-runtime.development.js:61:7)
      at jsxWithValidation (node_modules/react/cjs/react-jsx-runtime.development.js:1245:7)
      at jsxWithValidationDynamic (node_modules/react/cjs/react-jsx-runtime.development.js:1320:12)
      at components/timeline/TimelineModal.tsx:153:21
          at Array.map (<anonymous>)
      at map (components/timeline/TimelineModal.tsx:152:31)
      at renderWithHooks (node_modules/react-dom/cjs/react-dom.development.js:15486:18)
      at mountIndeterminateComponent (node_modules/react-dom/cjs/react-dom.development.js:20103:13)
      at beginWork (node_modules/react-dom/cjs/react-dom.development.js:21626:16)
      at beginWork$1 (node_modules/react-dom/cjs/react-dom.development.js:27465:14)
      at performUnitOfWork (node_modules/react-dom/cjs/react-dom.development.js:26599:12)
      at workLoopSync (node_modules/react-dom/cjs/react-dom.development.js:26505:5)
      at renderRootSync (node_modules/react-dom/cjs/react-dom.development.js:26473:7)
      at performConcurrentWorkOnRoot (node_modules/react-dom/cjs/react-dom.development.js:25777:74)
      at flushActQueue (node_modules/react/cjs/react.development.js:2667:24)
      at act (node_modules/react/cjs/react.development.js:2582:11)
      at node_modules/@testing-library/react/dist/act-compat.js:47:25
      at renderRoot (node_modules/@testing-library/react/dist/pure.js:190:26)
      at render (node_modules/@testing-library/react/dist/pure.js:292:10)
      at Object.<anonymous> (components/__tests__/TimelineModal.test.tsx:285:11)

    console.error
      Warning: React.jsx: type is invalid -- expected a string (for built-in components) or a class/function (for composite components) but got: undefined. You likely forgot to export your component from the file it's defined in, or you might have mixed up default and named imports.
      
      Check the render method of `TimelineModal`.
          at event (C:\Users\alexi\Documents\projects\maicivy\frontend\components\timeline\TimelineModal.tsx:13:56)

    [0m [90m 151 |[39m                 [33m<[39m[33mdiv[39m className[33m=[39m[32m"flex flex-wrap gap-2"[39m[33m>[39m
     [90m 152 |[39m                   {event[33m.[39mtags[33m.[39mmap((tag) [33m=>[39m (
    [31m[1m>[22m[39m[90m 153 |[39m                     [33m<[39m[33mmotion[39m[33m.[39mspan
     [90m     |[39m                     [31m[1m^[22m[39m
     [90m 154 |[39m                       key[33m=[39m{tag}
     [90m 155 |[39m                       whileHover[33m=[39m{{ scale[33m:[39m [35m1.05[39m }}
     [90m 156 |[39m                       className[33m=[39m[32m"px-4 py-2 bg-blue-500 text-white text-sm font-medium rounded-full shadow-sm"[39m[0m

      at printWarning (node_modules/react/cjs/react-jsx-runtime.development.js:87:30)
      at error (node_modules/react/cjs/react-jsx-runtime.development.js:61:7)
      at jsxWithValidation (node_modules/react/cjs/react-jsx-runtime.development.js:1245:7)
      at jsxWithValidationDynamic (node_modules/react/cjs/react-jsx-runtime.development.js:1320:12)
      at components/timeline/TimelineModal.tsx:153:21
          at Array.map (<anonymous>)
      at map (components/timeline/TimelineModal.tsx:152:31)
      at renderWithHooks (node_modules/react-dom/cjs/react-dom.development.js:15486:18)
      at mountIndeterminateComponent (node_modules/react-dom/cjs/react-dom.development.js:20103:13)
      at beginWork (node_modules/react-dom/cjs/react-dom.development.js:21626:16)
      at beginWork$1 (node_modules/react-dom/cjs/react-dom.development.js:27465:14)
      at performUnitOfWork (node_modules/react-dom/cjs/react-dom.development.js:26599:12)
      at workLoopSync (node_modules/react-dom/cjs/react-dom.development.js:26505:5)
      at renderRootSync (node_modules/react-dom/cjs/react-dom.development.js:26473:7)
      at performConcurrentWorkOnRoot (node_modules/react-dom/cjs/react-dom.development.js:25777:74)
      at flushActQueue (node_modules/react/cjs/react.development.js:2667:24)
      at act (node_modules/react/cjs/react.development.js:2582:11)
      at node_modules/@testing-library/react/dist/act-compat.js:47:25
      at renderRoot (node_modules/@testing-library/react/dist/pure.js:190:26)
      at render (node_modules/@testing-library/react/dist/pure.js:292:10)
      at Object.<anonymous> (components/__tests__/TimelineModal.test.tsx:285:11)

    console.error
      Warning: React.jsx: type is invalid -- expected a string (for built-in components) or a class/function (for composite components) but got: undefined. You likely forgot to export your component from the file it's defined in, or you might have mixed up default and named imports.
      
      Check the render method of `TimelineModal`.
          at event (C:\Users\alexi\Documents\projects\maicivy\frontend\components\timeline\TimelineModal.tsx:13:56)

    [0m [90m 151 |[39m                 [33m<[39m[33mdiv[39m className[33m=[39m[32m"flex flex-wrap gap-2"[39m[33m>[39m
     [90m 152 |[39m                   {event[33m.[39mtags[33m.[39mmap((tag) [33m=>[39m (
    [31m[1m>[22m[39m[90m 153 |[39m                     [33m<[39m[33mmotion[39m[33m.[39mspan
     [90m     |[39m                     [31m[1m^[22m[39m
     [90m 154 |[39m                       key[33m=[39m{tag}
     [90m 155 |[39m                       whileHover[33m=[39m{{ scale[33m:[39m [35m1.05[39m }}
     [90m 156 |[39m                       className[33m=[39m[32m"px-4 py-2 bg-blue-500 text-white text-sm font-medium rounded-full shadow-sm"[39m[0m

      at printWarning (node_modules/react/cjs/react-jsx-runtime.development.js:87:30)
      at error (node_modules/react/cjs/react-jsx-runtime.development.js:61:7)
      at jsxWithValidation (node_modules/react/cjs/react-jsx-runtime.development.js:1245:7)
      at jsxWithValidationDynamic (node_modules/react/cjs/react-jsx-runtime.development.js:1320:12)
      at components/timeline/TimelineModal.tsx:153:21
          at Array.map (<anonymous>)
      at map (components/timeline/TimelineModal.tsx:152:31)
      at renderWithHooks (node_modules/react-dom/cjs/react-dom.development.js:15486:18)
      at mountIndeterminateComponent (node_modules/react-dom/cjs/react-dom.development.js:20103:13)
      at beginWork (node_modules/react-dom/cjs/react-dom.development.js:21626:16)
      at beginWork$1 (node_modules/react-dom/cjs/react-dom.development.js:27465:14)
      at performUnitOfWork (node_modules/react-dom/cjs/react-dom.development.js:26599:12)
      at workLoopSync (node_modules/react-dom/cjs/react-dom.development.js:26505:5)
      at renderRootSync (node_modules/react-dom/cjs/react-dom.development.js:26473:7)
      at performConcurrentWorkOnRoot (node_modules/react-dom/cjs/react-dom.development.js:25777:74)
      at flushActQueue (node_modules/react/cjs/react.development.js:2667:24)
      at act (node_modules/react/cjs/react.development.js:2582:11)
      at node_modules/@testing-library/react/dist/act-compat.js:47:25
      at renderRoot (node_modules/@testing-library/react/dist/pure.js:190:26)
      at render (node_modules/@testing-library/react/dist/pure.js:292:10)
      at Object.<anonymous> (components/__tests__/TimelineModal.test.tsx:285:11)

    console.error
      Warning: React.jsx: type is invalid -- expected a string (for built-in components) or a class/function (for composite components) but got: undefined. You likely forgot to export your component from the file it's defined in, or you might have mixed up default and named imports.
      
      Check the render method of `TimelineModal`.
          at event (C:\Users\alexi\Documents\projects\maicivy\frontend\components\timeline\TimelineModal.tsx:13:56)

    [0m [90m 151 |[39m                 [33m<[39m[33mdiv[39m className[33m=[39m[32m"flex flex-wrap gap-2"[39m[33m>[39m
     [90m 152 |[39m                   {event[33m.[39mtags[33m.[39mmap((tag) [33m=>[39m (
    [31m[1m>[22m[39m[90m 153 |[39m                     [33m<[39m[33mmotion[39m[33m.[39mspan
     [90m     |[39m                     [31m[1m^[22m[39m
     [90m 154 |[39m                       key[33m=[39m{tag}
     [90m 155 |[39m                       whileHover[33m=[39m{{ scale[33m:[39m [35m1.05[39m }}
     [90m 156 |[39m                       className[33m=[39m[32m"px-4 py-2 bg-blue-500 text-white text-sm font-medium rounded-full shadow-sm"[39m[0m

      at printWarning (node_modules/react/cjs/react-jsx-runtime.development.js:87:30)
      at error (node_modules/react/cjs/react-jsx-runtime.development.js:61:7)
      at jsxWithValidation (node_modules/react/cjs/react-jsx-runtime.development.js:1245:7)
      at jsxWithValidationDynamic (node_modules/react/cjs/react-jsx-runtime.development.js:1320:12)
      at components/timeline/TimelineModal.tsx:153:21
          at Array.map (<anonymous>)
      at map (components/timeline/TimelineModal.tsx:152:31)
      at renderWithHooks (node_modules/react-dom/cjs/react-dom.development.js:15486:18)
      at mountIndeterminateComponent (node_modules/react-dom/cjs/react-dom.development.js:20103:13)
      at beginWork (node_modules/react-dom/cjs/react-dom.development.js:21626:16)
      at beginWork$1 (node_modules/react-dom/cjs/react-dom.development.js:27465:14)
      at performUnitOfWork (node_modules/react-dom/cjs/react-dom.development.js:26599:12)
      at workLoopSync (node_modules/react-dom/cjs/react-dom.development.js:26505:5)
      at renderRootSync (node_modules/react-dom/cjs/react-dom.development.js:26473:7)
      at performConcurrentWorkOnRoot (node_modules/react-dom/cjs/react-dom.development.js:25777:74)
      at flushActQueue (node_modules/react/cjs/react.development.js:2667:24)
      at act (node_modules/react/cjs/react.development.js:2582:11)
      at node_modules/@testing-library/react/dist/act-compat.js:47:25
      at renderRoot (node_modules/@testing-library/react/dist/pure.js:190:26)
      at render (node_modules/@testing-library/react/dist/pure.js:292:10)
      at Object.<anonymous> (components/__tests__/TimelineModal.test.tsx:285:11)

    console.error
      Error: Uncaught [Error: Element type is invalid: expected a string (for built-in components) or a class/function (for composite components) but got: undefined. You likely forgot to export your component from the file it's defined in, or you might have mixed up default and named imports.
      
      Check the render method of `TimelineModal`.]
          at reportException (C:\Users\alexi\Documents\projects\maicivy\frontend\node_modules\jsdom\lib\jsdom\living\helpers\runtime-script-errors.js:66:24)
          at innerInvokeEventListeners (C:\Users\alexi\Documents\projects\maicivy\frontend\node_modules\jsdom\lib\jsdom\living\events\EventTarget-impl.js:353:9)
          at invokeEventListeners (C:\Users\alexi\Documents\projects\maicivy\frontend\node_modules\jsdom\lib\jsdom\living\events\EventTarget-impl.js:286:3)
          at HTMLUnknownElementImpl._dispatch (C:\Users\alexi\Documents\projects\maicivy\frontend\node_modules\jsdom\lib\jsdom\living\events\EventTarget-impl.js:233:9)
          at HTMLUnknownElementImpl.dispatchEvent (C:\Users\alexi\Documents\projects\maicivy\frontend\node_modules\jsdom\lib\jsdom\living\events\EventTarget-impl.js:104:17)
          at HTMLUnknownElement.dispatchEvent (C:\Users\alexi\Documents\projects\maicivy\frontend\node_modules\jsdom\lib\jsdom\living\generated\EventTarget.js:241:34)
          at Object.invokeGuardedCallbackDev (C:\Users\alexi\Documents\projects\maicivy\frontend\node_modules\react-dom\cjs\react-dom.development.js:4213:16)
          at invokeGuardedCallback (C:\Users\alexi\Documents\projects\maicivy\frontend\node_modules\react-dom\cjs\react-dom.development.js:4277:31)
          at beginWork$1 (C:\Users\alexi\Documents\projects\maicivy\frontend\node_modules\react-dom\cjs\react-dom.development.js:27490:7)
          at performUnitOfWork (C:\Users\alexi\Documents\projects\maicivy\frontend\node_modules\react-dom\cjs\react-dom.development.js:26599:12)
          at workLoopSync (C:\Users\alexi\Documents\projects\maicivy\frontend\node_modules\react-dom\cjs\react-dom.development.js:26505:5)
          at renderRootSync (C:\Users\alexi\Documents\projects\maicivy\frontend\node_modules\react-dom\cjs\react-dom.development.js:26473:7)
          at performConcurrentWorkOnRoot (C:\Users\alexi\Documents\projects\maicivy\frontend\node_modules\react-dom\cjs\react-dom.development.js:25777:74)
          at flushActQueue (C:\Users\alexi\Documents\projects\maicivy\frontend\node_modules\react\cjs\react.development.js:2667:24)
          at act (C:\Users\alexi\Documents\projects\maicivy\frontend\node_modules\react\cjs\react.development.js:2582:11)
          at C:\Users\alexi\Documents\projects\maicivy\frontend\node_modules\@testing-library\react\dist\act-compat.js:47:25
          at renderRoot (C:\Users\alexi\Documents\projects\maicivy\frontend\node_modules\@testing-library\react\dist\pure.js:190:26)
          at render (C:\Users\alexi\Documents\projects\maicivy\frontend\node_modules\@testing-library\react\dist\pure.js:292:10)
          at Object.<anonymous> (C:\Users\alexi\Documents\projects\maicivy\frontend\components\__tests__\TimelineModal.test.tsx:285:11)
          at Promise.finally.completed (C:\Users\alexi\Documents\projects\maicivy\frontend\node_modules\jest-circus\build\jestAdapterInit.js:1557:28)
          at new Promise (<anonymous>)
          at callAsyncCircusFn (C:\Users\alexi\Documents\projects\maicivy\frontend\node_modules\jest-circus\build\jestAdapterInit.js:1497:10)
          at _callCircusTest (C:\Users\alexi\Documents\projects\maicivy\frontend\node_modules\jest-circus\build\jestAdapterInit.js:1007:40)
          at processTicksAndRejections (node:internal/process/task_queues:103:5)
          at _runTest (C:\Users\alexi\Documents\projects\maicivy\frontend\node_modules\jest-circus\build\jestAdapterInit.js:947:3)
          at C:\Users\alexi\Documents\projects\maicivy\frontend\node_modules\jest-circus\build\jestAdapterInit.js:849:7
          at _runTestsForDescribeBlock (C:\Users\alexi\Documents\projects\maicivy\frontend\node_modules\jest-circus\build\jestAdapterInit.js:862:11)
          at _runTestsForDescribeBlock (C:\Users\alexi\Documents\projects\maicivy\frontend\node_modules\jest-circus\build\jestAdapterInit.js:857:11)
          at run (C:\Users\alexi\Documents\projects\maicivy\frontend\node_modules\jest-circus\build\jestAdapterInit.js:761:3)
          at runAndTransformResultsToJestFormat (C:\Users\alexi\Documents\projects\maicivy\frontend\node_modules\jest-circus\build\jestAdapterInit.js:1918:21)
          at jestAdapter (C:\Users\alexi\Documents\projects\maicivy\frontend\node_modules\jest-circus\build\runner.js:101:19)
          at runTestInternal (C:\Users\alexi\Documents\projects\maicivy\frontend\node_modules\jest-runner\build\testWorker.js:275:16)
          at runTest (C:\Users\alexi\Documents\projects\maicivy\frontend\node_modules\jest-runner\build\testWorker.js:343:7)
          at Object.worker (C:\Users\alexi\Documents\projects\maicivy\frontend\node_modules\jest-runner\build\testWorker.js:497:12) {
        detail: Error: Element type is invalid: expected a string (for built-in components) or a class/function (for composite components) but got: undefined. You likely forgot to export your component from the file it's defined in, or you might have mixed up default and named imports.
        
        Check the render method of `TimelineModal`.
            at createFiberFromTypeAndProps (C:\Users\alexi\Documents\projects\maicivy\frontend\node_modules\react-dom\cjs\react-dom.development.js:28478:17)
            at createFiberFromElement (C:\Users\alexi\Documents\projects\maicivy\frontend\node_modules\react-dom\cjs\react-dom.development.js:28504:15)
            at createChild (C:\Users\alexi\Documents\projects\maicivy\frontend\node_modules\react-dom\cjs\react-dom.development.js:13345:28)
            at reconcileChildrenArray (C:\Users\alexi\Documents\projects\maicivy\frontend\node_modules\react-dom\cjs\react-dom.development.js:13640:25)
            at reconcileChildFibers (C:\Users\alexi\Documents\projects\maicivy\frontend\node_modules\react-dom\cjs\react-dom.development.js:14057:16)
            at reconcileChildren (C:\Users\alexi\Documents\projects\maicivy\frontend\node_modules\react-dom\cjs\react-dom.development.js:19186:28)
            at updateHostComponent (C:\Users\alexi\Documents\projects\maicivy\frontend\node_modules\react-dom\cjs\react-dom.development.js:19953:3)
            at beginWork (C:\Users\alexi\Documents\projects\maicivy\frontend\node_modules\react-dom\cjs\react-dom.development.js:21657:14)
            at HTMLUnknownElement.callCallback (C:\Users\alexi\Documents\projects\maicivy\frontend\node_modules\react-dom\cjs\react-dom.development.js:4164:14)
            at HTMLUnknownElement.callTheUserObjectsOperation (C:\Users\alexi\Documents\projects\maicivy\frontend\node_modules\jsdom\lib\jsdom\living\generated\EventListener.js:26:30)
            at innerInvokeEventListeners (C:\Users\alexi\Documents\projects\maicivy\frontend\node_modules\jsdom\lib\jsdom\living\events\EventTarget-impl.js:350:25)
            at invokeEventListeners (C:\Users\alexi\Documents\projects\maicivy\frontend\node_modules\jsdom\lib\jsdom\living\events\EventTarget-impl.js:286:3)
            at HTMLUnknownElementImpl._dispatch (C:\Users\alexi\Documents\projects\maicivy\frontend\node_modules\jsdom\lib\jsdom\living\events\EventTarget-impl.js:233:9)
            at HTMLUnknownElementImpl.dispatchEvent (C:\Users\alexi\Documents\projects\maicivy\frontend\node_modules\jsdom\lib\jsdom\living\events\EventTarget-impl.js:104:17)
            at HTMLUnknownElement.dispatchEvent (C:\Users\alexi\Documents\projects\maicivy\frontend\node_modules\jsdom\lib\jsdom\living\generated\EventTarget.js:241:34)
            at Object.invokeGuardedCallbackDev (C:\Users\alexi\Documents\projects\maicivy\frontend\node_modules\react-dom\cjs\react-dom.development.js:4213:16)
            at invokeGuardedCallback (C:\Users\alexi\Documents\projects\maicivy\frontend\node_modules\react-dom\cjs\react-dom.development.js:4277:31)
            at beginWork$1 (C:\Users\alexi\Documents\projects\maicivy\frontend\node_modules\react-dom\cjs\react-dom.development.js:27490:7)
            at performUnitOfWork (C:\Users\alexi\Documents\projects\maicivy\frontend\node_modules\react-dom\cjs\react-dom.development.js:26599:12)
            at workLoopSync (C:\Users\alexi\Documents\projects\maicivy\frontend\node_modules\react-dom\cjs\react-dom.development.js:26505:5)
            at renderRootSync (C:\Users\alexi\Documents\projects\maicivy\frontend\node_modules\react-dom\cjs\react-dom.development.js:26473:7)
            at performConcurrentWorkOnRoot (C:\Users\alexi\Documents\projects\maicivy\frontend\node_modules\react-dom\cjs\react-dom.development.js:25777:74)
            at flushActQueue (C:\Users\alexi\Documents\projects\maicivy\frontend\node_modules\react\cjs\react.development.js:2667:24)
            at act (C:\Users\alexi\Documents\projects\maicivy\frontend\node_modules\react\cjs\react.development.js:2582:11)
            at C:\Users\alexi\Documents\projects\maicivy\frontend\node_modules\@testing-library\react\dist\act-compat.js:47:25
            at renderRoot (C:\Users\alexi\Documents\projects\maicivy\frontend\node_modules\@testing-library\react\dist\pure.js:190:26)
            at render (C:\Users\alexi\Documents\projects\maicivy\frontend\node_modules\@testing-library\react\dist\pure.js:292:10)
            at Object.<anonymous> (C:\Users\alexi\Documents\projects\maicivy\frontend\components\__tests__\TimelineModal.test.tsx:285:11)
            at Promise.finally.completed (C:\Users\alexi\Documents\projects\maicivy\frontend\node_modules\jest-circus\build\jestAdapterInit.js:1557:28)
            at new Promise (<anonymous>)
            at callAsyncCircusFn (C:\Users\alexi\Documents\projects\maicivy\frontend\node_modules\jest-circus\build\jestAdapterInit.js:1497:10)
            at _callCircusTest (C:\Users\alexi\Documents\projects\maicivy\frontend\node_modules\jest-circus\build\jestAdapterInit.js:1007:40)
            at processTicksAndRejections (node:internal/process/task_queues:103:5)
            at _runTest (C:\Users\alexi\Documents\projects\maicivy\frontend\node_modules\jest-circus\build\jestAdapterInit.js:947:3)
            at C:\Users\alexi\Documents\projects\maicivy\frontend\node_modules\jest-circus\build\jestAdapterInit.js:849:7
            at _runTestsForDescribeBlock (C:\Users\alexi\Documents\projects\maicivy\frontend\node_modules\jest-circus\build\jestAdapterInit.js:862:11)
            at _runTestsForDescribeBlock (C:\Users\alexi\Documents\projects\maicivy\frontend\node_modules\jest-circus\build\jestAdapterInit.js:857:11)
            at run (C:\Users\alexi\Documents\projects\maicivy\frontend\node_modules\jest-circus\build\jestAdapterInit.js:761:3)
            at runAndTransformResultsToJestFormat (C:\Users\alexi\Documents\projects\maicivy\frontend\node_modules\jest-circus\build\jestAdapterInit.js:1918:21)
            at jestAdapter (C:\Users\alexi\Documents\projects\maicivy\frontend\node_modules\jest-circus\build\runner.js:101:19)
            at runTestInternal (C:\Users\alexi\Documents\projects\maicivy\frontend\node_modules\jest-runner\build\testWorker.js:275:16)
            at runTest (C:\Users\alexi\Documents\projects\maicivy\frontend\node_modules\jest-runner\build\testWorker.js:343:7)
            at Object.worker (C:\Users\alexi\Documents\projects\maicivy\frontend\node_modules\jest-runner\build\testWorker.js:497:12),
        type: 'unhandled exception'
      }

    [0m [90m 283 |[39m     [36mconst[39m ongoingEvent [33m=[39m { [33m...[39mmockEvent[33m,[39m endDate[33m:[39m undefined }[33m;[39m
     [90m 284 |[39m
    [31m[1m>[22m[39m[90m 285 |[39m     render([33m<[39m[33mTimelineModal[39m event[33m=[39m{ongoingEvent} onClose[33m=[39m{jest[33m.[39mfn()} [33m/[39m[33m>[39m)[33m;[39m
     [90m     |[39m           [31m[1m^[22m[39m
     [90m 286 |[39m
     [90m 287 |[39m     expect(screen[33m.[39mgetByText([35m/1 janvier 2022/i[39m))[33m.[39mtoBeInTheDocument()[33m;[39m
     [90m 288 |[39m     expect(screen[33m.[39mqueryByText([35m/30 juin 2023/i[39m))[33m.[39mnot[33m.[39mtoBeInTheDocument()[33m;[39m[0m

      at VirtualConsole.<anonymous> (node_modules/@jest/environment-jsdom-abstract/build/index.js:87:23)
      at reportException (node_modules/jsdom/lib/jsdom/living/helpers/runtime-script-errors.js:70:28)
      at innerInvokeEventListeners (node_modules/jsdom/lib/jsdom/living/events/EventTarget-impl.js:353:9)
      at invokeEventListeners (node_modules/jsdom/lib/jsdom/living/events/EventTarget-impl.js:286:3)
      at HTMLUnknownElementImpl._dispatch (node_modules/jsdom/lib/jsdom/living/events/EventTarget-impl.js:233:9)
      at HTMLUnknownElementImpl.dispatchEvent (node_modules/jsdom/lib/jsdom/living/events/EventTarget-impl.js:104:17)
      at HTMLUnknownElement.dispatchEvent (node_modules/jsdom/lib/jsdom/living/generated/EventTarget.js:241:34)
      at Object.invokeGuardedCallbackDev (node_modules/react-dom/cjs/react-dom.development.js:4213:16)
      at invokeGuardedCallback (node_modules/react-dom/cjs/react-dom.development.js:4277:31)
      at beginWork$1 (node_modules/react-dom/cjs/react-dom.development.js:27490:7)
      at performUnitOfWork (node_modules/react-dom/cjs/react-dom.development.js:26599:12)
      at workLoopSync (node_modules/react-dom/cjs/react-dom.development.js:26505:5)
      at renderRootSync (node_modules/react-dom/cjs/react-dom.development.js:26473:7)
      at performConcurrentWorkOnRoot (node_modules/react-dom/cjs/react-dom.development.js:25777:74)
      at flushActQueue (node_modules/react/cjs/react.development.js:2667:24)
      at act (node_modules/react/cjs/react.development.js:2582:11)
      at node_modules/@testing-library/react/dist/act-compat.js:47:25
      at renderRoot (node_modules/@testing-library/react/dist/pure.js:190:26)
      at render (node_modules/@testing-library/react/dist/pure.js:292:10)
      at Object.<anonymous> (components/__tests__/TimelineModal.test.tsx:285:11)

    console.error
      Warning: React.jsx: type is invalid -- expected a string (for built-in components) or a class/function (for composite components) but got: undefined. You likely forgot to export your component from the file it's defined in, or you might have mixed up default and named imports.
      
      Check the render method of `TimelineModal`.
          at event (C:\Users\alexi\Documents\projects\maicivy\frontend\components\timeline\TimelineModal.tsx:13:56)

    [0m [90m 151 |[39m                 [33m<[39m[33mdiv[39m className[33m=[39m[32m"flex flex-wrap gap-2"[39m[33m>[39m
     [90m 152 |[39m                   {event[33m.[39mtags[33m.[39mmap((tag) [33m=>[39m (
    [31m[1m>[22m[39m[90m 153 |[39m                     [33m<[39m[33mmotion[39m[33m.[39mspan
     [90m     |[39m                     [31m[1m^[22m[39m
     [90m 154 |[39m                       key[33m=[39m{tag}
     [90m 155 |[39m                       whileHover[33m=[39m{{ scale[33m:[39m [35m1.05[39m }}
     [90m 156 |[39m                       className[33m=[39m[32m"px-4 py-2 bg-blue-500 text-white text-sm font-medium rounded-full shadow-sm"[39m[0m

      at printWarning (node_modules/react/cjs/react-jsx-runtime.development.js:87:30)
      at error (node_modules/react/cjs/react-jsx-runtime.development.js:61:7)
      at jsxWithValidation (node_modules/react/cjs/react-jsx-runtime.development.js:1245:7)
      at jsxWithValidationDynamic (node_modules/react/cjs/react-jsx-runtime.development.js:1320:12)
      at components/timeline/TimelineModal.tsx:153:21
          at Array.map (<anonymous>)
      at map (components/timeline/TimelineModal.tsx:152:31)
      at renderWithHooks (node_modules/react-dom/cjs/react-dom.development.js:15486:18)
      at mountIndeterminateComponent (node_modules/react-dom/cjs/react-dom.development.js:20103:13)
      at beginWork (node_modules/react-dom/cjs/react-dom.development.js:21626:16)
      at beginWork$1 (node_modules/react-dom/cjs/react-dom.development.js:27465:14)
      at performUnitOfWork (node_modules/react-dom/cjs/react-dom.development.js:26599:12)
      at workLoopSync (node_modules/react-dom/cjs/react-dom.development.js:26505:5)
      at renderRootSync (node_modules/react-dom/cjs/react-dom.development.js:26473:7)
      at recoverFromConcurrentError (node_modules/react-dom/cjs/react-dom.development.js:25889:20)
      at performConcurrentWorkOnRoot (node_modules/react-dom/cjs/react-dom.development.js:25789:22)
      at flushActQueue (node_modules/react/cjs/react.development.js:2667:24)
      at act (node_modules/react/cjs/react.development.js:2582:11)
      at node_modules/@testing-library/react/dist/act-compat.js:47:25
      at renderRoot (node_modules/@testing-library/react/dist/pure.js:190:26)
      at render (node_modules/@testing-library/react/dist/pure.js:292:10)
      at Object.<anonymous> (components/__tests__/TimelineModal.test.tsx:285:11)

    console.error
      Warning: React.jsx: type is invalid -- expected a string (for built-in components) or a class/function (for composite components) but got: undefined. You likely forgot to export your component from the file it's defined in, or you might have mixed up default and named imports.
      
      Check the render method of `TimelineModal`.
          at event (C:\Users\alexi\Documents\projects\maicivy\frontend\components\timeline\TimelineModal.tsx:13:56)

    [0m [90m 151 |[39m                 [33m<[39m[33mdiv[39m className[33m=[39m[32m"flex flex-wrap gap-2"[39m[33m>[39m
     [90m 152 |[39m                   {event[33m.[39mtags[33m.[39mmap((tag) [33m=>[39m (
    [31m[1m>[22m[39m[90m 153 |[39m                     [33m<[39m[33mmotion[39m[33m.[39mspan
     [90m     |[39m                     [31m[1m^[22m[39m
     [90m 154 |[39m                       key[33m=[39m{tag}
     [90m 155 |[39m                       whileHover[33m=[39m{{ scale[33m:[39m [35m1.05[39m }}
     [90m 156 |[39m                       className[33m=[39m[32m"px-4 py-2 bg-blue-500 text-white text-sm font-medium rounded-full shadow-sm"[39m[0m

      at printWarning (node_modules/react/cjs/react-jsx-runtime.development.js:87:30)
      at error (node_modules/react/cjs/react-jsx-runtime.development.js:61:7)
      at jsxWithValidation (node_modules/react/cjs/react-jsx-runtime.development.js:1245:7)
      at jsxWithValidationDynamic (node_modules/react/cjs/react-jsx-runtime.development.js:1320:12)
      at components/timeline/TimelineModal.tsx:153:21
          at Array.map (<anonymous>)
      at map (components/timeline/TimelineModal.tsx:152:31)
      at renderWithHooks (node_modules/react-dom/cjs/react-dom.development.js:15486:18)
      at mountIndeterminateComponent (node_modules/react-dom/cjs/react-dom.development.js:20103:13)
      at beginWork (node_modules/react-dom/cjs/react-dom.development.js:21626:16)
      at beginWork$1 (node_modules/react-dom/cjs/react-dom.development.js:27465:14)
      at performUnitOfWork (node_modules/react-dom/cjs/react-dom.development.js:26599:12)
      at workLoopSync (node_modules/react-dom/cjs/react-dom.development.js:26505:5)
      at renderRootSync (node_modules/react-dom/cjs/react-dom.development.js:26473:7)
      at recoverFromConcurrentError (node_modules/react-dom/cjs/react-dom.development.js:25889:20)
      at performConcurrentWorkOnRoot (node_modules/react-dom/cjs/react-dom.development.js:25789:22)
      at flushActQueue (node_modules/react/cjs/react.development.js:2667:24)
      at act (node_modules/react/cjs/react.development.js:2582:11)
      at node_modules/@testing-library/react/dist/act-compat.js:47:25
      at renderRoot (node_modules/@testing-library/react/dist/pure.js:190:26)
      at render (node_modules/@testing-library/react/dist/pure.js:292:10)
      at Object.<anonymous> (components/__tests__/TimelineModal.test.tsx:285:11)

    console.error
      Warning: React.jsx: type is invalid -- expected a string (for built-in components) or a class/function (for composite components) but got: undefined. You likely forgot to export your component from the file it's defined in, or you might have mixed up default and named imports.
      
      Check the render method of `TimelineModal`.
          at event (C:\Users\alexi\Documents\projects\maicivy\frontend\components\timeline\TimelineModal.tsx:13:56)

    [0m [90m 151 |[39m                 [33m<[39m[33mdiv[39m className[33m=[39m[32m"flex flex-wrap gap-2"[39m[33m>[39m
     [90m 152 |[39m                   {event[33m.[39mtags[33m.[39mmap((tag) [33m=>[39m (
    [31m[1m>[22m[39m[90m 153 |[39m                     [33m<[39m[33mmotion[39m[33m.[39mspan
     [90m     |[39m                     [31m[1m^[22m[39m
     [90m 154 |[39m                       key[33m=[39m{tag}
     [90m 155 |[39m                       whileHover[33m=[39m{{ scale[33m:[39m [35m1.05[39m }}
     [90m 156 |[39m                       className[33m=[39m[32m"px-4 py-2 bg-blue-500 text-white text-sm font-medium rounded-full shadow-sm"[39m[0m

      at printWarning (node_modules/react/cjs/react-jsx-runtime.development.js:87:30)
      at error (node_modules/react/cjs/react-jsx-runtime.development.js:61:7)
      at jsxWithValidation (node_modules/react/cjs/react-jsx-runtime.development.js:1245:7)
      at jsxWithValidationDynamic (node_modules/react/cjs/react-jsx-runtime.development.js:1320:12)
      at components/timeline/TimelineModal.tsx:153:21
          at Array.map (<anonymous>)
      at map (components/timeline/TimelineModal.tsx:152:31)
      at renderWithHooks (node_modules/react-dom/cjs/react-dom.development.js:15486:18)
      at mountIndeterminateComponent (node_modules/react-dom/cjs/react-dom.development.js:20103:13)
      at beginWork (node_modules/react-dom/cjs/react-dom.development.js:21626:16)
      at beginWork$1 (node_modules/react-dom/cjs/react-dom.development.js:27465:14)
      at performUnitOfWork (node_modules/react-dom/cjs/react-dom.development.js:26599:12)
      at workLoopSync (node_modules/react-dom/cjs/react-dom.development.js:26505:5)
      at renderRootSync (node_modules/react-dom/cjs/react-dom.development.js:26473:7)
      at recoverFromConcurrentError (node_modules/react-dom/cjs/react-dom.development.js:25889:20)
      at performConcurrentWorkOnRoot (node_modules/react-dom/cjs/react-dom.development.js:25789:22)
      at flushActQueue (node_modules/react/cjs/react.development.js:2667:24)
      at act (node_modules/react/cjs/react.development.js:2582:11)
      at node_modules/@testing-library/react/dist/act-compat.js:47:25
      at renderRoot (node_modules/@testing-library/react/dist/pure.js:190:26)
      at render (node_modules/@testing-library/react/dist/pure.js:292:10)
      at Object.<anonymous> (components/__tests__/TimelineModal.test.tsx:285:11)

    console.error
      Warning: React.jsx: type is invalid -- expected a string (for built-in components) or a class/function (for composite components) but got: undefined. You likely forgot to export your component from the file it's defined in, or you might have mixed up default and named imports.
      
      Check the render method of `TimelineModal`.
          at event (C:\Users\alexi\Documents\projects\maicivy\frontend\components\timeline\TimelineModal.tsx:13:56)

    [0m [90m 151 |[39m                 [33m<[39m[33mdiv[39m className[33m=[39m[32m"flex flex-wrap gap-2"[39m[33m>[39m
     [90m 152 |[39m                   {event[33m.[39mtags[33m.[39mmap((tag) [33m=>[39m (
    [31m[1m>[22m[39m[90m 153 |[39m                     [33m<[39m[33mmotion[39m[33m.[39mspan
     [90m     |[39m                     [31m[1m^[22m[39m
     [90m 154 |[39m                       key[33m=[39m{tag}
     [90m 155 |[39m                       whileHover[33m=[39m{{ scale[33m:[39m [35m1.05[39m }}
     [90m 156 |[39m                       className[33m=[39m[32m"px-4 py-2 bg-blue-500 text-white text-sm font-medium rounded-full shadow-sm"[39m[0m

      at printWarning (node_modules/react/cjs/react-jsx-runtime.development.js:87:30)
      at error (node_modules/react/cjs/react-jsx-runtime.development.js:61:7)
      at jsxWithValidation (node_modules/react/cjs/react-jsx-runtime.development.js:1245:7)
      at jsxWithValidationDynamic (node_modules/react/cjs/react-jsx-runtime.development.js:1320:12)
      at components/timeline/TimelineModal.tsx:153:21
          at Array.map (<anonymous>)
      at map (components/timeline/TimelineModal.tsx:152:31)
      at renderWithHooks (node_modules/react-dom/cjs/react-dom.development.js:15486:18)
      at mountIndeterminateComponent (node_modules/react-dom/cjs/react-dom.development.js:20103:13)
      at beginWork (node_modules/react-dom/cjs/react-dom.development.js:21626:16)
      at beginWork$1 (node_modules/react-dom/cjs/react-dom.development.js:27465:14)
      at performUnitOfWork (node_modules/react-dom/cjs/react-dom.development.js:26599:12)
      at workLoopSync (node_modules/react-dom/cjs/react-dom.development.js:26505:5)
      at renderRootSync (node_modules/react-dom/cjs/react-dom.development.js:26473:7)
      at recoverFromConcurrentError (node_modules/react-dom/cjs/react-dom.development.js:25889:20)
      at performConcurrentWorkOnRoot (node_modules/react-dom/cjs/react-dom.development.js:25789:22)
      at flushActQueue (node_modules/react/cjs/react.development.js:2667:24)
      at act (node_modules/react/cjs/react.development.js:2582:11)
      at node_modules/@testing-library/react/dist/act-compat.js:47:25
      at renderRoot (node_modules/@testing-library/react/dist/pure.js:190:26)
      at render (node_modules/@testing-library/react/dist/pure.js:292:10)
      at Object.<anonymous> (components/__tests__/TimelineModal.test.tsx:285:11)

    console.error
      Warning: React.jsx: type is invalid -- expected a string (for built-in components) or a class/function (for composite components) but got: undefined. You likely forgot to export your component from the file it's defined in, or you might have mixed up default and named imports.
      
      Check the render method of `TimelineModal`.
          at event (C:\Users\alexi\Documents\projects\maicivy\frontend\components\timeline\TimelineModal.tsx:13:56)

    [0m [90m 151 |[39m                 [33m<[39m[33mdiv[39m className[33m=[39m[32m"flex flex-wrap gap-2"[39m[33m>[39m
     [90m 152 |[39m                   {event[33m.[39mtags[33m.[39mmap((tag) [33m=>[39m (
    [31m[1m>[22m[39m[90m 153 |[39m                     [33m<[39m[33mmotion[39m[33m.[39mspan
     [90m     |[39m                     [31m[1m^[22m[39m
     [90m 154 |[39m                       key[33m=[39m{tag}
     [90m 155 |[39m                       whileHover[33m=[39m{{ scale[33m:[39m [35m1.05[39m }}
     [90m 156 |[39m                       className[33m=[39m[32m"px-4 py-2 bg-blue-500 text-white text-sm font-medium rounded-full shadow-sm"[39m[0m

      at printWarning (node_modules/react/cjs/react-jsx-runtime.development.js:87:30)
      at error (node_modules/react/cjs/react-jsx-runtime.development.js:61:7)
      at jsxWithValidation (node_modules/react/cjs/react-jsx-runtime.development.js:1245:7)
      at jsxWithValidationDynamic (node_modules/react/cjs/react-jsx-runtime.development.js:1320:12)
      at components/timeline/TimelineModal.tsx:153:21
          at Array.map (<anonymous>)
      at map (components/timeline/TimelineModal.tsx:152:31)
      at renderWithHooks (node_modules/react-dom/cjs/react-dom.development.js:15486:18)
      at mountIndeterminateComponent (node_modules/react-dom/cjs/react-dom.development.js:20103:13)
      at beginWork (node_modules/react-dom/cjs/react-dom.development.js:21626:16)
      at beginWork$1 (node_modules/react-dom/cjs/react-dom.development.js:27465:14)
      at performUnitOfWork (node_modules/react-dom/cjs/react-dom.development.js:26599:12)
      at workLoopSync (node_modules/react-dom/cjs/react-dom.development.js:26505:5)
      at renderRootSync (node_modules/react-dom/cjs/react-dom.development.js:26473:7)
      at recoverFromConcurrentError (node_modules/react-dom/cjs/react-dom.development.js:25889:20)
      at performConcurrentWorkOnRoot (node_modules/react-dom/cjs/react-dom.development.js:25789:22)
      at flushActQueue (node_modules/react/cjs/react.development.js:2667:24)
      at act (node_modules/react/cjs/react.development.js:2582:11)
      at node_modules/@testing-library/react/dist/act-compat.js:47:25
      at renderRoot (node_modules/@testing-library/react/dist/pure.js:190:26)
      at render (node_modules/@testing-library/react/dist/pure.js:292:10)
      at Object.<anonymous> (components/__tests__/TimelineModal.test.tsx:285:11)

    console.error
      Error: Uncaught [Error: Element type is invalid: expected a string (for built-in components) or a class/function (for composite components) but got: undefined. You likely forgot to export your component from the file it's defined in, or you might have mixed up default and named imports.
      
      Check the render method of `TimelineModal`.]
          at reportException (C:\Users\alexi\Documents\projects\maicivy\frontend\node_modules\jsdom\lib\jsdom\living\helpers\runtime-script-errors.js:66:24)
          at innerInvokeEventListeners (C:\Users\alexi\Documents\projects\maicivy\frontend\node_modules\jsdom\lib\jsdom\living\events\EventTarget-impl.js:353:9)
          at invokeEventListeners (C:\Users\alexi\Documents\projects\maicivy\frontend\node_modules\jsdom\lib\jsdom\living\events\EventTarget-impl.js:286:3)
          at HTMLUnknownElementImpl._dispatch (C:\Users\alexi\Documents\projects\maicivy\frontend\node_modules\jsdom\lib\jsdom\living\events\EventTarget-impl.js:233:9)
          at HTMLUnknownElementImpl.dispatchEvent (C:\Users\alexi\Documents\projects\maicivy\frontend\node_modules\jsdom\lib\jsdom\living\events\EventTarget-impl.js:104:17)
          at HTMLUnknownElement.dispatchEvent (C:\Users\alexi\Documents\projects\maicivy\frontend\node_modules\jsdom\lib\jsdom\living\generated\EventTarget.js:241:34)
          at Object.invokeGuardedCallbackDev (C:\Users\alexi\Documents\projects\maicivy\frontend\node_modules\react-dom\cjs\react-dom.development.js:4213:16)
          at invokeGuardedCallback (C:\Users\alexi\Documents\projects\maicivy\frontend\node_modules\react-dom\cjs\react-dom.development.js:4277:31)
          at beginWork$1 (C:\Users\alexi\Documents\projects\maicivy\frontend\node_modules\react-dom\cjs\react-dom.development.js:27490:7)
          at performUnitOfWork (C:\Users\alexi\Documents\projects\maicivy\frontend\node_modules\react-dom\cjs\react-dom.development.js:26599:12)
          at workLoopSync (C:\Users\alexi\Documents\projects\maicivy\frontend\node_modules\react-dom\cjs\react-dom.development.js:26505:5)
          at renderRootSync (C:\Users\alexi\Documents\projects\maicivy\frontend\node_modules\react-dom\cjs\react-dom.development.js:26473:7)
          at recoverFromConcurrentError (C:\Users\alexi\Documents\projects\maicivy\frontend\node_modules\react-dom\cjs\react-dom.development.js:25889:20)
          at performConcurrentWorkOnRoot (C:\Users\alexi\Documents\projects\maicivy\frontend\node_modules\react-dom\cjs\react-dom.development.js:25789:22)
          at flushActQueue (C:\Users\alexi\Documents\projects\maicivy\frontend\node_modules\react\cjs\react.development.js:2667:24)
          at act (C:\Users\alexi\Documents\projects\maicivy\frontend\node_modules\react\cjs\react.development.js:2582:11)
          at C:\Users\alexi\Documents\projects\maicivy\frontend\node_modules\@testing-library\react\dist\act-compat.js:47:25
          at renderRoot (C:\Users\alexi\Documents\projects\maicivy\frontend\node_modules\@testing-library\react\dist\pure.js:190:26)
          at render (C:\Users\alexi\Documents\projects\maicivy\frontend\node_modules\@testing-library\react\dist\pure.js:292:10)
          at Object.<anonymous> (C:\Users\alexi\Documents\projects\maicivy\frontend\components\__tests__\TimelineModal.test.tsx:285:11)
          at Promise.finally.completed (C:\Users\alexi\Documents\projects\maicivy\frontend\node_modules\jest-circus\build\jestAdapterInit.js:1557:28)
          at new Promise (<anonymous>)
          at callAsyncCircusFn (C:\Users\alexi\Documents\projects\maicivy\frontend\node_modules\jest-circus\build\jestAdapterInit.js:1497:10)
          at _callCircusTest (C:\Users\alexi\Documents\projects\maicivy\frontend\node_modules\jest-circus\build\jestAdapterInit.js:1007:40)
          at processTicksAndRejections (node:internal/process/task_queues:103:5)
          at _runTest (C:\Users\alexi\Documents\projects\maicivy\frontend\node_modules\jest-circus\build\jestAdapterInit.js:947:3)
          at C:\Users\alexi\Documents\projects\maicivy\frontend\node_modules\jest-circus\build\jestAdapterInit.js:849:7
          at _runTestsForDescribeBlock (C:\Users\alexi\Documents\projects\maicivy\frontend\node_modules\jest-circus\build\jestAdapterInit.js:862:11)
          at _runTestsForDescribeBlock (C:\Users\alexi\Documents\projects\maicivy\frontend\node_modules\jest-circus\build\jestAdapterInit.js:857:11)
          at run (C:\Users\alexi\Documents\projects\maicivy\frontend\node_modules\jest-circus\build\jestAdapterInit.js:761:3)
          at runAndTransformResultsToJestFormat (C:\Users\alexi\Documents\projects\maicivy\frontend\node_modules\jest-circus\build\jestAdapterInit.js:1918:21)
          at jestAdapter (C:\Users\alexi\Documents\projects\maicivy\frontend\node_modules\jest-circus\build\runner.js:101:19)
          at runTestInternal (C:\Users\alexi\Documents\projects\maicivy\frontend\node_modules\jest-runner\build\testWorker.js:275:16)
          at runTest (C:\Users\alexi\Documents\projects\maicivy\frontend\node_modules\jest-runner\build\testWorker.js:343:7)
          at Object.worker (C:\Users\alexi\Documents\projects\maicivy\frontend\node_modules\jest-runner\build\testWorker.js:497:12) {
        detail: Error: Element type is invalid: expected a string (for built-in components) or a class/function (for composite components) but got: undefined. You likely forgot to export your component from the file it's defined in, or you might have mixed up default and named imports.
        
        Check the render method of `TimelineModal`.
            at createFiberFromTypeAndProps (C:\Users\alexi\Documents\projects\maicivy\frontend\node_modules\react-dom\cjs\react-dom.development.js:28478:17)
            at createFiberFromElement (C:\Users\alexi\Documents\projects\maicivy\frontend\node_modules\react-dom\cjs\react-dom.development.js:28504:15)
            at createChild (C:\Users\alexi\Documents\projects\maicivy\frontend\node_modules\react-dom\cjs\react-dom.development.js:13345:28)
            at reconcileChildrenArray (C:\Users\alexi\Documents\projects\maicivy\frontend\node_modules\react-dom\cjs\react-dom.development.js:13640:25)
            at reconcileChildFibers (C:\Users\alexi\Documents\projects\maicivy\frontend\node_modules\react-dom\cjs\react-dom.development.js:14057:16)
            at reconcileChildren (C:\Users\alexi\Documents\projects\maicivy\frontend\node_modules\react-dom\cjs\react-dom.development.js:19186:28)
            at updateHostComponent (C:\Users\alexi\Documents\projects\maicivy\frontend\node_modules\react-dom\cjs\react-dom.development.js:19953:3)
            at beginWork (C:\Users\alexi\Documents\projects\maicivy\frontend\node_modules\react-dom\cjs\react-dom.development.js:21657:14)
            at HTMLUnknownElement.callCallback (C:\Users\alexi\Documents\projects\maicivy\frontend\node_modules\react-dom\cjs\react-dom.development.js:4164:14)
            at HTMLUnknownElement.callTheUserObjectsOperation (C:\Users\alexi\Documents\projects\maicivy\frontend\node_modules\jsdom\lib\jsdom\living\generated\EventListener.js:26:30)
            at innerInvokeEventListeners (C:\Users\alexi\Documents\projects\maicivy\frontend\node_modules\jsdom\lib\jsdom\living\events\EventTarget-impl.js:350:25)
            at invokeEventListeners (C:\Users\alexi\Documents\projects\maicivy\frontend\node_modules\jsdom\lib\jsdom\living\events\EventTarget-impl.js:286:3)
            at HTMLUnknownElementImpl._dispatch (C:\Users\alexi\Documents\projects\maicivy\frontend\node_modules\jsdom\lib\jsdom\living\events\EventTarget-impl.js:233:9)
            at HTMLUnknownElementImpl.dispatchEvent (C:\Users\alexi\Documents\projects\maicivy\frontend\node_modules\jsdom\lib\jsdom\living\events\EventTarget-impl.js:104:17)
            at HTMLUnknownElement.dispatchEvent (C:\Users\alexi\Documents\projects\maicivy\frontend\node_modules\jsdom\lib\jsdom\living\generated\EventTarget.js:241:34)
            at Object.invokeGuardedCallbackDev (C:\Users\alexi\Documents\projects\maicivy\frontend\node_modules\react-dom\cjs\react-dom.development.js:4213:16)
            at invokeGuardedCallback (C:\Users\alexi\Documents\projects\maicivy\frontend\node_modules\react-dom\cjs\react-dom.development.js:4277:31)
            at beginWork$1 (C:\Users\alexi\Documents\projects\maicivy\frontend\node_modules\react-dom\cjs\react-dom.development.js:27490:7)
            at performUnitOfWork (C:\Users\alexi\Documents\projects\maicivy\frontend\node_modules\react-dom\cjs\react-dom.development.js:26599:12)
            at workLoopSync (C:\Users\alexi\Documents\projects\maicivy\frontend\node_modules\react-dom\cjs\react-dom.development.js:26505:5)
            at renderRootSync (C:\Users\alexi\Documents\projects\maicivy\frontend\node_modules\react-dom\cjs\react-dom.development.js:26473:7)
            at recoverFromConcurrentError (C:\Users\alexi\Documents\projects\maicivy\frontend\node_modules\react-dom\cjs\react-dom.development.js:25889:20)
            at performConcurrentWorkOnRoot (C:\Users\alexi\Documents\projects\maicivy\frontend\node_modules\react-dom\cjs\react-dom.development.js:25789:22)
            at flushActQueue (C:\Users\alexi\Documents\projects\maicivy\frontend\node_modules\react\cjs\react.development.js:2667:24)
            at act (C:\Users\alexi\Documents\projects\maicivy\frontend\node_modules\react\cjs\react.development.js:2582:11)
            at C:\Users\alexi\Documents\projects\maicivy\frontend\node_modules\@testing-library\react\dist\act-compat.js:47:25
            at renderRoot (C:\Users\alexi\Documents\projects\maicivy\frontend\node_modules\@testing-library\react\dist\pure.js:190:26)
            at render (C:\Users\alexi\Documents\projects\maicivy\frontend\node_modules\@testing-library\react\dist\pure.js:292:10)
            at Object.<anonymous> (C:\Users\alexi\Documents\projects\maicivy\frontend\components\__tests__\TimelineModal.test.tsx:285:11)
            at Promise.finally.completed (C:\Users\alexi\Documents\projects\maicivy\frontend\node_modules\jest-circus\build\jestAdapterInit.js:1557:28)
            at new Promise (<anonymous>)
            at callAsyncCircusFn (C:\Users\alexi\Documents\projects\maicivy\frontend\node_modules\jest-circus\build\jestAdapterInit.js:1497:10)
            at _callCircusTest (C:\Users\alexi\Documents\projects\maicivy\frontend\node_modules\jest-circus\build\jestAdapterInit.js:1007:40)
            at processTicksAndRejections (node:internal/process/task_queues:103:5)
            at _runTest (C:\Users\alexi\Documents\projects\maicivy\frontend\node_modules\jest-circus\build\jestAdapterInit.js:947:3)
            at C:\Users\alexi\Documents\projects\maicivy\frontend\node_modules\jest-circus\build\jestAdapterInit.js:849:7
            at _runTestsForDescribeBlock (C:\Users\alexi\Documents\projects\maicivy\frontend\node_modules\jest-circus\build\jestAdapterInit.js:862:11)
            at _runTestsForDescribeBlock (C:\Users\alexi\Documents\projects\maicivy\frontend\node_modules\jest-circus\build\jestAdapterInit.js:857:11)
            at run (C:\Users\alexi\Documents\projects\maicivy\frontend\node_modules\jest-circus\build\jestAdapterInit.js:761:3)
            at runAndTransformResultsToJestFormat (C:\Users\alexi\Documents\projects\maicivy\frontend\node_modules\jest-circus\build\jestAdapterInit.js:1918:21)
            at jestAdapter (C:\Users\alexi\Documents\projects\maicivy\frontend\node_modules\jest-circus\build\runner.js:101:19)
            at runTestInternal (C:\Users\alexi\Documents\projects\maicivy\frontend\node_modules\jest-runner\build\testWorker.js:275:16)
            at runTest (C:\Users\alexi\Documents\projects\maicivy\frontend\node_modules\jest-runner\build\testWorker.js:343:7)
            at Object.worker (C:\Users\alexi\Documents\projects\maicivy\frontend\node_modules\jest-runner\build\testWorker.js:497:12),
        type: 'unhandled exception'
      }

    [0m [90m 283 |[39m     [36mconst[39m ongoingEvent [33m=[39m { [33m...[39mmockEvent[33m,[39m endDate[33m:[39m undefined }[33m;[39m
     [90m 284 |[39m
    [31m[1m>[22m[39m[90m 285 |[39m     render([33m<[39m[33mTimelineModal[39m event[33m=[39m{ongoingEvent} onClose[33m=[39m{jest[33m.[39mfn()} [33m/[39m[33m>[39m)[33m;[39m
     [90m     |[39m           [31m[1m^[22m[39m
     [90m 286 |[39m
     [90m 287 |[39m     expect(screen[33m.[39mgetByText([35m/1 janvier 2022/i[39m))[33m.[39mtoBeInTheDocument()[33m;[39m
     [90m 288 |[39m     expect(screen[33m.[39mqueryByText([35m/30 juin 2023/i[39m))[33m.[39mnot[33m.[39mtoBeInTheDocument()[33m;[39m[0m

      at VirtualConsole.<anonymous> (node_modules/@jest/environment-jsdom-abstract/build/index.js:87:23)
      at reportException (node_modules/jsdom/lib/jsdom/living/helpers/runtime-script-errors.js:70:28)
      at innerInvokeEventListeners (node_modules/jsdom/lib/jsdom/living/events/EventTarget-impl.js:353:9)
      at invokeEventListeners (node_modules/jsdom/lib/jsdom/living/events/EventTarget-impl.js:286:3)
      at HTMLUnknownElementImpl._dispatch (node_modules/jsdom/lib/jsdom/living/events/EventTarget-impl.js:233:9)
      at HTMLUnknownElementImpl.dispatchEvent (node_modules/jsdom/lib/jsdom/living/events/EventTarget-impl.js:104:17)
      at HTMLUnknownElement.dispatchEvent (node_modules/jsdom/lib/jsdom/living/generated/EventTarget.js:241:34)
      at Object.invokeGuardedCallbackDev (node_modules/react-dom/cjs/react-dom.development.js:4213:16)
      at invokeGuardedCallback (node_modules/react-dom/cjs/react-dom.development.js:4277:31)
      at beginWork$1 (node_modules/react-dom/cjs/react-dom.development.js:27490:7)
      at performUnitOfWork (node_modules/react-dom/cjs/react-dom.development.js:26599:12)
      at workLoopSync (node_modules/react-dom/cjs/react-dom.development.js:26505:5)
      at renderRootSync (node_modules/react-dom/cjs/react-dom.development.js:26473:7)
      at recoverFromConcurrentError (node_modules/react-dom/cjs/react-dom.development.js:25889:20)
      at performConcurrentWorkOnRoot (node_modules/react-dom/cjs/react-dom.development.js:25789:22)
      at flushActQueue (node_modules/react/cjs/react.development.js:2667:24)
      at act (node_modules/react/cjs/react.development.js:2582:11)
      at node_modules/@testing-library/react/dist/act-compat.js:47:25
      at renderRoot (node_modules/@testing-library/react/dist/pure.js:190:26)
      at render (node_modules/@testing-library/react/dist/pure.js:292:10)
      at Object.<anonymous> (components/__tests__/TimelineModal.test.tsx:285:11)

    console.error
      The above error occurred in the <div> component:
      
          at div
          at div
          at div
          at div
          at children (C:\Users\alexi\Documents\projects\maicivy\frontend\components\__tests__\TimelineModal.test.tsx:8:13)
          at div
          at children (C:\Users\alexi\Documents\projects\maicivy\frontend\components\__tests__\TimelineModal.test.tsx:8:13)
          at children (C:\Users\alexi\Documents\projects\maicivy\frontend\components\__tests__\TimelineModal.test.tsx:12:23)
          at event (C:\Users\alexi\Documents\projects\maicivy\frontend\components\timeline\TimelineModal.tsx:13:56)
      
      Consider adding an error boundary to your tree to customize error handling behavior.
      Visit https://reactjs.org/link/error-boundaries to learn more about error boundaries.

    [0m [90m 283 |[39m     [36mconst[39m ongoingEvent [33m=[39m { [33m...[39mmockEvent[33m,[39m endDate[33m:[39m undefined }[33m;[39m
     [90m 284 |[39m
    [31m[1m>[22m[39m[90m 285 |[39m     render([33m<[39m[33mTimelineModal[39m event[33m=[39m{ongoingEvent} onClose[33m=[39m{jest[33m.[39mfn()} [33m/[39m[33m>[39m)[33m;[39m
     [90m     |[39m           [31m[1m^[22m[39m
     [90m 286 |[39m
     [90m 287 |[39m     expect(screen[33m.[39mgetByText([35m/1 janvier 2022/i[39m))[33m.[39mtoBeInTheDocument()[33m;[39m
     [90m 288 |[39m     expect(screen[33m.[39mqueryByText([35m/30 juin 2023/i[39m))[33m.[39mnot[33m.[39mtoBeInTheDocument()[33m;[39m[0m

      at logCapturedError (node_modules/react-dom/cjs/react-dom.development.js:18704:23)
      at update.callback (node_modules/react-dom/cjs/react-dom.development.js:18737:5)
      at callCallback (node_modules/react-dom/cjs/react-dom.development.js:15036:12)
      at commitUpdateQueue (node_modules/react-dom/cjs/react-dom.development.js:15057:9)
      at commitLayoutEffectOnFiber (node_modules/react-dom/cjs/react-dom.development.js:23430:13)
      at commitLayoutMountEffects_complete (node_modules/react-dom/cjs/react-dom.development.js:24727:9)
      at commitLayoutEffects_begin (node_modules/react-dom/cjs/react-dom.development.js:24713:7)
      at commitLayoutEffects (node_modules/react-dom/cjs/react-dom.development.js:24651:3)
      at commitRootImpl (node_modules/react-dom/cjs/react-dom.development.js:26862:5)
      at commitRoot (node_modules/react-dom/cjs/react-dom.development.js:26721:5)
      at finishConcurrentRender (node_modules/react-dom/cjs/react-dom.development.js:25931:9)
      at performConcurrentWorkOnRoot (node_modules/react-dom/cjs/react-dom.development.js:25848:7)
      at flushActQueue (node_modules/react/cjs/react.development.js:2667:24)
      at act (node_modules/react/cjs/react.development.js:2582:11)
      at node_modules/@testing-library/react/dist/act-compat.js:47:25
      at renderRoot (node_modules/@testing-library/react/dist/pure.js:190:26)
      at render (node_modules/@testing-library/react/dist/pure.js:292:10)
      at Object.<anonymous> (components/__tests__/TimelineModal.test.tsx:285:11)

    console.error
      Warning: React.jsx: type is invalid -- expected a string (for built-in components) or a class/function (for composite components) but got: undefined. You likely forgot to export your component from the file it's defined in, or you might have mixed up default and named imports.
      
      Check the render method of `TimelineModal`.
          at event (C:\Users\alexi\Documents\projects\maicivy\frontend\components\timeline\TimelineModal.tsx:13:56)

    [0m [90m 151 |[39m                 [33m<[39m[33mdiv[39m className[33m=[39m[32m"flex flex-wrap gap-2"[39m[33m>[39m
     [90m 152 |[39m                   {event[33m.[39mtags[33m.[39mmap((tag) [33m=>[39m (
    [31m[1m>[22m[39m[90m 153 |[39m                     [33m<[39m[33mmotion[39m[33m.[39mspan
     [90m     |[39m                     [31m[1m^[22m[39m
     [90m 154 |[39m                       key[33m=[39m{tag}
     [90m 155 |[39m                       whileHover[33m=[39m{{ scale[33m:[39m [35m1.05[39m }}
     [90m 156 |[39m                       className[33m=[39m[32m"px-4 py-2 bg-blue-500 text-white text-sm font-medium rounded-full shadow-sm"[39m[0m

      at printWarning (node_modules/react/cjs/react-jsx-runtime.development.js:87:30)
      at error (node_modules/react/cjs/react-jsx-runtime.development.js:61:7)
      at jsxWithValidation (node_modules/react/cjs/react-jsx-runtime.development.js:1245:7)
      at jsxWithValidationDynamic (node_modules/react/cjs/react-jsx-runtime.development.js:1320:12)
      at components/timeline/TimelineModal.tsx:153:21
          at Array.map (<anonymous>)
      at map (components/timeline/TimelineModal.tsx:152:31)
      at renderWithHooks (node_modules/react-dom/cjs/react-dom.development.js:15486:18)
      at mountIndeterminateComponent (node_modules/react-dom/cjs/react-dom.development.js:20103:13)
      at beginWork (node_modules/react-dom/cjs/react-dom.development.js:21626:16)
      at beginWork$1 (node_modules/react-dom/cjs/react-dom.development.js:27465:14)
      at performUnitOfWork (node_modules/react-dom/cjs/react-dom.development.js:26599:12)
      at workLoopSync (node_modules/react-dom/cjs/react-dom.development.js:26505:5)
      at renderRootSync (node_modules/react-dom/cjs/react-dom.development.js:26473:7)
      at performConcurrentWorkOnRoot (node_modules/react-dom/cjs/react-dom.development.js:25777:74)
      at flushActQueue (node_modules/react/cjs/react.development.js:2667:24)
      at act (node_modules/react/cjs/react.development.js:2582:11)
      at node_modules/@testing-library/react/dist/act-compat.js:47:25
      at renderRoot (node_modules/@testing-library/react/dist/pure.js:190:26)
      at render (node_modules/@testing-library/react/dist/pure.js:292:10)
      at Object.<anonymous> (components/__tests__/TimelineModal.test.tsx:294:11)

    console.error
      Warning: React.jsx: type is invalid -- expected a string (for built-in components) or a class/function (for composite components) but got: undefined. You likely forgot to export your component from the file it's defined in, or you might have mixed up default and named imports.
      
      Check the render method of `TimelineModal`.
          at event (C:\Users\alexi\Documents\projects\maicivy\frontend\components\timeline\TimelineModal.tsx:13:56)

    [0m [90m 151 |[39m                 [33m<[39m[33mdiv[39m className[33m=[39m[32m"flex flex-wrap gap-2"[39m[33m>[39m
     [90m 152 |[39m                   {event[33m.[39mtags[33m.[39mmap((tag) [33m=>[39m (
    [31m[1m>[22m[39m[90m 153 |[39m                     [33m<[39m[33mmotion[39m[33m.[39mspan
     [90m     |[39m                     [31m[1m^[22m[39m
     [90m 154 |[39m                       key[33m=[39m{tag}
     [90m 155 |[39m                       whileHover[33m=[39m{{ scale[33m:[39m [35m1.05[39m }}
     [90m 156 |[39m                       className[33m=[39m[32m"px-4 py-2 bg-blue-500 text-white text-sm font-medium rounded-full shadow-sm"[39m[0m

      at printWarning (node_modules/react/cjs/react-jsx-runtime.development.js:87:30)
      at error (node_modules/react/cjs/react-jsx-runtime.development.js:61:7)
      at jsxWithValidation (node_modules/react/cjs/react-jsx-runtime.development.js:1245:7)
      at jsxWithValidationDynamic (node_modules/react/cjs/react-jsx-runtime.development.js:1320:12)
      at components/timeline/TimelineModal.tsx:153:21
          at Array.map (<anonymous>)
      at map (components/timeline/TimelineModal.tsx:152:31)
      at renderWithHooks (node_modules/react-dom/cjs/react-dom.development.js:15486:18)
      at mountIndeterminateComponent (node_modules/react-dom/cjs/react-dom.development.js:20103:13)
      at beginWork (node_modules/react-dom/cjs/react-dom.development.js:21626:16)
      at beginWork$1 (node_modules/react-dom/cjs/react-dom.development.js:27465:14)
      at performUnitOfWork (node_modules/react-dom/cjs/react-dom.development.js:26599:12)
      at workLoopSync (node_modules/react-dom/cjs/react-dom.development.js:26505:5)
      at renderRootSync (node_modules/react-dom/cjs/react-dom.development.js:26473:7)
      at performConcurrentWorkOnRoot (node_modules/react-dom/cjs/react-dom.development.js:25777:74)
      at flushActQueue (node_modules/react/cjs/react.development.js:2667:24)
      at act (node_modules/react/cjs/react.development.js:2582:11)
      at node_modules/@testing-library/react/dist/act-compat.js:47:25
      at renderRoot (node_modules/@testing-library/react/dist/pure.js:190:26)
      at render (node_modules/@testing-library/react/dist/pure.js:292:10)
      at Object.<anonymous> (components/__tests__/TimelineModal.test.tsx:294:11)

    console.error
      Warning: React.jsx: type is invalid -- expected a string (for built-in components) or a class/function (for composite components) but got: undefined. You likely forgot to export your component from the file it's defined in, or you might have mixed up default and named imports.
      
      Check the render method of `TimelineModal`.
          at event (C:\Users\alexi\Documents\projects\maicivy\frontend\components\timeline\TimelineModal.tsx:13:56)

    [0m [90m 151 |[39m                 [33m<[39m[33mdiv[39m className[33m=[39m[32m"flex flex-wrap gap-2"[39m[33m>[39m
     [90m 152 |[39m                   {event[33m.[39mtags[33m.[39mmap((tag) [33m=>[39m (
    [31m[1m>[22m[39m[90m 153 |[39m                     [33m<[39m[33mmotion[39m[33m.[39mspan
     [90m     |[39m                     [31m[1m^[22m[39m
     [90m 154 |[39m                       key[33m=[39m{tag}
     [90m 155 |[39m                       whileHover[33m=[39m{{ scale[33m:[39m [35m1.05[39m }}
     [90m 156 |[39m                       className[33m=[39m[32m"px-4 py-2 bg-blue-500 text-white text-sm font-medium rounded-full shadow-sm"[39m[0m

      at printWarning (node_modules/react/cjs/react-jsx-runtime.development.js:87:30)
      at error (node_modules/react/cjs/react-jsx-runtime.development.js:61:7)
      at jsxWithValidation (node_modules/react/cjs/react-jsx-runtime.development.js:1245:7)
      at jsxWithValidationDynamic (node_modules/react/cjs/react-jsx-runtime.development.js:1320:12)
      at components/timeline/TimelineModal.tsx:153:21
          at Array.map (<anonymous>)
      at map (components/timeline/TimelineModal.tsx:152:31)
      at renderWithHooks (node_modules/react-dom/cjs/react-dom.development.js:15486:18)
      at mountIndeterminateComponent (node_modules/react-dom/cjs/react-dom.development.js:20103:13)
      at beginWork (node_modules/react-dom/cjs/react-dom.development.js:21626:16)
      at beginWork$1 (node_modules/react-dom/cjs/react-dom.development.js:27465:14)
      at performUnitOfWork (node_modules/react-dom/cjs/react-dom.development.js:26599:12)
      at workLoopSync (node_modules/react-dom/cjs/react-dom.development.js:26505:5)
      at renderRootSync (node_modules/react-dom/cjs/react-dom.development.js:26473:7)
      at performConcurrentWorkOnRoot (node_modules/react-dom/cjs/react-dom.development.js:25777:74)
      at flushActQueue (node_modules/react/cjs/react.development.js:2667:24)
      at act (node_modules/react/cjs/react.development.js:2582:11)
      at node_modules/@testing-library/react/dist/act-compat.js:47:25
      at renderRoot (node_modules/@testing-library/react/dist/pure.js:190:26)
      at render (node_modules/@testing-library/react/dist/pure.js:292:10)
      at Object.<anonymous> (components/__tests__/TimelineModal.test.tsx:294:11)

    console.error
      Warning: React.jsx: type is invalid -- expected a string (for built-in components) or a class/function (for composite components) but got: undefined. You likely forgot to export your component from the file it's defined in, or you might have mixed up default and named imports.
      
      Check the render method of `TimelineModal`.
          at event (C:\Users\alexi\Documents\projects\maicivy\frontend\components\timeline\TimelineModal.tsx:13:56)

    [0m [90m 151 |[39m                 [33m<[39m[33mdiv[39m className[33m=[39m[32m"flex flex-wrap gap-2"[39m[33m>[39m
     [90m 152 |[39m                   {event[33m.[39mtags[33m.[39mmap((tag) [33m=>[39m (
    [31m[1m>[22m[39m[90m 153 |[39m                     [33m<[39m[33mmotion[39m[33m.[39mspan
     [90m     |[39m                     [31m[1m^[22m[39m
     [90m 154 |[39m                       key[33m=[39m{tag}
     [90m 155 |[39m                       whileHover[33m=[39m{{ scale[33m:[39m [35m1.05[39m }}
     [90m 156 |[39m                       className[33m=[39m[32m"px-4 py-2 bg-blue-500 text-white text-sm font-medium rounded-full shadow-sm"[39m[0m

      at printWarning (node_modules/react/cjs/react-jsx-runtime.development.js:87:30)
      at error (node_modules/react/cjs/react-jsx-runtime.development.js:61:7)
      at jsxWithValidation (node_modules/react/cjs/react-jsx-runtime.development.js:1245:7)
      at jsxWithValidationDynamic (node_modules/react/cjs/react-jsx-runtime.development.js:1320:12)
      at components/timeline/TimelineModal.tsx:153:21
          at Array.map (<anonymous>)
      at map (components/timeline/TimelineModal.tsx:152:31)
      at renderWithHooks (node_modules/react-dom/cjs/react-dom.development.js:15486:18)
      at mountIndeterminateComponent (node_modules/react-dom/cjs/react-dom.development.js:20103:13)
      at beginWork (node_modules/react-dom/cjs/react-dom.development.js:21626:16)
      at beginWork$1 (node_modules/react-dom/cjs/react-dom.development.js:27465:14)
      at performUnitOfWork (node_modules/react-dom/cjs/react-dom.development.js:26599:12)
      at workLoopSync (node_modules/react-dom/cjs/react-dom.development.js:26505:5)
      at renderRootSync (node_modules/react-dom/cjs/react-dom.development.js:26473:7)
      at performConcurrentWorkOnRoot (node_modules/react-dom/cjs/react-dom.development.js:25777:74)
      at flushActQueue (node_modules/react/cjs/react.development.js:2667:24)
      at act (node_modules/react/cjs/react.development.js:2582:11)
      at node_modules/@testing-library/react/dist/act-compat.js:47:25
      at renderRoot (node_modules/@testing-library/react/dist/pure.js:190:26)
      at render (node_modules/@testing-library/react/dist/pure.js:292:10)
      at Object.<anonymous> (components/__tests__/TimelineModal.test.tsx:294:11)

    console.error
      Warning: React.jsx: type is invalid -- expected a string (for built-in components) or a class/function (for composite components) but got: undefined. You likely forgot to export your component from the file it's defined in, or you might have mixed up default and named imports.
      
      Check the render method of `TimelineModal`.
          at event (C:\Users\alexi\Documents\projects\maicivy\frontend\components\timeline\TimelineModal.tsx:13:56)

    [0m [90m 151 |[39m                 [33m<[39m[33mdiv[39m className[33m=[39m[32m"flex flex-wrap gap-2"[39m[33m>[39m
     [90m 152 |[39m                   {event[33m.[39mtags[33m.[39mmap((tag) [33m=>[39m (
    [31m[1m>[22m[39m[90m 153 |[39m                     [33m<[39m[33mmotion[39m[33m.[39mspan
     [90m     |[39m                     [31m[1m^[22m[39m
     [90m 154 |[39m                       key[33m=[39m{tag}
     [90m 155 |[39m                       whileHover[33m=[39m{{ scale[33m:[39m [35m1.05[39m }}
     [90m 156 |[39m                       className[33m=[39m[32m"px-4 py-2 bg-blue-500 text-white text-sm font-medium rounded-full shadow-sm"[39m[0m

      at printWarning (node_modules/react/cjs/react-jsx-runtime.development.js:87:30)
      at error (node_modules/react/cjs/react-jsx-runtime.development.js:61:7)
      at jsxWithValidation (node_modules/react/cjs/react-jsx-runtime.development.js:1245:7)
      at jsxWithValidationDynamic (node_modules/react/cjs/react-jsx-runtime.development.js:1320:12)
      at components/timeline/TimelineModal.tsx:153:21
          at Array.map (<anonymous>)
      at map (components/timeline/TimelineModal.tsx:152:31)
      at renderWithHooks (node_modules/react-dom/cjs/react-dom.development.js:15486:18)
      at mountIndeterminateComponent (node_modules/react-dom/cjs/react-dom.development.js:20103:13)
      at beginWork (node_modules/react-dom/cjs/react-dom.development.js:21626:16)
      at beginWork$1 (node_modules/react-dom/cjs/react-dom.development.js:27465:14)
      at performUnitOfWork (node_modules/react-dom/cjs/react-dom.development.js:26599:12)
      at workLoopSync (node_modules/react-dom/cjs/react-dom.development.js:26505:5)
      at renderRootSync (node_modules/react-dom/cjs/react-dom.development.js:26473:7)
      at performConcurrentWorkOnRoot (node_modules/react-dom/cjs/react-dom.development.js:25777:74)
      at flushActQueue (node_modules/react/cjs/react.development.js:2667:24)
      at act (node_modules/react/cjs/react.development.js:2582:11)
      at node_modules/@testing-library/react/dist/act-compat.js:47:25
      at renderRoot (node_modules/@testing-library/react/dist/pure.js:190:26)
      at render (node_modules/@testing-library/react/dist/pure.js:292:10)
      at Object.<anonymous> (components/__tests__/TimelineModal.test.tsx:294:11)

    console.error
      Error: Uncaught [Error: Element type is invalid: expected a string (for built-in components) or a class/function (for composite components) but got: undefined. You likely forgot to export your component from the file it's defined in, or you might have mixed up default and named imports.
      
      Check the render method of `TimelineModal`.]
          at reportException (C:\Users\alexi\Documents\projects\maicivy\frontend\node_modules\jsdom\lib\jsdom\living\helpers\runtime-script-errors.js:66:24)
          at innerInvokeEventListeners (C:\Users\alexi\Documents\projects\maicivy\frontend\node_modules\jsdom\lib\jsdom\living\events\EventTarget-impl.js:353:9)
          at invokeEventListeners (C:\Users\alexi\Documents\projects\maicivy\frontend\node_modules\jsdom\lib\jsdom\living\events\EventTarget-impl.js:286:3)
          at HTMLUnknownElementImpl._dispatch (C:\Users\alexi\Documents\projects\maicivy\frontend\node_modules\jsdom\lib\jsdom\living\events\EventTarget-impl.js:233:9)
          at HTMLUnknownElementImpl.dispatchEvent (C:\Users\alexi\Documents\projects\maicivy\frontend\node_modules\jsdom\lib\jsdom\living\events\EventTarget-impl.js:104:17)
          at HTMLUnknownElement.dispatchEvent (C:\Users\alexi\Documents\projects\maicivy\frontend\node_modules\jsdom\lib\jsdom\living\generated\EventTarget.js:241:34)
          at Object.invokeGuardedCallbackDev (C:\Users\alexi\Documents\projects\maicivy\frontend\node_modules\react-dom\cjs\react-dom.development.js:4213:16)
          at invokeGuardedCallback (C:\Users\alexi\Documents\projects\maicivy\frontend\node_modules\react-dom\cjs\react-dom.development.js:4277:31)
          at beginWork$1 (C:\Users\alexi\Documents\projects\maicivy\frontend\node_modules\react-dom\cjs\react-dom.development.js:27490:7)
          at performUnitOfWork (C:\Users\alexi\Documents\projects\maicivy\frontend\node_modules\react-dom\cjs\react-dom.development.js:26599:12)
          at workLoopSync (C:\Users\alexi\Documents\projects\maicivy\frontend\node_modules\react-dom\cjs\react-dom.development.js:26505:5)
          at renderRootSync (C:\Users\alexi\Documents\projects\maicivy\frontend\node_modules\react-dom\cjs\react-dom.development.js:26473:7)
          at performConcurrentWorkOnRoot (C:\Users\alexi\Documents\projects\maicivy\frontend\node_modules\react-dom\cjs\react-dom.development.js:25777:74)
          at flushActQueue (C:\Users\alexi\Documents\projects\maicivy\frontend\node_modules\react\cjs\react.development.js:2667:24)
          at act (C:\Users\alexi\Documents\projects\maicivy\frontend\node_modules\react\cjs\react.development.js:2582:11)
          at C:\Users\alexi\Documents\projects\maicivy\frontend\node_modules\@testing-library\react\dist\act-compat.js:47:25
          at renderRoot (C:\Users\alexi\Documents\projects\maicivy\frontend\node_modules\@testing-library\react\dist\pure.js:190:26)
          at render (C:\Users\alexi\Documents\projects\maicivy\frontend\node_modules\@testing-library\react\dist\pure.js:292:10)
          at Object.<anonymous> (C:\Users\alexi\Documents\projects\maicivy\frontend\components\__tests__\TimelineModal.test.tsx:294:11)
          at Promise.finally.completed (C:\Users\alexi\Documents\projects\maicivy\frontend\node_modules\jest-circus\build\jestAdapterInit.js:1557:28)
          at new Promise (<anonymous>)
          at callAsyncCircusFn (C:\Users\alexi\Documents\projects\maicivy\frontend\node_modules\jest-circus\build\jestAdapterInit.js:1497:10)
          at _callCircusTest (C:\Users\alexi\Documents\projects\maicivy\frontend\node_modules\jest-circus\build\jestAdapterInit.js:1007:40)
          at processTicksAndRejections (node:internal/process/task_queues:103:5)
          at _runTest (C:\Users\alexi\Documents\projects\maicivy\frontend\node_modules\jest-circus\build\jestAdapterInit.js:947:3)
          at C:\Users\alexi\Documents\projects\maicivy\frontend\node_modules\jest-circus\build\jestAdapterInit.js:849:7
          at _runTestsForDescribeBlock (C:\Users\alexi\Documents\projects\maicivy\frontend\node_modules\jest-circus\build\jestAdapterInit.js:862:11)
          at _runTestsForDescribeBlock (C:\Users\alexi\Documents\projects\maicivy\frontend\node_modules\jest-circus\build\jestAdapterInit.js:857:11)
          at run (C:\Users\alexi\Documents\projects\maicivy\frontend\node_modules\jest-circus\build\jestAdapterInit.js:761:3)
          at runAndTransformResultsToJestFormat (C:\Users\alexi\Documents\projects\maicivy\frontend\node_modules\jest-circus\build\jestAdapterInit.js:1918:21)
          at jestAdapter (C:\Users\alexi\Documents\projects\maicivy\frontend\node_modules\jest-circus\build\runner.js:101:19)
          at runTestInternal (C:\Users\alexi\Documents\projects\maicivy\frontend\node_modules\jest-runner\build\testWorker.js:275:16)
          at runTest (C:\Users\alexi\Documents\projects\maicivy\frontend\node_modules\jest-runner\build\testWorker.js:343:7)
          at Object.worker (C:\Users\alexi\Documents\projects\maicivy\frontend\node_modules\jest-runner\build\testWorker.js:497:12) {
        detail: Error: Element type is invalid: expected a string (for built-in components) or a class/function (for composite components) but got: undefined. You likely forgot to export your component from the file it's defined in, or you might have mixed up default and named imports.
        
        Check the render method of `TimelineModal`.
            at createFiberFromTypeAndProps (C:\Users\alexi\Documents\projects\maicivy\frontend\node_modules\react-dom\cjs\react-dom.development.js:28478:17)
            at createFiberFromElement (C:\Users\alexi\Documents\projects\maicivy\frontend\node_modules\react-dom\cjs\react-dom.development.js:28504:15)
            at createChild (C:\Users\alexi\Documents\projects\maicivy\frontend\node_modules\react-dom\cjs\react-dom.development.js:13345:28)
            at reconcileChildrenArray (C:\Users\alexi\Documents\projects\maicivy\frontend\node_modules\react-dom\cjs\react-dom.development.js:13640:25)
            at reconcileChildFibers (C:\Users\alexi\Documents\projects\maicivy\frontend\node_modules\react-dom\cjs\react-dom.development.js:14057:16)
            at reconcileChildren (C:\Users\alexi\Documents\projects\maicivy\frontend\node_modules\react-dom\cjs\react-dom.development.js:19186:28)
            at updateHostComponent (C:\Users\alexi\Documents\projects\maicivy\frontend\node_modules\react-dom\cjs\react-dom.development.js:19953:3)
            at beginWork (C:\Users\alexi\Documents\projects\maicivy\frontend\node_modules\react-dom\cjs\react-dom.development.js:21657:14)
            at HTMLUnknownElement.callCallback (C:\Users\alexi\Documents\projects\maicivy\frontend\node_modules\react-dom\cjs\react-dom.development.js:4164:14)
            at HTMLUnknownElement.callTheUserObjectsOperation (C:\Users\alexi\Documents\projects\maicivy\frontend\node_modules\jsdom\lib\jsdom\living\generated\EventListener.js:26:30)
            at innerInvokeEventListeners (C:\Users\alexi\Documents\projects\maicivy\frontend\node_modules\jsdom\lib\jsdom\living\events\EventTarget-impl.js:350:25)
            at invokeEventListeners (C:\Users\alexi\Documents\projects\maicivy\frontend\node_modules\jsdom\lib\jsdom\living\events\EventTarget-impl.js:286:3)
            at HTMLUnknownElementImpl._dispatch (C:\Users\alexi\Documents\projects\maicivy\frontend\node_modules\jsdom\lib\jsdom\living\events\EventTarget-impl.js:233:9)
            at HTMLUnknownElementImpl.dispatchEvent (C:\Users\alexi\Documents\projects\maicivy\frontend\node_modules\jsdom\lib\jsdom\living\events\EventTarget-impl.js:104:17)
            at HTMLUnknownElement.dispatchEvent (C:\Users\alexi\Documents\projects\maicivy\frontend\node_modules\jsdom\lib\jsdom\living\generated\EventTarget.js:241:34)
            at Object.invokeGuardedCallbackDev (C:\Users\alexi\Documents\projects\maicivy\frontend\node_modules\react-dom\cjs\react-dom.development.js:4213:16)
            at invokeGuardedCallback (C:\Users\alexi\Documents\projects\maicivy\frontend\node_modules\react-dom\cjs\react-dom.development.js:4277:31)
            at beginWork$1 (C:\Users\alexi\Documents\projects\maicivy\frontend\node_modules\react-dom\cjs\react-dom.development.js:27490:7)
            at performUnitOfWork (C:\Users\alexi\Documents\projects\maicivy\frontend\node_modules\react-dom\cjs\react-dom.development.js:26599:12)
            at workLoopSync (C:\Users\alexi\Documents\projects\maicivy\frontend\node_modules\react-dom\cjs\react-dom.development.js:26505:5)
            at renderRootSync (C:\Users\alexi\Documents\projects\maicivy\frontend\node_modules\react-dom\cjs\react-dom.development.js:26473:7)
            at performConcurrentWorkOnRoot (C:\Users\alexi\Documents\projects\maicivy\frontend\node_modules\react-dom\cjs\react-dom.development.js:25777:74)
            at flushActQueue (C:\Users\alexi\Documents\projects\maicivy\frontend\node_modules\react\cjs\react.development.js:2667:24)
            at act (C:\Users\alexi\Documents\projects\maicivy\frontend\node_modules\react\cjs\react.development.js:2582:11)
            at C:\Users\alexi\Documents\projects\maicivy\frontend\node_modules\@testing-library\react\dist\act-compat.js:47:25
            at renderRoot (C:\Users\alexi\Documents\projects\maicivy\frontend\node_modules\@testing-library\react\dist\pure.js:190:26)
            at render (C:\Users\alexi\Documents\projects\maicivy\frontend\node_modules\@testing-library\react\dist\pure.js:292:10)
            at Object.<anonymous> (C:\Users\alexi\Documents\projects\maicivy\frontend\components\__tests__\TimelineModal.test.tsx:294:11)
            at Promise.finally.completed (C:\Users\alexi\Documents\projects\maicivy\frontend\node_modules\jest-circus\build\jestAdapterInit.js:1557:28)
            at new Promise (<anonymous>)
            at callAsyncCircusFn (C:\Users\alexi\Documents\projects\maicivy\frontend\node_modules\jest-circus\build\jestAdapterInit.js:1497:10)
            at _callCircusTest (C:\Users\alexi\Documents\projects\maicivy\frontend\node_modules\jest-circus\build\jestAdapterInit.js:1007:40)
            at processTicksAndRejections (node:internal/process/task_queues:103:5)
            at _runTest (C:\Users\alexi\Documents\projects\maicivy\frontend\node_modules\jest-circus\build\jestAdapterInit.js:947:3)
            at C:\Users\alexi\Documents\projects\maicivy\frontend\node_modules\jest-circus\build\jestAdapterInit.js:849:7
            at _runTestsForDescribeBlock (C:\Users\alexi\Documents\projects\maicivy\frontend\node_modules\jest-circus\build\jestAdapterInit.js:862:11)
            at _runTestsForDescribeBlock (C:\Users\alexi\Documents\projects\maicivy\frontend\node_modules\jest-circus\build\jestAdapterInit.js:857:11)
            at run (C:\Users\alexi\Documents\projects\maicivy\frontend\node_modules\jest-circus\build\jestAdapterInit.js:761:3)
            at runAndTransformResultsToJestFormat (C:\Users\alexi\Documents\projects\maicivy\frontend\node_modules\jest-circus\build\jestAdapterInit.js:1918:21)
            at jestAdapter (C:\Users\alexi\Documents\projects\maicivy\frontend\node_modules\jest-circus\build\runner.js:101:19)
            at runTestInternal (C:\Users\alexi\Documents\projects\maicivy\frontend\node_modules\jest-runner\build\testWorker.js:275:16)
            at runTest (C:\Users\alexi\Documents\projects\maicivy\frontend\node_modules\jest-runner\build\testWorker.js:343:7)
            at Object.worker (C:\Users\alexi\Documents\projects\maicivy\frontend\node_modules\jest-runner\build\testWorker.js:497:12),
        type: 'unhandled exception'
      }

    [0m [90m 292 |[39m     [36mconst[39m eventWithoutDuration [33m=[39m { [33m...[39mmockEvent[33m,[39m duration[33m:[39m undefined }[33m;[39m
     [90m 293 |[39m
    [31m[1m>[22m[39m[90m 294 |[39m     render([33m<[39m[33mTimelineModal[39m event[33m=[39m{eventWithoutDuration} onClose[33m=[39m{jest[33m.[39mfn()} [33m/[39m[33m>[39m)[33m;[39m
     [90m     |[39m           [31m[1m^[22m[39m
     [90m 295 |[39m
     [90m 296 |[39m     expect(screen[33m.[39mqueryByTestId([32m'mappin-icon'[39m))[33m.[39mnot[33m.[39mtoBeInTheDocument()[33m;[39m
     [90m 297 |[39m   })[33m;[39m[0m

      at VirtualConsole.<anonymous> (node_modules/@jest/environment-jsdom-abstract/build/index.js:87:23)
      at reportException (node_modules/jsdom/lib/jsdom/living/helpers/runtime-script-errors.js:70:28)
      at innerInvokeEventListeners (node_modules/jsdom/lib/jsdom/living/events/EventTarget-impl.js:353:9)
      at invokeEventListeners (node_modules/jsdom/lib/jsdom/living/events/EventTarget-impl.js:286:3)
      at HTMLUnknownElementImpl._dispatch (node_modules/jsdom/lib/jsdom/living/events/EventTarget-impl.js:233:9)
      at HTMLUnknownElementImpl.dispatchEvent (node_modules/jsdom/lib/jsdom/living/events/EventTarget-impl.js:104:17)
      at HTMLUnknownElement.dispatchEvent (node_modules/jsdom/lib/jsdom/living/generated/EventTarget.js:241:34)
      at Object.invokeGuardedCallbackDev (node_modules/react-dom/cjs/react-dom.development.js:4213:16)
      at invokeGuardedCallback (node_modules/react-dom/cjs/react-dom.development.js:4277:31)
      at beginWork$1 (node_modules/react-dom/cjs/react-dom.development.js:27490:7)
      at performUnitOfWork (node_modules/react-dom/cjs/react-dom.development.js:26599:12)
      at workLoopSync (node_modules/react-dom/cjs/react-dom.development.js:26505:5)
      at renderRootSync (node_modules/react-dom/cjs/react-dom.development.js:26473:7)
      at performConcurrentWorkOnRoot (node_modules/react-dom/cjs/react-dom.development.js:25777:74)
      at flushActQueue (node_modules/react/cjs/react.development.js:2667:24)
      at act (node_modules/react/cjs/react.development.js:2582:11)
      at node_modules/@testing-library/react/dist/act-compat.js:47:25
      at renderRoot (node_modules/@testing-library/react/dist/pure.js:190:26)
      at render (node_modules/@testing-library/react/dist/pure.js:292:10)
      at Object.<anonymous> (components/__tests__/TimelineModal.test.tsx:294:11)

    console.error
      Warning: React.jsx: type is invalid -- expected a string (for built-in components) or a class/function (for composite components) but got: undefined. You likely forgot to export your component from the file it's defined in, or you might have mixed up default and named imports.
      
      Check the render method of `TimelineModal`.
          at event (C:\Users\alexi\Documents\projects\maicivy\frontend\components\timeline\TimelineModal.tsx:13:56)

    [0m [90m 151 |[39m                 [33m<[39m[33mdiv[39m className[33m=[39m[32m"flex flex-wrap gap-2"[39m[33m>[39m
     [90m 152 |[39m                   {event[33m.[39mtags[33m.[39mmap((tag) [33m=>[39m (
    [31m[1m>[22m[39m[90m 153 |[39m                     [33m<[39m[33mmotion[39m[33m.[39mspan
     [90m     |[39m                     [31m[1m^[22m[39m
     [90m 154 |[39m                       key[33m=[39m{tag}
     [90m 155 |[39m                       whileHover[33m=[39m{{ scale[33m:[39m [35m1.05[39m }}
     [90m 156 |[39m                       className[33m=[39m[32m"px-4 py-2 bg-blue-500 text-white text-sm font-medium rounded-full shadow-sm"[39m[0m

      at printWarning (node_modules/react/cjs/react-jsx-runtime.development.js:87:30)
      at error (node_modules/react/cjs/react-jsx-runtime.development.js:61:7)
      at jsxWithValidation (node_modules/react/cjs/react-jsx-runtime.development.js:1245:7)
      at jsxWithValidationDynamic (node_modules/react/cjs/react-jsx-runtime.development.js:1320:12)
      at components/timeline/TimelineModal.tsx:153:21
          at Array.map (<anonymous>)
      at map (components/timeline/TimelineModal.tsx:152:31)
      at renderWithHooks (node_modules/react-dom/cjs/react-dom.development.js:15486:18)
      at mountIndeterminateComponent (node_modules/react-dom/cjs/react-dom.development.js:20103:13)
      at beginWork (node_modules/react-dom/cjs/react-dom.development.js:21626:16)
      at beginWork$1 (node_modules/react-dom/cjs/react-dom.development.js:27465:14)
      at performUnitOfWork (node_modules/react-dom/cjs/react-dom.development.js:26599:12)
      at workLoopSync (node_modules/react-dom/cjs/react-dom.development.js:26505:5)
      at renderRootSync (node_modules/react-dom/cjs/react-dom.development.js:26473:7)
      at recoverFromConcurrentError (node_modules/react-dom/cjs/react-dom.development.js:25889:20)
      at performConcurrentWorkOnRoot (node_modules/react-dom/cjs/react-dom.development.js:25789:22)
      at flushActQueue (node_modules/react/cjs/react.development.js:2667:24)
      at act (node_modules/react/cjs/react.development.js:2582:11)
      at node_modules/@testing-library/react/dist/act-compat.js:47:25
      at renderRoot (node_modules/@testing-library/react/dist/pure.js:190:26)
      at render (node_modules/@testing-library/react/dist/pure.js:292:10)
      at Object.<anonymous> (components/__tests__/TimelineModal.test.tsx:294:11)

    console.error
      Warning: React.jsx: type is invalid -- expected a string (for built-in components) or a class/function (for composite components) but got: undefined. You likely forgot to export your component from the file it's defined in, or you might have mixed up default and named imports.
      
      Check the render method of `TimelineModal`.
          at event (C:\Users\alexi\Documents\projects\maicivy\frontend\components\timeline\TimelineModal.tsx:13:56)

    [0m [90m 151 |[39m                 [33m<[39m[33mdiv[39m className[33m=[39m[32m"flex flex-wrap gap-2"[39m[33m>[39m
     [90m 152 |[39m                   {event[33m.[39mtags[33m.[39mmap((tag) [33m=>[39m (
    [31m[1m>[22m[39m[90m 153 |[39m                     [33m<[39m[33mmotion[39m[33m.[39mspan
     [90m     |[39m                     [31m[1m^[22m[39m
     [90m 154 |[39m                       key[33m=[39m{tag}
     [90m 155 |[39m                       whileHover[33m=[39m{{ scale[33m:[39m [35m1.05[39m }}
     [90m 156 |[39m                       className[33m=[39m[32m"px-4 py-2 bg-blue-500 text-white text-sm font-medium rounded-full shadow-sm"[39m[0m

      at printWarning (node_modules/react/cjs/react-jsx-runtime.development.js:87:30)
      at error (node_modules/react/cjs/react-jsx-runtime.development.js:61:7)
      at jsxWithValidation (node_modules/react/cjs/react-jsx-runtime.development.js:1245:7)
      at jsxWithValidationDynamic (node_modules/react/cjs/react-jsx-runtime.development.js:1320:12)
      at components/timeline/TimelineModal.tsx:153:21
          at Array.map (<anonymous>)
      at map (components/timeline/TimelineModal.tsx:152:31)
      at renderWithHooks (node_modules/react-dom/cjs/react-dom.development.js:15486:18)
      at mountIndeterminateComponent (node_modules/react-dom/cjs/react-dom.development.js:20103:13)
      at beginWork (node_modules/react-dom/cjs/react-dom.development.js:21626:16)
      at beginWork$1 (node_modules/react-dom/cjs/react-dom.development.js:27465:14)
      at performUnitOfWork (node_modules/react-dom/cjs/react-dom.development.js:26599:12)
      at workLoopSync (node_modules/react-dom/cjs/react-dom.development.js:26505:5)
      at renderRootSync (node_modules/react-dom/cjs/react-dom.development.js:26473:7)
      at recoverFromConcurrentError (node_modules/react-dom/cjs/react-dom.development.js:25889:20)
      at performConcurrentWorkOnRoot (node_modules/react-dom/cjs/react-dom.development.js:25789:22)
      at flushActQueue (node_modules/react/cjs/react.development.js:2667:24)
      at act (node_modules/react/cjs/react.development.js:2582:11)
      at node_modules/@testing-library/react/dist/act-compat.js:47:25
      at renderRoot (node_modules/@testing-library/react/dist/pure.js:190:26)
      at render (node_modules/@testing-library/react/dist/pure.js:292:10)
      at Object.<anonymous> (components/__tests__/TimelineModal.test.tsx:294:11)

    console.error
      Warning: React.jsx: type is invalid -- expected a string (for built-in components) or a class/function (for composite components) but got: undefined. You likely forgot to export your component from the file it's defined in, or you might have mixed up default and named imports.
      
      Check the render method of `TimelineModal`.
          at event (C:\Users\alexi\Documents\projects\maicivy\frontend\components\timeline\TimelineModal.tsx:13:56)

    [0m [90m 151 |[39m                 [33m<[39m[33mdiv[39m className[33m=[39m[32m"flex flex-wrap gap-2"[39m[33m>[39m
     [90m 152 |[39m                   {event[33m.[39mtags[33m.[39mmap((tag) [33m=>[39m (
    [31m[1m>[22m[39m[90m 153 |[39m                     [33m<[39m[33mmotion[39m[33m.[39mspan
     [90m     |[39m                     [31m[1m^[22m[39m
     [90m 154 |[39m                       key[33m=[39m{tag}
     [90m 155 |[39m                       whileHover[33m=[39m{{ scale[33m:[39m [35m1.05[39m }}
     [90m 156 |[39m                       className[33m=[39m[32m"px-4 py-2 bg-blue-500 text-white text-sm font-medium rounded-full shadow-sm"[39m[0m

      at printWarning (node_modules/react/cjs/react-jsx-runtime.development.js:87:30)
      at error (node_modules/react/cjs/react-jsx-runtime.development.js:61:7)
      at jsxWithValidation (node_modules/react/cjs/react-jsx-runtime.development.js:1245:7)
      at jsxWithValidationDynamic (node_modules/react/cjs/react-jsx-runtime.development.js:1320:12)
      at components/timeline/TimelineModal.tsx:153:21
          at Array.map (<anonymous>)
      at map (components/timeline/TimelineModal.tsx:152:31)
      at renderWithHooks (node_modules/react-dom/cjs/react-dom.development.js:15486:18)
      at mountIndeterminateComponent (node_modules/react-dom/cjs/react-dom.development.js:20103:13)
      at beginWork (node_modules/react-dom/cjs/react-dom.development.js:21626:16)
      at beginWork$1 (node_modules/react-dom/cjs/react-dom.development.js:27465:14)
      at performUnitOfWork (node_modules/react-dom/cjs/react-dom.development.js:26599:12)
      at workLoopSync (node_modules/react-dom/cjs/react-dom.development.js:26505:5)
      at renderRootSync (node_modules/react-dom/cjs/react-dom.development.js:26473:7)
      at recoverFromConcurrentError (node_modules/react-dom/cjs/react-dom.development.js:25889:20)
      at performConcurrentWorkOnRoot (node_modules/react-dom/cjs/react-dom.development.js:25789:22)
      at flushActQueue (node_modules/react/cjs/react.development.js:2667:24)
      at act (node_modules/react/cjs/react.development.js:2582:11)
      at node_modules/@testing-library/react/dist/act-compat.js:47:25
      at renderRoot (node_modules/@testing-library/react/dist/pure.js:190:26)
      at render (node_modules/@testing-library/react/dist/pure.js:292:10)
      at Object.<anonymous> (components/__tests__/TimelineModal.test.tsx:294:11)

    console.error
      Warning: React.jsx: type is invalid -- expected a string (for built-in components) or a class/function (for composite components) but got: undefined. You likely forgot to export your component from the file it's defined in, or you might have mixed up default and named imports.
      
      Check the render method of `TimelineModal`.
          at event (C:\Users\alexi\Documents\projects\maicivy\frontend\components\timeline\TimelineModal.tsx:13:56)

    [0m [90m 151 |[39m                 [33m<[39m[33mdiv[39m className[33m=[39m[32m"flex flex-wrap gap-2"[39m[33m>[39m
     [90m 152 |[39m                   {event[33m.[39mtags[33m.[39mmap((tag) [33m=>[39m (
    [31m[1m>[22m[39m[90m 153 |[39m                     [33m<[39m[33mmotion[39m[33m.[39mspan
     [90m     |[39m                     [31m[1m^[22m[39m
     [90m 154 |[39m                       key[33m=[39m{tag}
     [90m 155 |[39m                       whileHover[33m=[39m{{ scale[33m:[39m [35m1.05[39m }}
     [90m 156 |[39m                       className[33m=[39m[32m"px-4 py-2 bg-blue-500 text-white text-sm font-medium rounded-full shadow-sm"[39m[0m

      at printWarning (node_modules/react/cjs/react-jsx-runtime.development.js:87:30)
      at error (node_modules/react/cjs/react-jsx-runtime.development.js:61:7)
      at jsxWithValidation (node_modules/react/cjs/react-jsx-runtime.development.js:1245:7)
      at jsxWithValidationDynamic (node_modules/react/cjs/react-jsx-runtime.development.js:1320:12)
      at components/timeline/TimelineModal.tsx:153:21
          at Array.map (<anonymous>)
      at map (components/timeline/TimelineModal.tsx:152:31)
      at renderWithHooks (node_modules/react-dom/cjs/react-dom.development.js:15486:18)
      at mountIndeterminateComponent (node_modules/react-dom/cjs/react-dom.development.js:20103:13)
      at beginWork (node_modules/react-dom/cjs/react-dom.development.js:21626:16)
      at beginWork$1 (node_modules/react-dom/cjs/react-dom.development.js:27465:14)
      at performUnitOfWork (node_modules/react-dom/cjs/react-dom.development.js:26599:12)
      at workLoopSync (node_modules/react-dom/cjs/react-dom.development.js:26505:5)
      at renderRootSync (node_modules/react-dom/cjs/react-dom.development.js:26473:7)
      at recoverFromConcurrentError (node_modules/react-dom/cjs/react-dom.development.js:25889:20)
      at performConcurrentWorkOnRoot (node_modules/react-dom/cjs/react-dom.development.js:25789:22)
      at flushActQueue (node_modules/react/cjs/react.development.js:2667:24)
      at act (node_modules/react/cjs/react.development.js:2582:11)
      at node_modules/@testing-library/react/dist/act-compat.js:47:25
      at renderRoot (node_modules/@testing-library/react/dist/pure.js:190:26)
      at render (node_modules/@testing-library/react/dist/pure.js:292:10)
      at Object.<anonymous> (components/__tests__/TimelineModal.test.tsx:294:11)

    console.error
      Warning: React.jsx: type is invalid -- expected a string (for built-in components) or a class/function (for composite components) but got: undefined. You likely forgot to export your component from the file it's defined in, or you might have mixed up default and named imports.
      
      Check the render method of `TimelineModal`.
          at event (C:\Users\alexi\Documents\projects\maicivy\frontend\components\timeline\TimelineModal.tsx:13:56)

    [0m [90m 151 |[39m                 [33m<[39m[33mdiv[39m className[33m=[39m[32m"flex flex-wrap gap-2"[39m[33m>[39m
     [90m 152 |[39m                   {event[33m.[39mtags[33m.[39mmap((tag) [33m=>[39m (
    [31m[1m>[22m[39m[90m 153 |[39m                     [33m<[39m[33mmotion[39m[33m.[39mspan
     [90m     |[39m                     [31m[1m^[22m[39m
     [90m 154 |[39m                       key[33m=[39m{tag}
     [90m 155 |[39m                       whileHover[33m=[39m{{ scale[33m:[39m [35m1.05[39m }}
     [90m 156 |[39m                       className[33m=[39m[32m"px-4 py-2 bg-blue-500 text-white text-sm font-medium rounded-full shadow-sm"[39m[0m

      at printWarning (node_modules/react/cjs/react-jsx-runtime.development.js:87:30)
      at error (node_modules/react/cjs/react-jsx-runtime.development.js:61:7)
      at jsxWithValidation (node_modules/react/cjs/react-jsx-runtime.development.js:1245:7)
      at jsxWithValidationDynamic (node_modules/react/cjs/react-jsx-runtime.development.js:1320:12)
      at components/timeline/TimelineModal.tsx:153:21
          at Array.map (<anonymous>)
      at map (components/timeline/TimelineModal.tsx:152:31)
      at renderWithHooks (node_modules/react-dom/cjs/react-dom.development.js:15486:18)
      at mountIndeterminateComponent (node_modules/react-dom/cjs/react-dom.development.js:20103:13)
      at beginWork (node_modules/react-dom/cjs/react-dom.development.js:21626:16)
      at beginWork$1 (node_modules/react-dom/cjs/react-dom.development.js:27465:14)
      at performUnitOfWork (node_modules/react-dom/cjs/react-dom.development.js:26599:12)
      at workLoopSync (node_modules/react-dom/cjs/react-dom.development.js:26505:5)
      at renderRootSync (node_modules/react-dom/cjs/react-dom.development.js:26473:7)
      at recoverFromConcurrentError (node_modules/react-dom/cjs/react-dom.development.js:25889:20)
      at performConcurrentWorkOnRoot (node_modules/react-dom/cjs/react-dom.development.js:25789:22)
      at flushActQueue (node_modules/react/cjs/react.development.js:2667:24)
      at act (node_modules/react/cjs/react.development.js:2582:11)
      at node_modules/@testing-library/react/dist/act-compat.js:47:25
      at renderRoot (node_modules/@testing-library/react/dist/pure.js:190:26)
      at render (node_modules/@testing-library/react/dist/pure.js:292:10)
      at Object.<anonymous> (components/__tests__/TimelineModal.test.tsx:294:11)

    console.error
      Error: Uncaught [Error: Element type is invalid: expected a string (for built-in components) or a class/function (for composite components) but got: undefined. You likely forgot to export your component from the file it's defined in, or you might have mixed up default and named imports.
      
      Check the render method of `TimelineModal`.]
          at reportException (C:\Users\alexi\Documents\projects\maicivy\frontend\node_modules\jsdom\lib\jsdom\living\helpers\runtime-script-errors.js:66:24)
          at innerInvokeEventListeners (C:\Users\alexi\Documents\projects\maicivy\frontend\node_modules\jsdom\lib\jsdom\living\events\EventTarget-impl.js:353:9)
          at invokeEventListeners (C:\Users\alexi\Documents\projects\maicivy\frontend\node_modules\jsdom\lib\jsdom\living\events\EventTarget-impl.js:286:3)
          at HTMLUnknownElementImpl._dispatch (C:\Users\alexi\Documents\projects\maicivy\frontend\node_modules\jsdom\lib\jsdom\living\events\EventTarget-impl.js:233:9)
          at HTMLUnknownElementImpl.dispatchEvent (C:\Users\alexi\Documents\projects\maicivy\frontend\node_modules\jsdom\lib\jsdom\living\events\EventTarget-impl.js:104:17)
          at HTMLUnknownElement.dispatchEvent (C:\Users\alexi\Documents\projects\maicivy\frontend\node_modules\jsdom\lib\jsdom\living\generated\EventTarget.js:241:34)
          at Object.invokeGuardedCallbackDev (C:\Users\alexi\Documents\projects\maicivy\frontend\node_modules\react-dom\cjs\react-dom.development.js:4213:16)
          at invokeGuardedCallback (C:\Users\alexi\Documents\projects\maicivy\frontend\node_modules\react-dom\cjs\react-dom.development.js:4277:31)
          at beginWork$1 (C:\Users\alexi\Documents\projects\maicivy\frontend\node_modules\react-dom\cjs\react-dom.development.js:27490:7)
          at performUnitOfWork (C:\Users\alexi\Documents\projects\maicivy\frontend\node_modules\react-dom\cjs\react-dom.development.js:26599:12)
          at workLoopSync (C:\Users\alexi\Documents\projects\maicivy\frontend\node_modules\react-dom\cjs\react-dom.development.js:26505:5)
          at renderRootSync (C:\Users\alexi\Documents\projects\maicivy\frontend\node_modules\react-dom\cjs\react-dom.development.js:26473:7)
          at recoverFromConcurrentError (C:\Users\alexi\Documents\projects\maicivy\frontend\node_modules\react-dom\cjs\react-dom.development.js:25889:20)
          at performConcurrentWorkOnRoot (C:\Users\alexi\Documents\projects\maicivy\frontend\node_modules\react-dom\cjs\react-dom.development.js:25789:22)
          at flushActQueue (C:\Users\alexi\Documents\projects\maicivy\frontend\node_modules\react\cjs\react.development.js:2667:24)
          at act (C:\Users\alexi\Documents\projects\maicivy\frontend\node_modules\react\cjs\react.development.js:2582:11)
          at C:\Users\alexi\Documents\projects\maicivy\frontend\node_modules\@testing-library\react\dist\act-compat.js:47:25
          at renderRoot (C:\Users\alexi\Documents\projects\maicivy\frontend\node_modules\@testing-library\react\dist\pure.js:190:26)
          at render (C:\Users\alexi\Documents\projects\maicivy\frontend\node_modules\@testing-library\react\dist\pure.js:292:10)
          at Object.<anonymous> (C:\Users\alexi\Documents\projects\maicivy\frontend\components\__tests__\TimelineModal.test.tsx:294:11)
          at Promise.finally.completed (C:\Users\alexi\Documents\projects\maicivy\frontend\node_modules\jest-circus\build\jestAdapterInit.js:1557:28)
          at new Promise (<anonymous>)
          at callAsyncCircusFn (C:\Users\alexi\Documents\projects\maicivy\frontend\node_modules\jest-circus\build\jestAdapterInit.js:1497:10)
          at _callCircusTest (C:\Users\alexi\Documents\projects\maicivy\frontend\node_modules\jest-circus\build\jestAdapterInit.js:1007:40)
          at processTicksAndRejections (node:internal/process/task_queues:103:5)
          at _runTest (C:\Users\alexi\Documents\projects\maicivy\frontend\node_modules\jest-circus\build\jestAdapterInit.js:947:3)
          at C:\Users\alexi\Documents\projects\maicivy\frontend\node_modules\jest-circus\build\jestAdapterInit.js:849:7
          at _runTestsForDescribeBlock (C:\Users\alexi\Documents\projects\maicivy\frontend\node_modules\jest-circus\build\jestAdapterInit.js:862:11)
          at _runTestsForDescribeBlock (C:\Users\alexi\Documents\projects\maicivy\frontend\node_modules\jest-circus\build\jestAdapterInit.js:857:11)
          at run (C:\Users\alexi\Documents\projects\maicivy\frontend\node_modules\jest-circus\build\jestAdapterInit.js:761:3)
          at runAndTransformResultsToJestFormat (C:\Users\alexi\Documents\projects\maicivy\frontend\node_modules\jest-circus\build\jestAdapterInit.js:1918:21)
          at jestAdapter (C:\Users\alexi\Documents\projects\maicivy\frontend\node_modules\jest-circus\build\runner.js:101:19)
          at runTestInternal (C:\Users\alexi\Documents\projects\maicivy\frontend\node_modules\jest-runner\build\testWorker.js:275:16)
          at runTest (C:\Users\alexi\Documents\projects\maicivy\frontend\node_modules\jest-runner\build\testWorker.js:343:7)
          at Object.worker (C:\Users\alexi\Documents\projects\maicivy\frontend\node_modules\jest-runner\build\testWorker.js:497:12) {
        detail: Error: Element type is invalid: expected a string (for built-in components) or a class/function (for composite components) but got: undefined. You likely forgot to export your component from the file it's defined in, or you might have mixed up default and named imports.
        
        Check the render method of `TimelineModal`.
            at createFiberFromTypeAndProps (C:\Users\alexi\Documents\projects\maicivy\frontend\node_modules\react-dom\cjs\react-dom.development.js:28478:17)
            at createFiberFromElement (C:\Users\alexi\Documents\projects\maicivy\frontend\node_modules\react-dom\cjs\react-dom.development.js:28504:15)
            at createChild (C:\Users\alexi\Documents\projects\maicivy\frontend\node_modules\react-dom\cjs\react-dom.development.js:13345:28)
            at reconcileChildrenArray (C:\Users\alexi\Documents\projects\maicivy\frontend\node_modules\react-dom\cjs\react-dom.development.js:13640:25)
            at reconcileChildFibers (C:\Users\alexi\Documents\projects\maicivy\frontend\node_modules\react-dom\cjs\react-dom.development.js:14057:16)
            at reconcileChildren (C:\Users\alexi\Documents\projects\maicivy\frontend\node_modules\react-dom\cjs\react-dom.development.js:19186:28)
            at updateHostComponent (C:\Users\alexi\Documents\projects\maicivy\frontend\node_modules\react-dom\cjs\react-dom.development.js:19953:3)
            at beginWork (C:\Users\alexi\Documents\projects\maicivy\frontend\node_modules\react-dom\cjs\react-dom.development.js:21657:14)
            at HTMLUnknownElement.callCallback (C:\Users\alexi\Documents\projects\maicivy\frontend\node_modules\react-dom\cjs\react-dom.development.js:4164:14)
            at HTMLUnknownElement.callTheUserObjectsOperation (C:\Users\alexi\Documents\projects\maicivy\frontend\node_modules\jsdom\lib\jsdom\living\generated\EventListener.js:26:30)
            at innerInvokeEventListeners (C:\Users\alexi\Documents\projects\maicivy\frontend\node_modules\jsdom\lib\jsdom\living\events\EventTarget-impl.js:350:25)
            at invokeEventListeners (C:\Users\alexi\Documents\projects\maicivy\frontend\node_modules\jsdom\lib\jsdom\living\events\EventTarget-impl.js:286:3)
            at HTMLUnknownElementImpl._dispatch (C:\Users\alexi\Documents\projects\maicivy\frontend\node_modules\jsdom\lib\jsdom\living\events\EventTarget-impl.js:233:9)
            at HTMLUnknownElementImpl.dispatchEvent (C:\Users\alexi\Documents\projects\maicivy\frontend\node_modules\jsdom\lib\jsdom\living\events\EventTarget-impl.js:104:17)
            at HTMLUnknownElement.dispatchEvent (C:\Users\alexi\Documents\projects\maicivy\frontend\node_modules\jsdom\lib\jsdom\living\generated\EventTarget.js:241:34)
            at Object.invokeGuardedCallbackDev (C:\Users\alexi\Documents\projects\maicivy\frontend\node_modules\react-dom\cjs\react-dom.development.js:4213:16)
            at invokeGuardedCallback (C:\Users\alexi\Documents\projects\maicivy\frontend\node_modules\react-dom\cjs\react-dom.development.js:4277:31)
            at beginWork$1 (C:\Users\alexi\Documents\projects\maicivy\frontend\node_modules\react-dom\cjs\react-dom.development.js:27490:7)
            at performUnitOfWork (C:\Users\alexi\Documents\projects\maicivy\frontend\node_modules\react-dom\cjs\react-dom.development.js:26599:12)
            at workLoopSync (C:\Users\alexi\Documents\projects\maicivy\frontend\node_modules\react-dom\cjs\react-dom.development.js:26505:5)
            at renderRootSync (C:\Users\alexi\Documents\projects\maicivy\frontend\node_modules\react-dom\cjs\react-dom.development.js:26473:7)
            at recoverFromConcurrentError (C:\Users\alexi\Documents\projects\maicivy\frontend\node_modules\react-dom\cjs\react-dom.development.js:25889:20)
            at performConcurrentWorkOnRoot (C:\Users\alexi\Documents\projects\maicivy\frontend\node_modules\react-dom\cjs\react-dom.development.js:25789:22)
            at flushActQueue (C:\Users\alexi\Documents\projects\maicivy\frontend\node_modules\react\cjs\react.development.js:2667:24)
            at act (C:\Users\alexi\Documents\projects\maicivy\frontend\node_modules\react\cjs\react.development.js:2582:11)
            at C:\Users\alexi\Documents\projects\maicivy\frontend\node_modules\@testing-library\react\dist\act-compat.js:47:25
            at renderRoot (C:\Users\alexi\Documents\projects\maicivy\frontend\node_modules\@testing-library\react\dist\pure.js:190:26)
            at render (C:\Users\alexi\Documents\projects\maicivy\frontend\node_modules\@testing-library\react\dist\pure.js:292:10)
            at Object.<anonymous> (C:\Users\alexi\Documents\projects\maicivy\frontend\components\__tests__\TimelineModal.test.tsx:294:11)
            at Promise.finally.completed (C:\Users\alexi\Documents\projects\maicivy\frontend\node_modules\jest-circus\build\jestAdapterInit.js:1557:28)
            at new Promise (<anonymous>)
            at callAsyncCircusFn (C:\Users\alexi\Documents\projects\maicivy\frontend\node_modules\jest-circus\build\jestAdapterInit.js:1497:10)
            at _callCircusTest (C:\Users\alexi\Documents\projects\maicivy\frontend\node_modules\jest-circus\build\jestAdapterInit.js:1007:40)
            at processTicksAndRejections (node:internal/process/task_queues:103:5)
            at _runTest (C:\Users\alexi\Documents\projects\maicivy\frontend\node_modules\jest-circus\build\jestAdapterInit.js:947:3)
            at C:\Users\alexi\Documents\projects\maicivy\frontend\node_modules\jest-circus\build\jestAdapterInit.js:849:7
            at _runTestsForDescribeBlock (C:\Users\alexi\Documents\projects\maicivy\frontend\node_modules\jest-circus\build\jestAdapterInit.js:862:11)
            at _runTestsForDescribeBlock (C:\Users\alexi\Documents\projects\maicivy\frontend\node_modules\jest-circus\build\jestAdapterInit.js:857:11)
            at run (C:\Users\alexi\Documents\projects\maicivy\frontend\node_modules\jest-circus\build\jestAdapterInit.js:761:3)
            at runAndTransformResultsToJestFormat (C:\Users\alexi\Documents\projects\maicivy\frontend\node_modules\jest-circus\build\jestAdapterInit.js:1918:21)
            at jestAdapter (C:\Users\alexi\Documents\projects\maicivy\frontend\node_modules\jest-circus\build\runner.js:101:19)
            at runTestInternal (C:\Users\alexi\Documents\projects\maicivy\frontend\node_modules\jest-runner\build\testWorker.js:275:16)
            at runTest (C:\Users\alexi\Documents\projects\maicivy\frontend\node_modules\jest-runner\build\testWorker.js:343:7)
            at Object.worker (C:\Users\alexi\Documents\projects\maicivy\frontend\node_modules\jest-runner\build\testWorker.js:497:12),
        type: 'unhandled exception'
      }

    [0m [90m 292 |[39m     [36mconst[39m eventWithoutDuration [33m=[39m { [33m...[39mmockEvent[33m,[39m duration[33m:[39m undefined }[33m;[39m
     [90m 293 |[39m
    [31m[1m>[22m[39m[90m 294 |[39m     render([33m<[39m[33mTimelineModal[39m event[33m=[39m{eventWithoutDuration} onClose[33m=[39m{jest[33m.[39mfn()} [33m/[39m[33m>[39m)[33m;[39m
     [90m     |[39m           [31m[1m^[22m[39m
     [90m 295 |[39m
     [90m 296 |[39m     expect(screen[33m.[39mqueryByTestId([32m'mappin-icon'[39m))[33m.[39mnot[33m.[39mtoBeInTheDocument()[33m;[39m
     [90m 297 |[39m   })[33m;[39m[0m

      at VirtualConsole.<anonymous> (node_modules/@jest/environment-jsdom-abstract/build/index.js:87:23)
      at reportException (node_modules/jsdom/lib/jsdom/living/helpers/runtime-script-errors.js:70:28)
      at innerInvokeEventListeners (node_modules/jsdom/lib/jsdom/living/events/EventTarget-impl.js:353:9)
      at invokeEventListeners (node_modules/jsdom/lib/jsdom/living/events/EventTarget-impl.js:286:3)
      at HTMLUnknownElementImpl._dispatch (node_modules/jsdom/lib/jsdom/living/events/EventTarget-impl.js:233:9)
      at HTMLUnknownElementImpl.dispatchEvent (node_modules/jsdom/lib/jsdom/living/events/EventTarget-impl.js:104:17)
      at HTMLUnknownElement.dispatchEvent (node_modules/jsdom/lib/jsdom/living/generated/EventTarget.js:241:34)
      at Object.invokeGuardedCallbackDev (node_modules/react-dom/cjs/react-dom.development.js:4213:16)
      at invokeGuardedCallback (node_modules/react-dom/cjs/react-dom.development.js:4277:31)
      at beginWork$1 (node_modules/react-dom/cjs/react-dom.development.js:27490:7)
      at performUnitOfWork (node_modules/react-dom/cjs/react-dom.development.js:26599:12)
      at workLoopSync (node_modules/react-dom/cjs/react-dom.development.js:26505:5)
      at renderRootSync (node_modules/react-dom/cjs/react-dom.development.js:26473:7)
      at recoverFromConcurrentError (node_modules/react-dom/cjs/react-dom.development.js:25889:20)
      at performConcurrentWorkOnRoot (node_modules/react-dom/cjs/react-dom.development.js:25789:22)
      at flushActQueue (node_modules/react/cjs/react.development.js:2667:24)
      at act (node_modules/react/cjs/react.development.js:2582:11)
      at node_modules/@testing-library/react/dist/act-compat.js:47:25
      at renderRoot (node_modules/@testing-library/react/dist/pure.js:190:26)
      at render (node_modules/@testing-library/react/dist/pure.js:292:10)
      at Object.<anonymous> (components/__tests__/TimelineModal.test.tsx:294:11)

    console.error
      The above error occurred in the <div> component:
      
          at div
          at div
          at div
          at div
          at children (C:\Users\alexi\Documents\projects\maicivy\frontend\components\__tests__\TimelineModal.test.tsx:8:13)
          at div
          at children (C:\Users\alexi\Documents\projects\maicivy\frontend\components\__tests__\TimelineModal.test.tsx:8:13)
          at children (C:\Users\alexi\Documents\projects\maicivy\frontend\components\__tests__\TimelineModal.test.tsx:12:23)
          at event (C:\Users\alexi\Documents\projects\maicivy\frontend\components\timeline\TimelineModal.tsx:13:56)
      
      Consider adding an error boundary to your tree to customize error handling behavior.
      Visit https://reactjs.org/link/error-boundaries to learn more about error boundaries.

    [0m [90m 292 |[39m     [36mconst[39m eventWithoutDuration [33m=[39m { [33m...[39mmockEvent[33m,[39m duration[33m:[39m undefined }[33m;[39m
     [90m 293 |[39m
    [31m[1m>[22m[39m[90m 294 |[39m     render([33m<[39m[33mTimelineModal[39m event[33m=[39m{eventWithoutDuration} onClose[33m=[39m{jest[33m.[39mfn()} [33m/[39m[33m>[39m)[33m;[39m
     [90m     |[39m           [31m[1m^[22m[39m
     [90m 295 |[39m
     [90m 296 |[39m     expect(screen[33m.[39mqueryByTestId([32m'mappin-icon'[39m))[33m.[39mnot[33m.[39mtoBeInTheDocument()[33m;[39m
     [90m 297 |[39m   })[33m;[39m[0m

      at logCapturedError (node_modules/react-dom/cjs/react-dom.development.js:18704:23)
      at update.callback (node_modules/react-dom/cjs/react-dom.development.js:18737:5)
      at callCallback (node_modules/react-dom/cjs/react-dom.development.js:15036:12)
      at commitUpdateQueue (node_modules/react-dom/cjs/react-dom.development.js:15057:9)
      at commitLayoutEffectOnFiber (node_modules/react-dom/cjs/react-dom.development.js:23430:13)
      at commitLayoutMountEffects_complete (node_modules/react-dom/cjs/react-dom.development.js:24727:9)
      at commitLayoutEffects_begin (node_modules/react-dom/cjs/react-dom.development.js:24713:7)
      at commitLayoutEffects (node_modules/react-dom/cjs/react-dom.development.js:24651:3)
      at commitRootImpl (node_modules/react-dom/cjs/react-dom.development.js:26862:5)
      at commitRoot (node_modules/react-dom/cjs/react-dom.development.js:26721:5)
      at finishConcurrentRender (node_modules/react-dom/cjs/react-dom.development.js:25931:9)
      at performConcurrentWorkOnRoot (node_modules/react-dom/cjs/react-dom.development.js:25848:7)
      at flushActQueue (node_modules/react/cjs/react.development.js:2667:24)
      at act (node_modules/react/cjs/react.development.js:2582:11)
      at node_modules/@testing-library/react/dist/act-compat.js:47:25
      at renderRoot (node_modules/@testing-library/react/dist/pure.js:190:26)
      at render (node_modules/@testing-library/react/dist/pure.js:292:10)
      at Object.<anonymous> (components/__tests__/TimelineModal.test.tsx:294:11)

    console.error
      Warning: React.jsx: type is invalid -- expected a string (for built-in components) or a class/function (for composite components) but got: undefined. You likely forgot to export your component from the file it's defined in, or you might have mixed up default and named imports.
      
      Check the render method of `TimelineModal`.
          at event (C:\Users\alexi\Documents\projects\maicivy\frontend\components\timeline\TimelineModal.tsx:13:56)

    [0m [90m 151 |[39m                 [33m<[39m[33mdiv[39m className[33m=[39m[32m"flex flex-wrap gap-2"[39m[33m>[39m
     [90m 152 |[39m                   {event[33m.[39mtags[33m.[39mmap((tag) [33m=>[39m (
    [31m[1m>[22m[39m[90m 153 |[39m                     [33m<[39m[33mmotion[39m[33m.[39mspan
     [90m     |[39m                     [31m[1m^[22m[39m
     [90m 154 |[39m                       key[33m=[39m{tag}
     [90m 155 |[39m                       whileHover[33m=[39m{{ scale[33m:[39m [35m1.05[39m }}
     [90m 156 |[39m                       className[33m=[39m[32m"px-4 py-2 bg-blue-500 text-white text-sm font-medium rounded-full shadow-sm"[39m[0m

      at printWarning (node_modules/react/cjs/react-jsx-runtime.development.js:87:30)
      at error (node_modules/react/cjs/react-jsx-runtime.development.js:61:7)
      at jsxWithValidation (node_modules/react/cjs/react-jsx-runtime.development.js:1245:7)
      at jsxWithValidationDynamic (node_modules/react/cjs/react-jsx-runtime.development.js:1320:12)
      at components/timeline/TimelineModal.tsx:153:21
          at Array.map (<anonymous>)
      at map (components/timeline/TimelineModal.tsx:152:31)
      at renderWithHooks (node_modules/react-dom/cjs/react-dom.development.js:15486:18)
      at mountIndeterminateComponent (node_modules/react-dom/cjs/react-dom.development.js:20103:13)
      at beginWork (node_modules/react-dom/cjs/react-dom.development.js:21626:16)
      at beginWork$1 (node_modules/react-dom/cjs/react-dom.development.js:27465:14)
      at performUnitOfWork (node_modules/react-dom/cjs/react-dom.development.js:26599:12)
      at workLoopSync (node_modules/react-dom/cjs/react-dom.development.js:26505:5)
      at renderRootSync (node_modules/react-dom/cjs/react-dom.development.js:26473:7)
      at performConcurrentWorkOnRoot (node_modules/react-dom/cjs/react-dom.development.js:25777:74)
      at flushActQueue (node_modules/react/cjs/react.development.js:2667:24)
      at act (node_modules/react/cjs/react.development.js:2582:11)
      at node_modules/@testing-library/react/dist/act-compat.js:47:25
      at renderRoot (node_modules/@testing-library/react/dist/pure.js:190:26)
      at render (node_modules/@testing-library/react/dist/pure.js:292:10)
      at Object.<anonymous> (components/__tests__/TimelineModal.test.tsx:300:33)

    console.error
      Warning: React.jsx: type is invalid -- expected a string (for built-in components) or a class/function (for composite components) but got: undefined. You likely forgot to export your component from the file it's defined in, or you might have mixed up default and named imports.
      
      Check the render method of `TimelineModal`.
          at event (C:\Users\alexi\Documents\projects\maicivy\frontend\components\timeline\TimelineModal.tsx:13:56)

    [0m [90m 151 |[39m                 [33m<[39m[33mdiv[39m className[33m=[39m[32m"flex flex-wrap gap-2"[39m[33m>[39m
     [90m 152 |[39m                   {event[33m.[39mtags[33m.[39mmap((tag) [33m=>[39m (
    [31m[1m>[22m[39m[90m 153 |[39m                     [33m<[39m[33mmotion[39m[33m.[39mspan
     [90m     |[39m                     [31m[1m^[22m[39m
     [90m 154 |[39m                       key[33m=[39m{tag}
     [90m 155 |[39m                       whileHover[33m=[39m{{ scale[33m:[39m [35m1.05[39m }}
     [90m 156 |[39m                       className[33m=[39m[32m"px-4 py-2 bg-blue-500 text-white text-sm font-medium rounded-full shadow-sm"[39m[0m

      at printWarning (node_modules/react/cjs/react-jsx-runtime.development.js:87:30)
      at error (node_modules/react/cjs/react-jsx-runtime.development.js:61:7)
      at jsxWithValidation (node_modules/react/cjs/react-jsx-runtime.development.js:1245:7)
      at jsxWithValidationDynamic (node_modules/react/cjs/react-jsx-runtime.development.js:1320:12)
      at components/timeline/TimelineModal.tsx:153:21
          at Array.map (<anonymous>)
      at map (components/timeline/TimelineModal.tsx:152:31)
      at renderWithHooks (node_modules/react-dom/cjs/react-dom.development.js:15486:18)
      at mountIndeterminateComponent (node_modules/react-dom/cjs/react-dom.development.js:20103:13)
      at beginWork (node_modules/react-dom/cjs/react-dom.development.js:21626:16)
      at beginWork$1 (node_modules/react-dom/cjs/react-dom.development.js:27465:14)
      at performUnitOfWork (node_modules/react-dom/cjs/react-dom.development.js:26599:12)
      at workLoopSync (node_modules/react-dom/cjs/react-dom.development.js:26505:5)
      at renderRootSync (node_modules/react-dom/cjs/react-dom.development.js:26473:7)
      at performConcurrentWorkOnRoot (node_modules/react-dom/cjs/react-dom.development.js:25777:74)
      at flushActQueue (node_modules/react/cjs/react.development.js:2667:24)
      at act (node_modules/react/cjs/react.development.js:2582:11)
      at node_modules/@testing-library/react/dist/act-compat.js:47:25
      at renderRoot (node_modules/@testing-library/react/dist/pure.js:190:26)
      at render (node_modules/@testing-library/react/dist/pure.js:292:10)
      at Object.<anonymous> (components/__tests__/TimelineModal.test.tsx:300:33)

    console.error
      Warning: React.jsx: type is invalid -- expected a string (for built-in components) or a class/function (for composite components) but got: undefined. You likely forgot to export your component from the file it's defined in, or you might have mixed up default and named imports.
      
      Check the render method of `TimelineModal`.
          at event (C:\Users\alexi\Documents\projects\maicivy\frontend\components\timeline\TimelineModal.tsx:13:56)

    [0m [90m 151 |[39m                 [33m<[39m[33mdiv[39m className[33m=[39m[32m"flex flex-wrap gap-2"[39m[33m>[39m
     [90m 152 |[39m                   {event[33m.[39mtags[33m.[39mmap((tag) [33m=>[39m (
    [31m[1m>[22m[39m[90m 153 |[39m                     [33m<[39m[33mmotion[39m[33m.[39mspan
     [90m     |[39m                     [31m[1m^[22m[39m
     [90m 154 |[39m                       key[33m=[39m{tag}
     [90m 155 |[39m                       whileHover[33m=[39m{{ scale[33m:[39m [35m1.05[39m }}
     [90m 156 |[39m                       className[33m=[39m[32m"px-4 py-2 bg-blue-500 text-white text-sm font-medium rounded-full shadow-sm"[39m[0m

      at printWarning (node_modules/react/cjs/react-jsx-runtime.development.js:87:30)
      at error (node_modules/react/cjs/react-jsx-runtime.development.js:61:7)
      at jsxWithValidation (node_modules/react/cjs/react-jsx-runtime.development.js:1245:7)
      at jsxWithValidationDynamic (node_modules/react/cjs/react-jsx-runtime.development.js:1320:12)
      at components/timeline/TimelineModal.tsx:153:21
          at Array.map (<anonymous>)
      at map (components/timeline/TimelineModal.tsx:152:31)
      at renderWithHooks (node_modules/react-dom/cjs/react-dom.development.js:15486:18)
      at mountIndeterminateComponent (node_modules/react-dom/cjs/react-dom.development.js:20103:13)
      at beginWork (node_modules/react-dom/cjs/react-dom.development.js:21626:16)
      at beginWork$1 (node_modules/react-dom/cjs/react-dom.development.js:27465:14)
      at performUnitOfWork (node_modules/react-dom/cjs/react-dom.development.js:26599:12)
      at workLoopSync (node_modules/react-dom/cjs/react-dom.development.js:26505:5)
      at renderRootSync (node_modules/react-dom/cjs/react-dom.development.js:26473:7)
      at performConcurrentWorkOnRoot (node_modules/react-dom/cjs/react-dom.development.js:25777:74)
      at flushActQueue (node_modules/react/cjs/react.development.js:2667:24)
      at act (node_modules/react/cjs/react.development.js:2582:11)
      at node_modules/@testing-library/react/dist/act-compat.js:47:25
      at renderRoot (node_modules/@testing-library/react/dist/pure.js:190:26)
      at render (node_modules/@testing-library/react/dist/pure.js:292:10)
      at Object.<anonymous> (components/__tests__/TimelineModal.test.tsx:300:33)

    console.error
      Warning: React.jsx: type is invalid -- expected a string (for built-in components) or a class/function (for composite components) but got: undefined. You likely forgot to export your component from the file it's defined in, or you might have mixed up default and named imports.
      
      Check the render method of `TimelineModal`.
          at event (C:\Users\alexi\Documents\projects\maicivy\frontend\components\timeline\TimelineModal.tsx:13:56)

    [0m [90m 151 |[39m                 [33m<[39m[33mdiv[39m className[33m=[39m[32m"flex flex-wrap gap-2"[39m[33m>[39m
     [90m 152 |[39m                   {event[33m.[39mtags[33m.[39mmap((tag) [33m=>[39m (
    [31m[1m>[22m[39m[90m 153 |[39m                     [33m<[39m[33mmotion[39m[33m.[39mspan
     [90m     |[39m                     [31m[1m^[22m[39m
     [90m 154 |[39m                       key[33m=[39m{tag}
     [90m 155 |[39m                       whileHover[33m=[39m{{ scale[33m:[39m [35m1.05[39m }}
     [90m 156 |[39m                       className[33m=[39m[32m"px-4 py-2 bg-blue-500 text-white text-sm font-medium rounded-full shadow-sm"[39m[0m

      at printWarning (node_modules/react/cjs/react-jsx-runtime.development.js:87:30)
      at error (node_modules/react/cjs/react-jsx-runtime.development.js:61:7)
      at jsxWithValidation (node_modules/react/cjs/react-jsx-runtime.development.js:1245:7)
      at jsxWithValidationDynamic (node_modules/react/cjs/react-jsx-runtime.development.js:1320:12)
      at components/timeline/TimelineModal.tsx:153:21
          at Array.map (<anonymous>)
      at map (components/timeline/TimelineModal.tsx:152:31)
      at renderWithHooks (node_modules/react-dom/cjs/react-dom.development.js:15486:18)
      at mountIndeterminateComponent (node_modules/react-dom/cjs/react-dom.development.js:20103:13)
      at beginWork (node_modules/react-dom/cjs/react-dom.development.js:21626:16)
      at beginWork$1 (node_modules/react-dom/cjs/react-dom.development.js:27465:14)
      at performUnitOfWork (node_modules/react-dom/cjs/react-dom.development.js:26599:12)
      at workLoopSync (node_modules/react-dom/cjs/react-dom.development.js:26505:5)
      at renderRootSync (node_modules/react-dom/cjs/react-dom.development.js:26473:7)
      at performConcurrentWorkOnRoot (node_modules/react-dom/cjs/react-dom.development.js:25777:74)
      at flushActQueue (node_modules/react/cjs/react.development.js:2667:24)
      at act (node_modules/react/cjs/react.development.js:2582:11)
      at node_modules/@testing-library/react/dist/act-compat.js:47:25
      at renderRoot (node_modules/@testing-library/react/dist/pure.js:190:26)
      at render (node_modules/@testing-library/react/dist/pure.js:292:10)
      at Object.<anonymous> (components/__tests__/TimelineModal.test.tsx:300:33)

    console.error
      Warning: React.jsx: type is invalid -- expected a string (for built-in components) or a class/function (for composite components) but got: undefined. You likely forgot to export your component from the file it's defined in, or you might have mixed up default and named imports.
      
      Check the render method of `TimelineModal`.
          at event (C:\Users\alexi\Documents\projects\maicivy\frontend\components\timeline\TimelineModal.tsx:13:56)

    [0m [90m 151 |[39m                 [33m<[39m[33mdiv[39m className[33m=[39m[32m"flex flex-wrap gap-2"[39m[33m>[39m
     [90m 152 |[39m                   {event[33m.[39mtags[33m.[39mmap((tag) [33m=>[39m (
    [31m[1m>[22m[39m[90m 153 |[39m                     [33m<[39m[33mmotion[39m[33m.[39mspan
     [90m     |[39m                     [31m[1m^[22m[39m
     [90m 154 |[39m                       key[33m=[39m{tag}
     [90m 155 |[39m                       whileHover[33m=[39m{{ scale[33m:[39m [35m1.05[39m }}
     [90m 156 |[39m                       className[33m=[39m[32m"px-4 py-2 bg-blue-500 text-white text-sm font-medium rounded-full shadow-sm"[39m[0m

      at printWarning (node_modules/react/cjs/react-jsx-runtime.development.js:87:30)
      at error (node_modules/react/cjs/react-jsx-runtime.development.js:61:7)
      at jsxWithValidation (node_modules/react/cjs/react-jsx-runtime.development.js:1245:7)
      at jsxWithValidationDynamic (node_modules/react/cjs/react-jsx-runtime.development.js:1320:12)
      at components/timeline/TimelineModal.tsx:153:21
          at Array.map (<anonymous>)
      at map (components/timeline/TimelineModal.tsx:152:31)
      at renderWithHooks (node_modules/react-dom/cjs/react-dom.development.js:15486:18)
      at mountIndeterminateComponent (node_modules/react-dom/cjs/react-dom.development.js:20103:13)
      at beginWork (node_modules/react-dom/cjs/react-dom.development.js:21626:16)
      at beginWork$1 (node_modules/react-dom/cjs/react-dom.development.js:27465:14)
      at performUnitOfWork (node_modules/react-dom/cjs/react-dom.development.js:26599:12)
      at workLoopSync (node_modules/react-dom/cjs/react-dom.development.js:26505:5)
      at renderRootSync (node_modules/react-dom/cjs/react-dom.development.js:26473:7)
      at performConcurrentWorkOnRoot (node_modules/react-dom/cjs/react-dom.development.js:25777:74)
      at flushActQueue (node_modules/react/cjs/react.development.js:2667:24)
      at act (node_modules/react/cjs/react.development.js:2582:11)
      at node_modules/@testing-library/react/dist/act-compat.js:47:25
      at renderRoot (node_modules/@testing-library/react/dist/pure.js:190:26)
      at render (node_modules/@testing-library/react/dist/pure.js:292:10)
      at Object.<anonymous> (components/__tests__/TimelineModal.test.tsx:300:33)

    console.error
      Error: Uncaught [Error: Element type is invalid: expected a string (for built-in components) or a class/function (for composite components) but got: undefined. You likely forgot to export your component from the file it's defined in, or you might have mixed up default and named imports.
      
      Check the render method of `TimelineModal`.]
          at reportException (C:\Users\alexi\Documents\projects\maicivy\frontend\node_modules\jsdom\lib\jsdom\living\helpers\runtime-script-errors.js:66:24)
          at innerInvokeEventListeners (C:\Users\alexi\Documents\projects\maicivy\frontend\node_modules\jsdom\lib\jsdom\living\events\EventTarget-impl.js:353:9)
          at invokeEventListeners (C:\Users\alexi\Documents\projects\maicivy\frontend\node_modules\jsdom\lib\jsdom\living\events\EventTarget-impl.js:286:3)
          at HTMLUnknownElementImpl._dispatch (C:\Users\alexi\Documents\projects\maicivy\frontend\node_modules\jsdom\lib\jsdom\living\events\EventTarget-impl.js:233:9)
          at HTMLUnknownElementImpl.dispatchEvent (C:\Users\alexi\Documents\projects\maicivy\frontend\node_modules\jsdom\lib\jsdom\living\events\EventTarget-impl.js:104:17)
          at HTMLUnknownElement.dispatchEvent (C:\Users\alexi\Documents\projects\maicivy\frontend\node_modules\jsdom\lib\jsdom\living\generated\EventTarget.js:241:34)
          at Object.invokeGuardedCallbackDev (C:\Users\alexi\Documents\projects\maicivy\frontend\node_modules\react-dom\cjs\react-dom.development.js:4213:16)
          at invokeGuardedCallback (C:\Users\alexi\Documents\projects\maicivy\frontend\node_modules\react-dom\cjs\react-dom.development.js:4277:31)
          at beginWork$1 (C:\Users\alexi\Documents\projects\maicivy\frontend\node_modules\react-dom\cjs\react-dom.development.js:27490:7)
          at performUnitOfWork (C:\Users\alexi\Documents\projects\maicivy\frontend\node_modules\react-dom\cjs\react-dom.development.js:26599:12)
          at workLoopSync (C:\Users\alexi\Documents\projects\maicivy\frontend\node_modules\react-dom\cjs\react-dom.development.js:26505:5)
          at renderRootSync (C:\Users\alexi\Documents\projects\maicivy\frontend\node_modules\react-dom\cjs\react-dom.development.js:26473:7)
          at performConcurrentWorkOnRoot (C:\Users\alexi\Documents\projects\maicivy\frontend\node_modules\react-dom\cjs\react-dom.development.js:25777:74)
          at flushActQueue (C:\Users\alexi\Documents\projects\maicivy\frontend\node_modules\react\cjs\react.development.js:2667:24)
          at act (C:\Users\alexi\Documents\projects\maicivy\frontend\node_modules\react\cjs\react.development.js:2582:11)
          at C:\Users\alexi\Documents\projects\maicivy\frontend\node_modules\@testing-library\react\dist\act-compat.js:47:25
          at renderRoot (C:\Users\alexi\Documents\projects\maicivy\frontend\node_modules\@testing-library\react\dist\pure.js:190:26)
          at render (C:\Users\alexi\Documents\projects\maicivy\frontend\node_modules\@testing-library\react\dist\pure.js:292:10)
          at Object.<anonymous> (C:\Users\alexi\Documents\projects\maicivy\frontend\components\__tests__\TimelineModal.test.tsx:300:33)
          at Promise.finally.completed (C:\Users\alexi\Documents\projects\maicivy\frontend\node_modules\jest-circus\build\jestAdapterInit.js:1557:28)
          at new Promise (<anonymous>)
          at callAsyncCircusFn (C:\Users\alexi\Documents\projects\maicivy\frontend\node_modules\jest-circus\build\jestAdapterInit.js:1497:10)
          at _callCircusTest (C:\Users\alexi\Documents\projects\maicivy\frontend\node_modules\jest-circus\build\jestAdapterInit.js:1007:40)
          at processTicksAndRejections (node:internal/process/task_queues:103:5)
          at _runTest (C:\Users\alexi\Documents\projects\maicivy\frontend\node_modules\jest-circus\build\jestAdapterInit.js:947:3)
          at C:\Users\alexi\Documents\projects\maicivy\frontend\node_modules\jest-circus\build\jestAdapterInit.js:849:7
          at _runTestsForDescribeBlock (C:\Users\alexi\Documents\projects\maicivy\frontend\node_modules\jest-circus\build\jestAdapterInit.js:862:11)
          at _runTestsForDescribeBlock (C:\Users\alexi\Documents\projects\maicivy\frontend\node_modules\jest-circus\build\jestAdapterInit.js:857:11)
          at run (C:\Users\alexi\Documents\projects\maicivy\frontend\node_modules\jest-circus\build\jestAdapterInit.js:761:3)
          at runAndTransformResultsToJestFormat (C:\Users\alexi\Documents\projects\maicivy\frontend\node_modules\jest-circus\build\jestAdapterInit.js:1918:21)
          at jestAdapter (C:\Users\alexi\Documents\projects\maicivy\frontend\node_modules\jest-circus\build\runner.js:101:19)
          at runTestInternal (C:\Users\alexi\Documents\projects\maicivy\frontend\node_modules\jest-runner\build\testWorker.js:275:16)
          at runTest (C:\Users\alexi\Documents\projects\maicivy\frontend\node_modules\jest-runner\build\testWorker.js:343:7)
          at Object.worker (C:\Users\alexi\Documents\projects\maicivy\frontend\node_modules\jest-runner\build\testWorker.js:497:12) {
        detail: Error: Element type is invalid: expected a string (for built-in components) or a class/function (for composite components) but got: undefined. You likely forgot to export your component from the file it's defined in, or you might have mixed up default and named imports.
        
        Check the render method of `TimelineModal`.
            at createFiberFromTypeAndProps (C:\Users\alexi\Documents\projects\maicivy\frontend\node_modules\react-dom\cjs\react-dom.development.js:28478:17)
            at createFiberFromElement (C:\Users\alexi\Documents\projects\maicivy\frontend\node_modules\react-dom\cjs\react-dom.development.js:28504:15)
            at createChild (C:\Users\alexi\Documents\projects\maicivy\frontend\node_modules\react-dom\cjs\react-dom.development.js:13345:28)
            at reconcileChildrenArray (C:\Users\alexi\Documents\projects\maicivy\frontend\node_modules\react-dom\cjs\react-dom.development.js:13640:25)
            at reconcileChildFibers (C:\Users\alexi\Documents\projects\maicivy\frontend\node_modules\react-dom\cjs\react-dom.development.js:14057:16)
            at reconcileChildren (C:\Users\alexi\Documents\projects\maicivy\frontend\node_modules\react-dom\cjs\react-dom.development.js:19186:28)
            at updateHostComponent (C:\Users\alexi\Documents\projects\maicivy\frontend\node_modules\react-dom\cjs\react-dom.development.js:19953:3)
            at beginWork (C:\Users\alexi\Documents\projects\maicivy\frontend\node_modules\react-dom\cjs\react-dom.development.js:21657:14)
            at HTMLUnknownElement.callCallback (C:\Users\alexi\Documents\projects\maicivy\frontend\node_modules\react-dom\cjs\react-dom.development.js:4164:14)
            at HTMLUnknownElement.callTheUserObjectsOperation (C:\Users\alexi\Documents\projects\maicivy\frontend\node_modules\jsdom\lib\jsdom\living\generated\EventListener.js:26:30)
            at innerInvokeEventListeners (C:\Users\alexi\Documents\projects\maicivy\frontend\node_modules\jsdom\lib\jsdom\living\events\EventTarget-impl.js:350:25)
            at invokeEventListeners (C:\Users\alexi\Documents\projects\maicivy\frontend\node_modules\jsdom\lib\jsdom\living\events\EventTarget-impl.js:286:3)
            at HTMLUnknownElementImpl._dispatch (C:\Users\alexi\Documents\projects\maicivy\frontend\node_modules\jsdom\lib\jsdom\living\events\EventTarget-impl.js:233:9)
            at HTMLUnknownElementImpl.dispatchEvent (C:\Users\alexi\Documents\projects\maicivy\frontend\node_modules\jsdom\lib\jsdom\living\events\EventTarget-impl.js:104:17)
            at HTMLUnknownElement.dispatchEvent (C:\Users\alexi\Documents\projects\maicivy\frontend\node_modules\jsdom\lib\jsdom\living\generated\EventTarget.js:241:34)
            at Object.invokeGuardedCallbackDev (C:\Users\alexi\Documents\projects\maicivy\frontend\node_modules\react-dom\cjs\react-dom.development.js:4213:16)
            at invokeGuardedCallback (C:\Users\alexi\Documents\projects\maicivy\frontend\node_modules\react-dom\cjs\react-dom.development.js:4277:31)
            at beginWork$1 (C:\Users\alexi\Documents\projects\maicivy\frontend\node_modules\react-dom\cjs\react-dom.development.js:27490:7)
            at performUnitOfWork (C:\Users\alexi\Documents\projects\maicivy\frontend\node_modules\react-dom\cjs\react-dom.development.js:26599:12)
            at workLoopSync (C:\Users\alexi\Documents\projects\maicivy\frontend\node_modules\react-dom\cjs\react-dom.development.js:26505:5)
            at renderRootSync (C:\Users\alexi\Documents\projects\maicivy\frontend\node_modules\react-dom\cjs\react-dom.development.js:26473:7)
            at performConcurrentWorkOnRoot (C:\Users\alexi\Documents\projects\maicivy\frontend\node_modules\react-dom\cjs\react-dom.development.js:25777:74)
            at flushActQueue (C:\Users\alexi\Documents\projects\maicivy\frontend\node_modules\react\cjs\react.development.js:2667:24)
            at act (C:\Users\alexi\Documents\projects\maicivy\frontend\node_modules\react\cjs\react.development.js:2582:11)
            at C:\Users\alexi\Documents\projects\maicivy\frontend\node_modules\@testing-library\react\dist\act-compat.js:47:25
            at renderRoot (C:\Users\alexi\Documents\projects\maicivy\frontend\node_modules\@testing-library\react\dist\pure.js:190:26)
            at render (C:\Users\alexi\Documents\projects\maicivy\frontend\node_modules\@testing-library\react\dist\pure.js:292:10)
            at Object.<anonymous> (C:\Users\alexi\Documents\projects\maicivy\frontend\components\__tests__\TimelineModal.test.tsx:300:33)
            at Promise.finally.completed (C:\Users\alexi\Documents\projects\maicivy\frontend\node_modules\jest-circus\build\jestAdapterInit.js:1557:28)
            at new Promise (<anonymous>)
            at callAsyncCircusFn (C:\Users\alexi\Documents\projects\maicivy\frontend\node_modules\jest-circus\build\jestAdapterInit.js:1497:10)
            at _callCircusTest (C:\Users\alexi\Documents\projects\maicivy\frontend\node_modules\jest-circus\build\jestAdapterInit.js:1007:40)
            at processTicksAndRejections (node:internal/process/task_queues:103:5)
            at _runTest (C:\Users\alexi\Documents\projects\maicivy\frontend\node_modules\jest-circus\build\jestAdapterInit.js:947:3)
            at C:\Users\alexi\Documents\projects\maicivy\frontend\node_modules\jest-circus\build\jestAdapterInit.js:849:7
            at _runTestsForDescribeBlock (C:\Users\alexi\Documents\projects\maicivy\frontend\node_modules\jest-circus\build\jestAdapterInit.js:862:11)
            at _runTestsForDescribeBlock (C:\Users\alexi\Documents\projects\maicivy\frontend\node_modules\jest-circus\build\jestAdapterInit.js:857:11)
            at run (C:\Users\alexi\Documents\projects\maicivy\frontend\node_modules\jest-circus\build\jestAdapterInit.js:761:3)
            at runAndTransformResultsToJestFormat (C:\Users\alexi\Documents\projects\maicivy\frontend\node_modules\jest-circus\build\jestAdapterInit.js:1918:21)
            at jestAdapter (C:\Users\alexi\Documents\projects\maicivy\frontend\node_modules\jest-circus\build\runner.js:101:19)
            at runTestInternal (C:\Users\alexi\Documents\projects\maicivy\frontend\node_modules\jest-runner\build\testWorker.js:275:16)
            at runTest (C:\Users\alexi\Documents\projects\maicivy\frontend\node_modules\jest-runner\build\testWorker.js:343:7)
            at Object.worker (C:\Users\alexi\Documents\projects\maicivy\frontend\node_modules\jest-runner\build\testWorker.js:497:12),
        type: 'unhandled exception'
      }

    [0m [90m 298 |[39m
     [90m 299 |[39m   it([32m'should apply correct color scheme for project type'[39m[33m,[39m () [33m=>[39m {
    [31m[1m>[22m[39m[90m 300 |[39m     [36mconst[39m { container } [33m=[39m render([33m<[39m[33mTimelineModal[39m event[33m=[39m{mockEvent} onClose[33m=[39m{jest[33m.[39mfn()} [33m/[39m[33m>[39m)[33m;[39m
     [90m     |[39m                                 [31m[1m^[22m[39m
     [90m 301 |[39m
     [90m 302 |[39m     [36mconst[39m purpleBadge [33m=[39m container[33m.[39mquerySelector([32m'.bg-purple-100'[39m)[33m;[39m
     [90m 303 |[39m     expect(purpleBadge)[33m.[39mtoBeInTheDocument()[33m;[39m[0m

      at VirtualConsole.<anonymous> (node_modules/@jest/environment-jsdom-abstract/build/index.js:87:23)
      at reportException (node_modules/jsdom/lib/jsdom/living/helpers/runtime-script-errors.js:70:28)
      at innerInvokeEventListeners (node_modules/jsdom/lib/jsdom/living/events/EventTarget-impl.js:353:9)
      at invokeEventListeners (node_modules/jsdom/lib/jsdom/living/events/EventTarget-impl.js:286:3)
      at HTMLUnknownElementImpl._dispatch (node_modules/jsdom/lib/jsdom/living/events/EventTarget-impl.js:233:9)
      at HTMLUnknownElementImpl.dispatchEvent (node_modules/jsdom/lib/jsdom/living/events/EventTarget-impl.js:104:17)
      at HTMLUnknownElement.dispatchEvent (node_modules/jsdom/lib/jsdom/living/generated/EventTarget.js:241:34)
      at Object.invokeGuardedCallbackDev (node_modules/react-dom/cjs/react-dom.development.js:4213:16)
      at invokeGuardedCallback (node_modules/react-dom/cjs/react-dom.development.js:4277:31)
      at beginWork$1 (node_modules/react-dom/cjs/react-dom.development.js:27490:7)
      at performUnitOfWork (node_modules/react-dom/cjs/react-dom.development.js:26599:12)
      at workLoopSync (node_modules/react-dom/cjs/react-dom.development.js:26505:5)
      at renderRootSync (node_modules/react-dom/cjs/react-dom.development.js:26473:7)
      at performConcurrentWorkOnRoot (node_modules/react-dom/cjs/react-dom.development.js:25777:74)
      at flushActQueue (node_modules/react/cjs/react.development.js:2667:24)
      at act (node_modules/react/cjs/react.development.js:2582:11)
      at node_modules/@testing-library/react/dist/act-compat.js:47:25
      at renderRoot (node_modules/@testing-library/react/dist/pure.js:190:26)
      at render (node_modules/@testing-library/react/dist/pure.js:292:10)
      at Object.<anonymous> (components/__tests__/TimelineModal.test.tsx:300:33)

    console.error
      Warning: React.jsx: type is invalid -- expected a string (for built-in components) or a class/function (for composite components) but got: undefined. You likely forgot to export your component from the file it's defined in, or you might have mixed up default and named imports.
      
      Check the render method of `TimelineModal`.
          at event (C:\Users\alexi\Documents\projects\maicivy\frontend\components\timeline\TimelineModal.tsx:13:56)

    [0m [90m 151 |[39m                 [33m<[39m[33mdiv[39m className[33m=[39m[32m"flex flex-wrap gap-2"[39m[33m>[39m
     [90m 152 |[39m                   {event[33m.[39mtags[33m.[39mmap((tag) [33m=>[39m (
    [31m[1m>[22m[39m[90m 153 |[39m                     [33m<[39m[33mmotion[39m[33m.[39mspan
     [90m     |[39m                     [31m[1m^[22m[39m
     [90m 154 |[39m                       key[33m=[39m{tag}
     [90m 155 |[39m                       whileHover[33m=[39m{{ scale[33m:[39m [35m1.05[39m }}
     [90m 156 |[39m                       className[33m=[39m[32m"px-4 py-2 bg-blue-500 text-white text-sm font-medium rounded-full shadow-sm"[39m[0m

      at printWarning (node_modules/react/cjs/react-jsx-runtime.development.js:87:30)
      at error (node_modules/react/cjs/react-jsx-runtime.development.js:61:7)
      at jsxWithValidation (node_modules/react/cjs/react-jsx-runtime.development.js:1245:7)
      at jsxWithValidationDynamic (node_modules/react/cjs/react-jsx-runtime.development.js:1320:12)
      at components/timeline/TimelineModal.tsx:153:21
          at Array.map (<anonymous>)
      at map (components/timeline/TimelineModal.tsx:152:31)
      at renderWithHooks (node_modules/react-dom/cjs/react-dom.development.js:15486:18)
      at mountIndeterminateComponent (node_modules/react-dom/cjs/react-dom.development.js:20103:13)
      at beginWork (node_modules/react-dom/cjs/react-dom.development.js:21626:16)
      at beginWork$1 (node_modules/react-dom/cjs/react-dom.development.js:27465:14)
      at performUnitOfWork (node_modules/react-dom/cjs/react-dom.development.js:26599:12)
      at workLoopSync (node_modules/react-dom/cjs/react-dom.development.js:26505:5)
      at renderRootSync (node_modules/react-dom/cjs/react-dom.development.js:26473:7)
      at recoverFromConcurrentError (node_modules/react-dom/cjs/react-dom.development.js:25889:20)
      at performConcurrentWorkOnRoot (node_modules/react-dom/cjs/react-dom.development.js:25789:22)
      at flushActQueue (node_modules/react/cjs/react.development.js:2667:24)
      at act (node_modules/react/cjs/react.development.js:2582:11)
      at node_modules/@testing-library/react/dist/act-compat.js:47:25
      at renderRoot (node_modules/@testing-library/react/dist/pure.js:190:26)
      at render (node_modules/@testing-library/react/dist/pure.js:292:10)
      at Object.<anonymous> (components/__tests__/TimelineModal.test.tsx:300:33)

    console.error
      Warning: React.jsx: type is invalid -- expected a string (for built-in components) or a class/function (for composite components) but got: undefined. You likely forgot to export your component from the file it's defined in, or you might have mixed up default and named imports.
      
      Check the render method of `TimelineModal`.
          at event (C:\Users\alexi\Documents\projects\maicivy\frontend\components\timeline\TimelineModal.tsx:13:56)

    [0m [90m 151 |[39m                 [33m<[39m[33mdiv[39m className[33m=[39m[32m"flex flex-wrap gap-2"[39m[33m>[39m
     [90m 152 |[39m                   {event[33m.[39mtags[33m.[39mmap((tag) [33m=>[39m (
    [31m[1m>[22m[39m[90m 153 |[39m                     [33m<[39m[33mmotion[39m[33m.[39mspan
     [90m     |[39m                     [31m[1m^[22m[39m
     [90m 154 |[39m                       key[33m=[39m{tag}
     [90m 155 |[39m                       whileHover[33m=[39m{{ scale[33m:[39m [35m1.05[39m }}
     [90m 156 |[39m                       className[33m=[39m[32m"px-4 py-2 bg-blue-500 text-white text-sm font-medium rounded-full shadow-sm"[39m[0m

      at printWarning (node_modules/react/cjs/react-jsx-runtime.development.js:87:30)
      at error (node_modules/react/cjs/react-jsx-runtime.development.js:61:7)
      at jsxWithValidation (node_modules/react/cjs/react-jsx-runtime.development.js:1245:7)
      at jsxWithValidationDynamic (node_modules/react/cjs/react-jsx-runtime.development.js:1320:12)
      at components/timeline/TimelineModal.tsx:153:21
          at Array.map (<anonymous>)
      at map (components/timeline/TimelineModal.tsx:152:31)
      at renderWithHooks (node_modules/react-dom/cjs/react-dom.development.js:15486:18)
      at mountIndeterminateComponent (node_modules/react-dom/cjs/react-dom.development.js:20103:13)
      at beginWork (node_modules/react-dom/cjs/react-dom.development.js:21626:16)
      at beginWork$1 (node_modules/react-dom/cjs/react-dom.development.js:27465:14)
      at performUnitOfWork (node_modules/react-dom/cjs/react-dom.development.js:26599:12)
      at workLoopSync (node_modules/react-dom/cjs/react-dom.development.js:26505:5)
      at renderRootSync (node_modules/react-dom/cjs/react-dom.development.js:26473:7)
      at recoverFromConcurrentError (node_modules/react-dom/cjs/react-dom.development.js:25889:20)
      at performConcurrentWorkOnRoot (node_modules/react-dom/cjs/react-dom.development.js:25789:22)
      at flushActQueue (node_modules/react/cjs/react.development.js:2667:24)
      at act (node_modules/react/cjs/react.development.js:2582:11)
      at node_modules/@testing-library/react/dist/act-compat.js:47:25
      at renderRoot (node_modules/@testing-library/react/dist/pure.js:190:26)
      at render (node_modules/@testing-library/react/dist/pure.js:292:10)
      at Object.<anonymous> (components/__tests__/TimelineModal.test.tsx:300:33)

    console.error
      Warning: React.jsx: type is invalid -- expected a string (for built-in components) or a class/function (for composite components) but got: undefined. You likely forgot to export your component from the file it's defined in, or you might have mixed up default and named imports.
      
      Check the render method of `TimelineModal`.
          at event (C:\Users\alexi\Documents\projects\maicivy\frontend\components\timeline\TimelineModal.tsx:13:56)

    [0m [90m 151 |[39m                 [33m<[39m[33mdiv[39m className[33m=[39m[32m"flex flex-wrap gap-2"[39m[33m>[39m
     [90m 152 |[39m                   {event[33m.[39mtags[33m.[39mmap((tag) [33m=>[39m (
    [31m[1m>[22m[39m[90m 153 |[39m                     [33m<[39m[33mmotion[39m[33m.[39mspan
     [90m     |[39m                     [31m[1m^[22m[39m
     [90m 154 |[39m                       key[33m=[39m{tag}
     [90m 155 |[39m                       whileHover[33m=[39m{{ scale[33m:[39m [35m1.05[39m }}
     [90m 156 |[39m                       className[33m=[39m[32m"px-4 py-2 bg-blue-500 text-white text-sm font-medium rounded-full shadow-sm"[39m[0m

      at printWarning (node_modules/react/cjs/react-jsx-runtime.development.js:87:30)
      at error (node_modules/react/cjs/react-jsx-runtime.development.js:61:7)
      at jsxWithValidation (node_modules/react/cjs/react-jsx-runtime.development.js:1245:7)
      at jsxWithValidationDynamic (node_modules/react/cjs/react-jsx-runtime.development.js:1320:12)
      at components/timeline/TimelineModal.tsx:153:21
          at Array.map (<anonymous>)
      at map (components/timeline/TimelineModal.tsx:152:31)
      at renderWithHooks (node_modules/react-dom/cjs/react-dom.development.js:15486:18)
      at mountIndeterminateComponent (node_modules/react-dom/cjs/react-dom.development.js:20103:13)
      at beginWork (node_modules/react-dom/cjs/react-dom.development.js:21626:16)
      at beginWork$1 (node_modules/react-dom/cjs/react-dom.development.js:27465:14)
      at performUnitOfWork (node_modules/react-dom/cjs/react-dom.development.js:26599:12)
      at workLoopSync (node_modules/react-dom/cjs/react-dom.development.js:26505:5)
      at renderRootSync (node_modules/react-dom/cjs/react-dom.development.js:26473:7)
      at recoverFromConcurrentError (node_modules/react-dom/cjs/react-dom.development.js:25889:20)
      at performConcurrentWorkOnRoot (node_modules/react-dom/cjs/react-dom.development.js:25789:22)
      at flushActQueue (node_modules/react/cjs/react.development.js:2667:24)
      at act (node_modules/react/cjs/react.development.js:2582:11)
      at node_modules/@testing-library/react/dist/act-compat.js:47:25
      at renderRoot (node_modules/@testing-library/react/dist/pure.js:190:26)
      at render (node_modules/@testing-library/react/dist/pure.js:292:10)
      at Object.<anonymous> (components/__tests__/TimelineModal.test.tsx:300:33)

    console.error
      Warning: React.jsx: type is invalid -- expected a string (for built-in components) or a class/function (for composite components) but got: undefined. You likely forgot to export your component from the file it's defined in, or you might have mixed up default and named imports.
      
      Check the render method of `TimelineModal`.
          at event (C:\Users\alexi\Documents\projects\maicivy\frontend\components\timeline\TimelineModal.tsx:13:56)

    [0m [90m 151 |[39m                 [33m<[39m[33mdiv[39m className[33m=[39m[32m"flex flex-wrap gap-2"[39m[33m>[39m
     [90m 152 |[39m                   {event[33m.[39mtags[33m.[39mmap((tag) [33m=>[39m (
    [31m[1m>[22m[39m[90m 153 |[39m                     [33m<[39m[33mmotion[39m[33m.[39mspan
     [90m     |[39m                     [31m[1m^[22m[39m
     [90m 154 |[39m                       key[33m=[39m{tag}
     [90m 155 |[39m                       whileHover[33m=[39m{{ scale[33m:[39m [35m1.05[39m }}
     [90m 156 |[39m                       className[33m=[39m[32m"px-4 py-2 bg-blue-500 text-white text-sm font-medium rounded-full shadow-sm"[39m[0m

      at printWarning (node_modules/react/cjs/react-jsx-runtime.development.js:87:30)
      at error (node_modules/react/cjs/react-jsx-runtime.development.js:61:7)
      at jsxWithValidation (node_modules/react/cjs/react-jsx-runtime.development.js:1245:7)
      at jsxWithValidationDynamic (node_modules/react/cjs/react-jsx-runtime.development.js:1320:12)
      at components/timeline/TimelineModal.tsx:153:21
          at Array.map (<anonymous>)
      at map (components/timeline/TimelineModal.tsx:152:31)
      at renderWithHooks (node_modules/react-dom/cjs/react-dom.development.js:15486:18)
      at mountIndeterminateComponent (node_modules/react-dom/cjs/react-dom.development.js:20103:13)
      at beginWork (node_modules/react-dom/cjs/react-dom.development.js:21626:16)
      at beginWork$1 (node_modules/react-dom/cjs/react-dom.development.js:27465:14)
      at performUnitOfWork (node_modules/react-dom/cjs/react-dom.development.js:26599:12)
      at workLoopSync (node_modules/react-dom/cjs/react-dom.development.js:26505:5)
      at renderRootSync (node_modules/react-dom/cjs/react-dom.development.js:26473:7)
      at recoverFromConcurrentError (node_modules/react-dom/cjs/react-dom.development.js:25889:20)
      at performConcurrentWorkOnRoot (node_modules/react-dom/cjs/react-dom.development.js:25789:22)
      at flushActQueue (node_modules/react/cjs/react.development.js:2667:24)
      at act (node_modules/react/cjs/react.development.js:2582:11)
      at node_modules/@testing-library/react/dist/act-compat.js:47:25
      at renderRoot (node_modules/@testing-library/react/dist/pure.js:190:26)
      at render (node_modules/@testing-library/react/dist/pure.js:292:10)
      at Object.<anonymous> (components/__tests__/TimelineModal.test.tsx:300:33)

    console.error
      Warning: React.jsx: type is invalid -- expected a string (for built-in components) or a class/function (for composite components) but got: undefined. You likely forgot to export your component from the file it's defined in, or you might have mixed up default and named imports.
      
      Check the render method of `TimelineModal`.
          at event (C:\Users\alexi\Documents\projects\maicivy\frontend\components\timeline\TimelineModal.tsx:13:56)

    [0m [90m 151 |[39m                 [33m<[39m[33mdiv[39m className[33m=[39m[32m"flex flex-wrap gap-2"[39m[33m>[39m
     [90m 152 |[39m                   {event[33m.[39mtags[33m.[39mmap((tag) [33m=>[39m (
    [31m[1m>[22m[39m[90m 153 |[39m                     [33m<[39m[33mmotion[39m[33m.[39mspan
     [90m     |[39m                     [31m[1m^[22m[39m
     [90m 154 |[39m                       key[33m=[39m{tag}
     [90m 155 |[39m                       whileHover[33m=[39m{{ scale[33m:[39m [35m1.05[39m }}
     [90m 156 |[39m                       className[33m=[39m[32m"px-4 py-2 bg-blue-500 text-white text-sm font-medium rounded-full shadow-sm"[39m[0m

      at printWarning (node_modules/react/cjs/react-jsx-runtime.development.js:87:30)
      at error (node_modules/react/cjs/react-jsx-runtime.development.js:61:7)
      at jsxWithValidation (node_modules/react/cjs/react-jsx-runtime.development.js:1245:7)
      at jsxWithValidationDynamic (node_modules/react/cjs/react-jsx-runtime.development.js:1320:12)
      at components/timeline/TimelineModal.tsx:153:21
          at Array.map (<anonymous>)
      at map (components/timeline/TimelineModal.tsx:152:31)
      at renderWithHooks (node_modules/react-dom/cjs/react-dom.development.js:15486:18)
      at mountIndeterminateComponent (node_modules/react-dom/cjs/react-dom.development.js:20103:13)
      at beginWork (node_modules/react-dom/cjs/react-dom.development.js:21626:16)
      at beginWork$1 (node_modules/react-dom/cjs/react-dom.development.js:27465:14)
      at performUnitOfWork (node_modules/react-dom/cjs/react-dom.development.js:26599:12)
      at workLoopSync (node_modules/react-dom/cjs/react-dom.development.js:26505:5)
      at renderRootSync (node_modules/react-dom/cjs/react-dom.development.js:26473:7)
      at recoverFromConcurrentError (node_modules/react-dom/cjs/react-dom.development.js:25889:20)
      at performConcurrentWorkOnRoot (node_modules/react-dom/cjs/react-dom.development.js:25789:22)
      at flushActQueue (node_modules/react/cjs/react.development.js:2667:24)
      at act (node_modules/react/cjs/react.development.js:2582:11)
      at node_modules/@testing-library/react/dist/act-compat.js:47:25
      at renderRoot (node_modules/@testing-library/react/dist/pure.js:190:26)
      at render (node_modules/@testing-library/react/dist/pure.js:292:10)
      at Object.<anonymous> (components/__tests__/TimelineModal.test.tsx:300:33)

    console.error
      Error: Uncaught [Error: Element type is invalid: expected a string (for built-in components) or a class/function (for composite components) but got: undefined. You likely forgot to export your component from the file it's defined in, or you might have mixed up default and named imports.
      
      Check the render method of `TimelineModal`.]
          at reportException (C:\Users\alexi\Documents\projects\maicivy\frontend\node_modules\jsdom\lib\jsdom\living\helpers\runtime-script-errors.js:66:24)
          at innerInvokeEventListeners (C:\Users\alexi\Documents\projects\maicivy\frontend\node_modules\jsdom\lib\jsdom\living\events\EventTarget-impl.js:353:9)
          at invokeEventListeners (C:\Users\alexi\Documents\projects\maicivy\frontend\node_modules\jsdom\lib\jsdom\living\events\EventTarget-impl.js:286:3)
          at HTMLUnknownElementImpl._dispatch (C:\Users\alexi\Documents\projects\maicivy\frontend\node_modules\jsdom\lib\jsdom\living\events\EventTarget-impl.js:233:9)
          at HTMLUnknownElementImpl.dispatchEvent (C:\Users\alexi\Documents\projects\maicivy\frontend\node_modules\jsdom\lib\jsdom\living\events\EventTarget-impl.js:104:17)
          at HTMLUnknownElement.dispatchEvent (C:\Users\alexi\Documents\projects\maicivy\frontend\node_modules\jsdom\lib\jsdom\living\generated\EventTarget.js:241:34)
          at Object.invokeGuardedCallbackDev (C:\Users\alexi\Documents\projects\maicivy\frontend\node_modules\react-dom\cjs\react-dom.development.js:4213:16)
          at invokeGuardedCallback (C:\Users\alexi\Documents\projects\maicivy\frontend\node_modules\react-dom\cjs\react-dom.development.js:4277:31)
          at beginWork$1 (C:\Users\alexi\Documents\projects\maicivy\frontend\node_modules\react-dom\cjs\react-dom.development.js:27490:7)
          at performUnitOfWork (C:\Users\alexi\Documents\projects\maicivy\frontend\node_modules\react-dom\cjs\react-dom.development.js:26599:12)
          at workLoopSync (C:\Users\alexi\Documents\projects\maicivy\frontend\node_modules\react-dom\cjs\react-dom.development.js:26505:5)
          at renderRootSync (C:\Users\alexi\Documents\projects\maicivy\frontend\node_modules\react-dom\cjs\react-dom.development.js:26473:7)
          at recoverFromConcurrentError (C:\Users\alexi\Documents\projects\maicivy\frontend\node_modules\react-dom\cjs\react-dom.development.js:25889:20)
          at performConcurrentWorkOnRoot (C:\Users\alexi\Documents\projects\maicivy\frontend\node_modules\react-dom\cjs\react-dom.development.js:25789:22)
          at flushActQueue (C:\Users\alexi\Documents\projects\maicivy\frontend\node_modules\react\cjs\react.development.js:2667:24)
          at act (C:\Users\alexi\Documents\projects\maicivy\frontend\node_modules\react\cjs\react.development.js:2582:11)
          at C:\Users\alexi\Documents\projects\maicivy\frontend\node_modules\@testing-library\react\dist\act-compat.js:47:25
          at renderRoot (C:\Users\alexi\Documents\projects\maicivy\frontend\node_modules\@testing-library\react\dist\pure.js:190:26)
          at render (C:\Users\alexi\Documents\projects\maicivy\frontend\node_modules\@testing-library\react\dist\pure.js:292:10)
          at Object.<anonymous> (C:\Users\alexi\Documents\projects\maicivy\frontend\components\__tests__\TimelineModal.test.tsx:300:33)
          at Promise.finally.completed (C:\Users\alexi\Documents\projects\maicivy\frontend\node_modules\jest-circus\build\jestAdapterInit.js:1557:28)
          at new Promise (<anonymous>)
          at callAsyncCircusFn (C:\Users\alexi\Documents\projects\maicivy\frontend\node_modules\jest-circus\build\jestAdapterInit.js:1497:10)
          at _callCircusTest (C:\Users\alexi\Documents\projects\maicivy\frontend\node_modules\jest-circus\build\jestAdapterInit.js:1007:40)
          at processTicksAndRejections (node:internal/process/task_queues:103:5)
          at _runTest (C:\Users\alexi\Documents\projects\maicivy\frontend\node_modules\jest-circus\build\jestAdapterInit.js:947:3)
          at C:\Users\alexi\Documents\projects\maicivy\frontend\node_modules\jest-circus\build\jestAdapterInit.js:849:7
          at _runTestsForDescribeBlock (C:\Users\alexi\Documents\projects\maicivy\frontend\node_modules\jest-circus\build\jestAdapterInit.js:862:11)
          at _runTestsForDescribeBlock (C:\Users\alexi\Documents\projects\maicivy\frontend\node_modules\jest-circus\build\jestAdapterInit.js:857:11)
          at run (C:\Users\alexi\Documents\projects\maicivy\frontend\node_modules\jest-circus\build\jestAdapterInit.js:761:3)
          at runAndTransformResultsToJestFormat (C:\Users\alexi\Documents\projects\maicivy\frontend\node_modules\jest-circus\build\jestAdapterInit.js:1918:21)
          at jestAdapter (C:\Users\alexi\Documents\projects\maicivy\frontend\node_modules\jest-circus\build\runner.js:101:19)
          at runTestInternal (C:\Users\alexi\Documents\projects\maicivy\frontend\node_modules\jest-runner\build\testWorker.js:275:16)
          at runTest (C:\Users\alexi\Documents\projects\maicivy\frontend\node_modules\jest-runner\build\testWorker.js:343:7)
          at Object.worker (C:\Users\alexi\Documents\projects\maicivy\frontend\node_modules\jest-runner\build\testWorker.js:497:12) {
        detail: Error: Element type is invalid: expected a string (for built-in components) or a class/function (for composite components) but got: undefined. You likely forgot to export your component from the file it's defined in, or you might have mixed up default and named imports.
        
        Check the render method of `TimelineModal`.
            at createFiberFromTypeAndProps (C:\Users\alexi\Documents\projects\maicivy\frontend\node_modules\react-dom\cjs\react-dom.development.js:28478:17)
            at createFiberFromElement (C:\Users\alexi\Documents\projects\maicivy\frontend\node_modules\react-dom\cjs\react-dom.development.js:28504:15)
            at createChild (C:\Users\alexi\Documents\projects\maicivy\frontend\node_modules\react-dom\cjs\react-dom.development.js:13345:28)
            at reconcileChildrenArray (C:\Users\alexi\Documents\projects\maicivy\frontend\node_modules\react-dom\cjs\react-dom.development.js:13640:25)
            at reconcileChildFibers (C:\Users\alexi\Documents\projects\maicivy\frontend\node_modules\react-dom\cjs\react-dom.development.js:14057:16)
            at reconcileChildren (C:\Users\alexi\Documents\projects\maicivy\frontend\node_modules\react-dom\cjs\react-dom.development.js:19186:28)
            at updateHostComponent (C:\Users\alexi\Documents\projects\maicivy\frontend\node_modules\react-dom\cjs\react-dom.development.js:19953:3)
            at beginWork (C:\Users\alexi\Documents\projects\maicivy\frontend\node_modules\react-dom\cjs\react-dom.development.js:21657:14)
            at HTMLUnknownElement.callCallback (C:\Users\alexi\Documents\projects\maicivy\frontend\node_modules\react-dom\cjs\react-dom.development.js:4164:14)
            at HTMLUnknownElement.callTheUserObjectsOperation (C:\Users\alexi\Documents\projects\maicivy\frontend\node_modules\jsdom\lib\jsdom\living\generated\EventListener.js:26:30)
            at innerInvokeEventListeners (C:\Users\alexi\Documents\projects\maicivy\frontend\node_modules\jsdom\lib\jsdom\living\events\EventTarget-impl.js:350:25)
            at invokeEventListeners (C:\Users\alexi\Documents\projects\maicivy\frontend\node_modules\jsdom\lib\jsdom\living\events\EventTarget-impl.js:286:3)
            at HTMLUnknownElementImpl._dispatch (C:\Users\alexi\Documents\projects\maicivy\frontend\node_modules\jsdom\lib\jsdom\living\events\EventTarget-impl.js:233:9)
            at HTMLUnknownElementImpl.dispatchEvent (C:\Users\alexi\Documents\projects\maicivy\frontend\node_modules\jsdom\lib\jsdom\living\events\EventTarget-impl.js:104:17)
            at HTMLUnknownElement.dispatchEvent (C:\Users\alexi\Documents\projects\maicivy\frontend\node_modules\jsdom\lib\jsdom\living\generated\EventTarget.js:241:34)
            at Object.invokeGuardedCallbackDev (C:\Users\alexi\Documents\projects\maicivy\frontend\node_modules\react-dom\cjs\react-dom.development.js:4213:16)
            at invokeGuardedCallback (C:\Users\alexi\Documents\projects\maicivy\frontend\node_modules\react-dom\cjs\react-dom.development.js:4277:31)
            at beginWork$1 (C:\Users\alexi\Documents\projects\maicivy\frontend\node_modules\react-dom\cjs\react-dom.development.js:27490:7)
            at performUnitOfWork (C:\Users\alexi\Documents\projects\maicivy\frontend\node_modules\react-dom\cjs\react-dom.development.js:26599:12)
            at workLoopSync (C:\Users\alexi\Documents\projects\maicivy\frontend\node_modules\react-dom\cjs\react-dom.development.js:26505:5)
            at renderRootSync (C:\Users\alexi\Documents\projects\maicivy\frontend\node_modules\react-dom\cjs\react-dom.development.js:26473:7)
            at recoverFromConcurrentError (C:\Users\alexi\Documents\projects\maicivy\frontend\node_modules\react-dom\cjs\react-dom.development.js:25889:20)
            at performConcurrentWorkOnRoot (C:\Users\alexi\Documents\projects\maicivy\frontend\node_modules\react-dom\cjs\react-dom.development.js:25789:22)
            at flushActQueue (C:\Users\alexi\Documents\projects\maicivy\frontend\node_modules\react\cjs\react.development.js:2667:24)
            at act (C:\Users\alexi\Documents\projects\maicivy\frontend\node_modules\react\cjs\react.development.js:2582:11)
            at C:\Users\alexi\Documents\projects\maicivy\frontend\node_modules\@testing-library\react\dist\act-compat.js:47:25
            at renderRoot (C:\Users\alexi\Documents\projects\maicivy\frontend\node_modules\@testing-library\react\dist\pure.js:190:26)
            at render (C:\Users\alexi\Documents\projects\maicivy\frontend\node_modules\@testing-library\react\dist\pure.js:292:10)
            at Object.<anonymous> (C:\Users\alexi\Documents\projects\maicivy\frontend\components\__tests__\TimelineModal.test.tsx:300:33)
            at Promise.finally.completed (C:\Users\alexi\Documents\projects\maicivy\frontend\node_modules\jest-circus\build\jestAdapterInit.js:1557:28)
            at new Promise (<anonymous>)
            at callAsyncCircusFn (C:\Users\alexi\Documents\projects\maicivy\frontend\node_modules\jest-circus\build\jestAdapterInit.js:1497:10)
            at _callCircusTest (C:\Users\alexi\Documents\projects\maicivy\frontend\node_modules\jest-circus\build\jestAdapterInit.js:1007:40)
            at processTicksAndRejections (node:internal/process/task_queues:103:5)
            at _runTest (C:\Users\alexi\Documents\projects\maicivy\frontend\node_modules\jest-circus\build\jestAdapterInit.js:947:3)
            at C:\Users\alexi\Documents\projects\maicivy\frontend\node_modules\jest-circus\build\jestAdapterInit.js:849:7
            at _runTestsForDescribeBlock (C:\Users\alexi\Documents\projects\maicivy\frontend\node_modules\jest-circus\build\jestAdapterInit.js:862:11)
            at _runTestsForDescribeBlock (C:\Users\alexi\Documents\projects\maicivy\frontend\node_modules\jest-circus\build\jestAdapterInit.js:857:11)
            at run (C:\Users\alexi\Documents\projects\maicivy\frontend\node_modules\jest-circus\build\jestAdapterInit.js:761:3)
            at runAndTransformResultsToJestFormat (C:\Users\alexi\Documents\projects\maicivy\frontend\node_modules\jest-circus\build\jestAdapterInit.js:1918:21)
            at jestAdapter (C:\Users\alexi\Documents\projects\maicivy\frontend\node_modules\jest-circus\build\runner.js:101:19)
            at runTestInternal (C:\Users\alexi\Documents\projects\maicivy\frontend\node_modules\jest-runner\build\testWorker.js:275:16)
            at runTest (C:\Users\alexi\Documents\projects\maicivy\frontend\node_modules\jest-runner\build\testWorker.js:343:7)
            at Object.worker (C:\Users\alexi\Documents\projects\maicivy\frontend\node_modules\jest-runner\build\testWorker.js:497:12),
        type: 'unhandled exception'
      }

    [0m [90m 298 |[39m
     [90m 299 |[39m   it([32m'should apply correct color scheme for project type'[39m[33m,[39m () [33m=>[39m {
    [31m[1m>[22m[39m[90m 300 |[39m     [36mconst[39m { container } [33m=[39m render([33m<[39m[33mTimelineModal[39m event[33m=[39m{mockEvent} onClose[33m=[39m{jest[33m.[39mfn()} [33m/[39m[33m>[39m)[33m;[39m
     [90m     |[39m                                 [31m[1m^[22m[39m
     [90m 301 |[39m
     [90m 302 |[39m     [36mconst[39m purpleBadge [33m=[39m container[33m.[39mquerySelector([32m'.bg-purple-100'[39m)[33m;[39m
     [90m 303 |[39m     expect(purpleBadge)[33m.[39mtoBeInTheDocument()[33m;[39m[0m

      at VirtualConsole.<anonymous> (node_modules/@jest/environment-jsdom-abstract/build/index.js:87:23)
      at reportException (node_modules/jsdom/lib/jsdom/living/helpers/runtime-script-errors.js:70:28)
      at innerInvokeEventListeners (node_modules/jsdom/lib/jsdom/living/events/EventTarget-impl.js:353:9)
      at invokeEventListeners (node_modules/jsdom/lib/jsdom/living/events/EventTarget-impl.js:286:3)
      at HTMLUnknownElementImpl._dispatch (node_modules/jsdom/lib/jsdom/living/events/EventTarget-impl.js:233:9)
      at HTMLUnknownElementImpl.dispatchEvent (node_modules/jsdom/lib/jsdom/living/events/EventTarget-impl.js:104:17)
      at HTMLUnknownElement.dispatchEvent (node_modules/jsdom/lib/jsdom/living/generated/EventTarget.js:241:34)
      at Object.invokeGuardedCallbackDev (node_modules/react-dom/cjs/react-dom.development.js:4213:16)
      at invokeGuardedCallback (node_modules/react-dom/cjs/react-dom.development.js:4277:31)
      at beginWork$1 (node_modules/react-dom/cjs/react-dom.development.js:27490:7)
      at performUnitOfWork (node_modules/react-dom/cjs/react-dom.development.js:26599:12)
      at workLoopSync (node_modules/react-dom/cjs/react-dom.development.js:26505:5)
      at renderRootSync (node_modules/react-dom/cjs/react-dom.development.js:26473:7)
      at recoverFromConcurrentError (node_modules/react-dom/cjs/react-dom.development.js:25889:20)
      at performConcurrentWorkOnRoot (node_modules/react-dom/cjs/react-dom.development.js:25789:22)
      at flushActQueue (node_modules/react/cjs/react.development.js:2667:24)
      at act (node_modules/react/cjs/react.development.js:2582:11)
      at node_modules/@testing-library/react/dist/act-compat.js:47:25
      at renderRoot (node_modules/@testing-library/react/dist/pure.js:190:26)
      at render (node_modules/@testing-library/react/dist/pure.js:292:10)
      at Object.<anonymous> (components/__tests__/TimelineModal.test.tsx:300:33)

    console.error
      The above error occurred in the <div> component:
      
          at div
          at div
          at div
          at div
          at children (C:\Users\alexi\Documents\projects\maicivy\frontend\components\__tests__\TimelineModal.test.tsx:8:13)
          at div
          at children (C:\Users\alexi\Documents\projects\maicivy\frontend\components\__tests__\TimelineModal.test.tsx:8:13)
          at children (C:\Users\alexi\Documents\projects\maicivy\frontend\components\__tests__\TimelineModal.test.tsx:12:23)
          at event (C:\Users\alexi\Documents\projects\maicivy\frontend\components\timeline\TimelineModal.tsx:13:56)
      
      Consider adding an error boundary to your tree to customize error handling behavior.
      Visit https://reactjs.org/link/error-boundaries to learn more about error boundaries.

    [0m [90m 298 |[39m
     [90m 299 |[39m   it([32m'should apply correct color scheme for project type'[39m[33m,[39m () [33m=>[39m {
    [31m[1m>[22m[39m[90m 300 |[39m     [36mconst[39m { container } [33m=[39m render([33m<[39m[33mTimelineModal[39m event[33m=[39m{mockEvent} onClose[33m=[39m{jest[33m.[39mfn()} [33m/[39m[33m>[39m)[33m;[39m
     [90m     |[39m                                 [31m[1m^[22m[39m
     [90m 301 |[39m
     [90m 302 |[39m     [36mconst[39m purpleBadge [33m=[39m container[33m.[39mquerySelector([32m'.bg-purple-100'[39m)[33m;[39m
     [90m 303 |[39m     expect(purpleBadge)[33m.[39mtoBeInTheDocument()[33m;[39m[0m

      at logCapturedError (node_modules/react-dom/cjs/react-dom.development.js:18704:23)
      at update.callback (node_modules/react-dom/cjs/react-dom.development.js:18737:5)
      at callCallback (node_modules/react-dom/cjs/react-dom.development.js:15036:12)
      at commitUpdateQueue (node_modules/react-dom/cjs/react-dom.development.js:15057:9)
      at commitLayoutEffectOnFiber (node_modules/react-dom/cjs/react-dom.development.js:23430:13)
      at commitLayoutMountEffects_complete (node_modules/react-dom/cjs/react-dom.development.js:24727:9)
      at commitLayoutEffects_begin (node_modules/react-dom/cjs/react-dom.development.js:24713:7)
      at commitLayoutEffects (node_modules/react-dom/cjs/react-dom.development.js:24651:3)
      at commitRootImpl (node_modules/react-dom/cjs/react-dom.development.js:26862:5)
      at commitRoot (node_modules/react-dom/cjs/react-dom.development.js:26721:5)
      at finishConcurrentRender (node_modules/react-dom/cjs/react-dom.development.js:25931:9)
      at performConcurrentWorkOnRoot (node_modules/react-dom/cjs/react-dom.development.js:25848:7)
      at flushActQueue (node_modules/react/cjs/react.development.js:2667:24)
      at act (node_modules/react/cjs/react.development.js:2582:11)
      at node_modules/@testing-library/react/dist/act-compat.js:47:25
      at renderRoot (node_modules/@testing-library/react/dist/pure.js:190:26)
      at render (node_modules/@testing-library/react/dist/pure.js:292:10)
      at Object.<anonymous> (components/__tests__/TimelineModal.test.tsx:300:33)

    console.error
      Warning: React.jsx: type is invalid -- expected a string (for built-in components) or a class/function (for composite components) but got: undefined. You likely forgot to export your component from the file it's defined in, or you might have mixed up default and named imports.
      
      Check the render method of `TimelineModal`.
          at event (C:\Users\alexi\Documents\projects\maicivy\frontend\components\timeline\TimelineModal.tsx:13:56)

    [0m [90m 151 |[39m                 [33m<[39m[33mdiv[39m className[33m=[39m[32m"flex flex-wrap gap-2"[39m[33m>[39m
     [90m 152 |[39m                   {event[33m.[39mtags[33m.[39mmap((tag) [33m=>[39m (
    [31m[1m>[22m[39m[90m 153 |[39m                     [33m<[39m[33mmotion[39m[33m.[39mspan
     [90m     |[39m                     [31m[1m^[22m[39m
     [90m 154 |[39m                       key[33m=[39m{tag}
     [90m 155 |[39m                       whileHover[33m=[39m{{ scale[33m:[39m [35m1.05[39m }}
     [90m 156 |[39m                       className[33m=[39m[32m"px-4 py-2 bg-blue-500 text-white text-sm font-medium rounded-full shadow-sm"[39m[0m

      at printWarning (node_modules/react/cjs/react-jsx-runtime.development.js:87:30)
      at error (node_modules/react/cjs/react-jsx-runtime.development.js:61:7)
      at jsxWithValidation (node_modules/react/cjs/react-jsx-runtime.development.js:1245:7)
      at jsxWithValidationDynamic (node_modules/react/cjs/react-jsx-runtime.development.js:1320:12)
      at components/timeline/TimelineModal.tsx:153:21
          at Array.map (<anonymous>)
      at map (components/timeline/TimelineModal.tsx:152:31)
      at renderWithHooks (node_modules/react-dom/cjs/react-dom.development.js:15486:18)
      at mountIndeterminateComponent (node_modules/react-dom/cjs/react-dom.development.js:20103:13)
      at beginWork (node_modules/react-dom/cjs/react-dom.development.js:21626:16)
      at beginWork$1 (node_modules/react-dom/cjs/react-dom.development.js:27465:14)
      at performUnitOfWork (node_modules/react-dom/cjs/react-dom.development.js:26599:12)
      at workLoopSync (node_modules/react-dom/cjs/react-dom.development.js:26505:5)
      at renderRootSync (node_modules/react-dom/cjs/react-dom.development.js:26473:7)
      at performConcurrentWorkOnRoot (node_modules/react-dom/cjs/react-dom.development.js:25777:74)
      at flushActQueue (node_modules/react/cjs/react.development.js:2667:24)
      at act (node_modules/react/cjs/react.development.js:2582:11)
      at node_modules/@testing-library/react/dist/act-compat.js:47:25
      at renderRoot (node_modules/@testing-library/react/dist/pure.js:190:26)
      at render (node_modules/@testing-library/react/dist/pure.js:292:10)
      at Object.<anonymous> (components/__tests__/TimelineModal.test.tsx:309:33)

    console.error
      Warning: React.jsx: type is invalid -- expected a string (for built-in components) or a class/function (for composite components) but got: undefined. You likely forgot to export your component from the file it's defined in, or you might have mixed up default and named imports.
      
      Check the render method of `TimelineModal`.
          at event (C:\Users\alexi\Documents\projects\maicivy\frontend\components\timeline\TimelineModal.tsx:13:56)

    [0m [90m 151 |[39m                 [33m<[39m[33mdiv[39m className[33m=[39m[32m"flex flex-wrap gap-2"[39m[33m>[39m
     [90m 152 |[39m                   {event[33m.[39mtags[33m.[39mmap((tag) [33m=>[39m (
    [31m[1m>[22m[39m[90m 153 |[39m                     [33m<[39m[33mmotion[39m[33m.[39mspan
     [90m     |[39m                     [31m[1m^[22m[39m
     [90m 154 |[39m                       key[33m=[39m{tag}
     [90m 155 |[39m                       whileHover[33m=[39m{{ scale[33m:[39m [35m1.05[39m }}
     [90m 156 |[39m                       className[33m=[39m[32m"px-4 py-2 bg-blue-500 text-white text-sm font-medium rounded-full shadow-sm"[39m[0m

      at printWarning (node_modules/react/cjs/react-jsx-runtime.development.js:87:30)
      at error (node_modules/react/cjs/react-jsx-runtime.development.js:61:7)
      at jsxWithValidation (node_modules/react/cjs/react-jsx-runtime.development.js:1245:7)
      at jsxWithValidationDynamic (node_modules/react/cjs/react-jsx-runtime.development.js:1320:12)
      at components/timeline/TimelineModal.tsx:153:21
          at Array.map (<anonymous>)
      at map (components/timeline/TimelineModal.tsx:152:31)
      at renderWithHooks (node_modules/react-dom/cjs/react-dom.development.js:15486:18)
      at mountIndeterminateComponent (node_modules/react-dom/cjs/react-dom.development.js:20103:13)
      at beginWork (node_modules/react-dom/cjs/react-dom.development.js:21626:16)
      at beginWork$1 (node_modules/react-dom/cjs/react-dom.development.js:27465:14)
      at performUnitOfWork (node_modules/react-dom/cjs/react-dom.development.js:26599:12)
      at workLoopSync (node_modules/react-dom/cjs/react-dom.development.js:26505:5)
      at renderRootSync (node_modules/react-dom/cjs/react-dom.development.js:26473:7)
      at performConcurrentWorkOnRoot (node_modules/react-dom/cjs/react-dom.development.js:25777:74)
      at flushActQueue (node_modules/react/cjs/react.development.js:2667:24)
      at act (node_modules/react/cjs/react.development.js:2582:11)
      at node_modules/@testing-library/react/dist/act-compat.js:47:25
      at renderRoot (node_modules/@testing-library/react/dist/pure.js:190:26)
      at render (node_modules/@testing-library/react/dist/pure.js:292:10)
      at Object.<anonymous> (components/__tests__/TimelineModal.test.tsx:309:33)

    console.error
      Warning: React.jsx: type is invalid -- expected a string (for built-in components) or a class/function (for composite components) but got: undefined. You likely forgot to export your component from the file it's defined in, or you might have mixed up default and named imports.
      
      Check the render method of `TimelineModal`.
          at event (C:\Users\alexi\Documents\projects\maicivy\frontend\components\timeline\TimelineModal.tsx:13:56)

    [0m [90m 151 |[39m                 [33m<[39m[33mdiv[39m className[33m=[39m[32m"flex flex-wrap gap-2"[39m[33m>[39m
     [90m 152 |[39m                   {event[33m.[39mtags[33m.[39mmap((tag) [33m=>[39m (
    [31m[1m>[22m[39m[90m 153 |[39m                     [33m<[39m[33mmotion[39m[33m.[39mspan
     [90m     |[39m                     [31m[1m^[22m[39m
     [90m 154 |[39m                       key[33m=[39m{tag}
     [90m 155 |[39m                       whileHover[33m=[39m{{ scale[33m:[39m [35m1.05[39m }}
     [90m 156 |[39m                       className[33m=[39m[32m"px-4 py-2 bg-blue-500 text-white text-sm font-medium rounded-full shadow-sm"[39m[0m

      at printWarning (node_modules/react/cjs/react-jsx-runtime.development.js:87:30)
      at error (node_modules/react/cjs/react-jsx-runtime.development.js:61:7)
      at jsxWithValidation (node_modules/react/cjs/react-jsx-runtime.development.js:1245:7)
      at jsxWithValidationDynamic (node_modules/react/cjs/react-jsx-runtime.development.js:1320:12)
      at components/timeline/TimelineModal.tsx:153:21
          at Array.map (<anonymous>)
      at map (components/timeline/TimelineModal.tsx:152:31)
      at renderWithHooks (node_modules/react-dom/cjs/react-dom.development.js:15486:18)
      at mountIndeterminateComponent (node_modules/react-dom/cjs/react-dom.development.js:20103:13)
      at beginWork (node_modules/react-dom/cjs/react-dom.development.js:21626:16)
      at beginWork$1 (node_modules/react-dom/cjs/react-dom.development.js:27465:14)
      at performUnitOfWork (node_modules/react-dom/cjs/react-dom.development.js:26599:12)
      at workLoopSync (node_modules/react-dom/cjs/react-dom.development.js:26505:5)
      at renderRootSync (node_modules/react-dom/cjs/react-dom.development.js:26473:7)
      at performConcurrentWorkOnRoot (node_modules/react-dom/cjs/react-dom.development.js:25777:74)
      at flushActQueue (node_modules/react/cjs/react.development.js:2667:24)
      at act (node_modules/react/cjs/react.development.js:2582:11)
      at node_modules/@testing-library/react/dist/act-compat.js:47:25
      at renderRoot (node_modules/@testing-library/react/dist/pure.js:190:26)
      at render (node_modules/@testing-library/react/dist/pure.js:292:10)
      at Object.<anonymous> (components/__tests__/TimelineModal.test.tsx:309:33)

    console.error
      Warning: React.jsx: type is invalid -- expected a string (for built-in components) or a class/function (for composite components) but got: undefined. You likely forgot to export your component from the file it's defined in, or you might have mixed up default and named imports.
      
      Check the render method of `TimelineModal`.
          at event (C:\Users\alexi\Documents\projects\maicivy\frontend\components\timeline\TimelineModal.tsx:13:56)

    [0m [90m 151 |[39m                 [33m<[39m[33mdiv[39m className[33m=[39m[32m"flex flex-wrap gap-2"[39m[33m>[39m
     [90m 152 |[39m                   {event[33m.[39mtags[33m.[39mmap((tag) [33m=>[39m (
    [31m[1m>[22m[39m[90m 153 |[39m                     [33m<[39m[33mmotion[39m[33m.[39mspan
     [90m     |[39m                     [31m[1m^[22m[39m
     [90m 154 |[39m                       key[33m=[39m{tag}
     [90m 155 |[39m                       whileHover[33m=[39m{{ scale[33m:[39m [35m1.05[39m }}
     [90m 156 |[39m                       className[33m=[39m[32m"px-4 py-2 bg-blue-500 text-white text-sm font-medium rounded-full shadow-sm"[39m[0m

      at printWarning (node_modules/react/cjs/react-jsx-runtime.development.js:87:30)
      at error (node_modules/react/cjs/react-jsx-runtime.development.js:61:7)
      at jsxWithValidation (node_modules/react/cjs/react-jsx-runtime.development.js:1245:7)
      at jsxWithValidationDynamic (node_modules/react/cjs/react-jsx-runtime.development.js:1320:12)
      at components/timeline/TimelineModal.tsx:153:21
          at Array.map (<anonymous>)
      at map (components/timeline/TimelineModal.tsx:152:31)
      at renderWithHooks (node_modules/react-dom/cjs/react-dom.development.js:15486:18)
      at mountIndeterminateComponent (node_modules/react-dom/cjs/react-dom.development.js:20103:13)
      at beginWork (node_modules/react-dom/cjs/react-dom.development.js:21626:16)
      at beginWork$1 (node_modules/react-dom/cjs/react-dom.development.js:27465:14)
      at performUnitOfWork (node_modules/react-dom/cjs/react-dom.development.js:26599:12)
      at workLoopSync (node_modules/react-dom/cjs/react-dom.development.js:26505:5)
      at renderRootSync (node_modules/react-dom/cjs/react-dom.development.js:26473:7)
      at performConcurrentWorkOnRoot (node_modules/react-dom/cjs/react-dom.development.js:25777:74)
      at flushActQueue (node_modules/react/cjs/react.development.js:2667:24)
      at act (node_modules/react/cjs/react.development.js:2582:11)
      at node_modules/@testing-library/react/dist/act-compat.js:47:25
      at renderRoot (node_modules/@testing-library/react/dist/pure.js:190:26)
      at render (node_modules/@testing-library/react/dist/pure.js:292:10)
      at Object.<anonymous> (components/__tests__/TimelineModal.test.tsx:309:33)

    console.error
      Warning: React.jsx: type is invalid -- expected a string (for built-in components) or a class/function (for composite components) but got: undefined. You likely forgot to export your component from the file it's defined in, or you might have mixed up default and named imports.
      
      Check the render method of `TimelineModal`.
          at event (C:\Users\alexi\Documents\projects\maicivy\frontend\components\timeline\TimelineModal.tsx:13:56)

    [0m [90m 151 |[39m                 [33m<[39m[33mdiv[39m className[33m=[39m[32m"flex flex-wrap gap-2"[39m[33m>[39m
     [90m 152 |[39m                   {event[33m.[39mtags[33m.[39mmap((tag) [33m=>[39m (
    [31m[1m>[22m[39m[90m 153 |[39m                     [33m<[39m[33mmotion[39m[33m.[39mspan
     [90m     |[39m                     [31m[1m^[22m[39m
     [90m 154 |[39m                       key[33m=[39m{tag}
     [90m 155 |[39m                       whileHover[33m=[39m{{ scale[33m:[39m [35m1.05[39m }}
     [90m 156 |[39m                       className[33m=[39m[32m"px-4 py-2 bg-blue-500 text-white text-sm font-medium rounded-full shadow-sm"[39m[0m

      at printWarning (node_modules/react/cjs/react-jsx-runtime.development.js:87:30)
      at error (node_modules/react/cjs/react-jsx-runtime.development.js:61:7)
      at jsxWithValidation (node_modules/react/cjs/react-jsx-runtime.development.js:1245:7)
      at jsxWithValidationDynamic (node_modules/react/cjs/react-jsx-runtime.development.js:1320:12)
      at components/timeline/TimelineModal.tsx:153:21
          at Array.map (<anonymous>)
      at map (components/timeline/TimelineModal.tsx:152:31)
      at renderWithHooks (node_modules/react-dom/cjs/react-dom.development.js:15486:18)
      at mountIndeterminateComponent (node_modules/react-dom/cjs/react-dom.development.js:20103:13)
      at beginWork (node_modules/react-dom/cjs/react-dom.development.js:21626:16)
      at beginWork$1 (node_modules/react-dom/cjs/react-dom.development.js:27465:14)
      at performUnitOfWork (node_modules/react-dom/cjs/react-dom.development.js:26599:12)
      at workLoopSync (node_modules/react-dom/cjs/react-dom.development.js:26505:5)
      at renderRootSync (node_modules/react-dom/cjs/react-dom.development.js:26473:7)
      at performConcurrentWorkOnRoot (node_modules/react-dom/cjs/react-dom.development.js:25777:74)
      at flushActQueue (node_modules/react/cjs/react.development.js:2667:24)
      at act (node_modules/react/cjs/react.development.js:2582:11)
      at node_modules/@testing-library/react/dist/act-compat.js:47:25
      at renderRoot (node_modules/@testing-library/react/dist/pure.js:190:26)
      at render (node_modules/@testing-library/react/dist/pure.js:292:10)
      at Object.<anonymous> (components/__tests__/TimelineModal.test.tsx:309:33)

    console.error
      Error: Uncaught [Error: Element type is invalid: expected a string (for built-in components) or a class/function (for composite components) but got: undefined. You likely forgot to export your component from the file it's defined in, or you might have mixed up default and named imports.
      
      Check the render method of `TimelineModal`.]
          at reportException (C:\Users\alexi\Documents\projects\maicivy\frontend\node_modules\jsdom\lib\jsdom\living\helpers\runtime-script-errors.js:66:24)
          at innerInvokeEventListeners (C:\Users\alexi\Documents\projects\maicivy\frontend\node_modules\jsdom\lib\jsdom\living\events\EventTarget-impl.js:353:9)
          at invokeEventListeners (C:\Users\alexi\Documents\projects\maicivy\frontend\node_modules\jsdom\lib\jsdom\living\events\EventTarget-impl.js:286:3)
          at HTMLUnknownElementImpl._dispatch (C:\Users\alexi\Documents\projects\maicivy\frontend\node_modules\jsdom\lib\jsdom\living\events\EventTarget-impl.js:233:9)
          at HTMLUnknownElementImpl.dispatchEvent (C:\Users\alexi\Documents\projects\maicivy\frontend\node_modules\jsdom\lib\jsdom\living\events\EventTarget-impl.js:104:17)
          at HTMLUnknownElement.dispatchEvent (C:\Users\alexi\Documents\projects\maicivy\frontend\node_modules\jsdom\lib\jsdom\living\generated\EventTarget.js:241:34)
          at Object.invokeGuardedCallbackDev (C:\Users\alexi\Documents\projects\maicivy\frontend\node_modules\react-dom\cjs\react-dom.development.js:4213:16)
          at invokeGuardedCallback (C:\Users\alexi\Documents\projects\maicivy\frontend\node_modules\react-dom\cjs\react-dom.development.js:4277:31)
          at beginWork$1 (C:\Users\alexi\Documents\projects\maicivy\frontend\node_modules\react-dom\cjs\react-dom.development.js:27490:7)
          at performUnitOfWork (C:\Users\alexi\Documents\projects\maicivy\frontend\node_modules\react-dom\cjs\react-dom.development.js:26599:12)
          at workLoopSync (C:\Users\alexi\Documents\projects\maicivy\frontend\node_modules\react-dom\cjs\react-dom.development.js:26505:5)
          at renderRootSync (C:\Users\alexi\Documents\projects\maicivy\frontend\node_modules\react-dom\cjs\react-dom.development.js:26473:7)
          at performConcurrentWorkOnRoot (C:\Users\alexi\Documents\projects\maicivy\frontend\node_modules\react-dom\cjs\react-dom.development.js:25777:74)
          at flushActQueue (C:\Users\alexi\Documents\projects\maicivy\frontend\node_modules\react\cjs\react.development.js:2667:24)
          at act (C:\Users\alexi\Documents\projects\maicivy\frontend\node_modules\react\cjs\react.development.js:2582:11)
          at C:\Users\alexi\Documents\projects\maicivy\frontend\node_modules\@testing-library\react\dist\act-compat.js:47:25
          at renderRoot (C:\Users\alexi\Documents\projects\maicivy\frontend\node_modules\@testing-library\react\dist\pure.js:190:26)
          at render (C:\Users\alexi\Documents\projects\maicivy\frontend\node_modules\@testing-library\react\dist\pure.js:292:10)
          at Object.<anonymous> (C:\Users\alexi\Documents\projects\maicivy\frontend\components\__tests__\TimelineModal.test.tsx:309:33)
          at Promise.finally.completed (C:\Users\alexi\Documents\projects\maicivy\frontend\node_modules\jest-circus\build\jestAdapterInit.js:1557:28)
          at new Promise (<anonymous>)
          at callAsyncCircusFn (C:\Users\alexi\Documents\projects\maicivy\frontend\node_modules\jest-circus\build\jestAdapterInit.js:1497:10)
          at _callCircusTest (C:\Users\alexi\Documents\projects\maicivy\frontend\node_modules\jest-circus\build\jestAdapterInit.js:1007:40)
          at processTicksAndRejections (node:internal/process/task_queues:103:5)
          at _runTest (C:\Users\alexi\Documents\projects\maicivy\frontend\node_modules\jest-circus\build\jestAdapterInit.js:947:3)
          at C:\Users\alexi\Documents\projects\maicivy\frontend\node_modules\jest-circus\build\jestAdapterInit.js:849:7
          at _runTestsForDescribeBlock (C:\Users\alexi\Documents\projects\maicivy\frontend\node_modules\jest-circus\build\jestAdapterInit.js:862:11)
          at _runTestsForDescribeBlock (C:\Users\alexi\Documents\projects\maicivy\frontend\node_modules\jest-circus\build\jestAdapterInit.js:857:11)
          at run (C:\Users\alexi\Documents\projects\maicivy\frontend\node_modules\jest-circus\build\jestAdapterInit.js:761:3)
          at runAndTransformResultsToJestFormat (C:\Users\alexi\Documents\projects\maicivy\frontend\node_modules\jest-circus\build\jestAdapterInit.js:1918:21)
          at jestAdapter (C:\Users\alexi\Documents\projects\maicivy\frontend\node_modules\jest-circus\build\runner.js:101:19)
          at runTestInternal (C:\Users\alexi\Documents\projects\maicivy\frontend\node_modules\jest-runner\build\testWorker.js:275:16)
          at runTest (C:\Users\alexi\Documents\projects\maicivy\frontend\node_modules\jest-runner\build\testWorker.js:343:7)
          at Object.worker (C:\Users\alexi\Documents\projects\maicivy\frontend\node_modules\jest-runner\build\testWorker.js:497:12) {
        detail: Error: Element type is invalid: expected a string (for built-in components) or a class/function (for composite components) but got: undefined. You likely forgot to export your component from the file it's defined in, or you might have mixed up default and named imports.
        
        Check the render method of `TimelineModal`.
            at createFiberFromTypeAndProps (C:\Users\alexi\Documents\projects\maicivy\frontend\node_modules\react-dom\cjs\react-dom.development.js:28478:17)
            at createFiberFromElement (C:\Users\alexi\Documents\projects\maicivy\frontend\node_modules\react-dom\cjs\react-dom.development.js:28504:15)
            at createChild (C:\Users\alexi\Documents\projects\maicivy\frontend\node_modules\react-dom\cjs\react-dom.development.js:13345:28)
            at reconcileChildrenArray (C:\Users\alexi\Documents\projects\maicivy\frontend\node_modules\react-dom\cjs\react-dom.development.js:13640:25)
            at reconcileChildFibers (C:\Users\alexi\Documents\projects\maicivy\frontend\node_modules\react-dom\cjs\react-dom.development.js:14057:16)
            at reconcileChildren (C:\Users\alexi\Documents\projects\maicivy\frontend\node_modules\react-dom\cjs\react-dom.development.js:19186:28)
            at updateHostComponent (C:\Users\alexi\Documents\projects\maicivy\frontend\node_modules\react-dom\cjs\react-dom.development.js:19953:3)
            at beginWork (C:\Users\alexi\Documents\projects\maicivy\frontend\node_modules\react-dom\cjs\react-dom.development.js:21657:14)
            at HTMLUnknownElement.callCallback (C:\Users\alexi\Documents\projects\maicivy\frontend\node_modules\react-dom\cjs\react-dom.development.js:4164:14)
            at HTMLUnknownElement.callTheUserObjectsOperation (C:\Users\alexi\Documents\projects\maicivy\frontend\node_modules\jsdom\lib\jsdom\living\generated\EventListener.js:26:30)
            at innerInvokeEventListeners (C:\Users\alexi\Documents\projects\maicivy\frontend\node_modules\jsdom\lib\jsdom\living\events\EventTarget-impl.js:350:25)
            at invokeEventListeners (C:\Users\alexi\Documents\projects\maicivy\frontend\node_modules\jsdom\lib\jsdom\living\events\EventTarget-impl.js:286:3)
            at HTMLUnknownElementImpl._dispatch (C:\Users\alexi\Documents\projects\maicivy\frontend\node_modules\jsdom\lib\jsdom\living\events\EventTarget-impl.js:233:9)
            at HTMLUnknownElementImpl.dispatchEvent (C:\Users\alexi\Documents\projects\maicivy\frontend\node_modules\jsdom\lib\jsdom\living\events\EventTarget-impl.js:104:17)
            at HTMLUnknownElement.dispatchEvent (C:\Users\alexi\Documents\projects\maicivy\frontend\node_modules\jsdom\lib\jsdom\living\generated\EventTarget.js:241:34)
            at Object.invokeGuardedCallbackDev (C:\Users\alexi\Documents\projects\maicivy\frontend\node_modules\react-dom\cjs\react-dom.development.js:4213:16)
            at invokeGuardedCallback (C:\Users\alexi\Documents\projects\maicivy\frontend\node_modules\react-dom\cjs\react-dom.development.js:4277:31)
            at beginWork$1 (C:\Users\alexi\Documents\projects\maicivy\frontend\node_modules\react-dom\cjs\react-dom.development.js:27490:7)
            at performUnitOfWork (C:\Users\alexi\Documents\projects\maicivy\frontend\node_modules\react-dom\cjs\react-dom.development.js:26599:12)
            at workLoopSync (C:\Users\alexi\Documents\projects\maicivy\frontend\node_modules\react-dom\cjs\react-dom.development.js:26505:5)
            at renderRootSync (C:\Users\alexi\Documents\projects\maicivy\frontend\node_modules\react-dom\cjs\react-dom.development.js:26473:7)
            at performConcurrentWorkOnRoot (C:\Users\alexi\Documents\projects\maicivy\frontend\node_modules\react-dom\cjs\react-dom.development.js:25777:74)
            at flushActQueue (C:\Users\alexi\Documents\projects\maicivy\frontend\node_modules\react\cjs\react.development.js:2667:24)
            at act (C:\Users\alexi\Documents\projects\maicivy\frontend\node_modules\react\cjs\react.development.js:2582:11)
            at C:\Users\alexi\Documents\projects\maicivy\frontend\node_modules\@testing-library\react\dist\act-compat.js:47:25
            at renderRoot (C:\Users\alexi\Documents\projects\maicivy\frontend\node_modules\@testing-library\react\dist\pure.js:190:26)
            at render (C:\Users\alexi\Documents\projects\maicivy\frontend\node_modules\@testing-library\react\dist\pure.js:292:10)
            at Object.<anonymous> (C:\Users\alexi\Documents\projects\maicivy\frontend\components\__tests__\TimelineModal.test.tsx:309:33)
            at Promise.finally.completed (C:\Users\alexi\Documents\projects\maicivy\frontend\node_modules\jest-circus\build\jestAdapterInit.js:1557:28)
            at new Promise (<anonymous>)
            at callAsyncCircusFn (C:\Users\alexi\Documents\projects\maicivy\frontend\node_modules\jest-circus\build\jestAdapterInit.js:1497:10)
            at _callCircusTest (C:\Users\alexi\Documents\projects\maicivy\frontend\node_modules\jest-circus\build\jestAdapterInit.js:1007:40)
            at processTicksAndRejections (node:internal/process/task_queues:103:5)
            at _runTest (C:\Users\alexi\Documents\projects\maicivy\frontend\node_modules\jest-circus\build\jestAdapterInit.js:947:3)
            at C:\Users\alexi\Documents\projects\maicivy\frontend\node_modules\jest-circus\build\jestAdapterInit.js:849:7
            at _runTestsForDescribeBlock (C:\Users\alexi\Documents\projects\maicivy\frontend\node_modules\jest-circus\build\jestAdapterInit.js:862:11)
            at _runTestsForDescribeBlock (C:\Users\alexi\Documents\projects\maicivy\frontend\node_modules\jest-circus\build\jestAdapterInit.js:857:11)
            at run (C:\Users\alexi\Documents\projects\maicivy\frontend\node_modules\jest-circus\build\jestAdapterInit.js:761:3)
            at runAndTransformResultsToJestFormat (C:\Users\alexi\Documents\projects\maicivy\frontend\node_modules\jest-circus\build\jestAdapterInit.js:1918:21)
            at jestAdapter (C:\Users\alexi\Documents\projects\maicivy\frontend\node_modules\jest-circus\build\runner.js:101:19)
            at runTestInternal (C:\Users\alexi\Documents\projects\maicivy\frontend\node_modules\jest-runner\build\testWorker.js:275:16)
            at runTest (C:\Users\alexi\Documents\projects\maicivy\frontend\node_modules\jest-runner\build\testWorker.js:343:7)
            at Object.worker (C:\Users\alexi\Documents\projects\maicivy\frontend\node_modules\jest-runner\build\testWorker.js:497:12),
        type: 'unhandled exception'
      }

    [0m [90m 307 |[39m     [36mconst[39m experienceEvent [33m=[39m { [33m...[39mmockEvent[33m,[39m type[33m:[39m [32m'experience'[39m [36mas[39m [36mconst[39m }[33m;[39m
     [90m 308 |[39m
    [31m[1m>[22m[39m[90m 309 |[39m     [36mconst[39m { container } [33m=[39m render([33m<[39m[33mTimelineModal[39m event[33m=[39m{experienceEvent} onClose[33m=[39m{jest[33m.[39mfn()} [33m/[39m[33m>[39m)[33m;[39m
     [90m     |[39m                                 [31m[1m^[22m[39m
     [90m 310 |[39m
     [90m 311 |[39m     [36mconst[39m blueBadge [33m=[39m container[33m.[39mquerySelector([32m'.bg-blue-100'[39m)[33m;[39m
     [90m 312 |[39m     expect(blueBadge)[33m.[39mtoBeInTheDocument()[33m;[39m[0m

      at VirtualConsole.<anonymous> (node_modules/@jest/environment-jsdom-abstract/build/index.js:87:23)
      at reportException (node_modules/jsdom/lib/jsdom/living/helpers/runtime-script-errors.js:70:28)
      at innerInvokeEventListeners (node_modules/jsdom/lib/jsdom/living/events/EventTarget-impl.js:353:9)
      at invokeEventListeners (node_modules/jsdom/lib/jsdom/living/events/EventTarget-impl.js:286:3)
      at HTMLUnknownElementImpl._dispatch (node_modules/jsdom/lib/jsdom/living/events/EventTarget-impl.js:233:9)
      at HTMLUnknownElementImpl.dispatchEvent (node_modules/jsdom/lib/jsdom/living/events/EventTarget-impl.js:104:17)
      at HTMLUnknownElement.dispatchEvent (node_modules/jsdom/lib/jsdom/living/generated/EventTarget.js:241:34)
      at Object.invokeGuardedCallbackDev (node_modules/react-dom/cjs/react-dom.development.js:4213:16)
      at invokeGuardedCallback (node_modules/react-dom/cjs/react-dom.development.js:4277:31)
      at beginWork$1 (node_modules/react-dom/cjs/react-dom.development.js:27490:7)
      at performUnitOfWork (node_modules/react-dom/cjs/react-dom.development.js:26599:12)
      at workLoopSync (node_modules/react-dom/cjs/react-dom.development.js:26505:5)
      at renderRootSync (node_modules/react-dom/cjs/react-dom.development.js:26473:7)
      at performConcurrentWorkOnRoot (node_modules/react-dom/cjs/react-dom.development.js:25777:74)
      at flushActQueue (node_modules/react/cjs/react.development.js:2667:24)
      at act (node_modules/react/cjs/react.development.js:2582:11)
      at node_modules/@testing-library/react/dist/act-compat.js:47:25
      at renderRoot (node_modules/@testing-library/react/dist/pure.js:190:26)
      at render (node_modules/@testing-library/react/dist/pure.js:292:10)
      at Object.<anonymous> (components/__tests__/TimelineModal.test.tsx:309:33)

    console.error
      Warning: React.jsx: type is invalid -- expected a string (for built-in components) or a class/function (for composite components) but got: undefined. You likely forgot to export your component from the file it's defined in, or you might have mixed up default and named imports.
      
      Check the render method of `TimelineModal`.
          at event (C:\Users\alexi\Documents\projects\maicivy\frontend\components\timeline\TimelineModal.tsx:13:56)

    [0m [90m 151 |[39m                 [33m<[39m[33mdiv[39m className[33m=[39m[32m"flex flex-wrap gap-2"[39m[33m>[39m
     [90m 152 |[39m                   {event[33m.[39mtags[33m.[39mmap((tag) [33m=>[39m (
    [31m[1m>[22m[39m[90m 153 |[39m                     [33m<[39m[33mmotion[39m[33m.[39mspan
     [90m     |[39m                     [31m[1m^[22m[39m
     [90m 154 |[39m                       key[33m=[39m{tag}
     [90m 155 |[39m                       whileHover[33m=[39m{{ scale[33m:[39m [35m1.05[39m }}
     [90m 156 |[39m                       className[33m=[39m[32m"px-4 py-2 bg-blue-500 text-white text-sm font-medium rounded-full shadow-sm"[39m[0m

      at printWarning (node_modules/react/cjs/react-jsx-runtime.development.js:87:30)
      at error (node_modules/react/cjs/react-jsx-runtime.development.js:61:7)
      at jsxWithValidation (node_modules/react/cjs/react-jsx-runtime.development.js:1245:7)
      at jsxWithValidationDynamic (node_modules/react/cjs/react-jsx-runtime.development.js:1320:12)
      at components/timeline/TimelineModal.tsx:153:21
          at Array.map (<anonymous>)
      at map (components/timeline/TimelineModal.tsx:152:31)
      at renderWithHooks (node_modules/react-dom/cjs/react-dom.development.js:15486:18)
      at mountIndeterminateComponent (node_modules/react-dom/cjs/react-dom.development.js:20103:13)
      at beginWork (node_modules/react-dom/cjs/react-dom.development.js:21626:16)
      at beginWork$1 (node_modules/react-dom/cjs/react-dom.development.js:27465:14)
      at performUnitOfWork (node_modules/react-dom/cjs/react-dom.development.js:26599:12)
      at workLoopSync (node_modules/react-dom/cjs/react-dom.development.js:26505:5)
      at renderRootSync (node_modules/react-dom/cjs/react-dom.development.js:26473:7)
      at recoverFromConcurrentError (node_modules/react-dom/cjs/react-dom.development.js:25889:20)
      at performConcurrentWorkOnRoot (node_modules/react-dom/cjs/react-dom.development.js:25789:22)
      at flushActQueue (node_modules/react/cjs/react.development.js:2667:24)
      at act (node_modules/react/cjs/react.development.js:2582:11)
      at node_modules/@testing-library/react/dist/act-compat.js:47:25
      at renderRoot (node_modules/@testing-library/react/dist/pure.js:190:26)
      at render (node_modules/@testing-library/react/dist/pure.js:292:10)
      at Object.<anonymous> (components/__tests__/TimelineModal.test.tsx:309:33)

    console.error
      Warning: React.jsx: type is invalid -- expected a string (for built-in components) or a class/function (for composite components) but got: undefined. You likely forgot to export your component from the file it's defined in, or you might have mixed up default and named imports.
      
      Check the render method of `TimelineModal`.
          at event (C:\Users\alexi\Documents\projects\maicivy\frontend\components\timeline\TimelineModal.tsx:13:56)

    [0m [90m 151 |[39m                 [33m<[39m[33mdiv[39m className[33m=[39m[32m"flex flex-wrap gap-2"[39m[33m>[39m
     [90m 152 |[39m                   {event[33m.[39mtags[33m.[39mmap((tag) [33m=>[39m (
    [31m[1m>[22m[39m[90m 153 |[39m                     [33m<[39m[33mmotion[39m[33m.[39mspan
     [90m     |[39m                     [31m[1m^[22m[39m
     [90m 154 |[39m                       key[33m=[39m{tag}
     [90m 155 |[39m                       whileHover[33m=[39m{{ scale[33m:[39m [35m1.05[39m }}
     [90m 156 |[39m                       className[33m=[39m[32m"px-4 py-2 bg-blue-500 text-white text-sm font-medium rounded-full shadow-sm"[39m[0m

      at printWarning (node_modules/react/cjs/react-jsx-runtime.development.js:87:30)
      at error (node_modules/react/cjs/react-jsx-runtime.development.js:61:7)
      at jsxWithValidation (node_modules/react/cjs/react-jsx-runtime.development.js:1245:7)
      at jsxWithValidationDynamic (node_modules/react/cjs/react-jsx-runtime.development.js:1320:12)
      at components/timeline/TimelineModal.tsx:153:21
          at Array.map (<anonymous>)
      at map (components/timeline/TimelineModal.tsx:152:31)
      at renderWithHooks (node_modules/react-dom/cjs/react-dom.development.js:15486:18)
      at mountIndeterminateComponent (node_modules/react-dom/cjs/react-dom.development.js:20103:13)
      at beginWork (node_modules/react-dom/cjs/react-dom.development.js:21626:16)
      at beginWork$1 (node_modules/react-dom/cjs/react-dom.development.js:27465:14)
      at performUnitOfWork (node_modules/react-dom/cjs/react-dom.development.js:26599:12)
      at workLoopSync (node_modules/react-dom/cjs/react-dom.development.js:26505:5)
      at renderRootSync (node_modules/react-dom/cjs/react-dom.development.js:26473:7)
      at recoverFromConcurrentError (node_modules/react-dom/cjs/react-dom.development.js:25889:20)
      at performConcurrentWorkOnRoot (node_modules/react-dom/cjs/react-dom.development.js:25789:22)
      at flushActQueue (node_modules/react/cjs/react.development.js:2667:24)
      at act (node_modules/react/cjs/react.development.js:2582:11)
      at node_modules/@testing-library/react/dist/act-compat.js:47:25
      at renderRoot (node_modules/@testing-library/react/dist/pure.js:190:26)
      at render (node_modules/@testing-library/react/dist/pure.js:292:10)
      at Object.<anonymous> (components/__tests__/TimelineModal.test.tsx:309:33)

    console.error
      Warning: React.jsx: type is invalid -- expected a string (for built-in components) or a class/function (for composite components) but got: undefined. You likely forgot to export your component from the file it's defined in, or you might have mixed up default and named imports.
      
      Check the render method of `TimelineModal`.
          at event (C:\Users\alexi\Documents\projects\maicivy\frontend\components\timeline\TimelineModal.tsx:13:56)

    [0m [90m 151 |[39m                 [33m<[39m[33mdiv[39m className[33m=[39m[32m"flex flex-wrap gap-2"[39m[33m>[39m
     [90m 152 |[39m                   {event[33m.[39mtags[33m.[39mmap((tag) [33m=>[39m (
    [31m[1m>[22m[39m[90m 153 |[39m                     [33m<[39m[33mmotion[39m[33m.[39mspan
     [90m     |[39m                     [31m[1m^[22m[39m
     [90m 154 |[39m                       key[33m=[39m{tag}
     [90m 155 |[39m                       whileHover[33m=[39m{{ scale[33m:[39m [35m1.05[39m }}
     [90m 156 |[39m                       className[33m=[39m[32m"px-4 py-2 bg-blue-500 text-white text-sm font-medium rounded-full shadow-sm"[39m[0m

      at printWarning (node_modules/react/cjs/react-jsx-runtime.development.js:87:30)
      at error (node_modules/react/cjs/react-jsx-runtime.development.js:61:7)
      at jsxWithValidation (node_modules/react/cjs/react-jsx-runtime.development.js:1245:7)
      at jsxWithValidationDynamic (node_modules/react/cjs/react-jsx-runtime.development.js:1320:12)
      at components/timeline/TimelineModal.tsx:153:21
          at Array.map (<anonymous>)
      at map (components/timeline/TimelineModal.tsx:152:31)
      at renderWithHooks (node_modules/react-dom/cjs/react-dom.development.js:15486:18)
      at mountIndeterminateComponent (node_modules/react-dom/cjs/react-dom.development.js:20103:13)
      at beginWork (node_modules/react-dom/cjs/react-dom.development.js:21626:16)
      at beginWork$1 (node_modules/react-dom/cjs/react-dom.development.js:27465:14)
      at performUnitOfWork (node_modules/react-dom/cjs/react-dom.development.js:26599:12)
      at workLoopSync (node_modules/react-dom/cjs/react-dom.development.js:26505:5)
      at renderRootSync (node_modules/react-dom/cjs/react-dom.development.js:26473:7)
      at recoverFromConcurrentError (node_modules/react-dom/cjs/react-dom.development.js:25889:20)
      at performConcurrentWorkOnRoot (node_modules/react-dom/cjs/react-dom.development.js:25789:22)
      at flushActQueue (node_modules/react/cjs/react.development.js:2667:24)
      at act (node_modules/react/cjs/react.development.js:2582:11)
      at node_modules/@testing-library/react/dist/act-compat.js:47:25
      at renderRoot (node_modules/@testing-library/react/dist/pure.js:190:26)
      at render (node_modules/@testing-library/react/dist/pure.js:292:10)
      at Object.<anonymous> (components/__tests__/TimelineModal.test.tsx:309:33)

    console.error
      Warning: React.jsx: type is invalid -- expected a string (for built-in components) or a class/function (for composite components) but got: undefined. You likely forgot to export your component from the file it's defined in, or you might have mixed up default and named imports.
      
      Check the render method of `TimelineModal`.
          at event (C:\Users\alexi\Documents\projects\maicivy\frontend\components\timeline\TimelineModal.tsx:13:56)

    [0m [90m 151 |[39m                 [33m<[39m[33mdiv[39m className[33m=[39m[32m"flex flex-wrap gap-2"[39m[33m>[39m
     [90m 152 |[39m                   {event[33m.[39mtags[33m.[39mmap((tag) [33m=>[39m (
    [31m[1m>[22m[39m[90m 153 |[39m                     [33m<[39m[33mmotion[39m[33m.[39mspan
     [90m     |[39m                     [31m[1m^[22m[39m
     [90m 154 |[39m                       key[33m=[39m{tag}
     [90m 155 |[39m                       whileHover[33m=[39m{{ scale[33m:[39m [35m1.05[39m }}
     [90m 156 |[39m                       className[33m=[39m[32m"px-4 py-2 bg-blue-500 text-white text-sm font-medium rounded-full shadow-sm"[39m[0m

      at printWarning (node_modules/react/cjs/react-jsx-runtime.development.js:87:30)
      at error (node_modules/react/cjs/react-jsx-runtime.development.js:61:7)
      at jsxWithValidation (node_modules/react/cjs/react-jsx-runtime.development.js:1245:7)
      at jsxWithValidationDynamic (node_modules/react/cjs/react-jsx-runtime.development.js:1320:12)
      at components/timeline/TimelineModal.tsx:153:21
          at Array.map (<anonymous>)
      at map (components/timeline/TimelineModal.tsx:152:31)
      at renderWithHooks (node_modules/react-dom/cjs/react-dom.development.js:15486:18)
      at mountIndeterminateComponent (node_modules/react-dom/cjs/react-dom.development.js:20103:13)
      at beginWork (node_modules/react-dom/cjs/react-dom.development.js:21626:16)
      at beginWork$1 (node_modules/react-dom/cjs/react-dom.development.js:27465:14)
      at performUnitOfWork (node_modules/react-dom/cjs/react-dom.development.js:26599:12)
      at workLoopSync (node_modules/react-dom/cjs/react-dom.development.js:26505:5)
      at renderRootSync (node_modules/react-dom/cjs/react-dom.development.js:26473:7)
      at recoverFromConcurrentError (node_modules/react-dom/cjs/react-dom.development.js:25889:20)
      at performConcurrentWorkOnRoot (node_modules/react-dom/cjs/react-dom.development.js:25789:22)
      at flushActQueue (node_modules/react/cjs/react.development.js:2667:24)
      at act (node_modules/react/cjs/react.development.js:2582:11)
      at node_modules/@testing-library/react/dist/act-compat.js:47:25
      at renderRoot (node_modules/@testing-library/react/dist/pure.js:190:26)
      at render (node_modules/@testing-library/react/dist/pure.js:292:10)
      at Object.<anonymous> (components/__tests__/TimelineModal.test.tsx:309:33)

    console.error
      Warning: React.jsx: type is invalid -- expected a string (for built-in components) or a class/function (for composite components) but got: undefined. You likely forgot to export your component from the file it's defined in, or you might have mixed up default and named imports.
      
      Check the render method of `TimelineModal`.
          at event (C:\Users\alexi\Documents\projects\maicivy\frontend\components\timeline\TimelineModal.tsx:13:56)

    [0m [90m 151 |[39m                 [33m<[39m[33mdiv[39m className[33m=[39m[32m"flex flex-wrap gap-2"[39m[33m>[39m
     [90m 152 |[39m                   {event[33m.[39mtags[33m.[39mmap((tag) [33m=>[39m (
    [31m[1m>[22m[39m[90m 153 |[39m                     [33m<[39m[33mmotion[39m[33m.[39mspan
     [90m     |[39m                     [31m[1m^[22m[39m
     [90m 154 |[39m                       key[33m=[39m{tag}
     [90m 155 |[39m                       whileHover[33m=[39m{{ scale[33m:[39m [35m1.05[39m }}
     [90m 156 |[39m                       className[33m=[39m[32m"px-4 py-2 bg-blue-500 text-white text-sm font-medium rounded-full shadow-sm"[39m[0m

      at printWarning (node_modules/react/cjs/react-jsx-runtime.development.js:87:30)
      at error (node_modules/react/cjs/react-jsx-runtime.development.js:61:7)
      at jsxWithValidation (node_modules/react/cjs/react-jsx-runtime.development.js:1245:7)
      at jsxWithValidationDynamic (node_modules/react/cjs/react-jsx-runtime.development.js:1320:12)
      at components/timeline/TimelineModal.tsx:153:21
          at Array.map (<anonymous>)
      at map (components/timeline/TimelineModal.tsx:152:31)
      at renderWithHooks (node_modules/react-dom/cjs/react-dom.development.js:15486:18)
      at mountIndeterminateComponent (node_modules/react-dom/cjs/react-dom.development.js:20103:13)
      at beginWork (node_modules/react-dom/cjs/react-dom.development.js:21626:16)
      at beginWork$1 (node_modules/react-dom/cjs/react-dom.development.js:27465:14)
      at performUnitOfWork (node_modules/react-dom/cjs/react-dom.development.js:26599:12)
      at workLoopSync (node_modules/react-dom/cjs/react-dom.development.js:26505:5)
      at renderRootSync (node_modules/react-dom/cjs/react-dom.development.js:26473:7)
      at recoverFromConcurrentError (node_modules/react-dom/cjs/react-dom.development.js:25889:20)
      at performConcurrentWorkOnRoot (node_modules/react-dom/cjs/react-dom.development.js:25789:22)
      at flushActQueue (node_modules/react/cjs/react.development.js:2667:24)
      at act (node_modules/react/cjs/react.development.js:2582:11)
      at node_modules/@testing-library/react/dist/act-compat.js:47:25
      at renderRoot (node_modules/@testing-library/react/dist/pure.js:190:26)
      at render (node_modules/@testing-library/react/dist/pure.js:292:10)
      at Object.<anonymous> (components/__tests__/TimelineModal.test.tsx:309:33)

    console.error
      Error: Uncaught [Error: Element type is invalid: expected a string (for built-in components) or a class/function (for composite components) but got: undefined. You likely forgot to export your component from the file it's defined in, or you might have mixed up default and named imports.
      
      Check the render method of `TimelineModal`.]
          at reportException (C:\Users\alexi\Documents\projects\maicivy\frontend\node_modules\jsdom\lib\jsdom\living\helpers\runtime-script-errors.js:66:24)
          at innerInvokeEventListeners (C:\Users\alexi\Documents\projects\maicivy\frontend\node_modules\jsdom\lib\jsdom\living\events\EventTarget-impl.js:353:9)
          at invokeEventListeners (C:\Users\alexi\Documents\projects\maicivy\frontend\node_modules\jsdom\lib\jsdom\living\events\EventTarget-impl.js:286:3)
          at HTMLUnknownElementImpl._dispatch (C:\Users\alexi\Documents\projects\maicivy\frontend\node_modules\jsdom\lib\jsdom\living\events\EventTarget-impl.js:233:9)
          at HTMLUnknownElementImpl.dispatchEvent (C:\Users\alexi\Documents\projects\maicivy\frontend\node_modules\jsdom\lib\jsdom\living\events\EventTarget-impl.js:104:17)
          at HTMLUnknownElement.dispatchEvent (C:\Users\alexi\Documents\projects\maicivy\frontend\node_modules\jsdom\lib\jsdom\living\generated\EventTarget.js:241:34)
          at Object.invokeGuardedCallbackDev (C:\Users\alexi\Documents\projects\maicivy\frontend\node_modules\react-dom\cjs\react-dom.development.js:4213:16)
          at invokeGuardedCallback (C:\Users\alexi\Documents\projects\maicivy\frontend\node_modules\react-dom\cjs\react-dom.development.js:4277:31)
          at beginWork$1 (C:\Users\alexi\Documents\projects\maicivy\frontend\node_modules\react-dom\cjs\react-dom.development.js:27490:7)
          at performUnitOfWork (C:\Users\alexi\Documents\projects\maicivy\frontend\node_modules\react-dom\cjs\react-dom.development.js:26599:12)
          at workLoopSync (C:\Users\alexi\Documents\projects\maicivy\frontend\node_modules\react-dom\cjs\react-dom.development.js:26505:5)
          at renderRootSync (C:\Users\alexi\Documents\projects\maicivy\frontend\node_modules\react-dom\cjs\react-dom.development.js:26473:7)
          at recoverFromConcurrentError (C:\Users\alexi\Documents\projects\maicivy\frontend\node_modules\react-dom\cjs\react-dom.development.js:25889:20)
          at performConcurrentWorkOnRoot (C:\Users\alexi\Documents\projects\maicivy\frontend\node_modules\react-dom\cjs\react-dom.development.js:25789:22)
          at flushActQueue (C:\Users\alexi\Documents\projects\maicivy\frontend\node_modules\react\cjs\react.development.js:2667:24)
          at act (C:\Users\alexi\Documents\projects\maicivy\frontend\node_modules\react\cjs\react.development.js:2582:11)
          at C:\Users\alexi\Documents\projects\maicivy\frontend\node_modules\@testing-library\react\dist\act-compat.js:47:25
          at renderRoot (C:\Users\alexi\Documents\projects\maicivy\frontend\node_modules\@testing-library\react\dist\pure.js:190:26)
          at render (C:\Users\alexi\Documents\projects\maicivy\frontend\node_modules\@testing-library\react\dist\pure.js:292:10)
          at Object.<anonymous> (C:\Users\alexi\Documents\projects\maicivy\frontend\components\__tests__\TimelineModal.test.tsx:309:33)
          at Promise.finally.completed (C:\Users\alexi\Documents\projects\maicivy\frontend\node_modules\jest-circus\build\jestAdapterInit.js:1557:28)
          at new Promise (<anonymous>)
          at callAsyncCircusFn (C:\Users\alexi\Documents\projects\maicivy\frontend\node_modules\jest-circus\build\jestAdapterInit.js:1497:10)
          at _callCircusTest (C:\Users\alexi\Documents\projects\maicivy\frontend\node_modules\jest-circus\build\jestAdapterInit.js:1007:40)
          at processTicksAndRejections (node:internal/process/task_queues:103:5)
          at _runTest (C:\Users\alexi\Documents\projects\maicivy\frontend\node_modules\jest-circus\build\jestAdapterInit.js:947:3)
          at C:\Users\alexi\Documents\projects\maicivy\frontend\node_modules\jest-circus\build\jestAdapterInit.js:849:7
          at _runTestsForDescribeBlock (C:\Users\alexi\Documents\projects\maicivy\frontend\node_modules\jest-circus\build\jestAdapterInit.js:862:11)
          at _runTestsForDescribeBlock (C:\Users\alexi\Documents\projects\maicivy\frontend\node_modules\jest-circus\build\jestAdapterInit.js:857:11)
          at run (C:\Users\alexi\Documents\projects\maicivy\frontend\node_modules\jest-circus\build\jestAdapterInit.js:761:3)
          at runAndTransformResultsToJestFormat (C:\Users\alexi\Documents\projects\maicivy\frontend\node_modules\jest-circus\build\jestAdapterInit.js:1918:21)
          at jestAdapter (C:\Users\alexi\Documents\projects\maicivy\frontend\node_modules\jest-circus\build\runner.js:101:19)
          at runTestInternal (C:\Users\alexi\Documents\projects\maicivy\frontend\node_modules\jest-runner\build\testWorker.js:275:16)
          at runTest (C:\Users\alexi\Documents\projects\maicivy\frontend\node_modules\jest-runner\build\testWorker.js:343:7)
          at Object.worker (C:\Users\alexi\Documents\projects\maicivy\frontend\node_modules\jest-runner\build\testWorker.js:497:12) {
        detail: Error: Element type is invalid: expected a string (for built-in components) or a class/function (for composite components) but got: undefined. You likely forgot to export your component from the file it's defined in, or you might have mixed up default and named imports.
        
        Check the render method of `TimelineModal`.
            at createFiberFromTypeAndProps (C:\Users\alexi\Documents\projects\maicivy\frontend\node_modules\react-dom\cjs\react-dom.development.js:28478:17)
            at createFiberFromElement (C:\Users\alexi\Documents\projects\maicivy\frontend\node_modules\react-dom\cjs\react-dom.development.js:28504:15)
            at createChild (C:\Users\alexi\Documents\projects\maicivy\frontend\node_modules\react-dom\cjs\react-dom.development.js:13345:28)
            at reconcileChildrenArray (C:\Users\alexi\Documents\projects\maicivy\frontend\node_modules\react-dom\cjs\react-dom.development.js:13640:25)
            at reconcileChildFibers (C:\Users\alexi\Documents\projects\maicivy\frontend\node_modules\react-dom\cjs\react-dom.development.js:14057:16)
            at reconcileChildren (C:\Users\alexi\Documents\projects\maicivy\frontend\node_modules\react-dom\cjs\react-dom.development.js:19186:28)
            at updateHostComponent (C:\Users\alexi\Documents\projects\maicivy\frontend\node_modules\react-dom\cjs\react-dom.development.js:19953:3)
            at beginWork (C:\Users\alexi\Documents\projects\maicivy\frontend\node_modules\react-dom\cjs\react-dom.development.js:21657:14)
            at HTMLUnknownElement.callCallback (C:\Users\alexi\Documents\projects\maicivy\frontend\node_modules\react-dom\cjs\react-dom.development.js:4164:14)
            at HTMLUnknownElement.callTheUserObjectsOperation (C:\Users\alexi\Documents\projects\maicivy\frontend\node_modules\jsdom\lib\jsdom\living\generated\EventListener.js:26:30)
            at innerInvokeEventListeners (C:\Users\alexi\Documents\projects\maicivy\frontend\node_modules\jsdom\lib\jsdom\living\events\EventTarget-impl.js:350:25)
            at invokeEventListeners (C:\Users\alexi\Documents\projects\maicivy\frontend\node_modules\jsdom\lib\jsdom\living\events\EventTarget-impl.js:286:3)
            at HTMLUnknownElementImpl._dispatch (C:\Users\alexi\Documents\projects\maicivy\frontend\node_modules\jsdom\lib\jsdom\living\events\EventTarget-impl.js:233:9)
            at HTMLUnknownElementImpl.dispatchEvent (C:\Users\alexi\Documents\projects\maicivy\frontend\node_modules\jsdom\lib\jsdom\living\events\EventTarget-impl.js:104:17)
            at HTMLUnknownElement.dispatchEvent (C:\Users\alexi\Documents\projects\maicivy\frontend\node_modules\jsdom\lib\jsdom\living\generated\EventTarget.js:241:34)
            at Object.invokeGuardedCallbackDev (C:\Users\alexi\Documents\projects\maicivy\frontend\node_modules\react-dom\cjs\react-dom.development.js:4213:16)
            at invokeGuardedCallback (C:\Users\alexi\Documents\projects\maicivy\frontend\node_modules\react-dom\cjs\react-dom.development.js:4277:31)
            at beginWork$1 (C:\Users\alexi\Documents\projects\maicivy\frontend\node_modules\react-dom\cjs\react-dom.development.js:27490:7)
            at performUnitOfWork (C:\Users\alexi\Documents\projects\maicivy\frontend\node_modules\react-dom\cjs\react-dom.development.js:26599:12)
            at workLoopSync (C:\Users\alexi\Documents\projects\maicivy\frontend\node_modules\react-dom\cjs\react-dom.development.js:26505:5)
            at renderRootSync (C:\Users\alexi\Documents\projects\maicivy\frontend\node_modules\react-dom\cjs\react-dom.development.js:26473:7)
            at recoverFromConcurrentError (C:\Users\alexi\Documents\projects\maicivy\frontend\node_modules\react-dom\cjs\react-dom.development.js:25889:20)
            at performConcurrentWorkOnRoot (C:\Users\alexi\Documents\projects\maicivy\frontend\node_modules\react-dom\cjs\react-dom.development.js:25789:22)
            at flushActQueue (C:\Users\alexi\Documents\projects\maicivy\frontend\node_modules\react\cjs\react.development.js:2667:24)
            at act (C:\Users\alexi\Documents\projects\maicivy\frontend\node_modules\react\cjs\react.development.js:2582:11)
            at C:\Users\alexi\Documents\projects\maicivy\frontend\node_modules\@testing-library\react\dist\act-compat.js:47:25
            at renderRoot (C:\Users\alexi\Documents\projects\maicivy\frontend\node_modules\@testing-library\react\dist\pure.js:190:26)
            at render (C:\Users\alexi\Documents\projects\maicivy\frontend\node_modules\@testing-library\react\dist\pure.js:292:10)
            at Object.<anonymous> (C:\Users\alexi\Documents\projects\maicivy\frontend\components\__tests__\TimelineModal.test.tsx:309:33)
            at Promise.finally.completed (C:\Users\alexi\Documents\projects\maicivy\frontend\node_modules\jest-circus\build\jestAdapterInit.js:1557:28)
            at new Promise (<anonymous>)
            at callAsyncCircusFn (C:\Users\alexi\Documents\projects\maicivy\frontend\node_modules\jest-circus\build\jestAdapterInit.js:1497:10)
            at _callCircusTest (C:\Users\alexi\Documents\projects\maicivy\frontend\node_modules\jest-circus\build\jestAdapterInit.js:1007:40)
            at processTicksAndRejections (node:internal/process/task_queues:103:5)
            at _runTest (C:\Users\alexi\Documents\projects\maicivy\frontend\node_modules\jest-circus\build\jestAdapterInit.js:947:3)
            at C:\Users\alexi\Documents\projects\maicivy\frontend\node_modules\jest-circus\build\jestAdapterInit.js:849:7
            at _runTestsForDescribeBlock (C:\Users\alexi\Documents\projects\maicivy\frontend\node_modules\jest-circus\build\jestAdapterInit.js:862:11)
            at _runTestsForDescribeBlock (C:\Users\alexi\Documents\projects\maicivy\frontend\node_modules\jest-circus\build\jestAdapterInit.js:857:11)
            at run (C:\Users\alexi\Documents\projects\maicivy\frontend\node_modules\jest-circus\build\jestAdapterInit.js:761:3)
            at runAndTransformResultsToJestFormat (C:\Users\alexi\Documents\projects\maicivy\frontend\node_modules\jest-circus\build\jestAdapterInit.js:1918:21)
            at jestAdapter (C:\Users\alexi\Documents\projects\maicivy\frontend\node_modules\jest-circus\build\runner.js:101:19)
            at runTestInternal (C:\Users\alexi\Documents\projects\maicivy\frontend\node_modules\jest-runner\build\testWorker.js:275:16)
            at runTest (C:\Users\alexi\Documents\projects\maicivy\frontend\node_modules\jest-runner\build\testWorker.js:343:7)
            at Object.worker (C:\Users\alexi\Documents\projects\maicivy\frontend\node_modules\jest-runner\build\testWorker.js:497:12),
        type: 'unhandled exception'
      }

    [0m [90m 307 |[39m     [36mconst[39m experienceEvent [33m=[39m { [33m...[39mmockEvent[33m,[39m type[33m:[39m [32m'experience'[39m [36mas[39m [36mconst[39m }[33m;[39m
     [90m 308 |[39m
    [31m[1m>[22m[39m[90m 309 |[39m     [36mconst[39m { container } [33m=[39m render([33m<[39m[33mTimelineModal[39m event[33m=[39m{experienceEvent} onClose[33m=[39m{jest[33m.[39mfn()} [33m/[39m[33m>[39m)[33m;[39m
     [90m     |[39m                                 [31m[1m^[22m[39m
     [90m 310 |[39m
     [90m 311 |[39m     [36mconst[39m blueBadge [33m=[39m container[33m.[39mquerySelector([32m'.bg-blue-100'[39m)[33m;[39m
     [90m 312 |[39m     expect(blueBadge)[33m.[39mtoBeInTheDocument()[33m;[39m[0m

      at VirtualConsole.<anonymous> (node_modules/@jest/environment-jsdom-abstract/build/index.js:87:23)
      at reportException (node_modules/jsdom/lib/jsdom/living/helpers/runtime-script-errors.js:70:28)
      at innerInvokeEventListeners (node_modules/jsdom/lib/jsdom/living/events/EventTarget-impl.js:353:9)
      at invokeEventListeners (node_modules/jsdom/lib/jsdom/living/events/EventTarget-impl.js:286:3)
      at HTMLUnknownElementImpl._dispatch (node_modules/jsdom/lib/jsdom/living/events/EventTarget-impl.js:233:9)
      at HTMLUnknownElementImpl.dispatchEvent (node_modules/jsdom/lib/jsdom/living/events/EventTarget-impl.js:104:17)
      at HTMLUnknownElement.dispatchEvent (node_modules/jsdom/lib/jsdom/living/generated/EventTarget.js:241:34)
      at Object.invokeGuardedCallbackDev (node_modules/react-dom/cjs/react-dom.development.js:4213:16)
      at invokeGuardedCallback (node_modules/react-dom/cjs/react-dom.development.js:4277:31)
      at beginWork$1 (node_modules/react-dom/cjs/react-dom.development.js:27490:7)
      at performUnitOfWork (node_modules/react-dom/cjs/react-dom.development.js:26599:12)
      at workLoopSync (node_modules/react-dom/cjs/react-dom.development.js:26505:5)
      at renderRootSync (node_modules/react-dom/cjs/react-dom.development.js:26473:7)
      at recoverFromConcurrentError (node_modules/react-dom/cjs/react-dom.development.js:25889:20)
      at performConcurrentWorkOnRoot (node_modules/react-dom/cjs/react-dom.development.js:25789:22)
      at flushActQueue (node_modules/react/cjs/react.development.js:2667:24)
      at act (node_modules/react/cjs/react.development.js:2582:11)
      at node_modules/@testing-library/react/dist/act-compat.js:47:25
      at renderRoot (node_modules/@testing-library/react/dist/pure.js:190:26)
      at render (node_modules/@testing-library/react/dist/pure.js:292:10)
      at Object.<anonymous> (components/__tests__/TimelineModal.test.tsx:309:33)

    console.error
      The above error occurred in the <div> component:
      
          at div
          at div
          at div
          at div
          at children (C:\Users\alexi\Documents\projects\maicivy\frontend\components\__tests__\TimelineModal.test.tsx:8:13)
          at div
          at children (C:\Users\alexi\Documents\projects\maicivy\frontend\components\__tests__\TimelineModal.test.tsx:8:13)
          at children (C:\Users\alexi\Documents\projects\maicivy\frontend\components\__tests__\TimelineModal.test.tsx:12:23)
          at event (C:\Users\alexi\Documents\projects\maicivy\frontend\components\timeline\TimelineModal.tsx:13:56)
      
      Consider adding an error boundary to your tree to customize error handling behavior.
      Visit https://reactjs.org/link/error-boundaries to learn more about error boundaries.

    [0m [90m 307 |[39m     [36mconst[39m experienceEvent [33m=[39m { [33m...[39mmockEvent[33m,[39m type[33m:[39m [32m'experience'[39m [36mas[39m [36mconst[39m }[33m;[39m
     [90m 308 |[39m
    [31m[1m>[22m[39m[90m 309 |[39m     [36mconst[39m { container } [33m=[39m render([33m<[39m[33mTimelineModal[39m event[33m=[39m{experienceEvent} onClose[33m=[39m{jest[33m.[39mfn()} [33m/[39m[33m>[39m)[33m;[39m
     [90m     |[39m                                 [31m[1m^[22m[39m
     [90m 310 |[39m
     [90m 311 |[39m     [36mconst[39m blueBadge [33m=[39m container[33m.[39mquerySelector([32m'.bg-blue-100'[39m)[33m;[39m
     [90m 312 |[39m     expect(blueBadge)[33m.[39mtoBeInTheDocument()[33m;[39m[0m

      at logCapturedError (node_modules/react-dom/cjs/react-dom.development.js:18704:23)
      at update.callback (node_modules/react-dom/cjs/react-dom.development.js:18737:5)
      at callCallback (node_modules/react-dom/cjs/react-dom.development.js:15036:12)
      at commitUpdateQueue (node_modules/react-dom/cjs/react-dom.development.js:15057:9)
      at commitLayoutEffectOnFiber (node_modules/react-dom/cjs/react-dom.development.js:23430:13)
      at commitLayoutMountEffects_complete (node_modules/react-dom/cjs/react-dom.development.js:24727:9)
      at commitLayoutEffects_begin (node_modules/react-dom/cjs/react-dom.development.js:24713:7)
      at commitLayoutEffects (node_modules/react-dom/cjs/react-dom.development.js:24651:3)
      at commitRootImpl (node_modules/react-dom/cjs/react-dom.development.js:26862:5)
      at commitRoot (node_modules/react-dom/cjs/react-dom.development.js:26721:5)
      at finishConcurrentRender (node_modules/react-dom/cjs/react-dom.development.js:25931:9)
      at performConcurrentWorkOnRoot (node_modules/react-dom/cjs/react-dom.development.js:25848:7)
      at flushActQueue (node_modules/react/cjs/react.development.js:2667:24)
      at act (node_modules/react/cjs/react.development.js:2582:11)
      at node_modules/@testing-library/react/dist/act-compat.js:47:25
      at renderRoot (node_modules/@testing-library/react/dist/pure.js:190:26)
      at render (node_modules/@testing-library/react/dist/pure.js:292:10)
      at Object.<anonymous> (components/__tests__/TimelineModal.test.tsx:309:33)

  ● TimelineModal › should render modal with event title

    Element type is invalid: expected a string (for built-in components) or a class/function (for composite components) but got: undefined. You likely forgot to export your component from the file it's defined in, or you might have mixed up default and named imports.

    Check the render method of `TimelineModal`.

    [0m [90m 51 |[39m
     [90m 52 |[39m   it([32m'should render modal with event title'[39m[33m,[39m () [33m=>[39m {
    [31m[1m>[22m[39m[90m 53 |[39m     render([33m<[39m[33mTimelineModal[39m event[33m=[39m{mockEvent} onClose[33m=[39m{jest[33m.[39mfn()} [33m/[39m[33m>[39m)[33m;[39m
     [90m    |[39m           [31m[1m^[22m[39m
     [90m 54 |[39m
     [90m 55 |[39m     expect(screen[33m.[39mgetByText([32m'E-commerce Platform'[39m))[33m.[39mtoBeInTheDocument()[33m;[39m
     [90m 56 |[39m   })[33m;[39m[0m

      at createFiberFromTypeAndProps (node_modules/react-dom/cjs/react-dom.development.js:28478:17)
      at createFiberFromElement (node_modules/react-dom/cjs/react-dom.development.js:28504:15)
      at createChild (node_modules/react-dom/cjs/react-dom.development.js:13345:28)
      at reconcileChildrenArray (node_modules/react-dom/cjs/react-dom.development.js:13640:25)
      at reconcileChildFibers (node_modules/react-dom/cjs/react-dom.development.js:14057:16)
      at reconcileChildren (node_modules/react-dom/cjs/react-dom.development.js:19186:28)
      at updateHostComponent (node_modules/react-dom/cjs/react-dom.development.js:19953:3)
      at beginWork (node_modules/react-dom/cjs/react-dom.development.js:21657:14)
      at beginWork$1 (node_modules/react-dom/cjs/react-dom.development.js:27465:14)
      at performUnitOfWork (node_modules/react-dom/cjs/react-dom.development.js:26599:12)
      at workLoopSync (node_modules/react-dom/cjs/react-dom.development.js:26505:5)
      at renderRootSync (node_modules/react-dom/cjs/react-dom.development.js:26473:7)
      at recoverFromConcurrentError (node_modules/react-dom/cjs/react-dom.development.js:25889:20)
      at performConcurrentWorkOnRoot (node_modules/react-dom/cjs/react-dom.development.js:25789:22)
      at flushActQueue (node_modules/react/cjs/react.development.js:2667:24)
      at act (node_modules/react/cjs/react.development.js:2582:11)
      at node_modules/@testing-library/react/dist/act-compat.js:47:25
      at renderRoot (node_modules/@testing-library/react/dist/pure.js:190:26)
      at render (node_modules/@testing-library/react/dist/pure.js:292:10)
      at Object.<anonymous> (components/__tests__/TimelineModal.test.tsx:53:11)

  ● TimelineModal › should render event subtitle

    Element type is invalid: expected a string (for built-in components) or a class/function (for composite components) but got: undefined. You likely forgot to export your component from the file it's defined in, or you might have mixed up default and named imports.

    Check the render method of `TimelineModal`.

    [0m [90m 57 |[39m
     [90m 58 |[39m   it([32m'should render event subtitle'[39m[33m,[39m () [33m=>[39m {
    [31m[1m>[22m[39m[90m 59 |[39m     render([33m<[39m[33mTimelineModal[39m event[33m=[39m{mockEvent} onClose[33m=[39m{jest[33m.[39mfn()} [33m/[39m[33m>[39m)[33m;[39m
     [90m    |[39m           [31m[1m^[22m[39m
     [90m 60 |[39m
     [90m 61 |[39m     expect(screen[33m.[39mgetByText([32m'Full Stack Project'[39m))[33m.[39mtoBeInTheDocument()[33m;[39m
     [90m 62 |[39m   })[33m;[39m[0m

      at createFiberFromTypeAndProps (node_modules/react-dom/cjs/react-dom.development.js:28478:17)
      at createFiberFromElement (node_modules/react-dom/cjs/react-dom.development.js:28504:15)
      at createChild (node_modules/react-dom/cjs/react-dom.development.js:13345:28)
      at reconcileChildrenArray (node_modules/react-dom/cjs/react-dom.development.js:13640:25)
      at reconcileChildFibers (node_modules/react-dom/cjs/react-dom.development.js:14057:16)
      at reconcileChildren (node_modules/react-dom/cjs/react-dom.development.js:19186:28)
      at updateHostComponent (node_modules/react-dom/cjs/react-dom.development.js:19953:3)
      at beginWork (node_modules/react-dom/cjs/react-dom.development.js:21657:14)
      at beginWork$1 (node_modules/react-dom/cjs/react-dom.development.js:27465:14)
      at performUnitOfWork (node_modules/react-dom/cjs/react-dom.development.js:26599:12)
      at workLoopSync (node_modules/react-dom/cjs/react-dom.development.js:26505:5)
      at renderRootSync (node_modules/react-dom/cjs/react-dom.development.js:26473:7)
      at recoverFromConcurrentError (node_modules/react-dom/cjs/react-dom.development.js:25889:20)
      at performConcurrentWorkOnRoot (node_modules/react-dom/cjs/react-dom.development.js:25789:22)
      at flushActQueue (node_modules/react/cjs/react.development.js:2667:24)
      at act (node_modules/react/cjs/react.development.js:2582:11)
      at node_modules/@testing-library/react/dist/act-compat.js:47:25
      at renderRoot (node_modules/@testing-library/react/dist/pure.js:190:26)
      at render (node_modules/@testing-library/react/dist/pure.js:292:10)
      at Object.<anonymous> (components/__tests__/TimelineModal.test.tsx:59:11)

  ● TimelineModal › should display event type badge

    Element type is invalid: expected a string (for built-in components) or a class/function (for composite components) but got: undefined. You likely forgot to export your component from the file it's defined in, or you might have mixed up default and named imports.

    Check the render method of `TimelineModal`.

    [0m [90m 63 |[39m
     [90m 64 |[39m   it([32m'should display event type badge'[39m[33m,[39m () [33m=>[39m {
    [31m[1m>[22m[39m[90m 65 |[39m     render([33m<[39m[33mTimelineModal[39m event[33m=[39m{mockEvent} onClose[33m=[39m{jest[33m.[39mfn()} [33m/[39m[33m>[39m)[33m;[39m
     [90m    |[39m           [31m[1m^[22m[39m
     [90m 66 |[39m
     [90m 67 |[39m     expect(screen[33m.[39mgetByText([32m'Projet'[39m))[33m.[39mtoBeInTheDocument()[33m;[39m
     [90m 68 |[39m   })[33m;[39m[0m

      at createFiberFromTypeAndProps (node_modules/react-dom/cjs/react-dom.development.js:28478:17)
      at createFiberFromElement (node_modules/react-dom/cjs/react-dom.development.js:28504:15)
      at createChild (node_modules/react-dom/cjs/react-dom.development.js:13345:28)
      at reconcileChildrenArray (node_modules/react-dom/cjs/react-dom.development.js:13640:25)
      at reconcileChildFibers (node_modules/react-dom/cjs/react-dom.development.js:14057:16)
      at reconcileChildren (node_modules/react-dom/cjs/react-dom.development.js:19186:28)
      at updateHostComponent (node_modules/react-dom/cjs/react-dom.development.js:19953:3)
      at beginWork (node_modules/react-dom/cjs/react-dom.development.js:21657:14)
      at beginWork$1 (node_modules/react-dom/cjs/react-dom.development.js:27465:14)
      at performUnitOfWork (node_modules/react-dom/cjs/react-dom.development.js:26599:12)
      at workLoopSync (node_modules/react-dom/cjs/react-dom.development.js:26505:5)
      at renderRootSync (node_modules/react-dom/cjs/react-dom.development.js:26473:7)
      at recoverFromConcurrentError (node_modules/react-dom/cjs/react-dom.development.js:25889:20)
      at performConcurrentWorkOnRoot (node_modules/react-dom/cjs/react-dom.development.js:25789:22)
      at flushActQueue (node_modules/react/cjs/react.development.js:2667:24)
      at act (node_modules/react/cjs/react.development.js:2582:11)
      at node_modules/@testing-library/react/dist/act-compat.js:47:25
      at renderRoot (node_modules/@testing-library/react/dist/pure.js:190:26)
      at render (node_modules/@testing-library/react/dist/pure.js:292:10)
      at Object.<anonymous> (components/__tests__/TimelineModal.test.tsx:65:11)

  ● TimelineModal › should display experience type badge for experience events

    Element type is invalid: expected a string (for built-in components) or a class/function (for composite components) but got: undefined. You likely forgot to export your component from the file it's defined in, or you might have mixed up default and named imports.

    Check the render method of `TimelineModal`.

    [0m [90m 71 |[39m     [36mconst[39m experienceEvent [33m=[39m { [33m...[39mmockEvent[33m,[39m type[33m:[39m [32m'experience'[39m [36mas[39m [36mconst[39m }[33m;[39m
     [90m 72 |[39m
    [31m[1m>[22m[39m[90m 73 |[39m     render([33m<[39m[33mTimelineModal[39m event[33m=[39m{experienceEvent} onClose[33m=[39m{jest[33m.[39mfn()} [33m/[39m[33m>[39m)[33m;[39m
     [90m    |[39m           [31m[1m^[22m[39m
     [90m 74 |[39m
     [90m 75 |[39m     expect(screen[33m.[39mgetByText([32m'Expérience'[39m))[33m.[39mtoBeInTheDocument()[33m;[39m
     [90m 76 |[39m   })[33m;[39m[0m

      at createFiberFromTypeAndProps (node_modules/react-dom/cjs/react-dom.development.js:28478:17)
      at createFiberFromElement (node_modules/react-dom/cjs/react-dom.development.js:28504:15)
      at createChild (node_modules/react-dom/cjs/react-dom.development.js:13345:28)
      at reconcileChildrenArray (node_modules/react-dom/cjs/react-dom.development.js:13640:25)
      at reconcileChildFibers (node_modules/react-dom/cjs/react-dom.development.js:14057:16)
      at reconcileChildren (node_modules/react-dom/cjs/react-dom.development.js:19186:28)
      at updateHostComponent (node_modules/react-dom/cjs/react-dom.development.js:19953:3)
      at beginWork (node_modules/react-dom/cjs/react-dom.development.js:21657:14)
      at beginWork$1 (node_modules/react-dom/cjs/react-dom.development.js:27465:14)
      at performUnitOfWork (node_modules/react-dom/cjs/react-dom.development.js:26599:12)
      at workLoopSync (node_modules/react-dom/cjs/react-dom.development.js:26505:5)
      at renderRootSync (node_modules/react-dom/cjs/react-dom.development.js:26473:7)
      at recoverFromConcurrentError (node_modules/react-dom/cjs/react-dom.development.js:25889:20)
      at performConcurrentWorkOnRoot (node_modules/react-dom/cjs/react-dom.development.js:25789:22)
      at flushActQueue (node_modules/react/cjs/react.development.js:2667:24)
      at act (node_modules/react/cjs/react.development.js:2582:11)
      at node_modules/@testing-library/react/dist/act-compat.js:47:25
      at renderRoot (node_modules/@testing-library/react/dist/pure.js:190:26)
      at render (node_modules/@testing-library/react/dist/pure.js:292:10)
      at Object.<anonymous> (components/__tests__/TimelineModal.test.tsx:73:11)

  ● TimelineModal › should display category badge

    Element type is invalid: expected a string (for built-in components) or a class/function (for composite components) but got: undefined. You likely forgot to export your component from the file it's defined in, or you might have mixed up default and named imports.

    Check the render method of `TimelineModal`.

    [0m [90m 77 |[39m
     [90m 78 |[39m   it([32m'should display category badge'[39m[33m,[39m () [33m=>[39m {
    [31m[1m>[22m[39m[90m 79 |[39m     render([33m<[39m[33mTimelineModal[39m event[33m=[39m{mockEvent} onClose[33m=[39m{jest[33m.[39mfn()} [33m/[39m[33m>[39m)[33m;[39m
     [90m    |[39m           [31m[1m^[22m[39m
     [90m 80 |[39m
     [90m 81 |[39m     expect(screen[33m.[39mgetByText([32m'Backend'[39m))[33m.[39mtoBeInTheDocument()[33m;[39m
     [90m 82 |[39m   })[33m;[39m[0m

      at createFiberFromTypeAndProps (node_modules/react-dom/cjs/react-dom.development.js:28478:17)
      at createFiberFromElement (node_modules/react-dom/cjs/react-dom.development.js:28504:15)
      at createChild (node_modules/react-dom/cjs/react-dom.development.js:13345:28)
      at reconcileChildrenArray (node_modules/react-dom/cjs/react-dom.development.js:13640:25)
      at reconcileChildFibers (node_modules/react-dom/cjs/react-dom.development.js:14057:16)
      at reconcileChildren (node_modules/react-dom/cjs/react-dom.development.js:19186:28)
      at updateHostComponent (node_modules/react-dom/cjs/react-dom.development.js:19953:3)
      at beginWork (node_modules/react-dom/cjs/react-dom.development.js:21657:14)
      at beginWork$1 (node_modules/react-dom/cjs/react-dom.development.js:27465:14)
      at performUnitOfWork (node_modules/react-dom/cjs/react-dom.development.js:26599:12)
      at workLoopSync (node_modules/react-dom/cjs/react-dom.development.js:26505:5)
      at renderRootSync (node_modules/react-dom/cjs/react-dom.development.js:26473:7)
      at recoverFromConcurrentError (node_modules/react-dom/cjs/react-dom.development.js:25889:20)
      at performConcurrentWorkOnRoot (node_modules/react-dom/cjs/react-dom.development.js:25789:22)
      at flushActQueue (node_modules/react/cjs/react.development.js:2667:24)
      at act (node_modules/react/cjs/react.development.js:2582:11)
      at node_modules/@testing-library/react/dist/act-compat.js:47:25
      at renderRoot (node_modules/@testing-library/react/dist/pure.js:190:26)
      at render (node_modules/@testing-library/react/dist/pure.js:292:10)
      at Object.<anonymous> (components/__tests__/TimelineModal.test.tsx:79:11)

  ● TimelineModal › should show "En cours" badge for current events

    Element type is invalid: expected a string (for built-in components) or a class/function (for composite components) but got: undefined. You likely forgot to export your component from the file it's defined in, or you might have mixed up default and named imports.

    Check the render method of `TimelineModal`.

    [0m [90m 85 |[39m     [36mconst[39m currentEvent [33m=[39m { [33m...[39mmockEvent[33m,[39m isCurrent[33m:[39m [36mtrue[39m[33m,[39m endDate[33m:[39m undefined }[33m;[39m
     [90m 86 |[39m
    [31m[1m>[22m[39m[90m 87 |[39m     render([33m<[39m[33mTimelineModal[39m event[33m=[39m{currentEvent} onClose[33m=[39m{jest[33m.[39mfn()} [33m/[39m[33m>[39m)[33m;[39m
     [90m    |[39m           [31m[1m^[22m[39m
     [90m 88 |[39m
     [90m 89 |[39m     [36mconst[39m badges [33m=[39m screen[33m.[39mgetAllByText([35m/en cours/i[39m)[33m;[39m
     [90m 90 |[39m     expect(badges[33m.[39mlength)[33m.[39mtoBeGreaterThan([35m0[39m)[33m;[39m[0m

      at createFiberFromTypeAndProps (node_modules/react-dom/cjs/react-dom.development.js:28478:17)
      at createFiberFromElement (node_modules/react-dom/cjs/react-dom.development.js:28504:15)
      at createChild (node_modules/react-dom/cjs/react-dom.development.js:13345:28)
      at reconcileChildrenArray (node_modules/react-dom/cjs/react-dom.development.js:13640:25)
      at reconcileChildFibers (node_modules/react-dom/cjs/react-dom.development.js:14057:16)
      at reconcileChildren (node_modules/react-dom/cjs/react-dom.development.js:19186:28)
      at updateHostComponent (node_modules/react-dom/cjs/react-dom.development.js:19953:3)
      at beginWork (node_modules/react-dom/cjs/react-dom.development.js:21657:14)
      at beginWork$1 (node_modules/react-dom/cjs/react-dom.development.js:27465:14)
      at performUnitOfWork (node_modules/react-dom/cjs/react-dom.development.js:26599:12)
      at workLoopSync (node_modules/react-dom/cjs/react-dom.development.js:26505:5)
      at renderRootSync (node_modules/react-dom/cjs/react-dom.development.js:26473:7)
      at recoverFromConcurrentError (node_modules/react-dom/cjs/react-dom.development.js:25889:20)
      at performConcurrentWorkOnRoot (node_modules/react-dom/cjs/react-dom.development.js:25789:22)
      at flushActQueue (node_modules/react/cjs/react.development.js:2667:24)
      at act (node_modules/react/cjs/react.development.js:2582:11)
      at node_modules/@testing-library/react/dist/act-compat.js:47:25
      at renderRoot (node_modules/@testing-library/react/dist/pure.js:190:26)
      at render (node_modules/@testing-library/react/dist/pure.js:292:10)
      at Object.<anonymous> (components/__tests__/TimelineModal.test.tsx:87:11)

  ● TimelineModal › should display formatted dates

    Element type is invalid: expected a string (for built-in components) or a class/function (for composite components) but got: undefined. You likely forgot to export your component from the file it's defined in, or you might have mixed up default and named imports.

    Check the render method of `TimelineModal`.

    [0m [90m 92 |[39m
     [90m 93 |[39m   it([32m'should display formatted dates'[39m[33m,[39m () [33m=>[39m {
    [31m[1m>[22m[39m[90m 94 |[39m     render([33m<[39m[33mTimelineModal[39m event[33m=[39m{mockEvent} onClose[33m=[39m{jest[33m.[39mfn()} [33m/[39m[33m>[39m)[33m;[39m
     [90m    |[39m           [31m[1m^[22m[39m
     [90m 95 |[39m
     [90m 96 |[39m     expect(screen[33m.[39mgetByText([35m/1 janvier 2022/i[39m))[33m.[39mtoBeInTheDocument()[33m;[39m
     [90m 97 |[39m     expect(screen[33m.[39mgetByText([35m/30 juin 2023/i[39m))[33m.[39mtoBeInTheDocument()[33m;[39m[0m

      at createFiberFromTypeAndProps (node_modules/react-dom/cjs/react-dom.development.js:28478:17)
      at createFiberFromElement (node_modules/react-dom/cjs/react-dom.development.js:28504:15)
      at createChild (node_modules/react-dom/cjs/react-dom.development.js:13345:28)
      at reconcileChildrenArray (node_modules/react-dom/cjs/react-dom.development.js:13640:25)
      at reconcileChildFibers (node_modules/react-dom/cjs/react-dom.development.js:14057:16)
      at reconcileChildren (node_modules/react-dom/cjs/react-dom.development.js:19186:28)
      at updateHostComponent (node_modules/react-dom/cjs/react-dom.development.js:19953:3)
      at beginWork (node_modules/react-dom/cjs/react-dom.development.js:21657:14)
      at beginWork$1 (node_modules/react-dom/cjs/react-dom.development.js:27465:14)
      at performUnitOfWork (node_modules/react-dom/cjs/react-dom.development.js:26599:12)
      at workLoopSync (node_modules/react-dom/cjs/react-dom.development.js:26505:5)
      at renderRootSync (node_modules/react-dom/cjs/react-dom.development.js:26473:7)
      at recoverFromConcurrentError (node_modules/react-dom/cjs/react-dom.development.js:25889:20)
      at performConcurrentWorkOnRoot (node_modules/react-dom/cjs/react-dom.development.js:25789:22)
      at flushActQueue (node_modules/react/cjs/react.development.js:2667:24)
      at act (node_modules/react/cjs/react.development.js:2582:11)
      at node_modules/@testing-library/react/dist/act-compat.js:47:25
      at renderRoot (node_modules/@testing-library/react/dist/pure.js:190:26)
      at render (node_modules/@testing-library/react/dist/pure.js:292:10)
      at Object.<anonymous> (components/__tests__/TimelineModal.test.tsx:94:11)

  ● TimelineModal › should display duration

    Element type is invalid: expected a string (for built-in components) or a class/function (for composite components) but got: undefined. You likely forgot to export your component from the file it's defined in, or you might have mixed up default and named imports.

    Check the render method of `TimelineModal`.

    [0m [90m  99 |[39m
     [90m 100 |[39m   it([32m'should display duration'[39m[33m,[39m () [33m=>[39m {
    [31m[1m>[22m[39m[90m 101 |[39m     render([33m<[39m[33mTimelineModal[39m event[33m=[39m{mockEvent} onClose[33m=[39m{jest[33m.[39mfn()} [33m/[39m[33m>[39m)[33m;[39m
     [90m     |[39m           [31m[1m^[22m[39m
     [90m 102 |[39m
     [90m 103 |[39m     expect(screen[33m.[39mgetByText([32m'1.5 years'[39m))[33m.[39mtoBeInTheDocument()[33m;[39m
     [90m 104 |[39m     expect(screen[33m.[39mgetByTestId([32m'mappin-icon'[39m))[33m.[39mtoBeInTheDocument()[33m;[39m[0m

      at createFiberFromTypeAndProps (node_modules/react-dom/cjs/react-dom.development.js:28478:17)
      at createFiberFromElement (node_modules/react-dom/cjs/react-dom.development.js:28504:15)
      at createChild (node_modules/react-dom/cjs/react-dom.development.js:13345:28)
      at reconcileChildrenArray (node_modules/react-dom/cjs/react-dom.development.js:13640:25)
      at reconcileChildFibers (node_modules/react-dom/cjs/react-dom.development.js:14057:16)
      at reconcileChildren (node_modules/react-dom/cjs/react-dom.development.js:19186:28)
      at updateHostComponent (node_modules/react-dom/cjs/react-dom.development.js:19953:3)
      at beginWork (node_modules/react-dom/cjs/react-dom.development.js:21657:14)
      at beginWork$1 (node_modules/react-dom/cjs/react-dom.development.js:27465:14)
      at performUnitOfWork (node_modules/react-dom/cjs/react-dom.development.js:26599:12)
      at workLoopSync (node_modules/react-dom/cjs/react-dom.development.js:26505:5)
      at renderRootSync (node_modules/react-dom/cjs/react-dom.development.js:26473:7)
      at recoverFromConcurrentError (node_modules/react-dom/cjs/react-dom.development.js:25889:20)
      at performConcurrentWorkOnRoot (node_modules/react-dom/cjs/react-dom.development.js:25789:22)
      at flushActQueue (node_modules/react/cjs/react.development.js:2667:24)
      at act (node_modules/react/cjs/react.development.js:2582:11)
      at node_modules/@testing-library/react/dist/act-compat.js:47:25
      at renderRoot (node_modules/@testing-library/react/dist/pure.js:190:26)
      at render (node_modules/@testing-library/react/dist/pure.js:292:10)
      at Object.<anonymous> (components/__tests__/TimelineModal.test.tsx:101:11)

  ● TimelineModal › should render event image when provided

    Element type is invalid: expected a string (for built-in components) or a class/function (for composite components) but got: undefined. You likely forgot to export your component from the file it's defined in, or you might have mixed up default and named imports.

    Check the render method of `TimelineModal`.

    [0m [90m 106 |[39m
     [90m 107 |[39m   it([32m'should render event image when provided'[39m[33m,[39m () [33m=>[39m {
    [31m[1m>[22m[39m[90m 108 |[39m     render([33m<[39m[33mTimelineModal[39m event[33m=[39m{mockEvent} onClose[33m=[39m{jest[33m.[39mfn()} [33m/[39m[33m>[39m)[33m;[39m
     [90m     |[39m           [31m[1m^[22m[39m
     [90m 109 |[39m
     [90m 110 |[39m     [36mconst[39m image [33m=[39m screen[33m.[39mgetByAltText([32m'E-commerce Platform'[39m)[33m;[39m
     [90m 111 |[39m     expect(image)[33m.[39mtoBeInTheDocument()[33m;[39m[0m

      at createFiberFromTypeAndProps (node_modules/react-dom/cjs/react-dom.development.js:28478:17)
      at createFiberFromElement (node_modules/react-dom/cjs/react-dom.development.js:28504:15)
      at createChild (node_modules/react-dom/cjs/react-dom.development.js:13345:28)
      at reconcileChildrenArray (node_modules/react-dom/cjs/react-dom.development.js:13640:25)
      at reconcileChildFibers (node_modules/react-dom/cjs/react-dom.development.js:14057:16)
      at reconcileChildren (node_modules/react-dom/cjs/react-dom.development.js:19186:28)
      at updateHostComponent (node_modules/react-dom/cjs/react-dom.development.js:19953:3)
      at beginWork (node_modules/react-dom/cjs/react-dom.development.js:21657:14)
      at beginWork$1 (node_modules/react-dom/cjs/react-dom.development.js:27465:14)
      at performUnitOfWork (node_modules/react-dom/cjs/react-dom.development.js:26599:12)
      at workLoopSync (node_modules/react-dom/cjs/react-dom.development.js:26505:5)
      at renderRootSync (node_modules/react-dom/cjs/react-dom.development.js:26473:7)
      at recoverFromConcurrentError (node_modules/react-dom/cjs/react-dom.development.js:25889:20)
      at performConcurrentWorkOnRoot (node_modules/react-dom/cjs/react-dom.development.js:25789:22)
      at flushActQueue (node_modules/react/cjs/react.development.js:2667:24)
      at act (node_modules/react/cjs/react.development.js:2582:11)
      at node_modules/@testing-library/react/dist/act-compat.js:47:25
      at renderRoot (node_modules/@testing-library/react/dist/pure.js:190:26)
      at render (node_modules/@testing-library/react/dist/pure.js:292:10)
      at Object.<anonymous> (components/__tests__/TimelineModal.test.tsx:108:11)

  ● TimelineModal › should not render image section when no image

    Element type is invalid: expected a string (for built-in components) or a class/function (for composite components) but got: undefined. You likely forgot to export your component from the file it's defined in, or you might have mixed up default and named imports.

    Check the render method of `TimelineModal`.

    [0m [90m 116 |[39m     [36mconst[39m eventWithoutImage [33m=[39m { [33m...[39mmockEvent[33m,[39m image[33m:[39m undefined }[33m;[39m
     [90m 117 |[39m
    [31m[1m>[22m[39m[90m 118 |[39m     render([33m<[39m[33mTimelineModal[39m event[33m=[39m{eventWithoutImage} onClose[33m=[39m{jest[33m.[39mfn()} [33m/[39m[33m>[39m)[33m;[39m
     [90m     |[39m           [31m[1m^[22m[39m
     [90m 119 |[39m
     [90m 120 |[39m     [36mconst[39m image [33m=[39m screen[33m.[39mqueryByAltText([32m'E-commerce Platform'[39m)[33m;[39m
     [90m 121 |[39m     expect(image)[33m.[39mnot[33m.[39mtoBeInTheDocument()[33m;[39m[0m

      at createFiberFromTypeAndProps (node_modules/react-dom/cjs/react-dom.development.js:28478:17)
      at createFiberFromElement (node_modules/react-dom/cjs/react-dom.development.js:28504:15)
      at createChild (node_modules/react-dom/cjs/react-dom.development.js:13345:28)
      at reconcileChildrenArray (node_modules/react-dom/cjs/react-dom.development.js:13640:25)
      at reconcileChildFibers (node_modules/react-dom/cjs/react-dom.development.js:14057:16)
      at reconcileChildren (node_modules/react-dom/cjs/react-dom.development.js:19186:28)
      at updateHostComponent (node_modules/react-dom/cjs/react-dom.development.js:19953:3)
      at beginWork (node_modules/react-dom/cjs/react-dom.development.js:21657:14)
      at beginWork$1 (node_modules/react-dom/cjs/react-dom.development.js:27465:14)
      at performUnitOfWork (node_modules/react-dom/cjs/react-dom.development.js:26599:12)
      at workLoopSync (node_modules/react-dom/cjs/react-dom.development.js:26505:5)
      at renderRootSync (node_modules/react-dom/cjs/react-dom.development.js:26473:7)
      at recoverFromConcurrentError (node_modules/react-dom/cjs/react-dom.development.js:25889:20)
      at performConcurrentWorkOnRoot (node_modules/react-dom/cjs/react-dom.development.js:25789:22)
      at flushActQueue (node_modules/react/cjs/react.development.js:2667:24)
      at act (node_modules/react/cjs/react.development.js:2582:11)
      at node_modules/@testing-library/react/dist/act-compat.js:47:25
      at renderRoot (node_modules/@testing-library/react/dist/pure.js:190:26)
      at render (node_modules/@testing-library/react/dist/pure.js:292:10)
      at Object.<anonymous> (components/__tests__/TimelineModal.test.tsx:118:11)

  ● TimelineModal › should display event content

    Element type is invalid: expected a string (for built-in components) or a class/function (for composite components) but got: undefined. You likely forgot to export your component from the file it's defined in, or you might have mixed up default and named imports.

    Check the render method of `TimelineModal`.

    [0m [90m 123 |[39m
     [90m 124 |[39m   it([32m'should display event content'[39m[33m,[39m () [33m=>[39m {
    [31m[1m>[22m[39m[90m 125 |[39m     render([33m<[39m[33mTimelineModal[39m event[33m=[39m{mockEvent} onClose[33m=[39m{jest[33m.[39mfn()} [33m/[39m[33m>[39m)[33m;[39m
     [90m     |[39m           [31m[1m^[22m[39m
     [90m 126 |[39m
     [90m 127 |[39m     expect(screen[33m.[39mgetByText([35m/built a complete e-commerce platform/i[39m))[33m.[39mtoBeInTheDocument()[33m;[39m
     [90m 128 |[39m   })[33m;[39m[0m

      at createFiberFromTypeAndProps (node_modules/react-dom/cjs/react-dom.development.js:28478:17)
      at createFiberFromElement (node_modules/react-dom/cjs/react-dom.development.js:28504:15)
      at createChild (node_modules/react-dom/cjs/react-dom.development.js:13345:28)
      at reconcileChildrenArray (node_modules/react-dom/cjs/react-dom.development.js:13640:25)
      at reconcileChildFibers (node_modules/react-dom/cjs/react-dom.development.js:14057:16)
      at reconcileChildren (node_modules/react-dom/cjs/react-dom.development.js:19186:28)
      at updateHostComponent (node_modules/react-dom/cjs/react-dom.development.js:19953:3)
      at beginWork (node_modules/react-dom/cjs/react-dom.development.js:21657:14)
      at beginWork$1 (node_modules/react-dom/cjs/react-dom.development.js:27465:14)
      at performUnitOfWork (node_modules/react-dom/cjs/react-dom.development.js:26599:12)
      at workLoopSync (node_modules/react-dom/cjs/react-dom.development.js:26505:5)
      at renderRootSync (node_modules/react-dom/cjs/react-dom.development.js:26473:7)
      at recoverFromConcurrentError (node_modules/react-dom/cjs/react-dom.development.js:25889:20)
      at performConcurrentWorkOnRoot (node_modules/react-dom/cjs/react-dom.development.js:25789:22)
      at flushActQueue (node_modules/react/cjs/react.development.js:2667:24)
      at act (node_modules/react/cjs/react.development.js:2582:11)
      at node_modules/@testing-library/react/dist/act-compat.js:47:25
      at renderRoot (node_modules/@testing-library/react/dist/pure.js:190:26)
      at render (node_modules/@testing-library/react/dist/pure.js:292:10)
      at Object.<anonymous> (components/__tests__/TimelineModal.test.tsx:125:11)

  ● TimelineModal › should render all tags

    Element type is invalid: expected a string (for built-in components) or a class/function (for composite components) but got: undefined. You likely forgot to export your component from the file it's defined in, or you might have mixed up default and named imports.

    Check the render method of `TimelineModal`.

    [0m [90m 129 |[39m
     [90m 130 |[39m   it([32m'should render all tags'[39m[33m,[39m () [33m=>[39m {
    [31m[1m>[22m[39m[90m 131 |[39m     render([33m<[39m[33mTimelineModal[39m event[33m=[39m{mockEvent} onClose[33m=[39m{jest[33m.[39mfn()} [33m/[39m[33m>[39m)[33m;[39m
     [90m     |[39m           [31m[1m^[22m[39m
     [90m 132 |[39m
     [90m 133 |[39m     expect(screen[33m.[39mgetByText([32m'React'[39m))[33m.[39mtoBeInTheDocument()[33m;[39m
     [90m 134 |[39m     expect(screen[33m.[39mgetByText([32m'Node.js'[39m))[33m.[39mtoBeInTheDocument()[33m;[39m[0m

      at createFiberFromTypeAndProps (node_modules/react-dom/cjs/react-dom.development.js:28478:17)
      at createFiberFromElement (node_modules/react-dom/cjs/react-dom.development.js:28504:15)
      at createChild (node_modules/react-dom/cjs/react-dom.development.js:13345:28)
      at reconcileChildrenArray (node_modules/react-dom/cjs/react-dom.development.js:13640:25)
      at reconcileChildFibers (node_modules/react-dom/cjs/react-dom.development.js:14057:16)
      at reconcileChildren (node_modules/react-dom/cjs/react-dom.development.js:19186:28)
      at updateHostComponent (node_modules/react-dom/cjs/react-dom.development.js:19953:3)
      at beginWork (node_modules/react-dom/cjs/react-dom.development.js:21657:14)
      at beginWork$1 (node_modules/react-dom/cjs/react-dom.development.js:27465:14)
      at performUnitOfWork (node_modules/react-dom/cjs/react-dom.development.js:26599:12)
      at workLoopSync (node_modules/react-dom/cjs/react-dom.development.js:26505:5)
      at renderRootSync (node_modules/react-dom/cjs/react-dom.development.js:26473:7)
      at recoverFromConcurrentError (node_modules/react-dom/cjs/react-dom.development.js:25889:20)
      at performConcurrentWorkOnRoot (node_modules/react-dom/cjs/react-dom.development.js:25789:22)
      at flushActQueue (node_modules/react/cjs/react.development.js:2667:24)
      at act (node_modules/react/cjs/react.development.js:2582:11)
      at node_modules/@testing-library/react/dist/act-compat.js:47:25
      at renderRoot (node_modules/@testing-library/react/dist/pure.js:190:26)
      at render (node_modules/@testing-library/react/dist/pure.js:292:10)
      at Object.<anonymous> (components/__tests__/TimelineModal.test.tsx:131:11)

  ● TimelineModal › should display project stats when available

    Element type is invalid: expected a string (for built-in components) or a class/function (for composite components) but got: undefined. You likely forgot to export your component from the file it's defined in, or you might have mixed up default and named imports.

    Check the render method of `TimelineModal`.

    [0m [90m 139 |[39m
     [90m 140 |[39m   it([32m'should display project stats when available'[39m[33m,[39m () [33m=>[39m {
    [31m[1m>[22m[39m[90m 141 |[39m     render([33m<[39m[33mTimelineModal[39m event[33m=[39m{mockEvent} onClose[33m=[39m{jest[33m.[39mfn()} [33m/[39m[33m>[39m)[33m;[39m
     [90m     |[39m           [31m[1m^[22m[39m
     [90m 142 |[39m
     [90m 143 |[39m     expect(screen[33m.[39mgetByText([32m'150'[39m))[33m.[39mtoBeInTheDocument()[33m;[39m [90m// Stars[39m
     [90m 144 |[39m     expect(screen[33m.[39mgetByText([32m'42'[39m))[33m.[39mtoBeInTheDocument()[33m;[39m [90m// Forks[39m[0m

      at createFiberFromTypeAndProps (node_modules/react-dom/cjs/react-dom.development.js:28478:17)
      at createFiberFromElement (node_modules/react-dom/cjs/react-dom.development.js:28504:15)
      at createChild (node_modules/react-dom/cjs/react-dom.development.js:13345:28)
      at reconcileChildrenArray (node_modules/react-dom/cjs/react-dom.development.js:13640:25)
      at reconcileChildFibers (node_modules/react-dom/cjs/react-dom.development.js:14057:16)
      at reconcileChildren (node_modules/react-dom/cjs/react-dom.development.js:19186:28)
      at updateHostComponent (node_modules/react-dom/cjs/react-dom.development.js:19953:3)
      at beginWork (node_modules/react-dom/cjs/react-dom.development.js:21657:14)
      at beginWork$1 (node_modules/react-dom/cjs/react-dom.development.js:27465:14)
      at performUnitOfWork (node_modules/react-dom/cjs/react-dom.development.js:26599:12)
      at workLoopSync (node_modules/react-dom/cjs/react-dom.development.js:26505:5)
      at renderRootSync (node_modules/react-dom/cjs/react-dom.development.js:26473:7)
      at recoverFromConcurrentError (node_modules/react-dom/cjs/react-dom.development.js:25889:20)
      at performConcurrentWorkOnRoot (node_modules/react-dom/cjs/react-dom.development.js:25789:22)
      at flushActQueue (node_modules/react/cjs/react.development.js:2667:24)
      at act (node_modules/react/cjs/react.development.js:2582:11)
      at node_modules/@testing-library/react/dist/act-compat.js:47:25
      at renderRoot (node_modules/@testing-library/react/dist/pure.js:190:26)
      at render (node_modules/@testing-library/react/dist/pure.js:292:10)
      at Object.<anonymous> (components/__tests__/TimelineModal.test.tsx:141:11)

  ● TimelineModal › should not show stats for experience type events

    Element type is invalid: expected a string (for built-in components) or a class/function (for composite components) but got: undefined. You likely forgot to export your component from the file it's defined in, or you might have mixed up default and named imports.

    Check the render method of `TimelineModal`.

    [0m [90m 154 |[39m     }[33m;[39m
     [90m 155 |[39m
    [31m[1m>[22m[39m[90m 156 |[39m     render([33m<[39m[33mTimelineModal[39m event[33m=[39m{experienceEvent} onClose[33m=[39m{jest[33m.[39mfn()} [33m/[39m[33m>[39m)[33m;[39m
     [90m     |[39m           [31m[1m^[22m[39m
     [90m 157 |[39m
     [90m 158 |[39m     expect(screen[33m.[39mqueryByText([32m'Statistiques'[39m))[33m.[39mnot[33m.[39mtoBeInTheDocument()[33m;[39m
     [90m 159 |[39m   })[33m;[39m[0m

      at createFiberFromTypeAndProps (node_modules/react-dom/cjs/react-dom.development.js:28478:17)
      at createFiberFromElement (node_modules/react-dom/cjs/react-dom.development.js:28504:15)
      at createChild (node_modules/react-dom/cjs/react-dom.development.js:13345:28)
      at reconcileChildrenArray (node_modules/react-dom/cjs/react-dom.development.js:13640:25)
      at reconcileChildFibers (node_modules/react-dom/cjs/react-dom.development.js:14057:16)
      at reconcileChildren (node_modules/react-dom/cjs/react-dom.development.js:19186:28)
      at updateHostComponent (node_modules/react-dom/cjs/react-dom.development.js:19953:3)
      at beginWork (node_modules/react-dom/cjs/react-dom.development.js:21657:14)
      at beginWork$1 (node_modules/react-dom/cjs/react-dom.development.js:27465:14)
      at performUnitOfWork (node_modules/react-dom/cjs/react-dom.development.js:26599:12)
      at workLoopSync (node_modules/react-dom/cjs/react-dom.development.js:26505:5)
      at renderRootSync (node_modules/react-dom/cjs/react-dom.development.js:26473:7)
      at recoverFromConcurrentError (node_modules/react-dom/cjs/react-dom.development.js:25889:20)
      at performConcurrentWorkOnRoot (node_modules/react-dom/cjs/react-dom.development.js:25789:22)
      at flushActQueue (node_modules/react/cjs/react.development.js:2667:24)
      at act (node_modules/react/cjs/react.development.js:2582:11)
      at node_modules/@testing-library/react/dist/act-compat.js:47:25
      at renderRoot (node_modules/@testing-library/react/dist/pure.js:190:26)
      at render (node_modules/@testing-library/react/dist/pure.js:292:10)
      at Object.<anonymous> (components/__tests__/TimelineModal.test.tsx:156:11)

  ● TimelineModal › should render GitHub link

    Element type is invalid: expected a string (for built-in components) or a class/function (for composite components) but got: undefined. You likely forgot to export your component from the file it's defined in, or you might have mixed up default and named imports.

    Check the render method of `TimelineModal`.

    [0m [90m 160 |[39m
     [90m 161 |[39m   it([32m'should render GitHub link'[39m[33m,[39m () [33m=>[39m {
    [31m[1m>[22m[39m[90m 162 |[39m     render([33m<[39m[33mTimelineModal[39m event[33m=[39m{mockEvent} onClose[33m=[39m{jest[33m.[39mfn()} [33m/[39m[33m>[39m)[33m;[39m
     [90m     |[39m           [31m[1m^[22m[39m
     [90m 163 |[39m
     [90m 164 |[39m     [36mconst[39m githubLink [33m=[39m screen[33m.[39mgetByText([32m'Voir sur GitHub'[39m)[33m.[39mclosest([32m'a'[39m)[33m;[39m
     [90m 165 |[39m     expect(githubLink)[33m.[39mtoHaveAttribute([32m'href'[39m[33m,[39m [32m'https://github.com/user/ecommerce'[39m)[33m;[39m[0m

      at createFiberFromTypeAndProps (node_modules/react-dom/cjs/react-dom.development.js:28478:17)
      at createFiberFromElement (node_modules/react-dom/cjs/react-dom.development.js:28504:15)
      at createChild (node_modules/react-dom/cjs/react-dom.development.js:13345:28)
      at reconcileChildrenArray (node_modules/react-dom/cjs/react-dom.development.js:13640:25)
      at reconcileChildFibers (node_modules/react-dom/cjs/react-dom.development.js:14057:16)
      at reconcileChildren (node_modules/react-dom/cjs/react-dom.development.js:19186:28)
      at updateHostComponent (node_modules/react-dom/cjs/react-dom.development.js:19953:3)
      at beginWork (node_modules/react-dom/cjs/react-dom.development.js:21657:14)
      at beginWork$1 (node_modules/react-dom/cjs/react-dom.development.js:27465:14)
      at performUnitOfWork (node_modules/react-dom/cjs/react-dom.development.js:26599:12)
      at workLoopSync (node_modules/react-dom/cjs/react-dom.development.js:26505:5)
      at renderRootSync (node_modules/react-dom/cjs/react-dom.development.js:26473:7)
      at recoverFromConcurrentError (node_modules/react-dom/cjs/react-dom.development.js:25889:20)
      at performConcurrentWorkOnRoot (node_modules/react-dom/cjs/react-dom.development.js:25789:22)
      at flushActQueue (node_modules/react/cjs/react.development.js:2667:24)
      at act (node_modules/react/cjs/react.development.js:2582:11)
      at node_modules/@testing-library/react/dist/act-compat.js:47:25
      at renderRoot (node_modules/@testing-library/react/dist/pure.js:190:26)
      at render (node_modules/@testing-library/react/dist/pure.js:292:10)
      at Object.<anonymous> (components/__tests__/TimelineModal.test.tsx:162:11)

  ● TimelineModal › should render demo link

    Element type is invalid: expected a string (for built-in components) or a class/function (for composite components) but got: undefined. You likely forgot to export your component from the file it's defined in, or you might have mixed up default and named imports.

    Check the render method of `TimelineModal`.

    [0m [90m 170 |[39m
     [90m 171 |[39m   it([32m'should render demo link'[39m[33m,[39m () [33m=>[39m {
    [31m[1m>[22m[39m[90m 172 |[39m     render([33m<[39m[33mTimelineModal[39m event[33m=[39m{mockEvent} onClose[33m=[39m{jest[33m.[39mfn()} [33m/[39m[33m>[39m)[33m;[39m
     [90m     |[39m           [31m[1m^[22m[39m
     [90m 173 |[39m
     [90m 174 |[39m     [36mconst[39m demoLink [33m=[39m screen[33m.[39mgetByText([32m'Voir la démo'[39m)[33m.[39mclosest([32m'a'[39m)[33m;[39m
     [90m 175 |[39m     expect(demoLink)[33m.[39mtoHaveAttribute([32m'href'[39m[33m,[39m [32m'https://demo.example.com'[39m)[33m;[39m[0m

      at createFiberFromTypeAndProps (node_modules/react-dom/cjs/react-dom.development.js:28478:17)
      at createFiberFromElement (node_modules/react-dom/cjs/react-dom.development.js:28504:15)
      at createChild (node_modules/react-dom/cjs/react-dom.development.js:13345:28)
      at reconcileChildrenArray (node_modules/react-dom/cjs/react-dom.development.js:13640:25)
      at reconcileChildFibers (node_modules/react-dom/cjs/react-dom.development.js:14057:16)
      at reconcileChildren (node_modules/react-dom/cjs/react-dom.development.js:19186:28)
      at updateHostComponent (node_modules/react-dom/cjs/react-dom.development.js:19953:3)
      at beginWork (node_modules/react-dom/cjs/react-dom.development.js:21657:14)
      at beginWork$1 (node_modules/react-dom/cjs/react-dom.development.js:27465:14)
      at performUnitOfWork (node_modules/react-dom/cjs/react-dom.development.js:26599:12)
      at workLoopSync (node_modules/react-dom/cjs/react-dom.development.js:26505:5)
      at renderRootSync (node_modules/react-dom/cjs/react-dom.development.js:26473:7)
      at recoverFromConcurrentError (node_modules/react-dom/cjs/react-dom.development.js:25889:20)
      at performConcurrentWorkOnRoot (node_modules/react-dom/cjs/react-dom.development.js:25789:22)
      at flushActQueue (node_modules/react/cjs/react.development.js:2667:24)
      at act (node_modules/react/cjs/react.development.js:2582:11)
      at node_modules/@testing-library/react/dist/act-compat.js:47:25
      at renderRoot (node_modules/@testing-library/react/dist/pure.js:190:26)
      at render (node_modules/@testing-library/react/dist/pure.js:292:10)
      at Object.<anonymous> (components/__tests__/TimelineModal.test.tsx:172:11)

  ● TimelineModal › should not show links section when no URLs provided

    Element type is invalid: expected a string (for built-in components) or a class/function (for composite components) but got: undefined. You likely forgot to export your component from the file it's defined in, or you might have mixed up default and named imports.

    Check the render method of `TimelineModal`.

    [0m [90m 186 |[39m     }[33m;[39m
     [90m 187 |[39m
    [31m[1m>[22m[39m[90m 188 |[39m     render([33m<[39m[33mTimelineModal[39m event[33m=[39m{eventWithoutLinks} onClose[33m=[39m{jest[33m.[39mfn()} [33m/[39m[33m>[39m)[33m;[39m
     [90m     |[39m           [31m[1m^[22m[39m
     [90m 189 |[39m
     [90m 190 |[39m     expect(screen[33m.[39mqueryByText([32m'Liens'[39m))[33m.[39mnot[33m.[39mtoBeInTheDocument()[33m;[39m
     [90m 191 |[39m   })[33m;[39m[0m

      at createFiberFromTypeAndProps (node_modules/react-dom/cjs/react-dom.development.js:28478:17)
      at createFiberFromElement (node_modules/react-dom/cjs/react-dom.development.js:28504:15)
      at createChild (node_modules/react-dom/cjs/react-dom.development.js:13345:28)
      at reconcileChildrenArray (node_modules/react-dom/cjs/react-dom.development.js:13640:25)
      at reconcileChildFibers (node_modules/react-dom/cjs/react-dom.development.js:14057:16)
      at reconcileChildren (node_modules/react-dom/cjs/react-dom.development.js:19186:28)
      at updateHostComponent (node_modules/react-dom/cjs/react-dom.development.js:19953:3)
      at beginWork (node_modules/react-dom/cjs/react-dom.development.js:21657:14)
      at beginWork$1 (node_modules/react-dom/cjs/react-dom.development.js:27465:14)
      at performUnitOfWork (node_modules/react-dom/cjs/react-dom.development.js:26599:12)
      at workLoopSync (node_modules/react-dom/cjs/react-dom.development.js:26505:5)
      at renderRootSync (node_modules/react-dom/cjs/react-dom.development.js:26473:7)
      at recoverFromConcurrentError (node_modules/react-dom/cjs/react-dom.development.js:25889:20)
      at performConcurrentWorkOnRoot (node_modules/react-dom/cjs/react-dom.development.js:25789:22)
      at flushActQueue (node_modules/react/cjs/react.development.js:2667:24)
      at act (node_modules/react/cjs/react.development.js:2582:11)
      at node_modules/@testing-library/react/dist/act-compat.js:47:25
      at renderRoot (node_modules/@testing-library/react/dist/pure.js:190:26)
      at render (node_modules/@testing-library/react/dist/pure.js:292:10)
      at Object.<anonymous> (components/__tests__/TimelineModal.test.tsx:188:11)

  ● TimelineModal › should call onClose when close button is clicked

    Element type is invalid: expected a string (for built-in components) or a class/function (for composite components) but got: undefined. You likely forgot to export your component from the file it's defined in, or you might have mixed up default and named imports.

    Check the render method of `TimelineModal`.

    [0m [90m 194 |[39m     [36mconst[39m onClose [33m=[39m jest[33m.[39mfn()[33m;[39m
     [90m 195 |[39m
    [31m[1m>[22m[39m[90m 196 |[39m     render([33m<[39m[33mTimelineModal[39m event[33m=[39m{mockEvent} onClose[33m=[39m{onClose} [33m/[39m[33m>[39m)[33m;[39m
     [90m     |[39m           [31m[1m^[22m[39m
     [90m 197 |[39m
     [90m 198 |[39m     [36mconst[39m closeButtons [33m=[39m screen[33m.[39mgetAllByText([32m'Fermer'[39m)[33m;[39m
     [90m 199 |[39m     fireEvent[33m.[39mclick(closeButtons[[35m0[39m])[33m;[39m[0m

      at createFiberFromTypeAndProps (node_modules/react-dom/cjs/react-dom.development.js:28478:17)
      at createFiberFromElement (node_modules/react-dom/cjs/react-dom.development.js:28504:15)
      at createChild (node_modules/react-dom/cjs/react-dom.development.js:13345:28)
      at reconcileChildrenArray (node_modules/react-dom/cjs/react-dom.development.js:13640:25)
      at reconcileChildFibers (node_modules/react-dom/cjs/react-dom.development.js:14057:16)
      at reconcileChildren (node_modules/react-dom/cjs/react-dom.development.js:19186:28)
      at updateHostComponent (node_modules/react-dom/cjs/react-dom.development.js:19953:3)
      at beginWork (node_modules/react-dom/cjs/react-dom.development.js:21657:14)
      at beginWork$1 (node_modules/react-dom/cjs/react-dom.development.js:27465:14)
      at performUnitOfWork (node_modules/react-dom/cjs/react-dom.development.js:26599:12)
      at workLoopSync (node_modules/react-dom/cjs/react-dom.development.js:26505:5)
      at renderRootSync (node_modules/react-dom/cjs/react-dom.development.js:26473:7)
      at recoverFromConcurrentError (node_modules/react-dom/cjs/react-dom.development.js:25889:20)
      at performConcurrentWorkOnRoot (node_modules/react-dom/cjs/react-dom.development.js:25789:22)
      at flushActQueue (node_modules/react/cjs/react.development.js:2667:24)
      at act (node_modules/react/cjs/react.development.js:2582:11)
      at node_modules/@testing-library/react/dist/act-compat.js:47:25
      at renderRoot (node_modules/@testing-library/react/dist/pure.js:190:26)
      at render (node_modules/@testing-library/react/dist/pure.js:292:10)
      at Object.<anonymous> (components/__tests__/TimelineModal.test.tsx:196:11)

  ● TimelineModal › should call onClose when X icon is clicked

    Element type is invalid: expected a string (for built-in components) or a class/function (for composite components) but got: undefined. You likely forgot to export your component from the file it's defined in, or you might have mixed up default and named imports.

    Check the render method of `TimelineModal`.

    [0m [90m 205 |[39m     [36mconst[39m onClose [33m=[39m jest[33m.[39mfn()[33m;[39m
     [90m 206 |[39m
    [31m[1m>[22m[39m[90m 207 |[39m     render([33m<[39m[33mTimelineModal[39m event[33m=[39m{mockEvent} onClose[33m=[39m{onClose} [33m/[39m[33m>[39m)[33m;[39m
     [90m     |[39m           [31m[1m^[22m[39m
     [90m 208 |[39m
     [90m 209 |[39m     [36mconst[39m xButton [33m=[39m screen[33m.[39mgetByTestId([32m'x-icon'[39m)[33m.[39mclosest([32m'button'[39m)[33m;[39m
     [90m 210 |[39m     [36mif[39m (xButton) {[0m

      at createFiberFromTypeAndProps (node_modules/react-dom/cjs/react-dom.development.js:28478:17)
      at createFiberFromElement (node_modules/react-dom/cjs/react-dom.development.js:28504:15)
      at createChild (node_modules/react-dom/cjs/react-dom.development.js:13345:28)
      at reconcileChildrenArray (node_modules/react-dom/cjs/react-dom.development.js:13640:25)
      at reconcileChildFibers (node_modules/react-dom/cjs/react-dom.development.js:14057:16)
      at reconcileChildren (node_modules/react-dom/cjs/react-dom.development.js:19186:28)
      at updateHostComponent (node_modules/react-dom/cjs/react-dom.development.js:19953:3)
      at beginWork (node_modules/react-dom/cjs/react-dom.development.js:21657:14)
      at beginWork$1 (node_modules/react-dom/cjs/react-dom.development.js:27465:14)
      at performUnitOfWork (node_modules/react-dom/cjs/react-dom.development.js:26599:12)
      at workLoopSync (node_modules/react-dom/cjs/react-dom.development.js:26505:5)
      at renderRootSync (node_modules/react-dom/cjs/react-dom.development.js:26473:7)
      at recoverFromConcurrentError (node_modules/react-dom/cjs/react-dom.development.js:25889:20)
      at performConcurrentWorkOnRoot (node_modules/react-dom/cjs/react-dom.development.js:25789:22)
      at flushActQueue (node_modules/react/cjs/react.development.js:2667:24)
      at act (node_modules/react/cjs/react.development.js:2582:11)
      at node_modules/@testing-library/react/dist/act-compat.js:47:25
      at renderRoot (node_modules/@testing-library/react/dist/pure.js:190:26)
      at render (node_modules/@testing-library/react/dist/pure.js:292:10)
      at Object.<anonymous> (components/__tests__/TimelineModal.test.tsx:207:11)

  ● TimelineModal › should call onClose when backdrop is clicked

    Element type is invalid: expected a string (for built-in components) or a class/function (for composite components) but got: undefined. You likely forgot to export your component from the file it's defined in, or you might have mixed up default and named imports.

    Check the render method of `TimelineModal`.

    [0m [90m 217 |[39m     [36mconst[39m onClose [33m=[39m jest[33m.[39mfn()[33m;[39m
     [90m 218 |[39m
    [31m[1m>[22m[39m[90m 219 |[39m     [36mconst[39m { container } [33m=[39m render([33m<[39m[33mTimelineModal[39m event[33m=[39m{mockEvent} onClose[33m=[39m{onClose} [33m/[39m[33m>[39m)[33m;[39m
     [90m     |[39m                                 [31m[1m^[22m[39m
     [90m 220 |[39m
     [90m 221 |[39m     [36mconst[39m backdrop [33m=[39m container[33m.[39mquerySelector([32m'.fixed.inset-0'[39m)[33m;[39m
     [90m 222 |[39m     [36mif[39m (backdrop) {[0m

      at createFiberFromTypeAndProps (node_modules/react-dom/cjs/react-dom.development.js:28478:17)
      at createFiberFromElement (node_modules/react-dom/cjs/react-dom.development.js:28504:15)
      at createChild (node_modules/react-dom/cjs/react-dom.development.js:13345:28)
      at reconcileChildrenArray (node_modules/react-dom/cjs/react-dom.development.js:13640:25)
      at reconcileChildFibers (node_modules/react-dom/cjs/react-dom.development.js:14057:16)
      at reconcileChildren (node_modules/react-dom/cjs/react-dom.development.js:19186:28)
      at updateHostComponent (node_modules/react-dom/cjs/react-dom.development.js:19953:3)
      at beginWork (node_modules/react-dom/cjs/react-dom.development.js:21657:14)
      at beginWork$1 (node_modules/react-dom/cjs/react-dom.development.js:27465:14)
      at performUnitOfWork (node_modules/react-dom/cjs/react-dom.development.js:26599:12)
      at workLoopSync (node_modules/react-dom/cjs/react-dom.development.js:26505:5)
      at renderRootSync (node_modules/react-dom/cjs/react-dom.development.js:26473:7)
      at recoverFromConcurrentError (node_modules/react-dom/cjs/react-dom.development.js:25889:20)
      at performConcurrentWorkOnRoot (node_modules/react-dom/cjs/react-dom.development.js:25789:22)
      at flushActQueue (node_modules/react/cjs/react.development.js:2667:24)
      at act (node_modules/react/cjs/react.development.js:2582:11)
      at node_modules/@testing-library/react/dist/act-compat.js:47:25
      at renderRoot (node_modules/@testing-library/react/dist/pure.js:190:26)
      at render (node_modules/@testing-library/react/dist/pure.js:292:10)
      at Object.<anonymous> (components/__tests__/TimelineModal.test.tsx:219:33)

  ● TimelineModal › should not close when modal content is clicked

    Element type is invalid: expected a string (for built-in components) or a class/function (for composite components) but got: undefined. You likely forgot to export your component from the file it's defined in, or you might have mixed up default and named imports.

    Check the render method of `TimelineModal`.

    [0m [90m 229 |[39m     [36mconst[39m onClose [33m=[39m jest[33m.[39mfn()[33m;[39m
     [90m 230 |[39m
    [31m[1m>[22m[39m[90m 231 |[39m     render([33m<[39m[33mTimelineModal[39m event[33m=[39m{mockEvent} onClose[33m=[39m{jest[33m.[39mfn()} [33m/[39m[33m>[39m)[33m;[39m
     [90m     |[39m           [31m[1m^[22m[39m
     [90m 232 |[39m
     [90m 233 |[39m     [36mconst[39m modalContent [33m=[39m screen[33m.[39mgetByText([32m'E-commerce Platform'[39m)[33m.[39mclosest([32m'.bg-white'[39m)[33m;[39m
     [90m 234 |[39m     [36mif[39m (modalContent) {[0m

      at createFiberFromTypeAndProps (node_modules/react-dom/cjs/react-dom.development.js:28478:17)
      at createFiberFromElement (node_modules/react-dom/cjs/react-dom.development.js:28504:15)
      at createChild (node_modules/react-dom/cjs/react-dom.development.js:13345:28)
      at reconcileChildrenArray (node_modules/react-dom/cjs/react-dom.development.js:13640:25)
      at reconcileChildFibers (node_modules/react-dom/cjs/react-dom.development.js:14057:16)
      at reconcileChildren (node_modules/react-dom/cjs/react-dom.development.js:19186:28)
      at updateHostComponent (node_modules/react-dom/cjs/react-dom.development.js:19953:3)
      at beginWork (node_modules/react-dom/cjs/react-dom.development.js:21657:14)
      at beginWork$1 (node_modules/react-dom/cjs/react-dom.development.js:27465:14)
      at performUnitOfWork (node_modules/react-dom/cjs/react-dom.development.js:26599:12)
      at workLoopSync (node_modules/react-dom/cjs/react-dom.development.js:26505:5)
      at renderRootSync (node_modules/react-dom/cjs/react-dom.development.js:26473:7)
      at recoverFromConcurrentError (node_modules/react-dom/cjs/react-dom.development.js:25889:20)
      at performConcurrentWorkOnRoot (node_modules/react-dom/cjs/react-dom.development.js:25789:22)
      at flushActQueue (node_modules/react/cjs/react.development.js:2667:24)
      at act (node_modules/react/cjs/react.development.js:2582:11)
      at node_modules/@testing-library/react/dist/act-compat.js:47:25
      at renderRoot (node_modules/@testing-library/react/dist/pure.js:190:26)
      at render (node_modules/@testing-library/react/dist/pure.js:292:10)
      at Object.<anonymous> (components/__tests__/TimelineModal.test.tsx:231:11)

  ● TimelineModal › should set body overflow to hidden on mount

    Element type is invalid: expected a string (for built-in components) or a class/function (for composite components) but got: undefined. You likely forgot to export your component from the file it's defined in, or you might have mixed up default and named imports.

    Check the render method of `TimelineModal`.

    [0m [90m 239 |[39m
     [90m 240 |[39m   it([32m'should set body overflow to hidden on mount'[39m[33m,[39m () [33m=>[39m {
    [31m[1m>[22m[39m[90m 241 |[39m     render([33m<[39m[33mTimelineModal[39m event[33m=[39m{mockEvent} onClose[33m=[39m{jest[33m.[39mfn()} [33m/[39m[33m>[39m)[33m;[39m
     [90m     |[39m           [31m[1m^[22m[39m
     [90m 242 |[39m
     [90m 243 |[39m     expect(document[33m.[39mbody[33m.[39mstyle[33m.[39moverflow)[33m.[39mtoBe([32m'hidden'[39m)[33m;[39m
     [90m 244 |[39m   })[33m;[39m[0m

      at createFiberFromTypeAndProps (node_modules/react-dom/cjs/react-dom.development.js:28478:17)
      at createFiberFromElement (node_modules/react-dom/cjs/react-dom.development.js:28504:15)
      at createChild (node_modules/react-dom/cjs/react-dom.development.js:13345:28)
      at reconcileChildrenArray (node_modules/react-dom/cjs/react-dom.development.js:13640:25)
      at reconcileChildFibers (node_modules/react-dom/cjs/react-dom.development.js:14057:16)
      at reconcileChildren (node_modules/react-dom/cjs/react-dom.development.js:19186:28)
      at updateHostComponent (node_modules/react-dom/cjs/react-dom.development.js:19953:3)
      at beginWork (node_modules/react-dom/cjs/react-dom.development.js:21657:14)
      at beginWork$1 (node_modules/react-dom/cjs/react-dom.development.js:27465:14)
      at performUnitOfWork (node_modules/react-dom/cjs/react-dom.development.js:26599:12)
      at workLoopSync (node_modules/react-dom/cjs/react-dom.development.js:26505:5)
      at renderRootSync (node_modules/react-dom/cjs/react-dom.development.js:26473:7)
      at recoverFromConcurrentError (node_modules/react-dom/cjs/react-dom.development.js:25889:20)
      at performConcurrentWorkOnRoot (node_modules/react-dom/cjs/react-dom.development.js:25789:22)
      at flushActQueue (node_modules/react/cjs/react.development.js:2667:24)
      at act (node_modules/react/cjs/react.development.js:2582:11)
      at node_modules/@testing-library/react/dist/act-compat.js:47:25
      at renderRoot (node_modules/@testing-library/react/dist/pure.js:190:26)
      at render (node_modules/@testing-library/react/dist/pure.js:292:10)
      at Object.<anonymous> (components/__tests__/TimelineModal.test.tsx:241:11)

  ● TimelineModal › should restore body overflow on unmount

    Element type is invalid: expected a string (for built-in components) or a class/function (for composite components) but got: undefined. You likely forgot to export your component from the file it's defined in, or you might have mixed up default and named imports.

    Check the render method of `TimelineModal`.

    [0m [90m 245 |[39m
     [90m 246 |[39m   it([32m'should restore body overflow on unmount'[39m[33m,[39m () [33m=>[39m {
    [31m[1m>[22m[39m[90m 247 |[39m     [36mconst[39m { unmount } [33m=[39m render([33m<[39m[33mTimelineModal[39m event[33m=[39m{mockEvent} onClose[33m=[39m{jest[33m.[39mfn()} [33m/[39m[33m>[39m)[33m;[39m
     [90m     |[39m                               [31m[1m^[22m[39m
     [90m 248 |[39m
     [90m 249 |[39m     unmount()[33m;[39m
     [90m 250 |[39m[0m

      at createFiberFromTypeAndProps (node_modules/react-dom/cjs/react-dom.development.js:28478:17)
      at createFiberFromElement (node_modules/react-dom/cjs/react-dom.development.js:28504:15)
      at createChild (node_modules/react-dom/cjs/react-dom.development.js:13345:28)
      at reconcileChildrenArray (node_modules/react-dom/cjs/react-dom.development.js:13640:25)
      at reconcileChildFibers (node_modules/react-dom/cjs/react-dom.development.js:14057:16)
      at reconcileChildren (node_modules/react-dom/cjs/react-dom.development.js:19186:28)
      at updateHostComponent (node_modules/react-dom/cjs/react-dom.development.js:19953:3)
      at beginWork (node_modules/react-dom/cjs/react-dom.development.js:21657:14)
      at beginWork$1 (node_modules/react-dom/cjs/react-dom.development.js:27465:14)
      at performUnitOfWork (node_modules/react-dom/cjs/react-dom.development.js:26599:12)
      at workLoopSync (node_modules/react-dom/cjs/react-dom.development.js:26505:5)
      at renderRootSync (node_modules/react-dom/cjs/react-dom.development.js:26473:7)
      at recoverFromConcurrentError (node_modules/react-dom/cjs/react-dom.development.js:25889:20)
      at performConcurrentWorkOnRoot (node_modules/react-dom/cjs/react-dom.development.js:25789:22)
      at flushActQueue (node_modules/react/cjs/react.development.js:2667:24)
      at act (node_modules/react/cjs/react.development.js:2582:11)
      at node_modules/@testing-library/react/dist/act-compat.js:47:25
      at renderRoot (node_modules/@testing-library/react/dist/pure.js:190:26)
      at render (node_modules/@testing-library/react/dist/pure.js:292:10)
      at Object.<anonymous> (components/__tests__/TimelineModal.test.tsx:247:31)

  ● TimelineModal › should listen for Escape key

    Element type is invalid: expected a string (for built-in components) or a class/function (for composite components) but got: undefined. You likely forgot to export your component from the file it's defined in, or you might have mixed up default and named imports.

    Check the render method of `TimelineModal`.

    [0m [90m 255 |[39m     [36mconst[39m onClose [33m=[39m jest[33m.[39mfn()[33m;[39m
     [90m 256 |[39m
    [31m[1m>[22m[39m[90m 257 |[39m     render([33m<[39m[33mTimelineModal[39m event[33m=[39m{mockEvent} onClose[33m=[39m{onClose} [33m/[39m[33m>[39m)[33m;[39m
     [90m     |[39m           [31m[1m^[22m[39m
     [90m 258 |[39m
     [90m 259 |[39m     [36mconst[39m escapeEvent [33m=[39m [36mnew[39m [33mKeyboardEvent[39m([32m'keydown'[39m[33m,[39m { key[33m:[39m [32m'Escape'[39m })[33m;[39m
     [90m 260 |[39m     document[33m.[39mdispatchEvent(escapeEvent)[33m;[39m[0m

      at createFiberFromTypeAndProps (node_modules/react-dom/cjs/react-dom.development.js:28478:17)
      at createFiberFromElement (node_modules/react-dom/cjs/react-dom.development.js:28504:15)
      at createChild (node_modules/react-dom/cjs/react-dom.development.js:13345:28)
      at reconcileChildrenArray (node_modules/react-dom/cjs/react-dom.development.js:13640:25)
      at reconcileChildFibers (node_modules/react-dom/cjs/react-dom.development.js:14057:16)
      at reconcileChildren (node_modules/react-dom/cjs/react-dom.development.js:19186:28)
      at updateHostComponent (node_modules/react-dom/cjs/react-dom.development.js:19953:3)
      at beginWork (node_modules/react-dom/cjs/react-dom.development.js:21657:14)
      at beginWork$1 (node_modules/react-dom/cjs/react-dom.development.js:27465:14)
      at performUnitOfWork (node_modules/react-dom/cjs/react-dom.development.js:26599:12)
      at workLoopSync (node_modules/react-dom/cjs/react-dom.development.js:26505:5)
      at renderRootSync (node_modules/react-dom/cjs/react-dom.development.js:26473:7)
      at recoverFromConcurrentError (node_modules/react-dom/cjs/react-dom.development.js:25889:20)
      at performConcurrentWorkOnRoot (node_modules/react-dom/cjs/react-dom.development.js:25789:22)
      at flushActQueue (node_modules/react/cjs/react.development.js:2667:24)
      at act (node_modules/react/cjs/react.development.js:2582:11)
      at node_modules/@testing-library/react/dist/act-compat.js:47:25
      at renderRoot (node_modules/@testing-library/react/dist/pure.js:190:26)
      at render (node_modules/@testing-library/react/dist/pure.js:292:10)
      at Object.<anonymous> (components/__tests__/TimelineModal.test.tsx:257:11)

  ● TimelineModal › should not close on other key presses

    Element type is invalid: expected a string (for built-in components) or a class/function (for composite components) but got: undefined. You likely forgot to export your component from the file it's defined in, or you might have mixed up default and named imports.

    Check the render method of `TimelineModal`.

    [0m [90m 266 |[39m     [36mconst[39m onClose [33m=[39m jest[33m.[39mfn()[33m;[39m
     [90m 267 |[39m
    [31m[1m>[22m[39m[90m 268 |[39m     render([33m<[39m[33mTimelineModal[39m event[33m=[39m{mockEvent} onClose[33m=[39m{onClose} [33m/[39m[33m>[39m)[33m;[39m
     [90m     |[39m           [31m[1m^[22m[39m
     [90m 269 |[39m
     [90m 270 |[39m     [36mconst[39m enterEvent [33m=[39m [36mnew[39m [33mKeyboardEvent[39m([32m'keydown'[39m[33m,[39m { key[33m:[39m [32m'Enter'[39m })[33m;[39m
     [90m 271 |[39m     document[33m.[39mdispatchEvent(enterEvent)[33m;[39m[0m

      at createFiberFromTypeAndProps (node_modules/react-dom/cjs/react-dom.development.js:28478:17)
      at createFiberFromElement (node_modules/react-dom/cjs/react-dom.development.js:28504:15)
      at createChild (node_modules/react-dom/cjs/react-dom.development.js:13345:28)
      at reconcileChildrenArray (node_modules/react-dom/cjs/react-dom.development.js:13640:25)
      at reconcileChildFibers (node_modules/react-dom/cjs/react-dom.development.js:14057:16)
      at reconcileChildren (node_modules/react-dom/cjs/react-dom.development.js:19186:28)
      at updateHostComponent (node_modules/react-dom/cjs/react-dom.development.js:19953:3)
      at beginWork (node_modules/react-dom/cjs/react-dom.development.js:21657:14)
      at beginWork$1 (node_modules/react-dom/cjs/react-dom.development.js:27465:14)
      at performUnitOfWork (node_modules/react-dom/cjs/react-dom.development.js:26599:12)
      at workLoopSync (node_modules/react-dom/cjs/react-dom.development.js:26505:5)
      at renderRootSync (node_modules/react-dom/cjs/react-dom.development.js:26473:7)
      at recoverFromConcurrentError (node_modules/react-dom/cjs/react-dom.development.js:25889:20)
      at performConcurrentWorkOnRoot (node_modules/react-dom/cjs/react-dom.development.js:25789:22)
      at flushActQueue (node_modules/react/cjs/react.development.js:2667:24)
      at act (node_modules/react/cjs/react.development.js:2582:11)
      at node_modules/@testing-library/react/dist/act-compat.js:47:25
      at renderRoot (node_modules/@testing-library/react/dist/pure.js:190:26)
      at render (node_modules/@testing-library/react/dist/pure.js:292:10)
      at Object.<anonymous> (components/__tests__/TimelineModal.test.tsx:268:11)

  ● TimelineModal › should render calendar icon

    Element type is invalid: expected a string (for built-in components) or a class/function (for composite components) but got: undefined. You likely forgot to export your component from the file it's defined in, or you might have mixed up default and named imports.

    Check the render method of `TimelineModal`.

    [0m [90m 275 |[39m
     [90m 276 |[39m   it([32m'should render calendar icon'[39m[33m,[39m () [33m=>[39m {
    [31m[1m>[22m[39m[90m 277 |[39m     render([33m<[39m[33mTimelineModal[39m event[33m=[39m{mockEvent} onClose[33m=[39m{jest[33m.[39mfn()} [33m/[39m[33m>[39m)[33m;[39m
     [90m     |[39m           [31m[1m^[22m[39m
     [90m 278 |[39m
     [90m 279 |[39m     expect(screen[33m.[39mgetByTestId([32m'calendar-icon'[39m))[33m.[39mtoBeInTheDocument()[33m;[39m
     [90m 280 |[39m   })[33m;[39m[0m

      at createFiberFromTypeAndProps (node_modules/react-dom/cjs/react-dom.development.js:28478:17)
      at createFiberFromElement (node_modules/react-dom/cjs/react-dom.development.js:28504:15)
      at createChild (node_modules/react-dom/cjs/react-dom.development.js:13345:28)
      at reconcileChildrenArray (node_modules/react-dom/cjs/react-dom.development.js:13640:25)
      at reconcileChildFibers (node_modules/react-dom/cjs/react-dom.development.js:14057:16)
      at reconcileChildren (node_modules/react-dom/cjs/react-dom.development.js:19186:28)
      at updateHostComponent (node_modules/react-dom/cjs/react-dom.development.js:19953:3)
      at beginWork (node_modules/react-dom/cjs/react-dom.development.js:21657:14)
      at beginWork$1 (node_modules/react-dom/cjs/react-dom.development.js:27465:14)
      at performUnitOfWork (node_modules/react-dom/cjs/react-dom.development.js:26599:12)
      at workLoopSync (node_modules/react-dom/cjs/react-dom.development.js:26505:5)
      at renderRootSync (node_modules/react-dom/cjs/react-dom.development.js:26473:7)
      at recoverFromConcurrentError (node_modules/react-dom/cjs/react-dom.development.js:25889:20)
      at performConcurrentWorkOnRoot (node_modules/react-dom/cjs/react-dom.development.js:25789:22)
      at flushActQueue (node_modules/react/cjs/react.development.js:2667:24)
      at act (node_modules/react/cjs/react.development.js:2582:11)
      at node_modules/@testing-library/react/dist/act-compat.js:47:25
      at renderRoot (node_modules/@testing-library/react/dist/pure.js:190:26)
      at render (node_modules/@testing-library/react/dist/pure.js:292:10)
      at Object.<anonymous> (components/__tests__/TimelineModal.test.tsx:277:11)

  ● TimelineModal › should handle events without endDate

    Element type is invalid: expected a string (for built-in components) or a class/function (for composite components) but got: undefined. You likely forgot to export your component from the file it's defined in, or you might have mixed up default and named imports.

    Check the render method of `TimelineModal`.

    [0m [90m 283 |[39m     [36mconst[39m ongoingEvent [33m=[39m { [33m...[39mmockEvent[33m,[39m endDate[33m:[39m undefined }[33m;[39m
     [90m 284 |[39m
    [31m[1m>[22m[39m[90m 285 |[39m     render([33m<[39m[33mTimelineModal[39m event[33m=[39m{ongoingEvent} onClose[33m=[39m{jest[33m.[39mfn()} [33m/[39m[33m>[39m)[33m;[39m
     [90m     |[39m           [31m[1m^[22m[39m
     [90m 286 |[39m
     [90m 287 |[39m     expect(screen[33m.[39mgetByText([35m/1 janvier 2022/i[39m))[33m.[39mtoBeInTheDocument()[33m;[39m
     [90m 288 |[39m     expect(screen[33m.[39mqueryByText([35m/30 juin 2023/i[39m))[33m.[39mnot[33m.[39mtoBeInTheDocument()[33m;[39m[0m

      at createFiberFromTypeAndProps (node_modules/react-dom/cjs/react-dom.development.js:28478:17)
      at createFiberFromElement (node_modules/react-dom/cjs/react-dom.development.js:28504:15)
      at createChild (node_modules/react-dom/cjs/react-dom.development.js:13345:28)
      at reconcileChildrenArray (node_modules/react-dom/cjs/react-dom.development.js:13640:25)
      at reconcileChildFibers (node_modules/react-dom/cjs/react-dom.development.js:14057:16)
      at reconcileChildren (node_modules/react-dom/cjs/react-dom.development.js:19186:28)
      at updateHostComponent (node_modules/react-dom/cjs/react-dom.development.js:19953:3)
      at beginWork (node_modules/react-dom/cjs/react-dom.development.js:21657:14)
      at beginWork$1 (node_modules/react-dom/cjs/react-dom.development.js:27465:14)
      at performUnitOfWork (node_modules/react-dom/cjs/react-dom.development.js:26599:12)
      at workLoopSync (node_modules/react-dom/cjs/react-dom.development.js:26505:5)
      at renderRootSync (node_modules/react-dom/cjs/react-dom.development.js:26473:7)
      at recoverFromConcurrentError (node_modules/react-dom/cjs/react-dom.development.js:25889:20)
      at performConcurrentWorkOnRoot (node_modules/react-dom/cjs/react-dom.development.js:25789:22)
      at flushActQueue (node_modules/react/cjs/react.development.js:2667:24)
      at act (node_modules/react/cjs/react.development.js:2582:11)
      at node_modules/@testing-library/react/dist/act-compat.js:47:25
      at renderRoot (node_modules/@testing-library/react/dist/pure.js:190:26)
      at render (node_modules/@testing-library/react/dist/pure.js:292:10)
      at Object.<anonymous> (components/__tests__/TimelineModal.test.tsx:285:11)

  ● TimelineModal › should not render duration section when not provided

    Element type is invalid: expected a string (for built-in components) or a class/function (for composite components) but got: undefined. You likely forgot to export your component from the file it's defined in, or you might have mixed up default and named imports.

    Check the render method of `TimelineModal`.

    [0m [90m 292 |[39m     [36mconst[39m eventWithoutDuration [33m=[39m { [33m...[39mmockEvent[33m,[39m duration[33m:[39m undefined }[33m;[39m
     [90m 293 |[39m
    [31m[1m>[22m[39m[90m 294 |[39m     render([33m<[39m[33mTimelineModal[39m event[33m=[39m{eventWithoutDuration} onClose[33m=[39m{jest[33m.[39mfn()} [33m/[39m[33m>[39m)[33m;[39m
     [90m     |[39m           [31m[1m^[22m[39m
     [90m 295 |[39m
     [90m 296 |[39m     expect(screen[33m.[39mqueryByTestId([32m'mappin-icon'[39m))[33m.[39mnot[33m.[39mtoBeInTheDocument()[33m;[39m
     [90m 297 |[39m   })[33m;[39m[0m

      at createFiberFromTypeAndProps (node_modules/react-dom/cjs/react-dom.development.js:28478:17)
      at createFiberFromElement (node_modules/react-dom/cjs/react-dom.development.js:28504:15)
      at createChild (node_modules/react-dom/cjs/react-dom.development.js:13345:28)
      at reconcileChildrenArray (node_modules/react-dom/cjs/react-dom.development.js:13640:25)
      at reconcileChildFibers (node_modules/react-dom/cjs/react-dom.development.js:14057:16)
      at reconcileChildren (node_modules/react-dom/cjs/react-dom.development.js:19186:28)
      at updateHostComponent (node_modules/react-dom/cjs/react-dom.development.js:19953:3)
      at beginWork (node_modules/react-dom/cjs/react-dom.development.js:21657:14)
      at beginWork$1 (node_modules/react-dom/cjs/react-dom.development.js:27465:14)
      at performUnitOfWork (node_modules/react-dom/cjs/react-dom.development.js:26599:12)
      at workLoopSync (node_modules/react-dom/cjs/react-dom.development.js:26505:5)
      at renderRootSync (node_modules/react-dom/cjs/react-dom.development.js:26473:7)
      at recoverFromConcurrentError (node_modules/react-dom/cjs/react-dom.development.js:25889:20)
      at performConcurrentWorkOnRoot (node_modules/react-dom/cjs/react-dom.development.js:25789:22)
      at flushActQueue (node_modules/react/cjs/react.development.js:2667:24)
      at act (node_modules/react/cjs/react.development.js:2582:11)
      at node_modules/@testing-library/react/dist/act-compat.js:47:25
      at renderRoot (node_modules/@testing-library/react/dist/pure.js:190:26)
      at render (node_modules/@testing-library/react/dist/pure.js:292:10)
      at Object.<anonymous> (components/__tests__/TimelineModal.test.tsx:294:11)

  ● TimelineModal › should apply correct color scheme for project type

    Element type is invalid: expected a string (for built-in components) or a class/function (for composite components) but got: undefined. You likely forgot to export your component from the file it's defined in, or you might have mixed up default and named imports.

    Check the render method of `TimelineModal`.

    [0m [90m 298 |[39m
     [90m 299 |[39m   it([32m'should apply correct color scheme for project type'[39m[33m,[39m () [33m=>[39m {
    [31m[1m>[22m[39m[90m 300 |[39m     [36mconst[39m { container } [33m=[39m render([33m<[39m[33mTimelineModal[39m event[33m=[39m{mockEvent} onClose[33m=[39m{jest[33m.[39mfn()} [33m/[39m[33m>[39m)[33m;[39m
     [90m     |[39m                                 [31m[1m^[22m[39m
     [90m 301 |[39m
     [90m 302 |[39m     [36mconst[39m purpleBadge [33m=[39m container[33m.[39mquerySelector([32m'.bg-purple-100'[39m)[33m;[39m
     [90m 303 |[39m     expect(purpleBadge)[33m.[39mtoBeInTheDocument()[33m;[39m[0m

      at createFiberFromTypeAndProps (node_modules/react-dom/cjs/react-dom.development.js:28478:17)
      at createFiberFromElement (node_modules/react-dom/cjs/react-dom.development.js:28504:15)
      at createChild (node_modules/react-dom/cjs/react-dom.development.js:13345:28)
      at reconcileChildrenArray (node_modules/react-dom/cjs/react-dom.development.js:13640:25)
      at reconcileChildFibers (node_modules/react-dom/cjs/react-dom.development.js:14057:16)
      at reconcileChildren (node_modules/react-dom/cjs/react-dom.development.js:19186:28)
      at updateHostComponent (node_modules/react-dom/cjs/react-dom.development.js:19953:3)
      at beginWork (node_modules/react-dom/cjs/react-dom.development.js:21657:14)
      at beginWork$1 (node_modules/react-dom/cjs/react-dom.development.js:27465:14)
      at performUnitOfWork (node_modules/react-dom/cjs/react-dom.development.js:26599:12)
      at workLoopSync (node_modules/react-dom/cjs/react-dom.development.js:26505:5)
      at renderRootSync (node_modules/react-dom/cjs/react-dom.development.js:26473:7)
      at recoverFromConcurrentError (node_modules/react-dom/cjs/react-dom.development.js:25889:20)
      at performConcurrentWorkOnRoot (node_modules/react-dom/cjs/react-dom.development.js:25789:22)
      at flushActQueue (node_modules/react/cjs/react.development.js:2667:24)
      at act (node_modules/react/cjs/react.development.js:2582:11)
      at node_modules/@testing-library/react/dist/act-compat.js:47:25
      at renderRoot (node_modules/@testing-library/react/dist/pure.js:190:26)
      at render (node_modules/@testing-library/react/dist/pure.js:292:10)
      at Object.<anonymous> (components/__tests__/TimelineModal.test.tsx:300:33)

  ● TimelineModal › should apply correct color scheme for experience type

    Element type is invalid: expected a string (for built-in components) or a class/function (for composite components) but got: undefined. You likely forgot to export your component from the file it's defined in, or you might have mixed up default and named imports.

    Check the render method of `TimelineModal`.

    [0m [90m 307 |[39m     [36mconst[39m experienceEvent [33m=[39m { [33m...[39mmockEvent[33m,[39m type[33m:[39m [32m'experience'[39m [36mas[39m [36mconst[39m }[33m;[39m
     [90m 308 |[39m
    [31m[1m>[22m[39m[90m 309 |[39m     [36mconst[39m { container } [33m=[39m render([33m<[39m[33mTimelineModal[39m event[33m=[39m{experienceEvent} onClose[33m=[39m{jest[33m.[39mfn()} [33m/[39m[33m>[39m)[33m;[39m
     [90m     |[39m                                 [31m[1m^[22m[39m
     [90m 310 |[39m
     [90m 311 |[39m     [36mconst[39m blueBadge [33m=[39m container[33m.[39mquerySelector([32m'.bg-blue-100'[39m)[33m;[39m
     [90m 312 |[39m     expect(blueBadge)[33m.[39mtoBeInTheDocument()[33m;[39m[0m

      at createFiberFromTypeAndProps (node_modules/react-dom/cjs/react-dom.development.js:28478:17)
      at createFiberFromElement (node_modules/react-dom/cjs/react-dom.development.js:28504:15)
      at createChild (node_modules/react-dom/cjs/react-dom.development.js:13345:28)
      at reconcileChildrenArray (node_modules/react-dom/cjs/react-dom.development.js:13640:25)
      at reconcileChildFibers (node_modules/react-dom/cjs/react-dom.development.js:14057:16)
      at reconcileChildren (node_modules/react-dom/cjs/react-dom.development.js:19186:28)
      at updateHostComponent (node_modules/react-dom/cjs/react-dom.development.js:19953:3)
      at beginWork (node_modules/react-dom/cjs/react-dom.development.js:21657:14)
      at beginWork$1 (node_modules/react-dom/cjs/react-dom.development.js:27465:14)
      at performUnitOfWork (node_modules/react-dom/cjs/react-dom.development.js:26599:12)
      at workLoopSync (node_modules/react-dom/cjs/react-dom.development.js:26505:5)
      at renderRootSync (node_modules/react-dom/cjs/react-dom.development.js:26473:7)
      at recoverFromConcurrentError (node_modules/react-dom/cjs/react-dom.development.js:25889:20)
      at performConcurrentWorkOnRoot (node_modules/react-dom/cjs/react-dom.development.js:25789:22)
      at flushActQueue (node_modules/react/cjs/react.development.js:2667:24)
      at act (node_modules/react/cjs/react.development.js:2582:11)
      at node_modules/@testing-library/react/dist/act-compat.js:47:25
      at renderRoot (node_modules/@testing-library/react/dist/pure.js:190:26)
      at render (node_modules/@testing-library/react/dist/pure.js:292:10)
      at Object.<anonymous> (components/__tests__/TimelineModal.test.tsx:309:33)

FAIL components/__tests__/TimelineView.test.tsx
  ● TimelineView › should display stats summary

    TestingLibraryElementError: Found multiple elements with the text: 3

    Here are the matching elements:

    Ignored nodes: comments, script, style
    [36m<p[39m
      [33mclass[39m=[32m"text-3xl font-bold text-blue-600"[39m
    [36m>[39m
      [0m3[0m
    [36m</p>[39m

    Ignored nodes: comments, script, style
    [36m<p[39m
      [33mclass[39m=[32m"text-3xl font-bold text-indigo-600"[39m
    [36m>[39m
      [0m3[0m
    [36m</p>[39m

    (If this is intentional, then use the `*AllBy*` variant of the query (like `queryAllByText`, `getAllByText`, or `findAllByText`)).

    Ignored nodes: comments, script, style
    [36m<body>[39m
      [36m<div>[39m
        [36m<div[39m
          [33mclass[39m=[32m"timeline-container relative"[39m
        [36m>[39m
          [36m<div[39m
            [33mdata-testid[39m=[32m"timeline-navigation"[39m
          [36m>[39m
            [0m2022, 2021, 2020[0m
          [36m</div>[39m
          [36m<div[39m
            [33mdata-testid[39m=[32m"timeline-filters"[39m
          [36m>[39m
            [36m<button>[39m
              [0mApply Filter[0m
            [36m</button>[39m
            [36m<button>[39m
              [0mReset[0m
            [36m</button>[39m
          [36m</div>[39m
          [36m<div[39m
            [33manimate[39m=[32m"visible"[39m
            [33mclass[39m=[32m"relative mt-12"[39m
            [33minitial[39m=[32m"hidden"[39m
            [33mvariants[39m=[32m"[object Object]"[39m
          [36m>[39m
            [36m<div[39m
              [33mclass[39m=[32m"absolute left-1/2 transform -translate-x-1/2 w-1 h-full bg-gradient-to-b from-blue-500 via-purple-500 to-pink-500 hidden md:block"[39m
            [36m/>[39m
            [36m<div[39m
              [33mclass[39m=[32m"absolute top-8 left-0 w-full h-1 bg-gradient-to-r from-blue-500 via-purple-500 to-pink-500 md:hidden"[39m
            [36m/>[39m
            [36m<div[39m
              [33mclass[39m=[32m"space-y-16 md:space-y-12"[39m
            [36m>[39m
              [36m<div[39m
                [33mdata-testid[39m=[32m"timeline-item-1"[39m
              [36m>[39m
                [0mSenior Developer[0m
              [36m</div>[39m
              [36m<div[39m
                [33mdata-testid[39m=[32m"timeline-item-2"[39m
              [36m>[39m
                [0mE-commerce Platform[0m
              [36m</div>[39m
              [36m<div[39m
                [33mdata-testid[39m=[32m"timeline-item-3"[39m
              [36m>[39m
                [0mConsultant[0m
              [36m</div>[39m
            [36m</div>[39m
          [36m</div>[39m
          [36m<div[39m
            [33mclass[39m=[32m"mt-16 p-6 bg-gradient-to-r from-blue-50 to-purple-50 rounded-xl"[39m
          [36m>[39m
            [36m<div[39m
              [33mclass[39m=[32m"grid grid-cols-2 md:grid-cols-4 gap-4 text-center"[39m
            [36m>[39m
              [36m<div>[39m
                [36m<p[39m
                  [33mclass[39m=[32m"text-3xl font-bold text-blue-600"[39m
                [36m>[39m
                  [0m3[0m
                [36m</p>[39m
                [36m<p[39m
                  [33mclass[39m=[32m"text-sm text-gray-600"[39m
                [36m>[39m
                  [0mÉvénements[0m
                [36m</p>[39m
              [36m</div>[39m
              [36m<div>[39m
                [36m<p[39m
                  [33mclass[39m=[32m"text-3xl font-bold text-purple-600"[39m
                [36m>[39m
                  [0m2[0m
                [36m</p>[39m
                [36m<p[39m
                  [33mclass[39m=[32m"text-sm text-gray-600"[39m
                [36m>[39m
                  [0mExpériences[0m
                [36m</p>[39m
              [36m</div>[39m
              [36m<div>[39m
                [36m<p[39m
                  [33mclass[39m=[32m"text-3xl font-bold text-pink-600"[39m
                [36m>[39m
                  [0m1[0m
                [36m</p>[39m
                [36m<p[39m
                  [33mclass[39m=[32m"text-sm text-gray-600"[39m
                [36m>[39m
                  [0mProjets[0m
                [36m</p>[39m
              [36m</div>[39m
              [36m<div>[39m
                [36m<p[39m
                  [33mclass[39m=[32m"text-3xl font-bold text-indigo-600"[39m
                [36m>[39m
                  [0m3[0m
                [36m</p>[39m
                [36m<p[39m
                  [33mclass[39m=[32m"text-sm text-gray-600"[39m
                [36m>[39m
                  [0mCatégories[0m
                [36m</p>[39m
              [36m</div>[39m
            [36m</div>[39m
          [36m</div>[39m
        [36m</div>[39m
      [36m</div>[39m
    [36m</body>[39m

    [0m [90m 186 |[39m     )[33m;[39m
     [90m 187 |[39m
    [31m[1m>[22m[39m[90m 188 |[39m     expect(screen[33m.[39mgetByText([32m'3'[39m))[33m.[39mtoBeInTheDocument()[33m;[39m [90m// Total events[39m
     [90m     |[39m                   [31m[1m^[22m[39m
     [90m 189 |[39m     expect(screen[33m.[39mgetByText([32m'2'[39m))[33m.[39mtoBeInTheDocument()[33m;[39m [90m// Experiences[39m
     [90m 190 |[39m     expect(screen[33m.[39mgetByText([32m'1'[39m))[33m.[39mtoBeInTheDocument()[33m;[39m [90m// Projects[39m
     [90m 191 |[39m   })[33m;[39m[0m

      at Object.getElementError (node_modules/@testing-library/dom/dist/config.js:37:19)
      at getElementError (node_modules/@testing-library/dom/dist/query-helpers.js:20:35)
      at getMultipleElementsFoundError (node_modules/@testing-library/dom/dist/query-helpers.js:23:10)
      at node_modules/@testing-library/dom/dist/query-helpers.js:55:13
      at node_modules/@testing-library/dom/dist/query-helpers.js:95:19
      at Object.getByText (components/__tests__/TimelineView.test.tsx:188:19)

  ● TimelineView › should filter events by category

    Unable to find an element with the text: 2. This could be because the text is broken up by multiple elements. In this case, you can provide a function for your text matcher to make your matcher more flexible.

    Ignored nodes: comments, script, style
    [36m<body>[39m
      [36m<div>[39m
        [36m<div[39m
          [33mclass[39m=[32m"timeline-container relative"[39m
        [36m>[39m
          [36m<div[39m
            [33mdata-testid[39m=[32m"timeline-navigation"[39m
          [36m>[39m
            [0m2022[0m
          [36m</div>[39m
          [36m<div[39m
            [33mdata-testid[39m=[32m"timeline-filters"[39m
          [36m>[39m
            [36m<button>[39m
              [0mApply Filter[0m
            [36m</button>[39m
            [36m<button>[39m
              [0mReset[0m
            [36m</button>[39m
          [36m</div>[39m
          [36m<div[39m
            [33manimate[39m=[32m"visible"[39m
            [33mclass[39m=[32m"relative mt-12"[39m
            [33minitial[39m=[32m"hidden"[39m
            [33mvariants[39m=[32m"[object Object]"[39m
          [36m>[39m
            [36m<div[39m
              [33mclass[39m=[32m"absolute left-1/2 transform -translate-x-1/2 w-1 h-full bg-gradient-to-b from-blue-500 via-purple-500 to-pink-500 hidden md:block"[39m
            [36m/>[39m
            [36m<div[39m
              [33mclass[39m=[32m"absolute top-8 left-0 w-full h-1 bg-gradient-to-r from-blue-500 via-purple-500 to-pink-500 md:hidden"[39m
            [36m/>[39m
            [36m<div[39m
              [33mclass[39m=[32m"space-y-16 md:space-y-12"[39m
            [36m>[39m
              [36m<div[39m
                [33mdata-testid[39m=[32m"timeline-item-1"[39m
              [36m>[39m
                [0mSenior Developer[0m
              [36m</div>[39m
            [36m</div>[39m
          [36m</div>[39m
          [36m<div[39m
            [33mclass[39m=[32m"mt-16 p-6 bg-gradient-to-r from-blue-50 to-purple-50 rounded-xl"[39m
          [36m>[39m
            [36m<div[39m
              [33mclass[39m=[32m"grid grid-cols-2 md:grid-cols-4 gap-4 text-center"[39m
            [36m>[39m
              [36m<div>[39m
                [36m<p[39m
                  [33mclass[39m=[32m"text-3xl font-bold text-blue-600"[39m
                [36m>[39m
                  [0m1[0m
                [36m</p>[39m
                [36m<p[39m
                  [33mclass[39m=[32m"text-sm text-gray-600"[39m
                [36m>[39m
                  [0mÉvénements[0m
                [36m</p>[39m
              [36m</div>[39m
              [36m<div>[39m
                [36m<p[39m
                  [33mclass[39m=[32m"text-3xl font-bold text-purple-600"[39m
                [36m>[39m
                  [0m1[0m
                [36m</p>[39m
                [36m<p[39m
                  [33mclass[39m=[32m"text-sm text-gray-600"[39m
                [36m>[39m
                  [0mExpériences[0m
                [36m</p>[39m
              [36m</div>[39m
              [36m<div>[39m
                [36m<p[39m
                  [33mclass[39m=[32m"text-3xl font-bold text-pink-600"[39m
                [36m>[39m
                  [0m0[0m
                [36m</p>[39m
                [36m<p[39m
                  [33mclass[39m=[32m"text-sm text-gray-600"[39m
                [36m>[39m
                  [0mProjets[0m
                [36m</p>[39m
              [36m</div>[39m
              [36m<div>[39m
                [36m<p[39m
                  [33mclass[39m=[32m"text-3xl font-bold text-indigo-600"[39m
                [36m>[39m
                  [0m3[0m
                [36m</p>[39m
                [36m<p[39m
                  [33mclass[39m=[32m"text-sm text-gray-600"[39m
                [36m>[39m
                  [0mCatégories[0m
                [36m</p>[39m
              [36m</div>[39m
            [36m</div>[39m
          [36m</div>[39m
        [36m</div>[39m
      [36m</div>[39m
    [36m</body>[39m

    [0m [90m 202 |[39m     fireEvent[33m.[39mclick(applyFilterButton)[33m;[39m
     [90m 203 |[39m
    [31m[1m>[22m[39m[90m 204 |[39m     [36mawait[39m waitFor(() [33m=>[39m {
     [90m     |[39m                  [31m[1m^[22m[39m
     [90m 205 |[39m       [90m// Should only show tech category events (2 events)[39m
     [90m 206 |[39m       expect(screen[33m.[39mgetByText([32m'2'[39m))[33m.[39mtoBeInTheDocument()[33m;[39m
     [90m 207 |[39m     })[33m;[39m[0m

      at waitForWrapper (node_modules/@testing-library/dom/dist/wait-for.js:163:27)
      at Object.<anonymous> (components/__tests__/TimelineView.test.tsx:204:18)

  ● TimelineView › should open modal when event is selected

    Found multiple elements with the text: Senior Developer

    Here are the matching elements:

    Ignored nodes: comments, script, style
    [36m<div[39m
      [33mdata-testid[39m=[32m"timeline-item-1"[39m
    [36m>[39m
      [0mSenior Developer[0m
    [36m</div>[39m

    Ignored nodes: comments, script, style
    [36m<h2>[39m
      [0mSenior Developer[0m
    [36m</h2>[39m

    (If this is intentional, then use the `*AllBy*` variant of the query (like `queryAllByText`, `getAllByText`, or `findAllByText`)).

    Ignored nodes: comments, script, style
    [36m<body>[39m
      [36m<div>[39m
        [36m<div[39m
          [33mclass[39m=[32m"timeline-container relative"[39m
        [36m>[39m
          [36m<div[39m
            [33mdata-testid[39m=[32m"timeline-navigation"[39m
          [36m>[39m
            [0m2022, 2021, 2020[0m
          [36m</div>[39m
          [36m<div[39m
            [33mdata-testid[39m=[32m"timeline-filters"[39m
          [36m>[39m
            [36m<button>[39m
              [0mApply Filter[0m
            [36m</button>[39m
            [36m<button>[39m
              [0mReset[0m
            [36m</button>[39m
          [36m</div>[39m
          [36m<div[39m
            [33manimate[39m=[32m"visible"[39m
            [33mclass[39m=[32m"relative mt-12"[39m
            [33minitial[39m=[32m"hidden"[39m
            [33mvariants[39m=[32m"[object Object]"[39m
          [36m>[39m
            [36m<div[39m
              [33mclass[39m=[32m"absolute left-1/2 transform -translate-x-1/2 w-1 h-full bg-gradient-to-b from-blue-500 via-purple-500 to-pink-500 hidden md:block"[39m
            [36m/>[39m
            [36m<div[39m
              [33mclass[39m=[32m"absolute top-8 left-0 w-full h-1 bg-gradient-to-r from-blue-500 via-purple-500 to-pink-500 md:hidden"[39m
            [36m/>[39m
            [36m<div[39m
              [33mclass[39m=[32m"space-y-16 md:space-y-12"[39m
            [36m>[39m
              [36m<div[39m
                [33mdata-testid[39m=[32m"timeline-item-1"[39m
              [36m>[39m
                [0mSenior Developer[0m
              [36m</div>[39m
              [36m<div[39m
                [33mdata-testid[39m=[32m"timeline-item-2"[39m
              [36m>[39m
                [0mE-commerce Platform[0m
              [36m</div>[39m
              [36m<div[39m
                [33mdata-testid[39m=[32m"timeline-item-3"[39m
              [36m>[39m
                [0mConsultant[0m
              [36m</div>[39m
            [36m</div>[39m
          [36m</div>[39m
          [36m<div[39m
            [33mdata-testid[39m=[32m"timeline-modal"[39m
          [36m>[39m
            [36m<h2>[39m
              [0mSenior Developer[0m
            [36m</h2>[39m
            [36m<button>[39m
              [0mClose[0m
            [36m</button>[39m
          [36m</div>[39m
          [36m<div[39m
            [33mclass[39m=[32m"mt-16 p-6 bg-gradient-to-r from-blue-50 to-purple-50 rounded-xl"[39m
          [36m>[39m
            [36m<div[39m
              [33mclass[39m=[32m"grid grid-cols-2 md:grid-cols-4 gap-4 text-center"[39m
            [36m>[39m
              [36m<div>[39m
                [36m<p[39m
                  [33mclass[39m=[32m"text-3xl font-bold text-blue-600"[39m
                [36m>[39m
                  [0m3[0m
                [36m</p>[39m
                [36m<p[39m
                  [33mclass[39m=[32m"text-sm text-gray-600"[39m
                [36m>[39m
                  [0mÉvénements[0m
                [36m</p>[39m
              [36m</div>[39m
              [36m<div>[39m
                [36m<p[39m
                  [33mclass[39m=[32m"text-3xl font-bold text-purple-600"[39m
                [36m>[39m
                  [0m2[0m
                [36m</p>[39m
                [36m<p[39m
                  [33mclass[39m=[32m"text-sm text-gray-600"[39m
                [36m>[39m
                  [0mExpériences[0m
                [36m</p>[39m
              [36m</div>[39m
              [36m<div>[39m
                [36m<p[39m
                  [33mclass[39m=[32m"text-3xl font-bold text-pink-600"[39m
                [36m>[39m
                  [0m1[0m
                [36m</p>[39m
                [36m<p[39m
                  [33mclass[39m=[32m"text-sm text-gray-600"[39m
                [36m>[39m
                  [0mProjets[0m
                [36m</p>[39m
              [36m</div>[39m
              [36m<div>[39m
                [36m<p[39m
                  [33mclass[39m=[32m"text-3xl font-bold text-indigo-600"[39m
                [36m>[39m
                  [0m3[0m
                [36m</p>[39m
                [36m<p[39m
                  [33mclass[39m=[32m"text-sm text-gray-600"[39m
                [36m>[39m
                  [0mCatégories[0m
                [36m</p>[39m
              [36m</div>[39m
            [36m</div>[39m
          [36m</div>[39m
        [36m</div>[39m
      [36m</div>[39m
    [36m</body>[39m

    [0m [90m 268 |[39m     fireEvent[33m.[39mclick(eventItem)[33m;[39m
     [90m 269 |[39m
    [31m[1m>[22m[39m[90m 270 |[39m     [36mawait[39m waitFor(() [33m=>[39m {
     [90m     |[39m                  [31m[1m^[22m[39m
     [90m 271 |[39m       expect(screen[33m.[39mgetByTestId([32m'timeline-modal'[39m))[33m.[39mtoBeInTheDocument()[33m;[39m
     [90m 272 |[39m       expect(screen[33m.[39mgetByText([32m'Senior Developer'[39m))[33m.[39mtoBeInTheDocument()[33m;[39m
     [90m 273 |[39m     })[33m;[39m[0m

      at waitForWrapper (node_modules/@testing-library/dom/dist/wait-for.js:163:27)
      at Object.<anonymous> (components/__tests__/TimelineView.test.tsx:270:18)

  ● TimelineView › should display correct category count in stats

    TestingLibraryElementError: Found multiple elements with the text: 3

    Here are the matching elements:

    Ignored nodes: comments, script, style
    [36m<p[39m
      [33mclass[39m=[32m"text-3xl font-bold text-blue-600"[39m
    [36m>[39m
      [0m3[0m
    [36m</p>[39m

    Ignored nodes: comments, script, style
    [36m<p[39m
      [33mclass[39m=[32m"text-3xl font-bold text-indigo-600"[39m
    [36m>[39m
      [0m3[0m
    [36m</p>[39m

    (If this is intentional, then use the `*AllBy*` variant of the query (like `queryAllByText`, `getAllByText`, or `findAllByText`)).

    Ignored nodes: comments, script, style
    [36m<body>[39m
      [36m<div>[39m
        [36m<div[39m
          [33mclass[39m=[32m"timeline-container relative"[39m
        [36m>[39m
          [36m<div[39m
            [33mdata-testid[39m=[32m"timeline-navigation"[39m
          [36m>[39m
            [0m2022, 2021, 2020[0m
          [36m</div>[39m
          [36m<div[39m
            [33mdata-testid[39m=[32m"timeline-filters"[39m
          [36m>[39m
            [36m<button>[39m
              [0mApply Filter[0m
            [36m</button>[39m
            [36m<button>[39m
              [0mReset[0m
            [36m</button>[39m
          [36m</div>[39m
          [36m<div[39m
            [33manimate[39m=[32m"visible"[39m
            [33mclass[39m=[32m"relative mt-12"[39m
            [33minitial[39m=[32m"hidden"[39m
            [33mvariants[39m=[32m"[object Object]"[39m
          [36m>[39m
            [36m<div[39m
              [33mclass[39m=[32m"absolute left-1/2 transform -translate-x-1/2 w-1 h-full bg-gradient-to-b from-blue-500 via-purple-500 to-pink-500 hidden md:block"[39m
            [36m/>[39m
            [36m<div[39m
              [33mclass[39m=[32m"absolute top-8 left-0 w-full h-1 bg-gradient-to-r from-blue-500 via-purple-500 to-pink-500 md:hidden"[39m
            [36m/>[39m
            [36m<div[39m
              [33mclass[39m=[32m"space-y-16 md:space-y-12"[39m
            [36m>[39m
              [36m<div[39m
                [33mdata-testid[39m=[32m"timeline-item-1"[39m
              [36m>[39m
                [0mSenior Developer[0m
              [36m</div>[39m
              [36m<div[39m
                [33mdata-testid[39m=[32m"timeline-item-2"[39m
              [36m>[39m
                [0mE-commerce Platform[0m
              [36m</div>[39m
              [36m<div[39m
                [33mdata-testid[39m=[32m"timeline-item-3"[39m
              [36m>[39m
                [0mConsultant[0m
              [36m</div>[39m
            [36m</div>[39m
          [36m</div>[39m
          [36m<div[39m
            [33mclass[39m=[32m"mt-16 p-6 bg-gradient-to-r from-blue-50 to-purple-50 rounded-xl"[39m
          [36m>[39m
            [36m<div[39m
              [33mclass[39m=[32m"grid grid-cols-2 md:grid-cols-4 gap-4 text-center"[39m
            [36m>[39m
              [36m<div>[39m
                [36m<p[39m
                  [33mclass[39m=[32m"text-3xl font-bold text-blue-600"[39m
                [36m>[39m
                  [0m3[0m
                [36m</p>[39m
                [36m<p[39m
                  [33mclass[39m=[32m"text-sm text-gray-600"[39m
                [36m>[39m
                  [0mÉvénements[0m
                [36m</p>[39m
              [36m</div>[39m
              [36m<div>[39m
                [36m<p[39m
                  [33mclass[39m=[32m"text-3xl font-bold text-purple-600"[39m
                [36m>[39m
                  [0m2[0m
                [36m</p>[39m
                [36m<p[39m
                  [33mclass[39m=[32m"text-sm text-gray-600"[39m
                [36m>[39m
                  [0mExpériences[0m
                [36m</p>[39m
              [36m</div>[39m
              [36m<div>[39m
                [36m<p[39m
                  [33mclass[39m=[32m"text-3xl font-bold text-pink-600"[39m
                [36m>[39m
                  [0m1[0m
                [36m</p>[39m
                [36m<p[39m
                  [33mclass[39m=[32m"text-sm text-gray-600"[39m
                [36m>[39m
                  [0mProjets[0m
                [36m</p>[39m
              [36m</div>[39m
              [36m<div>[39m
                [36m<p[39m
                  [33mclass[39m=[32m"text-3xl font-bold text-indigo-600"[39m
                [36m>[39m
                  [0m3[0m
                [36m</p>[39m
                [36m<p[39m
                  [33mclass[39m=[32m"text-sm text-gray-600"[39m
                [36m>[39m
                  [0mCatégories[0m
                [36m</p>[39m
              [36m</div>[39m
            [36m</div>[39m
          [36m</div>[39m
        [36m</div>[39m
      [36m</div>[39m
    [36m</body>[39m

    [0m [90m 317 |[39m     )[33m;[39m
     [90m 318 |[39m
    [31m[1m>[22m[39m[90m 319 |[39m     expect(screen[33m.[39mgetByText(mockCategories[33m.[39mlength[33m.[39mtoString()))[33m.[39mtoBeInTheDocument()[33m;[39m
     [90m     |[39m                   [31m[1m^[22m[39m
     [90m 320 |[39m     expect(screen[33m.[39mgetByText([35m/catégories/i[39m))[33m.[39mtoBeInTheDocument()[33m;[39m
     [90m 321 |[39m   })[33m;[39m
     [90m 322 |[39m[0m

      at Object.getElementError (node_modules/@testing-library/dom/dist/config.js:37:19)
      at getElementError (node_modules/@testing-library/dom/dist/query-helpers.js:20:35)
      at getMultipleElementsFoundError (node_modules/@testing-library/dom/dist/query-helpers.js:23:10)
      at node_modules/@testing-library/dom/dist/query-helpers.js:55:13
      at node_modules/@testing-library/dom/dist/query-helpers.js:95:19
      at Object.getByText (components/__tests__/TimelineView.test.tsx:319:19)

  ● TimelineView › should update stats when filters change

    TestingLibraryElementError: Found multiple elements with the text: 3

    Here are the matching elements:

    Ignored nodes: comments, script, style
    [36m<p[39m
      [33mclass[39m=[32m"text-3xl font-bold text-blue-600"[39m
    [36m>[39m
      [0m3[0m
    [36m</p>[39m

    Ignored nodes: comments, script, style
    [36m<p[39m
      [33mclass[39m=[32m"text-3xl font-bold text-indigo-600"[39m
    [36m>[39m
      [0m3[0m
    [36m</p>[39m

    (If this is intentional, then use the `*AllBy*` variant of the query (like `queryAllByText`, `getAllByText`, or `findAllByText`)).

    Ignored nodes: comments, script, style
    [36m<body>[39m
      [36m<div>[39m
        [36m<div[39m
          [33mclass[39m=[32m"timeline-container relative"[39m
        [36m>[39m
          [36m<div[39m
            [33mdata-testid[39m=[32m"timeline-navigation"[39m
          [36m>[39m
            [0m2022, 2021, 2020[0m
          [36m</div>[39m
          [36m<div[39m
            [33mdata-testid[39m=[32m"timeline-filters"[39m
          [36m>[39m
            [36m<button>[39m
              [0mApply Filter[0m
            [36m</button>[39m
            [36m<button>[39m
              [0mReset[0m
            [36m</button>[39m
          [36m</div>[39m
          [36m<div[39m
            [33manimate[39m=[32m"visible"[39m
            [33mclass[39m=[32m"relative mt-12"[39m
            [33minitial[39m=[32m"hidden"[39m
            [33mvariants[39m=[32m"[object Object]"[39m
          [36m>[39m
            [36m<div[39m
              [33mclass[39m=[32m"absolute left-1/2 transform -translate-x-1/2 w-1 h-full bg-gradient-to-b from-blue-500 via-purple-500 to-pink-500 hidden md:block"[39m
            [36m/>[39m
            [36m<div[39m
              [33mclass[39m=[32m"absolute top-8 left-0 w-full h-1 bg-gradient-to-r from-blue-500 via-purple-500 to-pink-500 md:hidden"[39m
            [36m/>[39m
            [36m<div[39m
              [33mclass[39m=[32m"space-y-16 md:space-y-12"[39m
            [36m>[39m
              [36m<div[39m
                [33mdata-testid[39m=[32m"timeline-item-1"[39m
              [36m>[39m
                [0mSenior Developer[0m
              [36m</div>[39m
              [36m<div[39m
                [33mdata-testid[39m=[32m"timeline-item-2"[39m
              [36m>[39m
                [0mE-commerce Platform[0m
              [36m</div>[39m
              [36m<div[39m
                [33mdata-testid[39m=[32m"timeline-item-3"[39m
              [36m>[39m
                [0mConsultant[0m
              [36m</div>[39m
            [36m</div>[39m
          [36m</div>[39m
          [36m<div[39m
            [33mclass[39m=[32m"mt-16 p-6 bg-gradient-to-r from-blue-50 to-purple-50 rounded-xl"[39m
          [36m>[39m
            [36m<div[39m
              [33mclass[39m=[32m"grid grid-cols-2 md:grid-cols-4 gap-4 text-center"[39m
            [36m>[39m
              [36m<div>[39m
                [36m<p[39m
                  [33mclass[39m=[32m"text-3xl font-bold text-blue-600"[39m
                [36m>[39m
                  [0m3[0m
                [36m</p>[39m
                [36m<p[39m
                  [33mclass[39m=[32m"text-sm text-gray-600"[39m
                [36m>[39m
                  [0mÉvénements[0m
                [36m</p>[39m
              [36m</div>[39m
              [36m<div>[39m
                [36m<p[39m
                  [33mclass[39m=[32m"text-3xl font-bold text-purple-600"[39m
                [36m>[39m
                  [0m2[0m
                [36m</p>[39m
                [36m<p[39m
                  [33mclass[39m=[32m"text-sm text-gray-600"[39m
                [36m>[39m
                  [0mExpériences[0m
                [36m</p>[39m
              [36m</div>[39m
              [36m<div>[39m
                [36m<p[39m
                  [33mclass[39m=[32m"text-3xl font-bold text-pink-600"[39m
                [36m>[39m
                  [0m1[0m
                [36m</p>[39m
                [36m<p[39m
                  [33mclass[39m=[32m"text-sm text-gray-600"[39m
                [36m>[39m
                  [0mProjets[0m
                [36m</p>[39m
              [36m</div>[39m
              [36m<div>[39m
                [36m<p[39m
                  [33mclass[39m=[32m"text-3xl font-bold text-indigo-600"[39m
                [36m>[39m
                  [0m3[0m
                [36m</p>[39m
                [36m<p[39m
                  [33mclass[39m=[32m"text-sm text-gray-600"[39m
                [36m>[39m
                  [0mCatégories[0m
                [36m</p>[39m
              [36m</div>[39m
            [36m</div>[39m
          [36m</div>[39m
        [36m</div>[39m
      [36m</div>[39m
    [36m</body>[39m

    [0m [90m 399 |[39m
     [90m 400 |[39m     [90m// Initial stats[39m
    [31m[1m>[22m[39m[90m 401 |[39m     expect(screen[33m.[39mgetByText([32m'3'[39m))[33m.[39mtoBeInTheDocument()[33m;[39m [90m// Total[39m
     [90m     |[39m                   [31m[1m^[22m[39m
     [90m 402 |[39m
     [90m 403 |[39m     [36mconst[39m applyFilterButton [33m=[39m screen[33m.[39mgetByText([32m'Apply Filter'[39m)[33m;[39m
     [90m 404 |[39m     fireEvent[33m.[39mclick(applyFilterButton)[33m;[39m[0m

      at Object.getElementError (node_modules/@testing-library/dom/dist/config.js:37:19)
      at getElementError (node_modules/@testing-library/dom/dist/query-helpers.js:20:35)
      at getMultipleElementsFoundError (node_modules/@testing-library/dom/dist/query-helpers.js:23:10)
      at node_modules/@testing-library/dom/dist/query-helpers.js:55:13
      at node_modules/@testing-library/dom/dist/query-helpers.js:95:19
      at Object.getByText (components/__tests__/TimelineView.test.tsx:401:19)

FAIL components/analytics/__tests__/LettersGenerated.test.tsx
  ● LettersGenerated › should render SVG chart

    expect(element).toHaveAttribute("viewBox", "0 0 400 150") // element.getAttribute("viewBox") === "0 0 400 150"

    Expected the element to have attribute:
      viewBox="0 0 400 150"
    Received:
      viewBox="0 0 24 24"

    Ignored nodes: comments, script, style
    [36m<html>[39m
      [36m<head />[39m
      [36m<body>[39m
        [36m<div>[39m
          [36m<div[39m
            [33mclass[39m=[32m"rounded-lg border bg-card p-6"[39m
          [36m>[39m
            [36m<div[39m
              [33mclass[39m=[32m"flex items-center justify-between mb-4"[39m
            [36m>[39m
              [36m<h2[39m
                [33mclass[39m=[32m"text-xl font-semibold flex items-center gap-2"[39m
              [36m>[39m
                [36m<svg[39m
                  [33mclass[39m=[32m"lucide lucide-file-text h-5 w-5"[39m
                  [33mfill[39m=[32m"none"[39m
                  [33mheight[39m=[32m"24"[39m
                  [33mstroke[39m=[32m"currentColor"[39m
                  [33mstroke-linecap[39m=[32m"round"[39m
                  [33mstroke-linejoin[39m=[32m"round"[39m
                  [33mstroke-width[39m=[32m"2"[39m
                  [33mviewBox[39m=[32m"0 0 24 24"[39m
                  [33mwidth[39m=[32m"24"[39m
                  [33mxmlns[39m=[32m"http://www.w3.org/2000/svg"[39m
                [36m>[39m
                  [36m<path[39m
                    [33md[39m=[32m"M14.5 2H6a2 2 0 0 0-2 2v16a2 2 0 0 0 2 2h12a2 2 0 0 0 2-2V7.5L14.5 2z"[39m
                  [36m/>[39m
                  [36m<polyline[39m
                    [33mpoints[39m=[32m"14 2 14 8 20 8"[39m
                  [36m/>[39m
                  [36m<line[39m
                    [33mx1[39m=[32m"16"[39m
                    [33mx2[39m=[32m"8"[39m
                    [33my1[39m=[32m"13"[39m
                    [33my2[39m=[32m"13"[39m
                  [36m/>[39m
                  [36m<line[39m
                    [33mx1[39m=[32m"16"[39m
                    [33mx2[39m=[32m"8"[39m
                    [33my1[39m=[32m"17"[39m
                    [33my2[39m=[32m"17"[39m
                  [36m/>[39m
                  [36m<line[39m
                    [33mx1[39m=[32m"10"[39m
                    [33mx2[39m=[32m"8"[39m
                    [33my1[39m=[32m"9"[39m
                    [33my2[39m=[32m"9"[39m
                  [36m/>[39m
                [36m</svg>[39m
                [0mLettres IA[0m
              [36m</h2>[39m
              [36m<div[39m
                [33mclass[39m=[32m"flex gap-1 bg-muted p-1 rounded-md"[39m
              [36m>[39m
                [36m<button[39m
                  [33mclass[39m=[32m"px-3 py-1 text-xs rounded transition-colors hover:bg-background"[39m
                [36m>[39m
                  [0mJour[0m
                [36m</button>[39m
                [36m<button[39m
                  [33mclass[39m=[32m"px-3 py-1 text-xs rounded transition-colors bg-primary text-primary-foreground"[39m
                [36m>[39m
                  [0mSemaine[0m
                [36m</button>[39m
                [36m<button[39m
                  [33mclass[39m=[32m"px-3 py-1 text-xs rounded transition-colors hover:bg-background"[39m
                [36m>[39m
                  [0mMois[0m
                [36m</button>[39m
              [36m</div>[39m
            [36m</div>[39m
            [36m<div[39m
              [33mclass[39m=[32m"mb-6 text-center"[39m
            [36m>[39m
              [36m<div[39m
                [33mclass[39m=[32m"text-3xl font-bold text-primary"[39m
              [36m>[39m
                [0m456[0m
              [36m</div>[39m
              [36m<div[39m
                [33mclass[39m=[32m"text-xs text-muted-foreground"[39m
              [36m>[39m
                [0mlettres générées au total[0m
              [36m</div>[39m
            [36m</div>[39m
            [36m<div[39m
              [33mclass[39m=[32m"h-48 relative"[39m
            [36m>[39m
              [36m<svg[39m
                [33mclass[39m=[32m"w-full h-full"[39m
                [33mpreserveAspectRatio[39m=[32m"none"[39m
                [33mviewBox[39m=[32m"0 0 400 150"[39m
              [36m>[39m
                [36m<line[39m
                  [33mopacity[39m=[32m"0.1"[39m
                  [33mstroke[39m=[32m"currentColor"[39m
                  [33mstroke-width[39m=[32m"0.5"[39m
                  [33mx1[39m=[32m"0"[39m
                  [33mx2[39m=[32m"400"[39m
                  [33my1[39m=[32m"0"[39m
                  [33my2[39m=[32m"0"[39m
                [36m/>[39m
                [36m<line[39m
                  [33mopacity[39m=[32m"0.1"[39m
                  [33mstroke[39m=[32m"currentColor"[39m
                  [33mstroke-width[39m=[32m"0.5"[39m
                  [33mx1[39m=[32m"0"[39m
                  [33mx2[39m=[32m"400"[39m
                  [33my1[39m=[32m"37.5"[39m
                  [33my2[39m=[32m"37.5"[39m
                [36m/>[39m
                [36m<line[39m
                  [33mopacity[39m=[32m"0.1"[39m
                  [33mstroke[39m=[32m"currentColor"[39m
                  [33mstroke-width[39m=[32m"0.5"[39m
                  [33mx1[39m=[32m"0"[39m
                  [33mx2[39m=[32m"400"[39m
                  [33my1[39m=[32m"75"[39m
                  [33my2[39m=[32m"75"[39m
                [36m/>[39m
                [36m<line[39m
                  [33mopacity[39m=[32m"0.1"[39m
                  [33mstroke[39m=[32m"currentColor"[39m
                  [33mstroke-width[39m=[32m"0.5"[39m
                  [33mx1[39m=[32m"0"[39m
                  [33mx2[39m=[32m"400"[39m
                  [33my1[39m=[32m"112.5"[39m
                  [33my2[39m=[32m"112.5"[39m
                [36m/>[39m
                [36m<line[39m
                  [33mopacity[39m=[32m"0.1"[39m
                  [33mstroke[39m=[32m"currentColor"[39m
                  [33mstroke-width[39m=[32m"0.5"[39m
                  [33mx1[39m=[32m"0"[39m
                  [33mx2[39m=[32m"400"[39m
                  [33my1[39m=[32m"150"[39m
                  [33my2[39m=[32m"150"[39m
                [36m/>[39m
                [36m<path[39m
                  [33md[39m=[32m"M 0 150 L 0 94 L 66.66666666666666 66 L 133.33333333333331 80 L 200 47.33333333333334 L 266.66666666666663 19.333333333333343 L 333.33333333333337 33.33333333333333 L 400 10 L 400 150 Z"[39m
                  [33mfill[39m=[32m"hsl(var(--primary))"[39m
                  [33mfill-opacity[39m=[32m"0.1"[39m
                [36m/>[39m
                [36m<polyline[39m
                  [33mfill[39m=[32m"none"[39m
                  [33mpoints[39m=[32m"0,94 66.66666666666666,66 133.33333333333331,80 200,47.33333333333334 266.66666666666663,19.333333333333343 333.33333333333337,33.33333333333333 400,10"[39m
                  [33mstroke[39m=[32m"hsl(var(--primary))"[39m
                  [33mstroke-width[39m=[32m"2"[39m
                [36m/>[39m
                [36m<circle[39m
                  [33mclass[39m=[32m"hover:r-5 transition-all"[39m
                  [33mcx[39m=[32m"0"[39m
                  [33mcy[39m=[32m"94"[39m
                  [33mfill[39m=[32m"hsl(var(--primary))"[39m
                  [33mr[39m=[32m"3"[39m
                [36m/>[39m
                [36m<circle[39m
                  [33mclass[39m=[32m"hover:r-5 transition-all"[39m
                  [33mcx[39m=[32m"66.66666666666666"[39m
                  [33mcy[39m=[32m"66"[39m
                  [33mfill[39m=[32m"hsl(var(--primary))"[39m
                  [33mr[39m=[32m"3"[39m
                [36m/>[39m
                [36m<circle[39m
                  [33mclass[39m=[32m"hover:r-5 transition-all"[39m
                  [33mcx[39m=[32m"133.33333333333331"[39m
                  [33mcy[39m=[32m"80"[39m
                  [33mfill[39m=[32m"hsl(var(--primary))"[39m
                  [33mr[39m=[32m"3"[39m
                [36m/>[39m
                [36m<circle[39m
                  [33mclass[39m=[32m"hover:r-5 transition-all"[39m
                  [33mcx[39m=[32m"200"[39m
                  [33mcy[39m=[32m"47.33333333333334"[39m
                  [33mfill[39m=[32m"hsl(var(--primary))"[39m
                  [33mr[39m=[32m"3"[39m
                [36m/>[39m
                [36m<circle[39m
                  [33mclass[39m=[32m"hover:r-5 transition-all"[39m
                  [33mcx[39m=[32m"266.66666666666663"[39m
                  [33mcy[39m=[32m"19.333333333333343"[39m
                  [33mfill[39m=[32m"hsl(var(--primary))"[39m
                  [33mr[39m=[32m"3"[39m
                [36m/>[39m
                [36m<circle[39m
                  [33mclass[39m=[32m"hover:r-5 transition-all"[39m
                  [33mcx[39m=[32m"333.33333333333337"[39m
                  [33mcy[39m=[32m"33.33333333333333"[39m
                  [33mfill[39m=[32m"hsl(var(--primary))"[39m
                  [33mr[39m=[32m"3"[39m
                [36m/>[39m
                [36m<circle[39m
                  [33mclass[39m=[32m"hover:r-5 transition-all"[39m
                  [33mcx[39m=[32m"400"[39m
                  [33mcy[39m=[32m"10"[39m
                  [33mfill[39m=[32m"hsl(var(--primary))"[39m
                  [33mr[39m=[32m"3"[39m
                [36m/>[39m
              [36m</svg>[39m
            [36m</div>[39m
            [36m<div[39m
              [33mclass[39m=[32m"flex justify-between mt-2 text-xs text-muted-foreground"[39m
            [36m>[39m
              [36m<span>[39m
                [0m01 déc.[0m
              [36m</span>[39m
              [36m<span>[39m
                [0m04 déc.[0m
              [36m</span>[39m
              [36m<span>[39m
                [0m07 déc.[0m
              [36m</span>[39m
            [36m</div>[39m
            [36m<div[39m
              [33mclass[39m=[32m"text-xs text-muted-foreground text-center mt-4"[39m
            [36m>[39m
              [0mÉvolution sur [0m
              [0m7 jours[0m
            [36m</div>[39m
          [36m</div>[39m
        [36m</div>[39m
      [36m</body>[39m
    [36m</html>[39m

    [0m [90m 164 |[39m       [36mconst[39m svg [33m=[39m container[33m.[39mquerySelector([32m'svg'[39m)[33m;[39m
     [90m 165 |[39m       expect(svg)[33m.[39mtoBeInTheDocument()[33m;[39m
    [31m[1m>[22m[39m[90m 166 |[39m       expect(svg)[33m.[39mtoHaveAttribute([32m'viewBox'[39m[33m,[39m [32m'0 0 400 150'[39m)[33m;[39m
     [90m     |[39m                   [31m[1m^[22m[39m
     [90m 167 |[39m     })[33m;[39m
     [90m 168 |[39m   })[33m;[39m
     [90m 169 |[39m[0m

      at toHaveAttribute (components/analytics/__tests__/LettersGenerated.test.tsx:166:19)
      at runWithExpensiveErrorDiagnosticsDisabled (node_modules/@testing-library/dom/dist/config.js:47:12)
      at checkCallback (node_modules/@testing-library/dom/dist/wait-for.js:124:77)
      at node_modules/@testing-library/dom/dist/wait-for.js:82:9

  ● LettersGenerated › should render grid lines in chart

    expect(received).toBe(expected) // Object.is equality

    Expected: 5
    Received: 8

    Ignored nodes: comments, script, style
    [36m<html>[39m
      [36m<head />[39m
      [36m<body>[39m
        [36m<div>[39m
          [36m<div[39m
            [33mclass[39m=[32m"rounded-lg border bg-card p-6"[39m
          [36m>[39m
            [36m<div[39m
              [33mclass[39m=[32m"flex items-center justify-between mb-4"[39m
            [36m>[39m
              [36m<h2[39m
                [33mclass[39m=[32m"text-xl font-semibold flex items-center gap-2"[39m
              [36m>[39m
                [36m<svg[39m
                  [33mclass[39m=[32m"lucide lucide-file-text h-5 w-5"[39m
                  [33mfill[39m=[32m"none"[39m
                  [33mheight[39m=[32m"24"[39m
                  [33mstroke[39m=[32m"currentColor"[39m
                  [33mstroke-linecap[39m=[32m"round"[39m
                  [33mstroke-linejoin[39m=[32m"round"[39m
                  [33mstroke-width[39m=[32m"2"[39m
                  [33mviewBox[39m=[32m"0 0 24 24"[39m
                  [33mwidth[39m=[32m"24"[39m
                  [33mxmlns[39m=[32m"http://www.w3.org/2000/svg"[39m
                [36m>[39m
                  [36m<path[39m
                    [33md[39m=[32m"M14.5 2H6a2 2 0 0 0-2 2v16a2 2 0 0 0 2 2h12a2 2 0 0 0 2-2V7.5L14.5 2z"[39m
                  [36m/>[39m
                  [36m<polyline[39m
                    [33mpoints[39m=[32m"14 2 14 8 20 8"[39m
                  [36m/>[39m
                  [36m<line[39m
                    [33mx1[39m=[32m"16"[39m
                    [33mx2[39m=[32m"8"[39m
                    [33my1[39m=[32m"13"[39m
                    [33my2[39m=[32m"13"[39m
                  [36m/>[39m
                  [36m<line[39m
                    [33mx1[39m=[32m"16"[39m
                    [33mx2[39m=[32m"8"[39m
                    [33my1[39m=[32m"17"[39m
                    [33my2[39m=[32m"17"[39m
                  [36m/>[39m
                  [36m<line[39m
                    [33mx1[39m=[32m"10"[39m
                    [33mx2[39m=[32m"8"[39m
                    [33my1[39m=[32m"9"[39m
                    [33my2[39m=[32m"9"[39m
                  [36m/>[39m
                [36m</svg>[39m
                [0mLettres IA[0m
              [36m</h2>[39m
              [36m<div[39m
                [33mclass[39m=[32m"flex gap-1 bg-muted p-1 rounded-md"[39m
              [36m>[39m
                [36m<button[39m
                  [33mclass[39m=[32m"px-3 py-1 text-xs rounded transition-colors hover:bg-background"[39m
                [36m>[39m
                  [0mJour[0m
                [36m</button>[39m
                [36m<button[39m
                  [33mclass[39m=[32m"px-3 py-1 text-xs rounded transition-colors bg-primary text-primary-foreground"[39m
                [36m>[39m
                  [0mSemaine[0m
                [36m</button>[39m
                [36m<button[39m
                  [33mclass[39m=[32m"px-3 py-1 text-xs rounded transition-colors hover:bg-background"[39m
                [36m>[39m
                  [0mMois[0m
                [36m</button>[39m
              [36m</div>[39m
            [36m</div>[39m
            [36m<div[39m
              [33mclass[39m=[32m"mb-6 text-center"[39m
            [36m>[39m
              [36m<div[39m
                [33mclass[39m=[32m"text-3xl font-bold text-primary"[39m
              [36m>[39m
                [0m456[0m
              [36m</div>[39m
              [36m<div[39m
                [33mclass[39m=[32m"text-xs text-muted-foreground"[39m
              [36m>[39m
                [0mlettres générées au total[0m
              [36m</div>[39m
            [36m</div>[39m
            [36m<div[39m
              [33mclass[39m=[32m"h-48 relative"[39m
            [36m>[39m
              [36m<svg[39m
                [33mclass[39m=[32m"w-full h-full"[39m
                [33mpreserveAspectRatio[39m=[32m"none"[39m
                [33mviewBox[39m=[32m"0 0 400 150"[39m
              [36m>[39m
                [36m<line[39m
                  [33mopacity[39m=[32m"0.1"[39m
                  [33mstroke[39m=[32m"currentColor"[39m
                  [33mstroke-width[39m=[32m"0.5"[39m
                  [33mx1[39m=[32m"0"[39m
                  [33mx2[39m=[32m"400"[39m
                  [33my1[39m=[32m"0"[39m
                  [33my2[39m=[32m"0"[39m
                [36m/>[39m
                [36m<line[39m
                  [33mopacity[39m=[32m"0.1"[39m
                  [33mstroke[39m=[32m"currentColor"[39m
                  [33mstroke-width[39m=[32m"0.5"[39m
                  [33mx1[39m=[32m"0"[39m
                  [33mx2[39m=[32m"400"[39m
                  [33my1[39m=[32m"37.5"[39m
                  [33my2[39m=[32m"37.5"[39m
                [36m/>[39m
                [36m<line[39m
                  [33mopacity[39m=[32m"0.1"[39m
                  [33mstroke[39m=[32m"currentColor"[39m
                  [33mstroke-width[39m=[32m"0.5"[39m
                  [33mx1[39m=[32m"0"[39m
                  [33mx2[39m=[32m"400"[39m
                  [33my1[39m=[32m"75"[39m
                  [33my2[39m=[32m"75"[39m
                [36m/>[39m
                [36m<line[39m
                  [33mopacity[39m=[32m"0.1"[39m
                  [33mstroke[39m=[32m"currentColor"[39m
                  [33mstroke-width[39m=[32m"0.5"[39m
                  [33mx1[39m=[32m"0"[39m
                  [33mx2[39m=[32m"400"[39m
                  [33my1[39m=[32m"112.5"[39m
                  [33my2[39m=[32m"112.5"[39m
                [36m/>[39m
                [36m<line[39m
                  [33mopacity[39m=[32m"0.1"[39m
                  [33mstroke[39m=[32m"currentColor"[39m
                  [33mstroke-width[39m=[32m"0.5"[39m
                  [33mx1[39m=[32m"0"[39m
                  [33mx2[39m=[32m"400"[39m
                  [33my1[39m=[32m"150"[39m
                  [33my2[39m=[32m"150"[39m
                [36m/>[39m
                [36m<path[39m
                  [33md[39m=[32m"M 0 150 L 0 94 L 66.66666666666666 66 L 133.33333333333331 80 L 200 47.33333333333334 L 266.66666666666663 19.333333333333343 L 333.33333333333337 33.33333333333333 L 400 10 L 400 150 Z"[39m
                  [33mfill[39m=[32m"hsl(var(--primary))"[39m
                  [33mfill-opacity[39m=[32m"0.1"[39m
                [36m/>[39m
                [36m<polyline[39m
                  [33mfill[39m=[32m"none"[39m
                  [33mpoints[39m=[32m"0,94 66.66666666666666,66 133.33333333333331,80 200,47.33333333333334 266.66666666666663,19.333333333333343 333.33333333333337,33.33333333333333 400,10"[39m
                  [33mstroke[39m=[32m"hsl(var(--primary))"[39m
                  [33mstroke-width[39m=[32m"2"[39m
                [36m/>[39m
                [36m<circle[39m
                  [33mclass[39m=[32m"hover:r-5 transition-all"[39m
                  [33mcx[39m=[32m"0"[39m
                  [33mcy[39m=[32m"94"[39m
                  [33mfill[39m=[32m"hsl(var(--primary))"[39m
                  [33mr[39m=[32m"3"[39m
                [36m/>[39m
                [36m<circle[39m
                  [33mclass[39m=[32m"hover:r-5 transition-all"[39m
                  [33mcx[39m=[32m"66.66666666666666"[39m
                  [33mcy[39m=[32m"66"[39m
                  [33mfill[39m=[32m"hsl(var(--primary))"[39m
                  [33mr[39m=[32m"3"[39m
                [36m/>[39m
                [36m<circle[39m
                  [33mclass[39m=[32m"hover:r-5 transition-all"[39m
                  [33mcx[39m=[32m"133.33333333333331"[39m
                  [33mcy[39m=[32m"80"[39m
                  [33mfill[39m=[32m"hsl(var(--primary))"[39m
                  [33mr[39m=[32m"3"[39m
                [36m/>[39m
                [36m<circle[39m
                  [33mclass[39m=[32m"hover:r-5 transition-all"[39m
                  [33mcx[39m=[32m"200"[39m
                  [33mcy[39m=[32m"47.33333333333334"[39m
                  [33mfill[39m=[32m"hsl(var(--primary))"[39m
                  [33mr[39m=[32m"3"[39m
                [36m/>[39m
                [36m<circle[39m
                  [33mclass[39m=[32m"hover:r-5 transition-all"[39m
                  [33mcx[39m=[32m"266.66666666666663"[39m
                  [33mcy[39m=[32m"19.333333333333343"[39m
                  [33mfill[39m=[32m"hsl(var(--primary))"[39m
                  [33mr[39m=[32m"3"[39m
                [36m/>[39m
                [36m<circle[39m
                  [33mclass[39m=[32m"hover:r-5 transition-all"[39m
                  [33mcx[39m=[32m"333.33333333333337"[39m
                  [33mcy[39m=[32m"33.33333333333333"[39m
                  [33mfill[39m=[32m"hsl(var(--primary))"[39m
                  [33mr[39m=[32m"3"[39m
                [36m/>[39m
                [36m<circle[39m
                  [33mclass[39m=[32m"hover:r-5 transition-all"[39m
                  [33mcx[39m=[32m"400"[39m
                  [33mcy[39m=[32m"10"[39m
                  [33mfill[39m=[32m"hsl(var(--primary))"[39m
                  [33mr[39m=[32m"3"[39m
                [36m/>[39m
              [36m</svg>[39m
            [36m</div>[39m
            [36m<div[39m
              [33mclass[39m=[32m"flex justify-between mt-2 text-xs text-muted-foreground"[39m
            [36m>[39m
              [36m<span>[39m
                [0m01 déc.[0m
              [36m</span>[39m
              [36m<span>[39m
                [0m04 déc.[0m
              [36m</span>[39m
              [36m<span>[39m
                [0m07 déc.[0m
              [36m</span>[39m
            [36m</div>[39m
            [36m<div[39m
              [33mclass[39m=[32m"text-xs text-muted-foreground text-center mt-4"[39m
            [36m>[39m
              [0mÉvolution sur [0m
              [0m7 jours[0m
            [36m</div>[39m
          [36m</div>[39m
        [36m</div>[39m
      [36m</body>[39m
    [36m</html>[39m

    [0m [90m 178 |[39m     [36mawait[39m waitFor(() [33m=>[39m {
     [90m 179 |[39m       [36mconst[39m lines [33m=[39m container[33m.[39mquerySelectorAll([32m'line'[39m)[33m;[39m
    [31m[1m>[22m[39m[90m 180 |[39m       expect(lines[33m.[39mlength)[33m.[39mtoBe([35m5[39m)[33m;[39m [90m// 5 horizontal grid lines[39m
     [90m     |[39m                            [31m[1m^[22m[39m
     [90m 181 |[39m     })[33m;[39m
     [90m 182 |[39m   })[33m;[39m
     [90m 183 |[39m[0m

      at toBe (components/analytics/__tests__/LettersGenerated.test.tsx:180:28)
      at runWithExpensiveErrorDiagnosticsDisabled (node_modules/@testing-library/dom/dist/config.js:47:12)
      at checkCallback (node_modules/@testing-library/dom/dist/wait-for.js:124:77)
      at node_modules/@testing-library/dom/dist/wait-for.js:82:9

  ● LettersGenerated › should format dates in French locale

    Found multiple elements with the text: /\d{2}\s\w+/

    Here are the matching elements:

    Ignored nodes: comments, script, style
    [36m<span>[39m
      [0m01 déc.[0m
    [36m</span>[39m

    Ignored nodes: comments, script, style
    [36m<span>[39m
      [0m04 déc.[0m
    [36m</span>[39m

    Ignored nodes: comments, script, style
    [36m<span>[39m
      [0m07 déc.[0m
    [36m</span>[39m

    (If this is intentional, then use the `*AllBy*` variant of the query (like `queryAllByText`, `getAllByText`, or `findAllByText`)).

    Ignored nodes: comments, script, style
    [36m<body>[39m
      [36m<div>[39m
        [36m<div[39m
          [33mclass[39m=[32m"rounded-lg border bg-card p-6"[39m
        [36m>[39m
          [36m<div[39m
            [33mclass[39m=[32m"flex items-center justify-between mb-4"[39m
          [36m>[39m
            [36m<h2[39m
              [33mclass[39m=[32m"text-xl font-semibold flex items-center gap-2"[39m
            [36m>[39m
              [36m<svg[39m
                [33mclass[39m=[32m"lucide lucide-file-text h-5 w-5"[39m
                [33mfill[39m=[32m"none"[39m
                [33mheight[39m=[32m"24"[39m
                [33mstroke[39m=[32m"currentColor"[39m
                [33mstroke-linecap[39m=[32m"round"[39m
                [33mstroke-linejoin[39m=[32m"round"[39m
                [33mstroke-width[39m=[32m"2"[39m
                [33mviewBox[39m=[32m"0 0 24 24"[39m
                [33mwidth[39m=[32m"24"[39m
                [33mxmlns[39m=[32m"http://www.w3.org/2000/svg"[39m
              [36m>[39m
                [36m<path[39m
                  [33md[39m=[32m"M14.5 2H6a2 2 0 0 0-2 2v16a2 2 0 0 0 2 2h12a2 2 0 0 0 2-2V7.5L14.5 2z"[39m
                [36m/>[39m
                [36m<polyline[39m
                  [33mpoints[39m=[32m"14 2 14 8 20 8"[39m
                [36m/>[39m
                [36m<line[39m
                  [33mx1[39m=[32m"16"[39m
                  [33mx2[39m=[32m"8"[39m
                  [33my1[39m=[32m"13"[39m
                  [33my2[39m=[32m"13"[39m
                [36m/>[39m
                [36m<line[39m
                  [33mx1[39m=[32m"16"[39m
                  [33mx2[39m=[32m"8"[39m
                  [33my1[39m=[32m"17"[39m
                  [33my2[39m=[32m"17"[39m
                [36m/>[39m
                [36m<line[39m
                  [33mx1[39m=[32m"10"[39m
                  [33mx2[39m=[32m"8"[39m
                  [33my1[39m=[32m"9"[39m
                  [33my2[39m=[32m"9"[39m
                [36m/>[39m
              [36m</svg>[39m
              [0mLettres IA[0m
            [36m</h2>[39m
            [36m<div[39m
              [33mclass[39m=[32m"flex gap-1 bg-muted p-1 rounded-md"[39m
            [36m>[39m
              [36m<button[39m
                [33mclass[39m=[32m"px-3 py-1 text-xs rounded transition-colors hover:bg-background"[39m
              [36m>[39m
                [0mJour[0m
              [36m</button>[39m
              [36m<button[39m
                [33mclass[39m=[32m"px-3 py-1 text-xs rounded transition-colors bg-primary text-primary-foreground"[39m
              [36m>[39m
                [0mSemaine[0m
              [36m</button>[39m
              [36m<button[39m
                [33mclass[39m=[32m"px-3 py-1 text-xs rounded transition-colors hover:bg-background"[39m
              [36m>[39m
                [0mMois[0m
              [36m</button>[39m
            [36m</div>[39m
          [36m</div>[39m
          [36m<div[39m
            [33mclass[39m=[32m"mb-6 text-center"[39m
          [36m>[39m
            [36m<div[39m
              [33mclass[39m=[32m"text-3xl font-bold text-primary"[39m
            [36m>[39m
              [0m456[0m
            [36m</div>[39m
            [36m<div[39m
              [33mclass[39m=[32m"text-xs text-muted-foreground"[39m
            [36m>[39m
              [0mlettres générées au total[0m
            [36m</div>[39m
          [36m</div>[39m
          [36m<div[39m
            [33mclass[39m=[32m"h-48 relative"[39m
          [36m>[39m
            [36m<svg[39m
              [33mclass[39m=[32m"w-full h-full"[39m
              [33mpreserveAspectRatio[39m=[32m"none"[39m
              [33mviewBox[39m=[32m"0 0 400 150"[39m
            [36m>[39m
              [36m<line[39m
                [33mopacity[39m=[32m"0.1"[39m
                [33mstroke[39m=[32m"currentColor"[39m
                [33mstroke-width[39m=[32m"0.5"[39m
                [33mx1[39m=[32m"0"[39m
                [33mx2[39m=[32m"400"[39m
                [33my1[39m=[32m"0"[39m
                [33my2[39m=[32m"0"[39m
              [36m/>[39m
              [36m<line[39m
                [33mopacity[39m=[32m"0.1"[39m
                [33mstroke[39m=[32m"currentColor"[39m
                [33mstroke-width[39m=[32m"0.5"[39m
                [33mx1[39m=[32m"0"[39m
                [33mx2[39m=[32m"400"[39m
                [33my1[39m=[32m"37.5"[39m
                [33my2[39m=[32m"37.5"[39m
              [36m/>[39m
              [36m<line[39m
                [33mopacity[39m=[32m"0.1"[39m
                [33mstroke[39m=[32m"currentColor"[39m
                [33mstroke-width[39m=[32m"0.5"[39m
                [33mx1[39m=[32m"0"[39m
                [33mx2[39m=[32m"400"[39m
                [33my1[39m=[32m"75"[39m
                [33my2[39m=[32m"75"[39m
              [36m/>[39m
              [36m<line[39m
                [33mopacity[39m=[32m"0.1"[39m
                [33mstroke[39m=[32m"currentColor"[39m
                [33mstroke-width[39m=[32m"0.5"[39m
                [33mx1[39m=[32m"0"[39m
                [33mx2[39m=[32m"400"[39m
                [33my1[39m=[32m"112.5"[39m
                [33my2[39m=[32m"112.5"[39m
              [36m/>[39m
              [36m<line[39m
                [33mopacity[39m=[32m"0.1"[39m
                [33mstroke[39m=[32m"currentColor"[39m
                [33mstroke-width[39m=[32m"0.5"[39m
                [33mx1[39m=[32m"0"[39m
                [33mx2[39m=[32m"400"[39m
                [33my1[39m=[32m"150"[39m
                [33my2[39m=[32m"150"[39m
              [36m/>[39m
              [36m<path[39m
                [33md[39m=[32m"M 0 150 L 0 94 L 66.66666666666666 66 L 133.33333333333331 80 L 200 47.33333333333334 L 266.66666666666663 19.333333333333343 L 333.33333333333337 33.33333333333333 L 400 10 L 400 150 Z"[39m
                [33mfill[39m=[32m"hsl(var(--primary))"[39m
                [33mfill-opacity[39m=[32m"0.1"[39m
              [36m/>[39m
              [36m<polyline[39m
                [33mfill[39m=[32m"none"[39m
                [33mpoints[39m=[32m"0,94 66.66666666666666,66 133.33333333333331,80 200,47.33333333333334 266.66666666666663,19.333333333333343 333.33333333333337,33.33333333333333 400,10"[39m
                [33mstroke[39m=[32m"hsl(var(--primary))"[39m
                [33mstroke-width[39m=[32m"2"[39m
              [36m/>[39m
              [36m<circle[39m
                [33mclass[39m=[32m"hover:r-5 transition-all"[39m
                [33mcx[39m=[32m"0"[39m
                [33mcy[39m=[32m"94"[39m
                [33mfill[39m=[32m"hsl(var(--primary))"[39m
                [33mr[39m=[32m"3"[39m
              [36m/>[39m
              [36m<circle[39m
                [33mclass[39m=[32m"hover:r-5 transition-all"[39m
                [33mcx[39m=[32m"66.66666666666666"[39m
                [33mcy[39m=[32m"66"[39m
                [33mfill[39m=[32m"hsl(var(--primary))"[39m
                [33mr[39m=[32m"3"[39m
              [36m/>[39m
              [36m<circle[39m
                [33mclass[39m=[32m"hover:r-5 transition-all"[39m
                [33mcx[39m=[32m"133.33333333333331"[39m
                [33mcy[39m=[32m"80"[39m
                [33mfill[39m=[32m"hsl(var(--primary))"[39m
                [33mr[39m=[32m"3"[39m
              [36m/>[39m
              [36m<circle[39m
                [33mclass[39m=[32m"hover:r-5 transition-all"[39m
                [33mcx[39m=[32m"200"[39m
                [33mcy[39m=[32m"47.33333333333334"[39m
                [33mfill[39m=[32m"hsl(var(--primary))"[39m
                [33mr[39m=[32m"3"[39m
              [36m/>[39m
              [36m<circle[39m
                [33mclass[39m=[32m"hover:r-5 transition-all"[39m
                [33mcx[39m=[32m"266.66666666666663"[39m
                [33mcy[39m=[32m"19.333333333333343"[39m
                [33mfill[39m=[32m"hsl(var(--primary))"[39m
                [33mr[39m=[32m"3"[39m
              [36m/>[39m
              [36m<circle[39m
                [33mclass[39m=[32m"hover:r-5 transition-all"[39m
                [33mcx[39m=[32m"333.33333333333337"[39m
                [33mcy[39m=[32m"33.33333333333333"[39m
                [33mfill[39m=[32m"hsl(var(--primary))"[39m
                [33mr[39m=[32m"3"[39m
              [36m/>[39m
              [36m<circle[39m
                [33mclass[39m=[32m"hover:r-5 transition-all"[39m
                [33mcx[39m=[32m"400"[39m
                [33mcy[39m=[32m"10"[39m
                [33mfill[39m=[32m"hsl(var(--primary))"[39m
                [33mr[39m=[32m"3"[39m
              [36m/>[39m
            [36m</svg>[39m
          [36m</div>[39m
          [36m<div[39m
            [33mclass[39m=[32m"flex justify-between mt-2 text-xs text-muted-foreground"[39m
          [36m>[39m
            [36m<span>[39m
              [0m01 déc.[0m
            [36m</span>[39m
            [36m<span>[39m
              [0m04 déc.[0m
            [36m</span>[39m
            [36m<span>[39m
              [0m07 déc.[0m
            [36m</span>[39m
          [36m</div>[39m
          [36m<div[39m
            [33mclass[39m=[32m"text-xs text-muted-foreground text-center mt-4"[39m
          [36m>[39m
            [0mÉvolution sur [0m
            [0m7 jours[0m
          [36m</div>[39m
        [36m</div>[39m
      [36m</div>[39m
    [36m</body>[39m

    [0m [90m 247 |[39m     render([33m<[39m[33mLettersGenerated[39m [33m/[39m[33m>[39m)[33m;[39m
     [90m 248 |[39m
    [31m[1m>[22m[39m[90m 249 |[39m     [36mawait[39m waitFor(() [33m=>[39m {
     [90m     |[39m                  [31m[1m^[22m[39m
     [90m 250 |[39m       [90m// French month abbreviations[39m
     [90m 251 |[39m       [36mconst[39m dateText [33m=[39m screen[33m.[39mgetByText([35m/\d{2}\s\w+/[39m)[33m;[39m
     [90m 252 |[39m       expect(dateText)[33m.[39mtoBeInTheDocument()[33m;[39m[0m

      at waitForWrapper (node_modules/@testing-library/dom/dist/wait-for.js:163:27)
      at Object.<anonymous> (components/analytics/__tests__/LettersGenerated.test.tsx:249:18)

  ● LettersGenerated › should refetch when period changes

    TestingLibraryElementError: Unable to find an element with the text: Mois. This could be because the text is broken up by multiple elements. In this case, you can provide a function for your text matcher to make your matcher more flexible.

    Ignored nodes: comments, script, style
    [36m<body>[39m
      [36m<div>[39m
        [36m<div[39m
          [33mclass[39m=[32m"rounded-lg border bg-card p-6 animate-pulse h-80"[39m
        [36m>[39m
          [36m<div[39m
            [33mclass[39m=[32m"h-6 bg-muted rounded w-1/2 mb-4"[39m
          [36m/>[39m
          [36m<div[39m
            [33mclass[39m=[32m"h-48 bg-muted rounded"[39m
          [36m/>[39m
        [36m</div>[39m
      [36m</div>[39m
    [36m</body>[39m

    [0m [90m 419 |[39m
     [90m 420 |[39m     [90m// Change period[39m
    [31m[1m>[22m[39m[90m 421 |[39m     fireEvent[33m.[39mclick(screen[33m.[39mgetByText([32m'Mois'[39m))[33m;[39m
     [90m     |[39m                            [31m[1m^[22m[39m
     [90m 422 |[39m
     [90m 423 |[39m     [36mawait[39m waitFor(() [33m=>[39m {
     [90m 424 |[39m       expect(global[33m.[39mfetch)[33m.[39mtoHaveBeenCalledWith([0m

      at Object.getElementError (node_modules/@testing-library/dom/dist/config.js:37:19)
      at node_modules/@testing-library/dom/dist/query-helpers.js:76:38
      at node_modules/@testing-library/dom/dist/query-helpers.js:52:17
      at node_modules/@testing-library/dom/dist/query-helpers.js:95:19
      at Object.getByText (components/analytics/__tests__/LettersGenerated.test.tsx:421:28)

FAIL components/__tests__/TimelineFilters.test.tsx
  ● TimelineFilters › should toggle period picker visibility

    TestingLibraryElementError: Found a label with the text of: /de :/i, however no form control was found associated to that label. Make sure you're using the "for" attribute or "aria-labelledby" attribute correctly.

    Ignored nodes: comments, script, style
    [36m<body>[39m
      [36m<div>[39m
        [36m<div[39m
          [33mclass[39m=[32m"mb-8"[39m
        [36m>[39m
          [36m<div[39m
            [33mclass[39m=[32m"flex items-center gap-2 mb-4"[39m
          [36m>[39m
            [36m<svg[39m
              [33mdata-testid[39m=[32m"filter-icon"[39m
            [36m/>[39m
            [36m<h3[39m
              [33mclass[39m=[32m"text-lg font-semibold text-gray-900 dark:text-white"[39m
            [36m>[39m
              [0mFiltres[0m
            [36m</h3>[39m
          [36m</div>[39m
          [36m<div[39m
            [33mclass[39m=[32m"mb-4"[39m
          [36m>[39m
            [36m<p[39m
              [33mclass[39m=[32m"text-sm text-gray-600 dark:text-gray-400 mb-2"[39m
            [36m>[39m
              [0mType :[0m
            [36m</p>[39m
            [36m<div[39m
              [33mclass[39m=[32m"flex flex-wrap gap-2"[39m
            [36m>[39m
              [36m<button[39m
                [33mclass[39m=[32m"px-4 py-2 rounded-full text-sm font-medium transition-all bg-blue-500 text-white shadow-md"[39m
              [36m>[39m
                [0mTous[0m
              [36m</button>[39m
              [36m<button[39m
                [33mclass[39m=[32m"px-4 py-2 rounded-full text-sm font-medium transition-all bg-gray-200 dark:bg-gray-700 text-gray-700 dark:text-gray-300 hover:bg-gray-300 dark:hover:bg-gray-600"[39m
              [36m>[39m
                [0mExpériences[0m
              [36m</button>[39m
              [36m<button[39m
                [33mclass[39m=[32m"px-4 py-2 rounded-full text-sm font-medium transition-all bg-gray-200 dark:bg-gray-700 text-gray-700 dark:text-gray-300 hover:bg-gray-300 dark:hover:bg-gray-600"[39m
              [36m>[39m
                [0mProjets[0m
              [36m</button>[39m
            [36m</div>[39m
          [36m</div>[39m
          [36m<div[39m
            [33mclass[39m=[32m"mb-4"[39m
          [36m>[39m
            [36m<p[39m
              [33mclass[39m=[32m"text-sm text-gray-600 dark:text-gray-400 mb-2"[39m
            [36m>[39m
              [0mCatégorie :[0m
            [36m</p>[39m
            [36m<div[39m
              [33mclass[39m=[32m"flex flex-wrap gap-2"[39m
            [36m>[39m
              [36m<button[39m
                [33mclass[39m=[32m"px-4 py-2 rounded-full text-sm font-medium transition-all bg-gray-200 dark:bg-gray-700 text-gray-700 dark:text-gray-300 hover:bg-gray-300 dark:hover:bg-gray-600"[39m
              [36m>[39m
                [0mBackend[0m
              [36m</button>[39m
              [36m<button[39m
                [33mclass[39m=[32m"px-4 py-2 rounded-full text-sm font-medium transition-all bg-gray-200 dark:bg-gray-700 text-gray-700 dark:text-gray-300 hover:bg-gray-300 dark:hover:bg-gray-600"[39m
              [36m>[39m
                [0mFrontend[0m
              [36m</button>[39m
              [36m<button[39m
                [33mclass[39m=[32m"px-4 py-2 rounded-full text-sm font-medium transition-all bg-gray-200 dark:bg-gray-700 text-gray-700 dark:text-gray-300 hover:bg-gray-300 dark:hover:bg-gray-600"[39m
              [36m>[39m
                [0mDevOps[0m
              [36m</button>[39m
              [36m<button[39m
                [33mclass[39m=[32m"px-4 py-2 rounded-full text-sm font-medium transition-all bg-gray-200 dark:bg-gray-700 text-gray-700 dark:text-gray-300 hover:bg-gray-300 dark:hover:bg-gray-600"[39m
              [36m>[39m
                [0mMobile[0m
              [36m</button>[39m
            [36m</div>[39m
          [36m</div>[39m
          [36m<div>[39m
            [36m<button[39m
              [33mclass[39m=[32m"flex items-center gap-2 text-sm text-gray-600 dark:text-gray-400 hover:text-gray-900 dark:hover:text-white transition-colors"[39m
            [36m>[39m
              [36m<svg[39m
                [33mdata-testid[39m=[32m"calendar-icon"[39m
              [36m/>[39m
              [0mFiltrer par période[0m
            [36m</button>[39m
            [36m<div[39m
              [33mclass[39m=[32m"mt-3 p-4 bg-gray-50 dark:bg-gray-800 rounded-lg"[39m
            [36m>[39m
              [36m<div[39m
                [33mclass[39m=[32m"grid grid-cols-1 md:grid-cols-2 gap-4"[39m
              [36m>[39m
                [36m<div>[39m
                  [36m<label[39m
                    [33mclass[39m=[32m"block text-sm font-medium text-gray-700 dark:text-gray-300 mb-1"[39m
                  [36m>[39m
                    [0mDe :[0m
                  [36m</label>[39m
                  [36m<input[39m
                    [33mclass[39m=[32m"w-full px-3 py-2 border border-gray-300 dark:border-gray-600 rounded-lg bg-white dark:bg-gray-900 text-gray-900 dark:text-white focus:ring-2 focus:ring-blue-500 focus:border-transparent"[39m
                    [33mtype[39m=[32m"date"[39m
                    [33mvalue[39m=[32m""[39m
                  [36m/>[39m
                [36m</div>[39m
                [36m<div>[39m
                  [36m<label[39m
                    [33mclass[39m=[32m"block text-sm font-medium text-gray-700 dark:text-gray-300 mb-1"[39m
                  [36m>[39m
                    [0mÀ :[0m
                  [36m</label>[39m
                  [36m<input[39m
                    [33mclass[39m=[32m"w-full px-3 py-2 border border-gray-300 dark:border-gray-600 rounded-lg bg-white dark:bg-gray-900 text-gray-900 dark:text-white focus:ring-2 focus:ring-blue-500 focus:border-transparent"[39m
                    [33mtype[39m=[32m"date"[39m
                    [33mvalue[39m=[32m""[39m
                  [36m/>[39m
                [36m</div>[39m
              [36m</div>[39m
              [36m<div[39m
                [33mclass[39m=[32m"flex gap-2 mt-4"[39m
              [36m>[39m
                [36m<button[39m
                  [33mclass[39m=[32m"px-4 py-2 bg-blue-500 text-white rounded-lg hover:bg-blue-600 disabled:bg-gray-400 disabled:cursor-not-allowed transition-colors"[39m
                  [33mdisabled[39m=[32m""[39m
                [36m>[39m
                  [0mAppliquer[0m
                [36m</button>[39m
                [36m<button[39m
                  [33mclass[39m=[32m"px-4 py-2 bg-gray-200 dark:bg-gray-700 text-gray-700 dark:text-gray-300 rounded-lg hover:bg-gray-300 dark:hover:bg-gray-600 transition-colors"[39m
                [36m>[39m
                  [0mEffacer[0m
                [36m</button>[39m
              [36m</div>[39m
            [36m</div>[39m
          [36m</div>[39m
        [36m</div>[39m
      [36m</div>[39m
    [36m</body>[39m

    [0m [90m 233 |[39m     fireEvent[33m.[39mclick(periodButton)[33m;[39m
     [90m 234 |[39m
    [31m[1m>[22m[39m[90m 235 |[39m     expect(screen[33m.[39mgetByLabelText([35m/de :/i[39m))[33m.[39mtoBeInTheDocument()[33m;[39m
     [90m     |[39m                   [31m[1m^[22m[39m
     [90m 236 |[39m     expect(screen[33m.[39mgetByLabelText([35m/à :/i[39m))[33m.[39mtoBeInTheDocument()[33m;[39m
     [90m 237 |[39m   })[33m;[39m
     [90m 238 |[39m[0m

      at Object.getElementError (node_modules/@testing-library/dom/dist/config.js:37:19)
      at getAllByLabelText (node_modules/@testing-library/dom/dist/queries/label-text.js:108:40)
      at node_modules/@testing-library/dom/dist/query-helpers.js:52:17
      at node_modules/@testing-library/dom/dist/query-helpers.js:95:19
      at Object.getByLabelText (components/__tests__/TimelineFilters.test.tsx:235:19)

  ● TimelineFilters › should apply period filter

    TestingLibraryElementError: Found a label with the text of: /de :/i, however no form control was found associated to that label. Make sure you're using the "for" attribute or "aria-labelledby" attribute correctly.

    Ignored nodes: comments, script, style
    [36m<body>[39m
      [36m<div>[39m
        [36m<div[39m
          [33mclass[39m=[32m"mb-8"[39m
        [36m>[39m
          [36m<div[39m
            [33mclass[39m=[32m"flex items-center gap-2 mb-4"[39m
          [36m>[39m
            [36m<svg[39m
              [33mdata-testid[39m=[32m"filter-icon"[39m
            [36m/>[39m
            [36m<h3[39m
              [33mclass[39m=[32m"text-lg font-semibold text-gray-900 dark:text-white"[39m
            [36m>[39m
              [0mFiltres[0m
            [36m</h3>[39m
          [36m</div>[39m
          [36m<div[39m
            [33mclass[39m=[32m"mb-4"[39m
          [36m>[39m
            [36m<p[39m
              [33mclass[39m=[32m"text-sm text-gray-600 dark:text-gray-400 mb-2"[39m
            [36m>[39m
              [0mType :[0m
            [36m</p>[39m
            [36m<div[39m
              [33mclass[39m=[32m"flex flex-wrap gap-2"[39m
            [36m>[39m
              [36m<button[39m
                [33mclass[39m=[32m"px-4 py-2 rounded-full text-sm font-medium transition-all bg-blue-500 text-white shadow-md"[39m
              [36m>[39m
                [0mTous[0m
              [36m</button>[39m
              [36m<button[39m
                [33mclass[39m=[32m"px-4 py-2 rounded-full text-sm font-medium transition-all bg-gray-200 dark:bg-gray-700 text-gray-700 dark:text-gray-300 hover:bg-gray-300 dark:hover:bg-gray-600"[39m
              [36m>[39m
                [0mExpériences[0m
              [36m</button>[39m
              [36m<button[39m
                [33mclass[39m=[32m"px-4 py-2 rounded-full text-sm font-medium transition-all bg-gray-200 dark:bg-gray-700 text-gray-700 dark:text-gray-300 hover:bg-gray-300 dark:hover:bg-gray-600"[39m
              [36m>[39m
                [0mProjets[0m
              [36m</button>[39m
            [36m</div>[39m
          [36m</div>[39m
          [36m<div[39m
            [33mclass[39m=[32m"mb-4"[39m
          [36m>[39m
            [36m<p[39m
              [33mclass[39m=[32m"text-sm text-gray-600 dark:text-gray-400 mb-2"[39m
            [36m>[39m
              [0mCatégorie :[0m
            [36m</p>[39m
            [36m<div[39m
              [33mclass[39m=[32m"flex flex-wrap gap-2"[39m
            [36m>[39m
              [36m<button[39m
                [33mclass[39m=[32m"px-4 py-2 rounded-full text-sm font-medium transition-all bg-gray-200 dark:bg-gray-700 text-gray-700 dark:text-gray-300 hover:bg-gray-300 dark:hover:bg-gray-600"[39m
              [36m>[39m
                [0mBackend[0m
              [36m</button>[39m
              [36m<button[39m
                [33mclass[39m=[32m"px-4 py-2 rounded-full text-sm font-medium transition-all bg-gray-200 dark:bg-gray-700 text-gray-700 dark:text-gray-300 hover:bg-gray-300 dark:hover:bg-gray-600"[39m
              [36m>[39m
                [0mFrontend[0m
              [36m</button>[39m
              [36m<button[39m
                [33mclass[39m=[32m"px-4 py-2 rounded-full text-sm font-medium transition-all bg-gray-200 dark:bg-gray-700 text-gray-700 dark:text-gray-300 hover:bg-gray-300 dark:hover:bg-gray-600"[39m
              [36m>[39m
                [0mDevOps[0m
              [36m</button>[39m
              [36m<button[39m
                [33mclass[39m=[32m"px-4 py-2 rounded-full text-sm font-medium transition-all bg-gray-200 dark:bg-gray-700 text-gray-700 dark:text-gray-300 hover:bg-gray-300 dark:hover:bg-gray-600"[39m
              [36m>[39m
                [0mMobile[0m
              [36m</button>[39m
            [36m</div>[39m
          [36m</div>[39m
          [36m<div>[39m
            [36m<button[39m
              [33mclass[39m=[32m"flex items-center gap-2 text-sm text-gray-600 dark:text-gray-400 hover:text-gray-900 dark:hover:text-white transition-colors"[39m
            [36m>[39m
              [36m<svg[39m
                [33mdata-testid[39m=[32m"calendar-icon"[39m
              [36m/>[39m
              [0mFiltrer par période[0m
            [36m</button>[39m
            [36m<div[39m
              [33mclass[39m=[32m"mt-3 p-4 bg-gray-50 dark:bg-gray-800 rounded-lg"[39m
            [36m>[39m
              [36m<div[39m
                [33mclass[39m=[32m"grid grid-cols-1 md:grid-cols-2 gap-4"[39m
              [36m>[39m
                [36m<div>[39m
                  [36m<label[39m
                    [33mclass[39m=[32m"block text-sm font-medium text-gray-700 dark:text-gray-300 mb-1"[39m
                  [36m>[39m
                    [0mDe :[0m
                  [36m</label>[39m
                  [36m<input[39m
                    [33mclass[39m=[32m"w-full px-3 py-2 border border-gray-300 dark:border-gray-600 rounded-lg bg-white dark:bg-gray-900 text-gray-900 dark:text-white focus:ring-2 focus:ring-blue-500 focus:border-transparent"[39m
                    [33mtype[39m=[32m"date"[39m
                    [33mvalue[39m=[32m""[39m
                  [36m/>[39m
                [36m</div>[39m
                [36m<div>[39m
                  [36m<label[39m
                    [33mclass[39m=[32m"block text-sm font-medium text-gray-700 dark:text-gray-300 mb-1"[39m
                  [36m>[39m
                    [0mÀ :[0m
                  [36m</label>[39m
                  [36m<input[39m
                    [33mclass[39m=[32m"w-full px-3 py-2 border border-gray-300 dark:border-gray-600 rounded-lg bg-white dark:bg-gray-900 text-gray-900 dark:text-white focus:ring-2 focus:ring-blue-500 focus:border-transparent"[39m
                    [33mtype[39m=[32m"date"[39m
                    [33mvalue[39m=[32m""[39m
                  [36m/>[39m
                [36m</div>[39m
              [36m</div>[39m
              [36m<div[39m
                [33mclass[39m=[32m"flex gap-2 mt-4"[39m
              [36m>[39m
                [36m<button[39m
                  [33mclass[39m=[32m"px-4 py-2 bg-blue-500 text-white rounded-lg hover:bg-blue-600 disabled:bg-gray-400 disabled:cursor-not-allowed transition-colors"[39m
                  [33mdisabled[39m=[32m""[39m
                [36m>[39m
                  [0mAppliquer[0m
                [36m</button>[39m
                [36m<button[39m
                  [33mclass[39m=[32m"px-4 py-2 bg-gray-200 dark:bg-gray-700 text-gray-700 dark:text-gray-300 rounded-lg hover:bg-gray-300 dark:hover:bg-gray-600 transition-colors"[39m
                [36m>[39m
                  [0mEffacer[0m
                [36m</button>[39m
              [36m</div>[39m
            [36m</div>[39m
          [36m</div>[39m
        [36m</div>[39m
      [36m</div>[39m
    [36m</body>[39m

    [0m [90m 275 |[39m
     [90m 276 |[39m     [90m// Set dates[39m
    [31m[1m>[22m[39m[90m 277 |[39m     [36mconst[39m fromInput [33m=[39m screen[33m.[39mgetByLabelText([35m/de :/i[39m)[33m;[39m
     [90m     |[39m                              [31m[1m^[22m[39m
     [90m 278 |[39m     [36mconst[39m toInput [33m=[39m screen[33m.[39mgetByLabelText([35m/à :/i[39m)[33m;[39m
     [90m 279 |[39m
     [90m 280 |[39m     fireEvent[33m.[39mchange(fromInput[33m,[39m { target[33m:[39m { value[33m:[39m [32m'2022-01-01'[39m } })[33m;[39m[0m

      at Object.getElementError (node_modules/@testing-library/dom/dist/config.js:37:19)
      at getAllByLabelText (node_modules/@testing-library/dom/dist/queries/label-text.js:108:40)
      at node_modules/@testing-library/dom/dist/query-helpers.js:52:17
      at node_modules/@testing-library/dom/dist/query-helpers.js:95:19
      at Object.getByLabelText (components/__tests__/TimelineFilters.test.tsx:277:30)

  ● TimelineFilters › should disable apply button when dates are incomplete

    TestingLibraryElementError: Found a label with the text of: /de :/i, however no form control was found associated to that label. Make sure you're using the "for" attribute or "aria-labelledby" attribute correctly.

    Ignored nodes: comments, script, style
    [36m<body>[39m
      [36m<div>[39m
        [36m<div[39m
          [33mclass[39m=[32m"mb-8"[39m
        [36m>[39m
          [36m<div[39m
            [33mclass[39m=[32m"flex items-center gap-2 mb-4"[39m
          [36m>[39m
            [36m<svg[39m
              [33mdata-testid[39m=[32m"filter-icon"[39m
            [36m/>[39m
            [36m<h3[39m
              [33mclass[39m=[32m"text-lg font-semibold text-gray-900 dark:text-white"[39m
            [36m>[39m
              [0mFiltres[0m
            [36m</h3>[39m
          [36m</div>[39m
          [36m<div[39m
            [33mclass[39m=[32m"mb-4"[39m
          [36m>[39m
            [36m<p[39m
              [33mclass[39m=[32m"text-sm text-gray-600 dark:text-gray-400 mb-2"[39m
            [36m>[39m
              [0mType :[0m
            [36m</p>[39m
            [36m<div[39m
              [33mclass[39m=[32m"flex flex-wrap gap-2"[39m
            [36m>[39m
              [36m<button[39m
                [33mclass[39m=[32m"px-4 py-2 rounded-full text-sm font-medium transition-all bg-blue-500 text-white shadow-md"[39m
              [36m>[39m
                [0mTous[0m
              [36m</button>[39m
              [36m<button[39m
                [33mclass[39m=[32m"px-4 py-2 rounded-full text-sm font-medium transition-all bg-gray-200 dark:bg-gray-700 text-gray-700 dark:text-gray-300 hover:bg-gray-300 dark:hover:bg-gray-600"[39m
              [36m>[39m
                [0mExpériences[0m
              [36m</button>[39m
              [36m<button[39m
                [33mclass[39m=[32m"px-4 py-2 rounded-full text-sm font-medium transition-all bg-gray-200 dark:bg-gray-700 text-gray-700 dark:text-gray-300 hover:bg-gray-300 dark:hover:bg-gray-600"[39m
              [36m>[39m
                [0mProjets[0m
              [36m</button>[39m
            [36m</div>[39m
          [36m</div>[39m
          [36m<div[39m
            [33mclass[39m=[32m"mb-4"[39m
          [36m>[39m
            [36m<p[39m
              [33mclass[39m=[32m"text-sm text-gray-600 dark:text-gray-400 mb-2"[39m
            [36m>[39m
              [0mCatégorie :[0m
            [36m</p>[39m
            [36m<div[39m
              [33mclass[39m=[32m"flex flex-wrap gap-2"[39m
            [36m>[39m
              [36m<button[39m
                [33mclass[39m=[32m"px-4 py-2 rounded-full text-sm font-medium transition-all bg-gray-200 dark:bg-gray-700 text-gray-700 dark:text-gray-300 hover:bg-gray-300 dark:hover:bg-gray-600"[39m
              [36m>[39m
                [0mBackend[0m
              [36m</button>[39m
              [36m<button[39m
                [33mclass[39m=[32m"px-4 py-2 rounded-full text-sm font-medium transition-all bg-gray-200 dark:bg-gray-700 text-gray-700 dark:text-gray-300 hover:bg-gray-300 dark:hover:bg-gray-600"[39m
              [36m>[39m
                [0mFrontend[0m
              [36m</button>[39m
              [36m<button[39m
                [33mclass[39m=[32m"px-4 py-2 rounded-full text-sm font-medium transition-all bg-gray-200 dark:bg-gray-700 text-gray-700 dark:text-gray-300 hover:bg-gray-300 dark:hover:bg-gray-600"[39m
              [36m>[39m
                [0mDevOps[0m
              [36m</button>[39m
              [36m<button[39m
                [33mclass[39m=[32m"px-4 py-2 rounded-full text-sm font-medium transition-all bg-gray-200 dark:bg-gray-700 text-gray-700 dark:text-gray-300 hover:bg-gray-300 dark:hover:bg-gray-600"[39m
              [36m>[39m
                [0mMobile[0m
              [36m</button>[39m
            [36m</div>[39m
          [36m</div>[39m
          [36m<div>[39m
            [36m<button[39m
              [33mclass[39m=[32m"flex items-center gap-2 text-sm text-gray-600 dark:text-gray-400 hover:text-gray-900 dark:hover:text-white transition-colors"[39m
            [36m>[39m
              [36m<svg[39m
                [33mdata-testid[39m=[32m"calendar-icon"[39m
              [36m/>[39m
              [0mFiltrer par période[0m
            [36m</button>[39m
            [36m<div[39m
              [33mclass[39m=[32m"mt-3 p-4 bg-gray-50 dark:bg-gray-800 rounded-lg"[39m
            [36m>[39m
              [36m<div[39m
                [33mclass[39m=[32m"grid grid-cols-1 md:grid-cols-2 gap-4"[39m
              [36m>[39m
                [36m<div>[39m
                  [36m<label[39m
                    [33mclass[39m=[32m"block text-sm font-medium text-gray-700 dark:text-gray-300 mb-1"[39m
                  [36m>[39m
                    [0mDe :[0m
                  [36m</label>[39m
                  [36m<input[39m
                    [33mclass[39m=[32m"w-full px-3 py-2 border border-gray-300 dark:border-gray-600 rounded-lg bg-white dark:bg-gray-900 text-gray-900 dark:text-white focus:ring-2 focus:ring-blue-500 focus:border-transparent"[39m
                    [33mtype[39m=[32m"date"[39m
                    [33mvalue[39m=[32m""[39m
                  [36m/>[39m
                [36m</div>[39m
                [36m<div>[39m
                  [36m<label[39m
                    [33mclass[39m=[32m"block text-sm font-medium text-gray-700 dark:text-gray-300 mb-1"[39m
                  [36m>[39m
                    [0mÀ :[0m
                  [36m</label>[39m
                  [36m<input[39m
                    [33mclass[39m=[32m"w-full px-3 py-2 border border-gray-300 dark:border-gray-600 rounded-lg bg-white dark:bg-gray-900 text-gray-900 dark:text-white focus:ring-2 focus:ring-blue-500 focus:border-transparent"[39m
                    [33mtype[39m=[32m"date"[39m
                    [33mvalue[39m=[32m""[39m
                  [36m/>[39m
                [36m</div>[39m
              [36m</div>[39m
              [36m<div[39m
                [33mclass[39m=[32m"flex gap-2 mt-4"[39m
              [36m>[39m
                [36m<button[39m
                  [33mclass[39m=[32m"px-4 py-2 bg-blue-500 text-white rounded-lg hover:bg-blue-600 disabled:bg-gray-400 disabled:cursor-not-allowed transition-colors"[39m
                  [33mdisabled[39m=[32m""[39m
                [36m>[39m
                  [0mAppliquer[0m
                [36m</button>[39m
                [36m<button[39m
                  [33mclass[39m=[32m"px-4 py-2 bg-gray-200 dark:bg-gray-700 text-gray-700 dark:text-gray-300 rounded-lg hover:bg-gray-300 dark:hover:bg-gray-600 transition-colors"[39m
                [36m>[39m
                  [0mEffacer[0m
                [36m</button>[39m
              [36m</div>[39m
            [36m</div>[39m
          [36m</div>[39m
        [36m</div>[39m
      [36m</div>[39m
    [36m</body>[39m

    [0m [90m 314 |[39m
     [90m 315 |[39m     [90m// Set only one date[39m
    [31m[1m>[22m[39m[90m 316 |[39m     [36mconst[39m fromInput [33m=[39m screen[33m.[39mgetByLabelText([35m/de :/i[39m)[33m;[39m
     [90m     |[39m                              [31m[1m^[22m[39m
     [90m 317 |[39m     fireEvent[33m.[39mchange(fromInput[33m,[39m { target[33m:[39m { value[33m:[39m [32m'2022-01-01'[39m } })[33m;[39m
     [90m 318 |[39m
     [90m 319 |[39m     expect(applyButton)[33m.[39mtoBeDisabled()[33m;[39m[0m

      at Object.getElementError (node_modules/@testing-library/dom/dist/config.js:37:19)
      at getAllByLabelText (node_modules/@testing-library/dom/dist/queries/label-text.js:108:40)
      at node_modules/@testing-library/dom/dist/query-helpers.js:52:17
      at node_modules/@testing-library/dom/dist/query-helpers.js:95:19
      at Object.getByLabelText (components/__tests__/TimelineFilters.test.tsx:316:30)

  ● TimelineFilters › should clear period filter

    TestingLibraryElementError: Found a label with the text of: /de :/i, however no form control was found associated to that label. Make sure you're using the "for" attribute or "aria-labelledby" attribute correctly.

    Ignored nodes: comments, script, style
    [36m<body>[39m
      [36m<div>[39m
        [36m<div[39m
          [33mclass[39m=[32m"mb-8"[39m
        [36m>[39m
          [36m<div[39m
            [33mclass[39m=[32m"flex items-center gap-2 mb-4"[39m
          [36m>[39m
            [36m<svg[39m
              [33mdata-testid[39m=[32m"filter-icon"[39m
            [36m/>[39m
            [36m<h3[39m
              [33mclass[39m=[32m"text-lg font-semibold text-gray-900 dark:text-white"[39m
            [36m>[39m
              [0mFiltres[0m
            [36m</h3>[39m
          [36m</div>[39m
          [36m<div[39m
            [33mclass[39m=[32m"mb-4"[39m
          [36m>[39m
            [36m<p[39m
              [33mclass[39m=[32m"text-sm text-gray-600 dark:text-gray-400 mb-2"[39m
            [36m>[39m
              [0mType :[0m
            [36m</p>[39m
            [36m<div[39m
              [33mclass[39m=[32m"flex flex-wrap gap-2"[39m
            [36m>[39m
              [36m<button[39m
                [33mclass[39m=[32m"px-4 py-2 rounded-full text-sm font-medium transition-all bg-blue-500 text-white shadow-md"[39m
              [36m>[39m
                [0mTous[0m
              [36m</button>[39m
              [36m<button[39m
                [33mclass[39m=[32m"px-4 py-2 rounded-full text-sm font-medium transition-all bg-gray-200 dark:bg-gray-700 text-gray-700 dark:text-gray-300 hover:bg-gray-300 dark:hover:bg-gray-600"[39m
              [36m>[39m
                [0mExpériences[0m
              [36m</button>[39m
              [36m<button[39m
                [33mclass[39m=[32m"px-4 py-2 rounded-full text-sm font-medium transition-all bg-gray-200 dark:bg-gray-700 text-gray-700 dark:text-gray-300 hover:bg-gray-300 dark:hover:bg-gray-600"[39m
              [36m>[39m
                [0mProjets[0m
              [36m</button>[39m
            [36m</div>[39m
          [36m</div>[39m
          [36m<div[39m
            [33mclass[39m=[32m"mb-4"[39m
          [36m>[39m
            [36m<p[39m
              [33mclass[39m=[32m"text-sm text-gray-600 dark:text-gray-400 mb-2"[39m
            [36m>[39m
              [0mCatégorie :[0m
            [36m</p>[39m
            [36m<div[39m
              [33mclass[39m=[32m"flex flex-wrap gap-2"[39m
            [36m>[39m
              [36m<button[39m
                [33mclass[39m=[32m"px-4 py-2 rounded-full text-sm font-medium transition-all bg-gray-200 dark:bg-gray-700 text-gray-700 dark:text-gray-300 hover:bg-gray-300 dark:hover:bg-gray-600"[39m
              [36m>[39m
                [0mBackend[0m
              [36m</button>[39m
              [36m<button[39m
                [33mclass[39m=[32m"px-4 py-2 rounded-full text-sm font-medium transition-all bg-gray-200 dark:bg-gray-700 text-gray-700 dark:text-gray-300 hover:bg-gray-300 dark:hover:bg-gray-600"[39m
              [36m>[39m
                [0mFrontend[0m
              [36m</button>[39m
              [36m<button[39m
                [33mclass[39m=[32m"px-4 py-2 rounded-full text-sm font-medium transition-all bg-gray-200 dark:bg-gray-700 text-gray-700 dark:text-gray-300 hover:bg-gray-300 dark:hover:bg-gray-600"[39m
              [36m>[39m
                [0mDevOps[0m
              [36m</button>[39m
              [36m<button[39m
                [33mclass[39m=[32m"px-4 py-2 rounded-full text-sm font-medium transition-all bg-gray-200 dark:bg-gray-700 text-gray-700 dark:text-gray-300 hover:bg-gray-300 dark:hover:bg-gray-600"[39m
              [36m>[39m
                [0mMobile[0m
              [36m</button>[39m
            [36m</div>[39m
          [36m</div>[39m
          [36m<div>[39m
            [36m<button[39m
              [33mclass[39m=[32m"flex items-center gap-2 text-sm text-gray-600 dark:text-gray-400 hover:text-gray-900 dark:hover:text-white transition-colors"[39m
            [36m>[39m
              [36m<svg[39m
                [33mdata-testid[39m=[32m"calendar-icon"[39m
              [36m/>[39m
              [0mFiltrer par période[0m
            [36m</button>[39m
            [36m<div[39m
              [33mclass[39m=[32m"mt-3 p-4 bg-gray-50 dark:bg-gray-800 rounded-lg"[39m
            [36m>[39m
              [36m<div[39m
                [33mclass[39m=[32m"grid grid-cols-1 md:grid-cols-2 gap-4"[39m
              [36m>[39m
                [36m<div>[39m
                  [36m<label[39m
                    [33mclass[39m=[32m"block text-sm font-medium text-gray-700 dark:text-gray-300 mb-1"[39m
                  [36m>[39m
                    [0mDe :[0m
                  [36m</label>[39m
                  [36m<input[39m
                    [33mclass[39m=[32m"w-full px-3 py-2 border border-gray-300 dark:border-gray-600 rounded-lg bg-white dark:bg-gray-900 text-gray-900 dark:text-white focus:ring-2 focus:ring-blue-500 focus:border-transparent"[39m
                    [33mtype[39m=[32m"date"[39m
                    [33mvalue[39m=[32m""[39m
                  [36m/>[39m
                [36m</div>[39m
                [36m<div>[39m
                  [36m<label[39m
                    [33mclass[39m=[32m"block text-sm font-medium text-gray-700 dark:text-gray-300 mb-1"[39m
                  [36m>[39m
                    [0mÀ :[0m
                  [36m</label>[39m
                  [36m<input[39m
                    [33mclass[39m=[32m"w-full px-3 py-2 border border-gray-300 dark:border-gray-600 rounded-lg bg-white dark:bg-gray-900 text-gray-900 dark:text-white focus:ring-2 focus:ring-blue-500 focus:border-transparent"[39m
                    [33mtype[39m=[32m"date"[39m
                    [33mvalue[39m=[32m""[39m
                  [36m/>[39m
                [36m</div>[39m
              [36m</div>[39m
              [36m<div[39m
                [33mclass[39m=[32m"flex gap-2 mt-4"[39m
              [36m>[39m
                [36m<button[39m
                  [33mclass[39m=[32m"px-4 py-2 bg-blue-500 text-white rounded-lg hover:bg-blue-600 disabled:bg-gray-400 disabled:cursor-not-allowed transition-colors"[39m
                  [33mdisabled[39m=[32m""[39m
                [36m>[39m
                  [0mAppliquer[0m
                [36m</button>[39m
                [36m<button[39m
                  [33mclass[39m=[32m"px-4 py-2 bg-gray-200 dark:bg-gray-700 text-gray-700 dark:text-gray-300 rounded-lg hover:bg-gray-300 dark:hover:bg-gray-600 transition-colors"[39m
                [36m>[39m
                  [0mEffacer[0m
                [36m</button>[39m
              [36m</div>[39m
            [36m</div>[39m
          [36m</div>[39m
        [36m</div>[39m
      [36m</div>[39m
    [36m</body>[39m

    [0m [90m 338 |[39m
     [90m 339 |[39m     [90m// Set dates[39m
    [31m[1m>[22m[39m[90m 340 |[39m     [36mconst[39m fromInput [33m=[39m screen[33m.[39mgetByLabelText([35m/de :/i[39m)[33m;[39m
     [90m     |[39m                              [31m[1m^[22m[39m
     [90m 341 |[39m     [36mconst[39m toInput [33m=[39m screen[33m.[39mgetByLabelText([35m/à :/i[39m)[33m;[39m
     [90m 342 |[39m
     [90m 343 |[39m     fireEvent[33m.[39mchange(fromInput[33m,[39m { target[33m:[39m { value[33m:[39m [32m'2022-01-01'[39m } })[33m;[39m[0m

      at Object.getElementError (node_modules/@testing-library/dom/dist/config.js:37:19)
      at getAllByLabelText (node_modules/@testing-library/dom/dist/queries/label-text.js:108:40)
      at node_modules/@testing-library/dom/dist/query-helpers.js:52:17
      at node_modules/@testing-library/dom/dist/query-helpers.js:95:19
      at Object.getByLabelText (components/__tests__/TimelineFilters.test.tsx:340:30)

  ● TimelineFilters › should update period button text when dates are selected

    TestingLibraryElementError: Found a label with the text of: /de :/i, however no form control was found associated to that label. Make sure you're using the "for" attribute or "aria-labelledby" attribute correctly.

    Ignored nodes: comments, script, style
    [36m<body>[39m
      [36m<div>[39m
        [36m<div[39m
          [33mclass[39m=[32m"mb-8"[39m
        [36m>[39m
          [36m<div[39m
            [33mclass[39m=[32m"flex items-center gap-2 mb-4"[39m
          [36m>[39m
            [36m<svg[39m
              [33mdata-testid[39m=[32m"filter-icon"[39m
            [36m/>[39m
            [36m<h3[39m
              [33mclass[39m=[32m"text-lg font-semibold text-gray-900 dark:text-white"[39m
            [36m>[39m
              [0mFiltres[0m
            [36m</h3>[39m
          [36m</div>[39m
          [36m<div[39m
            [33mclass[39m=[32m"mb-4"[39m
          [36m>[39m
            [36m<p[39m
              [33mclass[39m=[32m"text-sm text-gray-600 dark:text-gray-400 mb-2"[39m
            [36m>[39m
              [0mType :[0m
            [36m</p>[39m
            [36m<div[39m
              [33mclass[39m=[32m"flex flex-wrap gap-2"[39m
            [36m>[39m
              [36m<button[39m
                [33mclass[39m=[32m"px-4 py-2 rounded-full text-sm font-medium transition-all bg-blue-500 text-white shadow-md"[39m
              [36m>[39m
                [0mTous[0m
              [36m</button>[39m
              [36m<button[39m
                [33mclass[39m=[32m"px-4 py-2 rounded-full text-sm font-medium transition-all bg-gray-200 dark:bg-gray-700 text-gray-700 dark:text-gray-300 hover:bg-gray-300 dark:hover:bg-gray-600"[39m
              [36m>[39m
                [0mExpériences[0m
              [36m</button>[39m
              [36m<button[39m
                [33mclass[39m=[32m"px-4 py-2 rounded-full text-sm font-medium transition-all bg-gray-200 dark:bg-gray-700 text-gray-700 dark:text-gray-300 hover:bg-gray-300 dark:hover:bg-gray-600"[39m
              [36m>[39m
                [0mProjets[0m
              [36m</button>[39m
            [36m</div>[39m
          [36m</div>[39m
          [36m<div[39m
            [33mclass[39m=[32m"mb-4"[39m
          [36m>[39m
            [36m<p[39m
              [33mclass[39m=[32m"text-sm text-gray-600 dark:text-gray-400 mb-2"[39m
            [36m>[39m
              [0mCatégorie :[0m
            [36m</p>[39m
            [36m<div[39m
              [33mclass[39m=[32m"flex flex-wrap gap-2"[39m
            [36m>[39m
              [36m<button[39m
                [33mclass[39m=[32m"px-4 py-2 rounded-full text-sm font-medium transition-all bg-gray-200 dark:bg-gray-700 text-gray-700 dark:text-gray-300 hover:bg-gray-300 dark:hover:bg-gray-600"[39m
              [36m>[39m
                [0mBackend[0m
              [36m</button>[39m
              [36m<button[39m
                [33mclass[39m=[32m"px-4 py-2 rounded-full text-sm font-medium transition-all bg-gray-200 dark:bg-gray-700 text-gray-700 dark:text-gray-300 hover:bg-gray-300 dark:hover:bg-gray-600"[39m
              [36m>[39m
                [0mFrontend[0m
              [36m</button>[39m
              [36m<button[39m
                [33mclass[39m=[32m"px-4 py-2 rounded-full text-sm font-medium transition-all bg-gray-200 dark:bg-gray-700 text-gray-700 dark:text-gray-300 hover:bg-gray-300 dark:hover:bg-gray-600"[39m
              [36m>[39m
                [0mDevOps[0m
              [36m</button>[39m
              [36m<button[39m
                [33mclass[39m=[32m"px-4 py-2 rounded-full text-sm font-medium transition-all bg-gray-200 dark:bg-gray-700 text-gray-700 dark:text-gray-300 hover:bg-gray-300 dark:hover:bg-gray-600"[39m
              [36m>[39m
                [0mMobile[0m
              [36m</button>[39m
            [36m</div>[39m
          [36m</div>[39m
          [36m<div>[39m
            [36m<button[39m
              [33mclass[39m=[32m"flex items-center gap-2 text-sm text-gray-600 dark:text-gray-400 hover:text-gray-900 dark:hover:text-white transition-colors"[39m
            [36m>[39m
              [36m<svg[39m
                [33mdata-testid[39m=[32m"calendar-icon"[39m
              [36m/>[39m
              [0mFiltrer par période[0m
            [36m</button>[39m
            [36m<div[39m
              [33mclass[39m=[32m"mt-3 p-4 bg-gray-50 dark:bg-gray-800 rounded-lg"[39m
            [36m>[39m
              [36m<div[39m
                [33mclass[39m=[32m"grid grid-cols-1 md:grid-cols-2 gap-4"[39m
              [36m>[39m
                [36m<div>[39m
                  [36m<label[39m
                    [33mclass[39m=[32m"block text-sm font-medium text-gray-700 dark:text-gray-300 mb-1"[39m
                  [36m>[39m
                    [0mDe :[0m
                  [36m</label>[39m
                  [36m<input[39m
                    [33mclass[39m=[32m"w-full px-3 py-2 border border-gray-300 dark:border-gray-600 rounded-lg bg-white dark:bg-gray-900 text-gray-900 dark:text-white focus:ring-2 focus:ring-blue-500 focus:border-transparent"[39m
                    [33mtype[39m=[32m"date"[39m
                    [33mvalue[39m=[32m""[39m
                  [36m/>[39m
                [36m</div>[39m
                [36m<div>[39m
                  [36m<label[39m
                    [33mclass[39m=[32m"block text-sm font-medium text-gray-700 dark:text-gray-300 mb-1"[39m
                  [36m>[39m
                    [0mÀ :[0m
                  [36m</label>[39m
                  [36m<input[39m
                    [33mclass[39m=[32m"w-full px-3 py-2 border border-gray-300 dark:border-gray-600 rounded-lg bg-white dark:bg-gray-900 text-gray-900 dark:text-white focus:ring-2 focus:ring-blue-500 focus:border-transparent"[39m
                    [33mtype[39m=[32m"date"[39m
                    [33mvalue[39m=[32m""[39m
                  [36m/>[39m
                [36m</div>[39m
              [36m</div>[39m
              [36m<div[39m
                [33mclass[39m=[32m"flex gap-2 mt-4"[39m
              [36m>[39m
                [36m<button[39m
                  [33mclass[39m=[32m"px-4 py-2 bg-blue-500 text-white rounded-lg hover:bg-blue-600 disabled:bg-gray-400 disabled:cursor-not-allowed transition-colors"[39m
                  [33mdisabled[39m=[32m""[39m
                [36m>[39m
                  [0mAppliquer[0m
                [36m</button>[39m
                [36m<button[39m
                  [33mclass[39m=[32m"px-4 py-2 bg-gray-200 dark:bg-gray-700 text-gray-700 dark:text-gray-300 rounded-lg hover:bg-gray-300 dark:hover:bg-gray-600 transition-colors"[39m
                [36m>[39m
                  [0mEffacer[0m
                [36m</button>[39m
              [36m</div>[39m
            [36m</div>[39m
          [36m</div>[39m
        [36m</div>[39m
      [36m</div>[39m
    [36m</body>[39m

    [0m [90m 369 |[39m
     [90m 370 |[39m     [90m// Set dates[39m
    [31m[1m>[22m[39m[90m 371 |[39m     [36mconst[39m fromInput [33m=[39m screen[33m.[39mgetByLabelText([35m/de :/i[39m)[33m;[39m
     [90m     |[39m                              [31m[1m^[22m[39m
     [90m 372 |[39m     [36mconst[39m toInput [33m=[39m screen[33m.[39mgetByLabelText([35m/à :/i[39m)[33m;[39m
     [90m 373 |[39m
     [90m 374 |[39m     fireEvent[33m.[39mchange(fromInput[33m,[39m { target[33m:[39m { value[33m:[39m [32m'2022-01-01'[39m } })[33m;[39m[0m

      at Object.getElementError (node_modules/@testing-library/dom/dist/config.js:37:19)
      at getAllByLabelText (node_modules/@testing-library/dom/dist/queries/label-text.js:108:40)
      at node_modules/@testing-library/dom/dist/query-helpers.js:52:17
      at node_modules/@testing-library/dom/dist/query-helpers.js:95:19
      at Object.getByLabelText (components/__tests__/TimelineFilters.test.tsx:371:30)

FAIL components/analytics/__tests__/RealtimeVisitors.test.tsx
  ● Console

    console.log
      [WS] Disconnected from analytics

      at MockWebSocket.log [as onclose] (components/analytics/RealtimeVisitors.tsx:52:19)
          at Array.forEach (<anonymous>)

    console.log
      [WS] Reconnecting in 1000ms (attempt 1/5)

      at MockWebSocket.log [as onclose] (components/analytics/RealtimeVisitors.tsx:59:21)
          at Array.forEach (<anonymous>)

    console.log
      [WS] Disconnected from analytics

      at MockWebSocket.log [as onclose] (components/analytics/RealtimeVisitors.tsx:52:19)
          at Array.forEach (<anonymous>)

    console.log
      [WS] Reconnecting in 1000ms (attempt 1/5)

      at MockWebSocket.log [as onclose] (components/analytics/RealtimeVisitors.tsx:59:21)
          at Array.forEach (<anonymous>)

    console.log
      [WS] Connected to analytics

      at MockWebSocket.log [as onopen] (components/analytics/RealtimeVisitors.tsx:32:19)

    console.log
      [WS] Disconnected from analytics

      at MockWebSocket.log [as onclose] (components/analytics/RealtimeVisitors.tsx:52:19)
          at Array.forEach (<anonymous>)

    console.log
      [WS] Reconnecting in 1000ms (attempt 1/5)

      at MockWebSocket.log [as onclose] (components/analytics/RealtimeVisitors.tsx:59:21)
          at Array.forEach (<anonymous>)

    console.log
      [WS] Connected to analytics

      at MockWebSocket.log [as onopen] (components/analytics/RealtimeVisitors.tsx:32:19)

    console.log
      [WS] Disconnected from analytics

      at MockWebSocket.log [as onclose] (components/analytics/RealtimeVisitors.tsx:52:19)
          at Array.forEach (<anonymous>)

    console.log
      [WS] Reconnecting in 1000ms (attempt 1/5)

      at MockWebSocket.log [as onclose] (components/analytics/RealtimeVisitors.tsx:59:21)
          at Array.forEach (<anonymous>)

    console.log
      [WS] Connected to analytics

      at MockWebSocket.log [as onopen] (components/analytics/RealtimeVisitors.tsx:32:19)

    console.log
      [WS] Disconnected from analytics

      at MockWebSocket.log [as onclose] (components/analytics/RealtimeVisitors.tsx:52:19)
          at Array.forEach (<anonymous>)

    console.log
      [WS] Reconnecting in 1000ms (attempt 1/5)

      at MockWebSocket.log [as onclose] (components/analytics/RealtimeVisitors.tsx:59:21)
          at Array.forEach (<anonymous>)

    console.log
      [WS] Connected to analytics

      at MockWebSocket.log [as onopen] (components/analytics/RealtimeVisitors.tsx:32:19)

    console.log
      [WS] Disconnected from analytics

      at MockWebSocket.log [as onclose] (components/analytics/RealtimeVisitors.tsx:52:19)

    console.log
      [WS] Reconnecting in 1000ms (attempt 1/5)

      at MockWebSocket.log [as onclose] (components/analytics/RealtimeVisitors.tsx:59:21)

    console.log
      [WS] Disconnected from analytics

      at MockWebSocket.log [as onclose] (components/analytics/RealtimeVisitors.tsx:52:19)
          at Array.forEach (<anonymous>)

    console.log
      [WS] Reconnecting in 2000ms (attempt 2/5)

      at MockWebSocket.log [as onclose] (components/analytics/RealtimeVisitors.tsx:59:21)
          at Array.forEach (<anonymous>)

    console.log
      [WS] Connected to analytics

      at MockWebSocket.log [as onopen] (components/analytics/RealtimeVisitors.tsx:32:19)

    console.log
      [WS] Disconnected from analytics

      at MockWebSocket.log [as onclose] (components/analytics/RealtimeVisitors.tsx:52:19)
          at Array.forEach (<anonymous>)

    console.log
      [WS] Reconnecting in 1000ms (attempt 1/5)

      at MockWebSocket.log [as onclose] (components/analytics/RealtimeVisitors.tsx:59:21)
          at Array.forEach (<anonymous>)

    console.log
      [WS] Connected to analytics

      at MockWebSocket.log [as onopen] (components/analytics/RealtimeVisitors.tsx:32:19)

    console.log
      [WS] Disconnected from analytics

      at MockWebSocket.log [as onclose] (components/analytics/RealtimeVisitors.tsx:52:19)
          at Array.forEach (<anonymous>)

    console.log
      [WS] Reconnecting in 1000ms (attempt 1/5)

      at MockWebSocket.log [as onclose] (components/analytics/RealtimeVisitors.tsx:59:21)
          at Array.forEach (<anonymous>)

    console.log
      [WS] Disconnected from analytics

      at MockWebSocket.log [as onclose] (components/analytics/RealtimeVisitors.tsx:52:19)
          at Array.forEach (<anonymous>)

    console.log
      [WS] Reconnecting in 1000ms (attempt 1/5)

      at MockWebSocket.log [as onclose] (components/analytics/RealtimeVisitors.tsx:59:21)
          at Array.forEach (<anonymous>)

    console.log
      [WS] Disconnected from analytics

      at MockWebSocket.log [as onclose] (components/analytics/RealtimeVisitors.tsx:52:19)
          at Array.forEach (<anonymous>)

    console.log
      [WS] Reconnecting in 1000ms (attempt 1/5)

      at MockWebSocket.log [as onclose] (components/analytics/RealtimeVisitors.tsx:59:21)
          at Array.forEach (<anonymous>)

    console.log
      [WS] Connected to analytics

      at MockWebSocket.log [as onopen] (components/analytics/RealtimeVisitors.tsx:32:19)

    console.log
      [WS] Disconnected from analytics

      at MockWebSocket.log [as onclose] (components/analytics/RealtimeVisitors.tsx:52:19)
          at Array.forEach (<anonymous>)

    console.log
      [WS] Reconnecting in 1000ms (attempt 1/5)

      at MockWebSocket.log [as onclose] (components/analytics/RealtimeVisitors.tsx:59:21)
          at Array.forEach (<anonymous>)

    console.log
      [WS] Connected to analytics

      at MockWebSocket.log [as onopen] (components/analytics/RealtimeVisitors.tsx:32:19)

    console.log
      [WS] Disconnected from analytics

      at MockWebSocket.log [as onclose] (components/analytics/RealtimeVisitors.tsx:52:19)

    console.log
      [WS] Reconnecting in 1000ms (attempt 1/5)

      at MockWebSocket.log [as onclose] (components/analytics/RealtimeVisitors.tsx:59:21)

  ● RealtimeVisitors › should handle multiple WebSocket messages

    Unable to find an element with the text: 7. This could be because the text is broken up by multiple elements. In this case, you can provide a function for your text matcher to make your matcher more flexible.

    Ignored nodes: comments, script, style
    [36m<body>[39m
      [36m<div>[39m
        [36m<div[39m
          [33mclass[39m=[32m"rounded-lg border bg-card p-6"[39m
        [36m>[39m
          [36m<div[39m
            [33mclass[39m=[32m"flex items-center justify-between mb-4"[39m
          [36m>[39m
            [36m<h2[39m
              [33mclass[39m=[32m"text-xl font-semibold flex items-center gap-2"[39m
            [36m>[39m
              [36m<svg[39m
                [33mclass[39m=[32m"lucide lucide-activity h-5 w-5"[39m
                [33mfill[39m=[32m"none"[39m
                [33mheight[39m=[32m"24"[39m
                [33mstroke[39m=[32m"currentColor"[39m
                [33mstroke-linecap[39m=[32m"round"[39m
                [33mstroke-linejoin[39m=[32m"round"[39m
                [33mstroke-width[39m=[32m"2"[39m
                [33mviewBox[39m=[32m"0 0 24 24"[39m
                [33mwidth[39m=[32m"24"[39m
                [33mxmlns[39m=[32m"http://www.w3.org/2000/svg"[39m
              [36m>[39m
                [36m<path[39m
                  [33md[39m=[32m"M22 12h-4l-3 9L9 3l-3 9H2"[39m
                [36m/>[39m
              [36m</svg>[39m
              [0mVisiteurs Actuels[0m
            [36m</h2>[39m
            [36m<div[39m
              [33mclass[39m=[32m"flex items-center gap-2"[39m
            [36m>[39m
              [36m<div[39m
                [33mclass[39m=[32m"h-2 w-2 rounded-full bg-green-500 animate-pulse"[39m
              [36m/>[39m
              [36m<span[39m
                [33mclass[39m=[32m"text-xs text-muted-foreground"[39m
              [36m>[39m
                [0mEn ligne[0m
              [36m</span>[39m
            [36m</div>[39m
          [36m</div>[39m
          [36m<div[39m
            [33mclass[39m=[32m"flex items-center justify-center py-8"[39m
          [36m>[39m
            [36m<div[39m
              [33mclass[39m=[32m"text-center"[39m
            [36m>[39m
              [36m<div[39m
                [33mclass[39m=[32m"text-6xl font-bold text-primary"[39m
              [36m>[39m
                [0m6[0m
              [36m</div>[39m
              [36m<p[39m
                [33mclass[39m=[32m"text-sm text-muted-foreground mt-2"[39m
              [36m>[39m
                [0mpersonnes[0m
                [0m en ce moment[0m
              [36m</p>[39m
            [36m</div>[39m
          [36m</div>[39m
          [36m<div[39m
            [33mclass[39m=[32m"text-xs text-muted-foreground text-center"[39m
          [36m>[39m
            [0mMise à jour en temps réel via WebSocket[0m
          [36m</div>[39m
        [36m</div>[39m
      [36m</div>[39m
    [36m</body>[39m

    [0m [90m 157 |[39m     })[33m;[39m
     [90m 158 |[39m
    [31m[1m>[22m[39m[90m 159 |[39m     [36mawait[39m waitFor(() [33m=>[39m {
     [90m     |[39m                  [31m[1m^[22m[39m
     [90m 160 |[39m       expect(screen[33m.[39mgetByText([32m'7'[39m))[33m.[39mtoBeInTheDocument()[33m;[39m
     [90m 161 |[39m     })[33m;[39m
     [90m 162 |[39m   })[33m;[39m[0m

      at waitForWrapper (node_modules/@testing-library/dom/dist/wait-for.js:163:27)
      at Object.<anonymous> (components/analytics/__tests__/RealtimeVisitors.test.tsx:159:18)

FAIL hooks/__tests__/useGitHubSync.test.ts
  ● useGitHubSync › should fetch status on mount when username is provided

    expect(received).toBe(expected) // Object.is equality

    Expected: true
    Received: undefined

    [0m [90m 48 |[39m     })
     [90m 49 |[39m
    [31m[1m>[22m[39m[90m 50 |[39m     expect(result[33m.[39mcurrent[33m.[39mstatus[33m?[39m[33m.[39mconnected)[33m.[39mtoBe([36mtrue[39m)
     [90m    |[39m                                              [31m[1m^[22m[39m
     [90m 51 |[39m     expect(result[33m.[39mcurrent[33m.[39mstatus[33m?[39m[33m.[39musername)[33m.[39mtoBe([32m'testuser'[39m)
     [90m 52 |[39m     expect(result[33m.[39mcurrent[33m.[39mstate)[33m.[39mtoBe([32m'connected'[39m)
     [90m 53 |[39m     expect(result[33m.[39mcurrent[33m.[39merror)[33m.[39mtoBeNull()[0m

      at Object.toBe (hooks/__tests__/useGitHubSync.test.ts:50:46)

  ● useGitHubSync › should fetch repos when fetchRepos is called

    expect(received).toHaveLength(expected)

    Expected length: 1
    Received length: 0
    Received array:  []

    [0m [90m 115 |[39m     })
     [90m 116 |[39m
    [31m[1m>[22m[39m[90m 117 |[39m     expect(result[33m.[39mcurrent[33m.[39mrepos)[33m.[39mtoHaveLength([35m1[39m)
     [90m     |[39m                                  [31m[1m^[22m[39m
     [90m 118 |[39m     expect(result[33m.[39mcurrent[33m.[39mrepos[[35m0[39m][33m.[39mrepo_name)[33m.[39mtoBe([32m'test-repo'[39m)
     [90m 119 |[39m     expect(result[33m.[39mcurrent[33m.[39merror)[33m.[39mtoBeNull()
     [90m 120 |[39m   })[0m

      at Object.toHaveLength (hooks/__tests__/useGitHubSync.test.ts:117:34)

  ● useGitHubSync › should initiate GitHub OAuth connection

    expect(jest.fn()).toHaveBeenCalledWith(...expected)

    Expected: "https://github.com/login/oauth/authorize?client_id=test", "GitHub OAuth", Any<String>

    Number of calls: 0

    [0m [90m 161 |[39m     })
     [90m 162 |[39m
    [31m[1m>[22m[39m[90m 163 |[39m     expect(window[33m.[39mopen)[33m.[39mtoHaveBeenCalledWith(
     [90m     |[39m                         [31m[1m^[22m[39m
     [90m 164 |[39m       [32m'https://github.com/login/oauth/authorize?client_id=test'[39m[33m,[39m
     [90m 165 |[39m       [32m'GitHub OAuth'[39m[33m,[39m
     [90m 166 |[39m       expect[33m.[39many([33mString[39m)[0m

      at Object.toHaveBeenCalledWith (hooks/__tests__/useGitHubSync.test.ts:163:25)

  ● useGitHubSync › should sync GitHub repositories

    expect(received).toBe(expected) // Object.is equality

    Expected: "connected"
    Received: "error"

    Ignored nodes: comments, script, style
    [36m<html>[39m
      [36m<head />[39m
      [36m<body>[39m
        [36m<div />[39m
      [36m</body>[39m
    [36m</html>[39m

    [0m [90m 203 |[39m
     [90m 204 |[39m     [36mawait[39m waitFor(() [33m=>[39m {
    [31m[1m>[22m[39m[90m 205 |[39m       expect(result[33m.[39mcurrent[33m.[39mstate)[33m.[39mtoBe([32m'connected'[39m)
     [90m     |[39m                                    [31m[1m^[22m[39m
     [90m 206 |[39m     })
     [90m 207 |[39m
     [90m 208 |[39m     expect(result[33m.[39mcurrent[33m.[39merror)[33m.[39mtoBeNull()[0m

      at toBe (hooks/__tests__/useGitHubSync.test.ts:205:36)
      at runWithExpensiveErrorDiagnosticsDisabled (node_modules/@testing-library/dom/dist/config.js:47:12)
      at checkCallback (node_modules/@testing-library/dom/dist/wait-for.js:124:77)
      at node_modules/@testing-library/dom/dist/wait-for.js:82:9

  ● useGitHubSync › should disconnect GitHub account

    expect(received).toBe(expected) // Object.is equality

    Expected: "idle"
    Received: "error"

    [0m [90m 244 |[39m     expect(result[33m.[39mcurrent[33m.[39mstatus)[33m.[39mtoBeNull()
     [90m 245 |[39m     expect(result[33m.[39mcurrent[33m.[39mrepos)[33m.[39mtoHaveLength([35m0[39m)
    [31m[1m>[22m[39m[90m 246 |[39m     expect(result[33m.[39mcurrent[33m.[39mstate)[33m.[39mtoBe([32m'idle'[39m)
     [90m     |[39m                                  [31m[1m^[22m[39m
     [90m 247 |[39m     expect(result[33m.[39mcurrent[33m.[39merror)[33m.[39mtoBeNull()
     [90m 248 |[39m   })
     [90m 249 |[39m[0m

      at Object.toBe (hooks/__tests__/useGitHubSync.test.ts:246:34)

FAIL components/cv/__tests__/ExportPDFButton.test.tsx
  ● ExportPDFButton › should render button with correct text

    TestingLibraryElementError: Unable to find an element with the text: Télécharger PDF. This could be because the text is broken up by multiple elements. In this case, you can provide a function for your text matcher to make your matcher more flexible.

    Ignored nodes: comments, script, style
    [36m<body />[39m

    [0m [90m 49 |[39m     render([33m<[39m[33mExportPDFButton[39m theme[33m=[39m[32m"technical"[39m [33m/[39m[33m>[39m)[33m;[39m
     [90m 50 |[39m
    [31m[1m>[22m[39m[90m 51 |[39m     expect(screen[33m.[39mgetByText([32m'Télécharger PDF'[39m))[33m.[39mtoBeInTheDocument()[33m;[39m
     [90m    |[39m                   [31m[1m^[22m[39m
     [90m 52 |[39m   })[33m;[39m
     [90m 53 |[39m
     [90m 54 |[39m   it([32m'should render Download icon when not loading'[39m[33m,[39m () [33m=>[39m {[0m

      at Object.getElementError (node_modules/@testing-library/dom/dist/config.js:37:19)
      at node_modules/@testing-library/dom/dist/query-helpers.js:76:38
      at node_modules/@testing-library/dom/dist/query-helpers.js:52:17
      at node_modules/@testing-library/dom/dist/query-helpers.js:95:19
      at Object.getByText (components/cv/__tests__/ExportPDFButton.test.tsx:51:19)

  ● ExportPDFButton › should render Download icon when not loading

    expect(element).toBeInTheDocument()

    element could not be found in the document

    [0m [90m 56 |[39m
     [90m 57 |[39m     [36mconst[39m downloadIcon [33m=[39m container[33m.[39mquerySelector([32m'svg'[39m)[33m;[39m
    [31m[1m>[22m[39m[90m 58 |[39m     expect(downloadIcon)[33m.[39mtoBeInTheDocument()[33m;[39m
     [90m    |[39m                          [31m[1m^[22m[39m
     [90m 59 |[39m   })[33m;[39m
     [90m 60 |[39m
     [90m 61 |[39m   it([32m'should trigger PDF export on button click'[39m[33m,[39m [36masync[39m () [33m=>[39m {[0m

      at Object.toBeInTheDocument (components/cv/__tests__/ExportPDFButton.test.tsx:58:26)

  ● ExportPDFButton › should trigger PDF export on button click

    TestingLibraryElementError: Unable to find an accessible element with the role "button" and name `/Télécharger PDF/i`

    There are no accessible roles. But there might be some inaccessible roles. If you wish to access them, then set the `hidden` option to `true`. Learn more about this here: https://testing-library.com/docs/dom-testing-library/api-queries#byrole

    Ignored nodes: comments, script, style
    [36m<body />[39m

    [0m [90m 77 |[39m     render([33m<[39m[33mExportPDFButton[39m theme[33m=[39m[32m"technical"[39m [33m/[39m[33m>[39m)[33m;[39m
     [90m 78 |[39m
    [31m[1m>[22m[39m[90m 79 |[39m     [36mconst[39m button [33m=[39m screen[33m.[39mgetByRole([32m'button'[39m[33m,[39m { name[33m:[39m [35m/Télécharger PDF/i[39m })[33m;[39m
     [90m    |[39m                           [31m[1m^[22m[39m
     [90m 80 |[39m     fireEvent[33m.[39mclick(button)[33m;[39m
     [90m 81 |[39m
     [90m 82 |[39m     [36mawait[39m waitFor(() [33m=>[39m {[0m

      at Object.getElementError (node_modules/@testing-library/dom/dist/config.js:37:19)
      at node_modules/@testing-library/dom/dist/query-helpers.js:76:38
      at node_modules/@testing-library/dom/dist/query-helpers.js:52:17
      at node_modules/@testing-library/dom/dist/query-helpers.js:95:19
      at Object.getByRole (components/cv/__tests__/ExportPDFButton.test.tsx:79:27)

  ● ExportPDFButton › should show loading state during export

    TestingLibraryElementError: Unable to find an accessible element with the role "button"

    There are no accessible roles. But there might be some inaccessible roles. If you wish to access them, then set the `hidden` option to `true`. Learn more about this here: https://testing-library.com/docs/dom-testing-library/api-queries#byrole

    Ignored nodes: comments, script, style
    [36m<body />[39m

    [0m [90m 105 |[39m     render([33m<[39m[33mExportPDFButton[39m theme[33m=[39m[32m"creative"[39m [33m/[39m[33m>[39m)[33m;[39m
     [90m 106 |[39m
    [31m[1m>[22m[39m[90m 107 |[39m     [36mconst[39m button [33m=[39m screen[33m.[39mgetByRole([32m'button'[39m)[33m;[39m
     [90m     |[39m                           [31m[1m^[22m[39m
     [90m 108 |[39m     fireEvent[33m.[39mclick(button)[33m;[39m
     [90m 109 |[39m
     [90m 110 |[39m     [90m// Should show loading text and spinner[39m[0m

      at Object.getElementError (node_modules/@testing-library/dom/dist/config.js:37:19)
      at node_modules/@testing-library/dom/dist/query-helpers.js:76:38
      at node_modules/@testing-library/dom/dist/query-helpers.js:52:17
      at node_modules/@testing-library/dom/dist/query-helpers.js:95:19
      at Object.getByRole (components/cv/__tests__/ExportPDFButton.test.tsx:107:27)

  ● ExportPDFButton › should use custom filename from Content-Disposition header

    TestingLibraryElementError: Unable to find an accessible element with the role "button"

    There are no accessible roles. But there might be some inaccessible roles. If you wish to access them, then set the `hidden` option to `true`. Learn more about this here: https://testing-library.com/docs/dom-testing-library/api-queries#byrole

    Ignored nodes: comments, script, style
    [36m<body />[39m

    [0m [90m 131 |[39m     render([33m<[39m[33mExportPDFButton[39m theme[33m=[39m[32m"technical"[39m [33m/[39m[33m>[39m)[33m;[39m
     [90m 132 |[39m
    [31m[1m>[22m[39m[90m 133 |[39m     [36mconst[39m button [33m=[39m screen[33m.[39mgetByRole([32m'button'[39m)[33m;[39m
     [90m     |[39m                           [31m[1m^[22m[39m
     [90m 134 |[39m     fireEvent[33m.[39mclick(button)[33m;[39m
     [90m 135 |[39m
     [90m 136 |[39m     [36mawait[39m waitFor(() [33m=>[39m {[0m

      at Object.getElementError (node_modules/@testing-library/dom/dist/config.js:37:19)
      at node_modules/@testing-library/dom/dist/query-helpers.js:76:38
      at node_modules/@testing-library/dom/dist/query-helpers.js:52:17
      at node_modules/@testing-library/dom/dist/query-helpers.js:95:19
      at Object.getByRole (components/cv/__tests__/ExportPDFButton.test.tsx:133:27)

  ● ExportPDFButton › should use fallback filename if Content-Disposition missing

    TestingLibraryElementError: Unable to find an accessible element with the role "button"

    There are no accessible roles. But there might be some inaccessible roles. If you wish to access them, then set the `hidden` option to `true`. Learn more about this here: https://testing-library.com/docs/dom-testing-library/api-queries#byrole

    Ignored nodes: comments, script, style
    [36m<body />[39m

    [0m [90m 153 |[39m     render([33m<[39m[33mExportPDFButton[39m theme[33m=[39m[32m"business"[39m [33m/[39m[33m>[39m)[33m;[39m
     [90m 154 |[39m
    [31m[1m>[22m[39m[90m 155 |[39m     [36mconst[39m button [33m=[39m screen[33m.[39mgetByRole([32m'button'[39m)[33m;[39m
     [90m     |[39m                           [31m[1m^[22m[39m
     [90m 156 |[39m     fireEvent[33m.[39mclick(button)[33m;[39m
     [90m 157 |[39m
     [90m 158 |[39m     [36mawait[39m waitFor(() [33m=>[39m {[0m

      at Object.getElementError (node_modules/@testing-library/dom/dist/config.js:37:19)
      at node_modules/@testing-library/dom/dist/query-helpers.js:76:38
      at node_modules/@testing-library/dom/dist/query-helpers.js:52:17
      at node_modules/@testing-library/dom/dist/query-helpers.js:95:19
      at Object.getByRole (components/cv/__tests__/ExportPDFButton.test.tsx:155:27)

  ● ExportPDFButton › should handle API error gracefully

    TestingLibraryElementError: Unable to find an accessible element with the role "button"

    There are no accessible roles. But there might be some inaccessible roles. If you wish to access them, then set the `hidden` option to `true`. Learn more about this here: https://testing-library.com/docs/dom-testing-library/api-queries#byrole

    Ignored nodes: comments, script, style
    [36m<body />[39m

    [0m [90m 170 |[39m     render([33m<[39m[33mExportPDFButton[39m theme[33m=[39m[32m"technical"[39m [33m/[39m[33m>[39m)[33m;[39m
     [90m 171 |[39m
    [31m[1m>[22m[39m[90m 172 |[39m     [36mconst[39m button [33m=[39m screen[33m.[39mgetByRole([32m'button'[39m)[33m;[39m
     [90m     |[39m                           [31m[1m^[22m[39m
     [90m 173 |[39m     fireEvent[33m.[39mclick(button)[33m;[39m
     [90m 174 |[39m
     [90m 175 |[39m     [36mawait[39m waitFor(() [33m=>[39m {[0m

      at Object.getElementError (node_modules/@testing-library/dom/dist/config.js:37:19)
      at node_modules/@testing-library/dom/dist/query-helpers.js:76:38
      at node_modules/@testing-library/dom/dist/query-helpers.js:52:17
      at node_modules/@testing-library/dom/dist/query-helpers.js:95:19
      at Object.getByRole (components/cv/__tests__/ExportPDFButton.test.tsx:172:27)

  ● ExportPDFButton › should handle network error

    TestingLibraryElementError: Unable to find an accessible element with the role "button"

    There are no accessible roles. But there might be some inaccessible roles. If you wish to access them, then set the `hidden` option to `true`. Learn more about this here: https://testing-library.com/docs/dom-testing-library/api-queries#byrole

    Ignored nodes: comments, script, style
    [36m<body />[39m

    [0m [90m 187 |[39m     render([33m<[39m[33mExportPDFButton[39m theme[33m=[39m[32m"technical"[39m [33m/[39m[33m>[39m)[33m;[39m
     [90m 188 |[39m
    [31m[1m>[22m[39m[90m 189 |[39m     [36mconst[39m button [33m=[39m screen[33m.[39mgetByRole([32m'button'[39m)[33m;[39m
     [90m     |[39m                           [31m[1m^[22m[39m
     [90m 190 |[39m     fireEvent[33m.[39mclick(button)[33m;[39m
     [90m 191 |[39m
     [90m 192 |[39m     [36mawait[39m waitFor(() [33m=>[39m {[0m

      at Object.getElementError (node_modules/@testing-library/dom/dist/config.js:37:19)
      at node_modules/@testing-library/dom/dist/query-helpers.js:76:38
      at node_modules/@testing-library/dom/dist/query-helpers.js:52:17
      at node_modules/@testing-library/dom/dist/query-helpers.js:95:19
      at Object.getByRole (components/cv/__tests__/ExportPDFButton.test.tsx:189:27)

  ● ExportPDFButton › should handle unknown error types

    TestingLibraryElementError: Unable to find an accessible element with the role "button"

    There are no accessible roles. But there might be some inaccessible roles. If you wish to access them, then set the `hidden` option to `true`. Learn more about this here: https://testing-library.com/docs/dom-testing-library/api-queries#byrole

    Ignored nodes: comments, script, style
    [36m<body />[39m

    [0m [90m 200 |[39m     render([33m<[39m[33mExportPDFButton[39m theme[33m=[39m[32m"technical"[39m [33m/[39m[33m>[39m)[33m;[39m
     [90m 201 |[39m
    [31m[1m>[22m[39m[90m 202 |[39m     [36mconst[39m button [33m=[39m screen[33m.[39mgetByRole([32m'button'[39m)[33m;[39m
     [90m     |[39m                           [31m[1m^[22m[39m
     [90m 203 |[39m     fireEvent[33m.[39mclick(button)[33m;[39m
     [90m 204 |[39m
     [90m 205 |[39m     [36mawait[39m waitFor(() [33m=>[39m {[0m

      at Object.getElementError (node_modules/@testing-library/dom/dist/config.js:37:19)
      at node_modules/@testing-library/dom/dist/query-helpers.js:76:38
      at node_modules/@testing-library/dom/dist/query-helpers.js:52:17
      at node_modules/@testing-library/dom/dist/query-helpers.js:95:19
      at Object.getByRole (components/cv/__tests__/ExportPDFButton.test.tsx:202:27)

  ● ExportPDFButton › should create and trigger download link correctly

    TestingLibraryElementError: Unable to find an accessible element with the role "button"

    There are no accessible roles. But there might be some inaccessible roles. If you wish to access them, then set the `hidden` option to `true`. Learn more about this here: https://testing-library.com/docs/dom-testing-library/api-queries#byrole

    Ignored nodes: comments, script, style
    [36m<body />[39m

    [0m [90m 219 |[39m     render([33m<[39m[33mExportPDFButton[39m theme[33m=[39m[32m"technical"[39m [33m/[39m[33m>[39m)[33m;[39m
     [90m 220 |[39m
    [31m[1m>[22m[39m[90m 221 |[39m     [36mconst[39m button [33m=[39m screen[33m.[39mgetByRole([32m'button'[39m)[33m;[39m
     [90m     |[39m                           [31m[1m^[22m[39m
     [90m 222 |[39m     fireEvent[33m.[39mclick(button)[33m;[39m
     [90m 223 |[39m
     [90m 224 |[39m     [36mawait[39m waitFor(() [33m=>[39m {[0m

      at Object.getElementError (node_modules/@testing-library/dom/dist/config.js:37:19)
      at node_modules/@testing-library/dom/dist/query-helpers.js:76:38
      at node_modules/@testing-library/dom/dist/query-helpers.js:52:17
      at node_modules/@testing-library/dom/dist/query-helpers.js:95:19
      at Object.getByRole (components/cv/__tests__/ExportPDFButton.test.tsx:221:27)

  ● ExportPDFButton › should clear error on new export attempt

    TestingLibraryElementError: Unable to find an accessible element with the role "button"

    There are no accessible roles. But there might be some inaccessible roles. If you wish to access them, then set the `hidden` option to `true`. Learn more about this here: https://testing-library.com/docs/dom-testing-library/api-queries#byrole

    Ignored nodes: comments, script, style
    [36m<body />[39m

    [0m [90m 241 |[39m     render([33m<[39m[33mExportPDFButton[39m theme[33m=[39m[32m"technical"[39m [33m/[39m[33m>[39m)[33m;[39m
     [90m 242 |[39m
    [31m[1m>[22m[39m[90m 243 |[39m     [36mconst[39m button [33m=[39m screen[33m.[39mgetByRole([32m'button'[39m)[33m;[39m
     [90m     |[39m                           [31m[1m^[22m[39m
     [90m 244 |[39m     fireEvent[33m.[39mclick(button)[33m;[39m
     [90m 245 |[39m
     [90m 246 |[39m     [36mawait[39m waitFor(() [33m=>[39m {[0m

      at Object.getElementError (node_modules/@testing-library/dom/dist/config.js:37:19)
      at node_modules/@testing-library/dom/dist/query-helpers.js:76:38
      at node_modules/@testing-library/dom/dist/query-helpers.js:52:17
      at node_modules/@testing-library/dom/dist/query-helpers.js:95:19
      at Object.getByRole (components/cv/__tests__/ExportPDFButton.test.tsx:243:27)

  ● ExportPDFButton › should render with gradient styling

    expect(element).toBeInTheDocument()

    element could not be found in the document

    [0m [90m 267 |[39m
     [90m 268 |[39m     [36mconst[39m button [33m=[39m container[33m.[39mquerySelector([32m'.bg-gradient-to-r.from-blue-600.to-purple-600'[39m)[33m;[39m
    [31m[1m>[22m[39m[90m 269 |[39m     expect(button)[33m.[39mtoBeInTheDocument()[33m;[39m
     [90m     |[39m                    [31m[1m^[22m[39m
     [90m 270 |[39m   })[33m;[39m
     [90m 271 |[39m
     [90m 272 |[39m   it([32m'should show Loader2 icon when loading'[39m[33m,[39m [36masync[39m () [33m=>[39m {[0m

      at Object.toBeInTheDocument (components/cv/__tests__/ExportPDFButton.test.tsx:269:20)

  ● ExportPDFButton › should show Loader2 icon when loading

    TestingLibraryElementError: Unable to find an accessible element with the role "button"

    There are no accessible roles. But there might be some inaccessible roles. If you wish to access them, then set the `hidden` option to `true`. Learn more about this here: https://testing-library.com/docs/dom-testing-library/api-queries#byrole

    Ignored nodes: comments, script, style
    [36m<body />[39m

    [0m [90m 288 |[39m     [36mconst[39m { container } [33m=[39m render([33m<[39m[33mExportPDFButton[39m theme[33m=[39m[32m"technical"[39m [33m/[39m[33m>[39m)[33m;[39m
     [90m 289 |[39m
    [31m[1m>[22m[39m[90m 290 |[39m     [36mconst[39m button [33m=[39m screen[33m.[39mgetByRole([32m'button'[39m)[33m;[39m
     [90m     |[39m                           [31m[1m^[22m[39m
     [90m 291 |[39m     fireEvent[33m.[39mclick(button)[33m;[39m
     [90m 292 |[39m
     [90m 293 |[39m     [36mawait[39m waitFor(() [33m=>[39m {[0m

      at Object.getElementError (node_modules/@testing-library/dom/dist/config.js:37:19)
      at node_modules/@testing-library/dom/dist/query-helpers.js:76:38
      at node_modules/@testing-library/dom/dist/query-helpers.js:52:17
      at node_modules/@testing-library/dom/dist/query-helpers.js:95:19
      at Object.getByRole (components/cv/__tests__/ExportPDFButton.test.tsx:290:27)

  ● ExportPDFButton › should disable button only when loading

    TestingLibraryElementError: Unable to find an accessible element with the role "button"

    There are no accessible roles. But there might be some inaccessible roles. If you wish to access them, then set the `hidden` option to `true`. Learn more about this here: https://testing-library.com/docs/dom-testing-library/api-queries#byrole

    Ignored nodes: comments, script, style
    [36m<body />[39m

    [0m [90m 300 |[39m     render([33m<[39m[33mExportPDFButton[39m theme[33m=[39m[32m"technical"[39m [33m/[39m[33m>[39m)[33m;[39m
     [90m 301 |[39m
    [31m[1m>[22m[39m[90m 302 |[39m     [36mconst[39m button [33m=[39m screen[33m.[39mgetByRole([32m'button'[39m)[33m;[39m
     [90m     |[39m                           [31m[1m^[22m[39m
     [90m 303 |[39m
     [90m 304 |[39m     [90m// Initially enabled[39m
     [90m 305 |[39m     expect(button)[33m.[39mnot[33m.[39mtoBeDisabled()[33m;[39m[0m

      at Object.getElementError (node_modules/@testing-library/dom/dist/config.js:37:19)
      at node_modules/@testing-library/dom/dist/query-helpers.js:76:38
      at node_modules/@testing-library/dom/dist/query-helpers.js:52:17
      at node_modules/@testing-library/dom/dist/query-helpers.js:95:19
      at Object.getByRole (components/cv/__tests__/ExportPDFButton.test.tsx:302:27)

FAIL lib/__tests__/lazy-load.test.ts
  ● Lazy Load Utils › preconnect › should create preconnect link

    expect(received).toBe(expected) // Object.is equality

    Expected: "https://api.example.com"
    Received: "https://api.example.com/"

    [0m [90m 304 |[39m       [36mconst[39m link [33m=[39m appendChildSpy[33m.[39mmock[33m.[39mcalls[[35m0[39m][[35m0[39m] [36mas[39m [33mHTMLLinkElement[39m[33m;[39m
     [90m 305 |[39m       expect(link[33m.[39mrel)[33m.[39mtoBe([32m'preconnect'[39m)[33m;[39m
    [31m[1m>[22m[39m[90m 306 |[39m       expect(link[33m.[39mhref)[33m.[39mtoBe([32m'https://api.example.com'[39m)[33m;[39m
     [90m     |[39m                         [31m[1m^[22m[39m
     [90m 307 |[39m       expect(link[33m.[39mcrossOrigin)[33m.[39mtoBe([32m'anonymous'[39m)[33m;[39m
     [90m 308 |[39m
     [90m 309 |[39m       appendChildSpy[33m.[39mmockRestore()[33m;[39m[0m

      at Object.toBe (lib/__tests__/lazy-load.test.ts:306:25)

  ● Lazy Load Utils › preconnect › should handle multiple domains

    expect(jest.fn()).toHaveBeenCalledTimes(expected)

    Expected number of calls: 2
    Received number of calls: 3

    [0m [90m 316 |[39m       preconnect([32m'https://api2.example.com'[39m)[33m;[39m
     [90m 317 |[39m
    [31m[1m>[22m[39m[90m 318 |[39m       expect(appendChildSpy)[33m.[39mtoHaveBeenCalledTimes([35m2[39m)[33m;[39m
     [90m     |[39m                              [31m[1m^[22m[39m
     [90m 319 |[39m
     [90m 320 |[39m       appendChildSpy[33m.[39mmockRestore()[33m;[39m
     [90m 321 |[39m     })[33m;[39m[0m

      at Object.toHaveBeenCalledTimes (lib/__tests__/lazy-load.test.ts:318:30)

  ● Lazy Load Utils › deferScript › should call onLoad callback

    Load failed

    [0m [90m 147 |[39m
     [90m 148 |[39m     it([32m'should handle promise rejection'[39m[33m,[39m [36masync[39m () [33m=>[39m {
    [31m[1m>[22m[39m[90m 149 |[39m       [36mconst[39m importFn [33m=[39m jest[33m.[39mfn(() [33m=>[39m [33mPromise[39m[33m.[39mreject([36mnew[39m [33mError[39m([32m'Load failed'[39m)))[33m;[39m
     [90m     |[39m                                                     [31m[1m^[22m[39m
     [90m 150 |[39m
     [90m 151 |[39m       [90m// Should not throw[39m
     [90m 152 |[39m       expect(() [33m=>[39m preloadComponent(importFn))[33m.[39mnot[33m.[39mtoThrow()[33m;[39m[0m

      at lib/__tests__/lazy-load.test.ts:149:53
      at importFn (lib/lazy-load.tsx:72:3)
      at lib/__tests__/lazy-load.test.ts:152:36
      at Object.<anonymous> (node_modules/expect/build/index.js:1824:9)
      at Object.throwingMatcher [as toThrow] (node_modules/expect/build/index.js:2235:93)
      at Object.toThrow (lib/__tests__/lazy-load.test.ts:152:52)

  ● Lazy Load Utils › Edge Cases › should handle LazyImageLoader with no IntersectionObserver

    TypeError: IntersectionObserver is not a constructor

    [0m [90m 100 |[39m   constructor(threshold[33m:[39m number [33m=[39m [35m0.1[39m) {
     [90m 101 |[39m     [36mif[39m ([36mtypeof[39m window [33m!==[39m [32m'undefined'[39m) {
    [31m[1m>[22m[39m[90m 102 |[39m       [36mthis[39m[33m.[39mobserver [33m=[39m [36mnew[39m [33mIntersectionObserver[39m(
     [90m     |[39m                       [31m[1m^[22m[39m
     [90m 103 |[39m         (entries) [33m=>[39m {
     [90m 104 |[39m           entries[33m.[39mforEach((entry) [33m=>[39m {
     [90m 105 |[39m             [36mif[39m (entry[33m.[39misIntersecting) {[0m

      at new LazyImageLoader (lib/lazy-load.tsx:102:23)
      at Object.<anonymous> (lib/__tests__/lazy-load.test.ts:504:22)

  ● Lazy Load Utils › Performance › should not create multiple observers for same LazyImageLoader

    expect(jest.fn()).toHaveBeenCalledTimes(expected)

    Expected number of calls: 1
    Received number of calls: 2

    [0m [90m 568 |[39m
     [90m 569 |[39m       [90m// Should only create one observer[39m
    [31m[1m>[22m[39m[90m 570 |[39m       expect(constructorSpy)[33m.[39mtoHaveBeenCalledTimes([35m1[39m)[33m;[39m
     [90m     |[39m                              [31m[1m^[22m[39m
     [90m 571 |[39m
     [90m 572 |[39m       constructorSpy[33m.[39mmockRestore()[33m;[39m
     [90m 573 |[39m     })[33m;[39m[0m

      at Object.toHaveBeenCalledTimes (lib/__tests__/lazy-load.test.ts:570:30)

  ● Lazy Load Utils › Performance › should handle multiple prefetchRoute calls efficiently

    expect(jest.fn()).toHaveBeenCalledTimes(expected)

    Expected number of calls: 10
    Received number of calls: 13

    [0m [90m 581 |[39m       }
     [90m 582 |[39m
    [31m[1m>[22m[39m[90m 583 |[39m       expect(appendChildSpy)[33m.[39mtoHaveBeenCalledTimes([35m10[39m)[33m;[39m
     [90m     |[39m                              [31m[1m^[22m[39m
     [90m 584 |[39m
     [90m 585 |[39m       appendChildSpy[33m.[39mmockRestore()[33m;[39m
     [90m 586 |[39m     })[33m;[39m[0m

      at Object.toHaveBeenCalledTimes (lib/__tests__/lazy-load.test.ts:583:30)

FAIL components/analytics/__tests__/DateFilter.test.tsx
  ● DateFilter › should display date range for today preset

    TestingLibraryElementError: Unable to find an element with the text: /\d{2}\s\w+\s-\s\d{2}\s\w+\s\d{4}/. This could be because the text is broken up by multiple elements. In this case, you can provide a function for your text matcher to make your matcher more flexible.

    Ignored nodes: comments, script, style
    [36m<body>[39m
      [36m<div>[39m
        [36m<div[39m
          [33mclass[39m=[32m"flex items-center gap-2"[39m
        [36m>[39m
          [36m<div[39m
            [33mclass[39m=[32m"flex items-center gap-2 text-sm text-muted-foreground"[39m
          [36m>[39m
            [36m<svg[39m
              [33mclass[39m=[32m"lucide lucide-calendar h-4 w-4"[39m
              [33mfill[39m=[32m"none"[39m
              [33mheight[39m=[32m"24"[39m
              [33mstroke[39m=[32m"currentColor"[39m
              [33mstroke-linecap[39m=[32m"round"[39m
              [33mstroke-linejoin[39m=[32m"round"[39m
              [33mstroke-width[39m=[32m"2"[39m
              [33mviewBox[39m=[32m"0 0 24 24"[39m
              [33mwidth[39m=[32m"24"[39m
              [33mxmlns[39m=[32m"http://www.w3.org/2000/svg"[39m
            [36m>[39m
              [36m<rect[39m
                [33mheight[39m=[32m"18"[39m
                [33mrx[39m=[32m"2"[39m
                [33mry[39m=[32m"2"[39m
                [33mwidth[39m=[32m"18"[39m
                [33mx[39m=[32m"3"[39m
                [33my[39m=[32m"4"[39m
              [36m/>[39m
              [36m<line[39m
                [33mx1[39m=[32m"16"[39m
                [33mx2[39m=[32m"16"[39m
                [33my1[39m=[32m"2"[39m
                [33my2[39m=[32m"6"[39m
              [36m/>[39m
              [36m<line[39m
                [33mx1[39m=[32m"8"[39m
                [33mx2[39m=[32m"8"[39m
                [33my1[39m=[32m"2"[39m
                [33my2[39m=[32m"6"[39m
              [36m/>[39m
              [36m<line[39m
                [33mx1[39m=[32m"3"[39m
                [33mx2[39m=[32m"21"[39m
                [33my1[39m=[32m"10"[39m
                [33my2[39m=[32m"10"[39m
              [36m/>[39m
            [36m</svg>[39m
            [36m<span>[39m
              [0mPériode:[0m
            [36m</span>[39m
          [36m</div>[39m
          [36m<div[39m
            [33mclass[39m=[32m"flex gap-1 bg-muted p-1 rounded-md"[39m
          [36m>[39m
            [36m<button[39m
              [33mclass[39m=[32m"px-3 py-1.5 text-sm rounded transition-colors bg-primary text-primary-foreground"[39m
            [36m>[39m
              [0mAujourd'hui[0m
            [36m</button>[39m
            [36m<button[39m
              [33mclass[39m=[32m"px-3 py-1.5 text-sm rounded transition-colors hover:bg-background"[39m
            [36m>[39m
              [0m7 derniers jours[0m
            [36m</button>[39m
            [36m<button[39m
              [33mclass[39m=[32m"px-3 py-1.5 text-sm rounded transition-colors hover:bg-background"[39m
            [36m>[39m
              [0m30 derniers jours[0m
            [36m</button>[39m
            [36m<button[39m
              [33mclass[39m=[32m"px-3 py-1.5 text-sm rounded transition-colors hover:bg-background"[39m
            [36m>[39m
              [0mTout[0m
            [36m</button>[39m
          [36m</div>[39m
          [36m<div[39m
            [33mclass[39m=[32m"text-xs text-muted-foreground ml-2"[39m
          [36m>[39m
            [0m09 déc.[0m
            [0m [0m
            [0m-[0m
            [0m [0m
            [0m09 déc. 2025[0m
          [36m</div>[39m
        [36m</div>[39m
      [36m</div>[39m
    [36m</body>[39m

    [0m [90m 61 |[39m
     [90m 62 |[39m     [90m// Should display formatted date range[39m
    [31m[1m>[22m[39m[90m 63 |[39m     [36mconst[39m dateRange [33m=[39m screen[33m.[39mgetByText([35m/\d{2}\s\w+\s-\s\d{2}\s\w+\s\d{4}/[39m)[33m;[39m
     [90m    |[39m                              [31m[1m^[22m[39m
     [90m 64 |[39m     expect(dateRange)[33m.[39mtoBeInTheDocument()[33m;[39m
     [90m 65 |[39m   })[33m;[39m
     [90m 66 |[39m[0m

      at Object.getElementError (node_modules/@testing-library/dom/dist/config.js:37:19)
      at node_modules/@testing-library/dom/dist/query-helpers.js:76:38
      at node_modules/@testing-library/dom/dist/query-helpers.js:52:17
      at node_modules/@testing-library/dom/dist/query-helpers.js:95:19
      at Object.getByText (components/analytics/__tests__/DateFilter.test.tsx:63:30)

  ● DateFilter › should display date range for 7 days preset

    TestingLibraryElementError: Unable to find an element with the text: /\d{2}\s\w+\s-\s\d{2}\s\w+\s\d{4}/. This could be because the text is broken up by multiple elements. In this case, you can provide a function for your text matcher to make your matcher more flexible.

    Ignored nodes: comments, script, style
    [36m<body>[39m
      [36m<div>[39m
        [36m<div[39m
          [33mclass[39m=[32m"flex items-center gap-2"[39m
        [36m>[39m
          [36m<div[39m
            [33mclass[39m=[32m"flex items-center gap-2 text-sm text-muted-foreground"[39m
          [36m>[39m
            [36m<svg[39m
              [33mclass[39m=[32m"lucide lucide-calendar h-4 w-4"[39m
              [33mfill[39m=[32m"none"[39m
              [33mheight[39m=[32m"24"[39m
              [33mstroke[39m=[32m"currentColor"[39m
              [33mstroke-linecap[39m=[32m"round"[39m
              [33mstroke-linejoin[39m=[32m"round"[39m
              [33mstroke-width[39m=[32m"2"[39m
              [33mviewBox[39m=[32m"0 0 24 24"[39m
              [33mwidth[39m=[32m"24"[39m
              [33mxmlns[39m=[32m"http://www.w3.org/2000/svg"[39m
            [36m>[39m
              [36m<rect[39m
                [33mheight[39m=[32m"18"[39m
                [33mrx[39m=[32m"2"[39m
                [33mry[39m=[32m"2"[39m
                [33mwidth[39m=[32m"18"[39m
                [33mx[39m=[32m"3"[39m
                [33my[39m=[32m"4"[39m
              [36m/>[39m
              [36m<line[39m
                [33mx1[39m=[32m"16"[39m
                [33mx2[39m=[32m"16"[39m
                [33my1[39m=[32m"2"[39m
                [33my2[39m=[32m"6"[39m
              [36m/>[39m
              [36m<line[39m
                [33mx1[39m=[32m"8"[39m
                [33mx2[39m=[32m"8"[39m
                [33my1[39m=[32m"2"[39m
                [33my2[39m=[32m"6"[39m
              [36m/>[39m
              [36m<line[39m
                [33mx1[39m=[32m"3"[39m
                [33mx2[39m=[32m"21"[39m
                [33my1[39m=[32m"10"[39m
                [33my2[39m=[32m"10"[39m
              [36m/>[39m
            [36m</svg>[39m
            [36m<span>[39m
              [0mPériode:[0m
            [36m</span>[39m
          [36m</div>[39m
          [36m<div[39m
            [33mclass[39m=[32m"flex gap-1 bg-muted p-1 rounded-md"[39m
          [36m>[39m
            [36m<button[39m
              [33mclass[39m=[32m"px-3 py-1.5 text-sm rounded transition-colors hover:bg-background"[39m
            [36m>[39m
              [0mAujourd'hui[0m
            [36m</button>[39m
            [36m<button[39m
              [33mclass[39m=[32m"px-3 py-1.5 text-sm rounded transition-colors bg-primary text-primary-foreground"[39m
            [36m>[39m
              [0m7 derniers jours[0m
            [36m</button>[39m
            [36m<button[39m
              [33mclass[39m=[32m"px-3 py-1.5 text-sm rounded transition-colors hover:bg-background"[39m
            [36m>[39m
              [0m30 derniers jours[0m
            [36m</button>[39m
            [36m<button[39m
              [33mclass[39m=[32m"px-3 py-1.5 text-sm rounded transition-colors hover:bg-background"[39m
            [36m>[39m
              [0mTout[0m
            [36m</button>[39m
          [36m</div>[39m
        [36m</div>[39m
      [36m</div>[39m
    [36m</body>[39m

    [0m [90m 69 |[39m
     [90m 70 |[39m     [90m// Already selected by default[39m
    [31m[1m>[22m[39m[90m 71 |[39m     [36mconst[39m dateRange [33m=[39m screen[33m.[39mgetByText([35m/\d{2}\s\w+\s-\s\d{2}\s\w+\s\d{4}/[39m)[33m;[39m
     [90m    |[39m                              [31m[1m^[22m[39m
     [90m 72 |[39m     expect(dateRange)[33m.[39mtoBeInTheDocument()[33m;[39m
     [90m 73 |[39m   })[33m;[39m
     [90m 74 |[39m[0m

      at Object.getElementError (node_modules/@testing-library/dom/dist/config.js:37:19)
      at node_modules/@testing-library/dom/dist/query-helpers.js:76:38
      at node_modules/@testing-library/dom/dist/query-helpers.js:52:17
      at node_modules/@testing-library/dom/dist/query-helpers.js:95:19
      at Object.getByText (components/analytics/__tests__/DateFilter.test.tsx:71:30)

  ● DateFilter › should display date range for 30 days preset

    TestingLibraryElementError: Unable to find an element with the text: /\d{2}\s\w+\s-\s\d{2}\s\w+\s\d{4}/. This could be because the text is broken up by multiple elements. In this case, you can provide a function for your text matcher to make your matcher more flexible.

    Ignored nodes: comments, script, style
    [36m<body>[39m
      [36m<div>[39m
        [36m<div[39m
          [33mclass[39m=[32m"flex items-center gap-2"[39m
        [36m>[39m
          [36m<div[39m
            [33mclass[39m=[32m"flex items-center gap-2 text-sm text-muted-foreground"[39m
          [36m>[39m
            [36m<svg[39m
              [33mclass[39m=[32m"lucide lucide-calendar h-4 w-4"[39m
              [33mfill[39m=[32m"none"[39m
              [33mheight[39m=[32m"24"[39m
              [33mstroke[39m=[32m"currentColor"[39m
              [33mstroke-linecap[39m=[32m"round"[39m
              [33mstroke-linejoin[39m=[32m"round"[39m
              [33mstroke-width[39m=[32m"2"[39m
              [33mviewBox[39m=[32m"0 0 24 24"[39m
              [33mwidth[39m=[32m"24"[39m
              [33mxmlns[39m=[32m"http://www.w3.org/2000/svg"[39m
            [36m>[39m
              [36m<rect[39m
                [33mheight[39m=[32m"18"[39m
                [33mrx[39m=[32m"2"[39m
                [33mry[39m=[32m"2"[39m
                [33mwidth[39m=[32m"18"[39m
                [33mx[39m=[32m"3"[39m
                [33my[39m=[32m"4"[39m
              [36m/>[39m
              [36m<line[39m
                [33mx1[39m=[32m"16"[39m
                [33mx2[39m=[32m"16"[39m
                [33my1[39m=[32m"2"[39m
                [33my2[39m=[32m"6"[39m
              [36m/>[39m
              [36m<line[39m
                [33mx1[39m=[32m"8"[39m
                [33mx2[39m=[32m"8"[39m
                [33my1[39m=[32m"2"[39m
                [33my2[39m=[32m"6"[39m
              [36m/>[39m
              [36m<line[39m
                [33mx1[39m=[32m"3"[39m
                [33mx2[39m=[32m"21"[39m
                [33my1[39m=[32m"10"[39m
                [33my2[39m=[32m"10"[39m
              [36m/>[39m
            [36m</svg>[39m
            [36m<span>[39m
              [0mPériode:[0m
            [36m</span>[39m
          [36m</div>[39m
          [36m<div[39m
            [33mclass[39m=[32m"flex gap-1 bg-muted p-1 rounded-md"[39m
          [36m>[39m
            [36m<button[39m
              [33mclass[39m=[32m"px-3 py-1.5 text-sm rounded transition-colors hover:bg-background"[39m
            [36m>[39m
              [0mAujourd'hui[0m
            [36m</button>[39m
            [36m<button[39m
              [33mclass[39m=[32m"px-3 py-1.5 text-sm rounded transition-colors hover:bg-background"[39m
            [36m>[39m
              [0m7 derniers jours[0m
            [36m</button>[39m
            [36m<button[39m
              [33mclass[39m=[32m"px-3 py-1.5 text-sm rounded transition-colors bg-primary text-primary-foreground"[39m
            [36m>[39m
              [0m30 derniers jours[0m
            [36m</button>[39m
            [36m<button[39m
              [33mclass[39m=[32m"px-3 py-1.5 text-sm rounded transition-colors hover:bg-background"[39m
            [36m>[39m
              [0mTout[0m
            [36m</button>[39m
          [36m</div>[39m
          [36m<div[39m
            [33mclass[39m=[32m"text-xs text-muted-foreground ml-2"[39m
          [36m>[39m
            [0m09 nov.[0m
            [0m [0m
            [0m-[0m
            [0m [0m
            [0m09 déc. 2025[0m
          [36m</div>[39m
        [36m</div>[39m
      [36m</div>[39m
    [36m</body>[39m

    [0m [90m 79 |[39m     fireEvent[33m.[39mclick(thirtyDaysButton)[33m;[39m
     [90m 80 |[39m
    [31m[1m>[22m[39m[90m 81 |[39m     [36mconst[39m dateRange [33m=[39m screen[33m.[39mgetByText([35m/\d{2}\s\w+\s-\s\d{2}\s\w+\s\d{4}/[39m)[33m;[39m
     [90m    |[39m                              [31m[1m^[22m[39m
     [90m 82 |[39m     expect(dateRange)[33m.[39mtoBeInTheDocument()[33m;[39m
     [90m 83 |[39m   })[33m;[39m
     [90m 84 |[39m[0m

      at Object.getElementError (node_modules/@testing-library/dom/dist/config.js:37:19)
      at node_modules/@testing-library/dom/dist/query-helpers.js:76:38
      at node_modules/@testing-library/dom/dist/query-helpers.js:52:17
      at node_modules/@testing-library/dom/dist/query-helpers.js:95:19
      at Object.getByText (components/analytics/__tests__/DateFilter.test.tsx:81:30)

  ● DateFilter › should format dates in French locale

    TestingLibraryElementError: Found multiple elements with the text: /\d{2}\s\w+/

    Here are the matching elements:

    Ignored nodes: comments, script, style
    [36m<button[39m
      [33mclass[39m=[32m"px-3 py-1.5 text-sm rounded transition-colors hover:bg-background"[39m
    [36m>[39m
      [0m30 derniers jours[0m
    [36m</button>[39m

    Ignored nodes: comments, script, style
    [36m<div[39m
      [33mclass[39m=[32m"text-xs text-muted-foreground ml-2"[39m
    [36m>[39m
      [0m09 déc.[0m
      [0m [0m
      [0m-[0m
      [0m [0m
      [0m09 déc. 2025[0m
    [36m</div>[39m

    (If this is intentional, then use the `*AllBy*` variant of the query (like `queryAllByText`, `getAllByText`, or `findAllByText`)).

    Ignored nodes: comments, script, style
    [36m<body>[39m
      [36m<div>[39m
        [36m<div[39m
          [33mclass[39m=[32m"flex items-center gap-2"[39m
        [36m>[39m
          [36m<div[39m
            [33mclass[39m=[32m"flex items-center gap-2 text-sm text-muted-foreground"[39m
          [36m>[39m
            [36m<svg[39m
              [33mclass[39m=[32m"lucide lucide-calendar h-4 w-4"[39m
              [33mfill[39m=[32m"none"[39m
              [33mheight[39m=[32m"24"[39m
              [33mstroke[39m=[32m"currentColor"[39m
              [33mstroke-linecap[39m=[32m"round"[39m
              [33mstroke-linejoin[39m=[32m"round"[39m
              [33mstroke-width[39m=[32m"2"[39m
              [33mviewBox[39m=[32m"0 0 24 24"[39m
              [33mwidth[39m=[32m"24"[39m
              [33mxmlns[39m=[32m"http://www.w3.org/2000/svg"[39m
            [36m>[39m
              [36m<rect[39m
                [33mheight[39m=[32m"18"[39m
                [33mrx[39m=[32m"2"[39m
                [33mry[39m=[32m"2"[39m
                [33mwidth[39m=[32m"18"[39m
                [33mx[39m=[32m"3"[39m
                [33my[39m=[32m"4"[39m
              [36m/>[39m
              [36m<line[39m
                [33mx1[39m=[32m"16"[39m
                [33mx2[39m=[32m"16"[39m
                [33my1[39m=[32m"2"[39m
                [33my2[39m=[32m"6"[39m
              [36m/>[39m
              [36m<line[39m
                [33mx1[39m=[32m"8"[39m
                [33mx2[39m=[32m"8"[39m
                [33my1[39m=[32m"2"[39m
                [33my2[39m=[32m"6"[39m
              [36m/>[39m
              [36m<line[39m
                [33mx1[39m=[32m"3"[39m
                [33mx2[39m=[32m"21"[39m
                [33my1[39m=[32m"10"[39m
                [33my2[39m=[32m"10"[39m
              [36m/>[39m
            [36m</svg>[39m
            [36m<span>[39m
              [0mPériode:[0m
            [36m</span>[39m
          [36m</div>[39m
          [36m<div[39m
            [33mclass[39m=[32m"flex gap-1 bg-muted p-1 rounded-md"[39m
          [36m>[39m
            [36m<button[39m
              [33mclass[39m=[32m"px-3 py-1.5 text-sm rounded transition-colors bg-primary text-primary-foreground"[39m
            [36m>[39m
              [0mAujourd'hui[0m
            [36m</button>[39m
            [36m<button[39m
              [33mclass[39m=[32m"px-3 py-1.5 text-sm rounded transition-colors hover:bg-background"[39m
            [36m>[39m
              [0m7 derniers jours[0m
            [36m</button>[39m
            [36m<button[39m
              [33mclass[39m=[32m"px-3 py-1.5 text-sm rounded transition-colors hover:bg-background"[39m
            [36m>[39m
              [0m30 derniers jours[0m
            [36m</button>[39m
            [36m<button[39m
              [33mclass[39m=[32m"px-3 py-1.5 text-sm rounded transition-colors hover:bg-background"[39m
            [36m>[39m
              [0mTout[0m
            [36m</button>[39m
          [36m</div>[39m
          [36m<div[39m
            [33mclass[39m=[32m"text-xs text-muted-foreground ml-2"[39m
          [36m>[39m
            [0m09 déc.[0m
            [0m [0m
            [0m-[0m
            [0m [0m
            [0m09 déc. 2025[0m
          [36m</div>[39m
        [36m</div>[39m
      [36m</div>[39m
    [36m</body>[39m

    [0m [90m 122 |[39m
     [90m 123 |[39m     [90m// French month abbreviations (janv., févr., mars, etc.)[39m
    [31m[1m>[22m[39m[90m 124 |[39m     [36mconst[39m dateText [33m=[39m screen[33m.[39mgetByText([35m/\d{2}\s\w+/[39m)[33m;[39m
     [90m     |[39m                             [31m[1m^[22m[39m
     [90m 125 |[39m     expect(dateText)[33m.[39mtoBeInTheDocument()[33m;[39m
     [90m 126 |[39m   })[33m;[39m
     [90m 127 |[39m[0m

      at Object.getElementError (node_modules/@testing-library/dom/dist/config.js:37:19)
      at getElementError (node_modules/@testing-library/dom/dist/query-helpers.js:20:35)
      at getMultipleElementsFoundError (node_modules/@testing-library/dom/dist/query-helpers.js:23:10)
      at node_modules/@testing-library/dom/dist/query-helpers.js:55:13
      at node_modules/@testing-library/dom/dist/query-helpers.js:95:19
      at Object.getByText (components/analytics/__tests__/DateFilter.test.tsx:124:29)

  ● DateFilter › should render date range with ml-2 margin

    expect(received).toBeInTheDocument()

    received value must be an HTMLElement or an SVGElement.
    Received has value: null

    [0m [90m 148 |[39m
     [90m 149 |[39m     [36mconst[39m dateRangeContainer [33m=[39m container[33m.[39mquerySelector([32m'.text-xs.text-muted-foreground.ml-2'[39m)[33m;[39m
    [31m[1m>[22m[39m[90m 150 |[39m     expect(dateRangeContainer)[33m.[39mtoBeInTheDocument()[33m;[39m
     [90m     |[39m                                [31m[1m^[22m[39m
     [90m 151 |[39m   })[33m;[39m
     [90m 152 |[39m
     [90m 153 |[39m   it([32m'should handle multiple preset changes'[39m[33m,[39m () [33m=>[39m {[0m

      at __EXTERNAL_MATCHER_TRAP__ (node_modules/expect/build/index.js:2240:22)
      at Object.throwingMatcher [as toBeInTheDocument] (node_modules/expect/build/index.js:2241:6)
      at Object.toBeInTheDocument (components/analytics/__tests__/DateFilter.test.tsx:150:32)

  ● DateFilter › should display year in date range

    TestingLibraryElementError: Unable to find an element with the text: /\d{4}/. This could be because the text is broken up by multiple elements. In this case, you can provide a function for your text matcher to make your matcher more flexible.

    Ignored nodes: comments, script, style
    [36m<body>[39m
      [36m<div>[39m
        [36m<div[39m
          [33mclass[39m=[32m"flex items-center gap-2"[39m
        [36m>[39m
          [36m<div[39m
            [33mclass[39m=[32m"flex items-center gap-2 text-sm text-muted-foreground"[39m
          [36m>[39m
            [36m<svg[39m
              [33mclass[39m=[32m"lucide lucide-calendar h-4 w-4"[39m
              [33mfill[39m=[32m"none"[39m
              [33mheight[39m=[32m"24"[39m
              [33mstroke[39m=[32m"currentColor"[39m
              [33mstroke-linecap[39m=[32m"round"[39m
              [33mstroke-linejoin[39m=[32m"round"[39m
              [33mstroke-width[39m=[32m"2"[39m
              [33mviewBox[39m=[32m"0 0 24 24"[39m
              [33mwidth[39m=[32m"24"[39m
              [33mxmlns[39m=[32m"http://www.w3.org/2000/svg"[39m
            [36m>[39m
              [36m<rect[39m
                [33mheight[39m=[32m"18"[39m
                [33mrx[39m=[32m"2"[39m
                [33mry[39m=[32m"2"[39m
                [33mwidth[39m=[32m"18"[39m
                [33mx[39m=[32m"3"[39m
                [33my[39m=[32m"4"[39m
              [36m/>[39m
              [36m<line[39m
                [33mx1[39m=[32m"16"[39m
                [33mx2[39m=[32m"16"[39m
                [33my1[39m=[32m"2"[39m
                [33my2[39m=[32m"6"[39m
              [36m/>[39m
              [36m<line[39m
                [33mx1[39m=[32m"8"[39m
                [33mx2[39m=[32m"8"[39m
                [33my1[39m=[32m"2"[39m
                [33my2[39m=[32m"6"[39m
              [36m/>[39m
              [36m<line[39m
                [33mx1[39m=[32m"3"[39m
                [33mx2[39m=[32m"21"[39m
                [33my1[39m=[32m"10"[39m
                [33my2[39m=[32m"10"[39m
              [36m/>[39m
            [36m</svg>[39m
            [36m<span>[39m
              [0mPériode:[0m
            [36m</span>[39m
          [36m</div>[39m
          [36m<div[39m
            [33mclass[39m=[32m"flex gap-1 bg-muted p-1 rounded-md"[39m
          [36m>[39m
            [36m<button[39m
              [33mclass[39m=[32m"px-3 py-1.5 text-sm rounded transition-colors hover:bg-background"[39m
            [36m>[39m
              [0mAujourd'hui[0m
            [36m</button>[39m
            [36m<button[39m
              [33mclass[39m=[32m"px-3 py-1.5 text-sm rounded transition-colors bg-primary text-primary-foreground"[39m
            [36m>[39m
              [0m7 derniers jours[0m
            [36m</button>[39m
            [36m<button[39m
              [33mclass[39m=[32m"px-3 py-1.5 text-sm rounded transition-colors hover:bg-background"[39m
            [36m>[39m
              [0m30 derniers jours[0m
            [36m</button>[39m
            [36m<button[39m
              [33mclass[39m=[32m"px-3 py-1.5 text-sm rounded transition-colors hover:bg-background"[39m
            [36m>[39m
              [0mTout[0m
            [36m</button>[39m
          [36m</div>[39m
        [36m</div>[39m
      [36m</div>[39m
    [36m</body>[39m

    [0m [90m 196 |[39m
     [90m 197 |[39m     [90m// Default 7 days should show year[39m
    [31m[1m>[22m[39m[90m 198 |[39m     [36mconst[39m dateText [33m=[39m screen[33m.[39mgetByText([35m/\d{4}/[39m)[33m;[39m
     [90m     |[39m                             [31m[1m^[22m[39m
     [90m 199 |[39m     expect(dateText)[33m.[39mtoBeInTheDocument()[33m;[39m
     [90m 200 |[39m   })[33m;[39m
     [90m 201 |[39m })[33m;[39m[0m

      at Object.getElementError (node_modules/@testing-library/dom/dist/config.js:37:19)
      at node_modules/@testing-library/dom/dist/query-helpers.js:76:38
      at node_modules/@testing-library/dom/dist/query-helpers.js:52:17
      at node_modules/@testing-library/dom/dist/query-helpers.js:95:19
      at Object.getByText (components/analytics/__tests__/DateFilter.test.tsx:198:29)

FAIL components/cv/__tests__/SkillsCloud.test.tsx
  ● Console

    console.error
      Warning: Received `true` for a non-boolean attribute `layout`.
      
      If you want to write it to the DOM, pass a string instead: layout="true" or layout={value.toString()}.
          at div
          at children (C:\Users\alexi\Documents\projects\maicivy\frontend\components\cv\__tests__\SkillsCloud.test.tsx:7:13)
          at div
          at children (C:\Users\alexi\Documents\projects\maicivy\frontend\components\cv\__tests__\SkillsCloud.test.tsx:7:13)
          at div
          at skills (C:\Users\alexi\Documents\projects\maicivy\frontend\components\cv\SkillsCloud.tsx:20:39)

    [0m [90m 54 |[39m
     [90m 55 |[39m   it([32m'should render all skills'[39m[33m,[39m () [33m=>[39m {
    [31m[1m>[22m[39m[90m 56 |[39m     render([33m<[39m[33mSkillsCloud[39m skills[33m=[39m{mockSkills} [33m/[39m[33m>[39m)[33m;[39m
     [90m    |[39m           [31m[1m^[22m[39m
     [90m 57 |[39m
     [90m 58 |[39m     expect(screen[33m.[39mgetByText([32m'Go'[39m))[33m.[39mtoBeInTheDocument()[33m;[39m
     [90m 59 |[39m     expect(screen[33m.[39mgetByText([32m'React'[39m))[33m.[39mtoBeInTheDocument()[33m;[39m[0m

      at printWarning (node_modules/react-dom/cjs/react-dom.development.js:86:30)
      at error (node_modules/react-dom/cjs/react-dom.development.js:60:7)
      at validateProperty$1 (node_modules/react-dom/cjs/react-dom.development.js:3765:9)
      at warnUnknownProperties (node_modules/react-dom/cjs/react-dom.development.js:3803:21)
      at validateProperties$2 (node_modules/react-dom/cjs/react-dom.development.js:3827:3)
      at validatePropertiesInDevelopment (node_modules/react-dom/cjs/react-dom.development.js:9541:5)
      at setInitialProperties (node_modules/react-dom/cjs/react-dom.development.js:9830:5)
      at finalizeInitialChildren (node_modules/react-dom/cjs/react-dom.development.js:10950:3)
      at completeWork (node_modules/react-dom/cjs/react-dom.development.js:22232:17)
      at completeUnitOfWork (node_modules/react-dom/cjs/react-dom.development.js:26632:16)
      at performUnitOfWork (node_modules/react-dom/cjs/react-dom.development.js:26607:5)
      at workLoopSync (node_modules/react-dom/cjs/react-dom.development.js:26505:5)
      at renderRootSync (node_modules/react-dom/cjs/react-dom.development.js:26473:7)
      at performConcurrentWorkOnRoot (node_modules/react-dom/cjs/react-dom.development.js:25777:74)
      at flushActQueue (node_modules/react/cjs/react.development.js:2667:24)
      at act (node_modules/react/cjs/react.development.js:2582:11)
      at node_modules/@testing-library/react/dist/act-compat.js:47:25
      at renderRoot (node_modules/@testing-library/react/dist/pure.js:190:26)
      at render (node_modules/@testing-library/react/dist/pure.js:292:10)
      at Object.<anonymous> (components/cv/__tests__/SkillsCloud.test.tsx:56:11)

    console.error
      Warning: React does not recognize the `whileHover` prop on a DOM element. If you intentionally want it to appear in the DOM as a custom attribute, spell it as lowercase `whilehover` instead. If you accidentally passed it from a parent component, remove it from the DOM element.
          at div
          at children (C:\Users\alexi\Documents\projects\maicivy\frontend\components\cv\__tests__\SkillsCloud.test.tsx:7:13)
          at div
          at children (C:\Users\alexi\Documents\projects\maicivy\frontend\components\cv\__tests__\SkillsCloud.test.tsx:7:13)
          at div
          at skills (C:\Users\alexi\Documents\projects\maicivy\frontend\components\cv\SkillsCloud.tsx:20:39)

    [0m [90m 54 |[39m
     [90m 55 |[39m   it([32m'should render all skills'[39m[33m,[39m () [33m=>[39m {
    [31m[1m>[22m[39m[90m 56 |[39m     render([33m<[39m[33mSkillsCloud[39m skills[33m=[39m{mockSkills} [33m/[39m[33m>[39m)[33m;[39m
     [90m    |[39m           [31m[1m^[22m[39m
     [90m 57 |[39m
     [90m 58 |[39m     expect(screen[33m.[39mgetByText([32m'Go'[39m))[33m.[39mtoBeInTheDocument()[33m;[39m
     [90m 59 |[39m     expect(screen[33m.[39mgetByText([32m'React'[39m))[33m.[39mtoBeInTheDocument()[33m;[39m[0m

      at printWarning (node_modules/react-dom/cjs/react-dom.development.js:86:30)
      at error (node_modules/react-dom/cjs/react-dom.development.js:60:7)
      at validateProperty$1 (node_modules/react-dom/cjs/react-dom.development.js:3757:7)
      at warnUnknownProperties (node_modules/react-dom/cjs/react-dom.development.js:3803:21)
      at validateProperties$2 (node_modules/react-dom/cjs/react-dom.development.js:3827:3)
      at validatePropertiesInDevelopment (node_modules/react-dom/cjs/react-dom.development.js:9541:5)
      at setInitialProperties (node_modules/react-dom/cjs/react-dom.development.js:9830:5)
      at finalizeInitialChildren (node_modules/react-dom/cjs/react-dom.development.js:10950:3)
      at completeWork (node_modules/react-dom/cjs/react-dom.development.js:22232:17)
      at completeUnitOfWork (node_modules/react-dom/cjs/react-dom.development.js:26632:16)
      at performUnitOfWork (node_modules/react-dom/cjs/react-dom.development.js:26607:5)
      at workLoopSync (node_modules/react-dom/cjs/react-dom.development.js:26505:5)
      at renderRootSync (node_modules/react-dom/cjs/react-dom.development.js:26473:7)
      at performConcurrentWorkOnRoot (node_modules/react-dom/cjs/react-dom.development.js:25777:74)
      at flushActQueue (node_modules/react/cjs/react.development.js:2667:24)
      at act (node_modules/react/cjs/react.development.js:2582:11)
      at node_modules/@testing-library/react/dist/act-compat.js:47:25
      at renderRoot (node_modules/@testing-library/react/dist/pure.js:190:26)
      at render (node_modules/@testing-library/react/dist/pure.js:292:10)
      at Object.<anonymous> (components/cv/__tests__/SkillsCloud.test.tsx:56:11)

  ● SkillsCloud › should filter skills by category when button is clicked

    expect(received).toBeInTheDocument()

    received value must be an HTMLElement or an SVGElement.
    Received has value: null

    [0m [90m 85 |[39m
     [90m 86 |[39m     [90m// Should not show backend skills[39m
    [31m[1m>[22m[39m[90m 87 |[39m     expect(screen[33m.[39mqueryByText([32m'Go'[39m))[33m.[39mtoBeInTheDocument()[33m;[39m [90m// Still in DOM but filtered[39m
     [90m    |[39m                                      [31m[1m^[22m[39m
     [90m 88 |[39m     expect(screen[33m.[39mqueryByText([32m'Docker'[39m))[33m.[39mtoBeInTheDocument()[33m;[39m [90m// Still in DOM but filtered[39m
     [90m 89 |[39m   })[33m;[39m
     [90m 90 |[39m[0m

      at __EXTERNAL_MATCHER_TRAP__ (node_modules/expect/build/index.js:2240:22)
      at Object.throwingMatcher [as toBeInTheDocument] (node_modules/expect/build/index.js:2241:6)
      at Object.toBeInTheDocument (components/cv/__tests__/SkillsCloud.test.tsx:87:38)

  ● SkillsCloud › should apply correct color classes per category

    expect(element).toHaveClass("bg-blue-100")

    Expected the element to have class:
      bg-blue-100
    Received:
      flex flex-wrap gap-3 justify-center items-center p-8 bg-gray-50 dark:bg-gray-900 rounded-lg min-h-[300px]

    [0m [90m 135 |[39m
     [90m 136 |[39m     [90m// Backend should be blue[39m
    [31m[1m>[22m[39m[90m 137 |[39m     expect(goSkill)[33m.[39mtoHaveClass([32m'bg-blue-100'[39m)[33m;[39m
     [90m     |[39m                     [31m[1m^[22m[39m
     [90m 138 |[39m
     [90m 139 |[39m     [90m// Frontend should be purple[39m
     [90m 140 |[39m     expect(reactSkill)[33m.[39mtoHaveClass([32m'bg-purple-100'[39m)[33m;[39m[0m

      at Object.toHaveClass (components/cv/__tests__/SkillsCloud.test.tsx:137:21)

  ● SkillsCloud › should display tooltip with skill details

    expect(element).toHaveAttribute("title") // element.hasAttribute("title")

    Expected the element to have attribute:
      title
    Received:
      null

    [0m [90m 149 |[39m     [36mconst[39m goSkill [33m=[39m screen[33m.[39mgetByText([32m'Go'[39m)[33m.[39mparentElement[33m;[39m
     [90m 150 |[39m
    [31m[1m>[22m[39m[90m 151 |[39m     expect(goSkill)[33m.[39mtoHaveAttribute([32m'title'[39m)[33m;[39m
     [90m     |[39m                     [31m[1m^[22m[39m
     [90m 152 |[39m     expect(goSkill[33m?[39m[33m.[39mgetAttribute([32m'title'[39m))[33m.[39mtoContain([32m'Go'[39m)[33m;[39m
     [90m 153 |[39m     expect(goSkill[33m?[39m[33m.[39mgetAttribute([32m'title'[39m))[33m.[39mtoContain([32m'Niveau 5/5'[39m)[33m;[39m
     [90m 154 |[39m     expect(goSkill[33m?[39m[33m.[39mgetAttribute([32m'title'[39m))[33m.[39mtoContain([32m'4 ans'[39m)[33m;[39m[0m

      at Object.toHaveAttribute (components/cv/__tests__/SkillsCloud.test.tsx:151:21)

FAIL lib/__tests__/validations.test.ts
  ● Helper Functions › sanitizeString › should remove script tags and content

    expect(received).toBe(expected) // Object.is equality

    Expected: "Hello World"
    Received: "Hello alert(\"xss\") World"

    [0m [90m 334 |[39m       [36mconst[39m input [33m=[39m [32m'Hello <script>alert("xss")</script> World'[39m[33m;[39m
     [90m 335 |[39m       [36mconst[39m output [33m=[39m sanitizeString(input)[33m;[39m
    [31m[1m>[22m[39m[90m 336 |[39m       expect(output)[33m.[39mtoBe([32m'Hello World'[39m)[33m;[39m
     [90m     |[39m                      [31m[1m^[22m[39m
     [90m 337 |[39m     })[33m;[39m
     [90m 338 |[39m
     [90m 339 |[39m     it([32m'should trim whitespace'[39m[33m,[39m () [33m=>[39m {[0m

      at Object.toBe (lib/__tests__/validations.test.ts:336:22)

  ● Helper Functions › containsSQLInjection › should detect exec/execute

    expect(received).toBe(expected) // Object.is equality

    Expected: true
    Received: false

    [0m [90m 405 |[39m     it([32m'should detect exec/execute'[39m[33m,[39m () [33m=>[39m {
     [90m 406 |[39m       expect(containsSQLInjection([32m'exec(malicious)'[39m))[33m.[39mtoBe([36mtrue[39m)[33m;[39m
    [31m[1m>[22m[39m[90m 407 |[39m       expect(containsSQLInjection([32m'execute sp_help'[39m))[33m.[39mtoBe([36mtrue[39m)[33m;[39m
     [90m     |[39m                                                       [31m[1m^[22m[39m
     [90m 408 |[39m     })[33m;[39m
     [90m 409 |[39m
     [90m 410 |[39m     it([32m'should return false for safe strings'[39m[33m,[39m () [33m=>[39m {[0m

      at Object.toBe (lib/__tests__/validations.test.ts:407:55)

FAIL hooks/__tests__/useTimelineScroll.test.ts
  ● Console

    console.error
      Warning: An update to TestComponent inside a test was not wrapped in act(...).
      
      When testing, code that causes React state updates should be wrapped into act(...):
      
      act(() => {
        /* fire events that update state */
      });
      /* assert on the output */
      
      This ensures that you're testing the behavior the user would see in the browser. Learn more at https://reactjs.org/link/wrap-tests-with-act
          at TestComponent (C:\Users\alexi\Documents\projects\maicivy\frontend\node_modules\@testing-library\react\dist\pure.js:329:5)

    [0m [90m 198 |[39m
     [90m 199 |[39m       snapTimeoutRef[33m.[39mcurrent [33m=[39m setTimeout(() [33m=>[39m {
    [31m[1m>[22m[39m[90m 200 |[39m         setIsSnapping([36mfalse[39m)[33m;[39m
     [90m     |[39m         [31m[1m^[22m[39m
     [90m 201 |[39m
     [90m 202 |[39m         [90m// Trouver l'élément le plus proche[39m
     [90m 203 |[39m         [36mconst[39m snapElements [33m=[39m document[33m.[39mquerySelectorAll([32m'[data-snap]'[39m)[33m;[39m[0m

      at printWarning (node_modules/react-dom/cjs/react-dom.development.js:86:30)
      at error (node_modules/react-dom/cjs/react-dom.development.js:60:7)
      at warnIfUpdatesNotWrappedWithActDEV (node_modules/react-dom/cjs/react-dom.development.js:27628:9)
      at scheduleUpdateOnFiber (node_modules/react-dom/cjs/react-dom.development.js:25547:5)
      at dispatchSetState (node_modules/react-dom/cjs/react-dom.development.js:16708:7)
      at setIsSnapping (hooks/useTimelineScroll.ts:200:9)
      at callTimer (node_modules/@sinonjs/fake-timers/src/fake-timers-src.js:806:24)
      at doTickInner (node_modules/@sinonjs/fake-timers/src/fake-timers-src.js:1413:29)
      at doTick (node_modules/@sinonjs/fake-timers/src/fake-timers-src.js:1494:20)
      at Object.tick (node_modules/@sinonjs/fake-timers/src/fake-timers-src.js:1502:20)
      at Object.runToLast (node_modules/@sinonjs/fake-timers/src/fake-timers-src.js:1661:26)
      at FakeTimers.runOnlyPendingTimers (node_modules/@jest/fake-timers/build/index.js:542:19)
      at Object.runOnlyPendingTimers (hooks/__tests__/useTimelineScroll.test.ts:205:10)

  ● useTimelineScroll › should scroll to specific year

    expect(jest.fn()).toHaveBeenCalledWith(...expected)

    - Expected
    + Received

      Object {
        "behavior": "smooth",
    -   "top": 500,
    +   "top": 400,
      },

    Number of calls: 1

    [0m [90m 104 |[39m     })
     [90m 105 |[39m
    [31m[1m>[22m[39m[90m 106 |[39m     expect(window[33m.[39mscrollTo)[33m.[39mtoHaveBeenCalledWith({
     [90m     |[39m                             [31m[1m^[22m[39m
     [90m 107 |[39m       top[33m:[39m [35m500[39m[33m,[39m [90m// 500 (element top) + 0 (window.scrollY) - 100 (offset) = 400, but getBoundingClientRect.top is relative[39m
     [90m 108 |[39m       behavior[33m:[39m [32m'smooth'[39m[33m,[39m
     [90m 109 |[39m     })[0m

      at Object.toHaveBeenCalledWith (hooks/__tests__/useTimelineScroll.test.ts:106:29)

  ● useScrollDirection › should detect scroll up

    expect(received).toBe(expected) // Object.is equality

    Expected: "up"
    Received: "down"

    [0m [90m 192 |[39m     })
     [90m 193 |[39m
    [31m[1m>[22m[39m[90m 194 |[39m     expect(result[33m.[39mcurrent)[33m.[39mtoBe([32m'up'[39m)
     [90m     |[39m                            [31m[1m^[22m[39m
     [90m 195 |[39m   })
     [90m 196 |[39m })
     [90m 197 |[39m[0m

      at Object.toBe (hooks/__tests__/useTimelineScroll.test.ts:194:28)

FAIL hooks/__tests__/use3DSupport.test.ts
  ● use3DSupport › should detect WebGL 2.0 support on desktop

    TypeError: Failed to execute 'appendChild' on 'Node': parameter 1 is not of type 'Node'.

    [0m [90m 45 |[39m     mockGLContext[33m.[39mgetParameter[33m.[39mmockReturnValue([32m'NVIDIA GeForce GTX 1080'[39m)
     [90m 46 |[39m
    [31m[1m>[22m[39m[90m 47 |[39m     [36mconst[39m { result } [33m=[39m renderHook(() [33m=>[39m use3DSupport())
     [90m    |[39m                                  [31m[1m^[22m[39m
     [90m 48 |[39m
     [90m 49 |[39m     expect(result[33m.[39mcurrent[33m.[39misSupported)[33m.[39mtoBe([36mtrue[39m)
     [90m 50 |[39m     expect(result[33m.[39mcurrent[33m.[39mwebGLVersion)[33m.[39mtoBe([35m2[39m)[0m

      at Object.exports.convert (node_modules/jsdom/lib/jsdom/living/generated/Node.js:25:9)
      at HTMLBodyElement.appendChild (node_modules/jsdom/lib/jsdom/living/generated/Node.js:404:26)
      at render (node_modules/@testing-library/react/dist/pure.js:260:29)
      at renderHook (node_modules/@testing-library/react/dist/pure.js:340:7)
      at Object.<anonymous> (hooks/__tests__/use3DSupport.test.ts:47:34)

  ● use3DSupport › should detect WebGL 1.0 support when WebGL 2.0 is unavailable

    TypeError: Failed to execute 'appendChild' on 'Node': parameter 1 is not of type 'Node'.

    [0m [90m 69 |[39m     mockGLContext[33m.[39mgetParameter[33m.[39mmockReturnValue([32m'Intel HD Graphics'[39m)
     [90m 70 |[39m
    [31m[1m>[22m[39m[90m 71 |[39m     [36mconst[39m { result } [33m=[39m renderHook(() [33m=>[39m use3DSupport())
     [90m    |[39m                                  [31m[1m^[22m[39m
     [90m 72 |[39m
     [90m 73 |[39m     expect(result[33m.[39mcurrent[33m.[39misSupported)[33m.[39mtoBe([36mtrue[39m)
     [90m 74 |[39m     expect(result[33m.[39mcurrent[33m.[39mwebGLVersion)[33m.[39mtoBe([35m1[39m)[0m

      at Object.exports.convert (node_modules/jsdom/lib/jsdom/living/generated/Node.js:25:9)
      at HTMLBodyElement.appendChild (node_modules/jsdom/lib/jsdom/living/generated/Node.js:404:26)
      at render (node_modules/@testing-library/react/dist/pure.js:260:29)
      at renderHook (node_modules/@testing-library/react/dist/pure.js:340:7)
      at Object.<anonymous> (hooks/__tests__/use3DSupport.test.ts:71:34)

  ● use3DSupport › should detect mobile devices

    TypeError: Failed to execute 'appendChild' on 'Node': parameter 1 is not of type 'Node'.

    [0m [90m 87 |[39m     mockGLContext[33m.[39mgetParameter[33m.[39mmockReturnValue([32m'Apple A14 GPU'[39m)
     [90m 88 |[39m
    [31m[1m>[22m[39m[90m 89 |[39m     [36mconst[39m { result } [33m=[39m renderHook(() [33m=>[39m use3DSupport())
     [90m    |[39m                                  [31m[1m^[22m[39m
     [90m 90 |[39m
     [90m 91 |[39m     expect(result[33m.[39mcurrent[33m.[39misMobile)[33m.[39mtoBe([36mtrue[39m)
     [90m 92 |[39m     expect(result[33m.[39mcurrent[33m.[39mperformanceLevel)[33m.[39mtoBe([32m'medium'[39m)[0m

      at Object.exports.convert (node_modules/jsdom/lib/jsdom/living/generated/Node.js:25:9)
      at HTMLBodyElement.appendChild (node_modules/jsdom/lib/jsdom/living/generated/Node.js:404:26)
      at render (node_modules/@testing-library/react/dist/pure.js:260:29)
      at renderHook (node_modules/@testing-library/react/dist/pure.js:340:7)
      at Object.<anonymous> (hooks/__tests__/use3DSupport.test.ts:89:34)

  ● use3DSupport › should not support 3D on low-end mobile devices

    TypeError: Failed to execute 'appendChild' on 'Node': parameter 1 is not of type 'Node'.

    [0m [90m 104 |[39m     mockGLContext[33m.[39mgetParameter[33m.[39mmockReturnValue([32m'Mali-G72'[39m)
     [90m 105 |[39m
    [31m[1m>[22m[39m[90m 106 |[39m     [36mconst[39m { result } [33m=[39m renderHook(() [33m=>[39m use3DSupport())
     [90m     |[39m                                  [31m[1m^[22m[39m
     [90m 107 |[39m
     [90m 108 |[39m     expect(result[33m.[39mcurrent[33m.[39misMobile)[33m.[39mtoBe([36mtrue[39m)
     [90m 109 |[39m     expect(result[33m.[39mcurrent[33m.[39mperformanceLevel)[33m.[39mtoBe([32m'low'[39m)[0m

      at Object.exports.convert (node_modules/jsdom/lib/jsdom/living/generated/Node.js:25:9)
      at HTMLBodyElement.appendChild (node_modules/jsdom/lib/jsdom/living/generated/Node.js:404:26)
      at render (node_modules/@testing-library/react/dist/pure.js:260:29)
      at renderHook (node_modules/@testing-library/react/dist/pure.js:340:7)
      at Object.<anonymous> (hooks/__tests__/use3DSupport.test.ts:106:34)

  ● use3DSupport › should handle WebGL not available

    TypeError: Failed to execute 'appendChild' on 'Node': parameter 1 is not of type 'Node'.

    [0m [90m 115 |[39m     mockCanvas[33m.[39mgetContext [33m=[39m jest[33m.[39mfn(() [33m=>[39m [36mnull[39m)
     [90m 116 |[39m
    [31m[1m>[22m[39m[90m 117 |[39m     [36mconst[39m { result } [33m=[39m renderHook(() [33m=>[39m use3DSupport())
     [90m     |[39m                                  [31m[1m^[22m[39m
     [90m 118 |[39m
     [90m 119 |[39m     expect(result[33m.[39mcurrent[33m.[39misSupported)[33m.[39mtoBe([36mfalse[39m)
     [90m 120 |[39m     expect(result[33m.[39mcurrent[33m.[39mwebGLVersion)[33m.[39mtoBeNull()[0m

      at Object.exports.convert (node_modules/jsdom/lib/jsdom/living/generated/Node.js:25:9)
      at HTMLBodyElement.appendChild (node_modules/jsdom/lib/jsdom/living/generated/Node.js:404:26)
      at render (node_modules/@testing-library/react/dist/pure.js:260:29)
      at renderHook (node_modules/@testing-library/react/dist/pure.js:340:7)
      at Object.<anonymous> (hooks/__tests__/use3DSupport.test.ts:117:34)

  ● use3DSupport › should handle WebGL context creation errors

    TypeError: Failed to execute 'appendChild' on 'Node': parameter 1 is not of type 'Node'.

    [0m [90m 127 |[39m     })
     [90m 128 |[39m
    [31m[1m>[22m[39m[90m 129 |[39m     [36mconst[39m { result } [33m=[39m renderHook(() [33m=>[39m use3DSupport())
     [90m     |[39m                                  [31m[1m^[22m[39m
     [90m 130 |[39m
     [90m 131 |[39m     expect(result[33m.[39mcurrent[33m.[39misSupported)[33m.[39mtoBe([36mfalse[39m)
     [90m 132 |[39m     expect(result[33m.[39mcurrent[33m.[39mreason)[33m.[39mtoBe([32m'WebGL not available'[39m)[0m

      at Object.exports.convert (node_modules/jsdom/lib/jsdom/living/generated/Node.js:25:9)
      at HTMLBodyElement.appendChild (node_modules/jsdom/lib/jsdom/living/generated/Node.js:404:26)
      at render (node_modules/@testing-library/react/dist/pure.js:260:29)
      at renderHook (node_modules/@testing-library/react/dist/pure.js:340:7)
      at Object.<anonymous> (hooks/__tests__/use3DSupport.test.ts:129:34)

  ● use3DSupport › should adjust performance level based on device memory

    TypeError: Failed to execute 'appendChild' on 'Node': parameter 1 is not of type 'Node'.

    [0m [90m 145 |[39m     mockGLContext[33m.[39mgetParameter[33m.[39mmockReturnValue([32m'NVIDIA GeForce GTX 1080'[39m)
     [90m 146 |[39m
    [31m[1m>[22m[39m[90m 147 |[39m     [36mconst[39m { result } [33m=[39m renderHook(() [33m=>[39m use3DSupport())
     [90m     |[39m                                  [31m[1m^[22m[39m
     [90m 148 |[39m
     [90m 149 |[39m     [90m// Should be low because of low RAM even with good GPU[39m
     [90m 150 |[39m     expect(result[33m.[39mcurrent[33m.[39mperformanceLevel)[33m.[39mtoBe([32m'low'[39m)[0m

      at Object.exports.convert (node_modules/jsdom/lib/jsdom/living/generated/Node.js:25:9)
      at HTMLBodyElement.appendChild (node_modules/jsdom/lib/jsdom/living/generated/Node.js:404:26)
      at render (node_modules/@testing-library/react/dist/pure.js:260:29)
      at renderHook (node_modules/@testing-library/react/dist/pure.js:340:7)
      at Object.<anonymous> (hooks/__tests__/use3DSupport.test.ts:147:34)

  ● useHas3DSupport › should return boolean support status

    TypeError: Failed to execute 'appendChild' on 'Node': parameter 1 is not of type 'Node'.

    [0m [90m 172 |[39m
     [90m 173 |[39m   it([32m'should return boolean support status'[39m[33m,[39m () [33m=>[39m {
    [31m[1m>[22m[39m[90m 174 |[39m     [36mconst[39m { result } [33m=[39m renderHook(() [33m=>[39m useHas3DSupport())
     [90m     |[39m                                  [31m[1m^[22m[39m
     [90m 175 |[39m
     [90m 176 |[39m     expect([36mtypeof[39m result[33m.[39mcurrent)[33m.[39mtoBe([32m'boolean'[39m)
     [90m 177 |[39m     expect(result[33m.[39mcurrent)[33m.[39mtoBe([36mtrue[39m)[0m

      at Object.exports.convert (node_modules/jsdom/lib/jsdom/living/generated/Node.js:25:9)
      at HTMLBodyElement.appendChild (node_modules/jsdom/lib/jsdom/living/generated/Node.js:404:26)
      at render (node_modules/@testing-library/react/dist/pure.js:260:29)
      at renderHook (node_modules/@testing-library/react/dist/pure.js:340:7)
      at Object.<anonymous> (hooks/__tests__/use3DSupport.test.ts:174:34)

  ● use3DQualitySettings › should return high quality settings for high performance

    TypeError: Failed to execute 'appendChild' on 'Node': parameter 1 is not of type 'Node'.

    [0m [90m 215 |[39m     document[33m.[39mcreateElement [33m=[39m jest[33m.[39mfn(() [33m=>[39m mockCanvas [36mas[39m any)
     [90m 216 |[39m
    [31m[1m>[22m[39m[90m 217 |[39m     [36mconst[39m { result } [33m=[39m renderHook(() [33m=>[39m use3DQualitySettings())
     [90m     |[39m                                  [31m[1m^[22m[39m
     [90m 218 |[39m
     [90m 219 |[39m     expect(result[33m.[39mcurrent[33m.[39mantialias)[33m.[39mtoBe([36mtrue[39m)
     [90m 220 |[39m     expect(result[33m.[39mcurrent[33m.[39mshadows)[33m.[39mtoBe([36mtrue[39m)[0m

      at Object.exports.convert (node_modules/jsdom/lib/jsdom/living/generated/Node.js:25:9)
      at HTMLBodyElement.appendChild (node_modules/jsdom/lib/jsdom/living/generated/Node.js:404:26)
      at render (node_modules/@testing-library/react/dist/pure.js:260:29)
      at renderHook (node_modules/@testing-library/react/dist/pure.js:340:7)
      at Object.<anonymous> (hooks/__tests__/use3DSupport.test.ts:217:34)

  ● use3DQualitySettings › should return medium quality settings for medium performance

    TypeError: Failed to execute 'appendChild' on 'Node': parameter 1 is not of type 'Node'.

    [0m [90m 238 |[39m     document[33m.[39mcreateElement [33m=[39m jest[33m.[39mfn(() [33m=>[39m mockCanvas [36mas[39m any)
     [90m 239 |[39m
    [31m[1m>[22m[39m[90m 240 |[39m     [36mconst[39m { result } [33m=[39m renderHook(() [33m=>[39m use3DQualitySettings())
     [90m     |[39m                                  [31m[1m^[22m[39m
     [90m 241 |[39m
     [90m 242 |[39m     expect(result[33m.[39mcurrent[33m.[39mantialias)[33m.[39mtoBe([36mtrue[39m)
     [90m 243 |[39m     expect(result[33m.[39mcurrent[33m.[39mshadows)[33m.[39mtoBe([36mfalse[39m)[0m

      at Object.exports.convert (node_modules/jsdom/lib/jsdom/living/generated/Node.js:25:9)
      at HTMLBodyElement.appendChild (node_modules/jsdom/lib/jsdom/living/generated/Node.js:404:26)
      at render (node_modules/@testing-library/react/dist/pure.js:260:29)
      at renderHook (node_modules/@testing-library/react/dist/pure.js:340:7)
      at Object.<anonymous> (hooks/__tests__/use3DSupport.test.ts:240:34)

  ● use3DQualitySettings › should return low quality settings for low performance

    TypeError: Failed to execute 'appendChild' on 'Node': parameter 1 is not of type 'Node'.

    [0m [90m 266 |[39m     })
     [90m 267 |[39m
    [31m[1m>[22m[39m[90m 268 |[39m     [36mconst[39m { result } [33m=[39m renderHook(() [33m=>[39m use3DQualitySettings())
     [90m     |[39m                                  [31m[1m^[22m[39m
     [90m 269 |[39m
     [90m 270 |[39m     expect(result[33m.[39mcurrent[33m.[39mantialias)[33m.[39mtoBe([36mfalse[39m)
     [90m 271 |[39m     expect(result[33m.[39mcurrent[33m.[39mshadows)[33m.[39mtoBe([36mfalse[39m)[0m

      at Object.exports.convert (node_modules/jsdom/lib/jsdom/living/generated/Node.js:25:9)
      at HTMLBodyElement.appendChild (node_modules/jsdom/lib/jsdom/living/generated/Node.js:404:26)
      at render (node_modules/@testing-library/react/dist/pure.js:260:29)
      at renderHook (node_modules/@testing-library/react/dist/pure.js:340:7)
      at Object.<anonymous> (hooks/__tests__/use3DSupport.test.ts:268:34)

FAIL components/__tests__/LoadingSpinner.test.tsx
  ● LoadingSpinner › should use correct stroke width

    expect(element).toHaveAttribute("strokeWidth", "4") // element.getAttribute("strokeWidth") === "4"

    Expected the element to have attribute:
      strokeWidth="4"
    Received:
      null

    [0m [90m 182 |[39m
     [90m 183 |[39m     [36mconst[39m circle [33m=[39m container[33m.[39mquerySelector([32m'circle'[39m)[33m;[39m
    [31m[1m>[22m[39m[90m 184 |[39m     expect(circle)[33m.[39mtoHaveAttribute([32m'strokeWidth'[39m[33m,[39m [32m'4'[39m)[33m;[39m
     [90m     |[39m                    [31m[1m^[22m[39m
     [90m 185 |[39m   })[33m;[39m
     [90m 186 |[39m
     [90m 187 |[39m   it([32m'should render consistently across different sizes'[39m[33m,[39m () [33m=>[39m {[0m

      at Object.toHaveAttribute (components/__tests__/LoadingSpinner.test.tsx:184:20)

PASS components/cv/__tests__/CVThemeSelector.test.tsx
  ● Console

    console.error
      TypeError: Failed to parse URL from undefined/api/cv/themes
          at new Request (C:\Users\alexi\Documents\projects\maicivy\frontend\node_modules\undici\lib\web\fetch\request.js:136:15)
          at FetchInterceptor.<anonymous> (C:\Users\alexi\Documents\projects\maicivy\frontend\node_modules\@mswjs\interceptors\src\interceptors\fetch\index.ts:42:23)
          ... 36 lines matching cause stack trace ...
          at Object.worker (C:\Users\alexi\Documents\projects\maicivy\frontend\node_modules\jest-runner\build\testWorker.js:497:12) {
        [cause]: TypeError: Invalid URL: undefined/api/cv/themes
            at new URLImpl (C:\Users\alexi\Documents\projects\maicivy\frontend\node_modules\whatwg-url\lib\URL-impl.js:20:13)
            at Object.exports.setup (C:\Users\alexi\Documents\projects\maicivy\frontend\node_modules\whatwg-url\lib\URL.js:54:12)
            at new URL (C:\Users\alexi\Documents\projects\maicivy\frontend\node_modules\whatwg-url\lib\URL.js:115:22)
            at new Request (C:\Users\alexi\Documents\projects\maicivy\frontend\node_modules\undici\lib\web\fetch\request.js:134:21)
            at FetchInterceptor.<anonymous> (C:\Users\alexi\Documents\projects\maicivy\frontend\node_modules\@mswjs\interceptors\src\interceptors\fetch\index.ts:42:23)
            at step (C:\Users\alexi\Documents\projects\maicivy\frontend\node_modules\@mswjs\interceptors\lib\interceptors\fetch\index.js:59:23)
            at Object.next (C:\Users\alexi\Documents\projects\maicivy\frontend\node_modules\@mswjs\interceptors\lib\interceptors\fetch\index.js:40:53)
            at C:\Users\alexi\Documents\projects\maicivy\frontend\node_modules\@mswjs\interceptors\lib\interceptors\fetch\index.js:34:71
            at new Promise (<anonymous>)
            at __awaiter (C:\Users\alexi\Documents\projects\maicivy\frontend\node_modules\@mswjs\interceptors\lib\interceptors\fetch\index.js:30:12)
            at globalThis.fetch (C:\Users\alexi\Documents\projects\maicivy\frontend\node_modules\@mswjs\interceptors\src\interceptors\fetch\index.ts:41:42)
            at fetch (C:\Users\alexi\Documents\projects\maicivy\frontend\components\cv\CVThemeSelector.tsx:17:21)
            at fetchThemes (C:\Users\alexi\Documents\projects\maicivy\frontend\components\cv\CVThemeSelector.tsx:33:5)
            at commitHookEffectListMount (C:\Users\alexi\Documents\projects\maicivy\frontend\node_modules\react-dom\cjs\react-dom.development.js:23189:26)
            at commitPassiveMountOnFiber (C:\Users\alexi\Documents\projects\maicivy\frontend\node_modules\react-dom\cjs\react-dom.development.js:24970:11)
            at commitPassiveMountEffects_complete (C:\Users\alexi\Documents\projects\maicivy\frontend\node_modules\react-dom\cjs\react-dom.development.js:24930:9)
            at commitPassiveMountEffects_begin (C:\Users\alexi\Documents\projects\maicivy\frontend\node_modules\react-dom\cjs\react-dom.development.js:24917:7)
            at commitPassiveMountEffects (C:\Users\alexi\Documents\projects\maicivy\frontend\node_modules\react-dom\cjs\react-dom.development.js:24905:3)
            at flushPassiveEffectsImpl (C:\Users\alexi\Documents\projects\maicivy\frontend\node_modules\react-dom\cjs\react-dom.development.js:27078:3)
            at flushPassiveEffects (C:\Users\alexi\Documents\projects\maicivy\frontend\node_modules\react-dom\cjs\react-dom.development.js:27023:14)
            at C:\Users\alexi\Documents\projects\maicivy\frontend\node_modules\react-dom\cjs\react-dom.development.js:26808:9
            at flushActQueue (C:\Users\alexi\Documents\projects\maicivy\frontend\node_modules\react\cjs\react.development.js:2667:24)
            at act (C:\Users\alexi\Documents\projects\maicivy\frontend\node_modules\react\cjs\react.development.js:2582:11)
            at C:\Users\alexi\Documents\projects\maicivy\frontend\node_modules\@testing-library\react\dist\act-compat.js:47:25
            at renderRoot (C:\Users\alexi\Documents\projects\maicivy\frontend\node_modules\@testing-library\react\dist\pure.js:190:26)
            at render (C:\Users\alexi\Documents\projects\maicivy\frontend\node_modules\@testing-library\react\dist\pure.js:292:10)
            at Object.<anonymous> (C:\Users\alexi\Documents\projects\maicivy\frontend\components\cv\__tests__\CVThemeSelector.test.tsx:52:11)
            at Promise.finally.completed (C:\Users\alexi\Documents\projects\maicivy\frontend\node_modules\jest-circus\build\jestAdapterInit.js:1557:28)
            at new Promise (<anonymous>)
            at callAsyncCircusFn (C:\Users\alexi\Documents\projects\maicivy\frontend\node_modules\jest-circus\build\jestAdapterInit.js:1497:10)
            at _callCircusTest (C:\Users\alexi\Documents\projects\maicivy\frontend\node_modules\jest-circus\build\jestAdapterInit.js:1007:40)
            at processTicksAndRejections (node:internal/process/task_queues:103:5)
            at _runTest (C:\Users\alexi\Documents\projects\maicivy\frontend\node_modules\jest-circus\build\jestAdapterInit.js:947:3)
            at C:\Users\alexi\Documents\projects\maicivy\frontend\node_modules\jest-circus\build\jestAdapterInit.js:849:7
            at _runTestsForDescribeBlock (C:\Users\alexi\Documents\projects\maicivy\frontend\node_modules\jest-circus\build\jestAdapterInit.js:862:11)
            at _runTestsForDescribeBlock (C:\Users\alexi\Documents\projects\maicivy\frontend\node_modules\jest-circus\build\jestAdapterInit.js:857:11)
            at run (C:\Users\alexi\Documents\projects\maicivy\frontend\node_modules\jest-circus\build\jestAdapterInit.js:761:3)
            at runAndTransformResultsToJestFormat (C:\Users\alexi\Documents\projects\maicivy\frontend\node_modules\jest-circus\build\jestAdapterInit.js:1918:21)
            at jestAdapter (C:\Users\alexi\Documents\projects\maicivy\frontend\node_modules\jest-circus\build\runner.js:101:19)
            at runTestInternal (C:\Users\alexi\Documents\projects\maicivy\frontend\node_modules\jest-runner\build\testWorker.js:275:16)
            at runTest (C:\Users\alexi\Documents\projects\maicivy\frontend\node_modules\jest-runner\build\testWorker.js:343:7)
            at Object.worker (C:\Users\alexi\Documents\projects\maicivy\frontend\node_modules\jest-runner\build\testWorker.js:497:12)
      }


    console.error
      Warning: An update to CVThemeSelector inside a test was not wrapped in act(...).
      
      When testing, code that causes React state updates should be wrapped into act(...):
      
      act(() => {
        /* fire events that update state */
      });
      /* assert on the output */
      
      This ensures that you're testing the behavior the user would see in the browser. Learn more at https://reactjs.org/link/wrap-tests-with-act
          at currentTheme (C:\Users\alexi\Documents\projects\maicivy\frontend\components\cv\CVThemeSelector.tsx:26:43)

    [0m [90m 34 |[39m       [33m.[39mthen(setThemes)
     [90m 35 |[39m       [33m.[39m[36mcatch[39m(console[33m.[39merror)
    [31m[1m>[22m[39m[90m 36 |[39m       [33m.[39m[36mfinally[39m(() [33m=>[39m setLoading([36mfalse[39m))[33m;[39m
     [90m    |[39m                      [31m[1m^[22m[39m
     [90m 37 |[39m   }[33m,[39m [])[33m;[39m
     [90m 38 |[39m
     [90m 39 |[39m   [36mconst[39m handleThemeChange [33m=[39m (newTheme[33m:[39m string) [33m=>[39m {[0m

      at printWarning (node_modules/react-dom/cjs/react-dom.development.js:86:30)
      at error (node_modules/react-dom/cjs/react-dom.development.js:60:7)
      at warnIfUpdatesNotWrappedWithActDEV (node_modules/react-dom/cjs/react-dom.development.js:27628:9)
      at scheduleUpdateOnFiber (node_modules/react-dom/cjs/react-dom.development.js:25547:5)
      at dispatchSetState (node_modules/react-dom/cjs/react-dom.development.js:16708:7)
      at setLoading (components/cv/CVThemeSelector.tsx:36:22)

    console.error
      TypeError: Failed to parse URL from undefined/api/cv/themes
          at new Request (C:\Users\alexi\Documents\projects\maicivy\frontend\node_modules\undici\lib\web\fetch\request.js:136:15)
          at FetchInterceptor.<anonymous> (C:\Users\alexi\Documents\projects\maicivy\frontend\node_modules\@mswjs\interceptors\src\interceptors\fetch\index.ts:42:23)
          ... 36 lines matching cause stack trace ...
          at Object.worker (C:\Users\alexi\Documents\projects\maicivy\frontend\node_modules\jest-runner\build\testWorker.js:497:12) {
        [cause]: TypeError: Invalid URL: undefined/api/cv/themes
            at new URLImpl (C:\Users\alexi\Documents\projects\maicivy\frontend\node_modules\whatwg-url\lib\URL-impl.js:20:13)
            at Object.exports.setup (C:\Users\alexi\Documents\projects\maicivy\frontend\node_modules\whatwg-url\lib\URL.js:54:12)
            at new URL (C:\Users\alexi\Documents\projects\maicivy\frontend\node_modules\whatwg-url\lib\URL.js:115:22)
            at new Request (C:\Users\alexi\Documents\projects\maicivy\frontend\node_modules\undici\lib\web\fetch\request.js:134:21)
            at FetchInterceptor.<anonymous> (C:\Users\alexi\Documents\projects\maicivy\frontend\node_modules\@mswjs\interceptors\src\interceptors\fetch\index.ts:42:23)
            at step (C:\Users\alexi\Documents\projects\maicivy\frontend\node_modules\@mswjs\interceptors\lib\interceptors\fetch\index.js:59:23)
            at Object.next (C:\Users\alexi\Documents\projects\maicivy\frontend\node_modules\@mswjs\interceptors\lib\interceptors\fetch\index.js:40:53)
            at C:\Users\alexi\Documents\projects\maicivy\frontend\node_modules\@mswjs\interceptors\lib\interceptors\fetch\index.js:34:71
            at new Promise (<anonymous>)
            at __awaiter (C:\Users\alexi\Documents\projects\maicivy\frontend\node_modules\@mswjs\interceptors\lib\interceptors\fetch\index.js:30:12)
            at globalThis.fetch (C:\Users\alexi\Documents\projects\maicivy\frontend\node_modules\@mswjs\interceptors\src\interceptors\fetch\index.ts:41:42)
            at fetch (C:\Users\alexi\Documents\projects\maicivy\frontend\components\cv\CVThemeSelector.tsx:17:21)
            at fetchThemes (C:\Users\alexi\Documents\projects\maicivy\frontend\components\cv\CVThemeSelector.tsx:33:5)
            at commitHookEffectListMount (C:\Users\alexi\Documents\projects\maicivy\frontend\node_modules\react-dom\cjs\react-dom.development.js:23189:26)
            at commitPassiveMountOnFiber (C:\Users\alexi\Documents\projects\maicivy\frontend\node_modules\react-dom\cjs\react-dom.development.js:24970:11)
            at commitPassiveMountEffects_complete (C:\Users\alexi\Documents\projects\maicivy\frontend\node_modules\react-dom\cjs\react-dom.development.js:24930:9)
            at commitPassiveMountEffects_begin (C:\Users\alexi\Documents\projects\maicivy\frontend\node_modules\react-dom\cjs\react-dom.development.js:24917:7)
            at commitPassiveMountEffects (C:\Users\alexi\Documents\projects\maicivy\frontend\node_modules\react-dom\cjs\react-dom.development.js:24905:3)
            at flushPassiveEffectsImpl (C:\Users\alexi\Documents\projects\maicivy\frontend\node_modules\react-dom\cjs\react-dom.development.js:27078:3)
            at flushPassiveEffects (C:\Users\alexi\Documents\projects\maicivy\frontend\node_modules\react-dom\cjs\react-dom.development.js:27023:14)
            at C:\Users\alexi\Documents\projects\maicivy\frontend\node_modules\react-dom\cjs\react-dom.development.js:26808:9
            at flushActQueue (C:\Users\alexi\Documents\projects\maicivy\frontend\node_modules\react\cjs\react.development.js:2667:24)
            at act (C:\Users\alexi\Documents\projects\maicivy\frontend\node_modules\react\cjs\react.development.js:2582:11)
            at C:\Users\alexi\Documents\projects\maicivy\frontend\node_modules\@testing-library\react\dist\act-compat.js:47:25
            at renderRoot (C:\Users\alexi\Documents\projects\maicivy\frontend\node_modules\@testing-library\react\dist\pure.js:190:26)
            at render (C:\Users\alexi\Documents\projects\maicivy\frontend\node_modules\@testing-library\react\dist\pure.js:292:10)
            at Object.<anonymous> (C:\Users\alexi\Documents\projects\maicivy\frontend\components\cv\__tests__\CVThemeSelector.test.tsx:65:11)
            at Promise.finally.completed (C:\Users\alexi\Documents\projects\maicivy\frontend\node_modules\jest-circus\build\jestAdapterInit.js:1557:28)
            at new Promise (<anonymous>)
            at callAsyncCircusFn (C:\Users\alexi\Documents\projects\maicivy\frontend\node_modules\jest-circus\build\jestAdapterInit.js:1497:10)
            at _callCircusTest (C:\Users\alexi\Documents\projects\maicivy\frontend\node_modules\jest-circus\build\jestAdapterInit.js:1007:40)
            at processTicksAndRejections (node:internal/process/task_queues:103:5)
            at _runTest (C:\Users\alexi\Documents\projects\maicivy\frontend\node_modules\jest-circus\build\jestAdapterInit.js:947:3)
            at C:\Users\alexi\Documents\projects\maicivy\frontend\node_modules\jest-circus\build\jestAdapterInit.js:849:7
            at _runTestsForDescribeBlock (C:\Users\alexi\Documents\projects\maicivy\frontend\node_modules\jest-circus\build\jestAdapterInit.js:862:11)
            at _runTestsForDescribeBlock (C:\Users\alexi\Documents\projects\maicivy\frontend\node_modules\jest-circus\build\jestAdapterInit.js:857:11)
            at run (C:\Users\alexi\Documents\projects\maicivy\frontend\node_modules\jest-circus\build\jestAdapterInit.js:761:3)
            at runAndTransformResultsToJestFormat (C:\Users\alexi\Documents\projects\maicivy\frontend\node_modules\jest-circus\build\jestAdapterInit.js:1918:21)
            at jestAdapter (C:\Users\alexi\Documents\projects\maicivy\frontend\node_modules\jest-circus\build\runner.js:101:19)
            at runTestInternal (C:\Users\alexi\Documents\projects\maicivy\frontend\node_modules\jest-runner\build\testWorker.js:275:16)
            at runTest (C:\Users\alexi\Documents\projects\maicivy\frontend\node_modules\jest-runner\build\testWorker.js:343:7)
            at Object.worker (C:\Users\alexi\Documents\projects\maicivy\frontend\node_modules\jest-runner\build\testWorker.js:497:12)
      }


    console.error
      TypeError: Failed to parse URL from undefined/api/cv/themes
          at new Request (C:\Users\alexi\Documents\projects\maicivy\frontend\node_modules\undici\lib\web\fetch\request.js:136:15)
          at FetchInterceptor.<anonymous> (C:\Users\alexi\Documents\projects\maicivy\frontend\node_modules\@mswjs\interceptors\src\interceptors\fetch\index.ts:42:23)
          ... 35 lines matching cause stack trace ...
          at Object.worker (C:\Users\alexi\Documents\projects\maicivy\frontend\node_modules\jest-runner\build\testWorker.js:497:12) {
        [cause]: TypeError: Invalid URL: undefined/api/cv/themes
            at new URLImpl (C:\Users\alexi\Documents\projects\maicivy\frontend\node_modules\whatwg-url\lib\URL-impl.js:20:13)
            at Object.exports.setup (C:\Users\alexi\Documents\projects\maicivy\frontend\node_modules\whatwg-url\lib\URL.js:54:12)
            at new URL (C:\Users\alexi\Documents\projects\maicivy\frontend\node_modules\whatwg-url\lib\URL.js:115:22)
            at new Request (C:\Users\alexi\Documents\projects\maicivy\frontend\node_modules\undici\lib\web\fetch\request.js:134:21)
            at FetchInterceptor.<anonymous> (C:\Users\alexi\Documents\projects\maicivy\frontend\node_modules\@mswjs\interceptors\src\interceptors\fetch\index.ts:42:23)
            at step (C:\Users\alexi\Documents\projects\maicivy\frontend\node_modules\@mswjs\interceptors\lib\interceptors\fetch\index.js:59:23)
            at Object.next (C:\Users\alexi\Documents\projects\maicivy\frontend\node_modules\@mswjs\interceptors\lib\interceptors\fetch\index.js:40:53)
            at C:\Users\alexi\Documents\projects\maicivy\frontend\node_modules\@mswjs\interceptors\lib\interceptors\fetch\index.js:34:71
            at new Promise (<anonymous>)
            at __awaiter (C:\Users\alexi\Documents\projects\maicivy\frontend\node_modules\@mswjs\interceptors\lib\interceptors\fetch\index.js:30:12)
            at globalThis.fetch (C:\Users\alexi\Documents\projects\maicivy\frontend\node_modules\@mswjs\interceptors\src\interceptors\fetch\index.ts:41:42)
            at fetch (C:\Users\alexi\Documents\projects\maicivy\frontend\components\cv\CVThemeSelector.tsx:17:21)
            at fetchThemes (C:\Users\alexi\Documents\projects\maicivy\frontend\components\cv\CVThemeSelector.tsx:33:5)
            at commitHookEffectListMount (C:\Users\alexi\Documents\projects\maicivy\frontend\node_modules\react-dom\cjs\react-dom.development.js:23189:26)
            at commitPassiveMountOnFiber (C:\Users\alexi\Documents\projects\maicivy\frontend\node_modules\react-dom\cjs\react-dom.development.js:24970:11)
            at commitPassiveMountEffects_complete (C:\Users\alexi\Documents\projects\maicivy\frontend\node_modules\react-dom\cjs\react-dom.development.js:24930:9)
            at commitPassiveMountEffects_begin (C:\Users\alexi\Documents\projects\maicivy\frontend\node_modules\react-dom\cjs\react-dom.development.js:24917:7)
            at commitPassiveMountEffects (C:\Users\alexi\Documents\projects\maicivy\frontend\node_modules\react-dom\cjs\react-dom.development.js:24905:3)
            at flushPassiveEffectsImpl (C:\Users\alexi\Documents\projects\maicivy\frontend\node_modules\react-dom\cjs\react-dom.development.js:27078:3)
            at flushPassiveEffects (C:\Users\alexi\Documents\projects\maicivy\frontend\node_modules\react-dom\cjs\react-dom.development.js:27023:14)
            at C:\Users\alexi\Documents\projects\maicivy\frontend\node_modules\react-dom\cjs\react-dom.development.js:26808:9
            at flushActQueue (C:\Users\alexi\Documents\projects\maicivy\frontend\node_modules\react\cjs\react.development.js:2667:24)
            at act (C:\Users\alexi\Documents\projects\maicivy\frontend\node_modules\react\cjs\react.development.js:2582:11)
            at C:\Users\alexi\Documents\projects\maicivy\frontend\node_modules\@testing-library\react\dist\act-compat.js:47:25
            at renderRoot (C:\Users\alexi\Documents\projects\maicivy\frontend\node_modules\@testing-library\react\dist\pure.js:190:26)
            at render (C:\Users\alexi\Documents\projects\maicivy\frontend\node_modules\@testing-library\react\dist\pure.js:292:10)
            at Object.<anonymous> (C:\Users\alexi\Documents\projects\maicivy\frontend\components\cv\__tests__\CVThemeSelector.test.tsx:83:11)
            at Promise.finally.completed (C:\Users\alexi\Documents\projects\maicivy\frontend\node_modules\jest-circus\build\jestAdapterInit.js:1557:28)
            at new Promise (<anonymous>)
            at callAsyncCircusFn (C:\Users\alexi\Documents\projects\maicivy\frontend\node_modules\jest-circus\build\jestAdapterInit.js:1497:10)
            at _callCircusTest (C:\Users\alexi\Documents\projects\maicivy\frontend\node_modules\jest-circus\build\jestAdapterInit.js:1007:40)
            at _runTest (C:\Users\alexi\Documents\projects\maicivy\frontend\node_modules\jest-circus\build\jestAdapterInit.js:947:3)
            at C:\Users\alexi\Documents\projects\maicivy\frontend\node_modules\jest-circus\build\jestAdapterInit.js:849:7
            at _runTestsForDescribeBlock (C:\Users\alexi\Documents\projects\maicivy\frontend\node_modules\jest-circus\build\jestAdapterInit.js:862:11)
            at _runTestsForDescribeBlock (C:\Users\alexi\Documents\projects\maicivy\frontend\node_modules\jest-circus\build\jestAdapterInit.js:857:11)
            at run (C:\Users\alexi\Documents\projects\maicivy\frontend\node_modules\jest-circus\build\jestAdapterInit.js:761:3)
            at runAndTransformResultsToJestFormat (C:\Users\alexi\Documents\projects\maicivy\frontend\node_modules\jest-circus\build\jestAdapterInit.js:1918:21)
            at jestAdapter (C:\Users\alexi\Documents\projects\maicivy\frontend\node_modules\jest-circus\build\runner.js:101:19)
            at runTestInternal (C:\Users\alexi\Documents\projects\maicivy\frontend\node_modules\jest-runner\build\testWorker.js:275:16)
            at runTest (C:\Users\alexi\Documents\projects\maicivy\frontend\node_modules\jest-runner\build\testWorker.js:343:7)
            at Object.worker (C:\Users\alexi\Documents\projects\maicivy\frontend\node_modules\jest-runner\build\testWorker.js:497:12)
      }


    console.error
      TypeError: Failed to parse URL from undefined/api/cv/themes
          at new Request (C:\Users\alexi\Documents\projects\maicivy\frontend\node_modules\undici\lib\web\fetch\request.js:136:15)
          at FetchInterceptor.<anonymous> (C:\Users\alexi\Documents\projects\maicivy\frontend\node_modules\@mswjs\interceptors\src\interceptors\fetch\index.ts:42:23)
          ... 35 lines matching cause stack trace ...
          at Object.worker (C:\Users\alexi\Documents\projects\maicivy\frontend\node_modules\jest-runner\build\testWorker.js:497:12) {
        [cause]: TypeError: Invalid URL: undefined/api/cv/themes
            at new URLImpl (C:\Users\alexi\Documents\projects\maicivy\frontend\node_modules\whatwg-url\lib\URL-impl.js:20:13)
            at Object.exports.setup (C:\Users\alexi\Documents\projects\maicivy\frontend\node_modules\whatwg-url\lib\URL.js:54:12)
            at new URL (C:\Users\alexi\Documents\projects\maicivy\frontend\node_modules\whatwg-url\lib\URL.js:115:22)
            at new Request (C:\Users\alexi\Documents\projects\maicivy\frontend\node_modules\undici\lib\web\fetch\request.js:134:21)
            at FetchInterceptor.<anonymous> (C:\Users\alexi\Documents\projects\maicivy\frontend\node_modules\@mswjs\interceptors\src\interceptors\fetch\index.ts:42:23)
            at step (C:\Users\alexi\Documents\projects\maicivy\frontend\node_modules\@mswjs\interceptors\lib\interceptors\fetch\index.js:59:23)
            at Object.next (C:\Users\alexi\Documents\projects\maicivy\frontend\node_modules\@mswjs\interceptors\lib\interceptors\fetch\index.js:40:53)
            at C:\Users\alexi\Documents\projects\maicivy\frontend\node_modules\@mswjs\interceptors\lib\interceptors\fetch\index.js:34:71
            at new Promise (<anonymous>)
            at __awaiter (C:\Users\alexi\Documents\projects\maicivy\frontend\node_modules\@mswjs\interceptors\lib\interceptors\fetch\index.js:30:12)
            at globalThis.fetch (C:\Users\alexi\Documents\projects\maicivy\frontend\node_modules\@mswjs\interceptors\src\interceptors\fetch\index.ts:41:42)
            at fetch (C:\Users\alexi\Documents\projects\maicivy\frontend\components\cv\CVThemeSelector.tsx:17:21)
            at fetchThemes (C:\Users\alexi\Documents\projects\maicivy\frontend\components\cv\CVThemeSelector.tsx:33:5)
            at commitHookEffectListMount (C:\Users\alexi\Documents\projects\maicivy\frontend\node_modules\react-dom\cjs\react-dom.development.js:23189:26)
            at commitPassiveMountOnFiber (C:\Users\alexi\Documents\projects\maicivy\frontend\node_modules\react-dom\cjs\react-dom.development.js:24970:11)
            at commitPassiveMountEffects_complete (C:\Users\alexi\Documents\projects\maicivy\frontend\node_modules\react-dom\cjs\react-dom.development.js:24930:9)
            at commitPassiveMountEffects_begin (C:\Users\alexi\Documents\projects\maicivy\frontend\node_modules\react-dom\cjs\react-dom.development.js:24917:7)
            at commitPassiveMountEffects (C:\Users\alexi\Documents\projects\maicivy\frontend\node_modules\react-dom\cjs\react-dom.development.js:24905:3)
            at flushPassiveEffectsImpl (C:\Users\alexi\Documents\projects\maicivy\frontend\node_modules\react-dom\cjs\react-dom.development.js:27078:3)
            at flushPassiveEffects (C:\Users\alexi\Documents\projects\maicivy\frontend\node_modules\react-dom\cjs\react-dom.development.js:27023:14)
            at C:\Users\alexi\Documents\projects\maicivy\frontend\node_modules\react-dom\cjs\react-dom.development.js:26808:9
            at flushActQueue (C:\Users\alexi\Documents\projects\maicivy\frontend\node_modules\react\cjs\react.development.js:2667:24)
            at act (C:\Users\alexi\Documents\projects\maicivy\frontend\node_modules\react\cjs\react.development.js:2582:11)
            at C:\Users\alexi\Documents\projects\maicivy\frontend\node_modules\@testing-library\react\dist\act-compat.js:47:25
            at renderRoot (C:\Users\alexi\Documents\projects\maicivy\frontend\node_modules\@testing-library\react\dist\pure.js:190:26)
            at render (C:\Users\alexi\Documents\projects\maicivy\frontend\node_modules\@testing-library\react\dist\pure.js:292:10)
            at Object.<anonymous> (C:\Users\alexi\Documents\projects\maicivy\frontend\components\cv\__tests__\CVThemeSelector.test.tsx:132:11)
            at Promise.finally.completed (C:\Users\alexi\Documents\projects\maicivy\frontend\node_modules\jest-circus\build\jestAdapterInit.js:1557:28)
            at new Promise (<anonymous>)
            at callAsyncCircusFn (C:\Users\alexi\Documents\projects\maicivy\frontend\node_modules\jest-circus\build\jestAdapterInit.js:1497:10)
            at _callCircusTest (C:\Users\alexi\Documents\projects\maicivy\frontend\node_modules\jest-circus\build\jestAdapterInit.js:1007:40)
            at _runTest (C:\Users\alexi\Documents\projects\maicivy\frontend\node_modules\jest-circus\build\jestAdapterInit.js:947:3)
            at C:\Users\alexi\Documents\projects\maicivy\frontend\node_modules\jest-circus\build\jestAdapterInit.js:849:7
            at _runTestsForDescribeBlock (C:\Users\alexi\Documents\projects\maicivy\frontend\node_modules\jest-circus\build\jestAdapterInit.js:862:11)
            at _runTestsForDescribeBlock (C:\Users\alexi\Documents\projects\maicivy\frontend\node_modules\jest-circus\build\jestAdapterInit.js:857:11)
            at run (C:\Users\alexi\Documents\projects\maicivy\frontend\node_modules\jest-circus\build\jestAdapterInit.js:761:3)
            at runAndTransformResultsToJestFormat (C:\Users\alexi\Documents\projects\maicivy\frontend\node_modules\jest-circus\build\jestAdapterInit.js:1918:21)
            at jestAdapter (C:\Users\alexi\Documents\projects\maicivy\frontend\node_modules\jest-circus\build\runner.js:101:19)
            at runTestInternal (C:\Users\alexi\Documents\projects\maicivy\frontend\node_modules\jest-runner\build\testWorker.js:275:16)
            at runTest (C:\Users\alexi\Documents\projects\maicivy\frontend\node_modules\jest-runner\build\testWorker.js:343:7)
            at Object.worker (C:\Users\alexi\Documents\projects\maicivy\frontend\node_modules\jest-runner\build\testWorker.js:497:12)
      }


    console.error
      TypeError: Failed to parse URL from undefined/api/cv/themes
          at new Request (C:\Users\alexi\Documents\projects\maicivy\frontend\node_modules\undici\lib\web\fetch\request.js:136:15)
          at FetchInterceptor.<anonymous> (C:\Users\alexi\Documents\projects\maicivy\frontend\node_modules\@mswjs\interceptors\src\interceptors\fetch\index.ts:42:23)
          ... 35 lines matching cause stack trace ...
          at Object.worker (C:\Users\alexi\Documents\projects\maicivy\frontend\node_modules\jest-runner\build\testWorker.js:497:12) {
        [cause]: TypeError: Invalid URL: undefined/api/cv/themes
            at new URLImpl (C:\Users\alexi\Documents\projects\maicivy\frontend\node_modules\whatwg-url\lib\URL-impl.js:20:13)
            at Object.exports.setup (C:\Users\alexi\Documents\projects\maicivy\frontend\node_modules\whatwg-url\lib\URL.js:54:12)
            at new URL (C:\Users\alexi\Documents\projects\maicivy\frontend\node_modules\whatwg-url\lib\URL.js:115:22)
            at new Request (C:\Users\alexi\Documents\projects\maicivy\frontend\node_modules\undici\lib\web\fetch\request.js:134:21)
            at FetchInterceptor.<anonymous> (C:\Users\alexi\Documents\projects\maicivy\frontend\node_modules\@mswjs\interceptors\src\interceptors\fetch\index.ts:42:23)
            at step (C:\Users\alexi\Documents\projects\maicivy\frontend\node_modules\@mswjs\interceptors\lib\interceptors\fetch\index.js:59:23)
            at Object.next (C:\Users\alexi\Documents\projects\maicivy\frontend\node_modules\@mswjs\interceptors\lib\interceptors\fetch\index.js:40:53)
            at C:\Users\alexi\Documents\projects\maicivy\frontend\node_modules\@mswjs\interceptors\lib\interceptors\fetch\index.js:34:71
            at new Promise (<anonymous>)
            at __awaiter (C:\Users\alexi\Documents\projects\maicivy\frontend\node_modules\@mswjs\interceptors\lib\interceptors\fetch\index.js:30:12)
            at globalThis.fetch (C:\Users\alexi\Documents\projects\maicivy\frontend\node_modules\@mswjs\interceptors\src\interceptors\fetch\index.ts:41:42)
            at fetch (C:\Users\alexi\Documents\projects\maicivy\frontend\components\cv\CVThemeSelector.tsx:17:21)
            at fetchThemes (C:\Users\alexi\Documents\projects\maicivy\frontend\components\cv\CVThemeSelector.tsx:33:5)
            at commitHookEffectListMount (C:\Users\alexi\Documents\projects\maicivy\frontend\node_modules\react-dom\cjs\react-dom.development.js:23189:26)
            at commitPassiveMountOnFiber (C:\Users\alexi\Documents\projects\maicivy\frontend\node_modules\react-dom\cjs\react-dom.development.js:24970:11)
            at commitPassiveMountEffects_complete (C:\Users\alexi\Documents\projects\maicivy\frontend\node_modules\react-dom\cjs\react-dom.development.js:24930:9)
            at commitPassiveMountEffects_begin (C:\Users\alexi\Documents\projects\maicivy\frontend\node_modules\react-dom\cjs\react-dom.development.js:24917:7)
            at commitPassiveMountEffects (C:\Users\alexi\Documents\projects\maicivy\frontend\node_modules\react-dom\cjs\react-dom.development.js:24905:3)
            at flushPassiveEffectsImpl (C:\Users\alexi\Documents\projects\maicivy\frontend\node_modules\react-dom\cjs\react-dom.development.js:27078:3)
            at flushPassiveEffects (C:\Users\alexi\Documents\projects\maicivy\frontend\node_modules\react-dom\cjs\react-dom.development.js:27023:14)
            at C:\Users\alexi\Documents\projects\maicivy\frontend\node_modules\react-dom\cjs\react-dom.development.js:26808:9
            at flushActQueue (C:\Users\alexi\Documents\projects\maicivy\frontend\node_modules\react\cjs\react.development.js:2667:24)
            at act (C:\Users\alexi\Documents\projects\maicivy\frontend\node_modules\react\cjs\react.development.js:2582:11)
            at C:\Users\alexi\Documents\projects\maicivy\frontend\node_modules\@testing-library\react\dist\act-compat.js:47:25
            at renderRoot (C:\Users\alexi\Documents\projects\maicivy\frontend\node_modules\@testing-library\react\dist\pure.js:190:26)
            at render (C:\Users\alexi\Documents\projects\maicivy\frontend\node_modules\@testing-library\react\dist\pure.js:292:10)
            at Object.<anonymous> (C:\Users\alexi\Documents\projects\maicivy\frontend\components\cv\__tests__\CVThemeSelector.test.tsx:151:11)
            at Promise.finally.completed (C:\Users\alexi\Documents\projects\maicivy\frontend\node_modules\jest-circus\build\jestAdapterInit.js:1557:28)
            at new Promise (<anonymous>)
            at callAsyncCircusFn (C:\Users\alexi\Documents\projects\maicivy\frontend\node_modules\jest-circus\build\jestAdapterInit.js:1497:10)
            at _callCircusTest (C:\Users\alexi\Documents\projects\maicivy\frontend\node_modules\jest-circus\build\jestAdapterInit.js:1007:40)
            at _runTest (C:\Users\alexi\Documents\projects\maicivy\frontend\node_modules\jest-circus\build\jestAdapterInit.js:947:3)
            at C:\Users\alexi\Documents\projects\maicivy\frontend\node_modules\jest-circus\build\jestAdapterInit.js:849:7
            at _runTestsForDescribeBlock (C:\Users\alexi\Documents\projects\maicivy\frontend\node_modules\jest-circus\build\jestAdapterInit.js:862:11)
            at _runTestsForDescribeBlock (C:\Users\alexi\Documents\projects\maicivy\frontend\node_modules\jest-circus\build\jestAdapterInit.js:857:11)
            at run (C:\Users\alexi\Documents\projects\maicivy\frontend\node_modules\jest-circus\build\jestAdapterInit.js:761:3)
            at runAndTransformResultsToJestFormat (C:\Users\alexi\Documents\projects\maicivy\frontend\node_modules\jest-circus\build\jestAdapterInit.js:1918:21)
            at jestAdapter (C:\Users\alexi\Documents\projects\maicivy\frontend\node_modules\jest-circus\build\runner.js:101:19)
            at runTestInternal (C:\Users\alexi\Documents\projects\maicivy\frontend\node_modules\jest-runner\build\testWorker.js:275:16)
            at runTest (C:\Users\alexi\Documents\projects\maicivy\frontend\node_modules\jest-runner\build\testWorker.js:343:7)
            at Object.worker (C:\Users\alexi\Documents\projects\maicivy\frontend\node_modules\jest-runner\build\testWorker.js:497:12)
      }

PASS lib/__tests__/utils.test.ts
PASS components/cv/__tests__/ProjectsGrid.test.tsx
PASS components/cv/__tests__/ExperienceTimeline.test.tsx
  ● Console

    console.error
      Warning: React does not recognize the `whileHover` prop on a DOM element. If you intentionally want it to appear in the DOM as a custom attribute, spell it as lowercase `whilehover` instead. If you accidentally passed it from a parent component, remove it from the DOM element.
          at div
          at children (C:\Users\alexi\Documents\projects\maicivy\frontend\components\cv\__tests__\ExperienceTimeline.test.tsx:8:13)
          at div
          at div
          at children (C:\Users\alexi\Documents\projects\maicivy\frontend\components\cv\__tests__\ExperienceTimeline.test.tsx:8:13)
          at div
          at div
          at children (C:\Users\alexi\Documents\projects\maicivy\frontend\components\cv\__tests__\ExperienceTimeline.test.tsx:8:13)
          at experiences (C:\Users\alexi\Documents\projects\maicivy\frontend\components\cv\ExperienceTimeline.tsx:35:46)

    [0m [90m 37 |[39m
     [90m 38 |[39m   it([32m'should render all experiences'[39m[33m,[39m () [33m=>[39m {
    [31m[1m>[22m[39m[90m 39 |[39m     render([33m<[39m[33mExperienceTimeline[39m experiences[33m=[39m{mockExperiences} [33m/[39m[33m>[39m)[33m;[39m
     [90m    |[39m           [31m[1m^[22m[39m
     [90m 40 |[39m
     [90m 41 |[39m     expect(screen[33m.[39mgetByText([32m'Senior Developer'[39m))[33m.[39mtoBeInTheDocument()[33m;[39m
     [90m 42 |[39m     expect(screen[33m.[39mgetByText([32m'Tech Corp'[39m))[33m.[39mtoBeInTheDocument()[33m;[39m[0m

      at printWarning (node_modules/react-dom/cjs/react-dom.development.js:86:30)
      at error (node_modules/react-dom/cjs/react-dom.development.js:60:7)
      at validateProperty$1 (node_modules/react-dom/cjs/react-dom.development.js:3757:7)
      at warnUnknownProperties (node_modules/react-dom/cjs/react-dom.development.js:3803:21)
      at validateProperties$2 (node_modules/react-dom/cjs/react-dom.development.js:3827:3)
      at validatePropertiesInDevelopment (node_modules/react-dom/cjs/react-dom.development.js:9541:5)
      at setInitialProperties (node_modules/react-dom/cjs/react-dom.development.js:9830:5)
      at finalizeInitialChildren (node_modules/react-dom/cjs/react-dom.development.js:10950:3)
      at completeWork (node_modules/react-dom/cjs/react-dom.development.js:22232:17)
      at completeUnitOfWork (node_modules/react-dom/cjs/react-dom.development.js:26632:16)
      at performUnitOfWork (node_modules/react-dom/cjs/react-dom.development.js:26607:5)
      at workLoopSync (node_modules/react-dom/cjs/react-dom.development.js:26505:5)
      at renderRootSync (node_modules/react-dom/cjs/react-dom.development.js:26473:7)
      at performConcurrentWorkOnRoot (node_modules/react-dom/cjs/react-dom.development.js:25777:74)
      at flushActQueue (node_modules/react/cjs/react.development.js:2667:24)
      at act (node_modules/react/cjs/react.development.js:2582:11)
      at node_modules/@testing-library/react/dist/act-compat.js:47:25
      at renderRoot (node_modules/@testing-library/react/dist/pure.js:190:26)
      at render (node_modules/@testing-library/react/dist/pure.js:292:10)
      at Object.<anonymous> (components/cv/__tests__/ExperienceTimeline.test.tsx:39:11)

    console.error
      Warning: React does not recognize the `whileInView` prop on a DOM element. If you intentionally want it to appear in the DOM as a custom attribute, spell it as lowercase `whileinview` instead. If you accidentally passed it from a parent component, remove it from the DOM element.
          at div
          at children (C:\Users\alexi\Documents\projects\maicivy\frontend\components\cv\__tests__\ExperienceTimeline.test.tsx:8:13)
          at experiences (C:\Users\alexi\Documents\projects\maicivy\frontend\components\cv\ExperienceTimeline.tsx:35:46)

    [0m [90m 37 |[39m
     [90m 38 |[39m   it([32m'should render all experiences'[39m[33m,[39m () [33m=>[39m {
    [31m[1m>[22m[39m[90m 39 |[39m     render([33m<[39m[33mExperienceTimeline[39m experiences[33m=[39m{mockExperiences} [33m/[39m[33m>[39m)[33m;[39m
     [90m    |[39m           [31m[1m^[22m[39m
     [90m 40 |[39m
     [90m 41 |[39m     expect(screen[33m.[39mgetByText([32m'Senior Developer'[39m))[33m.[39mtoBeInTheDocument()[33m;[39m
     [90m 42 |[39m     expect(screen[33m.[39mgetByText([32m'Tech Corp'[39m))[33m.[39mtoBeInTheDocument()[33m;[39m[0m

      at printWarning (node_modules/react-dom/cjs/react-dom.development.js:86:30)
      at error (node_modules/react-dom/cjs/react-dom.development.js:60:7)
      at validateProperty$1 (node_modules/react-dom/cjs/react-dom.development.js:3757:7)
      at warnUnknownProperties (node_modules/react-dom/cjs/react-dom.development.js:3803:21)
      at validateProperties$2 (node_modules/react-dom/cjs/react-dom.development.js:3827:3)
      at validatePropertiesInDevelopment (node_modules/react-dom/cjs/react-dom.development.js:9541:5)
      at setInitialProperties (node_modules/react-dom/cjs/react-dom.development.js:9830:5)
      at finalizeInitialChildren (node_modules/react-dom/cjs/react-dom.development.js:10950:3)
      at completeWork (node_modules/react-dom/cjs/react-dom.development.js:22232:17)
      at completeUnitOfWork (node_modules/react-dom/cjs/react-dom.development.js:26632:16)
      at performUnitOfWork (node_modules/react-dom/cjs/react-dom.development.js:26607:5)
      at workLoopSync (node_modules/react-dom/cjs/react-dom.development.js:26505:5)
      at renderRootSync (node_modules/react-dom/cjs/react-dom.development.js:26473:7)
      at performConcurrentWorkOnRoot (node_modules/react-dom/cjs/react-dom.development.js:25777:74)
      at flushActQueue (node_modules/react/cjs/react.development.js:2667:24)
      at act (node_modules/react/cjs/react.development.js:2582:11)
      at node_modules/@testing-library/react/dist/act-compat.js:47:25
      at renderRoot (node_modules/@testing-library/react/dist/pure.js:190:26)
      at render (node_modules/@testing-library/react/dist/pure.js:292:10)
      at Object.<anonymous> (components/cv/__tests__/ExperienceTimeline.test.tsx:39:11)

PASS components/analytics/__tests__/Heatmap.test.tsx
PASS components/analytics/__tests__/StatsOverview.test.tsx
PASS lib/__tests__/3d-utils.test.ts
PASS app/__tests__/page.test.tsx
PASS components/letters/__tests__/AccessGate.test.tsx
FAIL hooks/__tests__/useAnalyticsWebSocket.test.ts (6.802 s)
  ● Console

    console.log
      [useAnalyticsWebSocket] Connected

      at MockWebSocket.log [as onopen] (hooks/useAnalyticsWebSocket.ts:31:17)

    console.log
      [useAnalyticsWebSocket] Connected

      at MockWebSocket.log [as onopen] (hooks/useAnalyticsWebSocket.ts:31:17)

    console.log
      [useAnalyticsWebSocket] Connected

      at MockWebSocket.log [as onopen] (hooks/useAnalyticsWebSocket.ts:31:17)

    console.log
      [useAnalyticsWebSocket] Connected

      at MockWebSocket.log [as onopen] (hooks/useAnalyticsWebSocket.ts:31:17)

    console.log
      [useAnalyticsWebSocket] Connected

      at MockWebSocket.log [as onopen] (hooks/useAnalyticsWebSocket.ts:31:17)

    console.log
      [useAnalyticsWebSocket] Connected

      at MockWebSocket.log [as onopen] (hooks/useAnalyticsWebSocket.ts:31:17)

    console.log
      [useAnalyticsWebSocket] Connected

      at MockWebSocket.log [as onopen] (hooks/useAnalyticsWebSocket.ts:31:17)

    console.log
      [useAnalyticsWebSocket] Connected

      at MockWebSocket.log [as onopen] (hooks/useAnalyticsWebSocket.ts:31:17)

  ● useAnalyticsWebSocket › should receive and parse WebSocket messages

    expect(received).toBeTruthy()

    Received: null

    Ignored nodes: comments, script, style
    [36m<html>[39m
      [36m<head />[39m
      [36m<body>[39m
        [36m<div />[39m
      [36m</body>[39m
    [36m</html>[39m

    [0m [90m 86 |[39m
     [90m 87 |[39m     [36mawait[39m waitFor(() [33m=>[39m {
    [31m[1m>[22m[39m[90m 88 |[39m       expect(result[33m.[39mcurrent[33m.[39mdata)[33m.[39mtoBeTruthy()
     [90m    |[39m                                   [31m[1m^[22m[39m
     [90m 89 |[39m     })
     [90m 90 |[39m   })
     [90m 91 |[39m[0m

      at toBeTruthy (hooks/__tests__/useAnalyticsWebSocket.test.ts:88:35)
      at runWithExpensiveErrorDiagnosticsDisabled (node_modules/@testing-library/dom/dist/config.js:47:12)
      at checkCallback (node_modules/@testing-library/dom/dist/wait-for.js:124:77)
      at checkRealTimersCallback (node_modules/@testing-library/dom/dist/wait-for.js:118:16)
      at Timeout.task [as _onTimeout] (node_modules/jsdom/lib/jsdom/browser/Window.js:579:19)

  ● useAnalyticsWebSocket › should handle invalid JSON in messages

    expect(jest.fn()).toHaveBeenCalled()

    Expected number of calls: >= 1
    Received number of calls:    0

    Ignored nodes: comments, script, style
    [36m<html>[39m
      [36m<head />[39m
      [36m<body>[39m
        [36m<div />[39m
      [36m</body>[39m
    [36m</html>[39m

    [0m [90m 108 |[39m
     [90m 109 |[39m     [36mawait[39m waitFor(() [33m=>[39m {
    [31m[1m>[22m[39m[90m 110 |[39m       expect(consoleErrorSpy)[33m.[39mtoHaveBeenCalled()
     [90m     |[39m                               [31m[1m^[22m[39m
     [90m 111 |[39m     })
     [90m 112 |[39m
     [90m 113 |[39m     consoleErrorSpy[33m.[39mmockRestore()[0m

      at toHaveBeenCalled (hooks/__tests__/useAnalyticsWebSocket.test.ts:110:31)
      at runWithExpensiveErrorDiagnosticsDisabled (node_modules/@testing-library/dom/dist/config.js:47:12)
      at checkCallback (node_modules/@testing-library/dom/dist/wait-for.js:124:77)
      at checkRealTimersCallback (node_modules/@testing-library/dom/dist/wait-for.js:118:16)
      at Timeout.task [as _onTimeout] (node_modules/jsdom/lib/jsdom/browser/Window.js:579:19)

  ● useAnalyticsWebSocket › should handle WebSocket errors

    expect(received).toBeTruthy()

    Received: null

    Ignored nodes: comments, script, style
    [36m<html>[39m
      [36m<head />[39m
      [36m<body>[39m
        [36m<div />[39m
      [36m</body>[39m
    [36m</html>[39m

    [0m [90m 132 |[39m
     [90m 133 |[39m     [36mawait[39m waitFor(() [33m=>[39m {
    [31m[1m>[22m[39m[90m 134 |[39m       expect(result[33m.[39mcurrent[33m.[39merror)[33m.[39mtoBeTruthy()
     [90m     |[39m                                    [31m[1m^[22m[39m
     [90m 135 |[39m     })
     [90m 136 |[39m
     [90m 137 |[39m     expect(result[33m.[39mcurrent[33m.[39merror[33m?[39m[33m.[39mmessage)[33m.[39mtoBe([32m'WebSocket error'[39m)[0m

      at toBeTruthy (hooks/__tests__/useAnalyticsWebSocket.test.ts:134:36)
      at runWithExpensiveErrorDiagnosticsDisabled (node_modules/@testing-library/dom/dist/config.js:47:12)
      at checkCallback (node_modules/@testing-library/dom/dist/wait-for.js:124:77)
      at checkRealTimersCallback (node_modules/@testing-library/dom/dist/wait-for.js:118:16)
      at Timeout.task [as _onTimeout] (node_modules/jsdom/lib/jsdom/browser/Window.js:579:19)

  ● useAnalyticsWebSocket › should handle disconnection

    expect(received).toBe(expected) // Object.is equality

    Expected: false
    Received: true

    Ignored nodes: comments, script, style
    [36m<html>[39m
      [36m<head />[39m
      [36m<body>[39m
        [36m<div />[39m
      [36m</body>[39m
    [36m</html>[39m

    [0m [90m 153 |[39m
     [90m 154 |[39m     [36mawait[39m waitFor(() [33m=>[39m {
    [31m[1m>[22m[39m[90m 155 |[39m       expect(result[33m.[39mcurrent[33m.[39misConnected)[33m.[39mtoBe([36mfalse[39m)
     [90m     |[39m                                          [31m[1m^[22m[39m
     [90m 156 |[39m     })
     [90m 157 |[39m   })
     [90m 158 |[39m[0m

      at toBe (hooks/__tests__/useAnalyticsWebSocket.test.ts:155:42)
      at runWithExpensiveErrorDiagnosticsDisabled (node_modules/@testing-library/dom/dist/config.js:47:12)
      at checkCallback (node_modules/@testing-library/dom/dist/wait-for.js:124:77)
      at checkRealTimersCallback (node_modules/@testing-library/dom/dist/wait-for.js:118:16)
      at Timeout.task [as _onTimeout] (node_modules/jsdom/lib/jsdom/browser/Window.js:579:19)

  ● useAnalyticsWebSocket › should reconnect when reconnect is called

    expect(received).toBe(expected) // Object.is equality

    Expected: false
    Received: true

    Ignored nodes: comments, script, style
    [36m<html>[39m
      [36m<head />[39m
      [36m<body>[39m
        [36m<div />[39m
      [36m</body>[39m
    [36m</html>[39m

    [0m [90m 171 |[39m
     [90m 172 |[39m     [36mawait[39m waitFor(() [33m=>[39m {
    [31m[1m>[22m[39m[90m 173 |[39m       expect(result[33m.[39mcurrent[33m.[39misConnected)[33m.[39mtoBe([36mfalse[39m)
     [90m     |[39m                                          [31m[1m^[22m[39m
     [90m 174 |[39m     })
     [90m 175 |[39m
     [90m 176 |[39m     [90m// Reconnect[39m[0m

      at toBe (hooks/__tests__/useAnalyticsWebSocket.test.ts:173:42)
      at runWithExpensiveErrorDiagnosticsDisabled (node_modules/@testing-library/dom/dist/config.js:47:12)
      at checkCallback (node_modules/@testing-library/dom/dist/wait-for.js:124:77)
      at checkRealTimersCallback (node_modules/@testing-library/dom/dist/wait-for.js:118:16)
      at Timeout.task [as _onTimeout] (node_modules/jsdom/lib/jsdom/browser/Window.js:579:19)

  ● useAnalyticsWebSocket › should close WebSocket on unmount

    expect(jest.fn()).toHaveBeenCalled()

    Expected number of calls: >= 1
    Received number of calls:    0

    [0m [90m 196 |[39m
     [90m 197 |[39m     [90m// WebSocket should be closed[39m
    [31m[1m>[22m[39m[90m 198 |[39m     expect(closeSpy)[33m.[39mtoHaveBeenCalled()
     [90m     |[39m                      [31m[1m^[22m[39m
     [90m 199 |[39m
     [90m 200 |[39m     closeSpy[33m.[39mmockRestore()
     [90m 201 |[39m   })[0m

      at Object.toHaveBeenCalled (hooks/__tests__/useAnalyticsWebSocket.test.ts:198:22)

PASS components/__tests__/TimelineItem.test.tsx
  ● Console

    console.error
      Warning: Function components cannot be given refs. Attempts to access this ref will fail. Did you mean to use React.forwardRef()?
      
      Check the render method of `TimelineItem`.
          at children (C:\Users\alexi\Documents\projects\maicivy\frontend\components\__tests__\TimelineItem.test.tsx:8:13)
          at event (C:\Users\alexi\Documents\projects\maicivy\frontend\components\timeline\TimelineItem.tsx:30:3)

    [0m [90m 45 |[39m describe([32m'TimelineItem'[39m[33m,[39m () [33m=>[39m {
     [90m 46 |[39m   it([32m'should render event title and subtitle'[39m[33m,[39m () [33m=>[39m {
    [31m[1m>[22m[39m[90m 47 |[39m     render(
     [90m    |[39m           [31m[1m^[22m[39m
     [90m 48 |[39m       [33m<[39m[33mTimelineItem[39m
     [90m 49 |[39m         event[33m=[39m{mockEvent}
     [90m 50 |[39m         index[33m=[39m{[35m0[39m}[0m

      at printWarning (node_modules/react-dom/cjs/react-dom.development.js:86:30)
      at error (node_modules/react-dom/cjs/react-dom.development.js:60:7)
      at validateFunctionComponentInDev (node_modules/react-dom/cjs/react-dom.development.js:20222:9)
      at mountIndeterminateComponent (node_modules/react-dom/cjs/react-dom.development.js:20189:7)
      at beginWork (node_modules/react-dom/cjs/react-dom.development.js:21626:16)
      at beginWork$1 (node_modules/react-dom/cjs/react-dom.development.js:27465:14)
      at performUnitOfWork (node_modules/react-dom/cjs/react-dom.development.js:26599:12)
      at workLoopSync (node_modules/react-dom/cjs/react-dom.development.js:26505:5)
      at renderRootSync (node_modules/react-dom/cjs/react-dom.development.js:26473:7)
      at performConcurrentWorkOnRoot (node_modules/react-dom/cjs/react-dom.development.js:25777:74)
      at flushActQueue (node_modules/react/cjs/react.development.js:2667:24)
      at act (node_modules/react/cjs/react.development.js:2582:11)
      at node_modules/@testing-library/react/dist/act-compat.js:47:25
      at renderRoot (node_modules/@testing-library/react/dist/pure.js:190:26)
      at render (node_modules/@testing-library/react/dist/pure.js:292:10)
      at Object.<anonymous> (components/__tests__/TimelineItem.test.tsx:47:11)

PASS components/__tests__/TimelineNavigation.test.tsx
PASS app/analytics/__tests__/page.test.tsx
FAIL components/__tests__/GitHubConnect.test.tsx (7.058 s)
  ● GitHubConnect › should fetch auth URL when button is clicked

    expect(jest.fn()).toHaveBeenCalledWith(...expected)

    Expected: "https://github.com/login/oauth/authorize?client_id=test", "GitHub OAuth", StringContaining "width=600"

    Number of calls: 0

    Ignored nodes: comments, script, style
    [36m<html>[39m
      [36m<head />[39m
      [36m<body>[39m
        [36m<div>[39m
          [36m<div[39m
            [33mclass[39m=[32m"github-connect"[39m
          [36m>[39m
            [36m<button[39m
              [33mclass[39m=[32m"
              flex items-center gap-2 px-6 py-3 rounded-lg font-medium
              transition-all duration-200
              bg-gray-900 text-white hover:bg-gray-800 active:scale-95
            "[39m
            [36m>[39m
              [36m<svg[39m
                [33mclass[39m=[32m"h-5 w-5"[39m
                [33mfill[39m=[32m"currentColor"[39m
                [33mviewBox[39m=[32m"0 0 24 24"[39m
              [36m>[39m
                [36m<path[39m
                  [33mclip-rule[39m=[32m"evenodd"[39m
                  [33md[39m=[32m"M12 2C6.477 2 2 6.477 2 12c0 4.42 2.865 8.17 6.839 9.49.5.092.682-.217.682-.482 0-.237-.008-.866-.013-1.7-2.782.603-3.369-1.34-3.369-1.34-.454-1.156-1.11-1.463-1.11-1.463-.908-.62.069-.608.069-.608 1.003.07 1.531 1.03 1.531 1.03.892 1.529 2.341 1.087 2.91.832.092-.647.35-1.088.636-1.338-2.22-.253-4.555-1.11-4.555-4.943 0-1.091.39-1.984 1.029-2.683-.103-.253-.446-1.27.098-2.647 0 0 .84-.269 2.75 1.025A9.578 9.578 0 0112 6.836c.85.004 1.705.114 2.504.336 1.909-1.294 2.747-1.025 2.747-1.025.546 1.377.203 2.394.1 2.647.64.699 1.028 1.592 1.028 2.683 0 3.842-2.339 4.687-4.566 4.935.359.309.678.919.678 1.852 0 1.336-.012 2.415-.012 2.743 0 .267.18.578.688.48C19.138 20.167 22 16.418 22 12c0-5.523-4.477-10-10-10z"[39m
                  [33mfill-rule[39m=[32m"evenodd"[39m
                [36m/>[39m
              [36m</svg>[39m
              [36m<span>[39m
                [0mConnecter GitHub[0m
              [36m</span>[39m
            [36m</button>[39m
            [36m<div[39m
              [33mclass[39m=[32m"mt-2 text-sm text-red-600"[39m
            [36m>[39m
              [0mErreur: [0m
              [0mFailed to parse URL from undefined/api/v1/github/auth-url[0m
            [36m</div>[39m
          [36m</div>[39m
        [36m</div>[39m
      [36m</body>[39m
    [36m</html>[39m

    [0m [90m 57 |[39m
     [90m 58 |[39m     [36mawait[39m waitFor(() [33m=>[39m {
    [31m[1m>[22m[39m[90m 59 |[39m       expect(window[33m.[39mopen)[33m.[39mtoHaveBeenCalledWith(
     [90m    |[39m                           [31m[1m^[22m[39m
     [90m 60 |[39m         mockAuthUrl[33m,[39m
     [90m 61 |[39m         [32m'GitHub OAuth'[39m[33m,[39m
     [90m 62 |[39m         expect[33m.[39mstringContaining([32m'width=600'[39m)[0m

      at toHaveBeenCalledWith (components/__tests__/GitHubConnect.test.tsx:59:27)
      at runWithExpensiveErrorDiagnosticsDisabled (node_modules/@testing-library/dom/dist/config.js:47:12)
      at checkCallback (node_modules/@testing-library/dom/dist/wait-for.js:124:77)
      at checkRealTimersCallback (node_modules/@testing-library/dom/dist/wait-for.js:118:16)
      at Timeout.task [as _onTimeout] (node_modules/jsdom/lib/jsdom/browser/Window.js:579:19)

  ● GitHubConnect › should show loading state during connection

    expect(element).toBeDisabled()

    Received element is not disabled:
      <button class="
              flex items-center gap-2 px-6 py-3 rounded-lg font-medium
              transition-all duration-200
              bg-gray-900 text-white hover:bg-gray-800 active:scale-95
            " />

    [0m [90m 85 |[39m
     [90m 86 |[39m     [36mconst[39m loadingButton [33m=[39m screen[33m.[39mgetByRole([32m'button'[39m)[33m;[39m
    [31m[1m>[22m[39m[90m 87 |[39m     expect(loadingButton)[33m.[39mtoBeDisabled()[33m;[39m
     [90m    |[39m                           [31m[1m^[22m[39m
     [90m 88 |[39m
     [90m 89 |[39m     [90m// Check for loading spinner[39m
     [90m 90 |[39m     [36mconst[39m spinner [33m=[39m document[33m.[39mquerySelector([32m'.animate-spin'[39m)[33m;[39m[0m

      at Object.toBeDisabled (components/__tests__/GitHubConnect.test.tsx:87:27)

  ● GitHubConnect › should handle API error when fetching auth URL

    TestingLibraryElementError: Unable to find an element with the text: /failed to get github auth url/i. This could be because the text is broken up by multiple elements. In this case, you can provide a function for your text matcher to make your matcher more flexible.

    Ignored nodes: comments, script, style
    [36m<body>[39m
      [36m<div>[39m
        [36m<div[39m
          [33mclass[39m=[32m"github-connect"[39m
        [36m>[39m
          [36m<button[39m
            [33mclass[39m=[32m"
              flex items-center gap-2 px-6 py-3 rounded-lg font-medium
              transition-all duration-200
              bg-gray-900 text-white hover:bg-gray-800 active:scale-95
            "[39m
          [36m>[39m
            [36m<svg[39m
              [33mclass[39m=[32m"h-5 w-5"[39m
              [33mfill[39m=[32m"currentColor"[39m
              [33mviewBox[39m=[32m"0 0 24 24"[39m
            [36m>[39m
              [36m<path[39m
                [33mclip-rule[39m=[32m"evenodd"[39m
                [33md[39m=[32m"M12 2C6.477 2 2 6.477 2 12c0 4.42 2.865 8.17 6.839 9.49.5.092.682-.217.682-.482 0-.237-.008-.866-.013-1.7-2.782.603-3.369-1.34-3.369-1.34-.454-1.156-1.11-1.463-1.11-1.463-.908-.62.069-.608.069-.608 1.003.07 1.531 1.03 1.531 1.03.892 1.529 2.341 1.087 2.91.832.092-.647.35-1.088.636-1.338-2.22-.253-4.555-1.11-4.555-4.943 0-1.091.39-1.984 1.029-2.683-.103-.253-.446-1.27.098-2.647 0 0 .84-.269 2.75 1.025A9.578 9.578 0 0112 6.836c.85.004 1.705.114 2.504.336 1.909-1.294 2.747-1.025 2.747-1.025.546 1.377.203 2.394.1 2.647.64.699 1.028 1.592 1.028 2.683 0 3.842-2.339 4.687-4.566 4.935.359.309.678.919.678 1.852 0 1.336-.012 2.415-.012 2.743 0 .267.18.578.688.48C19.138 20.167 22 16.418 22 12c0-5.523-4.477-10-10-10z"[39m
                [33mfill-rule[39m=[32m"evenodd"[39m
              [36m/>[39m
            [36m</svg>[39m
            [36m<span>[39m
              [0mConnecter GitHub[0m
            [36m</span>[39m
          [36m</button>[39m
          [36m<div[39m
            [33mclass[39m=[32m"mt-2 text-sm text-red-600"[39m
          [36m>[39m
            [0mErreur: [0m
            [0mFailed to parse URL from undefined/api/v1/github/auth-url[0m
          [36m</div>[39m
        [36m</div>[39m
      [36m</div>[39m
    [36m</body>[39m

    [0m [90m 112 |[39m     })[33m;[39m
     [90m 113 |[39m
    [31m[1m>[22m[39m[90m 114 |[39m     expect(screen[33m.[39mgetByText([35m/failed to get github auth url/i[39m))[33m.[39mtoBeInTheDocument()[33m;[39m
     [90m     |[39m                   [31m[1m^[22m[39m
     [90m 115 |[39m
     [90m 116 |[39m     consoleErrorSpy[33m.[39mmockRestore()[33m;[39m
     [90m 117 |[39m   })[33m;[39m[0m

      at Object.getElementError (node_modules/@testing-library/dom/dist/config.js:37:19)
      at node_modules/@testing-library/dom/dist/query-helpers.js:76:38
      at node_modules/@testing-library/dom/dist/query-helpers.js:52:17
      at node_modules/@testing-library/dom/dist/query-helpers.js:95:19
      at Object.getByText (components/__tests__/GitHubConnect.test.tsx:114:19)

  ● GitHubConnect › should call onConnectSuccess when connection succeeds

    expect(jest.fn()).toHaveBeenCalled()

    Expected number of calls: >= 1
    Received number of calls:    0

    Ignored nodes: comments, script, style
    [36m<html>[39m
      [36m<head />[39m
      [36m<body>[39m
        [36m<div>[39m
          [36m<div[39m
            [33mclass[39m=[32m"github-connect"[39m
          [36m>[39m
            [36m<button[39m
              [33mclass[39m=[32m"
              flex items-center gap-2 px-6 py-3 rounded-lg font-medium
              transition-all duration-200
              bg-gray-900 text-white hover:bg-gray-800 active:scale-95
            "[39m
            [36m>[39m
              [36m<svg[39m
                [33mclass[39m=[32m"h-5 w-5"[39m
                [33mfill[39m=[32m"currentColor"[39m
                [33mviewBox[39m=[32m"0 0 24 24"[39m
              [36m>[39m
                [36m<path[39m
                  [33mclip-rule[39m=[32m"evenodd"[39m
                  [33md[39m=[32m"M12 2C6.477 2 2 6.477 2 12c0 4.42 2.865 8.17 6.839 9.49.5.092.682-.217.682-.482 0-.237-.008-.866-.013-1.7-2.782.603-3.369-1.34-3.369-1.34-.454-1.156-1.11-1.463-1.11-1.463-.908-.62.069-.608.069-.608 1.003.07 1.531 1.03 1.531 1.03.892 1.529 2.341 1.087 2.91.832.092-.647.35-1.088.636-1.338-2.22-.253-4.555-1.11-4.555-4.943 0-1.091.39-1.984 1.029-2.683-.103-.253-.446-1.27.098-2.647 0 0 .84-.269 2.75 1.025A9.578 9.578 0 0112 6.836c.85.004 1.705.114 2.504.336 1.909-1.294 2.747-1.025 2.747-1.025.546 1.377.203 2.394.1 2.647.64.699 1.028 1.592 1.028 2.683 0 3.842-2.339 4.687-4.566 4.935.359.309.678.919.678 1.852 0 1.336-.012 2.415-.012 2.743 0 .267.18.578.688.48C19.138 20.167 22 16.418 22 12c0-5.523-4.477-10-10-10z"[39m
                  [33mfill-rule[39m=[32m"evenodd"[39m
                [36m/>[39m
              [36m</svg>[39m
              [36m<span>[39m
                [0mConnecter GitHub[0m
              [36m</span>[39m
            [36m</button>[39m
            [36m<div[39m
              [33mclass[39m=[32m"mt-2 text-sm text-red-600"[39m
            [36m>[39m
              [0mErreur: [0m
              [0mFailed to parse URL from undefined/api/v1/github/auth-url[0m
            [36m</div>[39m
          [36m</div>[39m
        [36m</div>[39m
      [36m</body>[39m
    [36m</html>[39m

    [0m [90m 135 |[39m
     [90m 136 |[39m     [36mawait[39m waitFor(() [33m=>[39m {
    [31m[1m>[22m[39m[90m 137 |[39m       expect(window[33m.[39mopen)[33m.[39mtoHaveBeenCalled()[33m;[39m
     [90m     |[39m                           [31m[1m^[22m[39m
     [90m 138 |[39m     })[33m;[39m
     [90m 139 |[39m
     [90m 140 |[39m     [90m// Simulate popup closing after successful auth[39m[0m

      at toHaveBeenCalled (components/__tests__/GitHubConnect.test.tsx:137:27)
      at runWithExpensiveErrorDiagnosticsDisabled (node_modules/@testing-library/dom/dist/config.js:47:12)
      at checkCallback (node_modules/@testing-library/dom/dist/wait-for.js:124:77)
      at checkRealTimersCallback (node_modules/@testing-library/dom/dist/wait-for.js:118:16)
      at Timeout.task [as _onTimeout] (node_modules/jsdom/lib/jsdom/browser/Window.js:579:19)

  ● GitHubConnect › should call onConnectError when connection fails

    expect(jest.fn()).toHaveBeenCalledWith(...expected)

    Expected: StringContaining "Failed to get GitHub auth URL"
    Received: "Failed to parse URL from undefined/api/v1/github/auth-url"

    Number of calls: 1

    Ignored nodes: comments, script, style
    [36m<html>[39m
      [36m<head />[39m
      [36m<body>[39m
        [36m<div>[39m
          [36m<div[39m
            [33mclass[39m=[32m"github-connect"[39m
          [36m>[39m
            [36m<button[39m
              [33mclass[39m=[32m"
              flex items-center gap-2 px-6 py-3 rounded-lg font-medium
              transition-all duration-200
              bg-gray-900 text-white hover:bg-gray-800 active:scale-95
            "[39m
            [36m>[39m
              [36m<svg[39m
                [33mclass[39m=[32m"h-5 w-5"[39m
                [33mfill[39m=[32m"currentColor"[39m
                [33mviewBox[39m=[32m"0 0 24 24"[39m
              [36m>[39m
                [36m<path[39m
                  [33mclip-rule[39m=[32m"evenodd"[39m
                  [33md[39m=[32m"M12 2C6.477 2 2 6.477 2 12c0 4.42 2.865 8.17 6.839 9.49.5.092.682-.217.682-.482 0-.237-.008-.866-.013-1.7-2.782.603-3.369-1.34-3.369-1.34-.454-1.156-1.11-1.463-1.11-1.463-.908-.62.069-.608.069-.608 1.003.07 1.531 1.03 1.531 1.03.892 1.529 2.341 1.087 2.91.832.092-.647.35-1.088.636-1.338-2.22-.253-4.555-1.11-4.555-4.943 0-1.091.39-1.984 1.029-2.683-.103-.253-.446-1.27.098-2.647 0 0 .84-.269 2.75 1.025A9.578 9.578 0 0112 6.836c.85.004 1.705.114 2.504.336 1.909-1.294 2.747-1.025 2.747-1.025.546 1.377.203 2.394.1 2.647.64.699 1.028 1.592 1.028 2.683 0 3.842-2.339 4.687-4.566 4.935.359.309.678.919.678 1.852 0 1.336-.012 2.415-.012 2.743 0 .267.18.578.688.48C19.138 20.167 22 16.418 22 12c0-5.523-4.477-10-10-10z"[39m
                  [33mfill-rule[39m=[32m"evenodd"[39m
                [36m/>[39m
              [36m</svg>[39m
              [36m<span>[39m
                [0mConnecter GitHub[0m
              [36m</span>[39m
            [36m</button>[39m
            [36m<div[39m
              [33mclass[39m=[32m"mt-2 text-sm text-red-600"[39m
            [36m>[39m
              [0mErreur: [0m
              [0mFailed to parse URL from undefined/api/v1/github/auth-url[0m
            [36m</div>[39m
          [36m</div>[39m
        [36m</div>[39m
      [36m</body>[39m
    [36m</html>[39m

    [0m [90m 171 |[39m
     [90m 172 |[39m     [36mawait[39m waitFor(() [33m=>[39m {
    [31m[1m>[22m[39m[90m 173 |[39m       expect(onConnectError)[33m.[39mtoHaveBeenCalledWith(expect[33m.[39mstringContaining([32m'Failed to get GitHub auth URL'[39m))[33m;[39m
     [90m     |[39m                              [31m[1m^[22m[39m
     [90m 174 |[39m     })[33m;[39m
     [90m 175 |[39m   })[33m;[39m
     [90m 176 |[39m[0m

      at toHaveBeenCalledWith (components/__tests__/GitHubConnect.test.tsx:173:30)
      at runWithExpensiveErrorDiagnosticsDisabled (node_modules/@testing-library/dom/dist/config.js:47:12)
      at checkCallback (node_modules/@testing-library/dom/dist/wait-for.js:124:77)
      at checkRealTimersCallback (node_modules/@testing-library/dom/dist/wait-for.js:118:16)
      at Timeout.task [as _onTimeout] (node_modules/jsdom/lib/jsdom/browser/Window.js:579:19)

  ● GitHubConnect › should open popup with correct dimensions and position

    expect(jest.fn()).toHaveBeenCalledWith(...expected)

    Expected: Any<String>, "GitHub OAuth", StringMatching /width=600.*height=700/

    Number of calls: 0

    Ignored nodes: comments, script, style
    [36m<html>[39m
      [36m<head />[39m
      [36m<body>[39m
        [36m<div>[39m
          [36m<div[39m
            [33mclass[39m=[32m"github-connect"[39m
          [36m>[39m
            [36m<button[39m
              [33mclass[39m=[32m"
              flex items-center gap-2 px-6 py-3 rounded-lg font-medium
              transition-all duration-200
              bg-gray-900 text-white hover:bg-gray-800 active:scale-95
            "[39m
            [36m>[39m
              [36m<svg[39m
                [33mclass[39m=[32m"h-5 w-5"[39m
                [33mfill[39m=[32m"currentColor"[39m
                [33mviewBox[39m=[32m"0 0 24 24"[39m
              [36m>[39m
                [36m<path[39m
                  [33mclip-rule[39m=[32m"evenodd"[39m
                  [33md[39m=[32m"M12 2C6.477 2 2 6.477 2 12c0 4.42 2.865 8.17 6.839 9.49.5.092.682-.217.682-.482 0-.237-.008-.866-.013-1.7-2.782.603-3.369-1.34-3.369-1.34-.454-1.156-1.11-1.463-1.11-1.463-.908-.62.069-.608.069-.608 1.003.07 1.531 1.03 1.531 1.03.892 1.529 2.341 1.087 2.91.832.092-.647.35-1.088.636-1.338-2.22-.253-4.555-1.11-4.555-4.943 0-1.091.39-1.984 1.029-2.683-.103-.253-.446-1.27.098-2.647 0 0 .84-.269 2.75 1.025A9.578 9.578 0 0112 6.836c.85.004 1.705.114 2.504.336 1.909-1.294 2.747-1.025 2.747-1.025.546 1.377.203 2.394.1 2.647.64.699 1.028 1.592 1.028 2.683 0 3.842-2.339 4.687-4.566 4.935.359.309.678.919.678 1.852 0 1.336-.012 2.415-.012 2.743 0 .267.18.578.688.48C19.138 20.167 22 16.418 22 12c0-5.523-4.477-10-10-10z"[39m
                  [33mfill-rule[39m=[32m"evenodd"[39m
                [36m/>[39m
              [36m</svg>[39m
              [36m<span>[39m
                [0mConnecter GitHub[0m
              [36m</span>[39m
            [36m</button>[39m
            [36m<div[39m
              [33mclass[39m=[32m"mt-2 text-sm text-red-600"[39m
            [36m>[39m
              [0mErreur: [0m
              [0mFailed to parse URL from undefined/api/v1/github/auth-url[0m
            [36m</div>[39m
          [36m</div>[39m
        [36m</div>[39m
      [36m</body>[39m
    [36m</html>[39m

    [0m [90m 199 |[39m
     [90m 200 |[39m     [36mawait[39m waitFor(() [33m=>[39m {
    [31m[1m>[22m[39m[90m 201 |[39m       expect(window[33m.[39mopen)[33m.[39mtoHaveBeenCalledWith(
     [90m     |[39m                           [31m[1m^[22m[39m
     [90m 202 |[39m         expect[33m.[39many([33mString[39m)[33m,[39m
     [90m 203 |[39m         [32m'GitHub OAuth'[39m[33m,[39m
     [90m 204 |[39m         expect[33m.[39mstringMatching([35m/width=600.*height=700/[39m)[0m

      at toHaveBeenCalledWith (components/__tests__/GitHubConnect.test.tsx:201:27)
      at runWithExpensiveErrorDiagnosticsDisabled (node_modules/@testing-library/dom/dist/config.js:47:12)
      at checkCallback (node_modules/@testing-library/dom/dist/wait-for.js:124:77)
      at checkRealTimersCallback (node_modules/@testing-library/dom/dist/wait-for.js:118:16)
      at Timeout.task [as _onTimeout] (node_modules/jsdom/lib/jsdom/browser/Window.js:579:19)

  ● GitHubConnect › should handle popup being blocked

    expect(jest.fn()).toHaveBeenCalled()

    Expected number of calls: >= 1
    Received number of calls:    0

    Ignored nodes: comments, script, style
    [36m<html>[39m
      [36m<head />[39m
      [36m<body>[39m
        [36m<div>[39m
          [36m<div[39m
            [33mclass[39m=[32m"github-connect"[39m
          [36m>[39m
            [36m<button[39m
              [33mclass[39m=[32m"
              flex items-center gap-2 px-6 py-3 rounded-lg font-medium
              transition-all duration-200
              bg-gray-900 text-white hover:bg-gray-800 active:scale-95
            "[39m
            [36m>[39m
              [36m<svg[39m
                [33mclass[39m=[32m"h-5 w-5"[39m
                [33mfill[39m=[32m"currentColor"[39m
                [33mviewBox[39m=[32m"0 0 24 24"[39m
              [36m>[39m
                [36m<path[39m
                  [33mclip-rule[39m=[32m"evenodd"[39m
                  [33md[39m=[32m"M12 2C6.477 2 2 6.477 2 12c0 4.42 2.865 8.17 6.839 9.49.5.092.682-.217.682-.482 0-.237-.008-.866-.013-1.7-2.782.603-3.369-1.34-3.369-1.34-.454-1.156-1.11-1.463-1.11-1.463-.908-.62.069-.608.069-.608 1.003.07 1.531 1.03 1.531 1.03.892 1.529 2.341 1.087 2.91.832.092-.647.35-1.088.636-1.338-2.22-.253-4.555-1.11-4.555-4.943 0-1.091.39-1.984 1.029-2.683-.103-.253-.446-1.27.098-2.647 0 0 .84-.269 2.75 1.025A9.578 9.578 0 0112 6.836c.85.004 1.705.114 2.504.336 1.909-1.294 2.747-1.025 2.747-1.025.546 1.377.203 2.394.1 2.647.64.699 1.028 1.592 1.028 2.683 0 3.842-2.339 4.687-4.566 4.935.359.309.678.919.678 1.852 0 1.336-.012 2.415-.012 2.743 0 .267.18.578.688.48C19.138 20.167 22 16.418 22 12c0-5.523-4.477-10-10-10z"[39m
                  [33mfill-rule[39m=[32m"evenodd"[39m
                [36m/>[39m
              [36m</svg>[39m
              [36m<span>[39m
                [0mConnecter GitHub[0m
              [36m</span>[39m
            [36m</button>[39m
            [36m<div[39m
              [33mclass[39m=[32m"mt-2 text-sm text-red-600"[39m
            [36m>[39m
              [0mErreur: [0m
              [0mFailed to parse URL from undefined/api/v1/github/auth-url[0m
            [36m</div>[39m
          [36m</div>[39m
        [36m</div>[39m
      [36m</body>[39m
    [36m</html>[39m

    [0m [90m 224 |[39m
     [90m 225 |[39m     [36mawait[39m waitFor(() [33m=>[39m {
    [31m[1m>[22m[39m[90m 226 |[39m       expect(window[33m.[39mopen)[33m.[39mtoHaveBeenCalled()[33m;[39m
     [90m     |[39m                           [31m[1m^[22m[39m
     [90m 227 |[39m     })[33m;[39m
     [90m 228 |[39m
     [90m 229 |[39m     [90m// Should not crash when popup is null[39m[0m

      at toHaveBeenCalled (components/__tests__/GitHubConnect.test.tsx:226:27)
      at runWithExpensiveErrorDiagnosticsDisabled (node_modules/@testing-library/dom/dist/config.js:47:12)
      at checkCallback (node_modules/@testing-library/dom/dist/wait-for.js:124:77)
      at checkRealTimersCallback (node_modules/@testing-library/dom/dist/wait-for.js:118:16)
      at Timeout.task [as _onTimeout] (node_modules/jsdom/lib/jsdom/browser/Window.js:579:19)

  ● GitHubConnect › should clean up interval when popup closes without auth

    expect(jest.fn()).toHaveBeenCalled()

    Expected number of calls: >= 1
    Received number of calls:    0

    Ignored nodes: comments, script, style
    [36m<html>[39m
      [36m<head />[39m
      [36m<body>[39m
        [36m<div>[39m
          [36m<div[39m
            [33mclass[39m=[32m"github-connect"[39m
          [36m>[39m
            [36m<button[39m
              [33mclass[39m=[32m"
              flex items-center gap-2 px-6 py-3 rounded-lg font-medium
              transition-all duration-200
              bg-gray-900 text-white hover:bg-gray-800 active:scale-95
            "[39m
            [36m>[39m
              [36m<svg[39m
                [33mclass[39m=[32m"h-5 w-5"[39m
                [33mfill[39m=[32m"currentColor"[39m
                [33mviewBox[39m=[32m"0 0 24 24"[39m
              [36m>[39m
                [36m<path[39m
                  [33mclip-rule[39m=[32m"evenodd"[39m
                  [33md[39m=[32m"M12 2C6.477 2 2 6.477 2 12c0 4.42 2.865 8.17 6.839 9.49.5.092.682-.217.682-.482 0-.237-.008-.866-.013-1.7-2.782.603-3.369-1.34-3.369-1.34-.454-1.156-1.11-1.463-1.11-1.463-.908-.62.069-.608.069-.608 1.003.07 1.531 1.03 1.531 1.03.892 1.529 2.341 1.087 2.91.832.092-.647.35-1.088.636-1.338-2.22-.253-4.555-1.11-4.555-4.943 0-1.091.39-1.984 1.029-2.683-.103-.253-.446-1.27.098-2.647 0 0 .84-.269 2.75 1.025A9.578 9.578 0 0112 6.836c.85.004 1.705.114 2.504.336 1.909-1.294 2.747-1.025 2.747-1.025.546 1.377.203 2.394.1 2.647.64.699 1.028 1.592 1.028 2.683 0 3.842-2.339 4.687-4.566 4.935.359.309.678.919.678 1.852 0 1.336-.012 2.415-.012 2.743 0 .267.18.578.688.48C19.138 20.167 22 16.418 22 12c0-5.523-4.477-10-10-10z"[39m
                  [33mfill-rule[39m=[32m"evenodd"[39m
                [36m/>[39m
              [36m</svg>[39m
              [36m<span>[39m
                [0mConnecter GitHub[0m
              [36m</span>[39m
            [36m</button>[39m
            [36m<div[39m
              [33mclass[39m=[32m"mt-2 text-sm text-red-600"[39m
            [36m>[39m
              [0mErreur: [0m
              [0mFailed to parse URL from undefined/api/v1/github/auth-url[0m
            [36m</div>[39m
          [36m</div>[39m
        [36m</div>[39m
      [36m</body>[39m
    [36m</html>[39m

    [0m [90m 248 |[39m
     [90m 249 |[39m     [36mawait[39m waitFor(() [33m=>[39m {
    [31m[1m>[22m[39m[90m 250 |[39m       expect(window[33m.[39mopen)[33m.[39mtoHaveBeenCalled()[33m;[39m
     [90m     |[39m                           [31m[1m^[22m[39m
     [90m 251 |[39m     })[33m;[39m
     [90m 252 |[39m
     [90m 253 |[39m     [90m// Simulate popup closing without success[39m[0m

      at toHaveBeenCalled (components/__tests__/GitHubConnect.test.tsx:250:27)
      at runWithExpensiveErrorDiagnosticsDisabled (node_modules/@testing-library/dom/dist/config.js:47:12)
      at checkCallback (node_modules/@testing-library/dom/dist/wait-for.js:124:77)
      at node_modules/@testing-library/dom/dist/wait-for.js:82:9

PASS components/__tests__/Header.test.tsx
PASS app/cv/__tests__/page.test.tsx
PASS components/__tests__/Footer.test.tsx
PASS components/__tests__/TimelineMilestones.test.tsx
PASS components/cv/__tests__/CVSkeleton.test.tsx
PASS app/letters/__tests__/page.test.tsx
PASS app/__tests__/error.test.tsx
PASS hooks/__tests__/use3DControls.test.ts
PASS app/__tests__/not-found.test.tsx
PASS app/__tests__/loading.test.tsx
PASS hooks/__tests__/useTheme.test.ts
PASS components/__tests__/example.test.tsx
FAIL components/letters/__tests__/LetterGenerator.test.tsx
  ● Test suite failed to run


      [31mx[0m Expected ',', got ';'
         ,-[[36;1;4mC:\Users\alexi\Documents\projects\maicivy\frontend\components\letters\__tests__\LetterGenerator.test.tsx[0m:108:1]
     [2m108[0m |     server.use(
     [2m109[0m |       rest.post('*/api/letters/generate', async () => {
     [2m110[0m |         await new Promise((resolve) => setTimeout(resolve, 100));
     [2m111[0m |         return res(ctx.json(mockLetterResponse);
         : [31;1m                                               ^[0m
     [2m112[0m |       })
     [2m113[0m |     );
         `----


    Caused by:
        Syntax Error

      at Object.transformSync (node_modules/next/src/build/swc/index.ts:1433:25)
      at transformSync (node_modules/next/src/build/swc/index.ts:1550:19)
      at Object.process (node_modules/next/src/build/swc/jest-transformer.ts:104:25)
      at ScriptTransformer.transformSource (node_modules/@jest/transform/build/index.js:422:31)
      at ScriptTransformer._transformAndBuildScript (node_modules/@jest/transform/build/index.js:519:40)
      at ScriptTransformer.transform (node_modules/@jest/transform/build/index.js:558:19)

FAIL hooks/__tests__/useTimelineData.test.ts
  ● Test suite failed to run


      [31mx[0m Expected ',', got 'const'
        ,-[[36;1;4mC:\Users\alexi\Documents\projects\maicivy\frontend\hooks\__tests__\useTimelineData.test.ts[0m:78:1]
     [2m78[0m |       rest.get('/api/v1/timeline/milestones', () => res(ctx.json(mockMilestones))
     [2m79[0m |     )
     [2m80[0m | 
     [2m81[0m |     const { result } = renderHook(() => useTimelineData({ autoFetch: true }))
        : [31;1m    ^^^^^[0m
     [2m82[0m | 
     [2m83[0m |     expect(result.current.isLoading).toBe(true)
        `----


    Caused by:
        Syntax Error

      at Object.transformSync (node_modules/next/src/build/swc/index.ts:1433:25)
      at transformSync (node_modules/next/src/build/swc/index.ts:1550:19)
      at Object.process (node_modules/next/src/build/swc/jest-transformer.ts:104:25)
      at ScriptTransformer.transformSource (node_modules/@jest/transform/build/index.js:422:31)
      at ScriptTransformer._transformAndBuildScript (node_modules/@jest/transform/build/index.js:519:40)
      at ScriptTransformer.transform (node_modules/@jest/transform/build/index.js:558:19)

FAIL hooks/__tests__/useVisitCount.test.ts
  ● Test suite failed to run


      [31mx[0m Expected ',', got '}'
        ,-[[36;1;4mC:\Users\alexi\Documents\projects\maicivy\frontend\hooks\__tests__\useVisitCount.test.ts[0m:17:1]
     [2m17[0m |           remainingVisits: 1,
     [2m18[0m |           sessionId: 'test-session-123',
     [2m19[0m |         })
     [2m20[0m |       })
        : [31;1m      ^[0m
     [2m21[0m |     )
     [2m22[0m | 
     [2m23[0m |     const { result } = renderHook(() => useVisitCount())
        `----


    Caused by:
        Syntax Error

      at Object.transformSync (node_modules/next/src/build/swc/index.ts:1433:25)
      at transformSync (node_modules/next/src/build/swc/index.ts:1550:19)
      at Object.process (node_modules/next/src/build/swc/jest-transformer.ts:104:25)
      at ScriptTransformer.transformSource (node_modules/@jest/transform/build/index.js:422:31)
      at ScriptTransformer._transformAndBuildScript (node_modules/@jest/transform/build/index.js:519:40)
      at ScriptTransformer.transform (node_modules/@jest/transform/build/index.js:558:19)

FAIL components/__tests__/GitHubStatus.test.tsx (12.968 s)
  ● Console

    console.error
      Failed to fetch GitHub status: TypeError: Failed to parse URL from undefined/api/v1/github/status?username=testuser
          at new Request (C:\Users\alexi\Documents\projects\maicivy\frontend\node_modules\undici\lib\web\fetch\request.js:136:15)
          at FetchInterceptor.<anonymous> (C:\Users\alexi\Documents\projects\maicivy\frontend\node_modules\@mswjs\interceptors\src\interceptors\fetch\index.ts:42:23)
          ... 36 lines matching cause stack trace ...
          at Object.worker (C:\Users\alexi\Documents\projects\maicivy\frontend\node_modules\jest-runner\build\testWorker.js:497:12) {
        [cause]: TypeError: Invalid URL: undefined/api/v1/github/status?username=testuser
            at new URLImpl (C:\Users\alexi\Documents\projects\maicivy\frontend\node_modules\whatwg-url\lib\URL-impl.js:20:13)
            at Object.exports.setup (C:\Users\alexi\Documents\projects\maicivy\frontend\node_modules\whatwg-url\lib\URL.js:54:12)
            at new URL (C:\Users\alexi\Documents\projects\maicivy\frontend\node_modules\whatwg-url\lib\URL.js:115:22)
            at new Request (C:\Users\alexi\Documents\projects\maicivy\frontend\node_modules\undici\lib\web\fetch\request.js:134:21)
            at FetchInterceptor.<anonymous> (C:\Users\alexi\Documents\projects\maicivy\frontend\node_modules\@mswjs\interceptors\src\interceptors\fetch\index.ts:42:23)
            at step (C:\Users\alexi\Documents\projects\maicivy\frontend\node_modules\@mswjs\interceptors\lib\interceptors\fetch\index.js:59:23)
            at Object.next (C:\Users\alexi\Documents\projects\maicivy\frontend\node_modules\@mswjs\interceptors\lib\interceptors\fetch\index.js:40:53)
            at C:\Users\alexi\Documents\projects\maicivy\frontend\node_modules\@mswjs\interceptors\lib\interceptors\fetch\index.js:34:71
            at new Promise (<anonymous>)
            at __awaiter (C:\Users\alexi\Documents\projects\maicivy\frontend\node_modules\@mswjs\interceptors\lib\interceptors\fetch\index.js:30:12)
            at globalThis.fetch (C:\Users\alexi\Documents\projects\maicivy\frontend\node_modules\@mswjs\interceptors\src\interceptors\fetch\index.ts:41:42)
            at fetch (C:\Users\alexi\Documents\projects\maicivy\frontend\components\github\GitHubStatus.tsx:30:30)
            at fetchStatus (C:\Users\alexi\Documents\projects\maicivy\frontend\components\github\GitHubStatus.tsx:24:5)
            at commitHookEffectListMount (C:\Users\alexi\Documents\projects\maicivy\frontend\node_modules\react-dom\cjs\react-dom.development.js:23189:26)
            at commitPassiveMountOnFiber (C:\Users\alexi\Documents\projects\maicivy\frontend\node_modules\react-dom\cjs\react-dom.development.js:24970:11)
            at commitPassiveMountEffects_complete (C:\Users\alexi\Documents\projects\maicivy\frontend\node_modules\react-dom\cjs\react-dom.development.js:24930:9)
            at commitPassiveMountEffects_begin (C:\Users\alexi\Documents\projects\maicivy\frontend\node_modules\react-dom\cjs\react-dom.development.js:24917:7)
            at commitPassiveMountEffects (C:\Users\alexi\Documents\projects\maicivy\frontend\node_modules\react-dom\cjs\react-dom.development.js:24905:3)
            at flushPassiveEffectsImpl (C:\Users\alexi\Documents\projects\maicivy\frontend\node_modules\react-dom\cjs\react-dom.development.js:27078:3)
            at flushPassiveEffects (C:\Users\alexi\Documents\projects\maicivy\frontend\node_modules\react-dom\cjs\react-dom.development.js:27023:14)
            at C:\Users\alexi\Documents\projects\maicivy\frontend\node_modules\react-dom\cjs\react-dom.development.js:26808:9
            at flushActQueue (C:\Users\alexi\Documents\projects\maicivy\frontend\node_modules\react\cjs\react.development.js:2667:24)
            at act (C:\Users\alexi\Documents\projects\maicivy\frontend\node_modules\react\cjs\react.development.js:2582:11)
            at C:\Users\alexi\Documents\projects\maicivy\frontend\node_modules\@testing-library\react\dist\act-compat.js:47:25
            at renderRoot (C:\Users\alexi\Documents\projects\maicivy\frontend\node_modules\@testing-library\react\dist\pure.js:190:26)
            at render (C:\Users\alexi\Documents\projects\maicivy\frontend\node_modules\@testing-library\react\dist\pure.js:292:10)
            at Object.<anonymous> (C:\Users\alexi\Documents\projects\maicivy\frontend\components\__tests__\GitHubStatus.test.tsx:23:11)
            at Promise.finally.completed (C:\Users\alexi\Documents\projects\maicivy\frontend\node_modules\jest-circus\build\jestAdapterInit.js:1557:28)
            at new Promise (<anonymous>)
            at callAsyncCircusFn (C:\Users\alexi\Documents\projects\maicivy\frontend\node_modules\jest-circus\build\jestAdapterInit.js:1497:10)
            at _callCircusTest (C:\Users\alexi\Documents\projects\maicivy\frontend\node_modules\jest-circus\build\jestAdapterInit.js:1007:40)
            at processTicksAndRejections (node:internal/process/task_queues:103:5)
            at _runTest (C:\Users\alexi\Documents\projects\maicivy\frontend\node_modules\jest-circus\build\jestAdapterInit.js:947:3)
            at C:\Users\alexi\Documents\projects\maicivy\frontend\node_modules\jest-circus\build\jestAdapterInit.js:849:7
            at _runTestsForDescribeBlock (C:\Users\alexi\Documents\projects\maicivy\frontend\node_modules\jest-circus\build\jestAdapterInit.js:862:11)
            at _runTestsForDescribeBlock (C:\Users\alexi\Documents\projects\maicivy\frontend\node_modules\jest-circus\build\jestAdapterInit.js:857:11)
            at run (C:\Users\alexi\Documents\projects\maicivy\frontend\node_modules\jest-circus\build\jestAdapterInit.js:761:3)
            at runAndTransformResultsToJestFormat (C:\Users\alexi\Documents\projects\maicivy\frontend\node_modules\jest-circus\build\jestAdapterInit.js:1918:21)
            at jestAdapter (C:\Users\alexi\Documents\projects\maicivy\frontend\node_modules\jest-circus\build\runner.js:101:19)
            at runTestInternal (C:\Users\alexi\Documents\projects\maicivy\frontend\node_modules\jest-runner\build\testWorker.js:275:16)
            at runTest (C:\Users\alexi\Documents\projects\maicivy\frontend\node_modules\jest-runner\build\testWorker.js:343:7)
            at Object.worker (C:\Users\alexi\Documents\projects\maicivy\frontend\node_modules\jest-runner\build\testWorker.js:497:12)
      }

    [0m [90m 34 |[39m       setStatus(data)[33m;[39m
     [90m 35 |[39m     } [36mcatch[39m (error) {
    [31m[1m>[22m[39m[90m 36 |[39m       console[33m.[39merror([32m'Failed to fetch GitHub status:'[39m[33m,[39m error)[33m;[39m
     [90m    |[39m               [31m[1m^[22m[39m
     [90m 37 |[39m     } [36mfinally[39m {
     [90m 38 |[39m       setLoading([36mfalse[39m)[33m;[39m
     [90m 39 |[39m     }[0m

      at error (components/github/GitHubStatus.tsx:36:15)

    console.error
      Warning: An update to GitHubStatus inside a test was not wrapped in act(...).
      
      When testing, code that causes React state updates should be wrapped into act(...):
      
      act(() => {
        /* fire events that update state */
      });
      /* assert on the output */
      
      This ensures that you're testing the behavior the user would see in the browser. Learn more at https://reactjs.org/link/wrap-tests-with-act
          at username (C:\Users\alexi\Documents\projects\maicivy\frontend\components\github\GitHubStatus.tsx:18:32)

    [0m [90m 36 |[39m       console[33m.[39merror([32m'Failed to fetch GitHub status:'[39m[33m,[39m error)[33m;[39m
     [90m 37 |[39m     } [36mfinally[39m {
    [31m[1m>[22m[39m[90m 38 |[39m       setLoading([36mfalse[39m)[33m;[39m
     [90m    |[39m       [31m[1m^[22m[39m
     [90m 39 |[39m     }
     [90m 40 |[39m   }[33m;[39m
     [90m 41 |[39m[0m

      at printWarning (node_modules/react-dom/cjs/react-dom.development.js:86:30)
      at error (node_modules/react-dom/cjs/react-dom.development.js:60:7)
      at warnIfUpdatesNotWrappedWithActDEV (node_modules/react-dom/cjs/react-dom.development.js:27628:9)
      at scheduleUpdateOnFiber (node_modules/react-dom/cjs/react-dom.development.js:25547:5)
      at dispatchSetState (node_modules/react-dom/cjs/react-dom.development.js:16708:7)
      at setLoading (components/github/GitHubStatus.tsx:38:7)

    console.error
      Failed to fetch GitHub status: TypeError: Failed to parse URL from undefined/api/v1/github/status?username=testuser
          at new Request (C:\Users\alexi\Documents\projects\maicivy\frontend\node_modules\undici\lib\web\fetch\request.js:136:15)
          at FetchInterceptor.<anonymous> (C:\Users\alexi\Documents\projects\maicivy\frontend\node_modules\@mswjs\interceptors\src\interceptors\fetch\index.ts:42:23)
          ... 36 lines matching cause stack trace ...
          at Object.worker (C:\Users\alexi\Documents\projects\maicivy\frontend\node_modules\jest-runner\build\testWorker.js:497:12) {
        [cause]: TypeError: Invalid URL: undefined/api/v1/github/status?username=testuser
            at new URLImpl (C:\Users\alexi\Documents\projects\maicivy\frontend\node_modules\whatwg-url\lib\URL-impl.js:20:13)
            at Object.exports.setup (C:\Users\alexi\Documents\projects\maicivy\frontend\node_modules\whatwg-url\lib\URL.js:54:12)
            at new URL (C:\Users\alexi\Documents\projects\maicivy\frontend\node_modules\whatwg-url\lib\URL.js:115:22)
            at new Request (C:\Users\alexi\Documents\projects\maicivy\frontend\node_modules\undici\lib\web\fetch\request.js:134:21)
            at FetchInterceptor.<anonymous> (C:\Users\alexi\Documents\projects\maicivy\frontend\node_modules\@mswjs\interceptors\src\interceptors\fetch\index.ts:42:23)
            at step (C:\Users\alexi\Documents\projects\maicivy\frontend\node_modules\@mswjs\interceptors\lib\interceptors\fetch\index.js:59:23)
            at Object.next (C:\Users\alexi\Documents\projects\maicivy\frontend\node_modules\@mswjs\interceptors\lib\interceptors\fetch\index.js:40:53)
            at C:\Users\alexi\Documents\projects\maicivy\frontend\node_modules\@mswjs\interceptors\lib\interceptors\fetch\index.js:34:71
            at new Promise (<anonymous>)
            at __awaiter (C:\Users\alexi\Documents\projects\maicivy\frontend\node_modules\@mswjs\interceptors\lib\interceptors\fetch\index.js:30:12)
            at globalThis.fetch (C:\Users\alexi\Documents\projects\maicivy\frontend\node_modules\@mswjs\interceptors\src\interceptors\fetch\index.ts:41:42)
            at fetch (C:\Users\alexi\Documents\projects\maicivy\frontend\components\github\GitHubStatus.tsx:30:30)
            at fetchStatus (C:\Users\alexi\Documents\projects\maicivy\frontend\components\github\GitHubStatus.tsx:24:5)
            at commitHookEffectListMount (C:\Users\alexi\Documents\projects\maicivy\frontend\node_modules\react-dom\cjs\react-dom.development.js:23189:26)
            at commitPassiveMountOnFiber (C:\Users\alexi\Documents\projects\maicivy\frontend\node_modules\react-dom\cjs\react-dom.development.js:24970:11)
            at commitPassiveMountEffects_complete (C:\Users\alexi\Documents\projects\maicivy\frontend\node_modules\react-dom\cjs\react-dom.development.js:24930:9)
            at commitPassiveMountEffects_begin (C:\Users\alexi\Documents\projects\maicivy\frontend\node_modules\react-dom\cjs\react-dom.development.js:24917:7)
            at commitPassiveMountEffects (C:\Users\alexi\Documents\projects\maicivy\frontend\node_modules\react-dom\cjs\react-dom.development.js:24905:3)
            at flushPassiveEffectsImpl (C:\Users\alexi\Documents\projects\maicivy\frontend\node_modules\react-dom\cjs\react-dom.development.js:27078:3)
            at flushPassiveEffects (C:\Users\alexi\Documents\projects\maicivy\frontend\node_modules\react-dom\cjs\react-dom.development.js:27023:14)
            at C:\Users\alexi\Documents\projects\maicivy\frontend\node_modules\react-dom\cjs\react-dom.development.js:26808:9
            at flushActQueue (C:\Users\alexi\Documents\projects\maicivy\frontend\node_modules\react\cjs\react.development.js:2667:24)
            at act (C:\Users\alexi\Documents\projects\maicivy\frontend\node_modules\react\cjs\react.development.js:2582:11)
            at C:\Users\alexi\Documents\projects\maicivy\frontend\node_modules\@testing-library\react\dist\act-compat.js:47:25
            at renderRoot (C:\Users\alexi\Documents\projects\maicivy\frontend\node_modules\@testing-library\react\dist\pure.js:190:26)
            at render (C:\Users\alexi\Documents\projects\maicivy\frontend\node_modules\@testing-library\react\dist\pure.js:292:10)
            at Object.<anonymous> (C:\Users\alexi\Documents\projects\maicivy\frontend\components\__tests__\GitHubStatus.test.tsx:36:11)
            at Promise.finally.completed (C:\Users\alexi\Documents\projects\maicivy\frontend\node_modules\jest-circus\build\jestAdapterInit.js:1557:28)
            at new Promise (<anonymous>)
            at callAsyncCircusFn (C:\Users\alexi\Documents\projects\maicivy\frontend\node_modules\jest-circus\build\jestAdapterInit.js:1497:10)
            at _callCircusTest (C:\Users\alexi\Documents\projects\maicivy\frontend\node_modules\jest-circus\build\jestAdapterInit.js:1007:40)
            at processTicksAndRejections (node:internal/process/task_queues:103:5)
            at _runTest (C:\Users\alexi\Documents\projects\maicivy\frontend\node_modules\jest-circus\build\jestAdapterInit.js:947:3)
            at C:\Users\alexi\Documents\projects\maicivy\frontend\node_modules\jest-circus\build\jestAdapterInit.js:849:7
            at _runTestsForDescribeBlock (C:\Users\alexi\Documents\projects\maicivy\frontend\node_modules\jest-circus\build\jestAdapterInit.js:862:11)
            at _runTestsForDescribeBlock (C:\Users\alexi\Documents\projects\maicivy\frontend\node_modules\jest-circus\build\jestAdapterInit.js:857:11)
            at run (C:\Users\alexi\Documents\projects\maicivy\frontend\node_modules\jest-circus\build\jestAdapterInit.js:761:3)
            at runAndTransformResultsToJestFormat (C:\Users\alexi\Documents\projects\maicivy\frontend\node_modules\jest-circus\build\jestAdapterInit.js:1918:21)
            at jestAdapter (C:\Users\alexi\Documents\projects\maicivy\frontend\node_modules\jest-circus\build\runner.js:101:19)
            at runTestInternal (C:\Users\alexi\Documents\projects\maicivy\frontend\node_modules\jest-runner\build\testWorker.js:275:16)
            at runTest (C:\Users\alexi\Documents\projects\maicivy\frontend\node_modules\jest-runner\build\testWorker.js:343:7)
            at Object.worker (C:\Users\alexi\Documents\projects\maicivy\frontend\node_modules\jest-runner\build\testWorker.js:497:12)
      }

    [0m [90m 34 |[39m       setStatus(data)[33m;[39m
     [90m 35 |[39m     } [36mcatch[39m (error) {
    [31m[1m>[22m[39m[90m 36 |[39m       console[33m.[39merror([32m'Failed to fetch GitHub status:'[39m[33m,[39m error)[33m;[39m
     [90m    |[39m               [31m[1m^[22m[39m
     [90m 37 |[39m     } [36mfinally[39m {
     [90m 38 |[39m       setLoading([36mfalse[39m)[33m;[39m
     [90m 39 |[39m     }[0m

      at error (components/github/GitHubStatus.tsx:36:15)

    console.error
      Failed to fetch GitHub status: TypeError: Failed to parse URL from undefined/api/v1/github/status?username=testuser
          at new Request (C:\Users\alexi\Documents\projects\maicivy\frontend\node_modules\undici\lib\web\fetch\request.js:136:15)
          at FetchInterceptor.<anonymous> (C:\Users\alexi\Documents\projects\maicivy\frontend\node_modules\@mswjs\interceptors\src\interceptors\fetch\index.ts:42:23)
          ... 35 lines matching cause stack trace ...
          at Object.worker (C:\Users\alexi\Documents\projects\maicivy\frontend\node_modules\jest-runner\build\testWorker.js:497:12) {
        [cause]: TypeError: Invalid URL: undefined/api/v1/github/status?username=testuser
            at new URLImpl (C:\Users\alexi\Documents\projects\maicivy\frontend\node_modules\whatwg-url\lib\URL-impl.js:20:13)
            at Object.exports.setup (C:\Users\alexi\Documents\projects\maicivy\frontend\node_modules\whatwg-url\lib\URL.js:54:12)
            at new URL (C:\Users\alexi\Documents\projects\maicivy\frontend\node_modules\whatwg-url\lib\URL.js:115:22)
            at new Request (C:\Users\alexi\Documents\projects\maicivy\frontend\node_modules\undici\lib\web\fetch\request.js:134:21)
            at FetchInterceptor.<anonymous> (C:\Users\alexi\Documents\projects\maicivy\frontend\node_modules\@mswjs\interceptors\src\interceptors\fetch\index.ts:42:23)
            at step (C:\Users\alexi\Documents\projects\maicivy\frontend\node_modules\@mswjs\interceptors\lib\interceptors\fetch\index.js:59:23)
            at Object.next (C:\Users\alexi\Documents\projects\maicivy\frontend\node_modules\@mswjs\interceptors\lib\interceptors\fetch\index.js:40:53)
            at C:\Users\alexi\Documents\projects\maicivy\frontend\node_modules\@mswjs\interceptors\lib\interceptors\fetch\index.js:34:71
            at new Promise (<anonymous>)
            at __awaiter (C:\Users\alexi\Documents\projects\maicivy\frontend\node_modules\@mswjs\interceptors\lib\interceptors\fetch\index.js:30:12)
            at globalThis.fetch (C:\Users\alexi\Documents\projects\maicivy\frontend\node_modules\@mswjs\interceptors\src\interceptors\fetch\index.ts:41:42)
            at fetch (C:\Users\alexi\Documents\projects\maicivy\frontend\components\github\GitHubStatus.tsx:30:30)
            at fetchStatus (C:\Users\alexi\Documents\projects\maicivy\frontend\components\github\GitHubStatus.tsx:24:5)
            at commitHookEffectListMount (C:\Users\alexi\Documents\projects\maicivy\frontend\node_modules\react-dom\cjs\react-dom.development.js:23189:26)
            at commitPassiveMountOnFiber (C:\Users\alexi\Documents\projects\maicivy\frontend\node_modules\react-dom\cjs\react-dom.development.js:24970:11)
            at commitPassiveMountEffects_complete (C:\Users\alexi\Documents\projects\maicivy\frontend\node_modules\react-dom\cjs\react-dom.development.js:24930:9)
            at commitPassiveMountEffects_begin (C:\Users\alexi\Documents\projects\maicivy\frontend\node_modules\react-dom\cjs\react-dom.development.js:24917:7)
            at commitPassiveMountEffects (C:\Users\alexi\Documents\projects\maicivy\frontend\node_modules\react-dom\cjs\react-dom.development.js:24905:3)
            at flushPassiveEffectsImpl (C:\Users\alexi\Documents\projects\maicivy\frontend\node_modules\react-dom\cjs\react-dom.development.js:27078:3)
            at flushPassiveEffects (C:\Users\alexi\Documents\projects\maicivy\frontend\node_modules\react-dom\cjs\react-dom.development.js:27023:14)
            at C:\Users\alexi\Documents\projects\maicivy\frontend\node_modules\react-dom\cjs\react-dom.development.js:26808:9
            at flushActQueue (C:\Users\alexi\Documents\projects\maicivy\frontend\node_modules\react\cjs\react.development.js:2667:24)
            at act (C:\Users\alexi\Documents\projects\maicivy\frontend\node_modules\react\cjs\react.development.js:2582:11)
            at C:\Users\alexi\Documents\projects\maicivy\frontend\node_modules\@testing-library\react\dist\act-compat.js:47:25
            at renderRoot (C:\Users\alexi\Documents\projects\maicivy\frontend\node_modules\@testing-library\react\dist\pure.js:190:26)
            at render (C:\Users\alexi\Documents\projects\maicivy\frontend\node_modules\@testing-library\react\dist\pure.js:292:10)
            at Object.<anonymous> (C:\Users\alexi\Documents\projects\maicivy\frontend\components\__tests__\GitHubStatus.test.tsx:55:11)
            at Promise.finally.completed (C:\Users\alexi\Documents\projects\maicivy\frontend\node_modules\jest-circus\build\jestAdapterInit.js:1557:28)
            at new Promise (<anonymous>)
            at callAsyncCircusFn (C:\Users\alexi\Documents\projects\maicivy\frontend\node_modules\jest-circus\build\jestAdapterInit.js:1497:10)
            at _callCircusTest (C:\Users\alexi\Documents\projects\maicivy\frontend\node_modules\jest-circus\build\jestAdapterInit.js:1007:40)
            at _runTest (C:\Users\alexi\Documents\projects\maicivy\frontend\node_modules\jest-circus\build\jestAdapterInit.js:947:3)
            at C:\Users\alexi\Documents\projects\maicivy\frontend\node_modules\jest-circus\build\jestAdapterInit.js:849:7
            at _runTestsForDescribeBlock (C:\Users\alexi\Documents\projects\maicivy\frontend\node_modules\jest-circus\build\jestAdapterInit.js:862:11)
            at _runTestsForDescribeBlock (C:\Users\alexi\Documents\projects\maicivy\frontend\node_modules\jest-circus\build\jestAdapterInit.js:857:11)
            at run (C:\Users\alexi\Documents\projects\maicivy\frontend\node_modules\jest-circus\build\jestAdapterInit.js:761:3)
            at runAndTransformResultsToJestFormat (C:\Users\alexi\Documents\projects\maicivy\frontend\node_modules\jest-circus\build\jestAdapterInit.js:1918:21)
            at jestAdapter (C:\Users\alexi\Documents\projects\maicivy\frontend\node_modules\jest-circus\build\runner.js:101:19)
            at runTestInternal (C:\Users\alexi\Documents\projects\maicivy\frontend\node_modules\jest-runner\build\testWorker.js:275:16)
            at runTest (C:\Users\alexi\Documents\projects\maicivy\frontend\node_modules\jest-runner\build\testWorker.js:343:7)
            at Object.worker (C:\Users\alexi\Documents\projects\maicivy\frontend\node_modules\jest-runner\build\testWorker.js:497:12)
      }

    [0m [90m 34 |[39m       setStatus(data)[33m;[39m
     [90m 35 |[39m     } [36mcatch[39m (error) {
    [31m[1m>[22m[39m[90m 36 |[39m       console[33m.[39merror([32m'Failed to fetch GitHub status:'[39m[33m,[39m error)[33m;[39m
     [90m    |[39m               [31m[1m^[22m[39m
     [90m 37 |[39m     } [36mfinally[39m {
     [90m 38 |[39m       setLoading([36mfalse[39m)[33m;[39m
     [90m 39 |[39m     }[0m

      at error (components/github/GitHubStatus.tsx:36:15)

    console.error
      Failed to fetch GitHub status: TypeError: Failed to parse URL from undefined/api/v1/github/status?username=testuser
          at new Request (C:\Users\alexi\Documents\projects\maicivy\frontend\node_modules\undici\lib\web\fetch\request.js:136:15)
          at FetchInterceptor.<anonymous> (C:\Users\alexi\Documents\projects\maicivy\frontend\node_modules\@mswjs\interceptors\src\interceptors\fetch\index.ts:42:23)
          ... 35 lines matching cause stack trace ...
          at Object.worker (C:\Users\alexi\Documents\projects\maicivy\frontend\node_modules\jest-runner\build\testWorker.js:497:12) {
        [cause]: TypeError: Invalid URL: undefined/api/v1/github/status?username=testuser
            at new URLImpl (C:\Users\alexi\Documents\projects\maicivy\frontend\node_modules\whatwg-url\lib\URL-impl.js:20:13)
            at Object.exports.setup (C:\Users\alexi\Documents\projects\maicivy\frontend\node_modules\whatwg-url\lib\URL.js:54:12)
            at new URL (C:\Users\alexi\Documents\projects\maicivy\frontend\node_modules\whatwg-url\lib\URL.js:115:22)
            at new Request (C:\Users\alexi\Documents\projects\maicivy\frontend\node_modules\undici\lib\web\fetch\request.js:134:21)
            at FetchInterceptor.<anonymous> (C:\Users\alexi\Documents\projects\maicivy\frontend\node_modules\@mswjs\interceptors\src\interceptors\fetch\index.ts:42:23)
            at step (C:\Users\alexi\Documents\projects\maicivy\frontend\node_modules\@mswjs\interceptors\lib\interceptors\fetch\index.js:59:23)
            at Object.next (C:\Users\alexi\Documents\projects\maicivy\frontend\node_modules\@mswjs\interceptors\lib\interceptors\fetch\index.js:40:53)
            at C:\Users\alexi\Documents\projects\maicivy\frontend\node_modules\@mswjs\interceptors\lib\interceptors\fetch\index.js:34:71
            at new Promise (<anonymous>)
            at __awaiter (C:\Users\alexi\Documents\projects\maicivy\frontend\node_modules\@mswjs\interceptors\lib\interceptors\fetch\index.js:30:12)
            at globalThis.fetch (C:\Users\alexi\Documents\projects\maicivy\frontend\node_modules\@mswjs\interceptors\src\interceptors\fetch\index.ts:41:42)
            at fetch (C:\Users\alexi\Documents\projects\maicivy\frontend\components\github\GitHubStatus.tsx:30:30)
            at fetchStatus (C:\Users\alexi\Documents\projects\maicivy\frontend\components\github\GitHubStatus.tsx:24:5)
            at commitHookEffectListMount (C:\Users\alexi\Documents\projects\maicivy\frontend\node_modules\react-dom\cjs\react-dom.development.js:23189:26)
            at commitPassiveMountOnFiber (C:\Users\alexi\Documents\projects\maicivy\frontend\node_modules\react-dom\cjs\react-dom.development.js:24970:11)
            at commitPassiveMountEffects_complete (C:\Users\alexi\Documents\projects\maicivy\frontend\node_modules\react-dom\cjs\react-dom.development.js:24930:9)
            at commitPassiveMountEffects_begin (C:\Users\alexi\Documents\projects\maicivy\frontend\node_modules\react-dom\cjs\react-dom.development.js:24917:7)
            at commitPassiveMountEffects (C:\Users\alexi\Documents\projects\maicivy\frontend\node_modules\react-dom\cjs\react-dom.development.js:24905:3)
            at flushPassiveEffectsImpl (C:\Users\alexi\Documents\projects\maicivy\frontend\node_modules\react-dom\cjs\react-dom.development.js:27078:3)
            at flushPassiveEffects (C:\Users\alexi\Documents\projects\maicivy\frontend\node_modules\react-dom\cjs\react-dom.development.js:27023:14)
            at C:\Users\alexi\Documents\projects\maicivy\frontend\node_modules\react-dom\cjs\react-dom.development.js:26808:9
            at flushActQueue (C:\Users\alexi\Documents\projects\maicivy\frontend\node_modules\react\cjs\react.development.js:2667:24)
            at act (C:\Users\alexi\Documents\projects\maicivy\frontend\node_modules\react\cjs\react.development.js:2582:11)
            at C:\Users\alexi\Documents\projects\maicivy\frontend\node_modules\@testing-library\react\dist\act-compat.js:47:25
            at renderRoot (C:\Users\alexi\Documents\projects\maicivy\frontend\node_modules\@testing-library\react\dist\pure.js:190:26)
            at render (C:\Users\alexi\Documents\projects\maicivy\frontend\node_modules\@testing-library\react\dist\pure.js:292:10)
            at Object.<anonymous> (C:\Users\alexi\Documents\projects\maicivy\frontend\components\__tests__\GitHubStatus.test.tsx:74:11)
            at Promise.finally.completed (C:\Users\alexi\Documents\projects\maicivy\frontend\node_modules\jest-circus\build\jestAdapterInit.js:1557:28)
            at new Promise (<anonymous>)
            at callAsyncCircusFn (C:\Users\alexi\Documents\projects\maicivy\frontend\node_modules\jest-circus\build\jestAdapterInit.js:1497:10)
            at _callCircusTest (C:\Users\alexi\Documents\projects\maicivy\frontend\node_modules\jest-circus\build\jestAdapterInit.js:1007:40)
            at _runTest (C:\Users\alexi\Documents\projects\maicivy\frontend\node_modules\jest-circus\build\jestAdapterInit.js:947:3)
            at C:\Users\alexi\Documents\projects\maicivy\frontend\node_modules\jest-circus\build\jestAdapterInit.js:849:7
            at _runTestsForDescribeBlock (C:\Users\alexi\Documents\projects\maicivy\frontend\node_modules\jest-circus\build\jestAdapterInit.js:862:11)
            at _runTestsForDescribeBlock (C:\Users\alexi\Documents\projects\maicivy\frontend\node_modules\jest-circus\build\jestAdapterInit.js:857:11)
            at run (C:\Users\alexi\Documents\projects\maicivy\frontend\node_modules\jest-circus\build\jestAdapterInit.js:761:3)
            at runAndTransformResultsToJestFormat (C:\Users\alexi\Documents\projects\maicivy\frontend\node_modules\jest-circus\build\jestAdapterInit.js:1918:21)
            at jestAdapter (C:\Users\alexi\Documents\projects\maicivy\frontend\node_modules\jest-circus\build\runner.js:101:19)
            at runTestInternal (C:\Users\alexi\Documents\projects\maicivy\frontend\node_modules\jest-runner\build\testWorker.js:275:16)
            at runTest (C:\Users\alexi\Documents\projects\maicivy\frontend\node_modules\jest-runner\build\testWorker.js:343:7)
            at Object.worker (C:\Users\alexi\Documents\projects\maicivy\frontend\node_modules\jest-runner\build\testWorker.js:497:12)
      }

    [0m [90m 34 |[39m       setStatus(data)[33m;[39m
     [90m 35 |[39m     } [36mcatch[39m (error) {
    [31m[1m>[22m[39m[90m 36 |[39m       console[33m.[39merror([32m'Failed to fetch GitHub status:'[39m[33m,[39m error)[33m;[39m
     [90m    |[39m               [31m[1m^[22m[39m
     [90m 37 |[39m     } [36mfinally[39m {
     [90m 38 |[39m       setLoading([36mfalse[39m)[33m;[39m
     [90m 39 |[39m     }[0m

      at error (components/github/GitHubStatus.tsx:36:15)

    console.error
      Failed to fetch GitHub status: TypeError: Failed to parse URL from undefined/api/v1/github/status?username=testuser
          at new Request (C:\Users\alexi\Documents\projects\maicivy\frontend\node_modules\undici\lib\web\fetch\request.js:136:15)
          at FetchInterceptor.<anonymous> (C:\Users\alexi\Documents\projects\maicivy\frontend\node_modules\@mswjs\interceptors\src\interceptors\fetch\index.ts:42:23)
          ... 35 lines matching cause stack trace ...
          at Object.worker (C:\Users\alexi\Documents\projects\maicivy\frontend\node_modules\jest-runner\build\testWorker.js:497:12) {
        [cause]: TypeError: Invalid URL: undefined/api/v1/github/status?username=testuser
            at new URLImpl (C:\Users\alexi\Documents\projects\maicivy\frontend\node_modules\whatwg-url\lib\URL-impl.js:20:13)
            at Object.exports.setup (C:\Users\alexi\Documents\projects\maicivy\frontend\node_modules\whatwg-url\lib\URL.js:54:12)
            at new URL (C:\Users\alexi\Documents\projects\maicivy\frontend\node_modules\whatwg-url\lib\URL.js:115:22)
            at new Request (C:\Users\alexi\Documents\projects\maicivy\frontend\node_modules\undici\lib\web\fetch\request.js:134:21)
            at FetchInterceptor.<anonymous> (C:\Users\alexi\Documents\projects\maicivy\frontend\node_modules\@mswjs\interceptors\src\interceptors\fetch\index.ts:42:23)
            at step (C:\Users\alexi\Documents\projects\maicivy\frontend\node_modules\@mswjs\interceptors\lib\interceptors\fetch\index.js:59:23)
            at Object.next (C:\Users\alexi\Documents\projects\maicivy\frontend\node_modules\@mswjs\interceptors\lib\interceptors\fetch\index.js:40:53)
            at C:\Users\alexi\Documents\projects\maicivy\frontend\node_modules\@mswjs\interceptors\lib\interceptors\fetch\index.js:34:71
            at new Promise (<anonymous>)
            at __awaiter (C:\Users\alexi\Documents\projects\maicivy\frontend\node_modules\@mswjs\interceptors\lib\interceptors\fetch\index.js:30:12)
            at globalThis.fetch (C:\Users\alexi\Documents\projects\maicivy\frontend\node_modules\@mswjs\interceptors\src\interceptors\fetch\index.ts:41:42)
            at fetch (C:\Users\alexi\Documents\projects\maicivy\frontend\components\github\GitHubStatus.tsx:30:30)
            at fetchStatus (C:\Users\alexi\Documents\projects\maicivy\frontend\components\github\GitHubStatus.tsx:24:5)
            at commitHookEffectListMount (C:\Users\alexi\Documents\projects\maicivy\frontend\node_modules\react-dom\cjs\react-dom.development.js:23189:26)
            at commitPassiveMountOnFiber (C:\Users\alexi\Documents\projects\maicivy\frontend\node_modules\react-dom\cjs\react-dom.development.js:24970:11)
            at commitPassiveMountEffects_complete (C:\Users\alexi\Documents\projects\maicivy\frontend\node_modules\react-dom\cjs\react-dom.development.js:24930:9)
            at commitPassiveMountEffects_begin (C:\Users\alexi\Documents\projects\maicivy\frontend\node_modules\react-dom\cjs\react-dom.development.js:24917:7)
            at commitPassiveMountEffects (C:\Users\alexi\Documents\projects\maicivy\frontend\node_modules\react-dom\cjs\react-dom.development.js:24905:3)
            at flushPassiveEffectsImpl (C:\Users\alexi\Documents\projects\maicivy\frontend\node_modules\react-dom\cjs\react-dom.development.js:27078:3)
            at flushPassiveEffects (C:\Users\alexi\Documents\projects\maicivy\frontend\node_modules\react-dom\cjs\react-dom.development.js:27023:14)
            at C:\Users\alexi\Documents\projects\maicivy\frontend\node_modules\react-dom\cjs\react-dom.development.js:26808:9
            at flushActQueue (C:\Users\alexi\Documents\projects\maicivy\frontend\node_modules\react\cjs\react.development.js:2667:24)
            at act (C:\Users\alexi\Documents\projects\maicivy\frontend\node_modules\react\cjs\react.development.js:2582:11)
            at C:\Users\alexi\Documents\projects\maicivy\frontend\node_modules\@testing-library\react\dist\act-compat.js:47:25
            at renderRoot (C:\Users\alexi\Documents\projects\maicivy\frontend\node_modules\@testing-library\react\dist\pure.js:190:26)
            at render (C:\Users\alexi\Documents\projects\maicivy\frontend\node_modules\@testing-library\react\dist\pure.js:292:10)
            at Object.<anonymous> (C:\Users\alexi\Documents\projects\maicivy\frontend\components\__tests__\GitHubStatus.test.tsx:93:11)
            at Promise.finally.completed (C:\Users\alexi\Documents\projects\maicivy\frontend\node_modules\jest-circus\build\jestAdapterInit.js:1557:28)
            at new Promise (<anonymous>)
            at callAsyncCircusFn (C:\Users\alexi\Documents\projects\maicivy\frontend\node_modules\jest-circus\build\jestAdapterInit.js:1497:10)
            at _callCircusTest (C:\Users\alexi\Documents\projects\maicivy\frontend\node_modules\jest-circus\build\jestAdapterInit.js:1007:40)
            at _runTest (C:\Users\alexi\Documents\projects\maicivy\frontend\node_modules\jest-circus\build\jestAdapterInit.js:947:3)
            at C:\Users\alexi\Documents\projects\maicivy\frontend\node_modules\jest-circus\build\jestAdapterInit.js:849:7
            at _runTestsForDescribeBlock (C:\Users\alexi\Documents\projects\maicivy\frontend\node_modules\jest-circus\build\jestAdapterInit.js:862:11)
            at _runTestsForDescribeBlock (C:\Users\alexi\Documents\projects\maicivy\frontend\node_modules\jest-circus\build\jestAdapterInit.js:857:11)
            at run (C:\Users\alexi\Documents\projects\maicivy\frontend\node_modules\jest-circus\build\jestAdapterInit.js:761:3)
            at runAndTransformResultsToJestFormat (C:\Users\alexi\Documents\projects\maicivy\frontend\node_modules\jest-circus\build\jestAdapterInit.js:1918:21)
            at jestAdapter (C:\Users\alexi\Documents\projects\maicivy\frontend\node_modules\jest-circus\build\runner.js:101:19)
            at runTestInternal (C:\Users\alexi\Documents\projects\maicivy\frontend\node_modules\jest-runner\build\testWorker.js:275:16)
            at runTest (C:\Users\alexi\Documents\projects\maicivy\frontend\node_modules\jest-runner\build\testWorker.js:343:7)
            at Object.worker (C:\Users\alexi\Documents\projects\maicivy\frontend\node_modules\jest-runner\build\testWorker.js:497:12)
      }

    [0m [90m 34 |[39m       setStatus(data)[33m;[39m
     [90m 35 |[39m     } [36mcatch[39m (error) {
    [31m[1m>[22m[39m[90m 36 |[39m       console[33m.[39merror([32m'Failed to fetch GitHub status:'[39m[33m,[39m error)[33m;[39m
     [90m    |[39m               [31m[1m^[22m[39m
     [90m 37 |[39m     } [36mfinally[39m {
     [90m 38 |[39m       setLoading([36mfalse[39m)[33m;[39m
     [90m 39 |[39m     }[0m

      at error (components/github/GitHubStatus.tsx:36:15)

    console.error
      Failed to fetch GitHub status: TypeError: Failed to parse URL from undefined/api/v1/github/status?username=testuser
          at new Request (C:\Users\alexi\Documents\projects\maicivy\frontend\node_modules\undici\lib\web\fetch\request.js:136:15)
          at FetchInterceptor.<anonymous> (C:\Users\alexi\Documents\projects\maicivy\frontend\node_modules\@mswjs\interceptors\src\interceptors\fetch\index.ts:42:23)
          ... 35 lines matching cause stack trace ...
          at Object.worker (C:\Users\alexi\Documents\projects\maicivy\frontend\node_modules\jest-runner\build\testWorker.js:497:12) {
        [cause]: TypeError: Invalid URL: undefined/api/v1/github/status?username=testuser
            at new URLImpl (C:\Users\alexi\Documents\projects\maicivy\frontend\node_modules\whatwg-url\lib\URL-impl.js:20:13)
            at Object.exports.setup (C:\Users\alexi\Documents\projects\maicivy\frontend\node_modules\whatwg-url\lib\URL.js:54:12)
            at new URL (C:\Users\alexi\Documents\projects\maicivy\frontend\node_modules\whatwg-url\lib\URL.js:115:22)
            at new Request (C:\Users\alexi\Documents\projects\maicivy\frontend\node_modules\undici\lib\web\fetch\request.js:134:21)
            at FetchInterceptor.<anonymous> (C:\Users\alexi\Documents\projects\maicivy\frontend\node_modules\@mswjs\interceptors\src\interceptors\fetch\index.ts:42:23)
            at step (C:\Users\alexi\Documents\projects\maicivy\frontend\node_modules\@mswjs\interceptors\lib\interceptors\fetch\index.js:59:23)
            at Object.next (C:\Users\alexi\Documents\projects\maicivy\frontend\node_modules\@mswjs\interceptors\lib\interceptors\fetch\index.js:40:53)
            at C:\Users\alexi\Documents\projects\maicivy\frontend\node_modules\@mswjs\interceptors\lib\interceptors\fetch\index.js:34:71
            at new Promise (<anonymous>)
            at __awaiter (C:\Users\alexi\Documents\projects\maicivy\frontend\node_modules\@mswjs\interceptors\lib\interceptors\fetch\index.js:30:12)
            at globalThis.fetch (C:\Users\alexi\Documents\projects\maicivy\frontend\node_modules\@mswjs\interceptors\src\interceptors\fetch\index.ts:41:42)
            at fetch (C:\Users\alexi\Documents\projects\maicivy\frontend\components\github\GitHubStatus.tsx:30:30)
            at fetchStatus (C:\Users\alexi\Documents\projects\maicivy\frontend\components\github\GitHubStatus.tsx:24:5)
            at commitHookEffectListMount (C:\Users\alexi\Documents\projects\maicivy\frontend\node_modules\react-dom\cjs\react-dom.development.js:23189:26)
            at commitPassiveMountOnFiber (C:\Users\alexi\Documents\projects\maicivy\frontend\node_modules\react-dom\cjs\react-dom.development.js:24970:11)
            at commitPassiveMountEffects_complete (C:\Users\alexi\Documents\projects\maicivy\frontend\node_modules\react-dom\cjs\react-dom.development.js:24930:9)
            at commitPassiveMountEffects_begin (C:\Users\alexi\Documents\projects\maicivy\frontend\node_modules\react-dom\cjs\react-dom.development.js:24917:7)
            at commitPassiveMountEffects (C:\Users\alexi\Documents\projects\maicivy\frontend\node_modules\react-dom\cjs\react-dom.development.js:24905:3)
            at flushPassiveEffectsImpl (C:\Users\alexi\Documents\projects\maicivy\frontend\node_modules\react-dom\cjs\react-dom.development.js:27078:3)
            at flushPassiveEffects (C:\Users\alexi\Documents\projects\maicivy\frontend\node_modules\react-dom\cjs\react-dom.development.js:27023:14)
            at C:\Users\alexi\Documents\projects\maicivy\frontend\node_modules\react-dom\cjs\react-dom.development.js:26808:9
            at flushActQueue (C:\Users\alexi\Documents\projects\maicivy\frontend\node_modules\react\cjs\react.development.js:2667:24)
            at act (C:\Users\alexi\Documents\projects\maicivy\frontend\node_modules\react\cjs\react.development.js:2582:11)
            at C:\Users\alexi\Documents\projects\maicivy\frontend\node_modules\@testing-library\react\dist\act-compat.js:47:25
            at renderRoot (C:\Users\alexi\Documents\projects\maicivy\frontend\node_modules\@testing-library\react\dist\pure.js:190:26)
            at render (C:\Users\alexi\Documents\projects\maicivy\frontend\node_modules\@testing-library\react\dist\pure.js:292:10)
            at Object.<anonymous> (C:\Users\alexi\Documents\projects\maicivy\frontend\components\__tests__\GitHubStatus.test.tsx:112:11)
            at Promise.finally.completed (C:\Users\alexi\Documents\projects\maicivy\frontend\node_modules\jest-circus\build\jestAdapterInit.js:1557:28)
            at new Promise (<anonymous>)
            at callAsyncCircusFn (C:\Users\alexi\Documents\projects\maicivy\frontend\node_modules\jest-circus\build\jestAdapterInit.js:1497:10)
            at _callCircusTest (C:\Users\alexi\Documents\projects\maicivy\frontend\node_modules\jest-circus\build\jestAdapterInit.js:1007:40)
            at _runTest (C:\Users\alexi\Documents\projects\maicivy\frontend\node_modules\jest-circus\build\jestAdapterInit.js:947:3)
            at C:\Users\alexi\Documents\projects\maicivy\frontend\node_modules\jest-circus\build\jestAdapterInit.js:849:7
            at _runTestsForDescribeBlock (C:\Users\alexi\Documents\projects\maicivy\frontend\node_modules\jest-circus\build\jestAdapterInit.js:862:11)
            at _runTestsForDescribeBlock (C:\Users\alexi\Documents\projects\maicivy\frontend\node_modules\jest-circus\build\jestAdapterInit.js:857:11)
            at run (C:\Users\alexi\Documents\projects\maicivy\frontend\node_modules\jest-circus\build\jestAdapterInit.js:761:3)
            at runAndTransformResultsToJestFormat (C:\Users\alexi\Documents\projects\maicivy\frontend\node_modules\jest-circus\build\jestAdapterInit.js:1918:21)
            at jestAdapter (C:\Users\alexi\Documents\projects\maicivy\frontend\node_modules\jest-circus\build\runner.js:101:19)
            at runTestInternal (C:\Users\alexi\Documents\projects\maicivy\frontend\node_modules\jest-runner\build\testWorker.js:275:16)
            at runTest (C:\Users\alexi\Documents\projects\maicivy\frontend\node_modules\jest-runner\build\testWorker.js:343:7)
            at Object.worker (C:\Users\alexi\Documents\projects\maicivy\frontend\node_modules\jest-runner\build\testWorker.js:497:12)
      }

    [0m [90m 34 |[39m       setStatus(data)[33m;[39m
     [90m 35 |[39m     } [36mcatch[39m (error) {
    [31m[1m>[22m[39m[90m 36 |[39m       console[33m.[39merror([32m'Failed to fetch GitHub status:'[39m[33m,[39m error)[33m;[39m
     [90m    |[39m               [31m[1m^[22m[39m
     [90m 37 |[39m     } [36mfinally[39m {
     [90m 38 |[39m       setLoading([36mfalse[39m)[33m;[39m
     [90m 39 |[39m     }[0m

      at error (components/github/GitHubStatus.tsx:36:15)

  ● GitHubStatus › should fetch and display status

    Unable to find an element with the text: /connecté à github/i. This could be because the text is broken up by multiple elements. In this case, you can provide a function for your text matcher to make your matcher more flexible.

    Ignored nodes: comments, script, style
    [36m<body>[39m
      [36m<div>[39m
        [36m<div[39m
          [33mclass[39m=[32m"bg-gray-50 rounded-lg p-4"[39m
        [36m>[39m
          [36m<p[39m
            [33mclass[39m=[32m"text-sm text-gray-600"[39m
          [36m>[39m
            [0mGitHub non connecté[0m
          [36m</p>[39m
        [36m</div>[39m
      [36m</div>[39m
    [36m</body>[39m

    [0m [90m 36 |[39m     render([33m<[39m[33mGitHubStatus[39m username[33m=[39m[32m"testuser"[39m [33m/[39m[33m>[39m)[33m;[39m
     [90m 37 |[39m
    [31m[1m>[22m[39m[90m 38 |[39m     [36mawait[39m waitFor(() [33m=>[39m {
     [90m    |[39m                  [31m[1m^[22m[39m
     [90m 39 |[39m       expect(screen[33m.[39mgetByText([35m/connecté à github/i[39m))[33m.[39mtoBeInTheDocument()[33m;[39m
     [90m 40 |[39m     })[33m;[39m
     [90m 41 |[39m[0m

      at waitForWrapper (node_modules/@testing-library/dom/dist/wait-for.js:163:27)
      at Object.<anonymous> (components/__tests__/GitHubStatus.test.tsx:38:18)

  ● GitHubStatus › should format last sync time correctly

    Unable to find an element with the text: /Il y a 2 min/i. This could be because the text is broken up by multiple elements. In this case, you can provide a function for your text matcher to make your matcher more flexible.

    Ignored nodes: comments, script, style
    [36m<body>[39m
      [36m<div>[39m
        [36m<div[39m
          [33mclass[39m=[32m"bg-gray-50 rounded-lg p-4"[39m
        [36m>[39m
          [36m<p[39m
            [33mclass[39m=[32m"text-sm text-gray-600"[39m
          [36m>[39m
            [0mGitHub non connecté[0m
          [36m</p>[39m
        [36m</div>[39m
      [36m</div>[39m
    [36m</body>[39m

    [0m [90m 74 |[39m     render([33m<[39m[33mGitHubStatus[39m username[33m=[39m[32m"testuser"[39m [33m/[39m[33m>[39m)[33m;[39m
     [90m 75 |[39m
    [31m[1m>[22m[39m[90m 76 |[39m     [36mawait[39m waitFor(() [33m=>[39m {
     [90m    |[39m                  [31m[1m^[22m[39m
     [90m 77 |[39m       expect(screen[33m.[39mgetByText([35m/Il y a 2 min/i[39m))[33m.[39mtoBeInTheDocument()[33m;[39m
     [90m 78 |[39m     })[33m;[39m
     [90m 79 |[39m   })[33m;[39m[0m

      at waitForWrapper (node_modules/@testing-library/dom/dist/wait-for.js:163:27)
      at Object.<anonymous> (components/__tests__/GitHubStatus.test.tsx:76:18)

  ● GitHubStatus › should show "À l'instant" for very recent syncs

    Unable to find an element with the text: /À l'instant/i. This could be because the text is broken up by multiple elements. In this case, you can provide a function for your text matcher to make your matcher more flexible.

    Ignored nodes: comments, script, style
    [36m<body>[39m
      [36m<div>[39m
        [36m<div[39m
          [33mclass[39m=[32m"bg-gray-50 rounded-lg p-4"[39m
        [36m>[39m
          [36m<p[39m
            [33mclass[39m=[32m"text-sm text-gray-600"[39m
          [36m>[39m
            [0mGitHub non connecté[0m
          [36m</p>[39m
        [36m</div>[39m
      [36m</div>[39m
    [36m</body>[39m

    [0m [90m 93 |[39m     render([33m<[39m[33mGitHubStatus[39m username[33m=[39m[32m"testuser"[39m [33m/[39m[33m>[39m)[33m;[39m
     [90m 94 |[39m
    [31m[1m>[22m[39m[90m 95 |[39m     [36mawait[39m waitFor(() [33m=>[39m {
     [90m    |[39m                  [31m[1m^[22m[39m
     [90m 96 |[39m       expect(screen[33m.[39mgetByText([35m/À l'instant/i[39m))[33m.[39mtoBeInTheDocument()[33m;[39m
     [90m 97 |[39m     })[33m;[39m
     [90m 98 |[39m   })[33m;[39m[0m

      at waitForWrapper (node_modules/@testing-library/dom/dist/wait-for.js:163:27)
      at Object.<anonymous> (components/__tests__/GitHubStatus.test.tsx:95:18)

  ● GitHubStatus › should handle sync button click

    Unable to find an element with the text: /synchroniser/i. This could be because the text is broken up by multiple elements. In this case, you can provide a function for your text matcher to make your matcher more flexible.

    Ignored nodes: comments, script, style
    [36m<body>[39m
      [36m<div>[39m
        [36m<div[39m
          [33mclass[39m=[32m"bg-gray-50 rounded-lg p-4"[39m
        [36m>[39m
          [36m<p[39m
            [33mclass[39m=[32m"text-sm text-gray-600"[39m
          [36m>[39m
            [0mGitHub non connecté[0m
          [36m</p>[39m
        [36m</div>[39m
      [36m</div>[39m
    [36m</body>[39m

    [0m [90m 112 |[39m     render([33m<[39m[33mGitHubStatus[39m username[33m=[39m[32m"testuser"[39m onSync[33m=[39m{onSync} [33m/[39m[33m>[39m)[33m;[39m
     [90m 113 |[39m
    [31m[1m>[22m[39m[90m 114 |[39m     [36mawait[39m waitFor(() [33m=>[39m {
     [90m     |[39m                  [31m[1m^[22m[39m
     [90m 115 |[39m       expect(screen[33m.[39mgetByText([35m/synchroniser/i[39m))[33m.[39mtoBeInTheDocument()[33m;[39m
     [90m 116 |[39m     })[33m;[39m
     [90m 117 |[39m[0m

      at waitForWrapper (node_modules/@testing-library/dom/dist/wait-for.js:163:27)
      at Object.<anonymous> (components/__tests__/GitHubStatus.test.tsx:114:18)

  ● GitHubStatus › should handle sync error gracefully

    Unable to find an element with the text: /synchroniser/i. This could be because the text is broken up by multiple elements. In this case, you can provide a function for your text matcher to make your matcher more flexible.

    Ignored nodes: comments, script, style
    [36m<body>[39m
      [36m<div>[39m
        [36m<div[39m
          [33mclass[39m=[32m"bg-gray-50 rounded-lg p-4"[39m
        [36m>[39m
          [36m<p[39m
            [33mclass[39m=[32m"text-sm text-gray-600"[39m
          [36m>[39m
            [0mGitHub non connecté[0m
          [36m</p>[39m
        [36m</div>[39m
      [36m</div>[39m
    [36m</body>[39m

    [0m [90m 154 |[39m     render([33m<[39m[33mGitHubStatus[39m username[33m=[39m[32m"testuser"[39m [33m/[39m[33m>[39m)[33m;[39m
     [90m 155 |[39m
    [31m[1m>[22m[39m[90m 156 |[39m     [36mawait[39m waitFor(() [33m=>[39m {
     [90m     |[39m                  [31m[1m^[22m[39m
     [90m 157 |[39m       expect(screen[33m.[39mgetByText([35m/synchroniser/i[39m))[33m.[39mtoBeInTheDocument()[33m;[39m
     [90m 158 |[39m     })[33m;[39m
     [90m 159 |[39m[0m

      at waitForWrapper (node_modules/@testing-library/dom/dist/wait-for.js:163:27)
      at Object.<anonymous> (components/__tests__/GitHubStatus.test.tsx:156:18)

  ● GitHubStatus › should handle disconnect button click with confirmation

    Unable to find an element with the text: /déconnecter/i. This could be because the text is broken up by multiple elements. In this case, you can provide a function for your text matcher to make your matcher more flexible.

    Ignored nodes: comments, script, style
    [36m<body>[39m
      [36m<div>[39m
        [36m<div[39m
          [33mclass[39m=[32m"bg-gray-50 rounded-lg p-4"[39m
        [36m>[39m
          [36m<p[39m
            [33mclass[39m=[32m"text-sm text-gray-600"[39m
          [36m>[39m
            [0mGitHub non connecté[0m
          [36m</p>[39m
        [36m</div>[39m
      [36m</div>[39m
    [36m</body>[39m

    [0m [90m 184 |[39m     render([33m<[39m[33mGitHubStatus[39m username[33m=[39m[32m"testuser"[39m onDisconnect[33m=[39m{onDisconnect} [33m/[39m[33m>[39m)[33m;[39m
     [90m 185 |[39m
    [31m[1m>[22m[39m[90m 186 |[39m     [36mawait[39m waitFor(() [33m=>[39m {
     [90m     |[39m                  [31m[1m^[22m[39m
     [90m 187 |[39m       expect(screen[33m.[39mgetByText([35m/déconnecter/i[39m))[33m.[39mtoBeInTheDocument()[33m;[39m
     [90m 188 |[39m     })[33m;[39m
     [90m 189 |[39m[0m

      at waitForWrapper (node_modules/@testing-library/dom/dist/wait-for.js:163:27)
      at Object.<anonymous> (components/__tests__/GitHubStatus.test.tsx:186:18)

  ● GitHubStatus › should cancel disconnect when user declines confirmation

    Unable to find an element with the text: /déconnecter/i. This could be because the text is broken up by multiple elements. In this case, you can provide a function for your text matcher to make your matcher more flexible.

    Ignored nodes: comments, script, style
    [36m<body>[39m
      [36m<div>[39m
        [36m<div[39m
          [33mclass[39m=[32m"bg-gray-50 rounded-lg p-4"[39m
        [36m>[39m
          [36m<p[39m
            [33mclass[39m=[32m"text-sm text-gray-600"[39m
          [36m>[39m
            [0mGitHub non connecté[0m
          [36m</p>[39m
        [36m</div>[39m
      [36m</div>[39m
    [36m</body>[39m

    [0m [90m 212 |[39m     render([33m<[39m[33mGitHubStatus[39m username[33m=[39m[32m"testuser"[39m onDisconnect[33m=[39m{onDisconnect} [33m/[39m[33m>[39m)[33m;[39m
     [90m 213 |[39m
    [31m[1m>[22m[39m[90m 214 |[39m     [36mawait[39m waitFor(() [33m=>[39m {
     [90m     |[39m                  [31m[1m^[22m[39m
     [90m 215 |[39m       expect(screen[33m.[39mgetByText([35m/déconnecter/i[39m))[33m.[39mtoBeInTheDocument()[33m;[39m
     [90m 216 |[39m     })[33m;[39m
     [90m 217 |[39m[0m

      at waitForWrapper (node_modules/@testing-library/dom/dist/wait-for.js:163:27)
      at Object.<anonymous> (components/__tests__/GitHubStatus.test.tsx:214:18)

  ● GitHubStatus › should show loading spinner during sync

    Unable to find an element with the text: /synchroniser/i. This could be because the text is broken up by multiple elements. In this case, you can provide a function for your text matcher to make your matcher more flexible.

    Ignored nodes: comments, script, style
    [36m<body>[39m
      [36m<div>[39m
        [36m<div[39m
          [33mclass[39m=[32m"bg-gray-50 rounded-lg p-4"[39m
        [36m>[39m
          [36m<p[39m
            [33mclass[39m=[32m"text-sm text-gray-600"[39m
          [36m>[39m
            [0mGitHub non connecté[0m
          [36m</p>[39m
        [36m</div>[39m
      [36m</div>[39m
    [36m</body>[39m

    [0m [90m 236 |[39m     render([33m<[39m[33mGitHubStatus[39m username[33m=[39m[32m"testuser"[39m [33m/[39m[33m>[39m)[33m;[39m
     [90m 237 |[39m
    [31m[1m>[22m[39m[90m 238 |[39m     [36mawait[39m waitFor(() [33m=>[39m {
     [90m     |[39m                  [31m[1m^[22m[39m
     [90m 239 |[39m       expect(screen[33m.[39mgetByText([35m/synchroniser/i[39m))[33m.[39mtoBeInTheDocument()[33m;[39m
     [90m 240 |[39m     })[33m;[39m
     [90m 241 |[39m[0m

      at waitForWrapper (node_modules/@testing-library/dom/dist/wait-for.js:163:27)
      at Object.<anonymous> (components/__tests__/GitHubStatus.test.tsx:238:18)

  ● GitHubStatus › should display repo count correctly

    Unable to find an element with the text: 42. This could be because the text is broken up by multiple elements. In this case, you can provide a function for your text matcher to make your matcher more flexible.

    Ignored nodes: comments, script, style
    [36m<body>[39m
      [36m<div>[39m
        [36m<div[39m
          [33mclass[39m=[32m"bg-gray-50 rounded-lg p-4"[39m
        [36m>[39m
          [36m<p[39m
            [33mclass[39m=[32m"text-sm text-gray-600"[39m
          [36m>[39m
            [0mGitHub non connecté[0m
          [36m</p>[39m
        [36m</div>[39m
      [36m</div>[39m
    [36m</body>[39m

    [0m [90m 261 |[39m     render([33m<[39m[33mGitHubStatus[39m username[33m=[39m[32m"testuser"[39m [33m/[39m[33m>[39m)[33m;[39m
     [90m 262 |[39m
    [31m[1m>[22m[39m[90m 263 |[39m     [36mawait[39m waitFor(() [33m=>[39m {
     [90m     |[39m                  [31m[1m^[22m[39m
     [90m 264 |[39m       expect(screen[33m.[39mgetByText([32m'42'[39m))[33m.[39mtoBeInTheDocument()[33m;[39m
     [90m 265 |[39m       expect(screen[33m.[39mgetByText([35m/repos importés/i[39m))[33m.[39mtoBeInTheDocument()[33m;[39m
     [90m 266 |[39m     })[33m;[39m[0m

      at waitForWrapper (node_modules/@testing-library/dom/dist/wait-for.js:163:27)
      at Object.<anonymous> (components/__tests__/GitHubStatus.test.tsx:263:18)

  ● GitHubStatus › should show green pulse indicator when connected

    expect(received).toBeInTheDocument()

    received value must be an HTMLElement or an SVGElement.
    Received has value: null

    Ignored nodes: comments, script, style
    [36m<html>[39m
      [36m<head />[39m
      [36m<body>[39m
        [36m<div>[39m
          [36m<div[39m
            [33mclass[39m=[32m"bg-gray-50 rounded-lg p-4"[39m
          [36m>[39m
            [36m<p[39m
              [33mclass[39m=[32m"text-sm text-gray-600"[39m
            [36m>[39m
              [0mGitHub non connecté[0m
            [36m</p>[39m
          [36m</div>[39m
        [36m</div>[39m
      [36m</body>[39m
    [36m</html>[39m

    [0m [90m 278 |[39m     [36mawait[39m waitFor(() [33m=>[39m {
     [90m 279 |[39m       [36mconst[39m pulseIndicator [33m=[39m document[33m.[39mquerySelector([32m'.bg-green-500.animate-pulse'[39m)[33m;[39m
    [31m[1m>[22m[39m[90m 280 |[39m       expect(pulseIndicator)[33m.[39mtoBeInTheDocument()[33m;[39m
     [90m     |[39m                              [31m[1m^[22m[39m
     [90m 281 |[39m     })[33m;[39m
     [90m 282 |[39m   })[33m;[39m
     [90m 283 |[39m[0m

      at __EXTERNAL_MATCHER_TRAP__ (node_modules/expect/build/index.js:2240:22)
      at Object.throwingMatcher [as toBeInTheDocument] (node_modules/expect/build/index.js:2241:6)
      at toBeInTheDocument (components/__tests__/GitHubStatus.test.tsx:280:30)
      at runWithExpensiveErrorDiagnosticsDisabled (node_modules/@testing-library/dom/dist/config.js:47:12)
      at checkCallback (node_modules/@testing-library/dom/dist/wait-for.js:124:77)
      at checkRealTimersCallback (node_modules/@testing-library/dom/dist/wait-for.js:118:16)
      at Timeout.task [as _onTimeout] (node_modules/jsdom/lib/jsdom/browser/Window.js:579:19)

  ● GitHubStatus › should refetch status after successful sync

    expect(received).toBe(expected) // Object.is equality

    Expected: 1
    Received: 0

    Ignored nodes: comments, script, style
    [36m<html>[39m
      [36m<head />[39m
      [36m<body>[39m
        [36m<div>[39m
          [36m<div[39m
            [33mclass[39m=[32m"bg-gray-50 rounded-lg p-4"[39m
          [36m>[39m
            [36m<p[39m
              [33mclass[39m=[32m"text-sm text-gray-600"[39m
            [36m>[39m
              [0mGitHub non connecté[0m
            [36m</p>[39m
          [36m</div>[39m
        [36m</div>[39m
      [36m</body>[39m
    [36m</html>[39m

    [0m [90m 298 |[39m
     [90m 299 |[39m     [36mawait[39m waitFor(() [33m=>[39m {
    [31m[1m>[22m[39m[90m 300 |[39m       expect(fetchCount)[33m.[39mtoBe([35m1[39m)[33m;[39m
     [90m     |[39m                          [31m[1m^[22m[39m
     [90m 301 |[39m     })[33m;[39m
     [90m 302 |[39m
     [90m 303 |[39m     [36mconst[39m syncButton [33m=[39m screen[33m.[39mgetByRole([32m'button'[39m[33m,[39m { name[33m:[39m [35m/synchroniser/i[39m })[33m;[39m[0m

      at toBe (components/__tests__/GitHubStatus.test.tsx:300:26)
      at runWithExpensiveErrorDiagnosticsDisabled (node_modules/@testing-library/dom/dist/config.js:47:12)
      at checkCallback (node_modules/@testing-library/dom/dist/wait-for.js:124:77)
      at checkRealTimersCallback (node_modules/@testing-library/dom/dist/wait-for.js:118:16)
      at Timeout.task [as _onTimeout] (node_modules/jsdom/lib/jsdom/browser/Window.js:579:19)

FAIL hooks/__tests__/useProfileDetection.test.ts (14.93 s)
  ● Console

    console.warn
      [MSW] Warning: captured a request without a matching request handler:
      
        • GET http://localhost:8080/api/v1/profile/current
      
      If you still wish to intercept this unhandled request, please create a request handler for it.
      Read more: https://mswjs.io/docs/getting-started/mocks

      at Object.warn (node_modules/msw/src/utils/internal/devUtils.ts:17:11)
      at applyStrategy (node_modules/msw/src/utils/request/onUnhandledRequest.ts:208:18)
      at onUnhandledRequest (node_modules/msw/src/utils/request/onUnhandledRequest.ts:233:3)
      at handleRequest (node_modules/msw/src/utils/handleRequest.ts:80:5)
      at node_modules/msw/src/node/SetupServerApi.ts:69:24

    console.error
      Error: Uncaught [TypeError: markResourceTiming is not a function]
          at reportException (C:\Users\alexi\Documents\projects\maicivy\frontend\node_modules\jsdom\lib\jsdom\living\helpers\runtime-script-errors.js:66:24)
          at C:\Users\alexi\Documents\projects\maicivy\frontend\node_modules\jsdom\lib\jsdom\browser\Window.js:615:9
          at node:internal/process/task_queues:149:7
          at AsyncResource.runInAsyncScope (node:async_hooks:213:14)
          at AsyncResource.runMicrotask (node:internal/process/task_queues:146:8)
          at runNextTicks (node:internal/process/task_queues:64:5)
          at processTimers (node:internal/timers:538:9) {
        detail: TypeError: markResourceTiming is not a function
            at finalizeAndReportTiming (C:\Users\alexi\Documents\projects\maicivy\frontend\node_modules\undici\lib\web\fetch\index.js:310:3)
            at Object.handleFetchDone [as processResponseEndOfBody] (C:\Users\alexi\Documents\projects\maicivy\frontend\node_modules\undici\lib\web\fetch\index.js:126:3)
            at C:\Users\alexi\Documents\projects\maicivy\frontend\node_modules\undici\lib\web\fetch\index.js:1057:42
            at invokeTheCallbackFunction (C:\Users\alexi\Documents\projects\maicivy\frontend\node_modules\jsdom\lib\jsdom\living\generated\Function.js:19:26)
            at C:\Users\alexi\Documents\projects\maicivy\frontend\node_modules\jsdom\lib\jsdom\browser\Window.js:613:9
            at node:internal/process/task_queues:149:7
            at AsyncResource.runInAsyncScope (node:async_hooks:213:14)
            at AsyncResource.runMicrotask (node:internal/process/task_queues:146:8)
            at runNextTicks (node:internal/process/task_queues:64:5)
            at processTimers (node:internal/timers:538:9),
        type: 'unhandled exception'
      }

      at VirtualConsole.<anonymous> (node_modules/@jest/environment-jsdom-abstract/build/index.js:87:23)
      at reportException (node_modules/jsdom/lib/jsdom/living/helpers/runtime-script-errors.js:70:28)
      at node_modules/jsdom/lib/jsdom/browser/Window.js:615:9

    console.error
      Error: Uncaught [TypeError: fastNowTimeout?.unref is not a function]
          at reportException (C:\Users\alexi\Documents\projects\maicivy\frontend\node_modules\jsdom\lib\jsdom\living\helpers\runtime-script-errors.js:66:24)
          at Timeout.task (C:\Users\alexi\Documents\projects\maicivy\frontend\node_modules\jsdom\lib\jsdom\browser\Window.js:584:9)
          at listOnTimeout (node:internal/timers:605:17)
          at processTimers (node:internal/timers:541:7) {
        detail: TypeError: fastNowTimeout?.unref is not a function
            at refreshTimeout (C:\Users\alexi\Documents\projects\maicivy\frontend\node_modules\undici\lib\util\timers.js:205:21)
            at onTick (C:\Users\alexi\Documents\projects\maicivy\frontend\node_modules\undici\lib\util\timers.js:186:5)
            at Timeout.task (C:\Users\alexi\Documents\projects\maicivy\frontend\node_modules\jsdom\lib\jsdom\browser\Window.js:579:19)
            at listOnTimeout (node:internal/timers:605:17)
            at processTimers (node:internal/timers:541:7),
        type: 'unhandled exception'
      }

      at VirtualConsole.<anonymous> (node_modules/@jest/environment-jsdom-abstract/build/index.js:87:23)
      at reportException (node_modules/jsdom/lib/jsdom/living/helpers/runtime-script-errors.js:70:28)
      at Timeout.task (node_modules/jsdom/lib/jsdom/browser/Window.js:584:9)

    console.warn
      [MSW] Warning: captured a request without a matching request handler:
      
        • GET http://localhost:8080/api/v1/profile/current
      
      If you still wish to intercept this unhandled request, please create a request handler for it.
      Read more: https://mswjs.io/docs/getting-started/mocks

      at Object.warn (node_modules/msw/src/utils/internal/devUtils.ts:17:11)
      at applyStrategy (node_modules/msw/src/utils/request/onUnhandledRequest.ts:208:18)
      at onUnhandledRequest (node_modules/msw/src/utils/request/onUnhandledRequest.ts:233:3)
      at handleRequest (node_modules/msw/src/utils/handleRequest.ts:80:5)
      at node_modules/msw/src/node/SetupServerApi.ts:69:24

    console.warn
      [MSW] Warning: captured a request without a matching request handler:
      
        • GET http://localhost:8080/api/v1/profile/current
      
      If you still wish to intercept this unhandled request, please create a request handler for it.
      Read more: https://mswjs.io/docs/getting-started/mocks

      at Object.warn (node_modules/msw/src/utils/internal/devUtils.ts:17:11)
      at applyStrategy (node_modules/msw/src/utils/request/onUnhandledRequest.ts:208:18)
      at onUnhandledRequest (node_modules/msw/src/utils/request/onUnhandledRequest.ts:233:3)
      at handleRequest (node_modules/msw/src/utils/handleRequest.ts:80:5)
      at node_modules/msw/src/node/SetupServerApi.ts:69:24

    console.warn
      [MSW] Warning: captured a request without a matching request handler:
      
        • GET http://localhost:8080/api/v1/profile/current
      
      If you still wish to intercept this unhandled request, please create a request handler for it.
      Read more: https://mswjs.io/docs/getting-started/mocks

      at Object.warn (node_modules/msw/src/utils/internal/devUtils.ts:17:11)
      at applyStrategy (node_modules/msw/src/utils/request/onUnhandledRequest.ts:208:18)
      at onUnhandledRequest (node_modules/msw/src/utils/request/onUnhandledRequest.ts:233:3)
      at handleRequest (node_modules/msw/src/utils/handleRequest.ts:80:5)
      at node_modules/msw/src/node/SetupServerApi.ts:69:24

    console.warn
      [MSW] Warning: captured a request without a matching request handler:
      
        • GET http://localhost:8080/api/v1/profile/current
      
      If you still wish to intercept this unhandled request, please create a request handler for it.
      Read more: https://mswjs.io/docs/getting-started/mocks

      at Object.warn (node_modules/msw/src/utils/internal/devUtils.ts:17:11)
      at applyStrategy (node_modules/msw/src/utils/request/onUnhandledRequest.ts:208:18)
      at onUnhandledRequest (node_modules/msw/src/utils/request/onUnhandledRequest.ts:233:3)
      at handleRequest (node_modules/msw/src/utils/handleRequest.ts:80:5)
      at node_modules/msw/src/node/SetupServerApi.ts:69:24

    console.warn
      [MSW] Warning: captured a request without a matching request handler:
      
        • GET http://localhost:8080/api/v1/profile/current
      
      If you still wish to intercept this unhandled request, please create a request handler for it.
      Read more: https://mswjs.io/docs/getting-started/mocks

      at Object.warn (node_modules/msw/src/utils/internal/devUtils.ts:17:11)
      at applyStrategy (node_modules/msw/src/utils/request/onUnhandledRequest.ts:208:18)
      at onUnhandledRequest (node_modules/msw/src/utils/request/onUnhandledRequest.ts:233:3)
      at handleRequest (node_modules/msw/src/utils/handleRequest.ts:80:5)
      at node_modules/msw/src/node/SetupServerApi.ts:69:24

    console.warn
      [MSW] Warning: captured a request without a matching request handler:
      
        • GET http://localhost:8080/api/v1/profile/current
      
      If you still wish to intercept this unhandled request, please create a request handler for it.
      Read more: https://mswjs.io/docs/getting-started/mocks

      at Object.warn (node_modules/msw/src/utils/internal/devUtils.ts:17:11)
      at applyStrategy (node_modules/msw/src/utils/request/onUnhandledRequest.ts:208:18)
      at onUnhandledRequest (node_modules/msw/src/utils/request/onUnhandledRequest.ts:233:3)
      at handleRequest (node_modules/msw/src/utils/handleRequest.ts:80:5)
      at node_modules/msw/src/node/SetupServerApi.ts:69:24

    console.warn
      [MSW] Warning: captured a request without a matching request handler:
      
        • GET http://localhost:8080/api/v1/profile/current
      
      If you still wish to intercept this unhandled request, please create a request handler for it.
      Read more: https://mswjs.io/docs/getting-started/mocks

      at Object.warn (node_modules/msw/src/utils/internal/devUtils.ts:17:11)
      at applyStrategy (node_modules/msw/src/utils/request/onUnhandledRequest.ts:208:18)
      at onUnhandledRequest (node_modules/msw/src/utils/request/onUnhandledRequest.ts:233:3)
      at handleRequest (node_modules/msw/src/utils/handleRequest.ts:80:5)
      at node_modules/msw/src/node/SetupServerApi.ts:69:24

    console.warn
      [MSW] Warning: captured a request without a matching request handler:
      
        • GET http://localhost:8080/api/v1/profile/current
      
      If you still wish to intercept this unhandled request, please create a request handler for it.
      Read more: https://mswjs.io/docs/getting-started/mocks

      at Object.warn (node_modules/msw/src/utils/internal/devUtils.ts:17:11)
      at applyStrategy (node_modules/msw/src/utils/request/onUnhandledRequest.ts:208:18)
      at onUnhandledRequest (node_modules/msw/src/utils/request/onUnhandledRequest.ts:233:3)
      at handleRequest (node_modules/msw/src/utils/handleRequest.ts:80:5)
      at node_modules/msw/src/node/SetupServerApi.ts:69:24

  ● useProfileDetection › should fetch profile detection on mount

    TypeError: markResourceTiming is not a function

      at finalizeAndReportTiming (node_modules/undici/lib/web/fetch/index.js:310:3)
      at Object.handleFetchDone [as processResponseEndOfBody] (node_modules/undici/lib/web/fetch/index.js:126:3)
      at node_modules/undici/lib/web/fetch/index.js:1057:42
      at invokeTheCallbackFunction (node_modules/jsdom/lib/jsdom/living/generated/Function.js:19:26)
      at node_modules/jsdom/lib/jsdom/browser/Window.js:613:9

  ● useProfileDetection › should fetch profile detection on mount

    AggregateError:


  ● useProfileDetection › should fetch profile detection on mount

    The error below may be caused by using the wrong test environment, see https://jestjs.io/docs/configuration#testenvironment-string.
    Consider using the "node" test environment.

    TypeError: fastNowTimeout?.unref is not a function

      at refreshTimeout (node_modules/undici/lib/util/timers.js:205:21)
      at onTick (node_modules/undici/lib/util/timers.js:186:5)
      at Timeout.task (node_modules/jsdom/lib/jsdom/browser/Window.js:579:19)

  ● useProfileDetection › should fetch profile detection on mount

    expect(received).toBe(expected) // Object.is equality

    Expected: false
    Received: true

    Ignored nodes: comments, script, style
    [36m<html>[39m
      [36m<head />[39m
      [36m<body>[39m
        [36m<div />[39m
      [36m</body>[39m
    [36m</html>[39m

    [0m [90m 41 |[39m
     [90m 42 |[39m     [36mawait[39m waitFor(() [33m=>[39m {
    [31m[1m>[22m[39m[90m 43 |[39m       expect(result[33m.[39mcurrent[33m.[39mloading)[33m.[39mtoBe([36mfalse[39m)
     [90m    |[39m                                      [31m[1m^[22m[39m
     [90m 44 |[39m     })
     [90m 45 |[39m
     [90m 46 |[39m     expect(result[33m.[39mcurrent[33m.[39mprofileType)[33m.[39mtoBe([32m'recruiter'[39m)[0m

      at toBe (hooks/__tests__/useProfileDetection.test.ts:43:38)
      at runWithExpensiveErrorDiagnosticsDisabled (node_modules/@testing-library/dom/dist/config.js:47:12)
      at checkCallback (node_modules/@testing-library/dom/dist/wait-for.js:124:77)
      at checkRealTimersCallback (node_modules/@testing-library/dom/dist/wait-for.js:118:16)
      at Timeout.task [as _onTimeout] (node_modules/jsdom/lib/jsdom/browser/Window.js:579:19)

  ● useProfileDetection › should handle profile detection failure gracefully

    ReferenceError: clearImmediate is not defined

      at node_modules/undici/lib/core/util.js:832:9
      at invokeTheCallbackFunction (node_modules/jsdom/lib/jsdom/living/generated/Function.js:19:26)
      at node_modules/jsdom/lib/jsdom/browser/Window.js:613:9

  ● useProfileDetection › should handle profile detection failure gracefully

    TypeError: markResourceTiming is not a function

      at finalizeAndReportTiming (node_modules/undici/lib/web/fetch/index.js:310:3)
      at Object.handleFetchDone [as processResponseEndOfBody] (node_modules/undici/lib/web/fetch/index.js:126:3)
      at node_modules/undici/lib/web/fetch/index.js:1057:42
      at invokeTheCallbackFunction (node_modules/jsdom/lib/jsdom/living/generated/Function.js:19:26)
      at node_modules/jsdom/lib/jsdom/browser/Window.js:613:9

  ● useProfileDetection › should handle profile detection failure gracefully

    The error below may be caused by using the wrong test environment, see https://jestjs.io/docs/configuration#testenvironment-string.
    Consider using the "node" test environment.

    TypeError: fastNowTimeout?.unref is not a function

      at refreshTimeout (node_modules/undici/lib/util/timers.js:205:21)
      at onTick (node_modules/undici/lib/util/timers.js:186:5)
      at Timeout.task (node_modules/jsdom/lib/jsdom/browser/Window.js:579:19)

  ● useProfileDetection › should handle profile detection failure gracefully

    ReferenceError: clearImmediate is not defined

      at node_modules/undici/lib/core/util.js:832:9
      at invokeTheCallbackFunction (node_modules/jsdom/lib/jsdom/living/generated/Function.js:19:26)
      at node_modules/jsdom/lib/jsdom/browser/Window.js:613:9

  ● useProfileDetection › should handle profile detection failure gracefully

    TypeError: markResourceTiming is not a function

      at finalizeAndReportTiming (node_modules/undici/lib/web/fetch/index.js:310:3)
      at Object.handleFetchDone [as processResponseEndOfBody] (node_modules/undici/lib/web/fetch/index.js:126:3)
      at node_modules/undici/lib/web/fetch/index.js:1057:42
      at invokeTheCallbackFunction (node_modules/jsdom/lib/jsdom/living/generated/Function.js:19:26)
      at node_modules/jsdom/lib/jsdom/browser/Window.js:613:9

  ● useProfileDetection › should handle profile detection failure gracefully

    The error below may be caused by using the wrong test environment, see https://jestjs.io/docs/configuration#testenvironment-string.
    Consider using the "node" test environment.

    TypeError: fastNowTimeout?.unref is not a function

      at refreshTimeout (node_modules/undici/lib/util/timers.js:205:21)
      at onTick (node_modules/undici/lib/util/timers.js:186:5)
      at Timeout.task (node_modules/jsdom/lib/jsdom/browser/Window.js:579:19)

  ● useProfileDetection › should handle profile detection failure gracefully

    expect(received).toBe(expected) // Object.is equality

    Expected: false
    Received: true

    Ignored nodes: comments, script, style
    [36m<html>[39m
      [36m<head />[39m
      [36m<body>[39m
        [36m<div />[39m
      [36m</body>[39m
    [36m</html>[39m

    [0m [90m 66 |[39m
     [90m 67 |[39m     [36mawait[39m waitFor(() [33m=>[39m {
    [31m[1m>[22m[39m[90m 68 |[39m       expect(result[33m.[39mcurrent[33m.[39mloading)[33m.[39mtoBe([36mfalse[39m)
     [90m    |[39m                                      [31m[1m^[22m[39m
     [90m 69 |[39m     })
     [90m 70 |[39m
     [90m 71 |[39m     expect(result[33m.[39mcurrent[33m.[39merror)[33m.[39mtoBe([32m'Failed to load profile'[39m)[0m

      at toBe (hooks/__tests__/useProfileDetection.test.ts:68:38)
      at runWithExpensiveErrorDiagnosticsDisabled (node_modules/@testing-library/dom/dist/config.js:47:12)
      at checkCallback (node_modules/@testing-library/dom/dist/wait-for.js:124:77)
      at checkRealTimersCallback (node_modules/@testing-library/dom/dist/wait-for.js:118:16)
      at Timeout.task [as _onTimeout] (node_modules/jsdom/lib/jsdom/browser/Window.js:579:19)

  ● useProfileDetection › should correctly detect when profile is "other" with low confidence

    ReferenceError: clearImmediate is not defined

      at node_modules/undici/lib/core/util.js:832:9
      at invokeTheCallbackFunction (node_modules/jsdom/lib/jsdom/living/generated/Function.js:19:26)
      at node_modules/jsdom/lib/jsdom/browser/Window.js:613:9

  ● useProfileDetection › should correctly detect when profile is "other" with low confidence

    TypeError: markResourceTiming is not a function

      at finalizeAndReportTiming (node_modules/undici/lib/web/fetch/index.js:310:3)
      at Object.handleFetchDone [as processResponseEndOfBody] (node_modules/undici/lib/web/fetch/index.js:126:3)
      at node_modules/undici/lib/web/fetch/index.js:1057:42
      at invokeTheCallbackFunction (node_modules/jsdom/lib/jsdom/living/generated/Function.js:19:26)
      at node_modules/jsdom/lib/jsdom/browser/Window.js:613:9

  ● useProfileDetection › should correctly detect when profile is "other" with low confidence

    ReferenceError: clearImmediate is not defined

      at node_modules/undici/lib/core/util.js:832:9
      at invokeTheCallbackFunction (node_modules/jsdom/lib/jsdom/living/generated/Function.js:19:26)
      at node_modules/jsdom/lib/jsdom/browser/Window.js:613:9

  ● useProfileDetection › should correctly detect when profile is "other" with low confidence

    TypeError: markResourceTiming is not a function

      at finalizeAndReportTiming (node_modules/undici/lib/web/fetch/index.js:310:3)
      at Object.handleFetchDone [as processResponseEndOfBody] (node_modules/undici/lib/web/fetch/index.js:126:3)
      at node_modules/undici/lib/web/fetch/index.js:1057:42
      at invokeTheCallbackFunction (node_modules/jsdom/lib/jsdom/living/generated/Function.js:19:26)
      at node_modules/jsdom/lib/jsdom/browser/Window.js:613:9

  ● useProfileDetection › should correctly detect when profile is "other" with low confidence

    The error below may be caused by using the wrong test environment, see https://jestjs.io/docs/configuration#testenvironment-string.
    Consider using the "node" test environment.

    TypeError: fastNowTimeout?.unref is not a function

      at refreshTimeout (node_modules/undici/lib/util/timers.js:205:21)
      at onTick (node_modules/undici/lib/util/timers.js:186:5)
      at Timeout.task (node_modules/jsdom/lib/jsdom/browser/Window.js:579:19)

  ● useProfileDetection › should correctly detect when profile is "other" with low confidence

    The error below may be caused by using the wrong test environment, see https://jestjs.io/docs/configuration#testenvironment-string.
    Consider using the "node" test environment.

    TypeError: fastNowTimeout?.unref is not a function

      at refreshTimeout (node_modules/undici/lib/util/timers.js:205:21)
      at onTick (node_modules/undici/lib/util/timers.js:186:5)
      at Timeout.task (node_modules/jsdom/lib/jsdom/browser/Window.js:579:19)

  ● useProfileDetection › should correctly detect when profile is "other" with low confidence

    expect(received).toBe(expected) // Object.is equality

    Expected: false
    Received: true

    Ignored nodes: comments, script, style
    [36m<html>[39m
      [36m<head />[39m
      [36m<body>[39m
        [36m<div />[39m
      [36m</body>[39m
    [36m</html>[39m

    [0m [90m 90 |[39m
     [90m 91 |[39m     [36mawait[39m waitFor(() [33m=>[39m {
    [31m[1m>[22m[39m[90m 92 |[39m       expect(result[33m.[39mcurrent[33m.[39mloading)[33m.[39mtoBe([36mfalse[39m)
     [90m    |[39m                                      [31m[1m^[22m[39m
     [90m 93 |[39m     })
     [90m 94 |[39m
     [90m 95 |[39m     expect(result[33m.[39mcurrent[33m.[39mprofileType)[33m.[39mtoBe([32m'other'[39m)[0m

      at toBe (hooks/__tests__/useProfileDetection.test.ts:92:38)
      at runWithExpensiveErrorDiagnosticsDisabled (node_modules/@testing-library/dom/dist/config.js:47:12)
      at checkCallback (node_modules/@testing-library/dom/dist/wait-for.js:124:77)
      at checkRealTimersCallback (node_modules/@testing-library/dom/dist/wait-for.js:118:16)
      at Timeout.task [as _onTimeout] (node_modules/jsdom/lib/jsdom/browser/Window.js:579:19)

  ● useProfileDetection › should handle bypass enabled status

    ReferenceError: clearImmediate is not defined

      at node_modules/undici/lib/core/util.js:832:9
      at invokeTheCallbackFunction (node_modules/jsdom/lib/jsdom/living/generated/Function.js:19:26)
      at node_modules/jsdom/lib/jsdom/browser/Window.js:613:9

  ● useProfileDetection › should handle bypass enabled status

    TypeError: markResourceTiming is not a function

      at finalizeAndReportTiming (node_modules/undici/lib/web/fetch/index.js:310:3)
      at Object.handleFetchDone [as processResponseEndOfBody] (node_modules/undici/lib/web/fetch/index.js:126:3)
      at node_modules/undici/lib/web/fetch/index.js:1057:42
      at invokeTheCallbackFunction (node_modules/jsdom/lib/jsdom/living/generated/Function.js:19:26)
      at node_modules/jsdom/lib/jsdom/browser/Window.js:613:9

  ● useProfileDetection › should handle bypass enabled status

    ReferenceError: clearImmediate is not defined

      at node_modules/undici/lib/core/util.js:832:9
      at invokeTheCallbackFunction (node_modules/jsdom/lib/jsdom/living/generated/Function.js:19:26)
      at node_modules/jsdom/lib/jsdom/browser/Window.js:613:9

  ● useProfileDetection › should handle bypass enabled status

    TypeError: markResourceTiming is not a function

      at finalizeAndReportTiming (node_modules/undici/lib/web/fetch/index.js:310:3)
      at Object.handleFetchDone [as processResponseEndOfBody] (node_modules/undici/lib/web/fetch/index.js:126:3)
      at node_modules/undici/lib/web/fetch/index.js:1057:42
      at invokeTheCallbackFunction (node_modules/jsdom/lib/jsdom/living/generated/Function.js:19:26)
      at node_modules/jsdom/lib/jsdom/browser/Window.js:613:9

  ● useProfileDetection › should handle bypass enabled status

    The error below may be caused by using the wrong test environment, see https://jestjs.io/docs/configuration#testenvironment-string.
    Consider using the "node" test environment.

    TypeError: fastNowTimeout?.unref is not a function

      at refreshTimeout (node_modules/undici/lib/util/timers.js:205:21)
      at onTick (node_modules/undici/lib/util/timers.js:186:5)
      at Timeout.task (node_modules/jsdom/lib/jsdom/browser/Window.js:579:19)

  ● useProfileDetection › should handle bypass enabled status

    ReferenceError: clearImmediate is not defined

      at node_modules/undici/lib/core/util.js:832:9
      at invokeTheCallbackFunction (node_modules/jsdom/lib/jsdom/living/generated/Function.js:19:26)
      at node_modules/jsdom/lib/jsdom/browser/Window.js:613:9

  ● useProfileDetection › should handle bypass enabled status

    TypeError: markResourceTiming is not a function

      at finalizeAndReportTiming (node_modules/undici/lib/web/fetch/index.js:310:3)
      at Object.handleFetchDone [as processResponseEndOfBody] (node_modules/undici/lib/web/fetch/index.js:126:3)
      at node_modules/undici/lib/web/fetch/index.js:1057:42
      at invokeTheCallbackFunction (node_modules/jsdom/lib/jsdom/living/generated/Function.js:19:26)
      at node_modules/jsdom/lib/jsdom/browser/Window.js:613:9

  ● useProfileDetection › should handle bypass enabled status

    The error below may be caused by using the wrong test environment, see https://jestjs.io/docs/configuration#testenvironment-string.
    Consider using the "node" test environment.

    TypeError: fastNowTimeout?.unref is not a function

      at refreshTimeout (node_modules/undici/lib/util/timers.js:205:21)
      at onTick (node_modules/undici/lib/util/timers.js:186:5)
      at Timeout.task (node_modules/jsdom/lib/jsdom/browser/Window.js:579:19)

  ● useProfileDetection › should handle bypass enabled status

    expect(received).toBe(expected) // Object.is equality

    Expected: false
    Received: true

    Ignored nodes: comments, script, style
    [36m<html>[39m
      [36m<head />[39m
      [36m<body>[39m
        [36m<div />[39m
      [36m</body>[39m
    [36m</html>[39m

    [0m [90m 111 |[39m
     [90m 112 |[39m     [36mawait[39m waitFor(() [33m=>[39m {
    [31m[1m>[22m[39m[90m 113 |[39m       expect(result[33m.[39mcurrent[33m.[39mloading)[33m.[39mtoBe([36mfalse[39m)
     [90m     |[39m                                      [31m[1m^[22m[39m
     [90m 114 |[39m     })
     [90m 115 |[39m
     [90m 116 |[39m     expect(result[33m.[39mcurrent[33m.[39mbypassEnabled)[33m.[39mtoBe([36mtrue[39m)[0m

      at toBe (hooks/__tests__/useProfileDetection.test.ts:113:38)
      at runWithExpensiveErrorDiagnosticsDisabled (node_modules/@testing-library/dom/dist/config.js:47:12)
      at checkCallback (node_modules/@testing-library/dom/dist/wait-for.js:124:77)
      at checkRealTimersCallback (node_modules/@testing-library/dom/dist/wait-for.js:118:16)
      at Timeout.task [as _onTimeout] (node_modules/jsdom/lib/jsdom/browser/Window.js:579:19)

  ● useProfileDetectionManual › should manually detect profile when detect is called

    ReferenceError: clearImmediate is not defined

      at node_modules/undici/lib/core/util.js:832:9
      at invokeTheCallbackFunction (node_modules/jsdom/lib/jsdom/living/generated/Function.js:19:26)
      at node_modules/jsdom/lib/jsdom/browser/Window.js:613:9

  ● useProfileDetectionManual › should manually detect profile when detect is called

    TypeError: markResourceTiming is not a function

      at finalizeAndReportTiming (node_modules/undici/lib/web/fetch/index.js:310:3)
      at Object.handleFetchDone [as processResponseEndOfBody] (node_modules/undici/lib/web/fetch/index.js:126:3)
      at node_modules/undici/lib/web/fetch/index.js:1057:42
      at invokeTheCallbackFunction (node_modules/jsdom/lib/jsdom/living/generated/Function.js:19:26)
      at node_modules/jsdom/lib/jsdom/browser/Window.js:613:9

  ● useProfileDetectionManual › should manually detect profile when detect is called

    ReferenceError: clearImmediate is not defined

      at node_modules/undici/lib/core/util.js:832:9
      at invokeTheCallbackFunction (node_modules/jsdom/lib/jsdom/living/generated/Function.js:19:26)
      at node_modules/jsdom/lib/jsdom/browser/Window.js:613:9

  ● useProfileDetectionManual › should manually detect profile when detect is called

    TypeError: markResourceTiming is not a function

      at finalizeAndReportTiming (node_modules/undici/lib/web/fetch/index.js:310:3)
      at Object.handleFetchDone [as processResponseEndOfBody] (node_modules/undici/lib/web/fetch/index.js:126:3)
      at node_modules/undici/lib/web/fetch/index.js:1057:42
      at invokeTheCallbackFunction (node_modules/jsdom/lib/jsdom/living/generated/Function.js:19:26)
      at node_modules/jsdom/lib/jsdom/browser/Window.js:613:9

  ● useProfileDetectionManual › should manually detect profile when detect is called

    ReferenceError: clearImmediate is not defined

      at node_modules/undici/lib/core/util.js:832:9
      at invokeTheCallbackFunction (node_modules/jsdom/lib/jsdom/living/generated/Function.js:19:26)
      at node_modules/jsdom/lib/jsdom/browser/Window.js:613:9

  ● useProfileDetectionManual › should manually detect profile when detect is called

    TypeError: markResourceTiming is not a function

      at finalizeAndReportTiming (node_modules/undici/lib/web/fetch/index.js:310:3)
      at Object.handleFetchDone [as processResponseEndOfBody] (node_modules/undici/lib/web/fetch/index.js:126:3)
      at node_modules/undici/lib/web/fetch/index.js:1057:42
      at invokeTheCallbackFunction (node_modules/jsdom/lib/jsdom/living/generated/Function.js:19:26)
      at node_modules/jsdom/lib/jsdom/browser/Window.js:613:9

  ● useProfileDetectionManual › should manually detect profile when detect is called

    The error below may be caused by using the wrong test environment, see https://jestjs.io/docs/configuration#testenvironment-string.
    Consider using the "node" test environment.

    TypeError: fastNowTimeout?.unref is not a function

      at refreshTimeout (node_modules/undici/lib/util/timers.js:205:21)
      at onTick (node_modules/undici/lib/util/timers.js:186:5)
      at Timeout.task (node_modules/jsdom/lib/jsdom/browser/Window.js:579:19)

  ● useProfileDetectionManual › should manually detect profile when detect is called

    The error below may be caused by using the wrong test environment, see https://jestjs.io/docs/configuration#testenvironment-string.
    Consider using the "node" test environment.

    TypeError: fastNowTimeout?.unref is not a function

      at refreshTimeout (node_modules/undici/lib/util/timers.js:205:21)
      at onTick (node_modules/undici/lib/util/timers.js:186:5)
      at Timeout.task (node_modules/jsdom/lib/jsdom/browser/Window.js:579:19)

  ● useProfileDetectionManual › should manually detect profile when detect is called

    ReferenceError: clearImmediate is not defined

      at node_modules/undici/lib/core/util.js:832:9
      at invokeTheCallbackFunction (node_modules/jsdom/lib/jsdom/living/generated/Function.js:19:26)
      at node_modules/jsdom/lib/jsdom/browser/Window.js:613:9

  ● useProfileDetectionManual › should manually detect profile when detect is called

    TypeError: markResourceTiming is not a function

      at finalizeAndReportTiming (node_modules/undici/lib/web/fetch/index.js:310:3)
      at Object.handleFetchDone [as processResponseEndOfBody] (node_modules/undici/lib/web/fetch/index.js:126:3)
      at node_modules/undici/lib/web/fetch/index.js:1057:42
      at invokeTheCallbackFunction (node_modules/jsdom/lib/jsdom/living/generated/Function.js:19:26)
      at node_modules/jsdom/lib/jsdom/browser/Window.js:613:9

  ● useProfileDetectionManual › should manually detect profile when detect is called

    ReferenceError: clearImmediate is not defined

      at node_modules/undici/lib/core/util.js:832:9
      at invokeTheCallbackFunction (node_modules/jsdom/lib/jsdom/living/generated/Function.js:19:26)
      at node_modules/jsdom/lib/jsdom/browser/Window.js:613:9

  ● useProfileDetectionManual › should manually detect profile when detect is called

    TypeError: markResourceTiming is not a function

      at finalizeAndReportTiming (node_modules/undici/lib/web/fetch/index.js:310:3)
      at Object.handleFetchDone [as processResponseEndOfBody] (node_modules/undici/lib/web/fetch/index.js:126:3)
      at node_modules/undici/lib/web/fetch/index.js:1057:42
      at invokeTheCallbackFunction (node_modules/jsdom/lib/jsdom/living/generated/Function.js:19:26)
      at node_modules/jsdom/lib/jsdom/browser/Window.js:613:9

  ● useProfileDetectionManual › should manually detect profile when detect is called

    The error below may be caused by using the wrong test environment, see https://jestjs.io/docs/configuration#testenvironment-string.
    Consider using the "node" test environment.

    TypeError: fastNowTimeout?.unref is not a function

      at refreshTimeout (node_modules/undici/lib/util/timers.js:205:21)
      at onTick (node_modules/undici/lib/util/timers.js:186:5)
      at Timeout.task (node_modules/jsdom/lib/jsdom/browser/Window.js:579:19)

  ● useProfileDetectionManual › should manually detect profile when detect is called

    The error below may be caused by using the wrong test environment, see https://jestjs.io/docs/configuration#testenvironment-string.
    Consider using the "node" test environment.

    TypeError: fastNowTimeout?.unref is not a function

      at refreshTimeout (node_modules/undici/lib/util/timers.js:205:21)
      at onTick (node_modules/undici/lib/util/timers.js:186:5)
      at Timeout.task (node_modules/jsdom/lib/jsdom/browser/Window.js:579:19)

  ● useProfileDetectionManual › should manually detect profile when detect is called

    ReferenceError: clearImmediate is not defined

      at node_modules/undici/lib/core/util.js:832:9
      at invokeTheCallbackFunction (node_modules/jsdom/lib/jsdom/living/generated/Function.js:19:26)
      at node_modules/jsdom/lib/jsdom/browser/Window.js:613:9

  ● useProfileDetectionManual › should manually detect profile when detect is called

    TypeError: markResourceTiming is not a function

      at finalizeAndReportTiming (node_modules/undici/lib/web/fetch/index.js:310:3)
      at Object.handleFetchDone [as processResponseEndOfBody] (node_modules/undici/lib/web/fetch/index.js:126:3)
      at node_modules/undici/lib/web/fetch/index.js:1057:42
      at invokeTheCallbackFunction (node_modules/jsdom/lib/jsdom/living/generated/Function.js:19:26)
      at node_modules/jsdom/lib/jsdom/browser/Window.js:613:9

  ● useProfileDetectionManual › should manually detect profile when detect is called

    ReferenceError: clearImmediate is not defined

      at node_modules/undici/lib/core/util.js:832:9
      at invokeTheCallbackFunction (node_modules/jsdom/lib/jsdom/living/generated/Function.js:19:26)
      at node_modules/jsdom/lib/jsdom/browser/Window.js:613:9

  ● useProfileDetectionManual › should manually detect profile when detect is called

    TypeError: markResourceTiming is not a function

      at finalizeAndReportTiming (node_modules/undici/lib/web/fetch/index.js:310:3)
      at Object.handleFetchDone [as processResponseEndOfBody] (node_modules/undici/lib/web/fetch/index.js:126:3)
      at node_modules/undici/lib/web/fetch/index.js:1057:42
      at invokeTheCallbackFunction (node_modules/jsdom/lib/jsdom/living/generated/Function.js:19:26)
      at node_modules/jsdom/lib/jsdom/browser/Window.js:613:9

  ● useProfileDetectionManual › should manually detect profile when detect is called

    The error below may be caused by using the wrong test environment, see https://jestjs.io/docs/configuration#testenvironment-string.
    Consider using the "node" test environment.

    TypeError: fastNowTimeout?.unref is not a function

      at refreshTimeout (node_modules/undici/lib/util/timers.js:205:21)
      at onTick (node_modules/undici/lib/util/timers.js:186:5)
      at Timeout.task (node_modules/jsdom/lib/jsdom/browser/Window.js:579:19)

  ● useProfileDetectionManual › should manually detect profile when detect is called

    The error below may be caused by using the wrong test environment, see https://jestjs.io/docs/configuration#testenvironment-string.
    Consider using the "node" test environment.

    TypeError: fastNowTimeout?.unref is not a function

      at refreshTimeout (node_modules/undici/lib/util/timers.js:205:21)
      at onTick (node_modules/undici/lib/util/timers.js:186:5)
      at Timeout.task (node_modules/jsdom/lib/jsdom/browser/Window.js:579:19)

  ● useProfileDetectionManual › should manually detect profile when detect is called

    ReferenceError: clearImmediate is not defined

      at node_modules/undici/lib/core/util.js:832:9
      at invokeTheCallbackFunction (node_modules/jsdom/lib/jsdom/living/generated/Function.js:19:26)
      at node_modules/jsdom/lib/jsdom/browser/Window.js:613:9

  ● useProfileDetectionManual › should manually detect profile when detect is called

    TypeError: markResourceTiming is not a function

      at finalizeAndReportTiming (node_modules/undici/lib/web/fetch/index.js:310:3)
      at Object.handleFetchDone [as processResponseEndOfBody] (node_modules/undici/lib/web/fetch/index.js:126:3)
      at node_modules/undici/lib/web/fetch/index.js:1057:42
      at invokeTheCallbackFunction (node_modules/jsdom/lib/jsdom/living/generated/Function.js:19:26)
      at node_modules/jsdom/lib/jsdom/browser/Window.js:613:9

  ● useProfileDetectionManual › should manually detect profile when detect is called

    ReferenceError: clearImmediate is not defined

      at node_modules/undici/lib/core/util.js:832:9
      at invokeTheCallbackFunction (node_modules/jsdom/lib/jsdom/living/generated/Function.js:19:26)
      at node_modules/jsdom/lib/jsdom/browser/Window.js:613:9

  ● useProfileDetectionManual › should manually detect profile when detect is called

    TypeError: markResourceTiming is not a function

      at finalizeAndReportTiming (node_modules/undici/lib/web/fetch/index.js:310:3)
      at Object.handleFetchDone [as processResponseEndOfBody] (node_modules/undici/lib/web/fetch/index.js:126:3)
      at node_modules/undici/lib/web/fetch/index.js:1057:42
      at invokeTheCallbackFunction (node_modules/jsdom/lib/jsdom/living/generated/Function.js:19:26)
      at node_modules/jsdom/lib/jsdom/browser/Window.js:613:9

  ● useProfileDetectionManual › should manually detect profile when detect is called

    The error below may be caused by using the wrong test environment, see https://jestjs.io/docs/configuration#testenvironment-string.
    Consider using the "node" test environment.

    TypeError: fastNowTimeout?.unref is not a function

      at refreshTimeout (node_modules/undici/lib/util/timers.js:205:21)
      at onTick (node_modules/undici/lib/util/timers.js:186:5)
      at Timeout.task (node_modules/jsdom/lib/jsdom/browser/Window.js:579:19)

  ● useProfileDetectionManual › should manually detect profile when detect is called

    The error below may be caused by using the wrong test environment, see https://jestjs.io/docs/configuration#testenvironment-string.
    Consider using the "node" test environment.

    TypeError: fastNowTimeout?.unref is not a function

      at refreshTimeout (node_modules/undici/lib/util/timers.js:205:21)
      at onTick (node_modules/undici/lib/util/timers.js:186:5)
      at Timeout.task (node_modules/jsdom/lib/jsdom/browser/Window.js:579:19)

  ● useProfileDetectionManual › should manually detect profile when detect is called

    ReferenceError: clearImmediate is not defined

      at node_modules/undici/lib/core/util.js:832:9
      at invokeTheCallbackFunction (node_modules/jsdom/lib/jsdom/living/generated/Function.js:19:26)
      at node_modules/jsdom/lib/jsdom/browser/Window.js:613:9

  ● useProfileDetectionManual › should manually detect profile when detect is called

    TypeError: markResourceTiming is not a function

      at finalizeAndReportTiming (node_modules/undici/lib/web/fetch/index.js:310:3)
      at Object.handleFetchDone [as processResponseEndOfBody] (node_modules/undici/lib/web/fetch/index.js:126:3)
      at node_modules/undici/lib/web/fetch/index.js:1057:42
      at invokeTheCallbackFunction (node_modules/jsdom/lib/jsdom/living/generated/Function.js:19:26)
      at node_modules/jsdom/lib/jsdom/browser/Window.js:613:9

  ● useProfileDetectionManual › should manually detect profile when detect is called

    The error below may be caused by using the wrong test environment, see https://jestjs.io/docs/configuration#testenvironment-string.
    Consider using the "node" test environment.

    TypeError: fastNowTimeout?.unref is not a function

      at refreshTimeout (node_modules/undici/lib/util/timers.js:205:21)
      at onTick (node_modules/undici/lib/util/timers.js:186:5)
      at Timeout.task (node_modules/jsdom/lib/jsdom/browser/Window.js:579:19)

  ● useProfileDetectionManual › should manually detect profile when detect is called

    The error below may be caused by using the wrong test environment, see https://jestjs.io/docs/configuration#testenvironment-string.
    Consider using the "node" test environment.

    TypeError: fastNowTimeout?.unref is not a function

      at refreshTimeout (node_modules/undici/lib/util/timers.js:205:21)
      at onTick (node_modules/undici/lib/util/timers.js:186:5)
      at Timeout.task (node_modules/jsdom/lib/jsdom/browser/Window.js:579:19)

  ● useProfileDetectionManual › should manually detect profile when detect is called

    thrown: "Exceeded timeout of 5000 ms for a test.
    Add a timeout value to this test to increase the timeout, if this is a long-running test. See https://jestjs.io/docs/api#testname-fn-timeout."

    [0m [90m 123 |[39m   afterAll(() [33m=>[39m server[33m.[39mclose())
     [90m 124 |[39m
    [31m[1m>[22m[39m[90m 125 |[39m   it([32m'should manually detect profile when detect is called'[39m[33m,[39m [36masync[39m () [33m=>[39m {
     [90m     |[39m   [31m[1m^[22m[39m
     [90m 126 |[39m     server[33m.[39muse(
     [90m 127 |[39m       rest[33m.[39m[36mget[39m([32m'/api/v1/profile/detect'[39m[33m,[39m (req[33m,[39m res[33m,[39m ctx) [33m=>[39m {
     [90m 128 |[39m         [36mreturn[39m res(ctx[33m.[39mjson({[0m

      at it (hooks/__tests__/useProfileDetection.test.ts:125:3)
      at Object.describe (hooks/__tests__/useProfileDetection.test.ts:120:1)

  ● useProfileDetectionManual › should handle detection errors

    TypeError: Cannot read properties of null (reading 'error')

    [0m [90m 169 |[39m     )[33m.[39mrejects[33m.[39mtoThrow()
     [90m 170 |[39m
    [31m[1m>[22m[39m[90m 171 |[39m     expect(result[33m.[39mcurrent[33m.[39merror)[33m.[39mtoBe([32m'Detection failed'[39m)
     [90m     |[39m                           [31m[1m^[22m[39m
     [90m 172 |[39m
     [90m 173 |[39m     consoleErrorSpy[33m.[39mmockRestore()
     [90m 174 |[39m   })[0m

      at Object.error (hooks/__tests__/useProfileDetection.test.ts:171:27)

  ● useBypassStatus › should fetch bypass status on mount

    TypeError: Cannot read properties of null (reading 'loading')

    [0m [90m 192 |[39m     [36mconst[39m { result } [33m=[39m renderHook(() [33m=>[39m useBypassStatus())
     [90m 193 |[39m
    [31m[1m>[22m[39m[90m 194 |[39m     expect(result[33m.[39mcurrent[33m.[39mloading)[33m.[39mtoBe([36mtrue[39m)
     [90m     |[39m                           [31m[1m^[22m[39m
     [90m 195 |[39m
     [90m 196 |[39m     [36mawait[39m waitFor(() [33m=>[39m {
     [90m 197 |[39m       expect(result[33m.[39mcurrent[33m.[39mloading)[33m.[39mtoBe([36mfalse[39m)[0m

      at Object.loading (hooks/__tests__/useProfileDetection.test.ts:194:27)

  ● useBypassStatus › should refresh bypass status when refresh is called

    ReferenceError: clearImmediate is not defined

      at node_modules/undici/lib/core/util.js:832:9
      at invokeTheCallbackFunction (node_modules/jsdom/lib/jsdom/living/generated/Function.js:19:26)
      at node_modules/jsdom/lib/jsdom/browser/Window.js:613:9

  ● useBypassStatus › should refresh bypass status when refresh is called

    TypeError: markResourceTiming is not a function

      at finalizeAndReportTiming (node_modules/undici/lib/web/fetch/index.js:310:3)
      at Object.handleFetchDone [as processResponseEndOfBody] (node_modules/undici/lib/web/fetch/index.js:126:3)
      at node_modules/undici/lib/web/fetch/index.js:1057:42
      at invokeTheCallbackFunction (node_modules/jsdom/lib/jsdom/living/generated/Function.js:19:26)
      at node_modules/jsdom/lib/jsdom/browser/Window.js:613:9

  ● useBypassStatus › should refresh bypass status when refresh is called

    The error below may be caused by using the wrong test environment, see https://jestjs.io/docs/configuration#testenvironment-string.
    Consider using the "node" test environment.

    TypeError: fastNowTimeout?.unref is not a function

      at refreshTimeout (node_modules/undici/lib/util/timers.js:205:21)
      at onTick (node_modules/undici/lib/util/timers.js:186:5)
      at Timeout.task (node_modules/jsdom/lib/jsdom/browser/Window.js:579:19)

  ● useBypassStatus › should refresh bypass status when refresh is called

    The error below may be caused by using the wrong test environment, see https://jestjs.io/docs/configuration#testenvironment-string.
    Consider using the "node" test environment.

    TypeError: fastNowTimeout?.unref is not a function

      at refreshTimeout (node_modules/undici/lib/util/timers.js:205:21)
      at onTick (node_modules/undici/lib/util/timers.js:186:5)
      at Timeout.task (node_modules/jsdom/lib/jsdom/browser/Window.js:579:19)

  ● useBypassStatus › should refresh bypass status when refresh is called

    TypeError: Cannot read properties of null (reading 'loading')

    Ignored nodes: comments, script, style
    [36m<html>[39m
      [36m<head />[39m
      [36m<body>[39m
        [36m<div />[39m
      [36m</body>[39m
    [36m</html>[39m

    [0m [90m 216 |[39m
     [90m 217 |[39m     [36mawait[39m waitFor(() [33m=>[39m {
    [31m[1m>[22m[39m[90m 218 |[39m       expect(result[33m.[39mcurrent[33m.[39mloading)[33m.[39mtoBe([36mfalse[39m)
     [90m     |[39m                             [31m[1m^[22m[39m
     [90m 219 |[39m     })
     [90m 220 |[39m
     [90m 221 |[39m     expect(result[33m.[39mcurrent[33m.[39mbypassed)[33m.[39mtoBe([36mfalse[39m)[0m

      at loading (hooks/__tests__/useProfileDetection.test.ts:218:29)
      at runWithExpensiveErrorDiagnosticsDisabled (node_modules/@testing-library/dom/dist/config.js:47:12)
      at checkCallback (node_modules/@testing-library/dom/dist/wait-for.js:124:77)
      at checkRealTimersCallback (node_modules/@testing-library/dom/dist/wait-for.js:118:16)
      at Timeout.task [as _onTimeout] (node_modules/jsdom/lib/jsdom/browser/Window.js:579:19)

  ● useBypassStatus › should handle bypass check errors gracefully

    ReferenceError: clearImmediate is not defined

      at node_modules/undici/lib/core/util.js:832:9
      at invokeTheCallbackFunction (node_modules/jsdom/lib/jsdom/living/generated/Function.js:19:26)
      at node_modules/jsdom/lib/jsdom/browser/Window.js:613:9

  ● useBypassStatus › should handle bypass check errors gracefully

    TypeError: markResourceTiming is not a function

      at finalizeAndReportTiming (node_modules/undici/lib/web/fetch/index.js:310:3)
      at Object.handleFetchDone [as processResponseEndOfBody] (node_modules/undici/lib/web/fetch/index.js:126:3)
      at node_modules/undici/lib/web/fetch/index.js:1057:42
      at invokeTheCallbackFunction (node_modules/jsdom/lib/jsdom/living/generated/Function.js:19:26)
      at node_modules/jsdom/lib/jsdom/browser/Window.js:613:9

  ● useBypassStatus › should handle bypass check errors gracefully

    The error below may be caused by using the wrong test environment, see https://jestjs.io/docs/configuration#testenvironment-string.
    Consider using the "node" test environment.

    TypeError: fastNowTimeout?.unref is not a function

      at refreshTimeout (node_modules/undici/lib/util/timers.js:205:21)
      at onTick (node_modules/undici/lib/util/timers.js:186:5)
      at Timeout.task (node_modules/jsdom/lib/jsdom/browser/Window.js:579:19)

  ● useBypassStatus › should handle bypass check errors gracefully

    The error below may be caused by using the wrong test environment, see https://jestjs.io/docs/configuration#testenvironment-string.
    Consider using the "node" test environment.

    TypeError: fastNowTimeout?.unref is not a function

      at refreshTimeout (node_modules/undici/lib/util/timers.js:205:21)
      at onTick (node_modules/undici/lib/util/timers.js:186:5)
      at Timeout.task (node_modules/jsdom/lib/jsdom/browser/Window.js:579:19)

  ● useBypassStatus › should handle bypass check errors gracefully

    TypeError: Cannot read properties of null (reading 'loading')

    Ignored nodes: comments, script, style
    [36m<html>[39m
      [36m<head />[39m
      [36m<body>[39m
        [36m<div />[39m
      [36m</body>[39m
    [36m</html>[39m

    [0m [90m 245 |[39m
     [90m 246 |[39m     [36mawait[39m waitFor(() [33m=>[39m {
    [31m[1m>[22m[39m[90m 247 |[39m       expect(result[33m.[39mcurrent[33m.[39mloading)[33m.[39mtoBe([36mfalse[39m)
     [90m     |[39m                             [31m[1m^[22m[39m
     [90m 248 |[39m     })
     [90m 249 |[39m
     [90m 250 |[39m     [90m// Should default to false on error[39m[0m

      at loading (hooks/__tests__/useProfileDetection.test.ts:247:29)
      at runWithExpensiveErrorDiagnosticsDisabled (node_modules/@testing-library/dom/dist/config.js:47:12)
      at checkCallback (node_modules/@testing-library/dom/dist/wait-for.js:124:77)
      at checkRealTimersCallback (node_modules/@testing-library/dom/dist/wait-for.js:118:16)
      at Timeout.task [as _onTimeout] (node_modules/jsdom/lib/jsdom/browser/Window.js:579:19)

  ● useProfileStats › should fetch profile stats on mount

    ReferenceError: clearImmediate is not defined

      at node_modules/undici/lib/core/util.js:832:9
      at invokeTheCallbackFunction (node_modules/jsdom/lib/jsdom/living/generated/Function.js:19:26)
      at node_modules/jsdom/lib/jsdom/browser/Window.js:613:9

  ● useProfileStats › should fetch profile stats on mount

    TypeError: markResourceTiming is not a function

      at finalizeAndReportTiming (node_modules/undici/lib/web/fetch/index.js:310:3)
      at Object.handleFetchDone [as processResponseEndOfBody] (node_modules/undici/lib/web/fetch/index.js:126:3)
      at node_modules/undici/lib/web/fetch/index.js:1057:42
      at invokeTheCallbackFunction (node_modules/jsdom/lib/jsdom/living/generated/Function.js:19:26)
      at node_modules/jsdom/lib/jsdom/browser/Window.js:613:9

  ● useProfileStats › should fetch profile stats on mount

    The error below may be caused by using the wrong test environment, see https://jestjs.io/docs/configuration#testenvironment-string.
    Consider using the "node" test environment.

    TypeError: fastNowTimeout?.unref is not a function

      at refreshTimeout (node_modules/undici/lib/util/timers.js:205:21)
      at onTick (node_modules/undici/lib/util/timers.js:186:5)
      at Timeout.task (node_modules/jsdom/lib/jsdom/browser/Window.js:579:19)

  ● useProfileStats › should fetch profile stats on mount

    The error below may be caused by using the wrong test environment, see https://jestjs.io/docs/configuration#testenvironment-string.
    Consider using the "node" test environment.

    TypeError: fastNowTimeout?.unref is not a function

      at refreshTimeout (node_modules/undici/lib/util/timers.js:205:21)
      at onTick (node_modules/undici/lib/util/timers.js:186:5)
      at Timeout.task (node_modules/jsdom/lib/jsdom/browser/Window.js:579:19)

  ● useProfileStats › should fetch profile stats on mount

    expect(received).toBe(expected) // Object.is equality

    Expected: false
    Received: true

    Ignored nodes: comments, script, style
    [36m<html>[39m
      [36m<head />[39m
      [36m<body>[39m
        [36m<div />[39m
      [36m</body>[39m
    [36m</html>[39m

    [0m [90m 280 |[39m
     [90m 281 |[39m     [36mawait[39m waitFor(() [33m=>[39m {
    [31m[1m>[22m[39m[90m 282 |[39m       expect(result[33m.[39mcurrent[33m.[39mloading)[33m.[39mtoBe([36mfalse[39m)
     [90m     |[39m                                      [31m[1m^[22m[39m
     [90m 283 |[39m     })
     [90m 284 |[39m
     [90m 285 |[39m     expect(result[33m.[39mcurrent[33m.[39mstats)[33m.[39mtoBeTruthy()[0m

      at toBe (hooks/__tests__/useProfileDetection.test.ts:282:38)
      at runWithExpensiveErrorDiagnosticsDisabled (node_modules/@testing-library/dom/dist/config.js:47:12)
      at checkCallback (node_modules/@testing-library/dom/dist/wait-for.js:124:77)
      at checkRealTimersCallback (node_modules/@testing-library/dom/dist/wait-for.js:118:16)
      at Timeout.task [as _onTimeout] (node_modules/jsdom/lib/jsdom/browser/Window.js:579:19)

  ● useProfileStats › should handle stats fetch errors

    ReferenceError: clearImmediate is not defined

      at node_modules/undici/lib/core/util.js:832:9
      at invokeTheCallbackFunction (node_modules/jsdom/lib/jsdom/living/generated/Function.js:19:26)
      at node_modules/jsdom/lib/jsdom/browser/Window.js:613:9

  ● useProfileStats › should handle stats fetch errors

    TypeError: markResourceTiming is not a function

      at finalizeAndReportTiming (node_modules/undici/lib/web/fetch/index.js:310:3)
      at Object.handleFetchDone [as processResponseEndOfBody] (node_modules/undici/lib/web/fetch/index.js:126:3)
      at node_modules/undici/lib/web/fetch/index.js:1057:42
      at invokeTheCallbackFunction (node_modules/jsdom/lib/jsdom/living/generated/Function.js:19:26)
      at node_modules/jsdom/lib/jsdom/browser/Window.js:613:9

  ● useProfileStats › should handle stats fetch errors

    ReferenceError: clearImmediate is not defined

      at node_modules/undici/lib/core/util.js:832:9
      at invokeTheCallbackFunction (node_modules/jsdom/lib/jsdom/living/generated/Function.js:19:26)
      at node_modules/jsdom/lib/jsdom/browser/Window.js:613:9

  ● useProfileStats › should handle stats fetch errors

    TypeError: markResourceTiming is not a function

      at finalizeAndReportTiming (node_modules/undici/lib/web/fetch/index.js:310:3)
      at Object.handleFetchDone [as processResponseEndOfBody] (node_modules/undici/lib/web/fetch/index.js:126:3)
      at node_modules/undici/lib/web/fetch/index.js:1057:42
      at invokeTheCallbackFunction (node_modules/jsdom/lib/jsdom/living/generated/Function.js:19:26)
      at node_modules/jsdom/lib/jsdom/browser/Window.js:613:9

  ● useProfileStats › should handle stats fetch errors

    The error below may be caused by using the wrong test environment, see https://jestjs.io/docs/configuration#testenvironment-string.
    Consider using the "node" test environment.

    TypeError: fastNowTimeout?.unref is not a function

      at refreshTimeout (node_modules/undici/lib/util/timers.js:205:21)
      at onTick (node_modules/undici/lib/util/timers.js:186:5)
      at Timeout.task (node_modules/jsdom/lib/jsdom/browser/Window.js:579:19)

  ● useProfileStats › should handle stats fetch errors

    The error below may be caused by using the wrong test environment, see https://jestjs.io/docs/configuration#testenvironment-string.
    Consider using the "node" test environment.

    TypeError: fastNowTimeout?.unref is not a function

      at refreshTimeout (node_modules/undici/lib/util/timers.js:205:21)
      at onTick (node_modules/undici/lib/util/timers.js:186:5)
      at Timeout.task (node_modules/jsdom/lib/jsdom/browser/Window.js:579:19)

  ● useProfileStats › should handle stats fetch errors

    expect(received).toBe(expected) // Object.is equality

    Expected: false
    Received: true

    Ignored nodes: comments, script, style
    [36m<html>[39m
      [36m<head />[39m
      [36m<body>[39m
        [36m<div />[39m
      [36m</body>[39m
    [36m</html>[39m

    [0m [90m 303 |[39m
     [90m 304 |[39m     [36mawait[39m waitFor(() [33m=>[39m {
    [31m[1m>[22m[39m[90m 305 |[39m       expect(result[33m.[39mcurrent[33m.[39mloading)[33m.[39mtoBe([36mfalse[39m)
     [90m     |[39m                                      [31m[1m^[22m[39m
     [90m 306 |[39m     })
     [90m 307 |[39m
     [90m 308 |[39m     expect(result[33m.[39mcurrent[33m.[39merror)[33m.[39mtoBe([32m'Failed to load stats'[39m)[0m

      at toBe (hooks/__tests__/useProfileDetection.test.ts:305:38)
      at runWithExpensiveErrorDiagnosticsDisabled (node_modules/@testing-library/dom/dist/config.js:47:12)
      at checkCallback (node_modules/@testing-library/dom/dist/wait-for.js:124:77)
      at checkRealTimersCallback (node_modules/@testing-library/dom/dist/wait-for.js:118:16)
      at Timeout.task [as _onTimeout] (node_modules/jsdom/lib/jsdom/browser/Window.js:579:19)

FAIL components/__tests__/RepoList.test.tsx (18.046 s)
  ● RepoList › should render loading state initially

    expect(received).toBeGreaterThan(expected)

    Expected: > 0
    Received:   0

    [0m [90m 56 |[39m
     [90m 57 |[39m     [36mconst[39m loadingElements [33m=[39m document[33m.[39mquerySelectorAll([32m'.animate-pulse'[39m)[33m;[39m
    [31m[1m>[22m[39m[90m 58 |[39m     expect(loadingElements[33m.[39mlength)[33m.[39mtoBeGreaterThan([35m0[39m)[33m;[39m
     [90m    |[39m                                    [31m[1m^[22m[39m
     [90m 59 |[39m   })[33m;[39m
     [90m 60 |[39m
     [90m 61 |[39m   it([32m'should fetch and display repositories'[39m[33m,[39m [36masync[39m () [33m=>[39m {[0m

      at Object.toBeGreaterThan (components/__tests__/RepoList.test.tsx:58:36)

  ● RepoList › should fetch and display repositories

    Unable to find an element with the text: awesome-project. This could be because the text is broken up by multiple elements. In this case, you can provide a function for your text matcher to make your matcher more flexible.

    Ignored nodes: comments, script, style
    [36m<body>[39m
      [36m<div>[39m
        [36m<div[39m
          [33mclass[39m=[32m"bg-red-50 border border-red-200 rounded-lg p-4"[39m
        [36m>[39m
          [36m<p[39m
            [33mclass[39m=[32m"text-sm text-red-600"[39m
          [36m>[39m
            [0mErreur: [0m
            [0mUnknown error[0m
          [36m</p>[39m
        [36m</div>[39m
      [36m</div>[39m
    [36m</body>[39m

    [0m [90m 70 |[39m     render([33m<[39m[33mRepoList[39m username[33m=[39m[32m"testuser"[39m [33m/[39m[33m>[39m)[33m;[39m
     [90m 71 |[39m
    [31m[1m>[22m[39m[90m 72 |[39m     [36mawait[39m waitFor(() [33m=>[39m {
     [90m    |[39m                  [31m[1m^[22m[39m
     [90m 73 |[39m       expect(screen[33m.[39mgetByText([32m'awesome-project'[39m))[33m.[39mtoBeInTheDocument()[33m;[39m
     [90m 74 |[39m     })[33m;[39m
     [90m 75 |[39m[0m

      at waitForWrapper (node_modules/@testing-library/dom/dist/wait-for.js:163:27)
      at Object.<anonymous> (components/__tests__/RepoList.test.tsx:72:18)

  ● RepoList › should display repository descriptions

    Unable to find an element with the text: An awesome React project. This could be because the text is broken up by multiple elements. In this case, you can provide a function for your text matcher to make your matcher more flexible.

    Ignored nodes: comments, script, style
    [36m<body>[39m
      [36m<div>[39m
        [36m<div[39m
          [33mclass[39m=[32m"bg-red-50 border border-red-200 rounded-lg p-4"[39m
        [36m>[39m
          [36m<p[39m
            [33mclass[39m=[32m"text-sm text-red-600"[39m
          [36m>[39m
            [0mErreur: [0m
            [0mUnknown error[0m
          [36m</p>[39m
        [36m</div>[39m
      [36m</div>[39m
    [36m</body>[39m

    [0m [90m 89 |[39m     render([33m<[39m[33mRepoList[39m username[33m=[39m[32m"testuser"[39m [33m/[39m[33m>[39m)[33m;[39m
     [90m 90 |[39m
    [31m[1m>[22m[39m[90m 91 |[39m     [36mawait[39m waitFor(() [33m=>[39m {
     [90m    |[39m                  [31m[1m^[22m[39m
     [90m 92 |[39m       expect(screen[33m.[39mgetByText([32m'An awesome React project'[39m))[33m.[39mtoBeInTheDocument()[33m;[39m
     [90m 93 |[39m     })[33m;[39m
     [90m 94 |[39m[0m

      at waitForWrapper (node_modules/@testing-library/dom/dist/wait-for.js:163:27)
      at Object.<anonymous> (components/__tests__/RepoList.test.tsx:91:18)

  ● RepoList › should show star counts

    Unable to find an element with the text: 42. This could be because the text is broken up by multiple elements. In this case, you can provide a function for your text matcher to make your matcher more flexible.

    Ignored nodes: comments, script, style
    [36m<body>[39m
      [36m<div>[39m
        [36m<div[39m
          [33mclass[39m=[32m"bg-red-50 border border-red-200 rounded-lg p-4"[39m
        [36m>[39m
          [36m<p[39m
            [33mclass[39m=[32m"text-sm text-red-600"[39m
          [36m>[39m
            [0mErreur: [0m
            [0mUnknown error[0m
          [36m</p>[39m
        [36m</div>[39m
      [36m</div>[39m
    [36m</body>[39m

    [0m [90m 108 |[39m     render([33m<[39m[33mRepoList[39m username[33m=[39m[32m"testuser"[39m [33m/[39m[33m>[39m)[33m;[39m
     [90m 109 |[39m
    [31m[1m>[22m[39m[90m 110 |[39m     [36mawait[39m waitFor(() [33m=>[39m {
     [90m     |[39m                  [31m[1m^[22m[39m
     [90m 111 |[39m       expect(screen[33m.[39mgetByText([32m'42'[39m))[33m.[39mtoBeInTheDocument()[33m;[39m
     [90m 112 |[39m     })[33m;[39m
     [90m 113 |[39m[0m

      at waitForWrapper (node_modules/@testing-library/dom/dist/wait-for.js:163:27)
      at Object.<anonymous> (components/__tests__/RepoList.test.tsx:110:18)

  ● RepoList › should display language badges with correct colors

    Unable to find an element with the text: TypeScript. This could be because the text is broken up by multiple elements. In this case, you can provide a function for your text matcher to make your matcher more flexible.

    Ignored nodes: comments, script, style
    [36m<body>[39m
      [36m<div>[39m
        [36m<div[39m
          [33mclass[39m=[32m"bg-red-50 border border-red-200 rounded-lg p-4"[39m
        [36m>[39m
          [36m<p[39m
            [33mclass[39m=[32m"text-sm text-red-600"[39m
          [36m>[39m
            [0mErreur: [0m
            [0mUnknown error[0m
          [36m</p>[39m
        [36m</div>[39m
      [36m</div>[39m
    [36m</body>[39m

    [0m [90m 127 |[39m     render([33m<[39m[33mRepoList[39m username[33m=[39m[32m"testuser"[39m [33m/[39m[33m>[39m)[33m;[39m
     [90m 128 |[39m
    [31m[1m>[22m[39m[90m 129 |[39m     [36mawait[39m waitFor(() [33m=>[39m {
     [90m     |[39m                  [31m[1m^[22m[39m
     [90m 130 |[39m       [36mconst[39m typescriptBadge [33m=[39m screen[33m.[39mgetByText([32m'TypeScript'[39m)[33m;[39m
     [90m 131 |[39m       expect(typescriptBadge)[33m.[39mtoBeInTheDocument()[33m;[39m
     [90m 132 |[39m       expect(typescriptBadge)[33m.[39mtoHaveClass([32m'bg-blue-100'[39m[33m,[39m [32m'text-blue-800'[39m)[33m;[39m[0m

      at waitForWrapper (node_modules/@testing-library/dom/dist/wait-for.js:163:27)
      at Object.<anonymous> (components/__tests__/RepoList.test.tsx:129:18)

  ● RepoList › should show private badge for private repos

    Unable to find an element with the text: /🔒 Privé/i. This could be because the text is broken up by multiple elements. In this case, you can provide a function for your text matcher to make your matcher more flexible.

    Ignored nodes: comments, script, style
    [36m<body>[39m
      [36m<div>[39m
        [36m<div[39m
          [33mclass[39m=[32m"bg-red-50 border border-red-200 rounded-lg p-4"[39m
        [36m>[39m
          [36m<p[39m
            [33mclass[39m=[32m"text-sm text-red-600"[39m
          [36m>[39m
            [0mErreur: [0m
            [0mUnknown error[0m
          [36m</p>[39m
        [36m</div>[39m
      [36m</div>[39m
    [36m</body>[39m

    [0m [90m 151 |[39m     render([33m<[39m[33mRepoList[39m username[33m=[39m[32m"testuser"[39m [33m/[39m[33m>[39m)[33m;[39m
     [90m 152 |[39m
    [31m[1m>[22m[39m[90m 153 |[39m     [36mawait[39m waitFor(() [33m=>[39m {
     [90m     |[39m                  [31m[1m^[22m[39m
     [90m 154 |[39m       expect(screen[33m.[39mgetByText([35m/🔒 Privé/i[39m))[33m.[39mtoBeInTheDocument()[33m;[39m
     [90m 155 |[39m     })[33m;[39m
     [90m 156 |[39m   })[33m;[39m[0m

      at waitForWrapper (node_modules/@testing-library/dom/dist/wait-for.js:163:27)
      at Object.<anonymous> (components/__tests__/RepoList.test.tsx:153:18)

  ● RepoList › should display topics as badges

    Unable to find an element with the text: react. This could be because the text is broken up by multiple elements. In this case, you can provide a function for your text matcher to make your matcher more flexible.

    Ignored nodes: comments, script, style
    [36m<body>[39m
      [36m<div>[39m
        [36m<div[39m
          [33mclass[39m=[32m"bg-red-50 border border-red-200 rounded-lg p-4"[39m
        [36m>[39m
          [36m<p[39m
            [33mclass[39m=[32m"text-sm text-red-600"[39m
          [36m>[39m
            [0mErreur: [0m
            [0mUnknown error[0m
          [36m</p>[39m
        [36m</div>[39m
      [36m</div>[39m
    [36m</body>[39m

    [0m [90m 167 |[39m     render([33m<[39m[33mRepoList[39m username[33m=[39m[32m"testuser"[39m [33m/[39m[33m>[39m)[33m;[39m
     [90m 168 |[39m
    [31m[1m>[22m[39m[90m 169 |[39m     [36mawait[39m waitFor(() [33m=>[39m {
     [90m     |[39m                  [31m[1m^[22m[39m
     [90m 170 |[39m       expect(screen[33m.[39mgetByText([32m'react'[39m))[33m.[39mtoBeInTheDocument()[33m;[39m
     [90m 171 |[39m     })[33m;[39m
     [90m 172 |[39m[0m

      at waitForWrapper (node_modules/@testing-library/dom/dist/wait-for.js:163:27)
      at Object.<anonymous> (components/__tests__/RepoList.test.tsx:169:18)

  ● RepoList › should format dates correctly

    Unable to find an element with the text: /Mis à jour/i. This could be because the text is broken up by multiple elements. In this case, you can provide a function for your text matcher to make your matcher more flexible.

    Ignored nodes: comments, script, style
    [36m<body>[39m
      [36m<div>[39m
        [36m<div[39m
          [33mclass[39m=[32m"bg-red-50 border border-red-200 rounded-lg p-4"[39m
        [36m>[39m
          [36m<p[39m
            [33mclass[39m=[32m"text-sm text-red-600"[39m
          [36m>[39m
            [0mErreur: [0m
            [0mUnknown error[0m
          [36m</p>[39m
        [36m</div>[39m
      [36m</div>[39m
    [36m</body>[39m

    [0m [90m 188 |[39m     render([33m<[39m[33mRepoList[39m username[33m=[39m[32m"testuser"[39m [33m/[39m[33m>[39m)[33m;[39m
     [90m 189 |[39m
    [31m[1m>[22m[39m[90m 190 |[39m     [36mawait[39m waitFor(() [33m=>[39m {
     [90m     |[39m                  [31m[1m^[22m[39m
     [90m 191 |[39m       [90m// Check for French date format[39m
     [90m 192 |[39m       [36mconst[39m dateElements [33m=[39m screen[33m.[39mgetAllByText([35m/Mis à jour/i[39m)[33m;[39m
     [90m 193 |[39m       expect(dateElements[33m.[39mlength)[33m.[39mtoBeGreaterThan([35m0[39m)[33m;[39m[0m

      at waitForWrapper (node_modules/@testing-library/dom/dist/wait-for.js:163:27)
      at Object.<anonymous> (components/__tests__/RepoList.test.tsx:190:18)

  ● RepoList › should render repository links with correct hrefs

    Unable to find role="link" and name "awesome-project"

    Ignored nodes: comments, script, style
    [36m<body>[39m
      [36m<div>[39m
        [36m<div[39m
          [33mclass[39m=[32m"bg-red-50 border border-red-200 rounded-lg p-4"[39m
        [36m>[39m
          [36m<p[39m
            [33mclass[39m=[32m"text-sm text-red-600"[39m
          [36m>[39m
            [0mErreur: [0m
            [0mUnknown error[0m
          [36m</p>[39m
        [36m</div>[39m
      [36m</div>[39m
    [36m</body>[39m

    [0m [90m 206 |[39m     render([33m<[39m[33mRepoList[39m username[33m=[39m[32m"testuser"[39m [33m/[39m[33m>[39m)[33m;[39m
     [90m 207 |[39m
    [31m[1m>[22m[39m[90m 208 |[39m     [36mawait[39m waitFor(() [33m=>[39m {
     [90m     |[39m                  [31m[1m^[22m[39m
     [90m 209 |[39m       [36mconst[39m link [33m=[39m screen[33m.[39mgetByRole([32m'link'[39m[33m,[39m { name[33m:[39m [32m'awesome-project'[39m })[33m;[39m
     [90m 210 |[39m       expect(link)[33m.[39mtoHaveAttribute([32m'href'[39m[33m,[39m [32m'https://github.com/testuser/awesome-project'[39m)[33m;[39m
     [90m 211 |[39m       expect(link)[33m.[39mtoHaveAttribute([32m'target'[39m[33m,[39m [32m'_blank'[39m)[33m;[39m[0m

      at waitForWrapper (node_modules/@testing-library/dom/dist/wait-for.js:163:27)
      at Object.<anonymous> (components/__tests__/RepoList.test.tsx:208:18)

  ● RepoList › should handle error state

    TestingLibraryElementError: Unable to find an element with the text: /failed to fetch repos/i. This could be because the text is broken up by multiple elements. In this case, you can provide a function for your text matcher to make your matcher more flexible.

    Ignored nodes: comments, script, style
    [36m<body>[39m
      [36m<div>[39m
        [36m<div[39m
          [33mclass[39m=[32m"bg-red-50 border border-red-200 rounded-lg p-4"[39m
        [36m>[39m
          [36m<p[39m
            [33mclass[39m=[32m"text-sm text-red-600"[39m
          [36m>[39m
            [0mErreur: [0m
            [0mUnknown error[0m
          [36m</p>[39m
        [36m</div>[39m
      [36m</div>[39m
    [36m</body>[39m

    [0m [90m 231 |[39m     })[33m;[39m
     [90m 232 |[39m
    [31m[1m>[22m[39m[90m 233 |[39m     expect(screen[33m.[39mgetByText([35m/failed to fetch repos/i[39m))[33m.[39mtoBeInTheDocument()[33m;[39m
     [90m     |[39m                   [31m[1m^[22m[39m
     [90m 234 |[39m
     [90m 235 |[39m     consoleErrorSpy[33m.[39mmockRestore()[33m;[39m
     [90m 236 |[39m   })[33m;[39m[0m

      at Object.getElementError (node_modules/@testing-library/dom/dist/config.js:37:19)
      at node_modules/@testing-library/dom/dist/query-helpers.js:76:38
      at node_modules/@testing-library/dom/dist/query-helpers.js:52:17
      at node_modules/@testing-library/dom/dist/query-helpers.js:95:19
      at Object.getByText (components/__tests__/RepoList.test.tsx:233:19)

  ● RepoList › should show empty state when no repos found

    Unable to find an element with the text: /aucun repo trouvé/i. This could be because the text is broken up by multiple elements. In this case, you can provide a function for your text matcher to make your matcher more flexible.

    Ignored nodes: comments, script, style
    [36m<body>[39m
      [36m<div>[39m
        [36m<div[39m
          [33mclass[39m=[32m"bg-red-50 border border-red-200 rounded-lg p-4"[39m
        [36m>[39m
          [36m<p[39m
            [33mclass[39m=[32m"text-sm text-red-600"[39m
          [36m>[39m
            [0mErreur: [0m
            [0mUnknown error[0m
          [36m</p>[39m
        [36m</div>[39m
      [36m</div>[39m
    [36m</body>[39m

    [0m [90m 247 |[39m     render([33m<[39m[33mRepoList[39m username[33m=[39m[32m"testuser"[39m [33m/[39m[33m>[39m)[33m;[39m
     [90m 248 |[39m
    [31m[1m>[22m[39m[90m 249 |[39m     [36mawait[39m waitFor(() [33m=>[39m {
     [90m     |[39m                  [31m[1m^[22m[39m
     [90m 250 |[39m       expect(screen[33m.[39mgetByText([35m/aucun repo trouvé/i[39m))[33m.[39mtoBeInTheDocument()[33m;[39m
     [90m 251 |[39m     })[33m;[39m
     [90m 252 |[39m   })[33m;[39m[0m

      at waitForWrapper (node_modules/@testing-library/dom/dist/wait-for.js:163:27)
      at Object.<anonymous> (components/__tests__/RepoList.test.tsx:249:18)

  ● RepoList › should filter private repos when showPrivate is false

    Unable to find an element with the text: awesome-project. This could be because the text is broken up by multiple elements. In this case, you can provide a function for your text matcher to make your matcher more flexible.

    Ignored nodes: comments, script, style
    [36m<body>[39m
      [36m<div>[39m
        [36m<div[39m
          [33mclass[39m=[32m"bg-red-50 border border-red-200 rounded-lg p-4"[39m
        [36m>[39m
          [36m<p[39m
            [33mclass[39m=[32m"text-sm text-red-600"[39m
          [36m>[39m
            [0mErreur: [0m
            [0mUnknown error[0m
          [36m</p>[39m
        [36m</div>[39m
      [36m</div>[39m
    [36m</body>[39m

    [0m [90m 268 |[39m     render([33m<[39m[33mRepoList[39m username[33m=[39m[32m"testuser"[39m showPrivate[33m=[39m{[36mfalse[39m} [33m/[39m[33m>[39m)[33m;[39m
     [90m 269 |[39m
    [31m[1m>[22m[39m[90m 270 |[39m     [36mawait[39m waitFor(() [33m=>[39m {
     [90m     |[39m                  [31m[1m^[22m[39m
     [90m 271 |[39m       expect(screen[33m.[39mgetByText([32m'awesome-project'[39m))[33m.[39mtoBeInTheDocument()[33m;[39m
     [90m 272 |[39m     })[33m;[39m
     [90m 273 |[39m[0m

      at waitForWrapper (node_modules/@testing-library/dom/dist/wait-for.js:163:27)
      at Object.<anonymous> (components/__tests__/RepoList.test.tsx:270:18)

  ● RepoList › should include private repos when showPrivate is true

    Unable to find an element with the text: awesome-project. This could be because the text is broken up by multiple elements. In this case, you can provide a function for your text matcher to make your matcher more flexible.

    Ignored nodes: comments, script, style
    [36m<body>[39m
      [36m<div>[39m
        [36m<div[39m
          [33mclass[39m=[32m"bg-red-50 border border-red-200 rounded-lg p-4"[39m
        [36m>[39m
          [36m<p[39m
            [33mclass[39m=[32m"text-sm text-red-600"[39m
          [36m>[39m
            [0mErreur: [0m
            [0mUnknown error[0m
          [36m</p>[39m
        [36m</div>[39m
      [36m</div>[39m
    [36m</body>[39m

    [0m [90m 291 |[39m     render([33m<[39m[33mRepoList[39m username[33m=[39m[32m"testuser"[39m showPrivate[33m=[39m{[36mtrue[39m} [33m/[39m[33m>[39m)[33m;[39m
     [90m 292 |[39m
    [31m[1m>[22m[39m[90m 293 |[39m     [36mawait[39m waitFor(() [33m=>[39m {
     [90m     |[39m                  [31m[1m^[22m[39m
     [90m 294 |[39m       expect(screen[33m.[39mgetByText([32m'awesome-project'[39m))[33m.[39mtoBeInTheDocument()[33m;[39m
     [90m 295 |[39m     })[33m;[39m
     [90m 296 |[39m[0m

      at waitForWrapper (node_modules/@testing-library/dom/dist/wait-for.js:163:27)
      at Object.<anonymous> (components/__tests__/RepoList.test.tsx:293:18)

  ● RepoList › should display full_name for each repo

    Unable to find an element with the text: testuser/awesome-project. This could be because the text is broken up by multiple elements. In this case, you can provide a function for your text matcher to make your matcher more flexible.

    Ignored nodes: comments, script, style
    [36m<body>[39m
      [36m<div>[39m
        [36m<div[39m
          [33mclass[39m=[32m"bg-red-50 border border-red-200 rounded-lg p-4"[39m
        [36m>[39m
          [36m<p[39m
            [33mclass[39m=[32m"text-sm text-red-600"[39m
          [36m>[39m
            [0mErreur: [0m
            [0mUnknown error[0m
          [36m</p>[39m
        [36m</div>[39m
      [36m</div>[39m
    [36m</body>[39m

    [0m [90m 309 |[39m     render([33m<[39m[33mRepoList[39m username[33m=[39m[32m"testuser"[39m [33m/[39m[33m>[39m)[33m;[39m
     [90m 310 |[39m
    [31m[1m>[22m[39m[90m 311 |[39m     [36mawait[39m waitFor(() [33m=>[39m {
     [90m     |[39m                  [31m[1m^[22m[39m
     [90m 312 |[39m       expect(screen[33m.[39mgetByText([32m'testuser/awesome-project'[39m))[33m.[39mtoBeInTheDocument()[33m;[39m
     [90m 313 |[39m     })[33m;[39m
     [90m 314 |[39m[0m

      at waitForWrapper (node_modules/@testing-library/dom/dist/wait-for.js:163:27)
      at Object.<anonymous> (components/__tests__/RepoList.test.tsx:311:18)

  ● RepoList › should show GitHub badge on each repo card

    Unable to find an element with the text: GitHub. This could be because the text is broken up by multiple elements. In this case, you can provide a function for your text matcher to make your matcher more flexible.

    Ignored nodes: comments, script, style
    [36m<body>[39m
      [36m<div>[39m
        [36m<div[39m
          [33mclass[39m=[32m"bg-red-50 border border-red-200 rounded-lg p-4"[39m
        [36m>[39m
          [36m<p[39m
            [33mclass[39m=[32m"text-sm text-red-600"[39m
          [36m>[39m
            [0mErreur: [0m
            [0mUnknown error[0m
          [36m</p>[39m
        [36m</div>[39m
      [36m</div>[39m
    [36m</body>[39m

    [0m [90m 328 |[39m     render([33m<[39m[33mRepoList[39m username[33m=[39m[32m"testuser"[39m [33m/[39m[33m>[39m)[33m;[39m
     [90m 329 |[39m
    [31m[1m>[22m[39m[90m 330 |[39m     [36mawait[39m waitFor(() [33m=>[39m {
     [90m     |[39m                  [31m[1m^[22m[39m
     [90m 331 |[39m       [36mconst[39m githubBadges [33m=[39m screen[33m.[39mgetAllByText([32m'GitHub'[39m)[33m;[39m
     [90m 332 |[39m       expect(githubBadges[33m.[39mlength)[33m.[39mtoBe(mockRepos[33m.[39mlength)[33m;[39m
     [90m 333 |[39m     })[33m;[39m[0m

      at waitForWrapper (node_modules/@testing-library/dom/dist/wait-for.js:163:27)
      at Object.<anonymous> (components/__tests__/RepoList.test.tsx:330:18)

  ● RepoList › should apply hover shadow effect on cards

    expect(received).toBe(expected) // Object.is equality

    Expected: 3
    Received: 0

    Ignored nodes: comments, script, style
    [36m<html>[39m
      [36m<head />[39m
      [36m<body>[39m
        [36m<div>[39m
          [36m<div[39m
            [33mclass[39m=[32m"bg-red-50 border border-red-200 rounded-lg p-4"[39m
          [36m>[39m
            [36m<p[39m
              [33mclass[39m=[32m"text-sm text-red-600"[39m
            [36m>[39m
              [0mErreur: [0m
              [0mUnknown error[0m
            [36m</p>[39m
          [36m</div>[39m
        [36m</div>[39m
      [36m</body>[39m
    [36m</html>[39m

    [0m [90m 347 |[39m     [36mawait[39m waitFor(() [33m=>[39m {
     [90m 348 |[39m       [36mconst[39m cards [33m=[39m document[33m.[39mquerySelectorAll([32m'.hover\\:shadow-md'[39m)[33m;[39m
    [31m[1m>[22m[39m[90m 349 |[39m       expect(cards[33m.[39mlength)[33m.[39mtoBe(mockRepos[33m.[39mlength)[33m;[39m
     [90m     |[39m                            [31m[1m^[22m[39m
     [90m 350 |[39m     })[33m;[39m
     [90m 351 |[39m   })[33m;[39m
     [90m 352 |[39m[0m

      at toBe (components/__tests__/RepoList.test.tsx:349:28)
      at runWithExpensiveErrorDiagnosticsDisabled (node_modules/@testing-library/dom/dist/config.js:47:12)
      at checkCallback (node_modules/@testing-library/dom/dist/wait-for.js:124:77)
      at checkRealTimersCallback (node_modules/@testing-library/dom/dist/wait-for.js:118:16)
      at Timeout.task [as _onTimeout] (node_modules/jsdom/lib/jsdom/browser/Window.js:579:19)

  ● RepoList › should handle repos without description

    Unable to find an element with the text: awesome-project. This could be because the text is broken up by multiple elements. In this case, you can provide a function for your text matcher to make your matcher more flexible.

    Ignored nodes: comments, script, style
    [36m<body>[39m
      [36m<div>[39m
        [36m<div[39m
          [33mclass[39m=[32m"bg-red-50 border border-red-200 rounded-lg p-4"[39m
        [36m>[39m
          [36m<p[39m
            [33mclass[39m=[32m"text-sm text-red-600"[39m
          [36m>[39m
            [0mErreur: [0m
            [0mUnknown error[0m
          [36m</p>[39m
        [36m</div>[39m
      [36m</div>[39m
    [36m</body>[39m

    [0m [90m 369 |[39m     render([33m<[39m[33mRepoList[39m username[33m=[39m[32m"testuser"[39m [33m/[39m[33m>[39m)[33m;[39m
     [90m 370 |[39m
    [31m[1m>[22m[39m[90m 371 |[39m     [36mawait[39m waitFor(() [33m=>[39m {
     [90m     |[39m                  [31m[1m^[22m[39m
     [90m 372 |[39m       expect(screen[33m.[39mgetByText([32m'awesome-project'[39m))[33m.[39mtoBeInTheDocument()[33m;[39m
     [90m 373 |[39m     })[33m;[39m
     [90m 374 |[39m[0m

      at waitForWrapper (node_modules/@testing-library/dom/dist/wait-for.js:163:27)
      at Object.<anonymous> (components/__tests__/RepoList.test.tsx:371:18)

  ● RepoList › should refetch when username changes

    expect(received).toBe(expected) // Object.is equality

    Expected: 1
    Received: 0

    Ignored nodes: comments, script, style
    [36m<html>[39m
      [36m<head />[39m
      [36m<body>[39m
        [36m<div>[39m
          [36m<div[39m
            [33mclass[39m=[32m"bg-red-50 border border-red-200 rounded-lg p-4"[39m
          [36m>[39m
            [36m<p[39m
              [33mclass[39m=[32m"text-sm text-red-600"[39m
            [36m>[39m
              [0mErreur: [0m
              [0mUnknown error[0m
            [36m</p>[39m
          [36m</div>[39m
        [36m</div>[39m
      [36m</body>[39m
    [36m</html>[39m

    [0m [90m 395 |[39m
     [90m 396 |[39m     [36mawait[39m waitFor(() [33m=>[39m {
    [31m[1m>[22m[39m[90m 397 |[39m       expect(requestCount)[33m.[39mtoBe([35m1[39m)[33m;[39m
     [90m     |[39m                            [31m[1m^[22m[39m
     [90m 398 |[39m     })[33m;[39m
     [90m 399 |[39m
     [90m 400 |[39m     rerender([33m<[39m[33mRepoList[39m username[33m=[39m[32m"user2"[39m [33m/[39m[33m>[39m)[33m;[39m[0m

      at toBe (components/__tests__/RepoList.test.tsx:397:28)
      at runWithExpensiveErrorDiagnosticsDisabled (node_modules/@testing-library/dom/dist/config.js:47:12)
      at checkCallback (node_modules/@testing-library/dom/dist/wait-for.js:124:77)
      at checkRealTimersCallback (node_modules/@testing-library/dom/dist/wait-for.js:118:16)
      at Timeout.task [as _onTimeout] (node_modules/jsdom/lib/jsdom/browser/Window.js:579:19)


<--- Last few GCs --->

[31968:000001EA499FD000]    77163 ms: Scavenge (during sweeping) 4060.8 (4073.3) -> 4055.3 (4074.6) MB, pooled: 0.0 MB, 13.43 / 0.00 ms (average mu = 0.258, current mu = 0.205) allocation failure; 
[31968:000001EA499FD000]    79148 ms: Mark-Compact (reduce) 4071.4 (4084.1) -> 4058.6 (4065.3) MB, pooled: 0.0 MB, 505.21 / 0.00 ms (+ 1267.6 ms in 252 steps since start of marking, biggest step 7.0 ms, walltime since start of marking 1865 ms) (average mu
FATAL ERROR: Ineffective mark-compacts near heap limit Allocation failed - JavaScript heap out of memory
----- Native stack trace -----

FAIL hooks/__tests__/useAnalyticsData.test.ts
  ● Test suite failed to run

    Jest worker ran out of memory and crashed

      at ChildProcessWorker._onExit (node_modules/jest-worker/build/index.js:928:26)


<--- Last few GCs --->

[30780:0000024B139D7000]    98466 ms: Scavenge (during sweeping) 4015.6 (4035.2) -> 4004.6 (4038.2) MB, pooled: 0.0 MB, 5.33 / 0.00 ms (average mu = 0.308, current mu = 0.256) allocation failure; 
[30780:0000024B139D7000]   100130 ms: Mark-Compact (reduce) 4019.2 (4039.4) -> 4007.5 (4012.7) MB, pooled: 0.0 MB, 456.19 / 0.00 ms (+ 1144.7 ms in 228 steps since start of marking, biggest step 9.1 ms, walltime since start of marking 1664 ms) (average mu
FATAL ERROR: Ineffective mark-compacts near heap limit Allocation failed - JavaScript heap out of memory
----- Native stack trace -----

FAIL components/analytics/__tests__/ThemeStats.test.tsx
  ● Test suite failed to run

    Jest worker ran out of memory and crashed

      at ChildProcessWorker._onExit (node_modules/jest-worker/build/index.js:928:26)

A worker process has failed to exit gracefully and has been force exited. This is likely caused by tests leaking due to improper teardown. Try running with --detectOpenHandles to find leaks. Active timers can also cause this, ensure that .unref() was called on them.
Summary of all failing tests
FAIL components/letters/__tests__/LetterPreview.test.tsx
  ● LetterPreview › should display both letters side by side

    TestingLibraryElementError: Found multiple elements with the text: /Lettre de Motivation/i

    Here are the matching elements:

    Ignored nodes: comments, script, style
    [36m<h3[39m
      [33mclass[39m=[32m"text-lg font-bold text-white flex items-center gap-2"[39m
    [36m>[39m
      [36m<span[39m
        [33mclass[39m=[32m"text-2xl"[39m
      [36m>[39m
        [0m✅[0m
      [36m</span>[39m
      [0mLettre de Motivation[0m
    [36m</h3>[39m

    Ignored nodes: comments, script, style
    [36m<p[39m
      [33mclass[39m=[32m"text-sm text-amber-800 dark:text-amber-200"[39m
    [36m>[39m
      [36m<strong>[39m
        [0mNote:[0m
      [36m</strong>[39m
      [0m La lettre d'anti-motivation est générée à titre humoristique et créatif. Elle ne doit PAS être envoyée à l'entreprise. Utilisez uniquement la lettre de motivation professionnelle pour vos candidatures réelles.[0m
    [36m</p>[39m

    (If this is intentional, then use the `*AllBy*` variant of the query (like `queryAllByText`, `getAllByText`, or `findAllByText`)).

    Ignored nodes: comments, script, style
    [36m<body>[39m
      [36m<div>[39m
        [36m<div[39m
          [33manimate[39m=[32m"[object Object]"[39m
          [33mclass[39m=[32m"space-y-6"[39m
          [33minitial[39m=[32m"[object Object]"[39m
        [36m>[39m
          [36m<div[39m
            [33mclass[39m=[32m"bg-white dark:bg-slate-800 rounded-xl shadow-lg p-6 border border-slate-200 dark:border-slate-700"[39m
          [36m>[39m
            [36m<div[39m
              [33mclass[39m=[32m"flex flex-col md:flex-row items-start md:items-center justify-between gap-4"[39m
            [36m>[39m
              [36m<div>[39m
                [36m<h2[39m
                  [33mclass[39m=[32m"text-2xl font-bold text-slate-900 dark:text-white mb-1"[39m
                [36m>[39m
                  [0mLettres pour [0m
                  [0mTech Innovations Inc[0m
                [36m</h2>[39m
                [36m<p[39m
                  [33mclass[39m=[32m"text-sm text-slate-600 dark:text-slate-400"[39m
                [36m>[39m
                  [0mSecteur: [0m
                  [0mTechnology[0m
                [36m</p>[39m
              [36m</div>[39m
              [36m<div[39m
                [33mclass[39m=[32m"flex flex-wrap gap-2"[39m
              [36m>[39m
                [36m<button[39m
                  [33mclass[39m=[32m"inline-flex items-center gap-2 bg-gradient-to-r from-blue-600 to-purple-600 text-white px-4 py-2 rounded-lg font-medium hover:from-blue-700 hover:to-purple-700 transition-all disabled:opacity-50 text-sm"[39m
                [36m>[39m
                  [36m<svg[39m
                    [33mclass[39m=[32m"lucide lucide-download w-4 h-4"[39m
                    [33mfill[39m=[32m"none"[39m
                    [33mheight[39m=[32m"24"[39m
                    [33mstroke[39m=[32m"currentColor"[39m
                    [33mstroke-linecap[39m=[32m"round"[39m
                    [33mstroke-linejoin[39m=[32m"round"[39m
                    [33mstroke-width[39m=[32m"2"[39m
                    [33mviewBox[39m=[32m"0 0 24 24"[39m
                    [33mwidth[39m=[32m"24"[39m
                    [33mxmlns[39m=[32m"http://www.w3.org/2000/svg"[39m
                  [36m>[39m
                    [36m<path[39m
                      [33md[39m=[32m"M21 15v4a2 2 0 0 1-2 2H5a2 2 0 0 1-2-2v-4"[39m
                    [36m/>[39m
                    [36m<polyline[39m
                      [33mpoints[39m=[32m"7 10 12 15 17 10"[39m
                    [36m/>[39m
                    [36m<line[39m
                      [33mx1[39m=[32m"12"[39m
                      [33mx2[39m=[32m"12"[39m
                      [33my1[39m=[32m"15"[39m
                      [33my2[39m=[32m"3"[39m
                    [36m/>[39m
                  [36m</svg>[39m
                  [0mPDF Dual[0m
                [36m</button>[39m
                [36m<button[39m
                  [33mclass[39m=[32m"inline-flex items-center gap-2 bg-slate-200 dark:bg-slate-700 text-slate-700 dark:text-slate-300 px-4 py-2 rounded-lg font-medium hover:bg-slate-300 dark:hover:bg-slate-600 transition-all text-sm"[39m
                [36m>[39m
                  [36m<svg[39m
                    [33mclass[39m=[32m"lucide lucide-rotate-ccw w-4 h-4"[39m
                    [33mfill[39m=[32m"none"[39m
                    [33mheight[39m=[32m"24"[39m
                    [33mstroke[39m=[32m"currentColor"[39m
                    [33mstroke-linecap[39m=[32m"round"[39m
                    [33mstroke-linejoin[39m=[32m"round"[39m
                    [33mstroke-width[39m=[32m"2"[39m
                    [33mviewBox[39m=[32m"0 0 24 24"[39m
                    [33mwidth[39m=[32m"24"[39m
                    [33mxmlns[39m=[32m"http://www.w3.org/2000/svg"[39m
                  [36m>[39m
                    [36m<path[39m
                      [33md[39m=[32m"M3 12a9 9 0 1 0 9-9 9.75 9.75 0 0 0-6.74 2.74L3 8"[39m
                    [36m/>[39m
                    [36m<path[39m
                      [33md[39m=[32m"M3 3v5h5"[39m
                    [36m/>[39m
                  [36m</svg>[39m
                  [0mNouvelle génération[0m
                [36m</button>[39m
              [36m</div>[39m
            [36m</div>[39m
          [36m</div>[39m
          [36m<div[39m
            [33mclass[39m=[32m"grid grid-cols-1 lg:grid-cols-2 gap-6"[39m
          [36m>[39m
            [36m<div[39m
              [33manimate[39m=[32m"[object Object]"[39m
              [33mclass[39m=[32m"bg-white dark:bg-slate-800 rounded-xl shadow-lg border border-slate-200 dark:border-slate-700 overflow-hidden"[39m
              [33minitial[39m=[32m"[object Object]"[39m
              [33mtransition[39m=[32m"[object Object]"[39m
            [36m>[39m
              [36m<div[39m
                [33mclass[39m=[32m"bg-gradient-to-r from-green-500 to-emerald-500 p-4"[39m
              [36m>[39m
                [36m<div[39m
                  [33mclass[39m=[32m"flex items-center justify-between"[39m
                [36m>[39m
                  [36m<h3[39m
                    [33mclass[39m=[32m"text-lg font-bold text-white flex items-center gap-2"[39m
                  [36m>[39m
                    [36m<span[39m
                      [33mclass[39m=[32m"text-2xl"[39m
                    [36m>[39m
                      [0m✅[0m
                    [36m</span>[39m
                    [0mLettre de Motivation[0m
                  [36m</h3>[39m
                  [36m<div[39m
                    [33mclass[39m=[32m"flex gap-2"[39m
                  [36m>[39m
                    [36m<button[39m
                      [33mclass[39m=[32m"p-2 hover:bg-white/20 rounded-lg transition-colors"[39m
                      [33mtitle[39m=[32m"Copier le texte"[39m
                    [36m>[39m
                      [36m<svg[39m
                        [33mclass[39m=[32m"lucide lucide-copy w-4 h-4 text-white"[39m
                        [33mfill[39m=[32m"none"[39m
                        [33mheight[39m=[32m"24"[39m
                        [33mstroke[39m=[32m"currentColor"[39m
                        [33mstroke-linecap[39m=[32m"round"[39m
                        [33mstroke-linejoin[39m=[32m"round"[39m
                        [33mstroke-width[39m=[32m"2"[39m
                        [33mviewBox[39m=[32m"0 0 24 24"[39m
                        [33mwidth[39m=[32m"24"[39m
                        [33mxmlns[39m=[32m"http://www.w3.org/2000/svg"[39m
                      [36m>[39m
                        [36m<rect[39m
                          [33mheight[39m=[32m"14"[39m
                          [33mrx[39m=[32m"2"[39m
                          [33mry[39m=[32m"2"[39m
                          [33mwidth[39m=[32m"14"[39m
                          [33mx[39m=[32m"8"[39m
                          [33my[39m=[32m"8"[39m
                        [36m/>[39m
                        [36m<path[39m
                          [33md[39m=[32m"M4 16c-1.1 0-2-.9-2-2V4c0-1.1.9-2 2-2h10c1.1 0 2 .9 2 2"[39m
                        [36m/>[39m
                      [36m</svg>[39m
                    [36m</button>[39m
                    [36m<button[39m
                      [33mclass[39m=[32m"p-2 hover:bg-white/20 rounded-lg transition-colors disabled:opacity-50"[39m
                      [33mtitle[39m=[32m"Télécharger PDF"[39m
                    [36m>[39m
                      [36m<svg[39m
                        [33mclass[39m=[32m"lucide lucide-download w-4 h-4 text-white"[39m
                        [33mfill[39m=[32m"none"[39m
                        [33mheight[39m=[32m"24"[39m
                        [33mstroke[39m=[32m"currentColor"[39m
                        [33mstroke-linecap[39m=[32m"round"[39m
                        [33mstroke-linejoin[39m=[32m"round"[39m
                        [33mstroke-width[39m=[32m"2"[39m
                        [33mviewBox[39m=[32m"0 0 24 24"[39m
                        [33mwidth[39m=[32m"24"[39m
                        [33mxmlns[39m=[32m"http://www.w3.org/2000/svg"[39m
                      [36m>[39m
                        [36m<path[39m
                          [33md[39m=[32m"M21 15v4a2 2 0 0 1-2 2H5a2 2 0 0 1-2-2v-4"[39m
                        [36m/>[39m
                        [36m<polyline[39m
                          [33mpoints[39m=[32m"7 10 12 15 17 10"[39m
                        [36m/>[39m
                        [36m<line[39m
                          [33mx1[39m=[32m"12"[39m
                          [33mx2[39m=[32m"12"[39m
                          [33my1[39m=[32m"15"[39m
                          [33my2[39m=[32m"3"[39m
                        [36m/>[39m
                      [36m</svg>[39m
                    [36m</button>[39m
                  [36m</div>[39m
                [36m</div>[39m
              [36m</div>[39m
              [36m<div[39m
                [33mclass[39m=[32m"p-6 max-h-[600px] overflow-y-auto"[39m
              [36m>[39m
                [36m<div[39m
                  [33mclass[39m=[32m"prose prose-slate dark:prose-invert max-w-none"[39m
                [36m>[39m
                  [36m<div[39m
                    [33mclass[39m=[32m"whitespace-pre-wrap text-slate-700 dark:text-slate-300"[39m
                  [36m>[39m
                    [0mDear Hiring Manager,

    I am very interested in this position...[0m
                  [36m</div>[39m
                [36m</div>[39m
              [36m</div>[39m
            [36m</div>[39m
            [36m<div[39m
              [33manimate[39m=[32m"[object Object]"[39m
              [33mclass[39m=[32m"bg-white dark:bg-slate-800 rounded-xl shadow-lg border border-slate-200 dark:border-slate-700 overflow-hidden"[39m
              [33minitial[39m=[32m"[object Object]"[39m
              [33mtransition[39m=[32m"[object Object]"[39m
            [36m>[39m
              [36m<div[39m
                [33mclass[39m=[32m"bg-gradient-to-r from-orange-500 to-red-500 p-4"[39m
              [36m>[39m
                [36m<div[39m
                  [33mclass[39m=[32m"flex items-center justify-between"[39m
                [36m>[39m
                  [36m<h3[39m
                    [33mclass[39m=[32m"text-lg font-bold text-white flex items-center gap-2"[39m
                  [36m>[39m
                    [36m<span[39m
                      [33mclass[39m=[32m"text-2xl"[39m
                    [36m>[39m
                      [0m❌[0m
                    [36m</span>[39m
                    [0mLettre d'Anti-Motivation[0m
                  [36m</h3>[39m
                  [36m<div[39m
                    [33mclass[39m=[32m"flex gap-2"[39m
                  [36m>[39m
                    [36m<button[39m
                      [33mclass[39m=[32m"p-2 hover:bg-white/20 rounded-lg transition-colors"[39m
                      [33mtitle[39m=[32m"Copier le texte"[39m
                    [36m>[39m
                      [36m<svg[39m
                        [33mclass[39m=[32m"lucide lucide-copy w-4 h-4 text-white"[39m
                        [33mfill[39m=[32m"none"[39m
                        [33mheight[39m=[32m"24"[39m
                        [33mstroke[39m=[32m"currentColor"[39m
                        [33mstroke-linecap[39m=[32m"round"[39m
                        [33mstroke-linejoin[39m=[32m"round"[39m
                        [33mstroke-width[39m=[32m"2"[39m
                        [33mviewBox[39m=[32m"0 0 24 24"[39m
                        [33mwidth[39m=[32m"24"[39m
                        [33mxmlns[39m=[32m"http://www.w3.org/2000/svg"[39m
                      [36m>[39m
                        [36m<rect[39m
                          [33mheight[39m=[32m"14"[39m
                          [33mrx[39m=[32m"2"[39m
                          [33mry[39m=[32m"2"[39m
                          [33mwidth[39m=[32m"14"[39m
                          [33mx[39m=[32m"8"[39m
                          [33my[39m=[32m"8"[39m
                        [36m/>[39m
                        [36m<path[39m
                          [33md[39m=[32m"M4 16c-1.1 0-2-.9-2-2V4c0-1.1.9-2 2-2h10c1.1 0 2 .9 2 2"[39m
                        [36m/>[39m
                      [36m</svg>[39m
                    [36m</button>[39m
                    [36m<button[39m
                      [33mclass[39m=[32m"p-2 hover:bg-white/20 rounded-lg transition-colors disabled:opacity-50"[39m
                      [33mtitle[39m=[32m"Télécharger PDF"[39m
                    [36m>[39m
                      [36m<svg[39m
                        [33mclass[39m=[32m"lucide lucide-download w-4 h-4 text-white"[39m
                        [33mfill[39m=[32m"none"[39m
                        [33mheight[39m=[32m"24"[39m
                        [33mstroke[39m=[32m"currentColor"[39m
                        [33mstroke-linecap[39m=[32m"round"[39m
                        [33mstroke-linejoin[39m=[32m"round"[39m
                        [33mstroke-width[39m=[32m"2"[39m
                        [33mviewBox[39m=[32m"0 0 24 24"[39m
                        [33mwidth[39m=[32m"24"[39m
                        [33mxmlns[39m=[32m"http://www.w3.org/2000/svg"[39m
                      [36m>[39m
                        [36m<path[39m
                          [33md[39m=[32m"M21 15v4a2 2 0 0 1-2 2H5a2 2 0 0 1-2-2v-4"[39m
                        [36m/>[39m
                        [36m<polyline[39m
                          [33mpoints[39m=[32m"7 10 12 15 17 10"[39m
                        [36m/>[39m
                        [36m<line[39m
                          [33mx1[39m=[32m"12"[39m
                          [33mx2[39m=[32m"12"[39m
                          [33my1[39m=[32m"15"[39m
                          [33my2[39m=[32m"3"[39m
                        [36m/>[39m
                      [36m</svg>[39m
                    [36m</button>[39m
                  [36m</div>[39m
                [36m</div>[39m
              [36m</div>[39m
              [36m<div[39m
                [33mclass[39m=[32m"p-6 max-h-[600px] overflow-y-auto"[39m
              [36m>[39m
                [36m<div[39m
                  [33mclass[39m=[32m"prose prose-slate dark:prose-invert max-w-none"[39m
                [36m>[39m
                  [36m<div[39m
                    [33mclass[39m=[32m"whitespace-pre-wrap text-slate-700 dark:text-slate-300"[39m
                  [36m>[39m
                    [0mDear Sir/Madam,

    I reluctantly submit this application...[0m
                  [36m</div>[39m
                [36m</div>[39m
              [36m</div>[39m
            [36m</div>[39m
          [36m</div>[39m
          [36m<div[39m
            [33mclass[39m=[32m"bg-amber-50 dark:bg-amber-900/20 border border-amber-200 dark:border-amber-800 rounded-lg p-4"[39m
          [36m>[39m
            [36m<p[39m
              [33mclass[39m=[32m"text-sm text-amber-800 dark:text-amber-200"[39m
            [36m>[39m
              [36m<strong>[39m
                [0mNote:[0m
              [36m</strong>[39m
              [0m La lettre d'anti-motivation est générée à titre humoristique et créatif. Elle ne doit PAS être envoyée à l'entreprise. Utilisez uniquement la lettre de motivation professionnelle pour vos candidatures réelles.[0m
            [36m</p>[39m
          [36m</div>[39m
        [36m</div>[39m
      [36m</div>[39m
    [36m</body>[39m

    [0m [90m 66 |[39m
     [90m 67 |[39m     [90m// Motivation letter[39m
    [31m[1m>[22m[39m[90m 68 |[39m     expect(screen[33m.[39mgetByText([35m/Lettre de Motivation/i[39m))[33m.[39mtoBeInTheDocument()[33m;[39m
     [90m    |[39m                   [31m[1m^[22m[39m
     [90m 69 |[39m     expect(
     [90m 70 |[39m       screen[33m.[39mgetByText([35m/I am very interested in this position/i[39m)
     [90m 71 |[39m     )[33m.[39mtoBeInTheDocument()[33m;[39m[0m

      at Object.getElementError (node_modules/@testing-library/dom/dist/config.js:37:19)
      at getElementError (node_modules/@testing-library/dom/dist/query-helpers.js:20:35)
      at getMultipleElementsFoundError (node_modules/@testing-library/dom/dist/query-helpers.js:23:10)
      at node_modules/@testing-library/dom/dist/query-helpers.js:55:13
      at node_modules/@testing-library/dom/dist/query-helpers.js:95:19
      at Object.getByText (components/letters/__tests__/LetterPreview.test.tsx:68:19)

FAIL components/__tests__/TimelineModal.test.tsx
  ● TimelineModal › should render modal with event title

    Element type is invalid: expected a string (for built-in components) or a class/function (for composite components) but got: undefined. You likely forgot to export your component from the file it's defined in, or you might have mixed up default and named imports.

    Check the render method of `TimelineModal`.

    [0m [90m 51 |[39m
     [90m 52 |[39m   it([32m'should render modal with event title'[39m[33m,[39m () [33m=>[39m {
    [31m[1m>[22m[39m[90m 53 |[39m     render([33m<[39m[33mTimelineModal[39m event[33m=[39m{mockEvent} onClose[33m=[39m{jest[33m.[39mfn()} [33m/[39m[33m>[39m)[33m;[39m
     [90m    |[39m           [31m[1m^[22m[39m
     [90m 54 |[39m
     [90m 55 |[39m     expect(screen[33m.[39mgetByText([32m'E-commerce Platform'[39m))[33m.[39mtoBeInTheDocument()[33m;[39m
     [90m 56 |[39m   })[33m;[39m[0m

      at createFiberFromTypeAndProps (node_modules/react-dom/cjs/react-dom.development.js:28478:17)
      at createFiberFromElement (node_modules/react-dom/cjs/react-dom.development.js:28504:15)
      at createChild (node_modules/react-dom/cjs/react-dom.development.js:13345:28)
      at reconcileChildrenArray (node_modules/react-dom/cjs/react-dom.development.js:13640:25)
      at reconcileChildFibers (node_modules/react-dom/cjs/react-dom.development.js:14057:16)
      at reconcileChildren (node_modules/react-dom/cjs/react-dom.development.js:19186:28)
      at updateHostComponent (node_modules/react-dom/cjs/react-dom.development.js:19953:3)
      at beginWork (node_modules/react-dom/cjs/react-dom.development.js:21657:14)
      at beginWork$1 (node_modules/react-dom/cjs/react-dom.development.js:27465:14)
      at performUnitOfWork (node_modules/react-dom/cjs/react-dom.development.js:26599:12)
      at workLoopSync (node_modules/react-dom/cjs/react-dom.development.js:26505:5)
      at renderRootSync (node_modules/react-dom/cjs/react-dom.development.js:26473:7)
      at recoverFromConcurrentError (node_modules/react-dom/cjs/react-dom.development.js:25889:20)
      at performConcurrentWorkOnRoot (node_modules/react-dom/cjs/react-dom.development.js:25789:22)
      at flushActQueue (node_modules/react/cjs/react.development.js:2667:24)
      at act (node_modules/react/cjs/react.development.js:2582:11)
      at node_modules/@testing-library/react/dist/act-compat.js:47:25
      at renderRoot (node_modules/@testing-library/react/dist/pure.js:190:26)
      at render (node_modules/@testing-library/react/dist/pure.js:292:10)
      at Object.<anonymous> (components/__tests__/TimelineModal.test.tsx:53:11)

  ● TimelineModal › should render event subtitle

    Element type is invalid: expected a string (for built-in components) or a class/function (for composite components) but got: undefined. You likely forgot to export your component from the file it's defined in, or you might have mixed up default and named imports.

    Check the render method of `TimelineModal`.

    [0m [90m 57 |[39m
     [90m 58 |[39m   it([32m'should render event subtitle'[39m[33m,[39m () [33m=>[39m {
    [31m[1m>[22m[39m[90m 59 |[39m     render([33m<[39m[33mTimelineModal[39m event[33m=[39m{mockEvent} onClose[33m=[39m{jest[33m.[39mfn()} [33m/[39m[33m>[39m)[33m;[39m
     [90m    |[39m           [31m[1m^[22m[39m
     [90m 60 |[39m
     [90m 61 |[39m     expect(screen[33m.[39mgetByText([32m'Full Stack Project'[39m))[33m.[39mtoBeInTheDocument()[33m;[39m
     [90m 62 |[39m   })[33m;[39m[0m

      at createFiberFromTypeAndProps (node_modules/react-dom/cjs/react-dom.development.js:28478:17)
      at createFiberFromElement (node_modules/react-dom/cjs/react-dom.development.js:28504:15)
      at createChild (node_modules/react-dom/cjs/react-dom.development.js:13345:28)
      at reconcileChildrenArray (node_modules/react-dom/cjs/react-dom.development.js:13640:25)
      at reconcileChildFibers (node_modules/react-dom/cjs/react-dom.development.js:14057:16)
      at reconcileChildren (node_modules/react-dom/cjs/react-dom.development.js:19186:28)
      at updateHostComponent (node_modules/react-dom/cjs/react-dom.development.js:19953:3)
      at beginWork (node_modules/react-dom/cjs/react-dom.development.js:21657:14)
      at beginWork$1 (node_modules/react-dom/cjs/react-dom.development.js:27465:14)
      at performUnitOfWork (node_modules/react-dom/cjs/react-dom.development.js:26599:12)
      at workLoopSync (node_modules/react-dom/cjs/react-dom.development.js:26505:5)
      at renderRootSync (node_modules/react-dom/cjs/react-dom.development.js:26473:7)
      at recoverFromConcurrentError (node_modules/react-dom/cjs/react-dom.development.js:25889:20)
      at performConcurrentWorkOnRoot (node_modules/react-dom/cjs/react-dom.development.js:25789:22)
      at flushActQueue (node_modules/react/cjs/react.development.js:2667:24)
      at act (node_modules/react/cjs/react.development.js:2582:11)
      at node_modules/@testing-library/react/dist/act-compat.js:47:25
      at renderRoot (node_modules/@testing-library/react/dist/pure.js:190:26)
      at render (node_modules/@testing-library/react/dist/pure.js:292:10)
      at Object.<anonymous> (components/__tests__/TimelineModal.test.tsx:59:11)

  ● TimelineModal › should display event type badge

    Element type is invalid: expected a string (for built-in components) or a class/function (for composite components) but got: undefined. You likely forgot to export your component from the file it's defined in, or you might have mixed up default and named imports.

    Check the render method of `TimelineModal`.

    [0m [90m 63 |[39m
     [90m 64 |[39m   it([32m'should display event type badge'[39m[33m,[39m () [33m=>[39m {
    [31m[1m>[22m[39m[90m 65 |[39m     render([33m<[39m[33mTimelineModal[39m event[33m=[39m{mockEvent} onClose[33m=[39m{jest[33m.[39mfn()} [33m/[39m[33m>[39m)[33m;[39m
     [90m    |[39m           [31m[1m^[22m[39m
     [90m 66 |[39m
     [90m 67 |[39m     expect(screen[33m.[39mgetByText([32m'Projet'[39m))[33m.[39mtoBeInTheDocument()[33m;[39m
     [90m 68 |[39m   })[33m;[39m[0m

      at createFiberFromTypeAndProps (node_modules/react-dom/cjs/react-dom.development.js:28478:17)
      at createFiberFromElement (node_modules/react-dom/cjs/react-dom.development.js:28504:15)
      at createChild (node_modules/react-dom/cjs/react-dom.development.js:13345:28)
      at reconcileChildrenArray (node_modules/react-dom/cjs/react-dom.development.js:13640:25)
      at reconcileChildFibers (node_modules/react-dom/cjs/react-dom.development.js:14057:16)
      at reconcileChildren (node_modules/react-dom/cjs/react-dom.development.js:19186:28)
      at updateHostComponent (node_modules/react-dom/cjs/react-dom.development.js:19953:3)
      at beginWork (node_modules/react-dom/cjs/react-dom.development.js:21657:14)
      at beginWork$1 (node_modules/react-dom/cjs/react-dom.development.js:27465:14)
      at performUnitOfWork (node_modules/react-dom/cjs/react-dom.development.js:26599:12)
      at workLoopSync (node_modules/react-dom/cjs/react-dom.development.js:26505:5)
      at renderRootSync (node_modules/react-dom/cjs/react-dom.development.js:26473:7)
      at recoverFromConcurrentError (node_modules/react-dom/cjs/react-dom.development.js:25889:20)
      at performConcurrentWorkOnRoot (node_modules/react-dom/cjs/react-dom.development.js:25789:22)
      at flushActQueue (node_modules/react/cjs/react.development.js:2667:24)
      at act (node_modules/react/cjs/react.development.js:2582:11)
      at node_modules/@testing-library/react/dist/act-compat.js:47:25
      at renderRoot (node_modules/@testing-library/react/dist/pure.js:190:26)
      at render (node_modules/@testing-library/react/dist/pure.js:292:10)
      at Object.<anonymous> (components/__tests__/TimelineModal.test.tsx:65:11)

  ● TimelineModal › should display experience type badge for experience events

    Element type is invalid: expected a string (for built-in components) or a class/function (for composite components) but got: undefined. You likely forgot to export your component from the file it's defined in, or you might have mixed up default and named imports.

    Check the render method of `TimelineModal`.

    [0m [90m 71 |[39m     [36mconst[39m experienceEvent [33m=[39m { [33m...[39mmockEvent[33m,[39m type[33m:[39m [32m'experience'[39m [36mas[39m [36mconst[39m }[33m;[39m
     [90m 72 |[39m
    [31m[1m>[22m[39m[90m 73 |[39m     render([33m<[39m[33mTimelineModal[39m event[33m=[39m{experienceEvent} onClose[33m=[39m{jest[33m.[39mfn()} [33m/[39m[33m>[39m)[33m;[39m
     [90m    |[39m           [31m[1m^[22m[39m
     [90m 74 |[39m
     [90m 75 |[39m     expect(screen[33m.[39mgetByText([32m'Expérience'[39m))[33m.[39mtoBeInTheDocument()[33m;[39m
     [90m 76 |[39m   })[33m;[39m[0m

      at createFiberFromTypeAndProps (node_modules/react-dom/cjs/react-dom.development.js:28478:17)
      at createFiberFromElement (node_modules/react-dom/cjs/react-dom.development.js:28504:15)
      at createChild (node_modules/react-dom/cjs/react-dom.development.js:13345:28)
      at reconcileChildrenArray (node_modules/react-dom/cjs/react-dom.development.js:13640:25)
      at reconcileChildFibers (node_modules/react-dom/cjs/react-dom.development.js:14057:16)
      at reconcileChildren (node_modules/react-dom/cjs/react-dom.development.js:19186:28)
      at updateHostComponent (node_modules/react-dom/cjs/react-dom.development.js:19953:3)
      at beginWork (node_modules/react-dom/cjs/react-dom.development.js:21657:14)
      at beginWork$1 (node_modules/react-dom/cjs/react-dom.development.js:27465:14)
      at performUnitOfWork (node_modules/react-dom/cjs/react-dom.development.js:26599:12)
      at workLoopSync (node_modules/react-dom/cjs/react-dom.development.js:26505:5)
      at renderRootSync (node_modules/react-dom/cjs/react-dom.development.js:26473:7)
      at recoverFromConcurrentError (node_modules/react-dom/cjs/react-dom.development.js:25889:20)
      at performConcurrentWorkOnRoot (node_modules/react-dom/cjs/react-dom.development.js:25789:22)
      at flushActQueue (node_modules/react/cjs/react.development.js:2667:24)
      at act (node_modules/react/cjs/react.development.js:2582:11)
      at node_modules/@testing-library/react/dist/act-compat.js:47:25
      at renderRoot (node_modules/@testing-library/react/dist/pure.js:190:26)
      at render (node_modules/@testing-library/react/dist/pure.js:292:10)
      at Object.<anonymous> (components/__tests__/TimelineModal.test.tsx:73:11)

  ● TimelineModal › should display category badge

    Element type is invalid: expected a string (for built-in components) or a class/function (for composite components) but got: undefined. You likely forgot to export your component from the file it's defined in, or you might have mixed up default and named imports.

    Check the render method of `TimelineModal`.

    [0m [90m 77 |[39m
     [90m 78 |[39m   it([32m'should display category badge'[39m[33m,[39m () [33m=>[39m {
    [31m[1m>[22m[39m[90m 79 |[39m     render([33m<[39m[33mTimelineModal[39m event[33m=[39m{mockEvent} onClose[33m=[39m{jest[33m.[39mfn()} [33m/[39m[33m>[39m)[33m;[39m
     [90m    |[39m           [31m[1m^[22m[39m
     [90m 80 |[39m
     [90m 81 |[39m     expect(screen[33m.[39mgetByText([32m'Backend'[39m))[33m.[39mtoBeInTheDocument()[33m;[39m
     [90m 82 |[39m   })[33m;[39m[0m

      at createFiberFromTypeAndProps (node_modules/react-dom/cjs/react-dom.development.js:28478:17)
      at createFiberFromElement (node_modules/react-dom/cjs/react-dom.development.js:28504:15)
      at createChild (node_modules/react-dom/cjs/react-dom.development.js:13345:28)
      at reconcileChildrenArray (node_modules/react-dom/cjs/react-dom.development.js:13640:25)
      at reconcileChildFibers (node_modules/react-dom/cjs/react-dom.development.js:14057:16)
      at reconcileChildren (node_modules/react-dom/cjs/react-dom.development.js:19186:28)
      at updateHostComponent (node_modules/react-dom/cjs/react-dom.development.js:19953:3)
      at beginWork (node_modules/react-dom/cjs/react-dom.development.js:21657:14)
      at beginWork$1 (node_modules/react-dom/cjs/react-dom.development.js:27465:14)
      at performUnitOfWork (node_modules/react-dom/cjs/react-dom.development.js:26599:12)
      at workLoopSync (node_modules/react-dom/cjs/react-dom.development.js:26505:5)
      at renderRootSync (node_modules/react-dom/cjs/react-dom.development.js:26473:7)
      at recoverFromConcurrentError (node_modules/react-dom/cjs/react-dom.development.js:25889:20)
      at performConcurrentWorkOnRoot (node_modules/react-dom/cjs/react-dom.development.js:25789:22)
      at flushActQueue (node_modules/react/cjs/react.development.js:2667:24)
      at act (node_modules/react/cjs/react.development.js:2582:11)
      at node_modules/@testing-library/react/dist/act-compat.js:47:25
      at renderRoot (node_modules/@testing-library/react/dist/pure.js:190:26)
      at render (node_modules/@testing-library/react/dist/pure.js:292:10)
      at Object.<anonymous> (components/__tests__/TimelineModal.test.tsx:79:11)

  ● TimelineModal › should show "En cours" badge for current events

    Element type is invalid: expected a string (for built-in components) or a class/function (for composite components) but got: undefined. You likely forgot to export your component from the file it's defined in, or you might have mixed up default and named imports.

    Check the render method of `TimelineModal`.

    [0m [90m 85 |[39m     [36mconst[39m currentEvent [33m=[39m { [33m...[39mmockEvent[33m,[39m isCurrent[33m:[39m [36mtrue[39m[33m,[39m endDate[33m:[39m undefined }[33m;[39m
     [90m 86 |[39m
    [31m[1m>[22m[39m[90m 87 |[39m     render([33m<[39m[33mTimelineModal[39m event[33m=[39m{currentEvent} onClose[33m=[39m{jest[33m.[39mfn()} [33m/[39m[33m>[39m)[33m;[39m
     [90m    |[39m           [31m[1m^[22m[39m
     [90m 88 |[39m
     [90m 89 |[39m     [36mconst[39m badges [33m=[39m screen[33m.[39mgetAllByText([35m/en cours/i[39m)[33m;[39m
     [90m 90 |[39m     expect(badges[33m.[39mlength)[33m.[39mtoBeGreaterThan([35m0[39m)[33m;[39m[0m

      at createFiberFromTypeAndProps (node_modules/react-dom/cjs/react-dom.development.js:28478:17)
      at createFiberFromElement (node_modules/react-dom/cjs/react-dom.development.js:28504:15)
      at createChild (node_modules/react-dom/cjs/react-dom.development.js:13345:28)
      at reconcileChildrenArray (node_modules/react-dom/cjs/react-dom.development.js:13640:25)
      at reconcileChildFibers (node_modules/react-dom/cjs/react-dom.development.js:14057:16)
      at reconcileChildren (node_modules/react-dom/cjs/react-dom.development.js:19186:28)
      at updateHostComponent (node_modules/react-dom/cjs/react-dom.development.js:19953:3)
      at beginWork (node_modules/react-dom/cjs/react-dom.development.js:21657:14)
      at beginWork$1 (node_modules/react-dom/cjs/react-dom.development.js:27465:14)
      at performUnitOfWork (node_modules/react-dom/cjs/react-dom.development.js:26599:12)
      at workLoopSync (node_modules/react-dom/cjs/react-dom.development.js:26505:5)
      at renderRootSync (node_modules/react-dom/cjs/react-dom.development.js:26473:7)
      at recoverFromConcurrentError (node_modules/react-dom/cjs/react-dom.development.js:25889:20)
      at performConcurrentWorkOnRoot (node_modules/react-dom/cjs/react-dom.development.js:25789:22)
      at flushActQueue (node_modules/react/cjs/react.development.js:2667:24)
      at act (node_modules/react/cjs/react.development.js:2582:11)
      at node_modules/@testing-library/react/dist/act-compat.js:47:25
      at renderRoot (node_modules/@testing-library/react/dist/pure.js:190:26)
      at render (node_modules/@testing-library/react/dist/pure.js:292:10)
      at Object.<anonymous> (components/__tests__/TimelineModal.test.tsx:87:11)

  ● TimelineModal › should display formatted dates

    Element type is invalid: expected a string (for built-in components) or a class/function (for composite components) but got: undefined. You likely forgot to export your component from the file it's defined in, or you might have mixed up default and named imports.

    Check the render method of `TimelineModal`.

    [0m [90m 92 |[39m
     [90m 93 |[39m   it([32m'should display formatted dates'[39m[33m,[39m () [33m=>[39m {
    [31m[1m>[22m[39m[90m 94 |[39m     render([33m<[39m[33mTimelineModal[39m event[33m=[39m{mockEvent} onClose[33m=[39m{jest[33m.[39mfn()} [33m/[39m[33m>[39m)[33m;[39m
     [90m    |[39m           [31m[1m^[22m[39m
     [90m 95 |[39m
     [90m 96 |[39m     expect(screen[33m.[39mgetByText([35m/1 janvier 2022/i[39m))[33m.[39mtoBeInTheDocument()[33m;[39m
     [90m 97 |[39m     expect(screen[33m.[39mgetByText([35m/30 juin 2023/i[39m))[33m.[39mtoBeInTheDocument()[33m;[39m[0m

      at createFiberFromTypeAndProps (node_modules/react-dom/cjs/react-dom.development.js:28478:17)
      at createFiberFromElement (node_modules/react-dom/cjs/react-dom.development.js:28504:15)
      at createChild (node_modules/react-dom/cjs/react-dom.development.js:13345:28)
      at reconcileChildrenArray (node_modules/react-dom/cjs/react-dom.development.js:13640:25)
      at reconcileChildFibers (node_modules/react-dom/cjs/react-dom.development.js:14057:16)
      at reconcileChildren (node_modules/react-dom/cjs/react-dom.development.js:19186:28)
      at updateHostComponent (node_modules/react-dom/cjs/react-dom.development.js:19953:3)
      at beginWork (node_modules/react-dom/cjs/react-dom.development.js:21657:14)
      at beginWork$1 (node_modules/react-dom/cjs/react-dom.development.js:27465:14)
      at performUnitOfWork (node_modules/react-dom/cjs/react-dom.development.js:26599:12)
      at workLoopSync (node_modules/react-dom/cjs/react-dom.development.js:26505:5)
      at renderRootSync (node_modules/react-dom/cjs/react-dom.development.js:26473:7)
      at recoverFromConcurrentError (node_modules/react-dom/cjs/react-dom.development.js:25889:20)
      at performConcurrentWorkOnRoot (node_modules/react-dom/cjs/react-dom.development.js:25789:22)
      at flushActQueue (node_modules/react/cjs/react.development.js:2667:24)
      at act (node_modules/react/cjs/react.development.js:2582:11)
      at node_modules/@testing-library/react/dist/act-compat.js:47:25
      at renderRoot (node_modules/@testing-library/react/dist/pure.js:190:26)
      at render (node_modules/@testing-library/react/dist/pure.js:292:10)
      at Object.<anonymous> (components/__tests__/TimelineModal.test.tsx:94:11)

  ● TimelineModal › should display duration

    Element type is invalid: expected a string (for built-in components) or a class/function (for composite components) but got: undefined. You likely forgot to export your component from the file it's defined in, or you might have mixed up default and named imports.

    Check the render method of `TimelineModal`.

    [0m [90m  99 |[39m
     [90m 100 |[39m   it([32m'should display duration'[39m[33m,[39m () [33m=>[39m {
    [31m[1m>[22m[39m[90m 101 |[39m     render([33m<[39m[33mTimelineModal[39m event[33m=[39m{mockEvent} onClose[33m=[39m{jest[33m.[39mfn()} [33m/[39m[33m>[39m)[33m;[39m
     [90m     |[39m           [31m[1m^[22m[39m
     [90m 102 |[39m
     [90m 103 |[39m     expect(screen[33m.[39mgetByText([32m'1.5 years'[39m))[33m.[39mtoBeInTheDocument()[33m;[39m
     [90m 104 |[39m     expect(screen[33m.[39mgetByTestId([32m'mappin-icon'[39m))[33m.[39mtoBeInTheDocument()[33m;[39m[0m

      at createFiberFromTypeAndProps (node_modules/react-dom/cjs/react-dom.development.js:28478:17)
      at createFiberFromElement (node_modules/react-dom/cjs/react-dom.development.js:28504:15)
      at createChild (node_modules/react-dom/cjs/react-dom.development.js:13345:28)
      at reconcileChildrenArray (node_modules/react-dom/cjs/react-dom.development.js:13640:25)
      at reconcileChildFibers (node_modules/react-dom/cjs/react-dom.development.js:14057:16)
      at reconcileChildren (node_modules/react-dom/cjs/react-dom.development.js:19186:28)
      at updateHostComponent (node_modules/react-dom/cjs/react-dom.development.js:19953:3)
      at beginWork (node_modules/react-dom/cjs/react-dom.development.js:21657:14)
      at beginWork$1 (node_modules/react-dom/cjs/react-dom.development.js:27465:14)
      at performUnitOfWork (node_modules/react-dom/cjs/react-dom.development.js:26599:12)
      at workLoopSync (node_modules/react-dom/cjs/react-dom.development.js:26505:5)
      at renderRootSync (node_modules/react-dom/cjs/react-dom.development.js:26473:7)
      at recoverFromConcurrentError (node_modules/react-dom/cjs/react-dom.development.js:25889:20)
      at performConcurrentWorkOnRoot (node_modules/react-dom/cjs/react-dom.development.js:25789:22)
      at flushActQueue (node_modules/react/cjs/react.development.js:2667:24)
      at act (node_modules/react/cjs/react.development.js:2582:11)
      at node_modules/@testing-library/react/dist/act-compat.js:47:25
      at renderRoot (node_modules/@testing-library/react/dist/pure.js:190:26)
      at render (node_modules/@testing-library/react/dist/pure.js:292:10)
      at Object.<anonymous> (components/__tests__/TimelineModal.test.tsx:101:11)

  ● TimelineModal › should render event image when provided

    Element type is invalid: expected a string (for built-in components) or a class/function (for composite components) but got: undefined. You likely forgot to export your component from the file it's defined in, or you might have mixed up default and named imports.

    Check the render method of `TimelineModal`.

    [0m [90m 106 |[39m
     [90m 107 |[39m   it([32m'should render event image when provided'[39m[33m,[39m () [33m=>[39m {
    [31m[1m>[22m[39m[90m 108 |[39m     render([33m<[39m[33mTimelineModal[39m event[33m=[39m{mockEvent} onClose[33m=[39m{jest[33m.[39mfn()} [33m/[39m[33m>[39m)[33m;[39m
     [90m     |[39m           [31m[1m^[22m[39m
     [90m 109 |[39m
     [90m 110 |[39m     [36mconst[39m image [33m=[39m screen[33m.[39mgetByAltText([32m'E-commerce Platform'[39m)[33m;[39m
     [90m 111 |[39m     expect(image)[33m.[39mtoBeInTheDocument()[33m;[39m[0m

      at createFiberFromTypeAndProps (node_modules/react-dom/cjs/react-dom.development.js:28478:17)
      at createFiberFromElement (node_modules/react-dom/cjs/react-dom.development.js:28504:15)
      at createChild (node_modules/react-dom/cjs/react-dom.development.js:13345:28)
      at reconcileChildrenArray (node_modules/react-dom/cjs/react-dom.development.js:13640:25)
      at reconcileChildFibers (node_modules/react-dom/cjs/react-dom.development.js:14057:16)
      at reconcileChildren (node_modules/react-dom/cjs/react-dom.development.js:19186:28)
      at updateHostComponent (node_modules/react-dom/cjs/react-dom.development.js:19953:3)
      at beginWork (node_modules/react-dom/cjs/react-dom.development.js:21657:14)
      at beginWork$1 (node_modules/react-dom/cjs/react-dom.development.js:27465:14)
      at performUnitOfWork (node_modules/react-dom/cjs/react-dom.development.js:26599:12)
      at workLoopSync (node_modules/react-dom/cjs/react-dom.development.js:26505:5)
      at renderRootSync (node_modules/react-dom/cjs/react-dom.development.js:26473:7)
      at recoverFromConcurrentError (node_modules/react-dom/cjs/react-dom.development.js:25889:20)
      at performConcurrentWorkOnRoot (node_modules/react-dom/cjs/react-dom.development.js:25789:22)
      at flushActQueue (node_modules/react/cjs/react.development.js:2667:24)
      at act (node_modules/react/cjs/react.development.js:2582:11)
      at node_modules/@testing-library/react/dist/act-compat.js:47:25
      at renderRoot (node_modules/@testing-library/react/dist/pure.js:190:26)
      at render (node_modules/@testing-library/react/dist/pure.js:292:10)
      at Object.<anonymous> (components/__tests__/TimelineModal.test.tsx:108:11)

  ● TimelineModal › should not render image section when no image

    Element type is invalid: expected a string (for built-in components) or a class/function (for composite components) but got: undefined. You likely forgot to export your component from the file it's defined in, or you might have mixed up default and named imports.

    Check the render method of `TimelineModal`.

    [0m [90m 116 |[39m     [36mconst[39m eventWithoutImage [33m=[39m { [33m...[39mmockEvent[33m,[39m image[33m:[39m undefined }[33m;[39m
     [90m 117 |[39m
    [31m[1m>[22m[39m[90m 118 |[39m     render([33m<[39m[33mTimelineModal[39m event[33m=[39m{eventWithoutImage} onClose[33m=[39m{jest[33m.[39mfn()} [33m/[39m[33m>[39m)[33m;[39m
     [90m     |[39m           [31m[1m^[22m[39m
     [90m 119 |[39m
     [90m 120 |[39m     [36mconst[39m image [33m=[39m screen[33m.[39mqueryByAltText([32m'E-commerce Platform'[39m)[33m;[39m
     [90m 121 |[39m     expect(image)[33m.[39mnot[33m.[39mtoBeInTheDocument()[33m;[39m[0m

      at createFiberFromTypeAndProps (node_modules/react-dom/cjs/react-dom.development.js:28478:17)
      at createFiberFromElement (node_modules/react-dom/cjs/react-dom.development.js:28504:15)
      at createChild (node_modules/react-dom/cjs/react-dom.development.js:13345:28)
      at reconcileChildrenArray (node_modules/react-dom/cjs/react-dom.development.js:13640:25)
      at reconcileChildFibers (node_modules/react-dom/cjs/react-dom.development.js:14057:16)
      at reconcileChildren (node_modules/react-dom/cjs/react-dom.development.js:19186:28)
      at updateHostComponent (node_modules/react-dom/cjs/react-dom.development.js:19953:3)
      at beginWork (node_modules/react-dom/cjs/react-dom.development.js:21657:14)
      at beginWork$1 (node_modules/react-dom/cjs/react-dom.development.js:27465:14)
      at performUnitOfWork (node_modules/react-dom/cjs/react-dom.development.js:26599:12)
      at workLoopSync (node_modules/react-dom/cjs/react-dom.development.js:26505:5)
      at renderRootSync (node_modules/react-dom/cjs/react-dom.development.js:26473:7)
      at recoverFromConcurrentError (node_modules/react-dom/cjs/react-dom.development.js:25889:20)
      at performConcurrentWorkOnRoot (node_modules/react-dom/cjs/react-dom.development.js:25789:22)
      at flushActQueue (node_modules/react/cjs/react.development.js:2667:24)
      at act (node_modules/react/cjs/react.development.js:2582:11)
      at node_modules/@testing-library/react/dist/act-compat.js:47:25
      at renderRoot (node_modules/@testing-library/react/dist/pure.js:190:26)
      at render (node_modules/@testing-library/react/dist/pure.js:292:10)
      at Object.<anonymous> (components/__tests__/TimelineModal.test.tsx:118:11)

  ● TimelineModal › should display event content

    Element type is invalid: expected a string (for built-in components) or a class/function (for composite components) but got: undefined. You likely forgot to export your component from the file it's defined in, or you might have mixed up default and named imports.

    Check the render method of `TimelineModal`.

    [0m [90m 123 |[39m
     [90m 124 |[39m   it([32m'should display event content'[39m[33m,[39m () [33m=>[39m {
    [31m[1m>[22m[39m[90m 125 |[39m     render([33m<[39m[33mTimelineModal[39m event[33m=[39m{mockEvent} onClose[33m=[39m{jest[33m.[39mfn()} [33m/[39m[33m>[39m)[33m;[39m
     [90m     |[39m           [31m[1m^[22m[39m
     [90m 126 |[39m
     [90m 127 |[39m     expect(screen[33m.[39mgetByText([35m/built a complete e-commerce platform/i[39m))[33m.[39mtoBeInTheDocument()[33m;[39m
     [90m 128 |[39m   })[33m;[39m[0m

      at createFiberFromTypeAndProps (node_modules/react-dom/cjs/react-dom.development.js:28478:17)
      at createFiberFromElement (node_modules/react-dom/cjs/react-dom.development.js:28504:15)
      at createChild (node_modules/react-dom/cjs/react-dom.development.js:13345:28)
      at reconcileChildrenArray (node_modules/react-dom/cjs/react-dom.development.js:13640:25)
      at reconcileChildFibers (node_modules/react-dom/cjs/react-dom.development.js:14057:16)
      at reconcileChildren (node_modules/react-dom/cjs/react-dom.development.js:19186:28)
      at updateHostComponent (node_modules/react-dom/cjs/react-dom.development.js:19953:3)
      at beginWork (node_modules/react-dom/cjs/react-dom.development.js:21657:14)
      at beginWork$1 (node_modules/react-dom/cjs/react-dom.development.js:27465:14)
      at performUnitOfWork (node_modules/react-dom/cjs/react-dom.development.js:26599:12)
      at workLoopSync (node_modules/react-dom/cjs/react-dom.development.js:26505:5)
      at renderRootSync (node_modules/react-dom/cjs/react-dom.development.js:26473:7)
      at recoverFromConcurrentError (node_modules/react-dom/cjs/react-dom.development.js:25889:20)
      at performConcurrentWorkOnRoot (node_modules/react-dom/cjs/react-dom.development.js:25789:22)
      at flushActQueue (node_modules/react/cjs/react.development.js:2667:24)
      at act (node_modules/react/cjs/react.development.js:2582:11)
      at node_modules/@testing-library/react/dist/act-compat.js:47:25
      at renderRoot (node_modules/@testing-library/react/dist/pure.js:190:26)
      at render (node_modules/@testing-library/react/dist/pure.js:292:10)
      at Object.<anonymous> (components/__tests__/TimelineModal.test.tsx:125:11)

  ● TimelineModal › should render all tags

    Element type is invalid: expected a string (for built-in components) or a class/function (for composite components) but got: undefined. You likely forgot to export your component from the file it's defined in, or you might have mixed up default and named imports.

    Check the render method of `TimelineModal`.

    [0m [90m 129 |[39m
     [90m 130 |[39m   it([32m'should render all tags'[39m[33m,[39m () [33m=>[39m {
    [31m[1m>[22m[39m[90m 131 |[39m     render([33m<[39m[33mTimelineModal[39m event[33m=[39m{mockEvent} onClose[33m=[39m{jest[33m.[39mfn()} [33m/[39m[33m>[39m)[33m;[39m
     [90m     |[39m           [31m[1m^[22m[39m
     [90m 132 |[39m
     [90m 133 |[39m     expect(screen[33m.[39mgetByText([32m'React'[39m))[33m.[39mtoBeInTheDocument()[33m;[39m
     [90m 134 |[39m     expect(screen[33m.[39mgetByText([32m'Node.js'[39m))[33m.[39mtoBeInTheDocument()[33m;[39m[0m

      at createFiberFromTypeAndProps (node_modules/react-dom/cjs/react-dom.development.js:28478:17)
      at createFiberFromElement (node_modules/react-dom/cjs/react-dom.development.js:28504:15)
      at createChild (node_modules/react-dom/cjs/react-dom.development.js:13345:28)
      at reconcileChildrenArray (node_modules/react-dom/cjs/react-dom.development.js:13640:25)
      at reconcileChildFibers (node_modules/react-dom/cjs/react-dom.development.js:14057:16)
      at reconcileChildren (node_modules/react-dom/cjs/react-dom.development.js:19186:28)
      at updateHostComponent (node_modules/react-dom/cjs/react-dom.development.js:19953:3)
      at beginWork (node_modules/react-dom/cjs/react-dom.development.js:21657:14)
      at beginWork$1 (node_modules/react-dom/cjs/react-dom.development.js:27465:14)
      at performUnitOfWork (node_modules/react-dom/cjs/react-dom.development.js:26599:12)
      at workLoopSync (node_modules/react-dom/cjs/react-dom.development.js:26505:5)
      at renderRootSync (node_modules/react-dom/cjs/react-dom.development.js:26473:7)
      at recoverFromConcurrentError (node_modules/react-dom/cjs/react-dom.development.js:25889:20)
      at performConcurrentWorkOnRoot (node_modules/react-dom/cjs/react-dom.development.js:25789:22)
      at flushActQueue (node_modules/react/cjs/react.development.js:2667:24)
      at act (node_modules/react/cjs/react.development.js:2582:11)
      at node_modules/@testing-library/react/dist/act-compat.js:47:25
      at renderRoot (node_modules/@testing-library/react/dist/pure.js:190:26)
      at render (node_modules/@testing-library/react/dist/pure.js:292:10)
      at Object.<anonymous> (components/__tests__/TimelineModal.test.tsx:131:11)

  ● TimelineModal › should display project stats when available

    Element type is invalid: expected a string (for built-in components) or a class/function (for composite components) but got: undefined. You likely forgot to export your component from the file it's defined in, or you might have mixed up default and named imports.

    Check the render method of `TimelineModal`.

    [0m [90m 139 |[39m
     [90m 140 |[39m   it([32m'should display project stats when available'[39m[33m,[39m () [33m=>[39m {
    [31m[1m>[22m[39m[90m 141 |[39m     render([33m<[39m[33mTimelineModal[39m event[33m=[39m{mockEvent} onClose[33m=[39m{jest[33m.[39mfn()} [33m/[39m[33m>[39m)[33m;[39m
     [90m     |[39m           [31m[1m^[22m[39m
     [90m 142 |[39m
     [90m 143 |[39m     expect(screen[33m.[39mgetByText([32m'150'[39m))[33m.[39mtoBeInTheDocument()[33m;[39m [90m// Stars[39m
     [90m 144 |[39m     expect(screen[33m.[39mgetByText([32m'42'[39m))[33m.[39mtoBeInTheDocument()[33m;[39m [90m// Forks[39m[0m

      at createFiberFromTypeAndProps (node_modules/react-dom/cjs/react-dom.development.js:28478:17)
      at createFiberFromElement (node_modules/react-dom/cjs/react-dom.development.js:28504:15)
      at createChild (node_modules/react-dom/cjs/react-dom.development.js:13345:28)
      at reconcileChildrenArray (node_modules/react-dom/cjs/react-dom.development.js:13640:25)
      at reconcileChildFibers (node_modules/react-dom/cjs/react-dom.development.js:14057:16)
      at reconcileChildren (node_modules/react-dom/cjs/react-dom.development.js:19186:28)
      at updateHostComponent (node_modules/react-dom/cjs/react-dom.development.js:19953:3)
      at beginWork (node_modules/react-dom/cjs/react-dom.development.js:21657:14)
      at beginWork$1 (node_modules/react-dom/cjs/react-dom.development.js:27465:14)
      at performUnitOfWork (node_modules/react-dom/cjs/react-dom.development.js:26599:12)
      at workLoopSync (node_modules/react-dom/cjs/react-dom.development.js:26505:5)
      at renderRootSync (node_modules/react-dom/cjs/react-dom.development.js:26473:7)
      at recoverFromConcurrentError (node_modules/react-dom/cjs/react-dom.development.js:25889:20)
      at performConcurrentWorkOnRoot (node_modules/react-dom/cjs/react-dom.development.js:25789:22)
      at flushActQueue (node_modules/react/cjs/react.development.js:2667:24)
      at act (node_modules/react/cjs/react.development.js:2582:11)
      at node_modules/@testing-library/react/dist/act-compat.js:47:25
      at renderRoot (node_modules/@testing-library/react/dist/pure.js:190:26)
      at render (node_modules/@testing-library/react/dist/pure.js:292:10)
      at Object.<anonymous> (components/__tests__/TimelineModal.test.tsx:141:11)

  ● TimelineModal › should not show stats for experience type events

    Element type is invalid: expected a string (for built-in components) or a class/function (for composite components) but got: undefined. You likely forgot to export your component from the file it's defined in, or you might have mixed up default and named imports.

    Check the render method of `TimelineModal`.

    [0m [90m 154 |[39m     }[33m;[39m
     [90m 155 |[39m
    [31m[1m>[22m[39m[90m 156 |[39m     render([33m<[39m[33mTimelineModal[39m event[33m=[39m{experienceEvent} onClose[33m=[39m{jest[33m.[39mfn()} [33m/[39m[33m>[39m)[33m;[39m
     [90m     |[39m           [31m[1m^[22m[39m
     [90m 157 |[39m
     [90m 158 |[39m     expect(screen[33m.[39mqueryByText([32m'Statistiques'[39m))[33m.[39mnot[33m.[39mtoBeInTheDocument()[33m;[39m
     [90m 159 |[39m   })[33m;[39m[0m

      at createFiberFromTypeAndProps (node_modules/react-dom/cjs/react-dom.development.js:28478:17)
      at createFiberFromElement (node_modules/react-dom/cjs/react-dom.development.js:28504:15)
      at createChild (node_modules/react-dom/cjs/react-dom.development.js:13345:28)
      at reconcileChildrenArray (node_modules/react-dom/cjs/react-dom.development.js:13640:25)
      at reconcileChildFibers (node_modules/react-dom/cjs/react-dom.development.js:14057:16)
      at reconcileChildren (node_modules/react-dom/cjs/react-dom.development.js:19186:28)
      at updateHostComponent (node_modules/react-dom/cjs/react-dom.development.js:19953:3)
      at beginWork (node_modules/react-dom/cjs/react-dom.development.js:21657:14)
      at beginWork$1 (node_modules/react-dom/cjs/react-dom.development.js:27465:14)
      at performUnitOfWork (node_modules/react-dom/cjs/react-dom.development.js:26599:12)
      at workLoopSync (node_modules/react-dom/cjs/react-dom.development.js:26505:5)
      at renderRootSync (node_modules/react-dom/cjs/react-dom.development.js:26473:7)
      at recoverFromConcurrentError (node_modules/react-dom/cjs/react-dom.development.js:25889:20)
      at performConcurrentWorkOnRoot (node_modules/react-dom/cjs/react-dom.development.js:25789:22)
      at flushActQueue (node_modules/react/cjs/react.development.js:2667:24)
      at act (node_modules/react/cjs/react.development.js:2582:11)
      at node_modules/@testing-library/react/dist/act-compat.js:47:25
      at renderRoot (node_modules/@testing-library/react/dist/pure.js:190:26)
      at render (node_modules/@testing-library/react/dist/pure.js:292:10)
      at Object.<anonymous> (components/__tests__/TimelineModal.test.tsx:156:11)

  ● TimelineModal › should render GitHub link

    Element type is invalid: expected a string (for built-in components) or a class/function (for composite components) but got: undefined. You likely forgot to export your component from the file it's defined in, or you might have mixed up default and named imports.

    Check the render method of `TimelineModal`.

    [0m [90m 160 |[39m
     [90m 161 |[39m   it([32m'should render GitHub link'[39m[33m,[39m () [33m=>[39m {
    [31m[1m>[22m[39m[90m 162 |[39m     render([33m<[39m[33mTimelineModal[39m event[33m=[39m{mockEvent} onClose[33m=[39m{jest[33m.[39mfn()} [33m/[39m[33m>[39m)[33m;[39m
     [90m     |[39m           [31m[1m^[22m[39m
     [90m 163 |[39m
     [90m 164 |[39m     [36mconst[39m githubLink [33m=[39m screen[33m.[39mgetByText([32m'Voir sur GitHub'[39m)[33m.[39mclosest([32m'a'[39m)[33m;[39m
     [90m 165 |[39m     expect(githubLink)[33m.[39mtoHaveAttribute([32m'href'[39m[33m,[39m [32m'https://github.com/user/ecommerce'[39m)[33m;[39m[0m

      at createFiberFromTypeAndProps (node_modules/react-dom/cjs/react-dom.development.js:28478:17)
      at createFiberFromElement (node_modules/react-dom/cjs/react-dom.development.js:28504:15)
      at createChild (node_modules/react-dom/cjs/react-dom.development.js:13345:28)
      at reconcileChildrenArray (node_modules/react-dom/cjs/react-dom.development.js:13640:25)
      at reconcileChildFibers (node_modules/react-dom/cjs/react-dom.development.js:14057:16)
      at reconcileChildren (node_modules/react-dom/cjs/react-dom.development.js:19186:28)
      at updateHostComponent (node_modules/react-dom/cjs/react-dom.development.js:19953:3)
      at beginWork (node_modules/react-dom/cjs/react-dom.development.js:21657:14)
      at beginWork$1 (node_modules/react-dom/cjs/react-dom.development.js:27465:14)
      at performUnitOfWork (node_modules/react-dom/cjs/react-dom.development.js:26599:12)
      at workLoopSync (node_modules/react-dom/cjs/react-dom.development.js:26505:5)
      at renderRootSync (node_modules/react-dom/cjs/react-dom.development.js:26473:7)
      at recoverFromConcurrentError (node_modules/react-dom/cjs/react-dom.development.js:25889:20)
      at performConcurrentWorkOnRoot (node_modules/react-dom/cjs/react-dom.development.js:25789:22)
      at flushActQueue (node_modules/react/cjs/react.development.js:2667:24)
      at act (node_modules/react/cjs/react.development.js:2582:11)
      at node_modules/@testing-library/react/dist/act-compat.js:47:25
      at renderRoot (node_modules/@testing-library/react/dist/pure.js:190:26)
      at render (node_modules/@testing-library/react/dist/pure.js:292:10)
      at Object.<anonymous> (components/__tests__/TimelineModal.test.tsx:162:11)

  ● TimelineModal › should render demo link

    Element type is invalid: expected a string (for built-in components) or a class/function (for composite components) but got: undefined. You likely forgot to export your component from the file it's defined in, or you might have mixed up default and named imports.

    Check the render method of `TimelineModal`.

    [0m [90m 170 |[39m
     [90m 171 |[39m   it([32m'should render demo link'[39m[33m,[39m () [33m=>[39m {
    [31m[1m>[22m[39m[90m 172 |[39m     render([33m<[39m[33mTimelineModal[39m event[33m=[39m{mockEvent} onClose[33m=[39m{jest[33m.[39mfn()} [33m/[39m[33m>[39m)[33m;[39m
     [90m     |[39m           [31m[1m^[22m[39m
     [90m 173 |[39m
     [90m 174 |[39m     [36mconst[39m demoLink [33m=[39m screen[33m.[39mgetByText([32m'Voir la démo'[39m)[33m.[39mclosest([32m'a'[39m)[33m;[39m
     [90m 175 |[39m     expect(demoLink)[33m.[39mtoHaveAttribute([32m'href'[39m[33m,[39m [32m'https://demo.example.com'[39m)[33m;[39m[0m

      at createFiberFromTypeAndProps (node_modules/react-dom/cjs/react-dom.development.js:28478:17)
      at createFiberFromElement (node_modules/react-dom/cjs/react-dom.development.js:28504:15)
      at createChild (node_modules/react-dom/cjs/react-dom.development.js:13345:28)
      at reconcileChildrenArray (node_modules/react-dom/cjs/react-dom.development.js:13640:25)
      at reconcileChildFibers (node_modules/react-dom/cjs/react-dom.development.js:14057:16)
      at reconcileChildren (node_modules/react-dom/cjs/react-dom.development.js:19186:28)
      at updateHostComponent (node_modules/react-dom/cjs/react-dom.development.js:19953:3)
      at beginWork (node_modules/react-dom/cjs/react-dom.development.js:21657:14)
      at beginWork$1 (node_modules/react-dom/cjs/react-dom.development.js:27465:14)
      at performUnitOfWork (node_modules/react-dom/cjs/react-dom.development.js:26599:12)
      at workLoopSync (node_modules/react-dom/cjs/react-dom.development.js:26505:5)
      at renderRootSync (node_modules/react-dom/cjs/react-dom.development.js:26473:7)
      at recoverFromConcurrentError (node_modules/react-dom/cjs/react-dom.development.js:25889:20)
      at performConcurrentWorkOnRoot (node_modules/react-dom/cjs/react-dom.development.js:25789:22)
      at flushActQueue (node_modules/react/cjs/react.development.js:2667:24)
      at act (node_modules/react/cjs/react.development.js:2582:11)
      at node_modules/@testing-library/react/dist/act-compat.js:47:25
      at renderRoot (node_modules/@testing-library/react/dist/pure.js:190:26)
      at render (node_modules/@testing-library/react/dist/pure.js:292:10)
      at Object.<anonymous> (components/__tests__/TimelineModal.test.tsx:172:11)

  ● TimelineModal › should not show links section when no URLs provided

    Element type is invalid: expected a string (for built-in components) or a class/function (for composite components) but got: undefined. You likely forgot to export your component from the file it's defined in, or you might have mixed up default and named imports.

    Check the render method of `TimelineModal`.

    [0m [90m 186 |[39m     }[33m;[39m
     [90m 187 |[39m
    [31m[1m>[22m[39m[90m 188 |[39m     render([33m<[39m[33mTimelineModal[39m event[33m=[39m{eventWithoutLinks} onClose[33m=[39m{jest[33m.[39mfn()} [33m/[39m[33m>[39m)[33m;[39m
     [90m     |[39m           [31m[1m^[22m[39m
     [90m 189 |[39m
     [90m 190 |[39m     expect(screen[33m.[39mqueryByText([32m'Liens'[39m))[33m.[39mnot[33m.[39mtoBeInTheDocument()[33m;[39m
     [90m 191 |[39m   })[33m;[39m[0m

      at createFiberFromTypeAndProps (node_modules/react-dom/cjs/react-dom.development.js:28478:17)
      at createFiberFromElement (node_modules/react-dom/cjs/react-dom.development.js:28504:15)
      at createChild (node_modules/react-dom/cjs/react-dom.development.js:13345:28)
      at reconcileChildrenArray (node_modules/react-dom/cjs/react-dom.development.js:13640:25)
      at reconcileChildFibers (node_modules/react-dom/cjs/react-dom.development.js:14057:16)
      at reconcileChildren (node_modules/react-dom/cjs/react-dom.development.js:19186:28)
      at updateHostComponent (node_modules/react-dom/cjs/react-dom.development.js:19953:3)
      at beginWork (node_modules/react-dom/cjs/react-dom.development.js:21657:14)
      at beginWork$1 (node_modules/react-dom/cjs/react-dom.development.js:27465:14)
      at performUnitOfWork (node_modules/react-dom/cjs/react-dom.development.js:26599:12)
      at workLoopSync (node_modules/react-dom/cjs/react-dom.development.js:26505:5)
      at renderRootSync (node_modules/react-dom/cjs/react-dom.development.js:26473:7)
      at recoverFromConcurrentError (node_modules/react-dom/cjs/react-dom.development.js:25889:20)
      at performConcurrentWorkOnRoot (node_modules/react-dom/cjs/react-dom.development.js:25789:22)
      at flushActQueue (node_modules/react/cjs/react.development.js:2667:24)
      at act (node_modules/react/cjs/react.development.js:2582:11)
      at node_modules/@testing-library/react/dist/act-compat.js:47:25
      at renderRoot (node_modules/@testing-library/react/dist/pure.js:190:26)
      at render (node_modules/@testing-library/react/dist/pure.js:292:10)
      at Object.<anonymous> (components/__tests__/TimelineModal.test.tsx:188:11)

  ● TimelineModal › should call onClose when close button is clicked

    Element type is invalid: expected a string (for built-in components) or a class/function (for composite components) but got: undefined. You likely forgot to export your component from the file it's defined in, or you might have mixed up default and named imports.

    Check the render method of `TimelineModal`.

    [0m [90m 194 |[39m     [36mconst[39m onClose [33m=[39m jest[33m.[39mfn()[33m;[39m
     [90m 195 |[39m
    [31m[1m>[22m[39m[90m 196 |[39m     render([33m<[39m[33mTimelineModal[39m event[33m=[39m{mockEvent} onClose[33m=[39m{onClose} [33m/[39m[33m>[39m)[33m;[39m
     [90m     |[39m           [31m[1m^[22m[39m
     [90m 197 |[39m
     [90m 198 |[39m     [36mconst[39m closeButtons [33m=[39m screen[33m.[39mgetAllByText([32m'Fermer'[39m)[33m;[39m
     [90m 199 |[39m     fireEvent[33m.[39mclick(closeButtons[[35m0[39m])[33m;[39m[0m

      at createFiberFromTypeAndProps (node_modules/react-dom/cjs/react-dom.development.js:28478:17)
      at createFiberFromElement (node_modules/react-dom/cjs/react-dom.development.js:28504:15)
      at createChild (node_modules/react-dom/cjs/react-dom.development.js:13345:28)
      at reconcileChildrenArray (node_modules/react-dom/cjs/react-dom.development.js:13640:25)
      at reconcileChildFibers (node_modules/react-dom/cjs/react-dom.development.js:14057:16)
      at reconcileChildren (node_modules/react-dom/cjs/react-dom.development.js:19186:28)
      at updateHostComponent (node_modules/react-dom/cjs/react-dom.development.js:19953:3)
      at beginWork (node_modules/react-dom/cjs/react-dom.development.js:21657:14)
      at beginWork$1 (node_modules/react-dom/cjs/react-dom.development.js:27465:14)
      at performUnitOfWork (node_modules/react-dom/cjs/react-dom.development.js:26599:12)
      at workLoopSync (node_modules/react-dom/cjs/react-dom.development.js:26505:5)
      at renderRootSync (node_modules/react-dom/cjs/react-dom.development.js:26473:7)
      at recoverFromConcurrentError (node_modules/react-dom/cjs/react-dom.development.js:25889:20)
      at performConcurrentWorkOnRoot (node_modules/react-dom/cjs/react-dom.development.js:25789:22)
      at flushActQueue (node_modules/react/cjs/react.development.js:2667:24)
      at act (node_modules/react/cjs/react.development.js:2582:11)
      at node_modules/@testing-library/react/dist/act-compat.js:47:25
      at renderRoot (node_modules/@testing-library/react/dist/pure.js:190:26)
      at render (node_modules/@testing-library/react/dist/pure.js:292:10)
      at Object.<anonymous> (components/__tests__/TimelineModal.test.tsx:196:11)

  ● TimelineModal › should call onClose when X icon is clicked

    Element type is invalid: expected a string (for built-in components) or a class/function (for composite components) but got: undefined. You likely forgot to export your component from the file it's defined in, or you might have mixed up default and named imports.

    Check the render method of `TimelineModal`.

    [0m [90m 205 |[39m     [36mconst[39m onClose [33m=[39m jest[33m.[39mfn()[33m;[39m
     [90m 206 |[39m
    [31m[1m>[22m[39m[90m 207 |[39m     render([33m<[39m[33mTimelineModal[39m event[33m=[39m{mockEvent} onClose[33m=[39m{onClose} [33m/[39m[33m>[39m)[33m;[39m
     [90m     |[39m           [31m[1m^[22m[39m
     [90m 208 |[39m
     [90m 209 |[39m     [36mconst[39m xButton [33m=[39m screen[33m.[39mgetByTestId([32m'x-icon'[39m)[33m.[39mclosest([32m'button'[39m)[33m;[39m
     [90m 210 |[39m     [36mif[39m (xButton) {[0m

      at createFiberFromTypeAndProps (node_modules/react-dom/cjs/react-dom.development.js:28478:17)
      at createFiberFromElement (node_modules/react-dom/cjs/react-dom.development.js:28504:15)
      at createChild (node_modules/react-dom/cjs/react-dom.development.js:13345:28)
      at reconcileChildrenArray (node_modules/react-dom/cjs/react-dom.development.js:13640:25)
      at reconcileChildFibers (node_modules/react-dom/cjs/react-dom.development.js:14057:16)
      at reconcileChildren (node_modules/react-dom/cjs/react-dom.development.js:19186:28)
      at updateHostComponent (node_modules/react-dom/cjs/react-dom.development.js:19953:3)
      at beginWork (node_modules/react-dom/cjs/react-dom.development.js:21657:14)
      at beginWork$1 (node_modules/react-dom/cjs/react-dom.development.js:27465:14)
      at performUnitOfWork (node_modules/react-dom/cjs/react-dom.development.js:26599:12)
      at workLoopSync (node_modules/react-dom/cjs/react-dom.development.js:26505:5)
      at renderRootSync (node_modules/react-dom/cjs/react-dom.development.js:26473:7)
      at recoverFromConcurrentError (node_modules/react-dom/cjs/react-dom.development.js:25889:20)
      at performConcurrentWorkOnRoot (node_modules/react-dom/cjs/react-dom.development.js:25789:22)
      at flushActQueue (node_modules/react/cjs/react.development.js:2667:24)
      at act (node_modules/react/cjs/react.development.js:2582:11)
      at node_modules/@testing-library/react/dist/act-compat.js:47:25
      at renderRoot (node_modules/@testing-library/react/dist/pure.js:190:26)
      at render (node_modules/@testing-library/react/dist/pure.js:292:10)
      at Object.<anonymous> (components/__tests__/TimelineModal.test.tsx:207:11)

  ● TimelineModal › should call onClose when backdrop is clicked

    Element type is invalid: expected a string (for built-in components) or a class/function (for composite components) but got: undefined. You likely forgot to export your component from the file it's defined in, or you might have mixed up default and named imports.

    Check the render method of `TimelineModal`.

    [0m [90m 217 |[39m     [36mconst[39m onClose [33m=[39m jest[33m.[39mfn()[33m;[39m
     [90m 218 |[39m
    [31m[1m>[22m[39m[90m 219 |[39m     [36mconst[39m { container } [33m=[39m render([33m<[39m[33mTimelineModal[39m event[33m=[39m{mockEvent} onClose[33m=[39m{onClose} [33m/[39m[33m>[39m)[33m;[39m
     [90m     |[39m                                 [31m[1m^[22m[39m
     [90m 220 |[39m
     [90m 221 |[39m     [36mconst[39m backdrop [33m=[39m container[33m.[39mquerySelector([32m'.fixed.inset-0'[39m)[33m;[39m
     [90m 222 |[39m     [36mif[39m (backdrop) {[0m

      at createFiberFromTypeAndProps (node_modules/react-dom/cjs/react-dom.development.js:28478:17)
      at createFiberFromElement (node_modules/react-dom/cjs/react-dom.development.js:28504:15)
      at createChild (node_modules/react-dom/cjs/react-dom.development.js:13345:28)
      at reconcileChildrenArray (node_modules/react-dom/cjs/react-dom.development.js:13640:25)
      at reconcileChildFibers (node_modules/react-dom/cjs/react-dom.development.js:14057:16)
      at reconcileChildren (node_modules/react-dom/cjs/react-dom.development.js:19186:28)
      at updateHostComponent (node_modules/react-dom/cjs/react-dom.development.js:19953:3)
      at beginWork (node_modules/react-dom/cjs/react-dom.development.js:21657:14)
      at beginWork$1 (node_modules/react-dom/cjs/react-dom.development.js:27465:14)
      at performUnitOfWork (node_modules/react-dom/cjs/react-dom.development.js:26599:12)
      at workLoopSync (node_modules/react-dom/cjs/react-dom.development.js:26505:5)
      at renderRootSync (node_modules/react-dom/cjs/react-dom.development.js:26473:7)
      at recoverFromConcurrentError (node_modules/react-dom/cjs/react-dom.development.js:25889:20)
      at performConcurrentWorkOnRoot (node_modules/react-dom/cjs/react-dom.development.js:25789:22)
      at flushActQueue (node_modules/react/cjs/react.development.js:2667:24)
      at act (node_modules/react/cjs/react.development.js:2582:11)
      at node_modules/@testing-library/react/dist/act-compat.js:47:25
      at renderRoot (node_modules/@testing-library/react/dist/pure.js:190:26)
      at render (node_modules/@testing-library/react/dist/pure.js:292:10)
      at Object.<anonymous> (components/__tests__/TimelineModal.test.tsx:219:33)

  ● TimelineModal › should not close when modal content is clicked

    Element type is invalid: expected a string (for built-in components) or a class/function (for composite components) but got: undefined. You likely forgot to export your component from the file it's defined in, or you might have mixed up default and named imports.

    Check the render method of `TimelineModal`.

    [0m [90m 229 |[39m     [36mconst[39m onClose [33m=[39m jest[33m.[39mfn()[33m;[39m
     [90m 230 |[39m
    [31m[1m>[22m[39m[90m 231 |[39m     render([33m<[39m[33mTimelineModal[39m event[33m=[39m{mockEvent} onClose[33m=[39m{jest[33m.[39mfn()} [33m/[39m[33m>[39m)[33m;[39m
     [90m     |[39m           [31m[1m^[22m[39m
     [90m 232 |[39m
     [90m 233 |[39m     [36mconst[39m modalContent [33m=[39m screen[33m.[39mgetByText([32m'E-commerce Platform'[39m)[33m.[39mclosest([32m'.bg-white'[39m)[33m;[39m
     [90m 234 |[39m     [36mif[39m (modalContent) {[0m

      at createFiberFromTypeAndProps (node_modules/react-dom/cjs/react-dom.development.js:28478:17)
      at createFiberFromElement (node_modules/react-dom/cjs/react-dom.development.js:28504:15)
      at createChild (node_modules/react-dom/cjs/react-dom.development.js:13345:28)
      at reconcileChildrenArray (node_modules/react-dom/cjs/react-dom.development.js:13640:25)
      at reconcileChildFibers (node_modules/react-dom/cjs/react-dom.development.js:14057:16)
      at reconcileChildren (node_modules/react-dom/cjs/react-dom.development.js:19186:28)
      at updateHostComponent (node_modules/react-dom/cjs/react-dom.development.js:19953:3)
      at beginWork (node_modules/react-dom/cjs/react-dom.development.js:21657:14)
      at beginWork$1 (node_modules/react-dom/cjs/react-dom.development.js:27465:14)
      at performUnitOfWork (node_modules/react-dom/cjs/react-dom.development.js:26599:12)
      at workLoopSync (node_modules/react-dom/cjs/react-dom.development.js:26505:5)
      at renderRootSync (node_modules/react-dom/cjs/react-dom.development.js:26473:7)
      at recoverFromConcurrentError (node_modules/react-dom/cjs/react-dom.development.js:25889:20)
      at performConcurrentWorkOnRoot (node_modules/react-dom/cjs/react-dom.development.js:25789:22)
      at flushActQueue (node_modules/react/cjs/react.development.js:2667:24)
      at act (node_modules/react/cjs/react.development.js:2582:11)
      at node_modules/@testing-library/react/dist/act-compat.js:47:25
      at renderRoot (node_modules/@testing-library/react/dist/pure.js:190:26)
      at render (node_modules/@testing-library/react/dist/pure.js:292:10)
      at Object.<anonymous> (components/__tests__/TimelineModal.test.tsx:231:11)

  ● TimelineModal › should set body overflow to hidden on mount

    Element type is invalid: expected a string (for built-in components) or a class/function (for composite components) but got: undefined. You likely forgot to export your component from the file it's defined in, or you might have mixed up default and named imports.

    Check the render method of `TimelineModal`.

    [0m [90m 239 |[39m
     [90m 240 |[39m   it([32m'should set body overflow to hidden on mount'[39m[33m,[39m () [33m=>[39m {
    [31m[1m>[22m[39m[90m 241 |[39m     render([33m<[39m[33mTimelineModal[39m event[33m=[39m{mockEvent} onClose[33m=[39m{jest[33m.[39mfn()} [33m/[39m[33m>[39m)[33m;[39m
     [90m     |[39m           [31m[1m^[22m[39m
     [90m 242 |[39m
     [90m 243 |[39m     expect(document[33m.[39mbody[33m.[39mstyle[33m.[39moverflow)[33m.[39mtoBe([32m'hidden'[39m)[33m;[39m
     [90m 244 |[39m   })[33m;[39m[0m

      at createFiberFromTypeAndProps (node_modules/react-dom/cjs/react-dom.development.js:28478:17)
      at createFiberFromElement (node_modules/react-dom/cjs/react-dom.development.js:28504:15)
      at createChild (node_modules/react-dom/cjs/react-dom.development.js:13345:28)
      at reconcileChildrenArray (node_modules/react-dom/cjs/react-dom.development.js:13640:25)
      at reconcileChildFibers (node_modules/react-dom/cjs/react-dom.development.js:14057:16)
      at reconcileChildren (node_modules/react-dom/cjs/react-dom.development.js:19186:28)
      at updateHostComponent (node_modules/react-dom/cjs/react-dom.development.js:19953:3)
      at beginWork (node_modules/react-dom/cjs/react-dom.development.js:21657:14)
      at beginWork$1 (node_modules/react-dom/cjs/react-dom.development.js:27465:14)
      at performUnitOfWork (node_modules/react-dom/cjs/react-dom.development.js:26599:12)
      at workLoopSync (node_modules/react-dom/cjs/react-dom.development.js:26505:5)
      at renderRootSync (node_modules/react-dom/cjs/react-dom.development.js:26473:7)
      at recoverFromConcurrentError (node_modules/react-dom/cjs/react-dom.development.js:25889:20)
      at performConcurrentWorkOnRoot (node_modules/react-dom/cjs/react-dom.development.js:25789:22)
      at flushActQueue (node_modules/react/cjs/react.development.js:2667:24)
      at act (node_modules/react/cjs/react.development.js:2582:11)
      at node_modules/@testing-library/react/dist/act-compat.js:47:25
      at renderRoot (node_modules/@testing-library/react/dist/pure.js:190:26)
      at render (node_modules/@testing-library/react/dist/pure.js:292:10)
      at Object.<anonymous> (components/__tests__/TimelineModal.test.tsx:241:11)

  ● TimelineModal › should restore body overflow on unmount

    Element type is invalid: expected a string (for built-in components) or a class/function (for composite components) but got: undefined. You likely forgot to export your component from the file it's defined in, or you might have mixed up default and named imports.

    Check the render method of `TimelineModal`.

    [0m [90m 245 |[39m
     [90m 246 |[39m   it([32m'should restore body overflow on unmount'[39m[33m,[39m () [33m=>[39m {
    [31m[1m>[22m[39m[90m 247 |[39m     [36mconst[39m { unmount } [33m=[39m render([33m<[39m[33mTimelineModal[39m event[33m=[39m{mockEvent} onClose[33m=[39m{jest[33m.[39mfn()} [33m/[39m[33m>[39m)[33m;[39m
     [90m     |[39m                               [31m[1m^[22m[39m
     [90m 248 |[39m
     [90m 249 |[39m     unmount()[33m;[39m
     [90m 250 |[39m[0m

      at createFiberFromTypeAndProps (node_modules/react-dom/cjs/react-dom.development.js:28478:17)
      at createFiberFromElement (node_modules/react-dom/cjs/react-dom.development.js:28504:15)
      at createChild (node_modules/react-dom/cjs/react-dom.development.js:13345:28)
      at reconcileChildrenArray (node_modules/react-dom/cjs/react-dom.development.js:13640:25)
      at reconcileChildFibers (node_modules/react-dom/cjs/react-dom.development.js:14057:16)
      at reconcileChildren (node_modules/react-dom/cjs/react-dom.development.js:19186:28)
      at updateHostComponent (node_modules/react-dom/cjs/react-dom.development.js:19953:3)
      at beginWork (node_modules/react-dom/cjs/react-dom.development.js:21657:14)
      at beginWork$1 (node_modules/react-dom/cjs/react-dom.development.js:27465:14)
      at performUnitOfWork (node_modules/react-dom/cjs/react-dom.development.js:26599:12)
      at workLoopSync (node_modules/react-dom/cjs/react-dom.development.js:26505:5)
      at renderRootSync (node_modules/react-dom/cjs/react-dom.development.js:26473:7)
      at recoverFromConcurrentError (node_modules/react-dom/cjs/react-dom.development.js:25889:20)
      at performConcurrentWorkOnRoot (node_modules/react-dom/cjs/react-dom.development.js:25789:22)
      at flushActQueue (node_modules/react/cjs/react.development.js:2667:24)
      at act (node_modules/react/cjs/react.development.js:2582:11)
      at node_modules/@testing-library/react/dist/act-compat.js:47:25
      at renderRoot (node_modules/@testing-library/react/dist/pure.js:190:26)
      at render (node_modules/@testing-library/react/dist/pure.js:292:10)
      at Object.<anonymous> (components/__tests__/TimelineModal.test.tsx:247:31)

  ● TimelineModal › should listen for Escape key

    Element type is invalid: expected a string (for built-in components) or a class/function (for composite components) but got: undefined. You likely forgot to export your component from the file it's defined in, or you might have mixed up default and named imports.

    Check the render method of `TimelineModal`.

    [0m [90m 255 |[39m     [36mconst[39m onClose [33m=[39m jest[33m.[39mfn()[33m;[39m
     [90m 256 |[39m
    [31m[1m>[22m[39m[90m 257 |[39m     render([33m<[39m[33mTimelineModal[39m event[33m=[39m{mockEvent} onClose[33m=[39m{onClose} [33m/[39m[33m>[39m)[33m;[39m
     [90m     |[39m           [31m[1m^[22m[39m
     [90m 258 |[39m
     [90m 259 |[39m     [36mconst[39m escapeEvent [33m=[39m [36mnew[39m [33mKeyboardEvent[39m([32m'keydown'[39m[33m,[39m { key[33m:[39m [32m'Escape'[39m })[33m;[39m
     [90m 260 |[39m     document[33m.[39mdispatchEvent(escapeEvent)[33m;[39m[0m

      at createFiberFromTypeAndProps (node_modules/react-dom/cjs/react-dom.development.js:28478:17)
      at createFiberFromElement (node_modules/react-dom/cjs/react-dom.development.js:28504:15)
      at createChild (node_modules/react-dom/cjs/react-dom.development.js:13345:28)
      at reconcileChildrenArray (node_modules/react-dom/cjs/react-dom.development.js:13640:25)
      at reconcileChildFibers (node_modules/react-dom/cjs/react-dom.development.js:14057:16)
      at reconcileChildren (node_modules/react-dom/cjs/react-dom.development.js:19186:28)
      at updateHostComponent (node_modules/react-dom/cjs/react-dom.development.js:19953:3)
      at beginWork (node_modules/react-dom/cjs/react-dom.development.js:21657:14)
      at beginWork$1 (node_modules/react-dom/cjs/react-dom.development.js:27465:14)
      at performUnitOfWork (node_modules/react-dom/cjs/react-dom.development.js:26599:12)
      at workLoopSync (node_modules/react-dom/cjs/react-dom.development.js:26505:5)
      at renderRootSync (node_modules/react-dom/cjs/react-dom.development.js:26473:7)
      at recoverFromConcurrentError (node_modules/react-dom/cjs/react-dom.development.js:25889:20)
      at performConcurrentWorkOnRoot (node_modules/react-dom/cjs/react-dom.development.js:25789:22)
      at flushActQueue (node_modules/react/cjs/react.development.js:2667:24)
      at act (node_modules/react/cjs/react.development.js:2582:11)
      at node_modules/@testing-library/react/dist/act-compat.js:47:25
      at renderRoot (node_modules/@testing-library/react/dist/pure.js:190:26)
      at render (node_modules/@testing-library/react/dist/pure.js:292:10)
      at Object.<anonymous> (components/__tests__/TimelineModal.test.tsx:257:11)

  ● TimelineModal › should not close on other key presses

    Element type is invalid: expected a string (for built-in components) or a class/function (for composite components) but got: undefined. You likely forgot to export your component from the file it's defined in, or you might have mixed up default and named imports.

    Check the render method of `TimelineModal`.

    [0m [90m 266 |[39m     [36mconst[39m onClose [33m=[39m jest[33m.[39mfn()[33m;[39m
     [90m 267 |[39m
    [31m[1m>[22m[39m[90m 268 |[39m     render([33m<[39m[33mTimelineModal[39m event[33m=[39m{mockEvent} onClose[33m=[39m{onClose} [33m/[39m[33m>[39m)[33m;[39m
     [90m     |[39m           [31m[1m^[22m[39m
     [90m 269 |[39m
     [90m 270 |[39m     [36mconst[39m enterEvent [33m=[39m [36mnew[39m [33mKeyboardEvent[39m([32m'keydown'[39m[33m,[39m { key[33m:[39m [32m'Enter'[39m })[33m;[39m
     [90m 271 |[39m     document[33m.[39mdispatchEvent(enterEvent)[33m;[39m[0m

      at createFiberFromTypeAndProps (node_modules/react-dom/cjs/react-dom.development.js:28478:17)
      at createFiberFromElement (node_modules/react-dom/cjs/react-dom.development.js:28504:15)
      at createChild (node_modules/react-dom/cjs/react-dom.development.js:13345:28)
      at reconcileChildrenArray (node_modules/react-dom/cjs/react-dom.development.js:13640:25)
      at reconcileChildFibers (node_modules/react-dom/cjs/react-dom.development.js:14057:16)
      at reconcileChildren (node_modules/react-dom/cjs/react-dom.development.js:19186:28)
      at updateHostComponent (node_modules/react-dom/cjs/react-dom.development.js:19953:3)
      at beginWork (node_modules/react-dom/cjs/react-dom.development.js:21657:14)
      at beginWork$1 (node_modules/react-dom/cjs/react-dom.development.js:27465:14)
      at performUnitOfWork (node_modules/react-dom/cjs/react-dom.development.js:26599:12)
      at workLoopSync (node_modules/react-dom/cjs/react-dom.development.js:26505:5)
      at renderRootSync (node_modules/react-dom/cjs/react-dom.development.js:26473:7)
      at recoverFromConcurrentError (node_modules/react-dom/cjs/react-dom.development.js:25889:20)
      at performConcurrentWorkOnRoot (node_modules/react-dom/cjs/react-dom.development.js:25789:22)
      at flushActQueue (node_modules/react/cjs/react.development.js:2667:24)
      at act (node_modules/react/cjs/react.development.js:2582:11)
      at node_modules/@testing-library/react/dist/act-compat.js:47:25
      at renderRoot (node_modules/@testing-library/react/dist/pure.js:190:26)
      at render (node_modules/@testing-library/react/dist/pure.js:292:10)
      at Object.<anonymous> (components/__tests__/TimelineModal.test.tsx:268:11)

  ● TimelineModal › should render calendar icon

    Element type is invalid: expected a string (for built-in components) or a class/function (for composite components) but got: undefined. You likely forgot to export your component from the file it's defined in, or you might have mixed up default and named imports.

    Check the render method of `TimelineModal`.

    [0m [90m 275 |[39m
     [90m 276 |[39m   it([32m'should render calendar icon'[39m[33m,[39m () [33m=>[39m {
    [31m[1m>[22m[39m[90m 277 |[39m     render([33m<[39m[33mTimelineModal[39m event[33m=[39m{mockEvent} onClose[33m=[39m{jest[33m.[39mfn()} [33m/[39m[33m>[39m)[33m;[39m
     [90m     |[39m           [31m[1m^[22m[39m
     [90m 278 |[39m
     [90m 279 |[39m     expect(screen[33m.[39mgetByTestId([32m'calendar-icon'[39m))[33m.[39mtoBeInTheDocument()[33m;[39m
     [90m 280 |[39m   })[33m;[39m[0m

      at createFiberFromTypeAndProps (node_modules/react-dom/cjs/react-dom.development.js:28478:17)
      at createFiberFromElement (node_modules/react-dom/cjs/react-dom.development.js:28504:15)
      at createChild (node_modules/react-dom/cjs/react-dom.development.js:13345:28)
      at reconcileChildrenArray (node_modules/react-dom/cjs/react-dom.development.js:13640:25)
      at reconcileChildFibers (node_modules/react-dom/cjs/react-dom.development.js:14057:16)
      at reconcileChildren (node_modules/react-dom/cjs/react-dom.development.js:19186:28)
      at updateHostComponent (node_modules/react-dom/cjs/react-dom.development.js:19953:3)
      at beginWork (node_modules/react-dom/cjs/react-dom.development.js:21657:14)
      at beginWork$1 (node_modules/react-dom/cjs/react-dom.development.js:27465:14)
      at performUnitOfWork (node_modules/react-dom/cjs/react-dom.development.js:26599:12)
      at workLoopSync (node_modules/react-dom/cjs/react-dom.development.js:26505:5)
      at renderRootSync (node_modules/react-dom/cjs/react-dom.development.js:26473:7)
      at recoverFromConcurrentError (node_modules/react-dom/cjs/react-dom.development.js:25889:20)
      at performConcurrentWorkOnRoot (node_modules/react-dom/cjs/react-dom.development.js:25789:22)
      at flushActQueue (node_modules/react/cjs/react.development.js:2667:24)
      at act (node_modules/react/cjs/react.development.js:2582:11)
      at node_modules/@testing-library/react/dist/act-compat.js:47:25
      at renderRoot (node_modules/@testing-library/react/dist/pure.js:190:26)
      at render (node_modules/@testing-library/react/dist/pure.js:292:10)
      at Object.<anonymous> (components/__tests__/TimelineModal.test.tsx:277:11)

  ● TimelineModal › should handle events without endDate

    Element type is invalid: expected a string (for built-in components) or a class/function (for composite components) but got: undefined. You likely forgot to export your component from the file it's defined in, or you might have mixed up default and named imports.

    Check the render method of `TimelineModal`.

    [0m [90m 283 |[39m     [36mconst[39m ongoingEvent [33m=[39m { [33m...[39mmockEvent[33m,[39m endDate[33m:[39m undefined }[33m;[39m
     [90m 284 |[39m
    [31m[1m>[22m[39m[90m 285 |[39m     render([33m<[39m[33mTimelineModal[39m event[33m=[39m{ongoingEvent} onClose[33m=[39m{jest[33m.[39mfn()} [33m/[39m[33m>[39m)[33m;[39m
     [90m     |[39m           [31m[1m^[22m[39m
     [90m 286 |[39m
     [90m 287 |[39m     expect(screen[33m.[39mgetByText([35m/1 janvier 2022/i[39m))[33m.[39mtoBeInTheDocument()[33m;[39m
     [90m 288 |[39m     expect(screen[33m.[39mqueryByText([35m/30 juin 2023/i[39m))[33m.[39mnot[33m.[39mtoBeInTheDocument()[33m;[39m[0m

      at createFiberFromTypeAndProps (node_modules/react-dom/cjs/react-dom.development.js:28478:17)
      at createFiberFromElement (node_modules/react-dom/cjs/react-dom.development.js:28504:15)
      at createChild (node_modules/react-dom/cjs/react-dom.development.js:13345:28)
      at reconcileChildrenArray (node_modules/react-dom/cjs/react-dom.development.js:13640:25)
      at reconcileChildFibers (node_modules/react-dom/cjs/react-dom.development.js:14057:16)
      at reconcileChildren (node_modules/react-dom/cjs/react-dom.development.js:19186:28)
      at updateHostComponent (node_modules/react-dom/cjs/react-dom.development.js:19953:3)
      at beginWork (node_modules/react-dom/cjs/react-dom.development.js:21657:14)
      at beginWork$1 (node_modules/react-dom/cjs/react-dom.development.js:27465:14)
      at performUnitOfWork (node_modules/react-dom/cjs/react-dom.development.js:26599:12)
      at workLoopSync (node_modules/react-dom/cjs/react-dom.development.js:26505:5)
      at renderRootSync (node_modules/react-dom/cjs/react-dom.development.js:26473:7)
      at recoverFromConcurrentError (node_modules/react-dom/cjs/react-dom.development.js:25889:20)
      at performConcurrentWorkOnRoot (node_modules/react-dom/cjs/react-dom.development.js:25789:22)
      at flushActQueue (node_modules/react/cjs/react.development.js:2667:24)
      at act (node_modules/react/cjs/react.development.js:2582:11)
      at node_modules/@testing-library/react/dist/act-compat.js:47:25
      at renderRoot (node_modules/@testing-library/react/dist/pure.js:190:26)
      at render (node_modules/@testing-library/react/dist/pure.js:292:10)
      at Object.<anonymous> (components/__tests__/TimelineModal.test.tsx:285:11)

  ● TimelineModal › should not render duration section when not provided

    Element type is invalid: expected a string (for built-in components) or a class/function (for composite components) but got: undefined. You likely forgot to export your component from the file it's defined in, or you might have mixed up default and named imports.

    Check the render method of `TimelineModal`.

    [0m [90m 292 |[39m     [36mconst[39m eventWithoutDuration [33m=[39m { [33m...[39mmockEvent[33m,[39m duration[33m:[39m undefined }[33m;[39m
     [90m 293 |[39m
    [31m[1m>[22m[39m[90m 294 |[39m     render([33m<[39m[33mTimelineModal[39m event[33m=[39m{eventWithoutDuration} onClose[33m=[39m{jest[33m.[39mfn()} [33m/[39m[33m>[39m)[33m;[39m
     [90m     |[39m           [31m[1m^[22m[39m
     [90m 295 |[39m
     [90m 296 |[39m     expect(screen[33m.[39mqueryByTestId([32m'mappin-icon'[39m))[33m.[39mnot[33m.[39mtoBeInTheDocument()[33m;[39m
     [90m 297 |[39m   })[33m;[39m[0m

      at createFiberFromTypeAndProps (node_modules/react-dom/cjs/react-dom.development.js:28478:17)
      at createFiberFromElement (node_modules/react-dom/cjs/react-dom.development.js:28504:15)
      at createChild (node_modules/react-dom/cjs/react-dom.development.js:13345:28)
      at reconcileChildrenArray (node_modules/react-dom/cjs/react-dom.development.js:13640:25)
      at reconcileChildFibers (node_modules/react-dom/cjs/react-dom.development.js:14057:16)
      at reconcileChildren (node_modules/react-dom/cjs/react-dom.development.js:19186:28)
      at updateHostComponent (node_modules/react-dom/cjs/react-dom.development.js:19953:3)
      at beginWork (node_modules/react-dom/cjs/react-dom.development.js:21657:14)
      at beginWork$1 (node_modules/react-dom/cjs/react-dom.development.js:27465:14)
      at performUnitOfWork (node_modules/react-dom/cjs/react-dom.development.js:26599:12)
      at workLoopSync (node_modules/react-dom/cjs/react-dom.development.js:26505:5)
      at renderRootSync (node_modules/react-dom/cjs/react-dom.development.js:26473:7)
      at recoverFromConcurrentError (node_modules/react-dom/cjs/react-dom.development.js:25889:20)
      at performConcurrentWorkOnRoot (node_modules/react-dom/cjs/react-dom.development.js:25789:22)
      at flushActQueue (node_modules/react/cjs/react.development.js:2667:24)
      at act (node_modules/react/cjs/react.development.js:2582:11)
      at node_modules/@testing-library/react/dist/act-compat.js:47:25
      at renderRoot (node_modules/@testing-library/react/dist/pure.js:190:26)
      at render (node_modules/@testing-library/react/dist/pure.js:292:10)
      at Object.<anonymous> (components/__tests__/TimelineModal.test.tsx:294:11)

  ● TimelineModal › should apply correct color scheme for project type

    Element type is invalid: expected a string (for built-in components) or a class/function (for composite components) but got: undefined. You likely forgot to export your component from the file it's defined in, or you might have mixed up default and named imports.

    Check the render method of `TimelineModal`.

    [0m [90m 298 |[39m
     [90m 299 |[39m   it([32m'should apply correct color scheme for project type'[39m[33m,[39m () [33m=>[39m {
    [31m[1m>[22m[39m[90m 300 |[39m     [36mconst[39m { container } [33m=[39m render([33m<[39m[33mTimelineModal[39m event[33m=[39m{mockEvent} onClose[33m=[39m{jest[33m.[39mfn()} [33m/[39m[33m>[39m)[33m;[39m
     [90m     |[39m                                 [31m[1m^[22m[39m
     [90m 301 |[39m
     [90m 302 |[39m     [36mconst[39m purpleBadge [33m=[39m container[33m.[39mquerySelector([32m'.bg-purple-100'[39m)[33m;[39m
     [90m 303 |[39m     expect(purpleBadge)[33m.[39mtoBeInTheDocument()[33m;[39m[0m

      at createFiberFromTypeAndProps (node_modules/react-dom/cjs/react-dom.development.js:28478:17)
      at createFiberFromElement (node_modules/react-dom/cjs/react-dom.development.js:28504:15)
      at createChild (node_modules/react-dom/cjs/react-dom.development.js:13345:28)
      at reconcileChildrenArray (node_modules/react-dom/cjs/react-dom.development.js:13640:25)
      at reconcileChildFibers (node_modules/react-dom/cjs/react-dom.development.js:14057:16)
      at reconcileChildren (node_modules/react-dom/cjs/react-dom.development.js:19186:28)
      at updateHostComponent (node_modules/react-dom/cjs/react-dom.development.js:19953:3)
      at beginWork (node_modules/react-dom/cjs/react-dom.development.js:21657:14)
      at beginWork$1 (node_modules/react-dom/cjs/react-dom.development.js:27465:14)
      at performUnitOfWork (node_modules/react-dom/cjs/react-dom.development.js:26599:12)
      at workLoopSync (node_modules/react-dom/cjs/react-dom.development.js:26505:5)
      at renderRootSync (node_modules/react-dom/cjs/react-dom.development.js:26473:7)
      at recoverFromConcurrentError (node_modules/react-dom/cjs/react-dom.development.js:25889:20)
      at performConcurrentWorkOnRoot (node_modules/react-dom/cjs/react-dom.development.js:25789:22)
      at flushActQueue (node_modules/react/cjs/react.development.js:2667:24)
      at act (node_modules/react/cjs/react.development.js:2582:11)
      at node_modules/@testing-library/react/dist/act-compat.js:47:25
      at renderRoot (node_modules/@testing-library/react/dist/pure.js:190:26)
      at render (node_modules/@testing-library/react/dist/pure.js:292:10)
      at Object.<anonymous> (components/__tests__/TimelineModal.test.tsx:300:33)

  ● TimelineModal › should apply correct color scheme for experience type

    Element type is invalid: expected a string (for built-in components) or a class/function (for composite components) but got: undefined. You likely forgot to export your component from the file it's defined in, or you might have mixed up default and named imports.

    Check the render method of `TimelineModal`.

    [0m [90m 307 |[39m     [36mconst[39m experienceEvent [33m=[39m { [33m...[39mmockEvent[33m,[39m type[33m:[39m [32m'experience'[39m [36mas[39m [36mconst[39m }[33m;[39m
     [90m 308 |[39m
    [31m[1m>[22m[39m[90m 309 |[39m     [36mconst[39m { container } [33m=[39m render([33m<[39m[33mTimelineModal[39m event[33m=[39m{experienceEvent} onClose[33m=[39m{jest[33m.[39mfn()} [33m/[39m[33m>[39m)[33m;[39m
     [90m     |[39m                                 [31m[1m^[22m[39m
     [90m 310 |[39m
     [90m 311 |[39m     [36mconst[39m blueBadge [33m=[39m container[33m.[39mquerySelector([32m'.bg-blue-100'[39m)[33m;[39m
     [90m 312 |[39m     expect(blueBadge)[33m.[39mtoBeInTheDocument()[33m;[39m[0m

      at createFiberFromTypeAndProps (node_modules/react-dom/cjs/react-dom.development.js:28478:17)
      at createFiberFromElement (node_modules/react-dom/cjs/react-dom.development.js:28504:15)
      at createChild (node_modules/react-dom/cjs/react-dom.development.js:13345:28)
      at reconcileChildrenArray (node_modules/react-dom/cjs/react-dom.development.js:13640:25)
      at reconcileChildFibers (node_modules/react-dom/cjs/react-dom.development.js:14057:16)
      at reconcileChildren (node_modules/react-dom/cjs/react-dom.development.js:19186:28)
      at updateHostComponent (node_modules/react-dom/cjs/react-dom.development.js:19953:3)
      at beginWork (node_modules/react-dom/cjs/react-dom.development.js:21657:14)
      at beginWork$1 (node_modules/react-dom/cjs/react-dom.development.js:27465:14)
      at performUnitOfWork (node_modules/react-dom/cjs/react-dom.development.js:26599:12)
      at workLoopSync (node_modules/react-dom/cjs/react-dom.development.js:26505:5)
      at renderRootSync (node_modules/react-dom/cjs/react-dom.development.js:26473:7)
      at recoverFromConcurrentError (node_modules/react-dom/cjs/react-dom.development.js:25889:20)
      at performConcurrentWorkOnRoot (node_modules/react-dom/cjs/react-dom.development.js:25789:22)
      at flushActQueue (node_modules/react/cjs/react.development.js:2667:24)
      at act (node_modules/react/cjs/react.development.js:2582:11)
      at node_modules/@testing-library/react/dist/act-compat.js:47:25
      at renderRoot (node_modules/@testing-library/react/dist/pure.js:190:26)
      at render (node_modules/@testing-library/react/dist/pure.js:292:10)
      at Object.<anonymous> (components/__tests__/TimelineModal.test.tsx:309:33)

FAIL components/__tests__/TimelineView.test.tsx
  ● TimelineView › should display stats summary

    TestingLibraryElementError: Found multiple elements with the text: 3

    Here are the matching elements:

    Ignored nodes: comments, script, style
    [36m<p[39m
      [33mclass[39m=[32m"text-3xl font-bold text-blue-600"[39m
    [36m>[39m
      [0m3[0m
    [36m</p>[39m

    Ignored nodes: comments, script, style
    [36m<p[39m
      [33mclass[39m=[32m"text-3xl font-bold text-indigo-600"[39m
    [36m>[39m
      [0m3[0m
    [36m</p>[39m

    (If this is intentional, then use the `*AllBy*` variant of the query (like `queryAllByText`, `getAllByText`, or `findAllByText`)).

    Ignored nodes: comments, script, style
    [36m<body>[39m
      [36m<div>[39m
        [36m<div[39m
          [33mclass[39m=[32m"timeline-container relative"[39m
        [36m>[39m
          [36m<div[39m
            [33mdata-testid[39m=[32m"timeline-navigation"[39m
          [36m>[39m
            [0m2022, 2021, 2020[0m
          [36m</div>[39m
          [36m<div[39m
            [33mdata-testid[39m=[32m"timeline-filters"[39m
          [36m>[39m
            [36m<button>[39m
              [0mApply Filter[0m
            [36m</button>[39m
            [36m<button>[39m
              [0mReset[0m
            [36m</button>[39m
          [36m</div>[39m
          [36m<div[39m
            [33manimate[39m=[32m"visible"[39m
            [33mclass[39m=[32m"relative mt-12"[39m
            [33minitial[39m=[32m"hidden"[39m
            [33mvariants[39m=[32m"[object Object]"[39m
          [36m>[39m
            [36m<div[39m
              [33mclass[39m=[32m"absolute left-1/2 transform -translate-x-1/2 w-1 h-full bg-gradient-to-b from-blue-500 via-purple-500 to-pink-500 hidden md:block"[39m
            [36m/>[39m
            [36m<div[39m
              [33mclass[39m=[32m"absolute top-8 left-0 w-full h-1 bg-gradient-to-r from-blue-500 via-purple-500 to-pink-500 md:hidden"[39m
            [36m/>[39m
            [36m<div[39m
              [33mclass[39m=[32m"space-y-16 md:space-y-12"[39m
            [36m>[39m
              [36m<div[39m
                [33mdata-testid[39m=[32m"timeline-item-1"[39m
              [36m>[39m
                [0mSenior Developer[0m
              [36m</div>[39m
              [36m<div[39m
                [33mdata-testid[39m=[32m"timeline-item-2"[39m
              [36m>[39m
                [0mE-commerce Platform[0m
              [36m</div>[39m
              [36m<div[39m
                [33mdata-testid[39m=[32m"timeline-item-3"[39m
              [36m>[39m
                [0mConsultant[0m
              [36m</div>[39m
            [36m</div>[39m
          [36m</div>[39m
          [36m<div[39m
            [33mclass[39m=[32m"mt-16 p-6 bg-gradient-to-r from-blue-50 to-purple-50 rounded-xl"[39m
          [36m>[39m
            [36m<div[39m
              [33mclass[39m=[32m"grid grid-cols-2 md:grid-cols-4 gap-4 text-center"[39m
            [36m>[39m
              [36m<div>[39m
                [36m<p[39m
                  [33mclass[39m=[32m"text-3xl font-bold text-blue-600"[39m
                [36m>[39m
                  [0m3[0m
                [36m</p>[39m
                [36m<p[39m
                  [33mclass[39m=[32m"text-sm text-gray-600"[39m
                [36m>[39m
                  [0mÉvénements[0m
                [36m</p>[39m
              [36m</div>[39m
              [36m<div>[39m
                [36m<p[39m
                  [33mclass[39m=[32m"text-3xl font-bold text-purple-600"[39m
                [36m>[39m
                  [0m2[0m
                [36m</p>[39m
                [36m<p[39m
                  [33mclass[39m=[32m"text-sm text-gray-600"[39m
                [36m>[39m
                  [0mExpériences[0m
                [36m</p>[39m
              [36m</div>[39m
              [36m<div>[39m
                [36m<p[39m
                  [33mclass[39m=[32m"text-3xl font-bold text-pink-600"[39m
                [36m>[39m
                  [0m1[0m
                [36m</p>[39m
                [36m<p[39m
                  [33mclass[39m=[32m"text-sm text-gray-600"[39m
                [36m>[39m
                  [0mProjets[0m
                [36m</p>[39m
              [36m</div>[39m
              [36m<div>[39m
                [36m<p[39m
                  [33mclass[39m=[32m"text-3xl font-bold text-indigo-600"[39m
                [36m>[39m
                  [0m3[0m
                [36m</p>[39m
                [36m<p[39m
                  [33mclass[39m=[32m"text-sm text-gray-600"[39m
                [36m>[39m
                  [0mCatégories[0m
                [36m</p>[39m
              [36m</div>[39m
            [36m</div>[39m
          [36m</div>[39m
        [36m</div>[39m
      [36m</div>[39m
    [36m</body>[39m

    [0m [90m 186 |[39m     )[33m;[39m
     [90m 187 |[39m
    [31m[1m>[22m[39m[90m 188 |[39m     expect(screen[33m.[39mgetByText([32m'3'[39m))[33m.[39mtoBeInTheDocument()[33m;[39m [90m// Total events[39m
     [90m     |[39m                   [31m[1m^[22m[39m
     [90m 189 |[39m     expect(screen[33m.[39mgetByText([32m'2'[39m))[33m.[39mtoBeInTheDocument()[33m;[39m [90m// Experiences[39m
     [90m 190 |[39m     expect(screen[33m.[39mgetByText([32m'1'[39m))[33m.[39mtoBeInTheDocument()[33m;[39m [90m// Projects[39m
     [90m 191 |[39m   })[33m;[39m[0m

      at Object.getElementError (node_modules/@testing-library/dom/dist/config.js:37:19)
      at getElementError (node_modules/@testing-library/dom/dist/query-helpers.js:20:35)
      at getMultipleElementsFoundError (node_modules/@testing-library/dom/dist/query-helpers.js:23:10)
      at node_modules/@testing-library/dom/dist/query-helpers.js:55:13
      at node_modules/@testing-library/dom/dist/query-helpers.js:95:19
      at Object.getByText (components/__tests__/TimelineView.test.tsx:188:19)

  ● TimelineView › should filter events by category

    Unable to find an element with the text: 2. This could be because the text is broken up by multiple elements. In this case, you can provide a function for your text matcher to make your matcher more flexible.

    Ignored nodes: comments, script, style
    [36m<body>[39m
      [36m<div>[39m
        [36m<div[39m
          [33mclass[39m=[32m"timeline-container relative"[39m
        [36m>[39m
          [36m<div[39m
            [33mdata-testid[39m=[32m"timeline-navigation"[39m
          [36m>[39m
            [0m2022[0m
          [36m</div>[39m
          [36m<div[39m
            [33mdata-testid[39m=[32m"timeline-filters"[39m
          [36m>[39m
            [36m<button>[39m
              [0mApply Filter[0m
            [36m</button>[39m
            [36m<button>[39m
              [0mReset[0m
            [36m</button>[39m
          [36m</div>[39m
          [36m<div[39m
            [33manimate[39m=[32m"visible"[39m
            [33mclass[39m=[32m"relative mt-12"[39m
            [33minitial[39m=[32m"hidden"[39m
            [33mvariants[39m=[32m"[object Object]"[39m
          [36m>[39m
            [36m<div[39m
              [33mclass[39m=[32m"absolute left-1/2 transform -translate-x-1/2 w-1 h-full bg-gradient-to-b from-blue-500 via-purple-500 to-pink-500 hidden md:block"[39m
            [36m/>[39m
            [36m<div[39m
              [33mclass[39m=[32m"absolute top-8 left-0 w-full h-1 bg-gradient-to-r from-blue-500 via-purple-500 to-pink-500 md:hidden"[39m
            [36m/>[39m
            [36m<div[39m
              [33mclass[39m=[32m"space-y-16 md:space-y-12"[39m
            [36m>[39m
              [36m<div[39m
                [33mdata-testid[39m=[32m"timeline-item-1"[39m
              [36m>[39m
                [0mSenior Developer[0m
              [36m</div>[39m
            [36m</div>[39m
          [36m</div>[39m
          [36m<div[39m
            [33mclass[39m=[32m"mt-16 p-6 bg-gradient-to-r from-blue-50 to-purple-50 rounded-xl"[39m
          [36m>[39m
            [36m<div[39m
              [33mclass[39m=[32m"grid grid-cols-2 md:grid-cols-4 gap-4 text-center"[39m
            [36m>[39m
              [36m<div>[39m
                [36m<p[39m
                  [33mclass[39m=[32m"text-3xl font-bold text-blue-600"[39m
                [36m>[39m
                  [0m1[0m
                [36m</p>[39m
                [36m<p[39m
                  [33mclass[39m=[32m"text-sm text-gray-600"[39m
                [36m>[39m
                  [0mÉvénements[0m
                [36m</p>[39m
              [36m</div>[39m
              [36m<div>[39m
                [36m<p[39m
                  [33mclass[39m=[32m"text-3xl font-bold text-purple-600"[39m
                [36m>[39m
                  [0m1[0m
                [36m</p>[39m
                [36m<p[39m
                  [33mclass[39m=[32m"text-sm text-gray-600"[39m
                [36m>[39m
                  [0mExpériences[0m
                [36m</p>[39m
              [36m</div>[39m
              [36m<div>[39m
                [36m<p[39m
                  [33mclass[39m=[32m"text-3xl font-bold text-pink-600"[39m
                [36m>[39m
                  [0m0[0m
                [36m</p>[39m
                [36m<p[39m
                  [33mclass[39m=[32m"text-sm text-gray-600"[39m
                [36m>[39m
                  [0mProjets[0m
                [36m</p>[39m
              [36m</div>[39m
              [36m<div>[39m
                [36m<p[39m
                  [33mclass[39m=[32m"text-3xl font-bold text-indigo-600"[39m
                [36m>[39m
                  [0m3[0m
                [36m</p>[39m
                [36m<p[39m
                  [33mclass[39m=[32m"text-sm text-gray-600"[39m
                [36m>[39m
                  [0mCatégories[0m
                [36m</p>[39m
              [36m</div>[39m
            [36m</div>[39m
          [36m</div>[39m
        [36m</div>[39m
      [36m</div>[39m
    [36m</body>[39m

    [0m [90m 202 |[39m     fireEvent[33m.[39mclick(applyFilterButton)[33m;[39m
     [90m 203 |[39m
    [31m[1m>[22m[39m[90m 204 |[39m     [36mawait[39m waitFor(() [33m=>[39m {
     [90m     |[39m                  [31m[1m^[22m[39m
     [90m 205 |[39m       [90m// Should only show tech category events (2 events)[39m
     [90m 206 |[39m       expect(screen[33m.[39mgetByText([32m'2'[39m))[33m.[39mtoBeInTheDocument()[33m;[39m
     [90m 207 |[39m     })[33m;[39m[0m

      at waitForWrapper (node_modules/@testing-library/dom/dist/wait-for.js:163:27)
      at Object.<anonymous> (components/__tests__/TimelineView.test.tsx:204:18)

  ● TimelineView › should open modal when event is selected

    Found multiple elements with the text: Senior Developer

    Here are the matching elements:

    Ignored nodes: comments, script, style
    [36m<div[39m
      [33mdata-testid[39m=[32m"timeline-item-1"[39m
    [36m>[39m
      [0mSenior Developer[0m
    [36m</div>[39m

    Ignored nodes: comments, script, style
    [36m<h2>[39m
      [0mSenior Developer[0m
    [36m</h2>[39m

    (If this is intentional, then use the `*AllBy*` variant of the query (like `queryAllByText`, `getAllByText`, or `findAllByText`)).

    Ignored nodes: comments, script, style
    [36m<body>[39m
      [36m<div>[39m
        [36m<div[39m
          [33mclass[39m=[32m"timeline-container relative"[39m
        [36m>[39m
          [36m<div[39m
            [33mdata-testid[39m=[32m"timeline-navigation"[39m
          [36m>[39m
            [0m2022, 2021, 2020[0m
          [36m</div>[39m
          [36m<div[39m
            [33mdata-testid[39m=[32m"timeline-filters"[39m
          [36m>[39m
            [36m<button>[39m
              [0mApply Filter[0m
            [36m</button>[39m
            [36m<button>[39m
              [0mReset[0m
            [36m</button>[39m
          [36m</div>[39m
          [36m<div[39m
            [33manimate[39m=[32m"visible"[39m
            [33mclass[39m=[32m"relative mt-12"[39m
            [33minitial[39m=[32m"hidden"[39m
            [33mvariants[39m=[32m"[object Object]"[39m
          [36m>[39m
            [36m<div[39m
              [33mclass[39m=[32m"absolute left-1/2 transform -translate-x-1/2 w-1 h-full bg-gradient-to-b from-blue-500 via-purple-500 to-pink-500 hidden md:block"[39m
            [36m/>[39m
            [36m<div[39m
              [33mclass[39m=[32m"absolute top-8 left-0 w-full h-1 bg-gradient-to-r from-blue-500 via-purple-500 to-pink-500 md:hidden"[39m
            [36m/>[39m
            [36m<div[39m
              [33mclass[39m=[32m"space-y-16 md:space-y-12"[39m
            [36m>[39m
              [36m<div[39m
                [33mdata-testid[39m=[32m"timeline-item-1"[39m
              [36m>[39m
                [0mSenior Developer[0m
              [36m</div>[39m
              [36m<div[39m
                [33mdata-testid[39m=[32m"timeline-item-2"[39m
              [36m>[39m
                [0mE-commerce Platform[0m
              [36m</div>[39m
              [36m<div[39m
                [33mdata-testid[39m=[32m"timeline-item-3"[39m
              [36m>[39m
                [0mConsultant[0m
              [36m</div>[39m
            [36m</div>[39m
          [36m</div>[39m
          [36m<div[39m
            [33mdata-testid[39m=[32m"timeline-modal"[39m
          [36m>[39m
            [36m<h2>[39m
              [0mSenior Developer[0m
            [36m</h2>[39m
            [36m<button>[39m
              [0mClose[0m
            [36m</button>[39m
          [36m</div>[39m
          [36m<div[39m
            [33mclass[39m=[32m"mt-16 p-6 bg-gradient-to-r from-blue-50 to-purple-50 rounded-xl"[39m
          [36m>[39m
            [36m<div[39m
              [33mclass[39m=[32m"grid grid-cols-2 md:grid-cols-4 gap-4 text-center"[39m
            [36m>[39m
              [36m<div>[39m
                [36m<p[39m
                  [33mclass[39m=[32m"text-3xl font-bold text-blue-600"[39m
                [36m>[39m
                  [0m3[0m
                [36m</p>[39m
                [36m<p[39m
                  [33mclass[39m=[32m"text-sm text-gray-600"[39m
                [36m>[39m
                  [0mÉvénements[0m
                [36m</p>[39m
              [36m</div>[39m
              [36m<div>[39m
                [36m<p[39m
                  [33mclass[39m=[32m"text-3xl font-bold text-purple-600"[39m
                [36m>[39m
                  [0m2[0m
                [36m</p>[39m
                [36m<p[39m
                  [33mclass[39m=[32m"text-sm text-gray-600"[39m
                [36m>[39m
                  [0mExpériences[0m
                [36m</p>[39m
              [36m</div>[39m
              [36m<div>[39m
                [36m<p[39m
                  [33mclass[39m=[32m"text-3xl font-bold text-pink-600"[39m
                [36m>[39m
                  [0m1[0m
                [36m</p>[39m
                [36m<p[39m
                  [33mclass[39m=[32m"text-sm text-gray-600"[39m
                [36m>[39m
                  [0mProjets[0m
                [36m</p>[39m
              [36m</div>[39m
              [36m<div>[39m
                [36m<p[39m
                  [33mclass[39m=[32m"text-3xl font-bold text-indigo-600"[39m
                [36m>[39m
                  [0m3[0m
                [36m</p>[39m
                [36m<p[39m
                  [33mclass[39m=[32m"text-sm text-gray-600"[39m
                [36m>[39m
                  [0mCatégories[0m
                [36m</p>[39m
              [36m</div>[39m
            [36m</div>[39m
          [36m</div>[39m
        [36m</div>[39m
      [36m</div>[39m
    [36m</body>[39m

    [0m [90m 268 |[39m     fireEvent[33m.[39mclick(eventItem)[33m;[39m
     [90m 269 |[39m
    [31m[1m>[22m[39m[90m 270 |[39m     [36mawait[39m waitFor(() [33m=>[39m {
     [90m     |[39m                  [31m[1m^[22m[39m
     [90m 271 |[39m       expect(screen[33m.[39mgetByTestId([32m'timeline-modal'[39m))[33m.[39mtoBeInTheDocument()[33m;[39m
     [90m 272 |[39m       expect(screen[33m.[39mgetByText([32m'Senior Developer'[39m))[33m.[39mtoBeInTheDocument()[33m;[39m
     [90m 273 |[39m     })[33m;[39m[0m

      at waitForWrapper (node_modules/@testing-library/dom/dist/wait-for.js:163:27)
      at Object.<anonymous> (components/__tests__/TimelineView.test.tsx:270:18)

  ● TimelineView › should display correct category count in stats

    TestingLibraryElementError: Found multiple elements with the text: 3

    Here are the matching elements:

    Ignored nodes: comments, script, style
    [36m<p[39m
      [33mclass[39m=[32m"text-3xl font-bold text-blue-600"[39m
    [36m>[39m
      [0m3[0m
    [36m</p>[39m

    Ignored nodes: comments, script, style
    [36m<p[39m
      [33mclass[39m=[32m"text-3xl font-bold text-indigo-600"[39m
    [36m>[39m
      [0m3[0m
    [36m</p>[39m

    (If this is intentional, then use the `*AllBy*` variant of the query (like `queryAllByText`, `getAllByText`, or `findAllByText`)).

    Ignored nodes: comments, script, style
    [36m<body>[39m
      [36m<div>[39m
        [36m<div[39m
          [33mclass[39m=[32m"timeline-container relative"[39m
        [36m>[39m
          [36m<div[39m
            [33mdata-testid[39m=[32m"timeline-navigation"[39m
          [36m>[39m
            [0m2022, 2021, 2020[0m
          [36m</div>[39m
          [36m<div[39m
            [33mdata-testid[39m=[32m"timeline-filters"[39m
          [36m>[39m
            [36m<button>[39m
              [0mApply Filter[0m
            [36m</button>[39m
            [36m<button>[39m
              [0mReset[0m
            [36m</button>[39m
          [36m</div>[39m
          [36m<div[39m
            [33manimate[39m=[32m"visible"[39m
            [33mclass[39m=[32m"relative mt-12"[39m
            [33minitial[39m=[32m"hidden"[39m
            [33mvariants[39m=[32m"[object Object]"[39m
          [36m>[39m
            [36m<div[39m
              [33mclass[39m=[32m"absolute left-1/2 transform -translate-x-1/2 w-1 h-full bg-gradient-to-b from-blue-500 via-purple-500 to-pink-500 hidden md:block"[39m
            [36m/>[39m
            [36m<div[39m
              [33mclass[39m=[32m"absolute top-8 left-0 w-full h-1 bg-gradient-to-r from-blue-500 via-purple-500 to-pink-500 md:hidden"[39m
            [36m/>[39m
            [36m<div[39m
              [33mclass[39m=[32m"space-y-16 md:space-y-12"[39m
            [36m>[39m
              [36m<div[39m
                [33mdata-testid[39m=[32m"timeline-item-1"[39m
              [36m>[39m
                [0mSenior Developer[0m
              [36m</div>[39m
              [36m<div[39m
                [33mdata-testid[39m=[32m"timeline-item-2"[39m
              [36m>[39m
                [0mE-commerce Platform[0m
              [36m</div>[39m
              [36m<div[39m
                [33mdata-testid[39m=[32m"timeline-item-3"[39m
              [36m>[39m
                [0mConsultant[0m
              [36m</div>[39m
            [36m</div>[39m
          [36m</div>[39m
          [36m<div[39m
            [33mclass[39m=[32m"mt-16 p-6 bg-gradient-to-r from-blue-50 to-purple-50 rounded-xl"[39m
          [36m>[39m
            [36m<div[39m
              [33mclass[39m=[32m"grid grid-cols-2 md:grid-cols-4 gap-4 text-center"[39m
            [36m>[39m
              [36m<div>[39m
                [36m<p[39m
                  [33mclass[39m=[32m"text-3xl font-bold text-blue-600"[39m
                [36m>[39m
                  [0m3[0m
                [36m</p>[39m
                [36m<p[39m
                  [33mclass[39m=[32m"text-sm text-gray-600"[39m
                [36m>[39m
                  [0mÉvénements[0m
                [36m</p>[39m
              [36m</div>[39m
              [36m<div>[39m
                [36m<p[39m
                  [33mclass[39m=[32m"text-3xl font-bold text-purple-600"[39m
                [36m>[39m
                  [0m2[0m
                [36m</p>[39m
                [36m<p[39m
                  [33mclass[39m=[32m"text-sm text-gray-600"[39m
                [36m>[39m
                  [0mExpériences[0m
                [36m</p>[39m
              [36m</div>[39m
              [36m<div>[39m
                [36m<p[39m
                  [33mclass[39m=[32m"text-3xl font-bold text-pink-600"[39m
                [36m>[39m
                  [0m1[0m
                [36m</p>[39m
                [36m<p[39m
                  [33mclass[39m=[32m"text-sm text-gray-600"[39m
                [36m>[39m
                  [0mProjets[0m
                [36m</p>[39m
              [36m</div>[39m
              [36m<div>[39m
                [36m<p[39m
                  [33mclass[39m=[32m"text-3xl font-bold text-indigo-600"[39m
                [36m>[39m
                  [0m3[0m
                [36m</p>[39m
                [36m<p[39m
                  [33mclass[39m=[32m"text-sm text-gray-600"[39m
                [36m>[39m
                  [0mCatégories[0m
                [36m</p>[39m
              [36m</div>[39m
            [36m</div>[39m
          [36m</div>[39m
        [36m</div>[39m
      [36m</div>[39m
    [36m</body>[39m

    [0m [90m 317 |[39m     )[33m;[39m
     [90m 318 |[39m
    [31m[1m>[22m[39m[90m 319 |[39m     expect(screen[33m.[39mgetByText(mockCategories[33m.[39mlength[33m.[39mtoString()))[33m.[39mtoBeInTheDocument()[33m;[39m
     [90m     |[39m                   [31m[1m^[22m[39m
     [90m 320 |[39m     expect(screen[33m.[39mgetByText([35m/catégories/i[39m))[33m.[39mtoBeInTheDocument()[33m;[39m
     [90m 321 |[39m   })[33m;[39m
     [90m 322 |[39m[0m

      at Object.getElementError (node_modules/@testing-library/dom/dist/config.js:37:19)
      at getElementError (node_modules/@testing-library/dom/dist/query-helpers.js:20:35)
      at getMultipleElementsFoundError (node_modules/@testing-library/dom/dist/query-helpers.js:23:10)
      at node_modules/@testing-library/dom/dist/query-helpers.js:55:13
      at node_modules/@testing-library/dom/dist/query-helpers.js:95:19
      at Object.getByText (components/__tests__/TimelineView.test.tsx:319:19)

  ● TimelineView › should update stats when filters change

    TestingLibraryElementError: Found multiple elements with the text: 3

    Here are the matching elements:

    Ignored nodes: comments, script, style
    [36m<p[39m
      [33mclass[39m=[32m"text-3xl font-bold text-blue-600"[39m
    [36m>[39m
      [0m3[0m
    [36m</p>[39m

    Ignored nodes: comments, script, style
    [36m<p[39m
      [33mclass[39m=[32m"text-3xl font-bold text-indigo-600"[39m
    [36m>[39m
      [0m3[0m
    [36m</p>[39m

    (If this is intentional, then use the `*AllBy*` variant of the query (like `queryAllByText`, `getAllByText`, or `findAllByText`)).

    Ignored nodes: comments, script, style
    [36m<body>[39m
      [36m<div>[39m
        [36m<div[39m
          [33mclass[39m=[32m"timeline-container relative"[39m
        [36m>[39m
          [36m<div[39m
            [33mdata-testid[39m=[32m"timeline-navigation"[39m
          [36m>[39m
            [0m2022, 2021, 2020[0m
          [36m</div>[39m
          [36m<div[39m
            [33mdata-testid[39m=[32m"timeline-filters"[39m
          [36m>[39m
            [36m<button>[39m
              [0mApply Filter[0m
            [36m</button>[39m
            [36m<button>[39m
              [0mReset[0m
            [36m</button>[39m
          [36m</div>[39m
          [36m<div[39m
            [33manimate[39m=[32m"visible"[39m
            [33mclass[39m=[32m"relative mt-12"[39m
            [33minitial[39m=[32m"hidden"[39m
            [33mvariants[39m=[32m"[object Object]"[39m
          [36m>[39m
            [36m<div[39m
              [33mclass[39m=[32m"absolute left-1/2 transform -translate-x-1/2 w-1 h-full bg-gradient-to-b from-blue-500 via-purple-500 to-pink-500 hidden md:block"[39m
            [36m/>[39m
            [36m<div[39m
              [33mclass[39m=[32m"absolute top-8 left-0 w-full h-1 bg-gradient-to-r from-blue-500 via-purple-500 to-pink-500 md:hidden"[39m
            [36m/>[39m
            [36m<div[39m
              [33mclass[39m=[32m"space-y-16 md:space-y-12"[39m
            [36m>[39m
              [36m<div[39m
                [33mdata-testid[39m=[32m"timeline-item-1"[39m
              [36m>[39m
                [0mSenior Developer[0m
              [36m</div>[39m
              [36m<div[39m
                [33mdata-testid[39m=[32m"timeline-item-2"[39m
              [36m>[39m
                [0mE-commerce Platform[0m
              [36m</div>[39m
              [36m<div[39m
                [33mdata-testid[39m=[32m"timeline-item-3"[39m
              [36m>[39m
                [0mConsultant[0m
              [36m</div>[39m
            [36m</div>[39m
          [36m</div>[39m
          [36m<div[39m
            [33mclass[39m=[32m"mt-16 p-6 bg-gradient-to-r from-blue-50 to-purple-50 rounded-xl"[39m
          [36m>[39m
            [36m<div[39m
              [33mclass[39m=[32m"grid grid-cols-2 md:grid-cols-4 gap-4 text-center"[39m
            [36m>[39m
              [36m<div>[39m
                [36m<p[39m
                  [33mclass[39m=[32m"text-3xl font-bold text-blue-600"[39m
                [36m>[39m
                  [0m3[0m
                [36m</p>[39m
                [36m<p[39m
                  [33mclass[39m=[32m"text-sm text-gray-600"[39m
                [36m>[39m
                  [0mÉvénements[0m
                [36m</p>[39m
              [36m</div>[39m
              [36m<div>[39m
                [36m<p[39m
                  [33mclass[39m=[32m"text-3xl font-bold text-purple-600"[39m
                [36m>[39m
                  [0m2[0m
                [36m</p>[39m
                [36m<p[39m
                  [33mclass[39m=[32m"text-sm text-gray-600"[39m
                [36m>[39m
                  [0mExpériences[0m
                [36m</p>[39m
              [36m</div>[39m
              [36m<div>[39m
                [36m<p[39m
                  [33mclass[39m=[32m"text-3xl font-bold text-pink-600"[39m
                [36m>[39m
                  [0m1[0m
                [36m</p>[39m
                [36m<p[39m
                  [33mclass[39m=[32m"text-sm text-gray-600"[39m
                [36m>[39m
                  [0mProjets[0m
                [36m</p>[39m
              [36m</div>[39m
              [36m<div>[39m
                [36m<p[39m
                  [33mclass[39m=[32m"text-3xl font-bold text-indigo-600"[39m
                [36m>[39m
                  [0m3[0m
                [36m</p>[39m
                [36m<p[39m
                  [33mclass[39m=[32m"text-sm text-gray-600"[39m
                [36m>[39m
                  [0mCatégories[0m
                [36m</p>[39m
              [36m</div>[39m
            [36m</div>[39m
          [36m</div>[39m
        [36m</div>[39m
      [36m</div>[39m
    [36m</body>[39m

    [0m [90m 399 |[39m
     [90m 400 |[39m     [90m// Initial stats[39m
    [31m[1m>[22m[39m[90m 401 |[39m     expect(screen[33m.[39mgetByText([32m'3'[39m))[33m.[39mtoBeInTheDocument()[33m;[39m [90m// Total[39m
     [90m     |[39m                   [31m[1m^[22m[39m
     [90m 402 |[39m
     [90m 403 |[39m     [36mconst[39m applyFilterButton [33m=[39m screen[33m.[39mgetByText([32m'Apply Filter'[39m)[33m;[39m
     [90m 404 |[39m     fireEvent[33m.[39mclick(applyFilterButton)[33m;[39m[0m

      at Object.getElementError (node_modules/@testing-library/dom/dist/config.js:37:19)
      at getElementError (node_modules/@testing-library/dom/dist/query-helpers.js:20:35)
      at getMultipleElementsFoundError (node_modules/@testing-library/dom/dist/query-helpers.js:23:10)
      at node_modules/@testing-library/dom/dist/query-helpers.js:55:13
      at node_modules/@testing-library/dom/dist/query-helpers.js:95:19
      at Object.getByText (components/__tests__/TimelineView.test.tsx:401:19)

FAIL components/analytics/__tests__/LettersGenerated.test.tsx
  ● LettersGenerated › should render SVG chart

    expect(element).toHaveAttribute("viewBox", "0 0 400 150") // element.getAttribute("viewBox") === "0 0 400 150"

    Expected the element to have attribute:
      viewBox="0 0 400 150"
    Received:
      viewBox="0 0 24 24"

    Ignored nodes: comments, script, style
    [36m<html>[39m
      [36m<head />[39m
      [36m<body>[39m
        [36m<div>[39m
          [36m<div[39m
            [33mclass[39m=[32m"rounded-lg border bg-card p-6"[39m
          [36m>[39m
            [36m<div[39m
              [33mclass[39m=[32m"flex items-center justify-between mb-4"[39m
            [36m>[39m
              [36m<h2[39m
                [33mclass[39m=[32m"text-xl font-semibold flex items-center gap-2"[39m
              [36m>[39m
                [36m<svg[39m
                  [33mclass[39m=[32m"lucide lucide-file-text h-5 w-5"[39m
                  [33mfill[39m=[32m"none"[39m
                  [33mheight[39m=[32m"24"[39m
                  [33mstroke[39m=[32m"currentColor"[39m
                  [33mstroke-linecap[39m=[32m"round"[39m
                  [33mstroke-linejoin[39m=[32m"round"[39m
                  [33mstroke-width[39m=[32m"2"[39m
                  [33mviewBox[39m=[32m"0 0 24 24"[39m
                  [33mwidth[39m=[32m"24"[39m
                  [33mxmlns[39m=[32m"http://www.w3.org/2000/svg"[39m
                [36m>[39m
                  [36m<path[39m
                    [33md[39m=[32m"M14.5 2H6a2 2 0 0 0-2 2v16a2 2 0 0 0 2 2h12a2 2 0 0 0 2-2V7.5L14.5 2z"[39m
                  [36m/>[39m
                  [36m<polyline[39m
                    [33mpoints[39m=[32m"14 2 14 8 20 8"[39m
                  [36m/>[39m
                  [36m<line[39m
                    [33mx1[39m=[32m"16"[39m
                    [33mx2[39m=[32m"8"[39m
                    [33my1[39m=[32m"13"[39m
                    [33my2[39m=[32m"13"[39m
                  [36m/>[39m
                  [36m<line[39m
                    [33mx1[39m=[32m"16"[39m
                    [33mx2[39m=[32m"8"[39m
                    [33my1[39m=[32m"17"[39m
                    [33my2[39m=[32m"17"[39m
                  [36m/>[39m
                  [36m<line[39m
                    [33mx1[39m=[32m"10"[39m
                    [33mx2[39m=[32m"8"[39m
                    [33my1[39m=[32m"9"[39m
                    [33my2[39m=[32m"9"[39m
                  [36m/>[39m
                [36m</svg>[39m
                [0mLettres IA[0m
              [36m</h2>[39m
              [36m<div[39m
                [33mclass[39m=[32m"flex gap-1 bg-muted p-1 rounded-md"[39m
              [36m>[39m
                [36m<button[39m
                  [33mclass[39m=[32m"px-3 py-1 text-xs rounded transition-colors hover:bg-background"[39m
                [36m>[39m
                  [0mJour[0m
                [36m</button>[39m
                [36m<button[39m
                  [33mclass[39m=[32m"px-3 py-1 text-xs rounded transition-colors bg-primary text-primary-foreground"[39m
                [36m>[39m
                  [0mSemaine[0m
                [36m</button>[39m
                [36m<button[39m
                  [33mclass[39m=[32m"px-3 py-1 text-xs rounded transition-colors hover:bg-background"[39m
                [36m>[39m
                  [0mMois[0m
                [36m</button>[39m
              [36m</div>[39m
            [36m</div>[39m
            [36m<div[39m
              [33mclass[39m=[32m"mb-6 text-center"[39m
            [36m>[39m
              [36m<div[39m
                [33mclass[39m=[32m"text-3xl font-bold text-primary"[39m
              [36m>[39m
                [0m456[0m
              [36m</div>[39m
              [36m<div[39m
                [33mclass[39m=[32m"text-xs text-muted-foreground"[39m
              [36m>[39m
                [0mlettres générées au total[0m
              [36m</div>[39m
            [36m</div>[39m
            [36m<div[39m
              [33mclass[39m=[32m"h-48 relative"[39m
            [36m>[39m
              [36m<svg[39m
                [33mclass[39m=[32m"w-full h-full"[39m
                [33mpreserveAspectRatio[39m=[32m"none"[39m
                [33mviewBox[39m=[32m"0 0 400 150"[39m
              [36m>[39m
                [36m<line[39m
                  [33mopacity[39m=[32m"0.1"[39m
                  [33mstroke[39m=[32m"currentColor"[39m
                  [33mstroke-width[39m=[32m"0.5"[39m
                  [33mx1[39m=[32m"0"[39m
                  [33mx2[39m=[32m"400"[39m
                  [33my1[39m=[32m"0"[39m
                  [33my2[39m=[32m"0"[39m
                [36m/>[39m
                [36m<line[39m
                  [33mopacity[39m=[32m"0.1"[39m
                  [33mstroke[39m=[32m"currentColor"[39m
                  [33mstroke-width[39m=[32m"0.5"[39m
                  [33mx1[39m=[32m"0"[39m
                  [33mx2[39m=[32m"400"[39m
                  [33my1[39m=[32m"37.5"[39m
                  [33my2[39m=[32m"37.5"[39m
                [36m/>[39m
                [36m<line[39m
                  [33mopacity[39m=[32m"0.1"[39m
                  [33mstroke[39m=[32m"currentColor"[39m
                  [33mstroke-width[39m=[32m"0.5"[39m
                  [33mx1[39m=[32m"0"[39m
                  [33mx2[39m=[32m"400"[39m
                  [33my1[39m=[32m"75"[39m
                  [33my2[39m=[32m"75"[39m
                [36m/>[39m
                [36m<line[39m
                  [33mopacity[39m=[32m"0.1"[39m
                  [33mstroke[39m=[32m"currentColor"[39m
                  [33mstroke-width[39m=[32m"0.5"[39m
                  [33mx1[39m=[32m"0"[39m
                  [33mx2[39m=[32m"400"[39m
                  [33my1[39m=[32m"112.5"[39m
                  [33my2[39m=[32m"112.5"[39m
                [36m/>[39m
                [36m<line[39m
                  [33mopacity[39m=[32m"0.1"[39m
                  [33mstroke[39m=[32m"currentColor"[39m
                  [33mstroke-width[39m=[32m"0.5"[39m
                  [33mx1[39m=[32m"0"[39m
                  [33mx2[39m=[32m"400"[39m
                  [33my1[39m=[32m"150"[39m
                  [33my2[39m=[32m"150"[39m
                [36m/>[39m
                [36m<path[39m
                  [33md[39m=[32m"M 0 150 L 0 94 L 66.66666666666666 66 L 133.33333333333331 80 L 200 47.33333333333334 L 266.66666666666663 19.333333333333343 L 333.33333333333337 33.33333333333333 L 400 10 L 400 150 Z"[39m
                  [33mfill[39m=[32m"hsl(var(--primary))"[39m
                  [33mfill-opacity[39m=[32m"0.1"[39m
                [36m/>[39m
                [36m<polyline[39m
                  [33mfill[39m=[32m"none"[39m
                  [33mpoints[39m=[32m"0,94 66.66666666666666,66 133.33333333333331,80 200,47.33333333333334 266.66666666666663,19.333333333333343 333.33333333333337,33.33333333333333 400,10"[39m
                  [33mstroke[39m=[32m"hsl(var(--primary))"[39m
                  [33mstroke-width[39m=[32m"2"[39m
                [36m/>[39m
                [36m<circle[39m
                  [33mclass[39m=[32m"hover:r-5 transition-all"[39m
                  [33mcx[39m=[32m"0"[39m
                  [33mcy[39m=[32m"94"[39m
                  [33mfill[39m=[32m"hsl(var(--primary))"[39m
                  [33mr[39m=[32m"3"[39m
                [36m/>[39m
                [36m<circle[39m
                  [33mclass[39m=[32m"hover:r-5 transition-all"[39m
                  [33mcx[39m=[32m"66.66666666666666"[39m
                  [33mcy[39m=[32m"66"[39m
                  [33mfill[39m=[32m"hsl(var(--primary))"[39m
                  [33mr[39m=[32m"3"[39m
                [36m/>[39m
                [36m<circle[39m
                  [33mclass[39m=[32m"hover:r-5 transition-all"[39m
                  [33mcx[39m=[32m"133.33333333333331"[39m
                  [33mcy[39m=[32m"80"[39m
                  [33mfill[39m=[32m"hsl(var(--primary))"[39m
                  [33mr[39m=[32m"3"[39m
                [36m/>[39m
                [36m<circle[39m
                  [33mclass[39m=[32m"hover:r-5 transition-all"[39m
                  [33mcx[39m=[32m"200"[39m
                  [33mcy[39m=[32m"47.33333333333334"[39m
                  [33mfill[39m=[32m"hsl(var(--primary))"[39m
                  [33mr[39m=[32m"3"[39m
                [36m/>[39m
                [36m<circle[39m
                  [33mclass[39m=[32m"hover:r-5 transition-all"[39m
                  [33mcx[39m=[32m"266.66666666666663"[39m
                  [33mcy[39m=[32m"19.333333333333343"[39m
                  [33mfill[39m=[32m"hsl(var(--primary))"[39m
                  [33mr[39m=[32m"3"[39m
                [36m/>[39m
                [36m<circle[39m
                  [33mclass[39m=[32m"hover:r-5 transition-all"[39m
                  [33mcx[39m=[32m"333.33333333333337"[39m
                  [33mcy[39m=[32m"33.33333333333333"[39m
                  [33mfill[39m=[32m"hsl(var(--primary))"[39m
                  [33mr[39m=[32m"3"[39m
                [36m/>[39m
                [36m<circle[39m
                  [33mclass[39m=[32m"hover:r-5 transition-all"[39m
                  [33mcx[39m=[32m"400"[39m
                  [33mcy[39m=[32m"10"[39m
                  [33mfill[39m=[32m"hsl(var(--primary))"[39m
                  [33mr[39m=[32m"3"[39m
                [36m/>[39m
              [36m</svg>[39m
            [36m</div>[39m
            [36m<div[39m
              [33mclass[39m=[32m"flex justify-between mt-2 text-xs text-muted-foreground"[39m
            [36m>[39m
              [36m<span>[39m
                [0m01 déc.[0m
              [36m</span>[39m
              [36m<span>[39m
                [0m04 déc.[0m
              [36m</span>[39m
              [36m<span>[39m
                [0m07 déc.[0m
              [36m</span>[39m
            [36m</div>[39m
            [36m<div[39m
              [33mclass[39m=[32m"text-xs text-muted-foreground text-center mt-4"[39m
            [36m>[39m
              [0mÉvolution sur [0m
              [0m7 jours[0m
            [36m</div>[39m
          [36m</div>[39m
        [36m</div>[39m
      [36m</body>[39m
    [36m</html>[39m

    [0m [90m 164 |[39m       [36mconst[39m svg [33m=[39m container[33m.[39mquerySelector([32m'svg'[39m)[33m;[39m
     [90m 165 |[39m       expect(svg)[33m.[39mtoBeInTheDocument()[33m;[39m
    [31m[1m>[22m[39m[90m 166 |[39m       expect(svg)[33m.[39mtoHaveAttribute([32m'viewBox'[39m[33m,[39m [32m'0 0 400 150'[39m)[33m;[39m
     [90m     |[39m                   [31m[1m^[22m[39m
     [90m 167 |[39m     })[33m;[39m
     [90m 168 |[39m   })[33m;[39m
     [90m 169 |[39m[0m

      at toHaveAttribute (components/analytics/__tests__/LettersGenerated.test.tsx:166:19)
      at runWithExpensiveErrorDiagnosticsDisabled (node_modules/@testing-library/dom/dist/config.js:47:12)
      at checkCallback (node_modules/@testing-library/dom/dist/wait-for.js:124:77)
      at node_modules/@testing-library/dom/dist/wait-for.js:82:9

  ● LettersGenerated › should render grid lines in chart

    expect(received).toBe(expected) // Object.is equality

    Expected: 5
    Received: 8

    Ignored nodes: comments, script, style
    [36m<html>[39m
      [36m<head />[39m
      [36m<body>[39m
        [36m<div>[39m
          [36m<div[39m
            [33mclass[39m=[32m"rounded-lg border bg-card p-6"[39m
          [36m>[39m
            [36m<div[39m
              [33mclass[39m=[32m"flex items-center justify-between mb-4"[39m
            [36m>[39m
              [36m<h2[39m
                [33mclass[39m=[32m"text-xl font-semibold flex items-center gap-2"[39m
              [36m>[39m
                [36m<svg[39m
                  [33mclass[39m=[32m"lucide lucide-file-text h-5 w-5"[39m
                  [33mfill[39m=[32m"none"[39m
                  [33mheight[39m=[32m"24"[39m
                  [33mstroke[39m=[32m"currentColor"[39m
                  [33mstroke-linecap[39m=[32m"round"[39m
                  [33mstroke-linejoin[39m=[32m"round"[39m
                  [33mstroke-width[39m=[32m"2"[39m
                  [33mviewBox[39m=[32m"0 0 24 24"[39m
                  [33mwidth[39m=[32m"24"[39m
                  [33mxmlns[39m=[32m"http://www.w3.org/2000/svg"[39m
                [36m>[39m
                  [36m<path[39m
                    [33md[39m=[32m"M14.5 2H6a2 2 0 0 0-2 2v16a2 2 0 0 0 2 2h12a2 2 0 0 0 2-2V7.5L14.5 2z"[39m
                  [36m/>[39m
                  [36m<polyline[39m
                    [33mpoints[39m=[32m"14 2 14 8 20 8"[39m
                  [36m/>[39m
                  [36m<line[39m
                    [33mx1[39m=[32m"16"[39m
                    [33mx2[39m=[32m"8"[39m
                    [33my1[39m=[32m"13"[39m
                    [33my2[39m=[32m"13"[39m
                  [36m/>[39m
                  [36m<line[39m
                    [33mx1[39m=[32m"16"[39m
                    [33mx2[39m=[32m"8"[39m
                    [33my1[39m=[32m"17"[39m
                    [33my2[39m=[32m"17"[39m
                  [36m/>[39m
                  [36m<line[39m
                    [33mx1[39m=[32m"10"[39m
                    [33mx2[39m=[32m"8"[39m
                    [33my1[39m=[32m"9"[39m
                    [33my2[39m=[32m"9"[39m
                  [36m/>[39m
                [36m</svg>[39m
                [0mLettres IA[0m
              [36m</h2>[39m
              [36m<div[39m
                [33mclass[39m=[32m"flex gap-1 bg-muted p-1 rounded-md"[39m
              [36m>[39m
                [36m<button[39m
                  [33mclass[39m=[32m"px-3 py-1 text-xs rounded transition-colors hover:bg-background"[39m
                [36m>[39m
                  [0mJour[0m
                [36m</button>[39m
                [36m<button[39m
                  [33mclass[39m=[32m"px-3 py-1 text-xs rounded transition-colors bg-primary text-primary-foreground"[39m
                [36m>[39m
                  [0mSemaine[0m
                [36m</button>[39m
                [36m<button[39m
                  [33mclass[39m=[32m"px-3 py-1 text-xs rounded transition-colors hover:bg-background"[39m
                [36m>[39m
                  [0mMois[0m
                [36m</button>[39m
              [36m</div>[39m
            [36m</div>[39m
            [36m<div[39m
              [33mclass[39m=[32m"mb-6 text-center"[39m
            [36m>[39m
              [36m<div[39m
                [33mclass[39m=[32m"text-3xl font-bold text-primary"[39m
              [36m>[39m
                [0m456[0m
              [36m</div>[39m
              [36m<div[39m
                [33mclass[39m=[32m"text-xs text-muted-foreground"[39m
              [36m>[39m
                [0mlettres générées au total[0m
              [36m</div>[39m
            [36m</div>[39m
            [36m<div[39m
              [33mclass[39m=[32m"h-48 relative"[39m
            [36m>[39m
              [36m<svg[39m
                [33mclass[39m=[32m"w-full h-full"[39m
                [33mpreserveAspectRatio[39m=[32m"none"[39m
                [33mviewBox[39m=[32m"0 0 400 150"[39m
              [36m>[39m
                [36m<line[39m
                  [33mopacity[39m=[32m"0.1"[39m
                  [33mstroke[39m=[32m"currentColor"[39m
                  [33mstroke-width[39m=[32m"0.5"[39m
                  [33mx1[39m=[32m"0"[39m
                  [33mx2[39m=[32m"400"[39m
                  [33my1[39m=[32m"0"[39m
                  [33my2[39m=[32m"0"[39m
                [36m/>[39m
                [36m<line[39m
                  [33mopacity[39m=[32m"0.1"[39m
                  [33mstroke[39m=[32m"currentColor"[39m
                  [33mstroke-width[39m=[32m"0.5"[39m
                  [33mx1[39m=[32m"0"[39m
                  [33mx2[39m=[32m"400"[39m
                  [33my1[39m=[32m"37.5"[39m
                  [33my2[39m=[32m"37.5"[39m
                [36m/>[39m
                [36m<line[39m
                  [33mopacity[39m=[32m"0.1"[39m
                  [33mstroke[39m=[32m"currentColor"[39m
                  [33mstroke-width[39m=[32m"0.5"[39m
                  [33mx1[39m=[32m"0"[39m
                  [33mx2[39m=[32m"400"[39m
                  [33my1[39m=[32m"75"[39m
                  [33my2[39m=[32m"75"[39m
                [36m/>[39m
                [36m<line[39m
                  [33mopacity[39m=[32m"0.1"[39m
                  [33mstroke[39m=[32m"currentColor"[39m
                  [33mstroke-width[39m=[32m"0.5"[39m
                  [33mx1[39m=[32m"0"[39m
                  [33mx2[39m=[32m"400"[39m
                  [33my1[39m=[32m"112.5"[39m
                  [33my2[39m=[32m"112.5"[39m
                [36m/>[39m
                [36m<line[39m
                  [33mopacity[39m=[32m"0.1"[39m
                  [33mstroke[39m=[32m"currentColor"[39m
                  [33mstroke-width[39m=[32m"0.5"[39m
                  [33mx1[39m=[32m"0"[39m
                  [33mx2[39m=[32m"400"[39m
                  [33my1[39m=[32m"150"[39m
                  [33my2[39m=[32m"150"[39m
                [36m/>[39m
                [36m<path[39m
                  [33md[39m=[32m"M 0 150 L 0 94 L 66.66666666666666 66 L 133.33333333333331 80 L 200 47.33333333333334 L 266.66666666666663 19.333333333333343 L 333.33333333333337 33.33333333333333 L 400 10 L 400 150 Z"[39m
                  [33mfill[39m=[32m"hsl(var(--primary))"[39m
                  [33mfill-opacity[39m=[32m"0.1"[39m
                [36m/>[39m
                [36m<polyline[39m
                  [33mfill[39m=[32m"none"[39m
                  [33mpoints[39m=[32m"0,94 66.66666666666666,66 133.33333333333331,80 200,47.33333333333334 266.66666666666663,19.333333333333343 333.33333333333337,33.33333333333333 400,10"[39m
                  [33mstroke[39m=[32m"hsl(var(--primary))"[39m
                  [33mstroke-width[39m=[32m"2"[39m
                [36m/>[39m
                [36m<circle[39m
                  [33mclass[39m=[32m"hover:r-5 transition-all"[39m
                  [33mcx[39m=[32m"0"[39m
                  [33mcy[39m=[32m"94"[39m
                  [33mfill[39m=[32m"hsl(var(--primary))"[39m
                  [33mr[39m=[32m"3"[39m
                [36m/>[39m
                [36m<circle[39m
                  [33mclass[39m=[32m"hover:r-5 transition-all"[39m
                  [33mcx[39m=[32m"66.66666666666666"[39m
                  [33mcy[39m=[32m"66"[39m
                  [33mfill[39m=[32m"hsl(var(--primary))"[39m
                  [33mr[39m=[32m"3"[39m
                [36m/>[39m
                [36m<circle[39m
                  [33mclass[39m=[32m"hover:r-5 transition-all"[39m
                  [33mcx[39m=[32m"133.33333333333331"[39m
                  [33mcy[39m=[32m"80"[39m
                  [33mfill[39m=[32m"hsl(var(--primary))"[39m
                  [33mr[39m=[32m"3"[39m
                [36m/>[39m
                [36m<circle[39m
                  [33mclass[39m=[32m"hover:r-5 transition-all"[39m
                  [33mcx[39m=[32m"200"[39m
                  [33mcy[39m=[32m"47.33333333333334"[39m
                  [33mfill[39m=[32m"hsl(var(--primary))"[39m
                  [33mr[39m=[32m"3"[39m
                [36m/>[39m
                [36m<circle[39m
                  [33mclass[39m=[32m"hover:r-5 transition-all"[39m
                  [33mcx[39m=[32m"266.66666666666663"[39m
                  [33mcy[39m=[32m"19.333333333333343"[39m
                  [33mfill[39m=[32m"hsl(var(--primary))"[39m
                  [33mr[39m=[32m"3"[39m
                [36m/>[39m
                [36m<circle[39m
                  [33mclass[39m=[32m"hover:r-5 transition-all"[39m
                  [33mcx[39m=[32m"333.33333333333337"[39m
                  [33mcy[39m=[32m"33.33333333333333"[39m
                  [33mfill[39m=[32m"hsl(var(--primary))"[39m
                  [33mr[39m=[32m"3"[39m
                [36m/>[39m
                [36m<circle[39m
                  [33mclass[39m=[32m"hover:r-5 transition-all"[39m
                  [33mcx[39m=[32m"400"[39m
                  [33mcy[39m=[32m"10"[39m
                  [33mfill[39m=[32m"hsl(var(--primary))"[39m
                  [33mr[39m=[32m"3"[39m
                [36m/>[39m
              [36m</svg>[39m
            [36m</div>[39m
            [36m<div[39m
              [33mclass[39m=[32m"flex justify-between mt-2 text-xs text-muted-foreground"[39m
            [36m>[39m
              [36m<span>[39m
                [0m01 déc.[0m
              [36m</span>[39m
              [36m<span>[39m
                [0m04 déc.[0m
              [36m</span>[39m
              [36m<span>[39m
                [0m07 déc.[0m
              [36m</span>[39m
            [36m</div>[39m
            [36m<div[39m
              [33mclass[39m=[32m"text-xs text-muted-foreground text-center mt-4"[39m
            [36m>[39m
              [0mÉvolution sur [0m
              [0m7 jours[0m
            [36m</div>[39m
          [36m</div>[39m
        [36m</div>[39m
      [36m</body>[39m
    [36m</html>[39m

    [0m [90m 178 |[39m     [36mawait[39m waitFor(() [33m=>[39m {
     [90m 179 |[39m       [36mconst[39m lines [33m=[39m container[33m.[39mquerySelectorAll([32m'line'[39m)[33m;[39m
    [31m[1m>[22m[39m[90m 180 |[39m       expect(lines[33m.[39mlength)[33m.[39mtoBe([35m5[39m)[33m;[39m [90m// 5 horizontal grid lines[39m
     [90m     |[39m                            [31m[1m^[22m[39m
     [90m 181 |[39m     })[33m;[39m
     [90m 182 |[39m   })[33m;[39m
     [90m 183 |[39m[0m

      at toBe (components/analytics/__tests__/LettersGenerated.test.tsx:180:28)
      at runWithExpensiveErrorDiagnosticsDisabled (node_modules/@testing-library/dom/dist/config.js:47:12)
      at checkCallback (node_modules/@testing-library/dom/dist/wait-for.js:124:77)
      at node_modules/@testing-library/dom/dist/wait-for.js:82:9

  ● LettersGenerated › should format dates in French locale

    Found multiple elements with the text: /\d{2}\s\w+/

    Here are the matching elements:

    Ignored nodes: comments, script, style
    [36m<span>[39m
      [0m01 déc.[0m
    [36m</span>[39m

    Ignored nodes: comments, script, style
    [36m<span>[39m
      [0m04 déc.[0m
    [36m</span>[39m

    Ignored nodes: comments, script, style
    [36m<span>[39m
      [0m07 déc.[0m
    [36m</span>[39m

    (If this is intentional, then use the `*AllBy*` variant of the query (like `queryAllByText`, `getAllByText`, or `findAllByText`)).

    Ignored nodes: comments, script, style
    [36m<body>[39m
      [36m<div>[39m
        [36m<div[39m
          [33mclass[39m=[32m"rounded-lg border bg-card p-6"[39m
        [36m>[39m
          [36m<div[39m
            [33mclass[39m=[32m"flex items-center justify-between mb-4"[39m
          [36m>[39m
            [36m<h2[39m
              [33mclass[39m=[32m"text-xl font-semibold flex items-center gap-2"[39m
            [36m>[39m
              [36m<svg[39m
                [33mclass[39m=[32m"lucide lucide-file-text h-5 w-5"[39m
                [33mfill[39m=[32m"none"[39m
                [33mheight[39m=[32m"24"[39m
                [33mstroke[39m=[32m"currentColor"[39m
                [33mstroke-linecap[39m=[32m"round"[39m
                [33mstroke-linejoin[39m=[32m"round"[39m
                [33mstroke-width[39m=[32m"2"[39m
                [33mviewBox[39m=[32m"0 0 24 24"[39m
                [33mwidth[39m=[32m"24"[39m
                [33mxmlns[39m=[32m"http://www.w3.org/2000/svg"[39m
              [36m>[39m
                [36m<path[39m
                  [33md[39m=[32m"M14.5 2H6a2 2 0 0 0-2 2v16a2 2 0 0 0 2 2h12a2 2 0 0 0 2-2V7.5L14.5 2z"[39m
                [36m/>[39m
                [36m<polyline[39m
                  [33mpoints[39m=[32m"14 2 14 8 20 8"[39m
                [36m/>[39m
                [36m<line[39m
                  [33mx1[39m=[32m"16"[39m
                  [33mx2[39m=[32m"8"[39m
                  [33my1[39m=[32m"13"[39m
                  [33my2[39m=[32m"13"[39m
                [36m/>[39m
                [36m<line[39m
                  [33mx1[39m=[32m"16"[39m
                  [33mx2[39m=[32m"8"[39m
                  [33my1[39m=[32m"17"[39m
                  [33my2[39m=[32m"17"[39m
                [36m/>[39m
                [36m<line[39m
                  [33mx1[39m=[32m"10"[39m
                  [33mx2[39m=[32m"8"[39m
                  [33my1[39m=[32m"9"[39m
                  [33my2[39m=[32m"9"[39m
                [36m/>[39m
              [36m</svg>[39m
              [0mLettres IA[0m
            [36m</h2>[39m
            [36m<div[39m
              [33mclass[39m=[32m"flex gap-1 bg-muted p-1 rounded-md"[39m
            [36m>[39m
              [36m<button[39m
                [33mclass[39m=[32m"px-3 py-1 text-xs rounded transition-colors hover:bg-background"[39m
              [36m>[39m
                [0mJour[0m
              [36m</button>[39m
              [36m<button[39m
                [33mclass[39m=[32m"px-3 py-1 text-xs rounded transition-colors bg-primary text-primary-foreground"[39m
              [36m>[39m
                [0mSemaine[0m
              [36m</button>[39m
              [36m<button[39m
                [33mclass[39m=[32m"px-3 py-1 text-xs rounded transition-colors hover:bg-background"[39m
              [36m>[39m
                [0mMois[0m
              [36m</button>[39m
            [36m</div>[39m
          [36m</div>[39m
          [36m<div[39m
            [33mclass[39m=[32m"mb-6 text-center"[39m
          [36m>[39m
            [36m<div[39m
              [33mclass[39m=[32m"text-3xl font-bold text-primary"[39m
            [36m>[39m
              [0m456[0m
            [36m</div>[39m
            [36m<div[39m
              [33mclass[39m=[32m"text-xs text-muted-foreground"[39m
            [36m>[39m
              [0mlettres générées au total[0m
            [36m</div>[39m
          [36m</div>[39m
          [36m<div[39m
            [33mclass[39m=[32m"h-48 relative"[39m
          [36m>[39m
            [36m<svg[39m
              [33mclass[39m=[32m"w-full h-full"[39m
              [33mpreserveAspectRatio[39m=[32m"none"[39m
              [33mviewBox[39m=[32m"0 0 400 150"[39m
            [36m>[39m
              [36m<line[39m
                [33mopacity[39m=[32m"0.1"[39m
                [33mstroke[39m=[32m"currentColor"[39m
                [33mstroke-width[39m=[32m"0.5"[39m
                [33mx1[39m=[32m"0"[39m
                [33mx2[39m=[32m"400"[39m
                [33my1[39m=[32m"0"[39m
                [33my2[39m=[32m"0"[39m
              [36m/>[39m
              [36m<line[39m
                [33mopacity[39m=[32m"0.1"[39m
                [33mstroke[39m=[32m"currentColor"[39m
                [33mstroke-width[39m=[32m"0.5"[39m
                [33mx1[39m=[32m"0"[39m
                [33mx2[39m=[32m"400"[39m
                [33my1[39m=[32m"37.5"[39m
                [33my2[39m=[32m"37.5"[39m
              [36m/>[39m
              [36m<line[39m
                [33mopacity[39m=[32m"0.1"[39m
                [33mstroke[39m=[32m"currentColor"[39m
                [33mstroke-width[39m=[32m"0.5"[39m
                [33mx1[39m=[32m"0"[39m
                [33mx2[39m=[32m"400"[39m
                [33my1[39m=[32m"75"[39m
                [33my2[39m=[32m"75"[39m
              [36m/>[39m
              [36m<line[39m
                [33mopacity[39m=[32m"0.1"[39m
                [33mstroke[39m=[32m"currentColor"[39m
                [33mstroke-width[39m=[32m"0.5"[39m
                [33mx1[39m=[32m"0"[39m
                [33mx2[39m=[32m"400"[39m
                [33my1[39m=[32m"112.5"[39m
                [33my2[39m=[32m"112.5"[39m
              [36m/>[39m
              [36m<line[39m
                [33mopacity[39m=[32m"0.1"[39m
                [33mstroke[39m=[32m"currentColor"[39m
                [33mstroke-width[39m=[32m"0.5"[39m
                [33mx1[39m=[32m"0"[39m
                [33mx2[39m=[32m"400"[39m
                [33my1[39m=[32m"150"[39m
                [33my2[39m=[32m"150"[39m
              [36m/>[39m
              [36m<path[39m
                [33md[39m=[32m"M 0 150 L 0 94 L 66.66666666666666 66 L 133.33333333333331 80 L 200 47.33333333333334 L 266.66666666666663 19.333333333333343 L 333.33333333333337 33.33333333333333 L 400 10 L 400 150 Z"[39m
                [33mfill[39m=[32m"hsl(var(--primary))"[39m
                [33mfill-opacity[39m=[32m"0.1"[39m
              [36m/>[39m
              [36m<polyline[39m
                [33mfill[39m=[32m"none"[39m
                [33mpoints[39m=[32m"0,94 66.66666666666666,66 133.33333333333331,80 200,47.33333333333334 266.66666666666663,19.333333333333343 333.33333333333337,33.33333333333333 400,10"[39m
                [33mstroke[39m=[32m"hsl(var(--primary))"[39m
                [33mstroke-width[39m=[32m"2"[39m
              [36m/>[39m
              [36m<circle[39m
                [33mclass[39m=[32m"hover:r-5 transition-all"[39m
                [33mcx[39m=[32m"0"[39m
                [33mcy[39m=[32m"94"[39m
                [33mfill[39m=[32m"hsl(var(--primary))"[39m
                [33mr[39m=[32m"3"[39m
              [36m/>[39m
              [36m<circle[39m
                [33mclass[39m=[32m"hover:r-5 transition-all"[39m
                [33mcx[39m=[32m"66.66666666666666"[39m
                [33mcy[39m=[32m"66"[39m
                [33mfill[39m=[32m"hsl(var(--primary))"[39m
                [33mr[39m=[32m"3"[39m
              [36m/>[39m
              [36m<circle[39m
                [33mclass[39m=[32m"hover:r-5 transition-all"[39m
                [33mcx[39m=[32m"133.33333333333331"[39m
                [33mcy[39m=[32m"80"[39m
                [33mfill[39m=[32m"hsl(var(--primary))"[39m
                [33mr[39m=[32m"3"[39m
              [36m/>[39m
              [36m<circle[39m
                [33mclass[39m=[32m"hover:r-5 transition-all"[39m
                [33mcx[39m=[32m"200"[39m
                [33mcy[39m=[32m"47.33333333333334"[39m
                [33mfill[39m=[32m"hsl(var(--primary))"[39m
                [33mr[39m=[32m"3"[39m
              [36m/>[39m
              [36m<circle[39m
                [33mclass[39m=[32m"hover:r-5 transition-all"[39m
                [33mcx[39m=[32m"266.66666666666663"[39m
                [33mcy[39m=[32m"19.333333333333343"[39m
                [33mfill[39m=[32m"hsl(var(--primary))"[39m
                [33mr[39m=[32m"3"[39m
              [36m/>[39m
              [36m<circle[39m
                [33mclass[39m=[32m"hover:r-5 transition-all"[39m
                [33mcx[39m=[32m"333.33333333333337"[39m
                [33mcy[39m=[32m"33.33333333333333"[39m
                [33mfill[39m=[32m"hsl(var(--primary))"[39m
                [33mr[39m=[32m"3"[39m
              [36m/>[39m
              [36m<circle[39m
                [33mclass[39m=[32m"hover:r-5 transition-all"[39m
                [33mcx[39m=[32m"400"[39m
                [33mcy[39m=[32m"10"[39m
                [33mfill[39m=[32m"hsl(var(--primary))"[39m
                [33mr[39m=[32m"3"[39m
              [36m/>[39m
            [36m</svg>[39m
          [36m</div>[39m
          [36m<div[39m
            [33mclass[39m=[32m"flex justify-between mt-2 text-xs text-muted-foreground"[39m
          [36m>[39m
            [36m<span>[39m
              [0m01 déc.[0m
            [36m</span>[39m
            [36m<span>[39m
              [0m04 déc.[0m
            [36m</span>[39m
            [36m<span>[39m
              [0m07 déc.[0m
            [36m</span>[39m
          [36m</div>[39m
          [36m<div[39m
            [33mclass[39m=[32m"text-xs text-muted-foreground text-center mt-4"[39m
          [36m>[39m
            [0mÉvolution sur [0m
            [0m7 jours[0m
          [36m</div>[39m
        [36m</div>[39m
      [36m</div>[39m
    [36m</body>[39m

    [0m [90m 247 |[39m     render([33m<[39m[33mLettersGenerated[39m [33m/[39m[33m>[39m)[33m;[39m
     [90m 248 |[39m
    [31m[1m>[22m[39m[90m 249 |[39m     [36mawait[39m waitFor(() [33m=>[39m {
     [90m     |[39m                  [31m[1m^[22m[39m
     [90m 250 |[39m       [90m// French month abbreviations[39m
     [90m 251 |[39m       [36mconst[39m dateText [33m=[39m screen[33m.[39mgetByText([35m/\d{2}\s\w+/[39m)[33m;[39m
     [90m 252 |[39m       expect(dateText)[33m.[39mtoBeInTheDocument()[33m;[39m[0m

      at waitForWrapper (node_modules/@testing-library/dom/dist/wait-for.js:163:27)
      at Object.<anonymous> (components/analytics/__tests__/LettersGenerated.test.tsx:249:18)

  ● LettersGenerated › should refetch when period changes

    TestingLibraryElementError: Unable to find an element with the text: Mois. This could be because the text is broken up by multiple elements. In this case, you can provide a function for your text matcher to make your matcher more flexible.

    Ignored nodes: comments, script, style
    [36m<body>[39m
      [36m<div>[39m
        [36m<div[39m
          [33mclass[39m=[32m"rounded-lg border bg-card p-6 animate-pulse h-80"[39m
        [36m>[39m
          [36m<div[39m
            [33mclass[39m=[32m"h-6 bg-muted rounded w-1/2 mb-4"[39m
          [36m/>[39m
          [36m<div[39m
            [33mclass[39m=[32m"h-48 bg-muted rounded"[39m
          [36m/>[39m
        [36m</div>[39m
      [36m</div>[39m
    [36m</body>[39m

    [0m [90m 419 |[39m
     [90m 420 |[39m     [90m// Change period[39m
    [31m[1m>[22m[39m[90m 421 |[39m     fireEvent[33m.[39mclick(screen[33m.[39mgetByText([32m'Mois'[39m))[33m;[39m
     [90m     |[39m                            [31m[1m^[22m[39m
     [90m 422 |[39m
     [90m 423 |[39m     [36mawait[39m waitFor(() [33m=>[39m {
     [90m 424 |[39m       expect(global[33m.[39mfetch)[33m.[39mtoHaveBeenCalledWith([0m

      at Object.getElementError (node_modules/@testing-library/dom/dist/config.js:37:19)
      at node_modules/@testing-library/dom/dist/query-helpers.js:76:38
      at node_modules/@testing-library/dom/dist/query-helpers.js:52:17
      at node_modules/@testing-library/dom/dist/query-helpers.js:95:19
      at Object.getByText (components/analytics/__tests__/LettersGenerated.test.tsx:421:28)

FAIL components/__tests__/TimelineFilters.test.tsx
  ● TimelineFilters › should toggle period picker visibility

    TestingLibraryElementError: Found a label with the text of: /de :/i, however no form control was found associated to that label. Make sure you're using the "for" attribute or "aria-labelledby" attribute correctly.

    Ignored nodes: comments, script, style
    [36m<body>[39m
      [36m<div>[39m
        [36m<div[39m
          [33mclass[39m=[32m"mb-8"[39m
        [36m>[39m
          [36m<div[39m
            [33mclass[39m=[32m"flex items-center gap-2 mb-4"[39m
          [36m>[39m
            [36m<svg[39m
              [33mdata-testid[39m=[32m"filter-icon"[39m
            [36m/>[39m
            [36m<h3[39m
              [33mclass[39m=[32m"text-lg font-semibold text-gray-900 dark:text-white"[39m
            [36m>[39m
              [0mFiltres[0m
            [36m</h3>[39m
          [36m</div>[39m
          [36m<div[39m
            [33mclass[39m=[32m"mb-4"[39m
          [36m>[39m
            [36m<p[39m
              [33mclass[39m=[32m"text-sm text-gray-600 dark:text-gray-400 mb-2"[39m
            [36m>[39m
              [0mType :[0m
            [36m</p>[39m
            [36m<div[39m
              [33mclass[39m=[32m"flex flex-wrap gap-2"[39m
            [36m>[39m
              [36m<button[39m
                [33mclass[39m=[32m"px-4 py-2 rounded-full text-sm font-medium transition-all bg-blue-500 text-white shadow-md"[39m
              [36m>[39m
                [0mTous[0m
              [36m</button>[39m
              [36m<button[39m
                [33mclass[39m=[32m"px-4 py-2 rounded-full text-sm font-medium transition-all bg-gray-200 dark:bg-gray-700 text-gray-700 dark:text-gray-300 hover:bg-gray-300 dark:hover:bg-gray-600"[39m
              [36m>[39m
                [0mExpériences[0m
              [36m</button>[39m
              [36m<button[39m
                [33mclass[39m=[32m"px-4 py-2 rounded-full text-sm font-medium transition-all bg-gray-200 dark:bg-gray-700 text-gray-700 dark:text-gray-300 hover:bg-gray-300 dark:hover:bg-gray-600"[39m
              [36m>[39m
                [0mProjets[0m
              [36m</button>[39m
            [36m</div>[39m
          [36m</div>[39m
          [36m<div[39m
            [33mclass[39m=[32m"mb-4"[39m
          [36m>[39m
            [36m<p[39m
              [33mclass[39m=[32m"text-sm text-gray-600 dark:text-gray-400 mb-2"[39m
            [36m>[39m
              [0mCatégorie :[0m
            [36m</p>[39m
            [36m<div[39m
              [33mclass[39m=[32m"flex flex-wrap gap-2"[39m
            [36m>[39m
              [36m<button[39m
                [33mclass[39m=[32m"px-4 py-2 rounded-full text-sm font-medium transition-all bg-gray-200 dark:bg-gray-700 text-gray-700 dark:text-gray-300 hover:bg-gray-300 dark:hover:bg-gray-600"[39m
              [36m>[39m
                [0mBackend[0m
              [36m</button>[39m
              [36m<button[39m
                [33mclass[39m=[32m"px-4 py-2 rounded-full text-sm font-medium transition-all bg-gray-200 dark:bg-gray-700 text-gray-700 dark:text-gray-300 hover:bg-gray-300 dark:hover:bg-gray-600"[39m
              [36m>[39m
                [0mFrontend[0m
              [36m</button>[39m
              [36m<button[39m
                [33mclass[39m=[32m"px-4 py-2 rounded-full text-sm font-medium transition-all bg-gray-200 dark:bg-gray-700 text-gray-700 dark:text-gray-300 hover:bg-gray-300 dark:hover:bg-gray-600"[39m
              [36m>[39m
                [0mDevOps[0m
              [36m</button>[39m
              [36m<button[39m
                [33mclass[39m=[32m"px-4 py-2 rounded-full text-sm font-medium transition-all bg-gray-200 dark:bg-gray-700 text-gray-700 dark:text-gray-300 hover:bg-gray-300 dark:hover:bg-gray-600"[39m
              [36m>[39m
                [0mMobile[0m
              [36m</button>[39m
            [36m</div>[39m
          [36m</div>[39m
          [36m<div>[39m
            [36m<button[39m
              [33mclass[39m=[32m"flex items-center gap-2 text-sm text-gray-600 dark:text-gray-400 hover:text-gray-900 dark:hover:text-white transition-colors"[39m
            [36m>[39m
              [36m<svg[39m
                [33mdata-testid[39m=[32m"calendar-icon"[39m
              [36m/>[39m
              [0mFiltrer par période[0m
            [36m</button>[39m
            [36m<div[39m
              [33mclass[39m=[32m"mt-3 p-4 bg-gray-50 dark:bg-gray-800 rounded-lg"[39m
            [36m>[39m
              [36m<div[39m
                [33mclass[39m=[32m"grid grid-cols-1 md:grid-cols-2 gap-4"[39m
              [36m>[39m
                [36m<div>[39m
                  [36m<label[39m
                    [33mclass[39m=[32m"block text-sm font-medium text-gray-700 dark:text-gray-300 mb-1"[39m
                  [36m>[39m
                    [0mDe :[0m
                  [36m</label>[39m
                  [36m<input[39m
                    [33mclass[39m=[32m"w-full px-3 py-2 border border-gray-300 dark:border-gray-600 rounded-lg bg-white dark:bg-gray-900 text-gray-900 dark:text-white focus:ring-2 focus:ring-blue-500 focus:border-transparent"[39m
                    [33mtype[39m=[32m"date"[39m
                    [33mvalue[39m=[32m""[39m
                  [36m/>[39m
                [36m</div>[39m
                [36m<div>[39m
                  [36m<label[39m
                    [33mclass[39m=[32m"block text-sm font-medium text-gray-700 dark:text-gray-300 mb-1"[39m
                  [36m>[39m
                    [0mÀ :[0m
                  [36m</label>[39m
                  [36m<input[39m
                    [33mclass[39m=[32m"w-full px-3 py-2 border border-gray-300 dark:border-gray-600 rounded-lg bg-white dark:bg-gray-900 text-gray-900 dark:text-white focus:ring-2 focus:ring-blue-500 focus:border-transparent"[39m
                    [33mtype[39m=[32m"date"[39m
                    [33mvalue[39m=[32m""[39m
                  [36m/>[39m
                [36m</div>[39m
              [36m</div>[39m
              [36m<div[39m
                [33mclass[39m=[32m"flex gap-2 mt-4"[39m
              [36m>[39m
                [36m<button[39m
                  [33mclass[39m=[32m"px-4 py-2 bg-blue-500 text-white rounded-lg hover:bg-blue-600 disabled:bg-gray-400 disabled:cursor-not-allowed transition-colors"[39m
                  [33mdisabled[39m=[32m""[39m
                [36m>[39m
                  [0mAppliquer[0m
                [36m</button>[39m
                [36m<button[39m
                  [33mclass[39m=[32m"px-4 py-2 bg-gray-200 dark:bg-gray-700 text-gray-700 dark:text-gray-300 rounded-lg hover:bg-gray-300 dark:hover:bg-gray-600 transition-colors"[39m
                [36m>[39m
                  [0mEffacer[0m
                [36m</button>[39m
              [36m</div>[39m
            [36m</div>[39m
          [36m</div>[39m
        [36m</div>[39m
      [36m</div>[39m
    [36m</body>[39m

    [0m [90m 233 |[39m     fireEvent[33m.[39mclick(periodButton)[33m;[39m
     [90m 234 |[39m
    [31m[1m>[22m[39m[90m 235 |[39m     expect(screen[33m.[39mgetByLabelText([35m/de :/i[39m))[33m.[39mtoBeInTheDocument()[33m;[39m
     [90m     |[39m                   [31m[1m^[22m[39m
     [90m 236 |[39m     expect(screen[33m.[39mgetByLabelText([35m/à :/i[39m))[33m.[39mtoBeInTheDocument()[33m;[39m
     [90m 237 |[39m   })[33m;[39m
     [90m 238 |[39m[0m

      at Object.getElementError (node_modules/@testing-library/dom/dist/config.js:37:19)
      at getAllByLabelText (node_modules/@testing-library/dom/dist/queries/label-text.js:108:40)
      at node_modules/@testing-library/dom/dist/query-helpers.js:52:17
      at node_modules/@testing-library/dom/dist/query-helpers.js:95:19
      at Object.getByLabelText (components/__tests__/TimelineFilters.test.tsx:235:19)

  ● TimelineFilters › should apply period filter

    TestingLibraryElementError: Found a label with the text of: /de :/i, however no form control was found associated to that label. Make sure you're using the "for" attribute or "aria-labelledby" attribute correctly.

    Ignored nodes: comments, script, style
    [36m<body>[39m
      [36m<div>[39m
        [36m<div[39m
          [33mclass[39m=[32m"mb-8"[39m
        [36m>[39m
          [36m<div[39m
            [33mclass[39m=[32m"flex items-center gap-2 mb-4"[39m
          [36m>[39m
            [36m<svg[39m
              [33mdata-testid[39m=[32m"filter-icon"[39m
            [36m/>[39m
            [36m<h3[39m
              [33mclass[39m=[32m"text-lg font-semibold text-gray-900 dark:text-white"[39m
            [36m>[39m
              [0mFiltres[0m
            [36m</h3>[39m
          [36m</div>[39m
          [36m<div[39m
            [33mclass[39m=[32m"mb-4"[39m
          [36m>[39m
            [36m<p[39m
              [33mclass[39m=[32m"text-sm text-gray-600 dark:text-gray-400 mb-2"[39m
            [36m>[39m
              [0mType :[0m
            [36m</p>[39m
            [36m<div[39m
              [33mclass[39m=[32m"flex flex-wrap gap-2"[39m
            [36m>[39m
              [36m<button[39m
                [33mclass[39m=[32m"px-4 py-2 rounded-full text-sm font-medium transition-all bg-blue-500 text-white shadow-md"[39m
              [36m>[39m
                [0mTous[0m
              [36m</button>[39m
              [36m<button[39m
                [33mclass[39m=[32m"px-4 py-2 rounded-full text-sm font-medium transition-all bg-gray-200 dark:bg-gray-700 text-gray-700 dark:text-gray-300 hover:bg-gray-300 dark:hover:bg-gray-600"[39m
              [36m>[39m
                [0mExpériences[0m
              [36m</button>[39m
              [36m<button[39m
                [33mclass[39m=[32m"px-4 py-2 rounded-full text-sm font-medium transition-all bg-gray-200 dark:bg-gray-700 text-gray-700 dark:text-gray-300 hover:bg-gray-300 dark:hover:bg-gray-600"[39m
              [36m>[39m
                [0mProjets[0m
              [36m</button>[39m
            [36m</div>[39m
          [36m</div>[39m
          [36m<div[39m
            [33mclass[39m=[32m"mb-4"[39m
          [36m>[39m
            [36m<p[39m
              [33mclass[39m=[32m"text-sm text-gray-600 dark:text-gray-400 mb-2"[39m
            [36m>[39m
              [0mCatégorie :[0m
            [36m</p>[39m
            [36m<div[39m
              [33mclass[39m=[32m"flex flex-wrap gap-2"[39m
            [36m>[39m
              [36m<button[39m
                [33mclass[39m=[32m"px-4 py-2 rounded-full text-sm font-medium transition-all bg-gray-200 dark:bg-gray-700 text-gray-700 dark:text-gray-300 hover:bg-gray-300 dark:hover:bg-gray-600"[39m
              [36m>[39m
                [0mBackend[0m
              [36m</button>[39m
              [36m<button[39m
                [33mclass[39m=[32m"px-4 py-2 rounded-full text-sm font-medium transition-all bg-gray-200 dark:bg-gray-700 text-gray-700 dark:text-gray-300 hover:bg-gray-300 dark:hover:bg-gray-600"[39m
              [36m>[39m
                [0mFrontend[0m
              [36m</button>[39m
              [36m<button[39m
                [33mclass[39m=[32m"px-4 py-2 rounded-full text-sm font-medium transition-all bg-gray-200 dark:bg-gray-700 text-gray-700 dark:text-gray-300 hover:bg-gray-300 dark:hover:bg-gray-600"[39m
              [36m>[39m
                [0mDevOps[0m
              [36m</button>[39m
              [36m<button[39m
                [33mclass[39m=[32m"px-4 py-2 rounded-full text-sm font-medium transition-all bg-gray-200 dark:bg-gray-700 text-gray-700 dark:text-gray-300 hover:bg-gray-300 dark:hover:bg-gray-600"[39m
              [36m>[39m
                [0mMobile[0m
              [36m</button>[39m
            [36m</div>[39m
          [36m</div>[39m
          [36m<div>[39m
            [36m<button[39m
              [33mclass[39m=[32m"flex items-center gap-2 text-sm text-gray-600 dark:text-gray-400 hover:text-gray-900 dark:hover:text-white transition-colors"[39m
            [36m>[39m
              [36m<svg[39m
                [33mdata-testid[39m=[32m"calendar-icon"[39m
              [36m/>[39m
              [0mFiltrer par période[0m
            [36m</button>[39m
            [36m<div[39m
              [33mclass[39m=[32m"mt-3 p-4 bg-gray-50 dark:bg-gray-800 rounded-lg"[39m
            [36m>[39m
              [36m<div[39m
                [33mclass[39m=[32m"grid grid-cols-1 md:grid-cols-2 gap-4"[39m
              [36m>[39m
                [36m<div>[39m
                  [36m<label[39m
                    [33mclass[39m=[32m"block text-sm font-medium text-gray-700 dark:text-gray-300 mb-1"[39m
                  [36m>[39m
                    [0mDe :[0m
                  [36m</label>[39m
                  [36m<input[39m
                    [33mclass[39m=[32m"w-full px-3 py-2 border border-gray-300 dark:border-gray-600 rounded-lg bg-white dark:bg-gray-900 text-gray-900 dark:text-white focus:ring-2 focus:ring-blue-500 focus:border-transparent"[39m
                    [33mtype[39m=[32m"date"[39m
                    [33mvalue[39m=[32m""[39m
                  [36m/>[39m
                [36m</div>[39m
                [36m<div>[39m
                  [36m<label[39m
                    [33mclass[39m=[32m"block text-sm font-medium text-gray-700 dark:text-gray-300 mb-1"[39m
                  [36m>[39m
                    [0mÀ :[0m
                  [36m</label>[39m
                  [36m<input[39m
                    [33mclass[39m=[32m"w-full px-3 py-2 border border-gray-300 dark:border-gray-600 rounded-lg bg-white dark:bg-gray-900 text-gray-900 dark:text-white focus:ring-2 focus:ring-blue-500 focus:border-transparent"[39m
                    [33mtype[39m=[32m"date"[39m
                    [33mvalue[39m=[32m""[39m
                  [36m/>[39m
                [36m</div>[39m
              [36m</div>[39m
              [36m<div[39m
                [33mclass[39m=[32m"flex gap-2 mt-4"[39m
              [36m>[39m
                [36m<button[39m
                  [33mclass[39m=[32m"px-4 py-2 bg-blue-500 text-white rounded-lg hover:bg-blue-600 disabled:bg-gray-400 disabled:cursor-not-allowed transition-colors"[39m
                  [33mdisabled[39m=[32m""[39m
                [36m>[39m
                  [0mAppliquer[0m
                [36m</button>[39m
                [36m<button[39m
                  [33mclass[39m=[32m"px-4 py-2 bg-gray-200 dark:bg-gray-700 text-gray-700 dark:text-gray-300 rounded-lg hover:bg-gray-300 dark:hover:bg-gray-600 transition-colors"[39m
                [36m>[39m
                  [0mEffacer[0m
                [36m</button>[39m
              [36m</div>[39m
            [36m</div>[39m
          [36m</div>[39m
        [36m</div>[39m
      [36m</div>[39m
    [36m</body>[39m

    [0m [90m 275 |[39m
     [90m 276 |[39m     [90m// Set dates[39m
    [31m[1m>[22m[39m[90m 277 |[39m     [36mconst[39m fromInput [33m=[39m screen[33m.[39mgetByLabelText([35m/de :/i[39m)[33m;[39m
     [90m     |[39m                              [31m[1m^[22m[39m
     [90m 278 |[39m     [36mconst[39m toInput [33m=[39m screen[33m.[39mgetByLabelText([35m/à :/i[39m)[33m;[39m
     [90m 279 |[39m
     [90m 280 |[39m     fireEvent[33m.[39mchange(fromInput[33m,[39m { target[33m:[39m { value[33m:[39m [32m'2022-01-01'[39m } })[33m;[39m[0m

      at Object.getElementError (node_modules/@testing-library/dom/dist/config.js:37:19)
      at getAllByLabelText (node_modules/@testing-library/dom/dist/queries/label-text.js:108:40)
      at node_modules/@testing-library/dom/dist/query-helpers.js:52:17
      at node_modules/@testing-library/dom/dist/query-helpers.js:95:19
      at Object.getByLabelText (components/__tests__/TimelineFilters.test.tsx:277:30)

  ● TimelineFilters › should disable apply button when dates are incomplete

    TestingLibraryElementError: Found a label with the text of: /de :/i, however no form control was found associated to that label. Make sure you're using the "for" attribute or "aria-labelledby" attribute correctly.

    Ignored nodes: comments, script, style
    [36m<body>[39m
      [36m<div>[39m
        [36m<div[39m
          [33mclass[39m=[32m"mb-8"[39m
        [36m>[39m
          [36m<div[39m
            [33mclass[39m=[32m"flex items-center gap-2 mb-4"[39m
          [36m>[39m
            [36m<svg[39m
              [33mdata-testid[39m=[32m"filter-icon"[39m
            [36m/>[39m
            [36m<h3[39m
              [33mclass[39m=[32m"text-lg font-semibold text-gray-900 dark:text-white"[39m
            [36m>[39m
              [0mFiltres[0m
            [36m</h3>[39m
          [36m</div>[39m
          [36m<div[39m
            [33mclass[39m=[32m"mb-4"[39m
          [36m>[39m
            [36m<p[39m
              [33mclass[39m=[32m"text-sm text-gray-600 dark:text-gray-400 mb-2"[39m
            [36m>[39m
              [0mType :[0m
            [36m</p>[39m
            [36m<div[39m
              [33mclass[39m=[32m"flex flex-wrap gap-2"[39m
            [36m>[39m
              [36m<button[39m
                [33mclass[39m=[32m"px-4 py-2 rounded-full text-sm font-medium transition-all bg-blue-500 text-white shadow-md"[39m
              [36m>[39m
                [0mTous[0m
              [36m</button>[39m
              [36m<button[39m
                [33mclass[39m=[32m"px-4 py-2 rounded-full text-sm font-medium transition-all bg-gray-200 dark:bg-gray-700 text-gray-700 dark:text-gray-300 hover:bg-gray-300 dark:hover:bg-gray-600"[39m
              [36m>[39m
                [0mExpériences[0m
              [36m</button>[39m
              [36m<button[39m
                [33mclass[39m=[32m"px-4 py-2 rounded-full text-sm font-medium transition-all bg-gray-200 dark:bg-gray-700 text-gray-700 dark:text-gray-300 hover:bg-gray-300 dark:hover:bg-gray-600"[39m
              [36m>[39m
                [0mProjets[0m
              [36m</button>[39m
            [36m</div>[39m
          [36m</div>[39m
          [36m<div[39m
            [33mclass[39m=[32m"mb-4"[39m
          [36m>[39m
            [36m<p[39m
              [33mclass[39m=[32m"text-sm text-gray-600 dark:text-gray-400 mb-2"[39m
            [36m>[39m
              [0mCatégorie :[0m
            [36m</p>[39m
            [36m<div[39m
              [33mclass[39m=[32m"flex flex-wrap gap-2"[39m
            [36m>[39m
              [36m<button[39m
                [33mclass[39m=[32m"px-4 py-2 rounded-full text-sm font-medium transition-all bg-gray-200 dark:bg-gray-700 text-gray-700 dark:text-gray-300 hover:bg-gray-300 dark:hover:bg-gray-600"[39m
              [36m>[39m
                [0mBackend[0m
              [36m</button>[39m
              [36m<button[39m
                [33mclass[39m=[32m"px-4 py-2 rounded-full text-sm font-medium transition-all bg-gray-200 dark:bg-gray-700 text-gray-700 dark:text-gray-300 hover:bg-gray-300 dark:hover:bg-gray-600"[39m
              [36m>[39m
                [0mFrontend[0m
              [36m</button>[39m
              [36m<button[39m
                [33mclass[39m=[32m"px-4 py-2 rounded-full text-sm font-medium transition-all bg-gray-200 dark:bg-gray-700 text-gray-700 dark:text-gray-300 hover:bg-gray-300 dark:hover:bg-gray-600"[39m
              [36m>[39m
                [0mDevOps[0m
              [36m</button>[39m
              [36m<button[39m
                [33mclass[39m=[32m"px-4 py-2 rounded-full text-sm font-medium transition-all bg-gray-200 dark:bg-gray-700 text-gray-700 dark:text-gray-300 hover:bg-gray-300 dark:hover:bg-gray-600"[39m
              [36m>[39m
                [0mMobile[0m
              [36m</button>[39m
            [36m</div>[39m
          [36m</div>[39m
          [36m<div>[39m
            [36m<button[39m
              [33mclass[39m=[32m"flex items-center gap-2 text-sm text-gray-600 dark:text-gray-400 hover:text-gray-900 dark:hover:text-white transition-colors"[39m
            [36m>[39m
              [36m<svg[39m
                [33mdata-testid[39m=[32m"calendar-icon"[39m
              [36m/>[39m
              [0mFiltrer par période[0m
            [36m</button>[39m
            [36m<div[39m
              [33mclass[39m=[32m"mt-3 p-4 bg-gray-50 dark:bg-gray-800 rounded-lg"[39m
            [36m>[39m
              [36m<div[39m
                [33mclass[39m=[32m"grid grid-cols-1 md:grid-cols-2 gap-4"[39m
              [36m>[39m
                [36m<div>[39m
                  [36m<label[39m
                    [33mclass[39m=[32m"block text-sm font-medium text-gray-700 dark:text-gray-300 mb-1"[39m
                  [36m>[39m
                    [0mDe :[0m
                  [36m</label>[39m
                  [36m<input[39m
                    [33mclass[39m=[32m"w-full px-3 py-2 border border-gray-300 dark:border-gray-600 rounded-lg bg-white dark:bg-gray-900 text-gray-900 dark:text-white focus:ring-2 focus:ring-blue-500 focus:border-transparent"[39m
                    [33mtype[39m=[32m"date"[39m
                    [33mvalue[39m=[32m""[39m
                  [36m/>[39m
                [36m</div>[39m
                [36m<div>[39m
                  [36m<label[39m
                    [33mclass[39m=[32m"block text-sm font-medium text-gray-700 dark:text-gray-300 mb-1"[39m
                  [36m>[39m
                    [0mÀ :[0m
                  [36m</label>[39m
                  [36m<input[39m
                    [33mclass[39m=[32m"w-full px-3 py-2 border border-gray-300 dark:border-gray-600 rounded-lg bg-white dark:bg-gray-900 text-gray-900 dark:text-white focus:ring-2 focus:ring-blue-500 focus:border-transparent"[39m
                    [33mtype[39m=[32m"date"[39m
                    [33mvalue[39m=[32m""[39m
                  [36m/>[39m
                [36m</div>[39m
              [36m</div>[39m
              [36m<div[39m
                [33mclass[39m=[32m"flex gap-2 mt-4"[39m
              [36m>[39m
                [36m<button[39m
                  [33mclass[39m=[32m"px-4 py-2 bg-blue-500 text-white rounded-lg hover:bg-blue-600 disabled:bg-gray-400 disabled:cursor-not-allowed transition-colors"[39m
                  [33mdisabled[39m=[32m""[39m
                [36m>[39m
                  [0mAppliquer[0m
                [36m</button>[39m
                [36m<button[39m
                  [33mclass[39m=[32m"px-4 py-2 bg-gray-200 dark:bg-gray-700 text-gray-700 dark:text-gray-300 rounded-lg hover:bg-gray-300 dark:hover:bg-gray-600 transition-colors"[39m
                [36m>[39m
                  [0mEffacer[0m
                [36m</button>[39m
              [36m</div>[39m
            [36m</div>[39m
          [36m</div>[39m
        [36m</div>[39m
      [36m</div>[39m
    [36m</body>[39m

    [0m [90m 314 |[39m
     [90m 315 |[39m     [90m// Set only one date[39m
    [31m[1m>[22m[39m[90m 316 |[39m     [36mconst[39m fromInput [33m=[39m screen[33m.[39mgetByLabelText([35m/de :/i[39m)[33m;[39m
     [90m     |[39m                              [31m[1m^[22m[39m
     [90m 317 |[39m     fireEvent[33m.[39mchange(fromInput[33m,[39m { target[33m:[39m { value[33m:[39m [32m'2022-01-01'[39m } })[33m;[39m
     [90m 318 |[39m
     [90m 319 |[39m     expect(applyButton)[33m.[39mtoBeDisabled()[33m;[39m[0m

      at Object.getElementError (node_modules/@testing-library/dom/dist/config.js:37:19)
      at getAllByLabelText (node_modules/@testing-library/dom/dist/queries/label-text.js:108:40)
      at node_modules/@testing-library/dom/dist/query-helpers.js:52:17
      at node_modules/@testing-library/dom/dist/query-helpers.js:95:19
      at Object.getByLabelText (components/__tests__/TimelineFilters.test.tsx:316:30)

  ● TimelineFilters › should clear period filter

    TestingLibraryElementError: Found a label with the text of: /de :/i, however no form control was found associated to that label. Make sure you're using the "for" attribute or "aria-labelledby" attribute correctly.

    Ignored nodes: comments, script, style
    [36m<body>[39m
      [36m<div>[39m
        [36m<div[39m
          [33mclass[39m=[32m"mb-8"[39m
        [36m>[39m
          [36m<div[39m
            [33mclass[39m=[32m"flex items-center gap-2 mb-4"[39m
          [36m>[39m
            [36m<svg[39m
              [33mdata-testid[39m=[32m"filter-icon"[39m
            [36m/>[39m
            [36m<h3[39m
              [33mclass[39m=[32m"text-lg font-semibold text-gray-900 dark:text-white"[39m
            [36m>[39m
              [0mFiltres[0m
            [36m</h3>[39m
          [36m</div>[39m
          [36m<div[39m
            [33mclass[39m=[32m"mb-4"[39m
          [36m>[39m
            [36m<p[39m
              [33mclass[39m=[32m"text-sm text-gray-600 dark:text-gray-400 mb-2"[39m
            [36m>[39m
              [0mType :[0m
            [36m</p>[39m
            [36m<div[39m
              [33mclass[39m=[32m"flex flex-wrap gap-2"[39m
            [36m>[39m
              [36m<button[39m
                [33mclass[39m=[32m"px-4 py-2 rounded-full text-sm font-medium transition-all bg-blue-500 text-white shadow-md"[39m
              [36m>[39m
                [0mTous[0m
              [36m</button>[39m
              [36m<button[39m
                [33mclass[39m=[32m"px-4 py-2 rounded-full text-sm font-medium transition-all bg-gray-200 dark:bg-gray-700 text-gray-700 dark:text-gray-300 hover:bg-gray-300 dark:hover:bg-gray-600"[39m
              [36m>[39m
                [0mExpériences[0m
              [36m</button>[39m
              [36m<button[39m
                [33mclass[39m=[32m"px-4 py-2 rounded-full text-sm font-medium transition-all bg-gray-200 dark:bg-gray-700 text-gray-700 dark:text-gray-300 hover:bg-gray-300 dark:hover:bg-gray-600"[39m
              [36m>[39m
                [0mProjets[0m
              [36m</button>[39m
            [36m</div>[39m
          [36m</div>[39m
          [36m<div[39m
            [33mclass[39m=[32m"mb-4"[39m
          [36m>[39m
            [36m<p[39m
              [33mclass[39m=[32m"text-sm text-gray-600 dark:text-gray-400 mb-2"[39m
            [36m>[39m
              [0mCatégorie :[0m
            [36m</p>[39m
            [36m<div[39m
              [33mclass[39m=[32m"flex flex-wrap gap-2"[39m
            [36m>[39m
              [36m<button[39m
                [33mclass[39m=[32m"px-4 py-2 rounded-full text-sm font-medium transition-all bg-gray-200 dark:bg-gray-700 text-gray-700 dark:text-gray-300 hover:bg-gray-300 dark:hover:bg-gray-600"[39m
              [36m>[39m
                [0mBackend[0m
              [36m</button>[39m
              [36m<button[39m
                [33mclass[39m=[32m"px-4 py-2 rounded-full text-sm font-medium transition-all bg-gray-200 dark:bg-gray-700 text-gray-700 dark:text-gray-300 hover:bg-gray-300 dark:hover:bg-gray-600"[39m
              [36m>[39m
                [0mFrontend[0m
              [36m</button>[39m
              [36m<button[39m
                [33mclass[39m=[32m"px-4 py-2 rounded-full text-sm font-medium transition-all bg-gray-200 dark:bg-gray-700 text-gray-700 dark:text-gray-300 hover:bg-gray-300 dark:hover:bg-gray-600"[39m
              [36m>[39m
                [0mDevOps[0m
              [36m</button>[39m
              [36m<button[39m
                [33mclass[39m=[32m"px-4 py-2 rounded-full text-sm font-medium transition-all bg-gray-200 dark:bg-gray-700 text-gray-700 dark:text-gray-300 hover:bg-gray-300 dark:hover:bg-gray-600"[39m
              [36m>[39m
                [0mMobile[0m
              [36m</button>[39m
            [36m</div>[39m
          [36m</div>[39m
          [36m<div>[39m
            [36m<button[39m
              [33mclass[39m=[32m"flex items-center gap-2 text-sm text-gray-600 dark:text-gray-400 hover:text-gray-900 dark:hover:text-white transition-colors"[39m
            [36m>[39m
              [36m<svg[39m
                [33mdata-testid[39m=[32m"calendar-icon"[39m
              [36m/>[39m
              [0mFiltrer par période[0m
            [36m</button>[39m
            [36m<div[39m
              [33mclass[39m=[32m"mt-3 p-4 bg-gray-50 dark:bg-gray-800 rounded-lg"[39m
            [36m>[39m
              [36m<div[39m
                [33mclass[39m=[32m"grid grid-cols-1 md:grid-cols-2 gap-4"[39m
              [36m>[39m
                [36m<div>[39m
                  [36m<label[39m
                    [33mclass[39m=[32m"block text-sm font-medium text-gray-700 dark:text-gray-300 mb-1"[39m
                  [36m>[39m
                    [0mDe :[0m
                  [36m</label>[39m
                  [36m<input[39m
                    [33mclass[39m=[32m"w-full px-3 py-2 border border-gray-300 dark:border-gray-600 rounded-lg bg-white dark:bg-gray-900 text-gray-900 dark:text-white focus:ring-2 focus:ring-blue-500 focus:border-transparent"[39m
                    [33mtype[39m=[32m"date"[39m
                    [33mvalue[39m=[32m""[39m
                  [36m/>[39m
                [36m</div>[39m
                [36m<div>[39m
                  [36m<label[39m
                    [33mclass[39m=[32m"block text-sm font-medium text-gray-700 dark:text-gray-300 mb-1"[39m
                  [36m>[39m
                    [0mÀ :[0m
                  [36m</label>[39m
                  [36m<input[39m
                    [33mclass[39m=[32m"w-full px-3 py-2 border border-gray-300 dark:border-gray-600 rounded-lg bg-white dark:bg-gray-900 text-gray-900 dark:text-white focus:ring-2 focus:ring-blue-500 focus:border-transparent"[39m
                    [33mtype[39m=[32m"date"[39m
                    [33mvalue[39m=[32m""[39m
                  [36m/>[39m
                [36m</div>[39m
              [36m</div>[39m
              [36m<div[39m
                [33mclass[39m=[32m"flex gap-2 mt-4"[39m
              [36m>[39m
                [36m<button[39m
                  [33mclass[39m=[32m"px-4 py-2 bg-blue-500 text-white rounded-lg hover:bg-blue-600 disabled:bg-gray-400 disabled:cursor-not-allowed transition-colors"[39m
                  [33mdisabled[39m=[32m""[39m
                [36m>[39m
                  [0mAppliquer[0m
                [36m</button>[39m
                [36m<button[39m
                  [33mclass[39m=[32m"px-4 py-2 bg-gray-200 dark:bg-gray-700 text-gray-700 dark:text-gray-300 rounded-lg hover:bg-gray-300 dark:hover:bg-gray-600 transition-colors"[39m
                [36m>[39m
                  [0mEffacer[0m
                [36m</button>[39m
              [36m</div>[39m
            [36m</div>[39m
          [36m</div>[39m
        [36m</div>[39m
      [36m</div>[39m
    [36m</body>[39m

    [0m [90m 338 |[39m
     [90m 339 |[39m     [90m// Set dates[39m
    [31m[1m>[22m[39m[90m 340 |[39m     [36mconst[39m fromInput [33m=[39m screen[33m.[39mgetByLabelText([35m/de :/i[39m)[33m;[39m
     [90m     |[39m                              [31m[1m^[22m[39m
     [90m 341 |[39m     [36mconst[39m toInput [33m=[39m screen[33m.[39mgetByLabelText([35m/à :/i[39m)[33m;[39m
     [90m 342 |[39m
     [90m 343 |[39m     fireEvent[33m.[39mchange(fromInput[33m,[39m { target[33m:[39m { value[33m:[39m [32m'2022-01-01'[39m } })[33m;[39m[0m

      at Object.getElementError (node_modules/@testing-library/dom/dist/config.js:37:19)
      at getAllByLabelText (node_modules/@testing-library/dom/dist/queries/label-text.js:108:40)
      at node_modules/@testing-library/dom/dist/query-helpers.js:52:17
      at node_modules/@testing-library/dom/dist/query-helpers.js:95:19
      at Object.getByLabelText (components/__tests__/TimelineFilters.test.tsx:340:30)

  ● TimelineFilters › should update period button text when dates are selected

    TestingLibraryElementError: Found a label with the text of: /de :/i, however no form control was found associated to that label. Make sure you're using the "for" attribute or "aria-labelledby" attribute correctly.

    Ignored nodes: comments, script, style
    [36m<body>[39m
      [36m<div>[39m
        [36m<div[39m
          [33mclass[39m=[32m"mb-8"[39m
        [36m>[39m
          [36m<div[39m
            [33mclass[39m=[32m"flex items-center gap-2 mb-4"[39m
          [36m>[39m
            [36m<svg[39m
              [33mdata-testid[39m=[32m"filter-icon"[39m
            [36m/>[39m
            [36m<h3[39m
              [33mclass[39m=[32m"text-lg font-semibold text-gray-900 dark:text-white"[39m
            [36m>[39m
              [0mFiltres[0m
            [36m</h3>[39m
          [36m</div>[39m
          [36m<div[39m
            [33mclass[39m=[32m"mb-4"[39m
          [36m>[39m
            [36m<p[39m
              [33mclass[39m=[32m"text-sm text-gray-600 dark:text-gray-400 mb-2"[39m
            [36m>[39m
              [0mType :[0m
            [36m</p>[39m
            [36m<div[39m
              [33mclass[39m=[32m"flex flex-wrap gap-2"[39m
            [36m>[39m
              [36m<button[39m
                [33mclass[39m=[32m"px-4 py-2 rounded-full text-sm font-medium transition-all bg-blue-500 text-white shadow-md"[39m
              [36m>[39m
                [0mTous[0m
              [36m</button>[39m
              [36m<button[39m
                [33mclass[39m=[32m"px-4 py-2 rounded-full text-sm font-medium transition-all bg-gray-200 dark:bg-gray-700 text-gray-700 dark:text-gray-300 hover:bg-gray-300 dark:hover:bg-gray-600"[39m
              [36m>[39m
                [0mExpériences[0m
              [36m</button>[39m
              [36m<button[39m
                [33mclass[39m=[32m"px-4 py-2 rounded-full text-sm font-medium transition-all bg-gray-200 dark:bg-gray-700 text-gray-700 dark:text-gray-300 hover:bg-gray-300 dark:hover:bg-gray-600"[39m
              [36m>[39m
                [0mProjets[0m
              [36m</button>[39m
            [36m</div>[39m
          [36m</div>[39m
          [36m<div[39m
            [33mclass[39m=[32m"mb-4"[39m
          [36m>[39m
            [36m<p[39m
              [33mclass[39m=[32m"text-sm text-gray-600 dark:text-gray-400 mb-2"[39m
            [36m>[39m
              [0mCatégorie :[0m
            [36m</p>[39m
            [36m<div[39m
              [33mclass[39m=[32m"flex flex-wrap gap-2"[39m
            [36m>[39m
              [36m<button[39m
                [33mclass[39m=[32m"px-4 py-2 rounded-full text-sm font-medium transition-all bg-gray-200 dark:bg-gray-700 text-gray-700 dark:text-gray-300 hover:bg-gray-300 dark:hover:bg-gray-600"[39m
              [36m>[39m
                [0mBackend[0m
              [36m</button>[39m
              [36m<button[39m
                [33mclass[39m=[32m"px-4 py-2 rounded-full text-sm font-medium transition-all bg-gray-200 dark:bg-gray-700 text-gray-700 dark:text-gray-300 hover:bg-gray-300 dark:hover:bg-gray-600"[39m
              [36m>[39m
                [0mFrontend[0m
              [36m</button>[39m
              [36m<button[39m
                [33mclass[39m=[32m"px-4 py-2 rounded-full text-sm font-medium transition-all bg-gray-200 dark:bg-gray-700 text-gray-700 dark:text-gray-300 hover:bg-gray-300 dark:hover:bg-gray-600"[39m
              [36m>[39m
                [0mDevOps[0m
              [36m</button>[39m
              [36m<button[39m
                [33mclass[39m=[32m"px-4 py-2 rounded-full text-sm font-medium transition-all bg-gray-200 dark:bg-gray-700 text-gray-700 dark:text-gray-300 hover:bg-gray-300 dark:hover:bg-gray-600"[39m
              [36m>[39m
                [0mMobile[0m
              [36m</button>[39m
            [36m</div>[39m
          [36m</div>[39m
          [36m<div>[39m
            [36m<button[39m
              [33mclass[39m=[32m"flex items-center gap-2 text-sm text-gray-600 dark:text-gray-400 hover:text-gray-900 dark:hover:text-white transition-colors"[39m
            [36m>[39m
              [36m<svg[39m
                [33mdata-testid[39m=[32m"calendar-icon"[39m
              [36m/>[39m
              [0mFiltrer par période[0m
            [36m</button>[39m
            [36m<div[39m
              [33mclass[39m=[32m"mt-3 p-4 bg-gray-50 dark:bg-gray-800 rounded-lg"[39m
            [36m>[39m
              [36m<div[39m
                [33mclass[39m=[32m"grid grid-cols-1 md:grid-cols-2 gap-4"[39m
              [36m>[39m
                [36m<div>[39m
                  [36m<label[39m
                    [33mclass[39m=[32m"block text-sm font-medium text-gray-700 dark:text-gray-300 mb-1"[39m
                  [36m>[39m
                    [0mDe :[0m
                  [36m</label>[39m
                  [36m<input[39m
                    [33mclass[39m=[32m"w-full px-3 py-2 border border-gray-300 dark:border-gray-600 rounded-lg bg-white dark:bg-gray-900 text-gray-900 dark:text-white focus:ring-2 focus:ring-blue-500 focus:border-transparent"[39m
                    [33mtype[39m=[32m"date"[39m
                    [33mvalue[39m=[32m""[39m
                  [36m/>[39m
                [36m</div>[39m
                [36m<div>[39m
                  [36m<label[39m
                    [33mclass[39m=[32m"block text-sm font-medium text-gray-700 dark:text-gray-300 mb-1"[39m
                  [36m>[39m
                    [0mÀ :[0m
                  [36m</label>[39m
                  [36m<input[39m
                    [33mclass[39m=[32m"w-full px-3 py-2 border border-gray-300 dark:border-gray-600 rounded-lg bg-white dark:bg-gray-900 text-gray-900 dark:text-white focus:ring-2 focus:ring-blue-500 focus:border-transparent"[39m
                    [33mtype[39m=[32m"date"[39m
                    [33mvalue[39m=[32m""[39m
                  [36m/>[39m
                [36m</div>[39m
              [36m</div>[39m
              [36m<div[39m
                [33mclass[39m=[32m"flex gap-2 mt-4"[39m
              [36m>[39m
                [36m<button[39m
                  [33mclass[39m=[32m"px-4 py-2 bg-blue-500 text-white rounded-lg hover:bg-blue-600 disabled:bg-gray-400 disabled:cursor-not-allowed transition-colors"[39m
                  [33mdisabled[39m=[32m""[39m
                [36m>[39m
                  [0mAppliquer[0m
                [36m</button>[39m
                [36m<button[39m
                  [33mclass[39m=[32m"px-4 py-2 bg-gray-200 dark:bg-gray-700 text-gray-700 dark:text-gray-300 rounded-lg hover:bg-gray-300 dark:hover:bg-gray-600 transition-colors"[39m
                [36m>[39m
                  [0mEffacer[0m
                [36m</button>[39m
              [36m</div>[39m
            [36m</div>[39m
          [36m</div>[39m
        [36m</div>[39m
      [36m</div>[39m
    [36m</body>[39m

    [0m [90m 369 |[39m
     [90m 370 |[39m     [90m// Set dates[39m
    [31m[1m>[22m[39m[90m 371 |[39m     [36mconst[39m fromInput [33m=[39m screen[33m.[39mgetByLabelText([35m/de :/i[39m)[33m;[39m
     [90m     |[39m                              [31m[1m^[22m[39m
     [90m 372 |[39m     [36mconst[39m toInput [33m=[39m screen[33m.[39mgetByLabelText([35m/à :/i[39m)[33m;[39m
     [90m 373 |[39m
     [90m 374 |[39m     fireEvent[33m.[39mchange(fromInput[33m,[39m { target[33m:[39m { value[33m:[39m [32m'2022-01-01'[39m } })[33m;[39m[0m

      at Object.getElementError (node_modules/@testing-library/dom/dist/config.js:37:19)
      at getAllByLabelText (node_modules/@testing-library/dom/dist/queries/label-text.js:108:40)
      at node_modules/@testing-library/dom/dist/query-helpers.js:52:17
      at node_modules/@testing-library/dom/dist/query-helpers.js:95:19
      at Object.getByLabelText (components/__tests__/TimelineFilters.test.tsx:371:30)

FAIL components/analytics/__tests__/RealtimeVisitors.test.tsx
  ● RealtimeVisitors › should handle multiple WebSocket messages

    Unable to find an element with the text: 7. This could be because the text is broken up by multiple elements. In this case, you can provide a function for your text matcher to make your matcher more flexible.

    Ignored nodes: comments, script, style
    [36m<body>[39m
      [36m<div>[39m
        [36m<div[39m
          [33mclass[39m=[32m"rounded-lg border bg-card p-6"[39m
        [36m>[39m
          [36m<div[39m
            [33mclass[39m=[32m"flex items-center justify-between mb-4"[39m
          [36m>[39m
            [36m<h2[39m
              [33mclass[39m=[32m"text-xl font-semibold flex items-center gap-2"[39m
            [36m>[39m
              [36m<svg[39m
                [33mclass[39m=[32m"lucide lucide-activity h-5 w-5"[39m
                [33mfill[39m=[32m"none"[39m
                [33mheight[39m=[32m"24"[39m
                [33mstroke[39m=[32m"currentColor"[39m
                [33mstroke-linecap[39m=[32m"round"[39m
                [33mstroke-linejoin[39m=[32m"round"[39m
                [33mstroke-width[39m=[32m"2"[39m
                [33mviewBox[39m=[32m"0 0 24 24"[39m
                [33mwidth[39m=[32m"24"[39m
                [33mxmlns[39m=[32m"http://www.w3.org/2000/svg"[39m
              [36m>[39m
                [36m<path[39m
                  [33md[39m=[32m"M22 12h-4l-3 9L9 3l-3 9H2"[39m
                [36m/>[39m
              [36m</svg>[39m
              [0mVisiteurs Actuels[0m
            [36m</h2>[39m
            [36m<div[39m
              [33mclass[39m=[32m"flex items-center gap-2"[39m
            [36m>[39m
              [36m<div[39m
                [33mclass[39m=[32m"h-2 w-2 rounded-full bg-green-500 animate-pulse"[39m
              [36m/>[39m
              [36m<span[39m
                [33mclass[39m=[32m"text-xs text-muted-foreground"[39m
              [36m>[39m
                [0mEn ligne[0m
              [36m</span>[39m
            [36m</div>[39m
          [36m</div>[39m
          [36m<div[39m
            [33mclass[39m=[32m"flex items-center justify-center py-8"[39m
          [36m>[39m
            [36m<div[39m
              [33mclass[39m=[32m"text-center"[39m
            [36m>[39m
              [36m<div[39m
                [33mclass[39m=[32m"text-6xl font-bold text-primary"[39m
              [36m>[39m
                [0m6[0m
              [36m</div>[39m
              [36m<p[39m
                [33mclass[39m=[32m"text-sm text-muted-foreground mt-2"[39m
              [36m>[39m
                [0mpersonnes[0m
                [0m en ce moment[0m
              [36m</p>[39m
            [36m</div>[39m
          [36m</div>[39m
          [36m<div[39m
            [33mclass[39m=[32m"text-xs text-muted-foreground text-center"[39m
          [36m>[39m
            [0mMise à jour en temps réel via WebSocket[0m
          [36m</div>[39m
        [36m</div>[39m
      [36m</div>[39m
    [36m</body>[39m

    [0m [90m 157 |[39m     })[33m;[39m
     [90m 158 |[39m
    [31m[1m>[22m[39m[90m 159 |[39m     [36mawait[39m waitFor(() [33m=>[39m {
     [90m     |[39m                  [31m[1m^[22m[39m
     [90m 160 |[39m       expect(screen[33m.[39mgetByText([32m'7'[39m))[33m.[39mtoBeInTheDocument()[33m;[39m
     [90m 161 |[39m     })[33m;[39m
     [90m 162 |[39m   })[33m;[39m[0m

      at waitForWrapper (node_modules/@testing-library/dom/dist/wait-for.js:163:27)
      at Object.<anonymous> (components/analytics/__tests__/RealtimeVisitors.test.tsx:159:18)

FAIL hooks/__tests__/useGitHubSync.test.ts
  ● useGitHubSync › should fetch status on mount when username is provided

    expect(received).toBe(expected) // Object.is equality

    Expected: true
    Received: undefined

    [0m [90m 48 |[39m     })
     [90m 49 |[39m
    [31m[1m>[22m[39m[90m 50 |[39m     expect(result[33m.[39mcurrent[33m.[39mstatus[33m?[39m[33m.[39mconnected)[33m.[39mtoBe([36mtrue[39m)
     [90m    |[39m                                              [31m[1m^[22m[39m
     [90m 51 |[39m     expect(result[33m.[39mcurrent[33m.[39mstatus[33m?[39m[33m.[39musername)[33m.[39mtoBe([32m'testuser'[39m)
     [90m 52 |[39m     expect(result[33m.[39mcurrent[33m.[39mstate)[33m.[39mtoBe([32m'connected'[39m)
     [90m 53 |[39m     expect(result[33m.[39mcurrent[33m.[39merror)[33m.[39mtoBeNull()[0m

      at Object.toBe (hooks/__tests__/useGitHubSync.test.ts:50:46)

  ● useGitHubSync › should fetch repos when fetchRepos is called

    expect(received).toHaveLength(expected)

    Expected length: 1
    Received length: 0
    Received array:  []

    [0m [90m 115 |[39m     })
     [90m 116 |[39m
    [31m[1m>[22m[39m[90m 117 |[39m     expect(result[33m.[39mcurrent[33m.[39mrepos)[33m.[39mtoHaveLength([35m1[39m)
     [90m     |[39m                                  [31m[1m^[22m[39m
     [90m 118 |[39m     expect(result[33m.[39mcurrent[33m.[39mrepos[[35m0[39m][33m.[39mrepo_name)[33m.[39mtoBe([32m'test-repo'[39m)
     [90m 119 |[39m     expect(result[33m.[39mcurrent[33m.[39merror)[33m.[39mtoBeNull()
     [90m 120 |[39m   })[0m

      at Object.toHaveLength (hooks/__tests__/useGitHubSync.test.ts:117:34)

  ● useGitHubSync › should initiate GitHub OAuth connection

    expect(jest.fn()).toHaveBeenCalledWith(...expected)

    Expected: "https://github.com/login/oauth/authorize?client_id=test", "GitHub OAuth", Any<String>

    Number of calls: 0

    [0m [90m 161 |[39m     })
     [90m 162 |[39m
    [31m[1m>[22m[39m[90m 163 |[39m     expect(window[33m.[39mopen)[33m.[39mtoHaveBeenCalledWith(
     [90m     |[39m                         [31m[1m^[22m[39m
     [90m 164 |[39m       [32m'https://github.com/login/oauth/authorize?client_id=test'[39m[33m,[39m
     [90m 165 |[39m       [32m'GitHub OAuth'[39m[33m,[39m
     [90m 166 |[39m       expect[33m.[39many([33mString[39m)[0m

      at Object.toHaveBeenCalledWith (hooks/__tests__/useGitHubSync.test.ts:163:25)

  ● useGitHubSync › should sync GitHub repositories

    expect(received).toBe(expected) // Object.is equality

    Expected: "connected"
    Received: "error"

    Ignored nodes: comments, script, style
    [36m<html>[39m
      [36m<head />[39m
      [36m<body>[39m
        [36m<div />[39m
      [36m</body>[39m
    [36m</html>[39m

    [0m [90m 203 |[39m
     [90m 204 |[39m     [36mawait[39m waitFor(() [33m=>[39m {
    [31m[1m>[22m[39m[90m 205 |[39m       expect(result[33m.[39mcurrent[33m.[39mstate)[33m.[39mtoBe([32m'connected'[39m)
     [90m     |[39m                                    [31m[1m^[22m[39m
     [90m 206 |[39m     })
     [90m 207 |[39m
     [90m 208 |[39m     expect(result[33m.[39mcurrent[33m.[39merror)[33m.[39mtoBeNull()[0m

      at toBe (hooks/__tests__/useGitHubSync.test.ts:205:36)
      at runWithExpensiveErrorDiagnosticsDisabled (node_modules/@testing-library/dom/dist/config.js:47:12)
      at checkCallback (node_modules/@testing-library/dom/dist/wait-for.js:124:77)
      at node_modules/@testing-library/dom/dist/wait-for.js:82:9

  ● useGitHubSync › should disconnect GitHub account

    expect(received).toBe(expected) // Object.is equality

    Expected: "idle"
    Received: "error"

    [0m [90m 244 |[39m     expect(result[33m.[39mcurrent[33m.[39mstatus)[33m.[39mtoBeNull()
     [90m 245 |[39m     expect(result[33m.[39mcurrent[33m.[39mrepos)[33m.[39mtoHaveLength([35m0[39m)
    [31m[1m>[22m[39m[90m 246 |[39m     expect(result[33m.[39mcurrent[33m.[39mstate)[33m.[39mtoBe([32m'idle'[39m)
     [90m     |[39m                                  [31m[1m^[22m[39m
     [90m 247 |[39m     expect(result[33m.[39mcurrent[33m.[39merror)[33m.[39mtoBeNull()
     [90m 248 |[39m   })
     [90m 249 |[39m[0m

      at Object.toBe (hooks/__tests__/useGitHubSync.test.ts:246:34)

FAIL components/cv/__tests__/ExportPDFButton.test.tsx
  ● ExportPDFButton › should render button with correct text

    TestingLibraryElementError: Unable to find an element with the text: Télécharger PDF. This could be because the text is broken up by multiple elements. In this case, you can provide a function for your text matcher to make your matcher more flexible.

    Ignored nodes: comments, script, style
    [36m<body />[39m

    [0m [90m 49 |[39m     render([33m<[39m[33mExportPDFButton[39m theme[33m=[39m[32m"technical"[39m [33m/[39m[33m>[39m)[33m;[39m
     [90m 50 |[39m
    [31m[1m>[22m[39m[90m 51 |[39m     expect(screen[33m.[39mgetByText([32m'Télécharger PDF'[39m))[33m.[39mtoBeInTheDocument()[33m;[39m
     [90m    |[39m                   [31m[1m^[22m[39m
     [90m 52 |[39m   })[33m;[39m
     [90m 53 |[39m
     [90m 54 |[39m   it([32m'should render Download icon when not loading'[39m[33m,[39m () [33m=>[39m {[0m

      at Object.getElementError (node_modules/@testing-library/dom/dist/config.js:37:19)
      at node_modules/@testing-library/dom/dist/query-helpers.js:76:38
      at node_modules/@testing-library/dom/dist/query-helpers.js:52:17
      at node_modules/@testing-library/dom/dist/query-helpers.js:95:19
      at Object.getByText (components/cv/__tests__/ExportPDFButton.test.tsx:51:19)

  ● ExportPDFButton › should render Download icon when not loading

    expect(element).toBeInTheDocument()

    element could not be found in the document

    [0m [90m 56 |[39m
     [90m 57 |[39m     [36mconst[39m downloadIcon [33m=[39m container[33m.[39mquerySelector([32m'svg'[39m)[33m;[39m
    [31m[1m>[22m[39m[90m 58 |[39m     expect(downloadIcon)[33m.[39mtoBeInTheDocument()[33m;[39m
     [90m    |[39m                          [31m[1m^[22m[39m
     [90m 59 |[39m   })[33m;[39m
     [90m 60 |[39m
     [90m 61 |[39m   it([32m'should trigger PDF export on button click'[39m[33m,[39m [36masync[39m () [33m=>[39m {[0m

      at Object.toBeInTheDocument (components/cv/__tests__/ExportPDFButton.test.tsx:58:26)

  ● ExportPDFButton › should trigger PDF export on button click

    TestingLibraryElementError: Unable to find an accessible element with the role "button" and name `/Télécharger PDF/i`

    There are no accessible roles. But there might be some inaccessible roles. If you wish to access them, then set the `hidden` option to `true`. Learn more about this here: https://testing-library.com/docs/dom-testing-library/api-queries#byrole

    Ignored nodes: comments, script, style
    [36m<body />[39m

    [0m [90m 77 |[39m     render([33m<[39m[33mExportPDFButton[39m theme[33m=[39m[32m"technical"[39m [33m/[39m[33m>[39m)[33m;[39m
     [90m 78 |[39m
    [31m[1m>[22m[39m[90m 79 |[39m     [36mconst[39m button [33m=[39m screen[33m.[39mgetByRole([32m'button'[39m[33m,[39m { name[33m:[39m [35m/Télécharger PDF/i[39m })[33m;[39m
     [90m    |[39m                           [31m[1m^[22m[39m
     [90m 80 |[39m     fireEvent[33m.[39mclick(button)[33m;[39m
     [90m 81 |[39m
     [90m 82 |[39m     [36mawait[39m waitFor(() [33m=>[39m {[0m

      at Object.getElementError (node_modules/@testing-library/dom/dist/config.js:37:19)
      at node_modules/@testing-library/dom/dist/query-helpers.js:76:38
      at node_modules/@testing-library/dom/dist/query-helpers.js:52:17
      at node_modules/@testing-library/dom/dist/query-helpers.js:95:19
      at Object.getByRole (components/cv/__tests__/ExportPDFButton.test.tsx:79:27)

  ● ExportPDFButton › should show loading state during export

    TestingLibraryElementError: Unable to find an accessible element with the role "button"

    There are no accessible roles. But there might be some inaccessible roles. If you wish to access them, then set the `hidden` option to `true`. Learn more about this here: https://testing-library.com/docs/dom-testing-library/api-queries#byrole

    Ignored nodes: comments, script, style
    [36m<body />[39m

    [0m [90m 105 |[39m     render([33m<[39m[33mExportPDFButton[39m theme[33m=[39m[32m"creative"[39m [33m/[39m[33m>[39m)[33m;[39m
     [90m 106 |[39m
    [31m[1m>[22m[39m[90m 107 |[39m     [36mconst[39m button [33m=[39m screen[33m.[39mgetByRole([32m'button'[39m)[33m;[39m
     [90m     |[39m                           [31m[1m^[22m[39m
     [90m 108 |[39m     fireEvent[33m.[39mclick(button)[33m;[39m
     [90m 109 |[39m
     [90m 110 |[39m     [90m// Should show loading text and spinner[39m[0m

      at Object.getElementError (node_modules/@testing-library/dom/dist/config.js:37:19)
      at node_modules/@testing-library/dom/dist/query-helpers.js:76:38
      at node_modules/@testing-library/dom/dist/query-helpers.js:52:17
      at node_modules/@testing-library/dom/dist/query-helpers.js:95:19
      at Object.getByRole (components/cv/__tests__/ExportPDFButton.test.tsx:107:27)

  ● ExportPDFButton › should use custom filename from Content-Disposition header

    TestingLibraryElementError: Unable to find an accessible element with the role "button"

    There are no accessible roles. But there might be some inaccessible roles. If you wish to access them, then set the `hidden` option to `true`. Learn more about this here: https://testing-library.com/docs/dom-testing-library/api-queries#byrole

    Ignored nodes: comments, script, style
    [36m<body />[39m

    [0m [90m 131 |[39m     render([33m<[39m[33mExportPDFButton[39m theme[33m=[39m[32m"technical"[39m [33m/[39m[33m>[39m)[33m;[39m
     [90m 132 |[39m
    [31m[1m>[22m[39m[90m 133 |[39m     [36mconst[39m button [33m=[39m screen[33m.[39mgetByRole([32m'button'[39m)[33m;[39m
     [90m     |[39m                           [31m[1m^[22m[39m
     [90m 134 |[39m     fireEvent[33m.[39mclick(button)[33m;[39m
     [90m 135 |[39m
     [90m 136 |[39m     [36mawait[39m waitFor(() [33m=>[39m {[0m

      at Object.getElementError (node_modules/@testing-library/dom/dist/config.js:37:19)
      at node_modules/@testing-library/dom/dist/query-helpers.js:76:38
      at node_modules/@testing-library/dom/dist/query-helpers.js:52:17
      at node_modules/@testing-library/dom/dist/query-helpers.js:95:19
      at Object.getByRole (components/cv/__tests__/ExportPDFButton.test.tsx:133:27)

  ● ExportPDFButton › should use fallback filename if Content-Disposition missing

    TestingLibraryElementError: Unable to find an accessible element with the role "button"

    There are no accessible roles. But there might be some inaccessible roles. If you wish to access them, then set the `hidden` option to `true`. Learn more about this here: https://testing-library.com/docs/dom-testing-library/api-queries#byrole

    Ignored nodes: comments, script, style
    [36m<body />[39m

    [0m [90m 153 |[39m     render([33m<[39m[33mExportPDFButton[39m theme[33m=[39m[32m"business"[39m [33m/[39m[33m>[39m)[33m;[39m
     [90m 154 |[39m
    [31m[1m>[22m[39m[90m 155 |[39m     [36mconst[39m button [33m=[39m screen[33m.[39mgetByRole([32m'button'[39m)[33m;[39m
     [90m     |[39m                           [31m[1m^[22m[39m
     [90m 156 |[39m     fireEvent[33m.[39mclick(button)[33m;[39m
     [90m 157 |[39m
     [90m 158 |[39m     [36mawait[39m waitFor(() [33m=>[39m {[0m

      at Object.getElementError (node_modules/@testing-library/dom/dist/config.js:37:19)
      at node_modules/@testing-library/dom/dist/query-helpers.js:76:38
      at node_modules/@testing-library/dom/dist/query-helpers.js:52:17
      at node_modules/@testing-library/dom/dist/query-helpers.js:95:19
      at Object.getByRole (components/cv/__tests__/ExportPDFButton.test.tsx:155:27)

  ● ExportPDFButton › should handle API error gracefully

    TestingLibraryElementError: Unable to find an accessible element with the role "button"

    There are no accessible roles. But there might be some inaccessible roles. If you wish to access them, then set the `hidden` option to `true`. Learn more about this here: https://testing-library.com/docs/dom-testing-library/api-queries#byrole

    Ignored nodes: comments, script, style
    [36m<body />[39m

    [0m [90m 170 |[39m     render([33m<[39m[33mExportPDFButton[39m theme[33m=[39m[32m"technical"[39m [33m/[39m[33m>[39m)[33m;[39m
     [90m 171 |[39m
    [31m[1m>[22m[39m[90m 172 |[39m     [36mconst[39m button [33m=[39m screen[33m.[39mgetByRole([32m'button'[39m)[33m;[39m
     [90m     |[39m                           [31m[1m^[22m[39m
     [90m 173 |[39m     fireEvent[33m.[39mclick(button)[33m;[39m
     [90m 174 |[39m
     [90m 175 |[39m     [36mawait[39m waitFor(() [33m=>[39m {[0m

      at Object.getElementError (node_modules/@testing-library/dom/dist/config.js:37:19)
      at node_modules/@testing-library/dom/dist/query-helpers.js:76:38
      at node_modules/@testing-library/dom/dist/query-helpers.js:52:17
      at node_modules/@testing-library/dom/dist/query-helpers.js:95:19
      at Object.getByRole (components/cv/__tests__/ExportPDFButton.test.tsx:172:27)

  ● ExportPDFButton › should handle network error

    TestingLibraryElementError: Unable to find an accessible element with the role "button"

    There are no accessible roles. But there might be some inaccessible roles. If you wish to access them, then set the `hidden` option to `true`. Learn more about this here: https://testing-library.com/docs/dom-testing-library/api-queries#byrole

    Ignored nodes: comments, script, style
    [36m<body />[39m

    [0m [90m 187 |[39m     render([33m<[39m[33mExportPDFButton[39m theme[33m=[39m[32m"technical"[39m [33m/[39m[33m>[39m)[33m;[39m
     [90m 188 |[39m
    [31m[1m>[22m[39m[90m 189 |[39m     [36mconst[39m button [33m=[39m screen[33m.[39mgetByRole([32m'button'[39m)[33m;[39m
     [90m     |[39m                           [31m[1m^[22m[39m
     [90m 190 |[39m     fireEvent[33m.[39mclick(button)[33m;[39m
     [90m 191 |[39m
     [90m 192 |[39m     [36mawait[39m waitFor(() [33m=>[39m {[0m

      at Object.getElementError (node_modules/@testing-library/dom/dist/config.js:37:19)
      at node_modules/@testing-library/dom/dist/query-helpers.js:76:38
      at node_modules/@testing-library/dom/dist/query-helpers.js:52:17
      at node_modules/@testing-library/dom/dist/query-helpers.js:95:19
      at Object.getByRole (components/cv/__tests__/ExportPDFButton.test.tsx:189:27)

  ● ExportPDFButton › should handle unknown error types

    TestingLibraryElementError: Unable to find an accessible element with the role "button"

    There are no accessible roles. But there might be some inaccessible roles. If you wish to access them, then set the `hidden` option to `true`. Learn more about this here: https://testing-library.com/docs/dom-testing-library/api-queries#byrole

    Ignored nodes: comments, script, style
    [36m<body />[39m

    [0m [90m 200 |[39m     render([33m<[39m[33mExportPDFButton[39m theme[33m=[39m[32m"technical"[39m [33m/[39m[33m>[39m)[33m;[39m
     [90m 201 |[39m
    [31m[1m>[22m[39m[90m 202 |[39m     [36mconst[39m button [33m=[39m screen[33m.[39mgetByRole([32m'button'[39m)[33m;[39m
     [90m     |[39m                           [31m[1m^[22m[39m
     [90m 203 |[39m     fireEvent[33m.[39mclick(button)[33m;[39m
     [90m 204 |[39m
     [90m 205 |[39m     [36mawait[39m waitFor(() [33m=>[39m {[0m

      at Object.getElementError (node_modules/@testing-library/dom/dist/config.js:37:19)
      at node_modules/@testing-library/dom/dist/query-helpers.js:76:38
      at node_modules/@testing-library/dom/dist/query-helpers.js:52:17
      at node_modules/@testing-library/dom/dist/query-helpers.js:95:19
      at Object.getByRole (components/cv/__tests__/ExportPDFButton.test.tsx:202:27)

  ● ExportPDFButton › should create and trigger download link correctly

    TestingLibraryElementError: Unable to find an accessible element with the role "button"

    There are no accessible roles. But there might be some inaccessible roles. If you wish to access them, then set the `hidden` option to `true`. Learn more about this here: https://testing-library.com/docs/dom-testing-library/api-queries#byrole

    Ignored nodes: comments, script, style
    [36m<body />[39m

    [0m [90m 219 |[39m     render([33m<[39m[33mExportPDFButton[39m theme[33m=[39m[32m"technical"[39m [33m/[39m[33m>[39m)[33m;[39m
     [90m 220 |[39m
    [31m[1m>[22m[39m[90m 221 |[39m     [36mconst[39m button [33m=[39m screen[33m.[39mgetByRole([32m'button'[39m)[33m;[39m
     [90m     |[39m                           [31m[1m^[22m[39m
     [90m 222 |[39m     fireEvent[33m.[39mclick(button)[33m;[39m
     [90m 223 |[39m
     [90m 224 |[39m     [36mawait[39m waitFor(() [33m=>[39m {[0m

      at Object.getElementError (node_modules/@testing-library/dom/dist/config.js:37:19)
      at node_modules/@testing-library/dom/dist/query-helpers.js:76:38
      at node_modules/@testing-library/dom/dist/query-helpers.js:52:17
      at node_modules/@testing-library/dom/dist/query-helpers.js:95:19
      at Object.getByRole (components/cv/__tests__/ExportPDFButton.test.tsx:221:27)

  ● ExportPDFButton › should clear error on new export attempt

    TestingLibraryElementError: Unable to find an accessible element with the role "button"

    There are no accessible roles. But there might be some inaccessible roles. If you wish to access them, then set the `hidden` option to `true`. Learn more about this here: https://testing-library.com/docs/dom-testing-library/api-queries#byrole

    Ignored nodes: comments, script, style
    [36m<body />[39m

    [0m [90m 241 |[39m     render([33m<[39m[33mExportPDFButton[39m theme[33m=[39m[32m"technical"[39m [33m/[39m[33m>[39m)[33m;[39m
     [90m 242 |[39m
    [31m[1m>[22m[39m[90m 243 |[39m     [36mconst[39m button [33m=[39m screen[33m.[39mgetByRole([32m'button'[39m)[33m;[39m
     [90m     |[39m                           [31m[1m^[22m[39m
     [90m 244 |[39m     fireEvent[33m.[39mclick(button)[33m;[39m
     [90m 245 |[39m
     [90m 246 |[39m     [36mawait[39m waitFor(() [33m=>[39m {[0m

      at Object.getElementError (node_modules/@testing-library/dom/dist/config.js:37:19)
      at node_modules/@testing-library/dom/dist/query-helpers.js:76:38
      at node_modules/@testing-library/dom/dist/query-helpers.js:52:17
      at node_modules/@testing-library/dom/dist/query-helpers.js:95:19
      at Object.getByRole (components/cv/__tests__/ExportPDFButton.test.tsx:243:27)

  ● ExportPDFButton › should render with gradient styling

    expect(element).toBeInTheDocument()

    element could not be found in the document

    [0m [90m 267 |[39m
     [90m 268 |[39m     [36mconst[39m button [33m=[39m container[33m.[39mquerySelector([32m'.bg-gradient-to-r.from-blue-600.to-purple-600'[39m)[33m;[39m
    [31m[1m>[22m[39m[90m 269 |[39m     expect(button)[33m.[39mtoBeInTheDocument()[33m;[39m
     [90m     |[39m                    [31m[1m^[22m[39m
     [90m 270 |[39m   })[33m;[39m
     [90m 271 |[39m
     [90m 272 |[39m   it([32m'should show Loader2 icon when loading'[39m[33m,[39m [36masync[39m () [33m=>[39m {[0m

      at Object.toBeInTheDocument (components/cv/__tests__/ExportPDFButton.test.tsx:269:20)

  ● ExportPDFButton › should show Loader2 icon when loading

    TestingLibraryElementError: Unable to find an accessible element with the role "button"

    There are no accessible roles. But there might be some inaccessible roles. If you wish to access them, then set the `hidden` option to `true`. Learn more about this here: https://testing-library.com/docs/dom-testing-library/api-queries#byrole

    Ignored nodes: comments, script, style
    [36m<body />[39m

    [0m [90m 288 |[39m     [36mconst[39m { container } [33m=[39m render([33m<[39m[33mExportPDFButton[39m theme[33m=[39m[32m"technical"[39m [33m/[39m[33m>[39m)[33m;[39m
     [90m 289 |[39m
    [31m[1m>[22m[39m[90m 290 |[39m     [36mconst[39m button [33m=[39m screen[33m.[39mgetByRole([32m'button'[39m)[33m;[39m
     [90m     |[39m                           [31m[1m^[22m[39m
     [90m 291 |[39m     fireEvent[33m.[39mclick(button)[33m;[39m
     [90m 292 |[39m
     [90m 293 |[39m     [36mawait[39m waitFor(() [33m=>[39m {[0m

      at Object.getElementError (node_modules/@testing-library/dom/dist/config.js:37:19)
      at node_modules/@testing-library/dom/dist/query-helpers.js:76:38
      at node_modules/@testing-library/dom/dist/query-helpers.js:52:17
      at node_modules/@testing-library/dom/dist/query-helpers.js:95:19
      at Object.getByRole (components/cv/__tests__/ExportPDFButton.test.tsx:290:27)

  ● ExportPDFButton › should disable button only when loading

    TestingLibraryElementError: Unable to find an accessible element with the role "button"

    There are no accessible roles. But there might be some inaccessible roles. If you wish to access them, then set the `hidden` option to `true`. Learn more about this here: https://testing-library.com/docs/dom-testing-library/api-queries#byrole

    Ignored nodes: comments, script, style
    [36m<body />[39m

    [0m [90m 300 |[39m     render([33m<[39m[33mExportPDFButton[39m theme[33m=[39m[32m"technical"[39m [33m/[39m[33m>[39m)[33m;[39m
     [90m 301 |[39m
    [31m[1m>[22m[39m[90m 302 |[39m     [36mconst[39m button [33m=[39m screen[33m.[39mgetByRole([32m'button'[39m)[33m;[39m
     [90m     |[39m                           [31m[1m^[22m[39m
     [90m 303 |[39m
     [90m 304 |[39m     [90m// Initially enabled[39m
     [90m 305 |[39m     expect(button)[33m.[39mnot[33m.[39mtoBeDisabled()[33m;[39m[0m

      at Object.getElementError (node_modules/@testing-library/dom/dist/config.js:37:19)
      at node_modules/@testing-library/dom/dist/query-helpers.js:76:38
      at node_modules/@testing-library/dom/dist/query-helpers.js:52:17
      at node_modules/@testing-library/dom/dist/query-helpers.js:95:19
      at Object.getByRole (components/cv/__tests__/ExportPDFButton.test.tsx:302:27)

FAIL lib/__tests__/lazy-load.test.ts
  ● Lazy Load Utils › preconnect › should create preconnect link

    expect(received).toBe(expected) // Object.is equality

    Expected: "https://api.example.com"
    Received: "https://api.example.com/"

    [0m [90m 304 |[39m       [36mconst[39m link [33m=[39m appendChildSpy[33m.[39mmock[33m.[39mcalls[[35m0[39m][[35m0[39m] [36mas[39m [33mHTMLLinkElement[39m[33m;[39m
     [90m 305 |[39m       expect(link[33m.[39mrel)[33m.[39mtoBe([32m'preconnect'[39m)[33m;[39m
    [31m[1m>[22m[39m[90m 306 |[39m       expect(link[33m.[39mhref)[33m.[39mtoBe([32m'https://api.example.com'[39m)[33m;[39m
     [90m     |[39m                         [31m[1m^[22m[39m
     [90m 307 |[39m       expect(link[33m.[39mcrossOrigin)[33m.[39mtoBe([32m'anonymous'[39m)[33m;[39m
     [90m 308 |[39m
     [90m 309 |[39m       appendChildSpy[33m.[39mmockRestore()[33m;[39m[0m

      at Object.toBe (lib/__tests__/lazy-load.test.ts:306:25)

  ● Lazy Load Utils › preconnect › should handle multiple domains

    expect(jest.fn()).toHaveBeenCalledTimes(expected)

    Expected number of calls: 2
    Received number of calls: 3

    [0m [90m 316 |[39m       preconnect([32m'https://api2.example.com'[39m)[33m;[39m
     [90m 317 |[39m
    [31m[1m>[22m[39m[90m 318 |[39m       expect(appendChildSpy)[33m.[39mtoHaveBeenCalledTimes([35m2[39m)[33m;[39m
     [90m     |[39m                              [31m[1m^[22m[39m
     [90m 319 |[39m
     [90m 320 |[39m       appendChildSpy[33m.[39mmockRestore()[33m;[39m
     [90m 321 |[39m     })[33m;[39m[0m

      at Object.toHaveBeenCalledTimes (lib/__tests__/lazy-load.test.ts:318:30)

  ● Lazy Load Utils › deferScript › should call onLoad callback

    Load failed

    [0m [90m 147 |[39m
     [90m 148 |[39m     it([32m'should handle promise rejection'[39m[33m,[39m [36masync[39m () [33m=>[39m {
    [31m[1m>[22m[39m[90m 149 |[39m       [36mconst[39m importFn [33m=[39m jest[33m.[39mfn(() [33m=>[39m [33mPromise[39m[33m.[39mreject([36mnew[39m [33mError[39m([32m'Load failed'[39m)))[33m;[39m
     [90m     |[39m                                                     [31m[1m^[22m[39m
     [90m 150 |[39m
     [90m 151 |[39m       [90m// Should not throw[39m
     [90m 152 |[39m       expect(() [33m=>[39m preloadComponent(importFn))[33m.[39mnot[33m.[39mtoThrow()[33m;[39m[0m

      at lib/__tests__/lazy-load.test.ts:149:53
      at importFn (lib/lazy-load.tsx:72:3)
      at lib/__tests__/lazy-load.test.ts:152:36
      at Object.<anonymous> (node_modules/expect/build/index.js:1824:9)
      at Object.throwingMatcher [as toThrow] (node_modules/expect/build/index.js:2235:93)
      at Object.toThrow (lib/__tests__/lazy-load.test.ts:152:52)

  ● Lazy Load Utils › Edge Cases › should handle LazyImageLoader with no IntersectionObserver

    TypeError: IntersectionObserver is not a constructor

    [0m [90m 100 |[39m   constructor(threshold[33m:[39m number [33m=[39m [35m0.1[39m) {
     [90m 101 |[39m     [36mif[39m ([36mtypeof[39m window [33m!==[39m [32m'undefined'[39m) {
    [31m[1m>[22m[39m[90m 102 |[39m       [36mthis[39m[33m.[39mobserver [33m=[39m [36mnew[39m [33mIntersectionObserver[39m(
     [90m     |[39m                       [31m[1m^[22m[39m
     [90m 103 |[39m         (entries) [33m=>[39m {
     [90m 104 |[39m           entries[33m.[39mforEach((entry) [33m=>[39m {
     [90m 105 |[39m             [36mif[39m (entry[33m.[39misIntersecting) {[0m

      at new LazyImageLoader (lib/lazy-load.tsx:102:23)
      at Object.<anonymous> (lib/__tests__/lazy-load.test.ts:504:22)

  ● Lazy Load Utils › Performance › should not create multiple observers for same LazyImageLoader

    expect(jest.fn()).toHaveBeenCalledTimes(expected)

    Expected number of calls: 1
    Received number of calls: 2

    [0m [90m 568 |[39m
     [90m 569 |[39m       [90m// Should only create one observer[39m
    [31m[1m>[22m[39m[90m 570 |[39m       expect(constructorSpy)[33m.[39mtoHaveBeenCalledTimes([35m1[39m)[33m;[39m
     [90m     |[39m                              [31m[1m^[22m[39m
     [90m 571 |[39m
     [90m 572 |[39m       constructorSpy[33m.[39mmockRestore()[33m;[39m
     [90m 573 |[39m     })[33m;[39m[0m

      at Object.toHaveBeenCalledTimes (lib/__tests__/lazy-load.test.ts:570:30)

  ● Lazy Load Utils › Performance › should handle multiple prefetchRoute calls efficiently

    expect(jest.fn()).toHaveBeenCalledTimes(expected)

    Expected number of calls: 10
    Received number of calls: 13

    [0m [90m 581 |[39m       }
     [90m 582 |[39m
    [31m[1m>[22m[39m[90m 583 |[39m       expect(appendChildSpy)[33m.[39mtoHaveBeenCalledTimes([35m10[39m)[33m;[39m
     [90m     |[39m                              [31m[1m^[22m[39m
     [90m 584 |[39m
     [90m 585 |[39m       appendChildSpy[33m.[39mmockRestore()[33m;[39m
     [90m 586 |[39m     })[33m;[39m[0m

      at Object.toHaveBeenCalledTimes (lib/__tests__/lazy-load.test.ts:583:30)

FAIL components/analytics/__tests__/DateFilter.test.tsx
  ● DateFilter › should display date range for today preset

    TestingLibraryElementError: Unable to find an element with the text: /\d{2}\s\w+\s-\s\d{2}\s\w+\s\d{4}/. This could be because the text is broken up by multiple elements. In this case, you can provide a function for your text matcher to make your matcher more flexible.

    Ignored nodes: comments, script, style
    [36m<body>[39m
      [36m<div>[39m
        [36m<div[39m
          [33mclass[39m=[32m"flex items-center gap-2"[39m
        [36m>[39m
          [36m<div[39m
            [33mclass[39m=[32m"flex items-center gap-2 text-sm text-muted-foreground"[39m
          [36m>[39m
            [36m<svg[39m
              [33mclass[39m=[32m"lucide lucide-calendar h-4 w-4"[39m
              [33mfill[39m=[32m"none"[39m
              [33mheight[39m=[32m"24"[39m
              [33mstroke[39m=[32m"currentColor"[39m
              [33mstroke-linecap[39m=[32m"round"[39m
              [33mstroke-linejoin[39m=[32m"round"[39m
              [33mstroke-width[39m=[32m"2"[39m
              [33mviewBox[39m=[32m"0 0 24 24"[39m
              [33mwidth[39m=[32m"24"[39m
              [33mxmlns[39m=[32m"http://www.w3.org/2000/svg"[39m
            [36m>[39m
              [36m<rect[39m
                [33mheight[39m=[32m"18"[39m
                [33mrx[39m=[32m"2"[39m
                [33mry[39m=[32m"2"[39m
                [33mwidth[39m=[32m"18"[39m
                [33mx[39m=[32m"3"[39m
                [33my[39m=[32m"4"[39m
              [36m/>[39m
              [36m<line[39m
                [33mx1[39m=[32m"16"[39m
                [33mx2[39m=[32m"16"[39m
                [33my1[39m=[32m"2"[39m
                [33my2[39m=[32m"6"[39m
              [36m/>[39m
              [36m<line[39m
                [33mx1[39m=[32m"8"[39m
                [33mx2[39m=[32m"8"[39m
                [33my1[39m=[32m"2"[39m
                [33my2[39m=[32m"6"[39m
              [36m/>[39m
              [36m<line[39m
                [33mx1[39m=[32m"3"[39m
                [33mx2[39m=[32m"21"[39m
                [33my1[39m=[32m"10"[39m
                [33my2[39m=[32m"10"[39m
              [36m/>[39m
            [36m</svg>[39m
            [36m<span>[39m
              [0mPériode:[0m
            [36m</span>[39m
          [36m</div>[39m
          [36m<div[39m
            [33mclass[39m=[32m"flex gap-1 bg-muted p-1 rounded-md"[39m
          [36m>[39m
            [36m<button[39m
              [33mclass[39m=[32m"px-3 py-1.5 text-sm rounded transition-colors bg-primary text-primary-foreground"[39m
            [36m>[39m
              [0mAujourd'hui[0m
            [36m</button>[39m
            [36m<button[39m
              [33mclass[39m=[32m"px-3 py-1.5 text-sm rounded transition-colors hover:bg-background"[39m
            [36m>[39m
              [0m7 derniers jours[0m
            [36m</button>[39m
            [36m<button[39m
              [33mclass[39m=[32m"px-3 py-1.5 text-sm rounded transition-colors hover:bg-background"[39m
            [36m>[39m
              [0m30 derniers jours[0m
            [36m</button>[39m
            [36m<button[39m
              [33mclass[39m=[32m"px-3 py-1.5 text-sm rounded transition-colors hover:bg-background"[39m
            [36m>[39m
              [0mTout[0m
            [36m</button>[39m
          [36m</div>[39m
          [36m<div[39m
            [33mclass[39m=[32m"text-xs text-muted-foreground ml-2"[39m
          [36m>[39m
            [0m09 déc.[0m
            [0m [0m
            [0m-[0m
            [0m [0m
            [0m09 déc. 2025[0m
          [36m</div>[39m
        [36m</div>[39m
      [36m</div>[39m
    [36m</body>[39m

    [0m [90m 61 |[39m
     [90m 62 |[39m     [90m// Should display formatted date range[39m
    [31m[1m>[22m[39m[90m 63 |[39m     [36mconst[39m dateRange [33m=[39m screen[33m.[39mgetByText([35m/\d{2}\s\w+\s-\s\d{2}\s\w+\s\d{4}/[39m)[33m;[39m
     [90m    |[39m                              [31m[1m^[22m[39m
     [90m 64 |[39m     expect(dateRange)[33m.[39mtoBeInTheDocument()[33m;[39m
     [90m 65 |[39m   })[33m;[39m
     [90m 66 |[39m[0m

      at Object.getElementError (node_modules/@testing-library/dom/dist/config.js:37:19)
      at node_modules/@testing-library/dom/dist/query-helpers.js:76:38
      at node_modules/@testing-library/dom/dist/query-helpers.js:52:17
      at node_modules/@testing-library/dom/dist/query-helpers.js:95:19
      at Object.getByText (components/analytics/__tests__/DateFilter.test.tsx:63:30)

  ● DateFilter › should display date range for 7 days preset

    TestingLibraryElementError: Unable to find an element with the text: /\d{2}\s\w+\s-\s\d{2}\s\w+\s\d{4}/. This could be because the text is broken up by multiple elements. In this case, you can provide a function for your text matcher to make your matcher more flexible.

    Ignored nodes: comments, script, style
    [36m<body>[39m
      [36m<div>[39m
        [36m<div[39m
          [33mclass[39m=[32m"flex items-center gap-2"[39m
        [36m>[39m
          [36m<div[39m
            [33mclass[39m=[32m"flex items-center gap-2 text-sm text-muted-foreground"[39m
          [36m>[39m
            [36m<svg[39m
              [33mclass[39m=[32m"lucide lucide-calendar h-4 w-4"[39m
              [33mfill[39m=[32m"none"[39m
              [33mheight[39m=[32m"24"[39m
              [33mstroke[39m=[32m"currentColor"[39m
              [33mstroke-linecap[39m=[32m"round"[39m
              [33mstroke-linejoin[39m=[32m"round"[39m
              [33mstroke-width[39m=[32m"2"[39m
              [33mviewBox[39m=[32m"0 0 24 24"[39m
              [33mwidth[39m=[32m"24"[39m
              [33mxmlns[39m=[32m"http://www.w3.org/2000/svg"[39m
            [36m>[39m
              [36m<rect[39m
                [33mheight[39m=[32m"18"[39m
                [33mrx[39m=[32m"2"[39m
                [33mry[39m=[32m"2"[39m
                [33mwidth[39m=[32m"18"[39m
                [33mx[39m=[32m"3"[39m
                [33my[39m=[32m"4"[39m
              [36m/>[39m
              [36m<line[39m
                [33mx1[39m=[32m"16"[39m
                [33mx2[39m=[32m"16"[39m
                [33my1[39m=[32m"2"[39m
                [33my2[39m=[32m"6"[39m
              [36m/>[39m
              [36m<line[39m
                [33mx1[39m=[32m"8"[39m
                [33mx2[39m=[32m"8"[39m
                [33my1[39m=[32m"2"[39m
                [33my2[39m=[32m"6"[39m
              [36m/>[39m
              [36m<line[39m
                [33mx1[39m=[32m"3"[39m
                [33mx2[39m=[32m"21"[39m
                [33my1[39m=[32m"10"[39m
                [33my2[39m=[32m"10"[39m
              [36m/>[39m
            [36m</svg>[39m
            [36m<span>[39m
              [0mPériode:[0m
            [36m</span>[39m
          [36m</div>[39m
          [36m<div[39m
            [33mclass[39m=[32m"flex gap-1 bg-muted p-1 rounded-md"[39m
          [36m>[39m
            [36m<button[39m
              [33mclass[39m=[32m"px-3 py-1.5 text-sm rounded transition-colors hover:bg-background"[39m
            [36m>[39m
              [0mAujourd'hui[0m
            [36m</button>[39m
            [36m<button[39m
              [33mclass[39m=[32m"px-3 py-1.5 text-sm rounded transition-colors bg-primary text-primary-foreground"[39m
            [36m>[39m
              [0m7 derniers jours[0m
            [36m</button>[39m
            [36m<button[39m
              [33mclass[39m=[32m"px-3 py-1.5 text-sm rounded transition-colors hover:bg-background"[39m
            [36m>[39m
              [0m30 derniers jours[0m
            [36m</button>[39m
            [36m<button[39m
              [33mclass[39m=[32m"px-3 py-1.5 text-sm rounded transition-colors hover:bg-background"[39m
            [36m>[39m
              [0mTout[0m
            [36m</button>[39m
          [36m</div>[39m
        [36m</div>[39m
      [36m</div>[39m
    [36m</body>[39m

    [0m [90m 69 |[39m
     [90m 70 |[39m     [90m// Already selected by default[39m
    [31m[1m>[22m[39m[90m 71 |[39m     [36mconst[39m dateRange [33m=[39m screen[33m.[39mgetByText([35m/\d{2}\s\w+\s-\s\d{2}\s\w+\s\d{4}/[39m)[33m;[39m
     [90m    |[39m                              [31m[1m^[22m[39m
     [90m 72 |[39m     expect(dateRange)[33m.[39mtoBeInTheDocument()[33m;[39m
     [90m 73 |[39m   })[33m;[39m
     [90m 74 |[39m[0m

      at Object.getElementError (node_modules/@testing-library/dom/dist/config.js:37:19)
      at node_modules/@testing-library/dom/dist/query-helpers.js:76:38
      at node_modules/@testing-library/dom/dist/query-helpers.js:52:17
      at node_modules/@testing-library/dom/dist/query-helpers.js:95:19
      at Object.getByText (components/analytics/__tests__/DateFilter.test.tsx:71:30)

  ● DateFilter › should display date range for 30 days preset

    TestingLibraryElementError: Unable to find an element with the text: /\d{2}\s\w+\s-\s\d{2}\s\w+\s\d{4}/. This could be because the text is broken up by multiple elements. In this case, you can provide a function for your text matcher to make your matcher more flexible.

    Ignored nodes: comments, script, style
    [36m<body>[39m
      [36m<div>[39m
        [36m<div[39m
          [33mclass[39m=[32m"flex items-center gap-2"[39m
        [36m>[39m
          [36m<div[39m
            [33mclass[39m=[32m"flex items-center gap-2 text-sm text-muted-foreground"[39m
          [36m>[39m
            [36m<svg[39m
              [33mclass[39m=[32m"lucide lucide-calendar h-4 w-4"[39m
              [33mfill[39m=[32m"none"[39m
              [33mheight[39m=[32m"24"[39m
              [33mstroke[39m=[32m"currentColor"[39m
              [33mstroke-linecap[39m=[32m"round"[39m
              [33mstroke-linejoin[39m=[32m"round"[39m
              [33mstroke-width[39m=[32m"2"[39m
              [33mviewBox[39m=[32m"0 0 24 24"[39m
              [33mwidth[39m=[32m"24"[39m
              [33mxmlns[39m=[32m"http://www.w3.org/2000/svg"[39m
            [36m>[39m
              [36m<rect[39m
                [33mheight[39m=[32m"18"[39m
                [33mrx[39m=[32m"2"[39m
                [33mry[39m=[32m"2"[39m
                [33mwidth[39m=[32m"18"[39m
                [33mx[39m=[32m"3"[39m
                [33my[39m=[32m"4"[39m
              [36m/>[39m
              [36m<line[39m
                [33mx1[39m=[32m"16"[39m
                [33mx2[39m=[32m"16"[39m
                [33my1[39m=[32m"2"[39m
                [33my2[39m=[32m"6"[39m
              [36m/>[39m
              [36m<line[39m
                [33mx1[39m=[32m"8"[39m
                [33mx2[39m=[32m"8"[39m
                [33my1[39m=[32m"2"[39m
                [33my2[39m=[32m"6"[39m
              [36m/>[39m
              [36m<line[39m
                [33mx1[39m=[32m"3"[39m
                [33mx2[39m=[32m"21"[39m
                [33my1[39m=[32m"10"[39m
                [33my2[39m=[32m"10"[39m
              [36m/>[39m
            [36m</svg>[39m
            [36m<span>[39m
              [0mPériode:[0m
            [36m</span>[39m
          [36m</div>[39m
          [36m<div[39m
            [33mclass[39m=[32m"flex gap-1 bg-muted p-1 rounded-md"[39m
          [36m>[39m
            [36m<button[39m
              [33mclass[39m=[32m"px-3 py-1.5 text-sm rounded transition-colors hover:bg-background"[39m
            [36m>[39m
              [0mAujourd'hui[0m
            [36m</button>[39m
            [36m<button[39m
              [33mclass[39m=[32m"px-3 py-1.5 text-sm rounded transition-colors hover:bg-background"[39m
            [36m>[39m
              [0m7 derniers jours[0m
            [36m</button>[39m
            [36m<button[39m
              [33mclass[39m=[32m"px-3 py-1.5 text-sm rounded transition-colors bg-primary text-primary-foreground"[39m
            [36m>[39m
              [0m30 derniers jours[0m
            [36m</button>[39m
            [36m<button[39m
              [33mclass[39m=[32m"px-3 py-1.5 text-sm rounded transition-colors hover:bg-background"[39m
            [36m>[39m
              [0mTout[0m
            [36m</button>[39m
          [36m</div>[39m
          [36m<div[39m
            [33mclass[39m=[32m"text-xs text-muted-foreground ml-2"[39m
          [36m>[39m
            [0m09 nov.[0m
            [0m [0m
            [0m-[0m
            [0m [0m
            [0m09 déc. 2025[0m
          [36m</div>[39m
        [36m</div>[39m
      [36m</div>[39m
    [36m</body>[39m

    [0m [90m 79 |[39m     fireEvent[33m.[39mclick(thirtyDaysButton)[33m;[39m
     [90m 80 |[39m
    [31m[1m>[22m[39m[90m 81 |[39m     [36mconst[39m dateRange [33m=[39m screen[33m.[39mgetByText([35m/\d{2}\s\w+\s-\s\d{2}\s\w+\s\d{4}/[39m)[33m;[39m
     [90m    |[39m                              [31m[1m^[22m[39m
     [90m 82 |[39m     expect(dateRange)[33m.[39mtoBeInTheDocument()[33m;[39m
     [90m 83 |[39m   })[33m;[39m
     [90m 84 |[39m[0m

      at Object.getElementError (node_modules/@testing-library/dom/dist/config.js:37:19)
      at node_modules/@testing-library/dom/dist/query-helpers.js:76:38
      at node_modules/@testing-library/dom/dist/query-helpers.js:52:17
      at node_modules/@testing-library/dom/dist/query-helpers.js:95:19
      at Object.getByText (components/analytics/__tests__/DateFilter.test.tsx:81:30)

  ● DateFilter › should format dates in French locale

    TestingLibraryElementError: Found multiple elements with the text: /\d{2}\s\w+/

    Here are the matching elements:

    Ignored nodes: comments, script, style
    [36m<button[39m
      [33mclass[39m=[32m"px-3 py-1.5 text-sm rounded transition-colors hover:bg-background"[39m
    [36m>[39m
      [0m30 derniers jours[0m
    [36m</button>[39m

    Ignored nodes: comments, script, style
    [36m<div[39m
      [33mclass[39m=[32m"text-xs text-muted-foreground ml-2"[39m
    [36m>[39m
      [0m09 déc.[0m
      [0m [0m
      [0m-[0m
      [0m [0m
      [0m09 déc. 2025[0m
    [36m</div>[39m

    (If this is intentional, then use the `*AllBy*` variant of the query (like `queryAllByText`, `getAllByText`, or `findAllByText`)).

    Ignored nodes: comments, script, style
    [36m<body>[39m
      [36m<div>[39m
        [36m<div[39m
          [33mclass[39m=[32m"flex items-center gap-2"[39m
        [36m>[39m
          [36m<div[39m
            [33mclass[39m=[32m"flex items-center gap-2 text-sm text-muted-foreground"[39m
          [36m>[39m
            [36m<svg[39m
              [33mclass[39m=[32m"lucide lucide-calendar h-4 w-4"[39m
              [33mfill[39m=[32m"none"[39m
              [33mheight[39m=[32m"24"[39m
              [33mstroke[39m=[32m"currentColor"[39m
              [33mstroke-linecap[39m=[32m"round"[39m
              [33mstroke-linejoin[39m=[32m"round"[39m
              [33mstroke-width[39m=[32m"2"[39m
              [33mviewBox[39m=[32m"0 0 24 24"[39m
              [33mwidth[39m=[32m"24"[39m
              [33mxmlns[39m=[32m"http://www.w3.org/2000/svg"[39m
            [36m>[39m
              [36m<rect[39m
                [33mheight[39m=[32m"18"[39m
                [33mrx[39m=[32m"2"[39m
                [33mry[39m=[32m"2"[39m
                [33mwidth[39m=[32m"18"[39m
                [33mx[39m=[32m"3"[39m
                [33my[39m=[32m"4"[39m
              [36m/>[39m
              [36m<line[39m
                [33mx1[39m=[32m"16"[39m
                [33mx2[39m=[32m"16"[39m
                [33my1[39m=[32m"2"[39m
                [33my2[39m=[32m"6"[39m
              [36m/>[39m
              [36m<line[39m
                [33mx1[39m=[32m"8"[39m
                [33mx2[39m=[32m"8"[39m
                [33my1[39m=[32m"2"[39m
                [33my2[39m=[32m"6"[39m
              [36m/>[39m
              [36m<line[39m
                [33mx1[39m=[32m"3"[39m
                [33mx2[39m=[32m"21"[39m
                [33my1[39m=[32m"10"[39m
                [33my2[39m=[32m"10"[39m
              [36m/>[39m
            [36m</svg>[39m
            [36m<span>[39m
              [0mPériode:[0m
            [36m</span>[39m
          [36m</div>[39m
          [36m<div[39m
            [33mclass[39m=[32m"flex gap-1 bg-muted p-1 rounded-md"[39m
          [36m>[39m
            [36m<button[39m
              [33mclass[39m=[32m"px-3 py-1.5 text-sm rounded transition-colors bg-primary text-primary-foreground"[39m
            [36m>[39m
              [0mAujourd'hui[0m
            [36m</button>[39m
            [36m<button[39m
              [33mclass[39m=[32m"px-3 py-1.5 text-sm rounded transition-colors hover:bg-background"[39m
            [36m>[39m
              [0m7 derniers jours[0m
            [36m</button>[39m
            [36m<button[39m
              [33mclass[39m=[32m"px-3 py-1.5 text-sm rounded transition-colors hover:bg-background"[39m
            [36m>[39m
              [0m30 derniers jours[0m
            [36m</button>[39m
            [36m<button[39m
              [33mclass[39m=[32m"px-3 py-1.5 text-sm rounded transition-colors hover:bg-background"[39m
            [36m>[39m
              [0mTout[0m
            [36m</button>[39m
          [36m</div>[39m
          [36m<div[39m
            [33mclass[39m=[32m"text-xs text-muted-foreground ml-2"[39m
          [36m>[39m
            [0m09 déc.[0m
            [0m [0m
            [0m-[0m
            [0m [0m
            [0m09 déc. 2025[0m
          [36m</div>[39m
        [36m</div>[39m
      [36m</div>[39m
    [36m</body>[39m

    [0m [90m 122 |[39m
     [90m 123 |[39m     [90m// French month abbreviations (janv., févr., mars, etc.)[39m
    [31m[1m>[22m[39m[90m 124 |[39m     [36mconst[39m dateText [33m=[39m screen[33m.[39mgetByText([35m/\d{2}\s\w+/[39m)[33m;[39m
     [90m     |[39m                             [31m[1m^[22m[39m
     [90m 125 |[39m     expect(dateText)[33m.[39mtoBeInTheDocument()[33m;[39m
     [90m 126 |[39m   })[33m;[39m
     [90m 127 |[39m[0m

      at Object.getElementError (node_modules/@testing-library/dom/dist/config.js:37:19)
      at getElementError (node_modules/@testing-library/dom/dist/query-helpers.js:20:35)
      at getMultipleElementsFoundError (node_modules/@testing-library/dom/dist/query-helpers.js:23:10)
      at node_modules/@testing-library/dom/dist/query-helpers.js:55:13
      at node_modules/@testing-library/dom/dist/query-helpers.js:95:19
      at Object.getByText (components/analytics/__tests__/DateFilter.test.tsx:124:29)

  ● DateFilter › should render date range with ml-2 margin

    expect(received).toBeInTheDocument()

    received value must be an HTMLElement or an SVGElement.
    Received has value: null

    [0m [90m 148 |[39m
     [90m 149 |[39m     [36mconst[39m dateRangeContainer [33m=[39m container[33m.[39mquerySelector([32m'.text-xs.text-muted-foreground.ml-2'[39m)[33m;[39m
    [31m[1m>[22m[39m[90m 150 |[39m     expect(dateRangeContainer)[33m.[39mtoBeInTheDocument()[33m;[39m
     [90m     |[39m                                [31m[1m^[22m[39m
     [90m 151 |[39m   })[33m;[39m
     [90m 152 |[39m
     [90m 153 |[39m   it([32m'should handle multiple preset changes'[39m[33m,[39m () [33m=>[39m {[0m

      at __EXTERNAL_MATCHER_TRAP__ (node_modules/expect/build/index.js:2240:22)
      at Object.throwingMatcher [as toBeInTheDocument] (node_modules/expect/build/index.js:2241:6)
      at Object.toBeInTheDocument (components/analytics/__tests__/DateFilter.test.tsx:150:32)

  ● DateFilter › should display year in date range

    TestingLibraryElementError: Unable to find an element with the text: /\d{4}/. This could be because the text is broken up by multiple elements. In this case, you can provide a function for your text matcher to make your matcher more flexible.

    Ignored nodes: comments, script, style
    [36m<body>[39m
      [36m<div>[39m
        [36m<div[39m
          [33mclass[39m=[32m"flex items-center gap-2"[39m
        [36m>[39m
          [36m<div[39m
            [33mclass[39m=[32m"flex items-center gap-2 text-sm text-muted-foreground"[39m
          [36m>[39m
            [36m<svg[39m
              [33mclass[39m=[32m"lucide lucide-calendar h-4 w-4"[39m
              [33mfill[39m=[32m"none"[39m
              [33mheight[39m=[32m"24"[39m
              [33mstroke[39m=[32m"currentColor"[39m
              [33mstroke-linecap[39m=[32m"round"[39m
              [33mstroke-linejoin[39m=[32m"round"[39m
              [33mstroke-width[39m=[32m"2"[39m
              [33mviewBox[39m=[32m"0 0 24 24"[39m
              [33mwidth[39m=[32m"24"[39m
              [33mxmlns[39m=[32m"http://www.w3.org/2000/svg"[39m
            [36m>[39m
              [36m<rect[39m
                [33mheight[39m=[32m"18"[39m
                [33mrx[39m=[32m"2"[39m
                [33mry[39m=[32m"2"[39m
                [33mwidth[39m=[32m"18"[39m
                [33mx[39m=[32m"3"[39m
                [33my[39m=[32m"4"[39m
              [36m/>[39m
              [36m<line[39m
                [33mx1[39m=[32m"16"[39m
                [33mx2[39m=[32m"16"[39m
                [33my1[39m=[32m"2"[39m
                [33my2[39m=[32m"6"[39m
              [36m/>[39m
              [36m<line[39m
                [33mx1[39m=[32m"8"[39m
                [33mx2[39m=[32m"8"[39m
                [33my1[39m=[32m"2"[39m
                [33my2[39m=[32m"6"[39m
              [36m/>[39m
              [36m<line[39m
                [33mx1[39m=[32m"3"[39m
                [33mx2[39m=[32m"21"[39m
                [33my1[39m=[32m"10"[39m
                [33my2[39m=[32m"10"[39m
              [36m/>[39m
            [36m</svg>[39m
            [36m<span>[39m
              [0mPériode:[0m
            [36m</span>[39m
          [36m</div>[39m
          [36m<div[39m
            [33mclass[39m=[32m"flex gap-1 bg-muted p-1 rounded-md"[39m
          [36m>[39m
            [36m<button[39m
              [33mclass[39m=[32m"px-3 py-1.5 text-sm rounded transition-colors hover:bg-background"[39m
            [36m>[39m
              [0mAujourd'hui[0m
            [36m</button>[39m
            [36m<button[39m
              [33mclass[39m=[32m"px-3 py-1.5 text-sm rounded transition-colors bg-primary text-primary-foreground"[39m
            [36m>[39m
              [0m7 derniers jours[0m
            [36m</button>[39m
            [36m<button[39m
              [33mclass[39m=[32m"px-3 py-1.5 text-sm rounded transition-colors hover:bg-background"[39m
            [36m>[39m
              [0m30 derniers jours[0m
            [36m</button>[39m
            [36m<button[39m
              [33mclass[39m=[32m"px-3 py-1.5 text-sm rounded transition-colors hover:bg-background"[39m
            [36m>[39m
              [0mTout[0m
            [36m</button>[39m
          [36m</div>[39m
        [36m</div>[39m
      [36m</div>[39m
    [36m</body>[39m

    [0m [90m 196 |[39m
     [90m 197 |[39m     [90m// Default 7 days should show year[39m
    [31m[1m>[22m[39m[90m 198 |[39m     [36mconst[39m dateText [33m=[39m screen[33m.[39mgetByText([35m/\d{4}/[39m)[33m;[39m
     [90m     |[39m                             [31m[1m^[22m[39m
     [90m 199 |[39m     expect(dateText)[33m.[39mtoBeInTheDocument()[33m;[39m
     [90m 200 |[39m   })[33m;[39m
     [90m 201 |[39m })[33m;[39m[0m

      at Object.getElementError (node_modules/@testing-library/dom/dist/config.js:37:19)
      at node_modules/@testing-library/dom/dist/query-helpers.js:76:38
      at node_modules/@testing-library/dom/dist/query-helpers.js:52:17
      at node_modules/@testing-library/dom/dist/query-helpers.js:95:19
      at Object.getByText (components/analytics/__tests__/DateFilter.test.tsx:198:29)

FAIL components/cv/__tests__/SkillsCloud.test.tsx
  ● SkillsCloud › should filter skills by category when button is clicked

    expect(received).toBeInTheDocument()

    received value must be an HTMLElement or an SVGElement.
    Received has value: null

    [0m [90m 85 |[39m
     [90m 86 |[39m     [90m// Should not show backend skills[39m
    [31m[1m>[22m[39m[90m 87 |[39m     expect(screen[33m.[39mqueryByText([32m'Go'[39m))[33m.[39mtoBeInTheDocument()[33m;[39m [90m// Still in DOM but filtered[39m
     [90m    |[39m                                      [31m[1m^[22m[39m
     [90m 88 |[39m     expect(screen[33m.[39mqueryByText([32m'Docker'[39m))[33m.[39mtoBeInTheDocument()[33m;[39m [90m// Still in DOM but filtered[39m
     [90m 89 |[39m   })[33m;[39m
     [90m 90 |[39m[0m

      at __EXTERNAL_MATCHER_TRAP__ (node_modules/expect/build/index.js:2240:22)
      at Object.throwingMatcher [as toBeInTheDocument] (node_modules/expect/build/index.js:2241:6)
      at Object.toBeInTheDocument (components/cv/__tests__/SkillsCloud.test.tsx:87:38)

  ● SkillsCloud › should apply correct color classes per category

    expect(element).toHaveClass("bg-blue-100")

    Expected the element to have class:
      bg-blue-100
    Received:
      flex flex-wrap gap-3 justify-center items-center p-8 bg-gray-50 dark:bg-gray-900 rounded-lg min-h-[300px]

    [0m [90m 135 |[39m
     [90m 136 |[39m     [90m// Backend should be blue[39m
    [31m[1m>[22m[39m[90m 137 |[39m     expect(goSkill)[33m.[39mtoHaveClass([32m'bg-blue-100'[39m)[33m;[39m
     [90m     |[39m                     [31m[1m^[22m[39m
     [90m 138 |[39m
     [90m 139 |[39m     [90m// Frontend should be purple[39m
     [90m 140 |[39m     expect(reactSkill)[33m.[39mtoHaveClass([32m'bg-purple-100'[39m)[33m;[39m[0m

      at Object.toHaveClass (components/cv/__tests__/SkillsCloud.test.tsx:137:21)

  ● SkillsCloud › should display tooltip with skill details

    expect(element).toHaveAttribute("title") // element.hasAttribute("title")

    Expected the element to have attribute:
      title
    Received:
      null

    [0m [90m 149 |[39m     [36mconst[39m goSkill [33m=[39m screen[33m.[39mgetByText([32m'Go'[39m)[33m.[39mparentElement[33m;[39m
     [90m 150 |[39m
    [31m[1m>[22m[39m[90m 151 |[39m     expect(goSkill)[33m.[39mtoHaveAttribute([32m'title'[39m)[33m;[39m
     [90m     |[39m                     [31m[1m^[22m[39m
     [90m 152 |[39m     expect(goSkill[33m?[39m[33m.[39mgetAttribute([32m'title'[39m))[33m.[39mtoContain([32m'Go'[39m)[33m;[39m
     [90m 153 |[39m     expect(goSkill[33m?[39m[33m.[39mgetAttribute([32m'title'[39m))[33m.[39mtoContain([32m'Niveau 5/5'[39m)[33m;[39m
     [90m 154 |[39m     expect(goSkill[33m?[39m[33m.[39mgetAttribute([32m'title'[39m))[33m.[39mtoContain([32m'4 ans'[39m)[33m;[39m[0m

      at Object.toHaveAttribute (components/cv/__tests__/SkillsCloud.test.tsx:151:21)

FAIL lib/__tests__/validations.test.ts
  ● Helper Functions › sanitizeString › should remove script tags and content

    expect(received).toBe(expected) // Object.is equality

    Expected: "Hello World"
    Received: "Hello alert(\"xss\") World"

    [0m [90m 334 |[39m       [36mconst[39m input [33m=[39m [32m'Hello <script>alert("xss")</script> World'[39m[33m;[39m
     [90m 335 |[39m       [36mconst[39m output [33m=[39m sanitizeString(input)[33m;[39m
    [31m[1m>[22m[39m[90m 336 |[39m       expect(output)[33m.[39mtoBe([32m'Hello World'[39m)[33m;[39m
     [90m     |[39m                      [31m[1m^[22m[39m
     [90m 337 |[39m     })[33m;[39m
     [90m 338 |[39m
     [90m 339 |[39m     it([32m'should trim whitespace'[39m[33m,[39m () [33m=>[39m {[0m

      at Object.toBe (lib/__tests__/validations.test.ts:336:22)

  ● Helper Functions › containsSQLInjection › should detect exec/execute

    expect(received).toBe(expected) // Object.is equality

    Expected: true
    Received: false

    [0m [90m 405 |[39m     it([32m'should detect exec/execute'[39m[33m,[39m () [33m=>[39m {
     [90m 406 |[39m       expect(containsSQLInjection([32m'exec(malicious)'[39m))[33m.[39mtoBe([36mtrue[39m)[33m;[39m
    [31m[1m>[22m[39m[90m 407 |[39m       expect(containsSQLInjection([32m'execute sp_help'[39m))[33m.[39mtoBe([36mtrue[39m)[33m;[39m
     [90m     |[39m                                                       [31m[1m^[22m[39m
     [90m 408 |[39m     })[33m;[39m
     [90m 409 |[39m
     [90m 410 |[39m     it([32m'should return false for safe strings'[39m[33m,[39m () [33m=>[39m {[0m

      at Object.toBe (lib/__tests__/validations.test.ts:407:55)

FAIL hooks/__tests__/useTimelineScroll.test.ts
  ● useTimelineScroll › should scroll to specific year

    expect(jest.fn()).toHaveBeenCalledWith(...expected)

    - Expected
    + Received

      Object {
        "behavior": "smooth",
    -   "top": 500,
    +   "top": 400,
      },

    Number of calls: 1

    [0m [90m 104 |[39m     })
     [90m 105 |[39m
    [31m[1m>[22m[39m[90m 106 |[39m     expect(window[33m.[39mscrollTo)[33m.[39mtoHaveBeenCalledWith({
     [90m     |[39m                             [31m[1m^[22m[39m
     [90m 107 |[39m       top[33m:[39m [35m500[39m[33m,[39m [90m// 500 (element top) + 0 (window.scrollY) - 100 (offset) = 400, but getBoundingClientRect.top is relative[39m
     [90m 108 |[39m       behavior[33m:[39m [32m'smooth'[39m[33m,[39m
     [90m 109 |[39m     })[0m

      at Object.toHaveBeenCalledWith (hooks/__tests__/useTimelineScroll.test.ts:106:29)

  ● useScrollDirection › should detect scroll up

    expect(received).toBe(expected) // Object.is equality

    Expected: "up"
    Received: "down"

    [0m [90m 192 |[39m     })
     [90m 193 |[39m
    [31m[1m>[22m[39m[90m 194 |[39m     expect(result[33m.[39mcurrent)[33m.[39mtoBe([32m'up'[39m)
     [90m     |[39m                            [31m[1m^[22m[39m
     [90m 195 |[39m   })
     [90m 196 |[39m })
     [90m 197 |[39m[0m

      at Object.toBe (hooks/__tests__/useTimelineScroll.test.ts:194:28)

FAIL hooks/__tests__/use3DSupport.test.ts
  ● use3DSupport › should detect WebGL 2.0 support on desktop

    TypeError: Failed to execute 'appendChild' on 'Node': parameter 1 is not of type 'Node'.

    [0m [90m 45 |[39m     mockGLContext[33m.[39mgetParameter[33m.[39mmockReturnValue([32m'NVIDIA GeForce GTX 1080'[39m)
     [90m 46 |[39m
    [31m[1m>[22m[39m[90m 47 |[39m     [36mconst[39m { result } [33m=[39m renderHook(() [33m=>[39m use3DSupport())
     [90m    |[39m                                  [31m[1m^[22m[39m
     [90m 48 |[39m
     [90m 49 |[39m     expect(result[33m.[39mcurrent[33m.[39misSupported)[33m.[39mtoBe([36mtrue[39m)
     [90m 50 |[39m     expect(result[33m.[39mcurrent[33m.[39mwebGLVersion)[33m.[39mtoBe([35m2[39m)[0m

      at Object.exports.convert (node_modules/jsdom/lib/jsdom/living/generated/Node.js:25:9)
      at HTMLBodyElement.appendChild (node_modules/jsdom/lib/jsdom/living/generated/Node.js:404:26)
      at render (node_modules/@testing-library/react/dist/pure.js:260:29)
      at renderHook (node_modules/@testing-library/react/dist/pure.js:340:7)
      at Object.<anonymous> (hooks/__tests__/use3DSupport.test.ts:47:34)

  ● use3DSupport › should detect WebGL 1.0 support when WebGL 2.0 is unavailable

    TypeError: Failed to execute 'appendChild' on 'Node': parameter 1 is not of type 'Node'.

    [0m [90m 69 |[39m     mockGLContext[33m.[39mgetParameter[33m.[39mmockReturnValue([32m'Intel HD Graphics'[39m)
     [90m 70 |[39m
    [31m[1m>[22m[39m[90m 71 |[39m     [36mconst[39m { result } [33m=[39m renderHook(() [33m=>[39m use3DSupport())
     [90m    |[39m                                  [31m[1m^[22m[39m
     [90m 72 |[39m
     [90m 73 |[39m     expect(result[33m.[39mcurrent[33m.[39misSupported)[33m.[39mtoBe([36mtrue[39m)
     [90m 74 |[39m     expect(result[33m.[39mcurrent[33m.[39mwebGLVersion)[33m.[39mtoBe([35m1[39m)[0m

      at Object.exports.convert (node_modules/jsdom/lib/jsdom/living/generated/Node.js:25:9)
      at HTMLBodyElement.appendChild (node_modules/jsdom/lib/jsdom/living/generated/Node.js:404:26)
      at render (node_modules/@testing-library/react/dist/pure.js:260:29)
      at renderHook (node_modules/@testing-library/react/dist/pure.js:340:7)
      at Object.<anonymous> (hooks/__tests__/use3DSupport.test.ts:71:34)

  ● use3DSupport › should detect mobile devices

    TypeError: Failed to execute 'appendChild' on 'Node': parameter 1 is not of type 'Node'.

    [0m [90m 87 |[39m     mockGLContext[33m.[39mgetParameter[33m.[39mmockReturnValue([32m'Apple A14 GPU'[39m)
     [90m 88 |[39m
    [31m[1m>[22m[39m[90m 89 |[39m     [36mconst[39m { result } [33m=[39m renderHook(() [33m=>[39m use3DSupport())
     [90m    |[39m                                  [31m[1m^[22m[39m
     [90m 90 |[39m
     [90m 91 |[39m     expect(result[33m.[39mcurrent[33m.[39misMobile)[33m.[39mtoBe([36mtrue[39m)
     [90m 92 |[39m     expect(result[33m.[39mcurrent[33m.[39mperformanceLevel)[33m.[39mtoBe([32m'medium'[39m)[0m

      at Object.exports.convert (node_modules/jsdom/lib/jsdom/living/generated/Node.js:25:9)
      at HTMLBodyElement.appendChild (node_modules/jsdom/lib/jsdom/living/generated/Node.js:404:26)
      at render (node_modules/@testing-library/react/dist/pure.js:260:29)
      at renderHook (node_modules/@testing-library/react/dist/pure.js:340:7)
      at Object.<anonymous> (hooks/__tests__/use3DSupport.test.ts:89:34)

  ● use3DSupport › should not support 3D on low-end mobile devices

    TypeError: Failed to execute 'appendChild' on 'Node': parameter 1 is not of type 'Node'.

    [0m [90m 104 |[39m     mockGLContext[33m.[39mgetParameter[33m.[39mmockReturnValue([32m'Mali-G72'[39m)
     [90m 105 |[39m
    [31m[1m>[22m[39m[90m 106 |[39m     [36mconst[39m { result } [33m=[39m renderHook(() [33m=>[39m use3DSupport())
     [90m     |[39m                                  [31m[1m^[22m[39m
     [90m 107 |[39m
     [90m 108 |[39m     expect(result[33m.[39mcurrent[33m.[39misMobile)[33m.[39mtoBe([36mtrue[39m)
     [90m 109 |[39m     expect(result[33m.[39mcurrent[33m.[39mperformanceLevel)[33m.[39mtoBe([32m'low'[39m)[0m

      at Object.exports.convert (node_modules/jsdom/lib/jsdom/living/generated/Node.js:25:9)
      at HTMLBodyElement.appendChild (node_modules/jsdom/lib/jsdom/living/generated/Node.js:404:26)
      at render (node_modules/@testing-library/react/dist/pure.js:260:29)
      at renderHook (node_modules/@testing-library/react/dist/pure.js:340:7)
      at Object.<anonymous> (hooks/__tests__/use3DSupport.test.ts:106:34)

  ● use3DSupport › should handle WebGL not available

    TypeError: Failed to execute 'appendChild' on 'Node': parameter 1 is not of type 'Node'.

    [0m [90m 115 |[39m     mockCanvas[33m.[39mgetContext [33m=[39m jest[33m.[39mfn(() [33m=>[39m [36mnull[39m)
     [90m 116 |[39m
    [31m[1m>[22m[39m[90m 117 |[39m     [36mconst[39m { result } [33m=[39m renderHook(() [33m=>[39m use3DSupport())
     [90m     |[39m                                  [31m[1m^[22m[39m
     [90m 118 |[39m
     [90m 119 |[39m     expect(result[33m.[39mcurrent[33m.[39misSupported)[33m.[39mtoBe([36mfalse[39m)
     [90m 120 |[39m     expect(result[33m.[39mcurrent[33m.[39mwebGLVersion)[33m.[39mtoBeNull()[0m

      at Object.exports.convert (node_modules/jsdom/lib/jsdom/living/generated/Node.js:25:9)
      at HTMLBodyElement.appendChild (node_modules/jsdom/lib/jsdom/living/generated/Node.js:404:26)
      at render (node_modules/@testing-library/react/dist/pure.js:260:29)
      at renderHook (node_modules/@testing-library/react/dist/pure.js:340:7)
      at Object.<anonymous> (hooks/__tests__/use3DSupport.test.ts:117:34)

  ● use3DSupport › should handle WebGL context creation errors

    TypeError: Failed to execute 'appendChild' on 'Node': parameter 1 is not of type 'Node'.

    [0m [90m 127 |[39m     })
     [90m 128 |[39m
    [31m[1m>[22m[39m[90m 129 |[39m     [36mconst[39m { result } [33m=[39m renderHook(() [33m=>[39m use3DSupport())
     [90m     |[39m                                  [31m[1m^[22m[39m
     [90m 130 |[39m
     [90m 131 |[39m     expect(result[33m.[39mcurrent[33m.[39misSupported)[33m.[39mtoBe([36mfalse[39m)
     [90m 132 |[39m     expect(result[33m.[39mcurrent[33m.[39mreason)[33m.[39mtoBe([32m'WebGL not available'[39m)[0m

      at Object.exports.convert (node_modules/jsdom/lib/jsdom/living/generated/Node.js:25:9)
      at HTMLBodyElement.appendChild (node_modules/jsdom/lib/jsdom/living/generated/Node.js:404:26)
      at render (node_modules/@testing-library/react/dist/pure.js:260:29)
      at renderHook (node_modules/@testing-library/react/dist/pure.js:340:7)
      at Object.<anonymous> (hooks/__tests__/use3DSupport.test.ts:129:34)

  ● use3DSupport › should adjust performance level based on device memory

    TypeError: Failed to execute 'appendChild' on 'Node': parameter 1 is not of type 'Node'.

    [0m [90m 145 |[39m     mockGLContext[33m.[39mgetParameter[33m.[39mmockReturnValue([32m'NVIDIA GeForce GTX 1080'[39m)
     [90m 146 |[39m
    [31m[1m>[22m[39m[90m 147 |[39m     [36mconst[39m { result } [33m=[39m renderHook(() [33m=>[39m use3DSupport())
     [90m     |[39m                                  [31m[1m^[22m[39m
     [90m 148 |[39m
     [90m 149 |[39m     [90m// Should be low because of low RAM even with good GPU[39m
     [90m 150 |[39m     expect(result[33m.[39mcurrent[33m.[39mperformanceLevel)[33m.[39mtoBe([32m'low'[39m)[0m

      at Object.exports.convert (node_modules/jsdom/lib/jsdom/living/generated/Node.js:25:9)
      at HTMLBodyElement.appendChild (node_modules/jsdom/lib/jsdom/living/generated/Node.js:404:26)
      at render (node_modules/@testing-library/react/dist/pure.js:260:29)
      at renderHook (node_modules/@testing-library/react/dist/pure.js:340:7)
      at Object.<anonymous> (hooks/__tests__/use3DSupport.test.ts:147:34)

  ● useHas3DSupport › should return boolean support status

    TypeError: Failed to execute 'appendChild' on 'Node': parameter 1 is not of type 'Node'.

    [0m [90m 172 |[39m
     [90m 173 |[39m   it([32m'should return boolean support status'[39m[33m,[39m () [33m=>[39m {
    [31m[1m>[22m[39m[90m 174 |[39m     [36mconst[39m { result } [33m=[39m renderHook(() [33m=>[39m useHas3DSupport())
     [90m     |[39m                                  [31m[1m^[22m[39m
     [90m 175 |[39m
     [90m 176 |[39m     expect([36mtypeof[39m result[33m.[39mcurrent)[33m.[39mtoBe([32m'boolean'[39m)
     [90m 177 |[39m     expect(result[33m.[39mcurrent)[33m.[39mtoBe([36mtrue[39m)[0m

      at Object.exports.convert (node_modules/jsdom/lib/jsdom/living/generated/Node.js:25:9)
      at HTMLBodyElement.appendChild (node_modules/jsdom/lib/jsdom/living/generated/Node.js:404:26)
      at render (node_modules/@testing-library/react/dist/pure.js:260:29)
      at renderHook (node_modules/@testing-library/react/dist/pure.js:340:7)
      at Object.<anonymous> (hooks/__tests__/use3DSupport.test.ts:174:34)

  ● use3DQualitySettings › should return high quality settings for high performance

    TypeError: Failed to execute 'appendChild' on 'Node': parameter 1 is not of type 'Node'.

    [0m [90m 215 |[39m     document[33m.[39mcreateElement [33m=[39m jest[33m.[39mfn(() [33m=>[39m mockCanvas [36mas[39m any)
     [90m 216 |[39m
    [31m[1m>[22m[39m[90m 217 |[39m     [36mconst[39m { result } [33m=[39m renderHook(() [33m=>[39m use3DQualitySettings())
     [90m     |[39m                                  [31m[1m^[22m[39m
     [90m 218 |[39m
     [90m 219 |[39m     expect(result[33m.[39mcurrent[33m.[39mantialias)[33m.[39mtoBe([36mtrue[39m)
     [90m 220 |[39m     expect(result[33m.[39mcurrent[33m.[39mshadows)[33m.[39mtoBe([36mtrue[39m)[0m

      at Object.exports.convert (node_modules/jsdom/lib/jsdom/living/generated/Node.js:25:9)
      at HTMLBodyElement.appendChild (node_modules/jsdom/lib/jsdom/living/generated/Node.js:404:26)
      at render (node_modules/@testing-library/react/dist/pure.js:260:29)
      at renderHook (node_modules/@testing-library/react/dist/pure.js:340:7)
      at Object.<anonymous> (hooks/__tests__/use3DSupport.test.ts:217:34)

  ● use3DQualitySettings › should return medium quality settings for medium performance

    TypeError: Failed to execute 'appendChild' on 'Node': parameter 1 is not of type 'Node'.

    [0m [90m 238 |[39m     document[33m.[39mcreateElement [33m=[39m jest[33m.[39mfn(() [33m=>[39m mockCanvas [36mas[39m any)
     [90m 239 |[39m
    [31m[1m>[22m[39m[90m 240 |[39m     [36mconst[39m { result } [33m=[39m renderHook(() [33m=>[39m use3DQualitySettings())
     [90m     |[39m                                  [31m[1m^[22m[39m
     [90m 241 |[39m
     [90m 242 |[39m     expect(result[33m.[39mcurrent[33m.[39mantialias)[33m.[39mtoBe([36mtrue[39m)
     [90m 243 |[39m     expect(result[33m.[39mcurrent[33m.[39mshadows)[33m.[39mtoBe([36mfalse[39m)[0m

      at Object.exports.convert (node_modules/jsdom/lib/jsdom/living/generated/Node.js:25:9)
      at HTMLBodyElement.appendChild (node_modules/jsdom/lib/jsdom/living/generated/Node.js:404:26)
      at render (node_modules/@testing-library/react/dist/pure.js:260:29)
      at renderHook (node_modules/@testing-library/react/dist/pure.js:340:7)
      at Object.<anonymous> (hooks/__tests__/use3DSupport.test.ts:240:34)

  ● use3DQualitySettings › should return low quality settings for low performance

    TypeError: Failed to execute 'appendChild' on 'Node': parameter 1 is not of type 'Node'.

    [0m [90m 266 |[39m     })
     [90m 267 |[39m
    [31m[1m>[22m[39m[90m 268 |[39m     [36mconst[39m { result } [33m=[39m renderHook(() [33m=>[39m use3DQualitySettings())
     [90m     |[39m                                  [31m[1m^[22m[39m
     [90m 269 |[39m
     [90m 270 |[39m     expect(result[33m.[39mcurrent[33m.[39mantialias)[33m.[39mtoBe([36mfalse[39m)
     [90m 271 |[39m     expect(result[33m.[39mcurrent[33m.[39mshadows)[33m.[39mtoBe([36mfalse[39m)[0m

      at Object.exports.convert (node_modules/jsdom/lib/jsdom/living/generated/Node.js:25:9)
      at HTMLBodyElement.appendChild (node_modules/jsdom/lib/jsdom/living/generated/Node.js:404:26)
      at render (node_modules/@testing-library/react/dist/pure.js:260:29)
      at renderHook (node_modules/@testing-library/react/dist/pure.js:340:7)
      at Object.<anonymous> (hooks/__tests__/use3DSupport.test.ts:268:34)

FAIL components/__tests__/LoadingSpinner.test.tsx
  ● LoadingSpinner › should use correct stroke width

    expect(element).toHaveAttribute("strokeWidth", "4") // element.getAttribute("strokeWidth") === "4"

    Expected the element to have attribute:
      strokeWidth="4"
    Received:
      null

    [0m [90m 182 |[39m
     [90m 183 |[39m     [36mconst[39m circle [33m=[39m container[33m.[39mquerySelector([32m'circle'[39m)[33m;[39m
    [31m[1m>[22m[39m[90m 184 |[39m     expect(circle)[33m.[39mtoHaveAttribute([32m'strokeWidth'[39m[33m,[39m [32m'4'[39m)[33m;[39m
     [90m     |[39m                    [31m[1m^[22m[39m
     [90m 185 |[39m   })[33m;[39m
     [90m 186 |[39m
     [90m 187 |[39m   it([32m'should render consistently across different sizes'[39m[33m,[39m () [33m=>[39m {[0m

      at Object.toHaveAttribute (components/__tests__/LoadingSpinner.test.tsx:184:20)

FAIL hooks/__tests__/useAnalyticsWebSocket.test.ts (6.802 s)
  ● useAnalyticsWebSocket › should receive and parse WebSocket messages

    expect(received).toBeTruthy()

    Received: null

    Ignored nodes: comments, script, style
    [36m<html>[39m
      [36m<head />[39m
      [36m<body>[39m
        [36m<div />[39m
      [36m</body>[39m
    [36m</html>[39m

    [0m [90m 86 |[39m
     [90m 87 |[39m     [36mawait[39m waitFor(() [33m=>[39m {
    [31m[1m>[22m[39m[90m 88 |[39m       expect(result[33m.[39mcurrent[33m.[39mdata)[33m.[39mtoBeTruthy()
     [90m    |[39m                                   [31m[1m^[22m[39m
     [90m 89 |[39m     })
     [90m 90 |[39m   })
     [90m 91 |[39m[0m

      at toBeTruthy (hooks/__tests__/useAnalyticsWebSocket.test.ts:88:35)
      at runWithExpensiveErrorDiagnosticsDisabled (node_modules/@testing-library/dom/dist/config.js:47:12)
      at checkCallback (node_modules/@testing-library/dom/dist/wait-for.js:124:77)
      at checkRealTimersCallback (node_modules/@testing-library/dom/dist/wait-for.js:118:16)
      at Timeout.task [as _onTimeout] (node_modules/jsdom/lib/jsdom/browser/Window.js:579:19)

  ● useAnalyticsWebSocket › should handle invalid JSON in messages

    expect(jest.fn()).toHaveBeenCalled()

    Expected number of calls: >= 1
    Received number of calls:    0

    Ignored nodes: comments, script, style
    [36m<html>[39m
      [36m<head />[39m
      [36m<body>[39m
        [36m<div />[39m
      [36m</body>[39m
    [36m</html>[39m

    [0m [90m 108 |[39m
     [90m 109 |[39m     [36mawait[39m waitFor(() [33m=>[39m {
    [31m[1m>[22m[39m[90m 110 |[39m       expect(consoleErrorSpy)[33m.[39mtoHaveBeenCalled()
     [90m     |[39m                               [31m[1m^[22m[39m
     [90m 111 |[39m     })
     [90m 112 |[39m
     [90m 113 |[39m     consoleErrorSpy[33m.[39mmockRestore()[0m

      at toHaveBeenCalled (hooks/__tests__/useAnalyticsWebSocket.test.ts:110:31)
      at runWithExpensiveErrorDiagnosticsDisabled (node_modules/@testing-library/dom/dist/config.js:47:12)
      at checkCallback (node_modules/@testing-library/dom/dist/wait-for.js:124:77)
      at checkRealTimersCallback (node_modules/@testing-library/dom/dist/wait-for.js:118:16)
      at Timeout.task [as _onTimeout] (node_modules/jsdom/lib/jsdom/browser/Window.js:579:19)

  ● useAnalyticsWebSocket › should handle WebSocket errors

    expect(received).toBeTruthy()

    Received: null

    Ignored nodes: comments, script, style
    [36m<html>[39m
      [36m<head />[39m
      [36m<body>[39m
        [36m<div />[39m
      [36m</body>[39m
    [36m</html>[39m

    [0m [90m 132 |[39m
     [90m 133 |[39m     [36mawait[39m waitFor(() [33m=>[39m {
    [31m[1m>[22m[39m[90m 134 |[39m       expect(result[33m.[39mcurrent[33m.[39merror)[33m.[39mtoBeTruthy()
     [90m     |[39m                                    [31m[1m^[22m[39m
     [90m 135 |[39m     })
     [90m 136 |[39m
     [90m 137 |[39m     expect(result[33m.[39mcurrent[33m.[39merror[33m?[39m[33m.[39mmessage)[33m.[39mtoBe([32m'WebSocket error'[39m)[0m

      at toBeTruthy (hooks/__tests__/useAnalyticsWebSocket.test.ts:134:36)
      at runWithExpensiveErrorDiagnosticsDisabled (node_modules/@testing-library/dom/dist/config.js:47:12)
      at checkCallback (node_modules/@testing-library/dom/dist/wait-for.js:124:77)
      at checkRealTimersCallback (node_modules/@testing-library/dom/dist/wait-for.js:118:16)
      at Timeout.task [as _onTimeout] (node_modules/jsdom/lib/jsdom/browser/Window.js:579:19)

  ● useAnalyticsWebSocket › should handle disconnection

    expect(received).toBe(expected) // Object.is equality

    Expected: false
    Received: true

    Ignored nodes: comments, script, style
    [36m<html>[39m
      [36m<head />[39m
      [36m<body>[39m
        [36m<div />[39m
      [36m</body>[39m
    [36m</html>[39m

    [0m [90m 153 |[39m
     [90m 154 |[39m     [36mawait[39m waitFor(() [33m=>[39m {
    [31m[1m>[22m[39m[90m 155 |[39m       expect(result[33m.[39mcurrent[33m.[39misConnected)[33m.[39mtoBe([36mfalse[39m)
     [90m     |[39m                                          [31m[1m^[22m[39m
     [90m 156 |[39m     })
     [90m 157 |[39m   })
     [90m 158 |[39m[0m

      at toBe (hooks/__tests__/useAnalyticsWebSocket.test.ts:155:42)
      at runWithExpensiveErrorDiagnosticsDisabled (node_modules/@testing-library/dom/dist/config.js:47:12)
      at checkCallback (node_modules/@testing-library/dom/dist/wait-for.js:124:77)
      at checkRealTimersCallback (node_modules/@testing-library/dom/dist/wait-for.js:118:16)
      at Timeout.task [as _onTimeout] (node_modules/jsdom/lib/jsdom/browser/Window.js:579:19)

  ● useAnalyticsWebSocket › should reconnect when reconnect is called

    expect(received).toBe(expected) // Object.is equality

    Expected: false
    Received: true

    Ignored nodes: comments, script, style
    [36m<html>[39m
      [36m<head />[39m
      [36m<body>[39m
        [36m<div />[39m
      [36m</body>[39m
    [36m</html>[39m

    [0m [90m 171 |[39m
     [90m 172 |[39m     [36mawait[39m waitFor(() [33m=>[39m {
    [31m[1m>[22m[39m[90m 173 |[39m       expect(result[33m.[39mcurrent[33m.[39misConnected)[33m.[39mtoBe([36mfalse[39m)
     [90m     |[39m                                          [31m[1m^[22m[39m
     [90m 174 |[39m     })
     [90m 175 |[39m
     [90m 176 |[39m     [90m// Reconnect[39m[0m

      at toBe (hooks/__tests__/useAnalyticsWebSocket.test.ts:173:42)
      at runWithExpensiveErrorDiagnosticsDisabled (node_modules/@testing-library/dom/dist/config.js:47:12)
      at checkCallback (node_modules/@testing-library/dom/dist/wait-for.js:124:77)
      at checkRealTimersCallback (node_modules/@testing-library/dom/dist/wait-for.js:118:16)
      at Timeout.task [as _onTimeout] (node_modules/jsdom/lib/jsdom/browser/Window.js:579:19)

  ● useAnalyticsWebSocket › should close WebSocket on unmount

    expect(jest.fn()).toHaveBeenCalled()

    Expected number of calls: >= 1
    Received number of calls:    0

    [0m [90m 196 |[39m
     [90m 197 |[39m     [90m// WebSocket should be closed[39m
    [31m[1m>[22m[39m[90m 198 |[39m     expect(closeSpy)[33m.[39mtoHaveBeenCalled()
     [90m     |[39m                      [31m[1m^[22m[39m
     [90m 199 |[39m
     [90m 200 |[39m     closeSpy[33m.[39mmockRestore()
     [90m 201 |[39m   })[0m

      at Object.toHaveBeenCalled (hooks/__tests__/useAnalyticsWebSocket.test.ts:198:22)

FAIL components/__tests__/GitHubConnect.test.tsx (7.058 s)
  ● GitHubConnect › should fetch auth URL when button is clicked

    expect(jest.fn()).toHaveBeenCalledWith(...expected)

    Expected: "https://github.com/login/oauth/authorize?client_id=test", "GitHub OAuth", StringContaining "width=600"

    Number of calls: 0

    Ignored nodes: comments, script, style
    [36m<html>[39m
      [36m<head />[39m
      [36m<body>[39m
        [36m<div>[39m
          [36m<div[39m
            [33mclass[39m=[32m"github-connect"[39m
          [36m>[39m
            [36m<button[39m
              [33mclass[39m=[32m"
              flex items-center gap-2 px-6 py-3 rounded-lg font-medium
              transition-all duration-200
              bg-gray-900 text-white hover:bg-gray-800 active:scale-95
            "[39m
            [36m>[39m
              [36m<svg[39m
                [33mclass[39m=[32m"h-5 w-5"[39m
                [33mfill[39m=[32m"currentColor"[39m
                [33mviewBox[39m=[32m"0 0 24 24"[39m
              [36m>[39m
                [36m<path[39m
                  [33mclip-rule[39m=[32m"evenodd"[39m
                  [33md[39m=[32m"M12 2C6.477 2 2 6.477 2 12c0 4.42 2.865 8.17 6.839 9.49.5.092.682-.217.682-.482 0-.237-.008-.866-.013-1.7-2.782.603-3.369-1.34-3.369-1.34-.454-1.156-1.11-1.463-1.11-1.463-.908-.62.069-.608.069-.608 1.003.07 1.531 1.03 1.531 1.03.892 1.529 2.341 1.087 2.91.832.092-.647.35-1.088.636-1.338-2.22-.253-4.555-1.11-4.555-4.943 0-1.091.39-1.984 1.029-2.683-.103-.253-.446-1.27.098-2.647 0 0 .84-.269 2.75 1.025A9.578 9.578 0 0112 6.836c.85.004 1.705.114 2.504.336 1.909-1.294 2.747-1.025 2.747-1.025.546 1.377.203 2.394.1 2.647.64.699 1.028 1.592 1.028 2.683 0 3.842-2.339 4.687-4.566 4.935.359.309.678.919.678 1.852 0 1.336-.012 2.415-.012 2.743 0 .267.18.578.688.48C19.138 20.167 22 16.418 22 12c0-5.523-4.477-10-10-10z"[39m
                  [33mfill-rule[39m=[32m"evenodd"[39m
                [36m/>[39m
              [36m</svg>[39m
              [36m<span>[39m
                [0mConnecter GitHub[0m
              [36m</span>[39m
            [36m</button>[39m
            [36m<div[39m
              [33mclass[39m=[32m"mt-2 text-sm text-red-600"[39m
            [36m>[39m
              [0mErreur: [0m
              [0mFailed to parse URL from undefined/api/v1/github/auth-url[0m
            [36m</div>[39m
          [36m</div>[39m
        [36m</div>[39m
      [36m</body>[39m
    [36m</html>[39m

    [0m [90m 57 |[39m
     [90m 58 |[39m     [36mawait[39m waitFor(() [33m=>[39m {
    [31m[1m>[22m[39m[90m 59 |[39m       expect(window[33m.[39mopen)[33m.[39mtoHaveBeenCalledWith(
     [90m    |[39m                           [31m[1m^[22m[39m
     [90m 60 |[39m         mockAuthUrl[33m,[39m
     [90m 61 |[39m         [32m'GitHub OAuth'[39m[33m,[39m
     [90m 62 |[39m         expect[33m.[39mstringContaining([32m'width=600'[39m)[0m

      at toHaveBeenCalledWith (components/__tests__/GitHubConnect.test.tsx:59:27)
      at runWithExpensiveErrorDiagnosticsDisabled (node_modules/@testing-library/dom/dist/config.js:47:12)
      at checkCallback (node_modules/@testing-library/dom/dist/wait-for.js:124:77)
      at checkRealTimersCallback (node_modules/@testing-library/dom/dist/wait-for.js:118:16)
      at Timeout.task [as _onTimeout] (node_modules/jsdom/lib/jsdom/browser/Window.js:579:19)

  ● GitHubConnect › should show loading state during connection

    expect(element).toBeDisabled()

    Received element is not disabled:
      <button class="
              flex items-center gap-2 px-6 py-3 rounded-lg font-medium
              transition-all duration-200
              bg-gray-900 text-white hover:bg-gray-800 active:scale-95
            " />

    [0m [90m 85 |[39m
     [90m 86 |[39m     [36mconst[39m loadingButton [33m=[39m screen[33m.[39mgetByRole([32m'button'[39m)[33m;[39m
    [31m[1m>[22m[39m[90m 87 |[39m     expect(loadingButton)[33m.[39mtoBeDisabled()[33m;[39m
     [90m    |[39m                           [31m[1m^[22m[39m
     [90m 88 |[39m
     [90m 89 |[39m     [90m// Check for loading spinner[39m
     [90m 90 |[39m     [36mconst[39m spinner [33m=[39m document[33m.[39mquerySelector([32m'.animate-spin'[39m)[33m;[39m[0m

      at Object.toBeDisabled (components/__tests__/GitHubConnect.test.tsx:87:27)

  ● GitHubConnect › should handle API error when fetching auth URL

    TestingLibraryElementError: Unable to find an element with the text: /failed to get github auth url/i. This could be because the text is broken up by multiple elements. In this case, you can provide a function for your text matcher to make your matcher more flexible.

    Ignored nodes: comments, script, style
    [36m<body>[39m
      [36m<div>[39m
        [36m<div[39m
          [33mclass[39m=[32m"github-connect"[39m
        [36m>[39m
          [36m<button[39m
            [33mclass[39m=[32m"
              flex items-center gap-2 px-6 py-3 rounded-lg font-medium
              transition-all duration-200
              bg-gray-900 text-white hover:bg-gray-800 active:scale-95
            "[39m
          [36m>[39m
            [36m<svg[39m
              [33mclass[39m=[32m"h-5 w-5"[39m
              [33mfill[39m=[32m"currentColor"[39m
              [33mviewBox[39m=[32m"0 0 24 24"[39m
            [36m>[39m
              [36m<path[39m
                [33mclip-rule[39m=[32m"evenodd"[39m
                [33md[39m=[32m"M12 2C6.477 2 2 6.477 2 12c0 4.42 2.865 8.17 6.839 9.49.5.092.682-.217.682-.482 0-.237-.008-.866-.013-1.7-2.782.603-3.369-1.34-3.369-1.34-.454-1.156-1.11-1.463-1.11-1.463-.908-.62.069-.608.069-.608 1.003.07 1.531 1.03 1.531 1.03.892 1.529 2.341 1.087 2.91.832.092-.647.35-1.088.636-1.338-2.22-.253-4.555-1.11-4.555-4.943 0-1.091.39-1.984 1.029-2.683-.103-.253-.446-1.27.098-2.647 0 0 .84-.269 2.75 1.025A9.578 9.578 0 0112 6.836c.85.004 1.705.114 2.504.336 1.909-1.294 2.747-1.025 2.747-1.025.546 1.377.203 2.394.1 2.647.64.699 1.028 1.592 1.028 2.683 0 3.842-2.339 4.687-4.566 4.935.359.309.678.919.678 1.852 0 1.336-.012 2.415-.012 2.743 0 .267.18.578.688.48C19.138 20.167 22 16.418 22 12c0-5.523-4.477-10-10-10z"[39m
                [33mfill-rule[39m=[32m"evenodd"[39m
              [36m/>[39m
            [36m</svg>[39m
            [36m<span>[39m
              [0mConnecter GitHub[0m
            [36m</span>[39m
          [36m</button>[39m
          [36m<div[39m
            [33mclass[39m=[32m"mt-2 text-sm text-red-600"[39m
          [36m>[39m
            [0mErreur: [0m
            [0mFailed to parse URL from undefined/api/v1/github/auth-url[0m
          [36m</div>[39m
        [36m</div>[39m
      [36m</div>[39m
    [36m</body>[39m

    [0m [90m 112 |[39m     })[33m;[39m
     [90m 113 |[39m
    [31m[1m>[22m[39m[90m 114 |[39m     expect(screen[33m.[39mgetByText([35m/failed to get github auth url/i[39m))[33m.[39mtoBeInTheDocument()[33m;[39m
     [90m     |[39m                   [31m[1m^[22m[39m
     [90m 115 |[39m
     [90m 116 |[39m     consoleErrorSpy[33m.[39mmockRestore()[33m;[39m
     [90m 117 |[39m   })[33m;[39m[0m

      at Object.getElementError (node_modules/@testing-library/dom/dist/config.js:37:19)
      at node_modules/@testing-library/dom/dist/query-helpers.js:76:38
      at node_modules/@testing-library/dom/dist/query-helpers.js:52:17
      at node_modules/@testing-library/dom/dist/query-helpers.js:95:19
      at Object.getByText (components/__tests__/GitHubConnect.test.tsx:114:19)

  ● GitHubConnect › should call onConnectSuccess when connection succeeds

    expect(jest.fn()).toHaveBeenCalled()

    Expected number of calls: >= 1
    Received number of calls:    0

    Ignored nodes: comments, script, style
    [36m<html>[39m
      [36m<head />[39m
      [36m<body>[39m
        [36m<div>[39m
          [36m<div[39m
            [33mclass[39m=[32m"github-connect"[39m
          [36m>[39m
            [36m<button[39m
              [33mclass[39m=[32m"
              flex items-center gap-2 px-6 py-3 rounded-lg font-medium
              transition-all duration-200
              bg-gray-900 text-white hover:bg-gray-800 active:scale-95
            "[39m
            [36m>[39m
              [36m<svg[39m
                [33mclass[39m=[32m"h-5 w-5"[39m
                [33mfill[39m=[32m"currentColor"[39m
                [33mviewBox[39m=[32m"0 0 24 24"[39m
              [36m>[39m
                [36m<path[39m
                  [33mclip-rule[39m=[32m"evenodd"[39m
                  [33md[39m=[32m"M12 2C6.477 2 2 6.477 2 12c0 4.42 2.865 8.17 6.839 9.49.5.092.682-.217.682-.482 0-.237-.008-.866-.013-1.7-2.782.603-3.369-1.34-3.369-1.34-.454-1.156-1.11-1.463-1.11-1.463-.908-.62.069-.608.069-.608 1.003.07 1.531 1.03 1.531 1.03.892 1.529 2.341 1.087 2.91.832.092-.647.35-1.088.636-1.338-2.22-.253-4.555-1.11-4.555-4.943 0-1.091.39-1.984 1.029-2.683-.103-.253-.446-1.27.098-2.647 0 0 .84-.269 2.75 1.025A9.578 9.578 0 0112 6.836c.85.004 1.705.114 2.504.336 1.909-1.294 2.747-1.025 2.747-1.025.546 1.377.203 2.394.1 2.647.64.699 1.028 1.592 1.028 2.683 0 3.842-2.339 4.687-4.566 4.935.359.309.678.919.678 1.852 0 1.336-.012 2.415-.012 2.743 0 .267.18.578.688.48C19.138 20.167 22 16.418 22 12c0-5.523-4.477-10-10-10z"[39m
                  [33mfill-rule[39m=[32m"evenodd"[39m
                [36m/>[39m
              [36m</svg>[39m
              [36m<span>[39m
                [0mConnecter GitHub[0m
              [36m</span>[39m
            [36m</button>[39m
            [36m<div[39m
              [33mclass[39m=[32m"mt-2 text-sm text-red-600"[39m
            [36m>[39m
              [0mErreur: [0m
              [0mFailed to parse URL from undefined/api/v1/github/auth-url[0m
            [36m</div>[39m
          [36m</div>[39m
        [36m</div>[39m
      [36m</body>[39m
    [36m</html>[39m

    [0m [90m 135 |[39m
     [90m 136 |[39m     [36mawait[39m waitFor(() [33m=>[39m {
    [31m[1m>[22m[39m[90m 137 |[39m       expect(window[33m.[39mopen)[33m.[39mtoHaveBeenCalled()[33m;[39m
     [90m     |[39m                           [31m[1m^[22m[39m
     [90m 138 |[39m     })[33m;[39m
     [90m 139 |[39m
     [90m 140 |[39m     [90m// Simulate popup closing after successful auth[39m[0m

      at toHaveBeenCalled (components/__tests__/GitHubConnect.test.tsx:137:27)
      at runWithExpensiveErrorDiagnosticsDisabled (node_modules/@testing-library/dom/dist/config.js:47:12)
      at checkCallback (node_modules/@testing-library/dom/dist/wait-for.js:124:77)
      at checkRealTimersCallback (node_modules/@testing-library/dom/dist/wait-for.js:118:16)
      at Timeout.task [as _onTimeout] (node_modules/jsdom/lib/jsdom/browser/Window.js:579:19)

  ● GitHubConnect › should call onConnectError when connection fails

    expect(jest.fn()).toHaveBeenCalledWith(...expected)

    Expected: StringContaining "Failed to get GitHub auth URL"
    Received: "Failed to parse URL from undefined/api/v1/github/auth-url"

    Number of calls: 1

    Ignored nodes: comments, script, style
    [36m<html>[39m
      [36m<head />[39m
      [36m<body>[39m
        [36m<div>[39m
          [36m<div[39m
            [33mclass[39m=[32m"github-connect"[39m
          [36m>[39m
            [36m<button[39m
              [33mclass[39m=[32m"
              flex items-center gap-2 px-6 py-3 rounded-lg font-medium
              transition-all duration-200
              bg-gray-900 text-white hover:bg-gray-800 active:scale-95
            "[39m
            [36m>[39m
              [36m<svg[39m
                [33mclass[39m=[32m"h-5 w-5"[39m
                [33mfill[39m=[32m"currentColor"[39m
                [33mviewBox[39m=[32m"0 0 24 24"[39m
              [36m>[39m
                [36m<path[39m
                  [33mclip-rule[39m=[32m"evenodd"[39m
                  [33md[39m=[32m"M12 2C6.477 2 2 6.477 2 12c0 4.42 2.865 8.17 6.839 9.49.5.092.682-.217.682-.482 0-.237-.008-.866-.013-1.7-2.782.603-3.369-1.34-3.369-1.34-.454-1.156-1.11-1.463-1.11-1.463-.908-.62.069-.608.069-.608 1.003.07 1.531 1.03 1.531 1.03.892 1.529 2.341 1.087 2.91.832.092-.647.35-1.088.636-1.338-2.22-.253-4.555-1.11-4.555-4.943 0-1.091.39-1.984 1.029-2.683-.103-.253-.446-1.27.098-2.647 0 0 .84-.269 2.75 1.025A9.578 9.578 0 0112 6.836c.85.004 1.705.114 2.504.336 1.909-1.294 2.747-1.025 2.747-1.025.546 1.377.203 2.394.1 2.647.64.699 1.028 1.592 1.028 2.683 0 3.842-2.339 4.687-4.566 4.935.359.309.678.919.678 1.852 0 1.336-.012 2.415-.012 2.743 0 .267.18.578.688.48C19.138 20.167 22 16.418 22 12c0-5.523-4.477-10-10-10z"[39m
                  [33mfill-rule[39m=[32m"evenodd"[39m
                [36m/>[39m
              [36m</svg>[39m
              [36m<span>[39m
                [0mConnecter GitHub[0m
              [36m</span>[39m
            [36m</button>[39m
            [36m<div[39m
              [33mclass[39m=[32m"mt-2 text-sm text-red-600"[39m
            [36m>[39m
              [0mErreur: [0m
              [0mFailed to parse URL from undefined/api/v1/github/auth-url[0m
            [36m</div>[39m
          [36m</div>[39m
        [36m</div>[39m
      [36m</body>[39m
    [36m</html>[39m

    [0m [90m 171 |[39m
     [90m 172 |[39m     [36mawait[39m waitFor(() [33m=>[39m {
    [31m[1m>[22m[39m[90m 173 |[39m       expect(onConnectError)[33m.[39mtoHaveBeenCalledWith(expect[33m.[39mstringContaining([32m'Failed to get GitHub auth URL'[39m))[33m;[39m
     [90m     |[39m                              [31m[1m^[22m[39m
     [90m 174 |[39m     })[33m;[39m
     [90m 175 |[39m   })[33m;[39m
     [90m 176 |[39m[0m

      at toHaveBeenCalledWith (components/__tests__/GitHubConnect.test.tsx:173:30)
      at runWithExpensiveErrorDiagnosticsDisabled (node_modules/@testing-library/dom/dist/config.js:47:12)
      at checkCallback (node_modules/@testing-library/dom/dist/wait-for.js:124:77)
      at checkRealTimersCallback (node_modules/@testing-library/dom/dist/wait-for.js:118:16)
      at Timeout.task [as _onTimeout] (node_modules/jsdom/lib/jsdom/browser/Window.js:579:19)

  ● GitHubConnect › should open popup with correct dimensions and position

    expect(jest.fn()).toHaveBeenCalledWith(...expected)

    Expected: Any<String>, "GitHub OAuth", StringMatching /width=600.*height=700/

    Number of calls: 0

    Ignored nodes: comments, script, style
    [36m<html>[39m
      [36m<head />[39m
      [36m<body>[39m
        [36m<div>[39m
          [36m<div[39m
            [33mclass[39m=[32m"github-connect"[39m
          [36m>[39m
            [36m<button[39m
              [33mclass[39m=[32m"
              flex items-center gap-2 px-6 py-3 rounded-lg font-medium
              transition-all duration-200
              bg-gray-900 text-white hover:bg-gray-800 active:scale-95
            "[39m
            [36m>[39m
              [36m<svg[39m
                [33mclass[39m=[32m"h-5 w-5"[39m
                [33mfill[39m=[32m"currentColor"[39m
                [33mviewBox[39m=[32m"0 0 24 24"[39m
              [36m>[39m
                [36m<path[39m
                  [33mclip-rule[39m=[32m"evenodd"[39m
                  [33md[39m=[32m"M12 2C6.477 2 2 6.477 2 12c0 4.42 2.865 8.17 6.839 9.49.5.092.682-.217.682-.482 0-.237-.008-.866-.013-1.7-2.782.603-3.369-1.34-3.369-1.34-.454-1.156-1.11-1.463-1.11-1.463-.908-.62.069-.608.069-.608 1.003.07 1.531 1.03 1.531 1.03.892 1.529 2.341 1.087 2.91.832.092-.647.35-1.088.636-1.338-2.22-.253-4.555-1.11-4.555-4.943 0-1.091.39-1.984 1.029-2.683-.103-.253-.446-1.27.098-2.647 0 0 .84-.269 2.75 1.025A9.578 9.578 0 0112 6.836c.85.004 1.705.114 2.504.336 1.909-1.294 2.747-1.025 2.747-1.025.546 1.377.203 2.394.1 2.647.64.699 1.028 1.592 1.028 2.683 0 3.842-2.339 4.687-4.566 4.935.359.309.678.919.678 1.852 0 1.336-.012 2.415-.012 2.743 0 .267.18.578.688.48C19.138 20.167 22 16.418 22 12c0-5.523-4.477-10-10-10z"[39m
                  [33mfill-rule[39m=[32m"evenodd"[39m
                [36m/>[39m
              [36m</svg>[39m
              [36m<span>[39m
                [0mConnecter GitHub[0m
              [36m</span>[39m
            [36m</button>[39m
            [36m<div[39m
              [33mclass[39m=[32m"mt-2 text-sm text-red-600"[39m
            [36m>[39m
              [0mErreur: [0m
              [0mFailed to parse URL from undefined/api/v1/github/auth-url[0m
            [36m</div>[39m
          [36m</div>[39m
        [36m</div>[39m
      [36m</body>[39m
    [36m</html>[39m

    [0m [90m 199 |[39m
     [90m 200 |[39m     [36mawait[39m waitFor(() [33m=>[39m {
    [31m[1m>[22m[39m[90m 201 |[39m       expect(window[33m.[39mopen)[33m.[39mtoHaveBeenCalledWith(
     [90m     |[39m                           [31m[1m^[22m[39m
     [90m 202 |[39m         expect[33m.[39many([33mString[39m)[33m,[39m
     [90m 203 |[39m         [32m'GitHub OAuth'[39m[33m,[39m
     [90m 204 |[39m         expect[33m.[39mstringMatching([35m/width=600.*height=700/[39m)[0m

      at toHaveBeenCalledWith (components/__tests__/GitHubConnect.test.tsx:201:27)
      at runWithExpensiveErrorDiagnosticsDisabled (node_modules/@testing-library/dom/dist/config.js:47:12)
      at checkCallback (node_modules/@testing-library/dom/dist/wait-for.js:124:77)
      at checkRealTimersCallback (node_modules/@testing-library/dom/dist/wait-for.js:118:16)
      at Timeout.task [as _onTimeout] (node_modules/jsdom/lib/jsdom/browser/Window.js:579:19)

  ● GitHubConnect › should handle popup being blocked

    expect(jest.fn()).toHaveBeenCalled()

    Expected number of calls: >= 1
    Received number of calls:    0

    Ignored nodes: comments, script, style
    [36m<html>[39m
      [36m<head />[39m
      [36m<body>[39m
        [36m<div>[39m
          [36m<div[39m
            [33mclass[39m=[32m"github-connect"[39m
          [36m>[39m
            [36m<button[39m
              [33mclass[39m=[32m"
              flex items-center gap-2 px-6 py-3 rounded-lg font-medium
              transition-all duration-200
              bg-gray-900 text-white hover:bg-gray-800 active:scale-95
            "[39m
            [36m>[39m
              [36m<svg[39m
                [33mclass[39m=[32m"h-5 w-5"[39m
                [33mfill[39m=[32m"currentColor"[39m
                [33mviewBox[39m=[32m"0 0 24 24"[39m
              [36m>[39m
                [36m<path[39m
                  [33mclip-rule[39m=[32m"evenodd"[39m
                  [33md[39m=[32m"M12 2C6.477 2 2 6.477 2 12c0 4.42 2.865 8.17 6.839 9.49.5.092.682-.217.682-.482 0-.237-.008-.866-.013-1.7-2.782.603-3.369-1.34-3.369-1.34-.454-1.156-1.11-1.463-1.11-1.463-.908-.62.069-.608.069-.608 1.003.07 1.531 1.03 1.531 1.03.892 1.529 2.341 1.087 2.91.832.092-.647.35-1.088.636-1.338-2.22-.253-4.555-1.11-4.555-4.943 0-1.091.39-1.984 1.029-2.683-.103-.253-.446-1.27.098-2.647 0 0 .84-.269 2.75 1.025A9.578 9.578 0 0112 6.836c.85.004 1.705.114 2.504.336 1.909-1.294 2.747-1.025 2.747-1.025.546 1.377.203 2.394.1 2.647.64.699 1.028 1.592 1.028 2.683 0 3.842-2.339 4.687-4.566 4.935.359.309.678.919.678 1.852 0 1.336-.012 2.415-.012 2.743 0 .267.18.578.688.48C19.138 20.167 22 16.418 22 12c0-5.523-4.477-10-10-10z"[39m
                  [33mfill-rule[39m=[32m"evenodd"[39m
                [36m/>[39m
              [36m</svg>[39m
              [36m<span>[39m
                [0mConnecter GitHub[0m
              [36m</span>[39m
            [36m</button>[39m
            [36m<div[39m
              [33mclass[39m=[32m"mt-2 text-sm text-red-600"[39m
            [36m>[39m
              [0mErreur: [0m
              [0mFailed to parse URL from undefined/api/v1/github/auth-url[0m
            [36m</div>[39m
          [36m</div>[39m
        [36m</div>[39m
      [36m</body>[39m
    [36m</html>[39m

    [0m [90m 224 |[39m
     [90m 225 |[39m     [36mawait[39m waitFor(() [33m=>[39m {
    [31m[1m>[22m[39m[90m 226 |[39m       expect(window[33m.[39mopen)[33m.[39mtoHaveBeenCalled()[33m;[39m
     [90m     |[39m                           [31m[1m^[22m[39m
     [90m 227 |[39m     })[33m;[39m
     [90m 228 |[39m
     [90m 229 |[39m     [90m// Should not crash when popup is null[39m[0m

      at toHaveBeenCalled (components/__tests__/GitHubConnect.test.tsx:226:27)
      at runWithExpensiveErrorDiagnosticsDisabled (node_modules/@testing-library/dom/dist/config.js:47:12)
      at checkCallback (node_modules/@testing-library/dom/dist/wait-for.js:124:77)
      at checkRealTimersCallback (node_modules/@testing-library/dom/dist/wait-for.js:118:16)
      at Timeout.task [as _onTimeout] (node_modules/jsdom/lib/jsdom/browser/Window.js:579:19)

  ● GitHubConnect › should clean up interval when popup closes without auth

    expect(jest.fn()).toHaveBeenCalled()

    Expected number of calls: >= 1
    Received number of calls:    0

    Ignored nodes: comments, script, style
    [36m<html>[39m
      [36m<head />[39m
      [36m<body>[39m
        [36m<div>[39m
          [36m<div[39m
            [33mclass[39m=[32m"github-connect"[39m
          [36m>[39m
            [36m<button[39m
              [33mclass[39m=[32m"
              flex items-center gap-2 px-6 py-3 rounded-lg font-medium
              transition-all duration-200
              bg-gray-900 text-white hover:bg-gray-800 active:scale-95
            "[39m
            [36m>[39m
              [36m<svg[39m
                [33mclass[39m=[32m"h-5 w-5"[39m
                [33mfill[39m=[32m"currentColor"[39m
                [33mviewBox[39m=[32m"0 0 24 24"[39m
              [36m>[39m
                [36m<path[39m
                  [33mclip-rule[39m=[32m"evenodd"[39m
                  [33md[39m=[32m"M12 2C6.477 2 2 6.477 2 12c0 4.42 2.865 8.17 6.839 9.49.5.092.682-.217.682-.482 0-.237-.008-.866-.013-1.7-2.782.603-3.369-1.34-3.369-1.34-.454-1.156-1.11-1.463-1.11-1.463-.908-.62.069-.608.069-.608 1.003.07 1.531 1.03 1.531 1.03.892 1.529 2.341 1.087 2.91.832.092-.647.35-1.088.636-1.338-2.22-.253-4.555-1.11-4.555-4.943 0-1.091.39-1.984 1.029-2.683-.103-.253-.446-1.27.098-2.647 0 0 .84-.269 2.75 1.025A9.578 9.578 0 0112 6.836c.85.004 1.705.114 2.504.336 1.909-1.294 2.747-1.025 2.747-1.025.546 1.377.203 2.394.1 2.647.64.699 1.028 1.592 1.028 2.683 0 3.842-2.339 4.687-4.566 4.935.359.309.678.919.678 1.852 0 1.336-.012 2.415-.012 2.743 0 .267.18.578.688.48C19.138 20.167 22 16.418 22 12c0-5.523-4.477-10-10-10z"[39m
                  [33mfill-rule[39m=[32m"evenodd"[39m
                [36m/>[39m
              [36m</svg>[39m
              [36m<span>[39m
                [0mConnecter GitHub[0m
              [36m</span>[39m
            [36m</button>[39m
            [36m<div[39m
              [33mclass[39m=[32m"mt-2 text-sm text-red-600"[39m
            [36m>[39m
              [0mErreur: [0m
              [0mFailed to parse URL from undefined/api/v1/github/auth-url[0m
            [36m</div>[39m
          [36m</div>[39m
        [36m</div>[39m
      [36m</body>[39m
    [36m</html>[39m

    [0m [90m 248 |[39m
     [90m 249 |[39m     [36mawait[39m waitFor(() [33m=>[39m {
    [31m[1m>[22m[39m[90m 250 |[39m       expect(window[33m.[39mopen)[33m.[39mtoHaveBeenCalled()[33m;[39m
     [90m     |[39m                           [31m[1m^[22m[39m
     [90m 251 |[39m     })[33m;[39m
     [90m 252 |[39m
     [90m 253 |[39m     [90m// Simulate popup closing without success[39m[0m

      at toHaveBeenCalled (components/__tests__/GitHubConnect.test.tsx:250:27)
      at runWithExpensiveErrorDiagnosticsDisabled (node_modules/@testing-library/dom/dist/config.js:47:12)
      at checkCallback (node_modules/@testing-library/dom/dist/wait-for.js:124:77)
      at node_modules/@testing-library/dom/dist/wait-for.js:82:9

FAIL components/letters/__tests__/LetterGenerator.test.tsx
  ● Test suite failed to run


      [31mx[0m Expected ',', got ';'
         ,-[[36;1;4mC:\Users\alexi\Documents\projects\maicivy\frontend\components\letters\__tests__\LetterGenerator.test.tsx[0m:108:1]
     [2m108[0m |     server.use(
     [2m109[0m |       rest.post('*/api/letters/generate', async () => {
     [2m110[0m |         await new Promise((resolve) => setTimeout(resolve, 100));
     [2m111[0m |         return res(ctx.json(mockLetterResponse);
         : [31;1m                                               ^[0m
     [2m112[0m |       })
     [2m113[0m |     );
         `----


    Caused by:
        Syntax Error

      at Object.transformSync (node_modules/next/src/build/swc/index.ts:1433:25)
      at transformSync (node_modules/next/src/build/swc/index.ts:1550:19)
      at Object.process (node_modules/next/src/build/swc/jest-transformer.ts:104:25)
      at ScriptTransformer.transformSource (node_modules/@jest/transform/build/index.js:422:31)
      at ScriptTransformer._transformAndBuildScript (node_modules/@jest/transform/build/index.js:519:40)
      at ScriptTransformer.transform (node_modules/@jest/transform/build/index.js:558:19)

FAIL hooks/__tests__/useTimelineData.test.ts
  ● Test suite failed to run


      [31mx[0m Expected ',', got 'const'
        ,-[[36;1;4mC:\Users\alexi\Documents\projects\maicivy\frontend\hooks\__tests__\useTimelineData.test.ts[0m:78:1]
     [2m78[0m |       rest.get('/api/v1/timeline/milestones', () => res(ctx.json(mockMilestones))
     [2m79[0m |     )
     [2m80[0m | 
     [2m81[0m |     const { result } = renderHook(() => useTimelineData({ autoFetch: true }))
        : [31;1m    ^^^^^[0m
     [2m82[0m | 
     [2m83[0m |     expect(result.current.isLoading).toBe(true)
        `----


    Caused by:
        Syntax Error

      at Object.transformSync (node_modules/next/src/build/swc/index.ts:1433:25)
      at transformSync (node_modules/next/src/build/swc/index.ts:1550:19)
      at Object.process (node_modules/next/src/build/swc/jest-transformer.ts:104:25)
      at ScriptTransformer.transformSource (node_modules/@jest/transform/build/index.js:422:31)
      at ScriptTransformer._transformAndBuildScript (node_modules/@jest/transform/build/index.js:519:40)
      at ScriptTransformer.transform (node_modules/@jest/transform/build/index.js:558:19)

FAIL hooks/__tests__/useVisitCount.test.ts
  ● Test suite failed to run


      [31mx[0m Expected ',', got '}'
        ,-[[36;1;4mC:\Users\alexi\Documents\projects\maicivy\frontend\hooks\__tests__\useVisitCount.test.ts[0m:17:1]
     [2m17[0m |           remainingVisits: 1,
     [2m18[0m |           sessionId: 'test-session-123',
     [2m19[0m |         })
     [2m20[0m |       })
        : [31;1m      ^[0m
     [2m21[0m |     )
     [2m22[0m | 
     [2m23[0m |     const { result } = renderHook(() => useVisitCount())
        `----


    Caused by:
        Syntax Error

      at Object.transformSync (node_modules/next/src/build/swc/index.ts:1433:25)
      at transformSync (node_modules/next/src/build/swc/index.ts:1550:19)
      at Object.process (node_modules/next/src/build/swc/jest-transformer.ts:104:25)
      at ScriptTransformer.transformSource (node_modules/@jest/transform/build/index.js:422:31)
      at ScriptTransformer._transformAndBuildScript (node_modules/@jest/transform/build/index.js:519:40)
      at ScriptTransformer.transform (node_modules/@jest/transform/build/index.js:558:19)

FAIL components/__tests__/GitHubStatus.test.tsx (12.968 s)
  ● GitHubStatus › should fetch and display status

    Unable to find an element with the text: /connecté à github/i. This could be because the text is broken up by multiple elements. In this case, you can provide a function for your text matcher to make your matcher more flexible.

    Ignored nodes: comments, script, style
    [36m<body>[39m
      [36m<div>[39m
        [36m<div[39m
          [33mclass[39m=[32m"bg-gray-50 rounded-lg p-4"[39m
        [36m>[39m
          [36m<p[39m
            [33mclass[39m=[32m"text-sm text-gray-600"[39m
          [36m>[39m
            [0mGitHub non connecté[0m
          [36m</p>[39m
        [36m</div>[39m
      [36m</div>[39m
    [36m</body>[39m

    [0m [90m 36 |[39m     render([33m<[39m[33mGitHubStatus[39m username[33m=[39m[32m"testuser"[39m [33m/[39m[33m>[39m)[33m;[39m
     [90m 37 |[39m
    [31m[1m>[22m[39m[90m 38 |[39m     [36mawait[39m waitFor(() [33m=>[39m {
     [90m    |[39m                  [31m[1m^[22m[39m
     [90m 39 |[39m       expect(screen[33m.[39mgetByText([35m/connecté à github/i[39m))[33m.[39mtoBeInTheDocument()[33m;[39m
     [90m 40 |[39m     })[33m;[39m
     [90m 41 |[39m[0m

      at waitForWrapper (node_modules/@testing-library/dom/dist/wait-for.js:163:27)
      at Object.<anonymous> (components/__tests__/GitHubStatus.test.tsx:38:18)

  ● GitHubStatus › should format last sync time correctly

    Unable to find an element with the text: /Il y a 2 min/i. This could be because the text is broken up by multiple elements. In this case, you can provide a function for your text matcher to make your matcher more flexible.

    Ignored nodes: comments, script, style
    [36m<body>[39m
      [36m<div>[39m
        [36m<div[39m
          [33mclass[39m=[32m"bg-gray-50 rounded-lg p-4"[39m
        [36m>[39m
          [36m<p[39m
            [33mclass[39m=[32m"text-sm text-gray-600"[39m
          [36m>[39m
            [0mGitHub non connecté[0m
          [36m</p>[39m
        [36m</div>[39m
      [36m</div>[39m
    [36m</body>[39m

    [0m [90m 74 |[39m     render([33m<[39m[33mGitHubStatus[39m username[33m=[39m[32m"testuser"[39m [33m/[39m[33m>[39m)[33m;[39m
     [90m 75 |[39m
    [31m[1m>[22m[39m[90m 76 |[39m     [36mawait[39m waitFor(() [33m=>[39m {
     [90m    |[39m                  [31m[1m^[22m[39m
     [90m 77 |[39m       expect(screen[33m.[39mgetByText([35m/Il y a 2 min/i[39m))[33m.[39mtoBeInTheDocument()[33m;[39m
     [90m 78 |[39m     })[33m;[39m
     [90m 79 |[39m   })[33m;[39m[0m

      at waitForWrapper (node_modules/@testing-library/dom/dist/wait-for.js:163:27)
      at Object.<anonymous> (components/__tests__/GitHubStatus.test.tsx:76:18)

  ● GitHubStatus › should show "À l'instant" for very recent syncs

    Unable to find an element with the text: /À l'instant/i. This could be because the text is broken up by multiple elements. In this case, you can provide a function for your text matcher to make your matcher more flexible.

    Ignored nodes: comments, script, style
    [36m<body>[39m
      [36m<div>[39m
        [36m<div[39m
          [33mclass[39m=[32m"bg-gray-50 rounded-lg p-4"[39m
        [36m>[39m
          [36m<p[39m
            [33mclass[39m=[32m"text-sm text-gray-600"[39m
          [36m>[39m
            [0mGitHub non connecté[0m
          [36m</p>[39m
        [36m</div>[39m
      [36m</div>[39m
    [36m</body>[39m

    [0m [90m 93 |[39m     render([33m<[39m[33mGitHubStatus[39m username[33m=[39m[32m"testuser"[39m [33m/[39m[33m>[39m)[33m;[39m
     [90m 94 |[39m
    [31m[1m>[22m[39m[90m 95 |[39m     [36mawait[39m waitFor(() [33m=>[39m {
     [90m    |[39m                  [31m[1m^[22m[39m
     [90m 96 |[39m       expect(screen[33m.[39mgetByText([35m/À l'instant/i[39m))[33m.[39mtoBeInTheDocument()[33m;[39m
     [90m 97 |[39m     })[33m;[39m
     [90m 98 |[39m   })[33m;[39m[0m

      at waitForWrapper (node_modules/@testing-library/dom/dist/wait-for.js:163:27)
      at Object.<anonymous> (components/__tests__/GitHubStatus.test.tsx:95:18)

  ● GitHubStatus › should handle sync button click

    Unable to find an element with the text: /synchroniser/i. This could be because the text is broken up by multiple elements. In this case, you can provide a function for your text matcher to make your matcher more flexible.

    Ignored nodes: comments, script, style
    [36m<body>[39m
      [36m<div>[39m
        [36m<div[39m
          [33mclass[39m=[32m"bg-gray-50 rounded-lg p-4"[39m
        [36m>[39m
          [36m<p[39m
            [33mclass[39m=[32m"text-sm text-gray-600"[39m
          [36m>[39m
            [0mGitHub non connecté[0m
          [36m</p>[39m
        [36m</div>[39m
      [36m</div>[39m
    [36m</body>[39m

    [0m [90m 112 |[39m     render([33m<[39m[33mGitHubStatus[39m username[33m=[39m[32m"testuser"[39m onSync[33m=[39m{onSync} [33m/[39m[33m>[39m)[33m;[39m
     [90m 113 |[39m
    [31m[1m>[22m[39m[90m 114 |[39m     [36mawait[39m waitFor(() [33m=>[39m {
     [90m     |[39m                  [31m[1m^[22m[39m
     [90m 115 |[39m       expect(screen[33m.[39mgetByText([35m/synchroniser/i[39m))[33m.[39mtoBeInTheDocument()[33m;[39m
     [90m 116 |[39m     })[33m;[39m
     [90m 117 |[39m[0m

      at waitForWrapper (node_modules/@testing-library/dom/dist/wait-for.js:163:27)
      at Object.<anonymous> (components/__tests__/GitHubStatus.test.tsx:114:18)

  ● GitHubStatus › should handle sync error gracefully

    Unable to find an element with the text: /synchroniser/i. This could be because the text is broken up by multiple elements. In this case, you can provide a function for your text matcher to make your matcher more flexible.

    Ignored nodes: comments, script, style
    [36m<body>[39m
      [36m<div>[39m
        [36m<div[39m
          [33mclass[39m=[32m"bg-gray-50 rounded-lg p-4"[39m
        [36m>[39m
          [36m<p[39m
            [33mclass[39m=[32m"text-sm text-gray-600"[39m
          [36m>[39m
            [0mGitHub non connecté[0m
          [36m</p>[39m
        [36m</div>[39m
      [36m</div>[39m
    [36m</body>[39m

    [0m [90m 154 |[39m     render([33m<[39m[33mGitHubStatus[39m username[33m=[39m[32m"testuser"[39m [33m/[39m[33m>[39m)[33m;[39m
     [90m 155 |[39m
    [31m[1m>[22m[39m[90m 156 |[39m     [36mawait[39m waitFor(() [33m=>[39m {
     [90m     |[39m                  [31m[1m^[22m[39m
     [90m 157 |[39m       expect(screen[33m.[39mgetByText([35m/synchroniser/i[39m))[33m.[39mtoBeInTheDocument()[33m;[39m
     [90m 158 |[39m     })[33m;[39m
     [90m 159 |[39m[0m

      at waitForWrapper (node_modules/@testing-library/dom/dist/wait-for.js:163:27)
      at Object.<anonymous> (components/__tests__/GitHubStatus.test.tsx:156:18)

  ● GitHubStatus › should handle disconnect button click with confirmation

    Unable to find an element with the text: /déconnecter/i. This could be because the text is broken up by multiple elements. In this case, you can provide a function for your text matcher to make your matcher more flexible.

    Ignored nodes: comments, script, style
    [36m<body>[39m
      [36m<div>[39m
        [36m<div[39m
          [33mclass[39m=[32m"bg-gray-50 rounded-lg p-4"[39m
        [36m>[39m
          [36m<p[39m
            [33mclass[39m=[32m"text-sm text-gray-600"[39m
          [36m>[39m
            [0mGitHub non connecté[0m
          [36m</p>[39m
        [36m</div>[39m
      [36m</div>[39m
    [36m</body>[39m

    [0m [90m 184 |[39m     render([33m<[39m[33mGitHubStatus[39m username[33m=[39m[32m"testuser"[39m onDisconnect[33m=[39m{onDisconnect} [33m/[39m[33m>[39m)[33m;[39m
     [90m 185 |[39m
    [31m[1m>[22m[39m[90m 186 |[39m     [36mawait[39m waitFor(() [33m=>[39m {
     [90m     |[39m                  [31m[1m^[22m[39m
     [90m 187 |[39m       expect(screen[33m.[39mgetByText([35m/déconnecter/i[39m))[33m.[39mtoBeInTheDocument()[33m;[39m
     [90m 188 |[39m     })[33m;[39m
     [90m 189 |[39m[0m

      at waitForWrapper (node_modules/@testing-library/dom/dist/wait-for.js:163:27)
      at Object.<anonymous> (components/__tests__/GitHubStatus.test.tsx:186:18)

  ● GitHubStatus › should cancel disconnect when user declines confirmation

    Unable to find an element with the text: /déconnecter/i. This could be because the text is broken up by multiple elements. In this case, you can provide a function for your text matcher to make your matcher more flexible.

    Ignored nodes: comments, script, style
    [36m<body>[39m
      [36m<div>[39m
        [36m<div[39m
          [33mclass[39m=[32m"bg-gray-50 rounded-lg p-4"[39m
        [36m>[39m
          [36m<p[39m
            [33mclass[39m=[32m"text-sm text-gray-600"[39m
          [36m>[39m
            [0mGitHub non connecté[0m
          [36m</p>[39m
        [36m</div>[39m
      [36m</div>[39m
    [36m</body>[39m

    [0m [90m 212 |[39m     render([33m<[39m[33mGitHubStatus[39m username[33m=[39m[32m"testuser"[39m onDisconnect[33m=[39m{onDisconnect} [33m/[39m[33m>[39m)[33m;[39m
     [90m 213 |[39m
    [31m[1m>[22m[39m[90m 214 |[39m     [36mawait[39m waitFor(() [33m=>[39m {
     [90m     |[39m                  [31m[1m^[22m[39m
     [90m 215 |[39m       expect(screen[33m.[39mgetByText([35m/déconnecter/i[39m))[33m.[39mtoBeInTheDocument()[33m;[39m
     [90m 216 |[39m     })[33m;[39m
     [90m 217 |[39m[0m

      at waitForWrapper (node_modules/@testing-library/dom/dist/wait-for.js:163:27)
      at Object.<anonymous> (components/__tests__/GitHubStatus.test.tsx:214:18)

  ● GitHubStatus › should show loading spinner during sync

    Unable to find an element with the text: /synchroniser/i. This could be because the text is broken up by multiple elements. In this case, you can provide a function for your text matcher to make your matcher more flexible.

    Ignored nodes: comments, script, style
    [36m<body>[39m
      [36m<div>[39m
        [36m<div[39m
          [33mclass[39m=[32m"bg-gray-50 rounded-lg p-4"[39m
        [36m>[39m
          [36m<p[39m
            [33mclass[39m=[32m"text-sm text-gray-600"[39m
          [36m>[39m
            [0mGitHub non connecté[0m
          [36m</p>[39m
        [36m</div>[39m
      [36m</div>[39m
    [36m</body>[39m

    [0m [90m 236 |[39m     render([33m<[39m[33mGitHubStatus[39m username[33m=[39m[32m"testuser"[39m [33m/[39m[33m>[39m)[33m;[39m
     [90m 237 |[39m
    [31m[1m>[22m[39m[90m 238 |[39m     [36mawait[39m waitFor(() [33m=>[39m {
     [90m     |[39m                  [31m[1m^[22m[39m
     [90m 239 |[39m       expect(screen[33m.[39mgetByText([35m/synchroniser/i[39m))[33m.[39mtoBeInTheDocument()[33m;[39m
     [90m 240 |[39m     })[33m;[39m
     [90m 241 |[39m[0m

      at waitForWrapper (node_modules/@testing-library/dom/dist/wait-for.js:163:27)
      at Object.<anonymous> (components/__tests__/GitHubStatus.test.tsx:238:18)

  ● GitHubStatus › should display repo count correctly

    Unable to find an element with the text: 42. This could be because the text is broken up by multiple elements. In this case, you can provide a function for your text matcher to make your matcher more flexible.

    Ignored nodes: comments, script, style
    [36m<body>[39m
      [36m<div>[39m
        [36m<div[39m
          [33mclass[39m=[32m"bg-gray-50 rounded-lg p-4"[39m
        [36m>[39m
          [36m<p[39m
            [33mclass[39m=[32m"text-sm text-gray-600"[39m
          [36m>[39m
            [0mGitHub non connecté[0m
          [36m</p>[39m
        [36m</div>[39m
      [36m</div>[39m
    [36m</body>[39m

    [0m [90m 261 |[39m     render([33m<[39m[33mGitHubStatus[39m username[33m=[39m[32m"testuser"[39m [33m/[39m[33m>[39m)[33m;[39m
     [90m 262 |[39m
    [31m[1m>[22m[39m[90m 263 |[39m     [36mawait[39m waitFor(() [33m=>[39m {
     [90m     |[39m                  [31m[1m^[22m[39m
     [90m 264 |[39m       expect(screen[33m.[39mgetByText([32m'42'[39m))[33m.[39mtoBeInTheDocument()[33m;[39m
     [90m 265 |[39m       expect(screen[33m.[39mgetByText([35m/repos importés/i[39m))[33m.[39mtoBeInTheDocument()[33m;[39m
     [90m 266 |[39m     })[33m;[39m[0m

      at waitForWrapper (node_modules/@testing-library/dom/dist/wait-for.js:163:27)
      at Object.<anonymous> (components/__tests__/GitHubStatus.test.tsx:263:18)

  ● GitHubStatus › should show green pulse indicator when connected

    expect(received).toBeInTheDocument()

    received value must be an HTMLElement or an SVGElement.
    Received has value: null

    Ignored nodes: comments, script, style
    [36m<html>[39m
      [36m<head />[39m
      [36m<body>[39m
        [36m<div>[39m
          [36m<div[39m
            [33mclass[39m=[32m"bg-gray-50 rounded-lg p-4"[39m
          [36m>[39m
            [36m<p[39m
              [33mclass[39m=[32m"text-sm text-gray-600"[39m
            [36m>[39m
              [0mGitHub non connecté[0m
            [36m</p>[39m
          [36m</div>[39m
        [36m</div>[39m
      [36m</body>[39m
    [36m</html>[39m

    [0m [90m 278 |[39m     [36mawait[39m waitFor(() [33m=>[39m {
     [90m 279 |[39m       [36mconst[39m pulseIndicator [33m=[39m document[33m.[39mquerySelector([32m'.bg-green-500.animate-pulse'[39m)[33m;[39m
    [31m[1m>[22m[39m[90m 280 |[39m       expect(pulseIndicator)[33m.[39mtoBeInTheDocument()[33m;[39m
     [90m     |[39m                              [31m[1m^[22m[39m
     [90m 281 |[39m     })[33m;[39m
     [90m 282 |[39m   })[33m;[39m
     [90m 283 |[39m[0m

      at __EXTERNAL_MATCHER_TRAP__ (node_modules/expect/build/index.js:2240:22)
      at Object.throwingMatcher [as toBeInTheDocument] (node_modules/expect/build/index.js:2241:6)
      at toBeInTheDocument (components/__tests__/GitHubStatus.test.tsx:280:30)
      at runWithExpensiveErrorDiagnosticsDisabled (node_modules/@testing-library/dom/dist/config.js:47:12)
      at checkCallback (node_modules/@testing-library/dom/dist/wait-for.js:124:77)
      at checkRealTimersCallback (node_modules/@testing-library/dom/dist/wait-for.js:118:16)
      at Timeout.task [as _onTimeout] (node_modules/jsdom/lib/jsdom/browser/Window.js:579:19)

  ● GitHubStatus › should refetch status after successful sync

    expect(received).toBe(expected) // Object.is equality

    Expected: 1
    Received: 0

    Ignored nodes: comments, script, style
    [36m<html>[39m
      [36m<head />[39m
      [36m<body>[39m
        [36m<div>[39m
          [36m<div[39m
            [33mclass[39m=[32m"bg-gray-50 rounded-lg p-4"[39m
          [36m>[39m
            [36m<p[39m
              [33mclass[39m=[32m"text-sm text-gray-600"[39m
            [36m>[39m
              [0mGitHub non connecté[0m
            [36m</p>[39m
          [36m</div>[39m
        [36m</div>[39m
      [36m</body>[39m
    [36m</html>[39m

    [0m [90m 298 |[39m
     [90m 299 |[39m     [36mawait[39m waitFor(() [33m=>[39m {
    [31m[1m>[22m[39m[90m 300 |[39m       expect(fetchCount)[33m.[39mtoBe([35m1[39m)[33m;[39m
     [90m     |[39m                          [31m[1m^[22m[39m
     [90m 301 |[39m     })[33m;[39m
     [90m 302 |[39m
     [90m 303 |[39m     [36mconst[39m syncButton [33m=[39m screen[33m.[39mgetByRole([32m'button'[39m[33m,[39m { name[33m:[39m [35m/synchroniser/i[39m })[33m;[39m[0m

      at toBe (components/__tests__/GitHubStatus.test.tsx:300:26)
      at runWithExpensiveErrorDiagnosticsDisabled (node_modules/@testing-library/dom/dist/config.js:47:12)
      at checkCallback (node_modules/@testing-library/dom/dist/wait-for.js:124:77)
      at checkRealTimersCallback (node_modules/@testing-library/dom/dist/wait-for.js:118:16)
      at Timeout.task [as _onTimeout] (node_modules/jsdom/lib/jsdom/browser/Window.js:579:19)

FAIL hooks/__tests__/useProfileDetection.test.ts (14.93 s)
  ● useProfileDetection › should fetch profile detection on mount

    TypeError: markResourceTiming is not a function

      at finalizeAndReportTiming (node_modules/undici/lib/web/fetch/index.js:310:3)
      at Object.handleFetchDone [as processResponseEndOfBody] (node_modules/undici/lib/web/fetch/index.js:126:3)
      at node_modules/undici/lib/web/fetch/index.js:1057:42
      at invokeTheCallbackFunction (node_modules/jsdom/lib/jsdom/living/generated/Function.js:19:26)
      at node_modules/jsdom/lib/jsdom/browser/Window.js:613:9

  ● useProfileDetection › should fetch profile detection on mount

    AggregateError:


  ● useProfileDetection › should fetch profile detection on mount

    The error below may be caused by using the wrong test environment, see https://jestjs.io/docs/configuration#testenvironment-string.
    Consider using the "node" test environment.

    TypeError: fastNowTimeout?.unref is not a function

      at refreshTimeout (node_modules/undici/lib/util/timers.js:205:21)
      at onTick (node_modules/undici/lib/util/timers.js:186:5)
      at Timeout.task (node_modules/jsdom/lib/jsdom/browser/Window.js:579:19)

  ● useProfileDetection › should fetch profile detection on mount

    expect(received).toBe(expected) // Object.is equality

    Expected: false
    Received: true

    Ignored nodes: comments, script, style
    [36m<html>[39m
      [36m<head />[39m
      [36m<body>[39m
        [36m<div />[39m
      [36m</body>[39m
    [36m</html>[39m

    [0m [90m 41 |[39m
     [90m 42 |[39m     [36mawait[39m waitFor(() [33m=>[39m {
    [31m[1m>[22m[39m[90m 43 |[39m       expect(result[33m.[39mcurrent[33m.[39mloading)[33m.[39mtoBe([36mfalse[39m)
     [90m    |[39m                                      [31m[1m^[22m[39m
     [90m 44 |[39m     })
     [90m 45 |[39m
     [90m 46 |[39m     expect(result[33m.[39mcurrent[33m.[39mprofileType)[33m.[39mtoBe([32m'recruiter'[39m)[0m

      at toBe (hooks/__tests__/useProfileDetection.test.ts:43:38)
      at runWithExpensiveErrorDiagnosticsDisabled (node_modules/@testing-library/dom/dist/config.js:47:12)
      at checkCallback (node_modules/@testing-library/dom/dist/wait-for.js:124:77)
      at checkRealTimersCallback (node_modules/@testing-library/dom/dist/wait-for.js:118:16)
      at Timeout.task [as _onTimeout] (node_modules/jsdom/lib/jsdom/browser/Window.js:579:19)

  ● useProfileDetection › should handle profile detection failure gracefully

    ReferenceError: clearImmediate is not defined

      at node_modules/undici/lib/core/util.js:832:9
      at invokeTheCallbackFunction (node_modules/jsdom/lib/jsdom/living/generated/Function.js:19:26)
      at node_modules/jsdom/lib/jsdom/browser/Window.js:613:9

  ● useProfileDetection › should handle profile detection failure gracefully

    TypeError: markResourceTiming is not a function

      at finalizeAndReportTiming (node_modules/undici/lib/web/fetch/index.js:310:3)
      at Object.handleFetchDone [as processResponseEndOfBody] (node_modules/undici/lib/web/fetch/index.js:126:3)
      at node_modules/undici/lib/web/fetch/index.js:1057:42
      at invokeTheCallbackFunction (node_modules/jsdom/lib/jsdom/living/generated/Function.js:19:26)
      at node_modules/jsdom/lib/jsdom/browser/Window.js:613:9

  ● useProfileDetection › should handle profile detection failure gracefully

    The error below may be caused by using the wrong test environment, see https://jestjs.io/docs/configuration#testenvironment-string.
    Consider using the "node" test environment.

    TypeError: fastNowTimeout?.unref is not a function

      at refreshTimeout (node_modules/undici/lib/util/timers.js:205:21)
      at onTick (node_modules/undici/lib/util/timers.js:186:5)
      at Timeout.task (node_modules/jsdom/lib/jsdom/browser/Window.js:579:19)

  ● useProfileDetection › should handle profile detection failure gracefully

    ReferenceError: clearImmediate is not defined

      at node_modules/undici/lib/core/util.js:832:9
      at invokeTheCallbackFunction (node_modules/jsdom/lib/jsdom/living/generated/Function.js:19:26)
      at node_modules/jsdom/lib/jsdom/browser/Window.js:613:9

  ● useProfileDetection › should handle profile detection failure gracefully

    TypeError: markResourceTiming is not a function

      at finalizeAndReportTiming (node_modules/undici/lib/web/fetch/index.js:310:3)
      at Object.handleFetchDone [as processResponseEndOfBody] (node_modules/undici/lib/web/fetch/index.js:126:3)
      at node_modules/undici/lib/web/fetch/index.js:1057:42
      at invokeTheCallbackFunction (node_modules/jsdom/lib/jsdom/living/generated/Function.js:19:26)
      at node_modules/jsdom/lib/jsdom/browser/Window.js:613:9

  ● useProfileDetection › should handle profile detection failure gracefully

    The error below may be caused by using the wrong test environment, see https://jestjs.io/docs/configuration#testenvironment-string.
    Consider using the "node" test environment.

    TypeError: fastNowTimeout?.unref is not a function

      at refreshTimeout (node_modules/undici/lib/util/timers.js:205:21)
      at onTick (node_modules/undici/lib/util/timers.js:186:5)
      at Timeout.task (node_modules/jsdom/lib/jsdom/browser/Window.js:579:19)

  ● useProfileDetection › should handle profile detection failure gracefully

    expect(received).toBe(expected) // Object.is equality

    Expected: false
    Received: true

    Ignored nodes: comments, script, style
    [36m<html>[39m
      [36m<head />[39m
      [36m<body>[39m
        [36m<div />[39m
      [36m</body>[39m
    [36m</html>[39m

    [0m [90m 66 |[39m
     [90m 67 |[39m     [36mawait[39m waitFor(() [33m=>[39m {
    [31m[1m>[22m[39m[90m 68 |[39m       expect(result[33m.[39mcurrent[33m.[39mloading)[33m.[39mtoBe([36mfalse[39m)
     [90m    |[39m                                      [31m[1m^[22m[39m
     [90m 69 |[39m     })
     [90m 70 |[39m
     [90m 71 |[39m     expect(result[33m.[39mcurrent[33m.[39merror)[33m.[39mtoBe([32m'Failed to load profile'[39m)[0m

      at toBe (hooks/__tests__/useProfileDetection.test.ts:68:38)
      at runWithExpensiveErrorDiagnosticsDisabled (node_modules/@testing-library/dom/dist/config.js:47:12)
      at checkCallback (node_modules/@testing-library/dom/dist/wait-for.js:124:77)
      at checkRealTimersCallback (node_modules/@testing-library/dom/dist/wait-for.js:118:16)
      at Timeout.task [as _onTimeout] (node_modules/jsdom/lib/jsdom/browser/Window.js:579:19)

  ● useProfileDetection › should correctly detect when profile is "other" with low confidence

    ReferenceError: clearImmediate is not defined

      at node_modules/undici/lib/core/util.js:832:9
      at invokeTheCallbackFunction (node_modules/jsdom/lib/jsdom/living/generated/Function.js:19:26)
      at node_modules/jsdom/lib/jsdom/browser/Window.js:613:9

  ● useProfileDetection › should correctly detect when profile is "other" with low confidence

    TypeError: markResourceTiming is not a function

      at finalizeAndReportTiming (node_modules/undici/lib/web/fetch/index.js:310:3)
      at Object.handleFetchDone [as processResponseEndOfBody] (node_modules/undici/lib/web/fetch/index.js:126:3)
      at node_modules/undici/lib/web/fetch/index.js:1057:42
      at invokeTheCallbackFunction (node_modules/jsdom/lib/jsdom/living/generated/Function.js:19:26)
      at node_modules/jsdom/lib/jsdom/browser/Window.js:613:9

  ● useProfileDetection › should correctly detect when profile is "other" with low confidence

    ReferenceError: clearImmediate is not defined

      at node_modules/undici/lib/core/util.js:832:9
      at invokeTheCallbackFunction (node_modules/jsdom/lib/jsdom/living/generated/Function.js:19:26)
      at node_modules/jsdom/lib/jsdom/browser/Window.js:613:9

  ● useProfileDetection › should correctly detect when profile is "other" with low confidence

    TypeError: markResourceTiming is not a function

      at finalizeAndReportTiming (node_modules/undici/lib/web/fetch/index.js:310:3)
      at Object.handleFetchDone [as processResponseEndOfBody] (node_modules/undici/lib/web/fetch/index.js:126:3)
      at node_modules/undici/lib/web/fetch/index.js:1057:42
      at invokeTheCallbackFunction (node_modules/jsdom/lib/jsdom/living/generated/Function.js:19:26)
      at node_modules/jsdom/lib/jsdom/browser/Window.js:613:9

  ● useProfileDetection › should correctly detect when profile is "other" with low confidence

    The error below may be caused by using the wrong test environment, see https://jestjs.io/docs/configuration#testenvironment-string.
    Consider using the "node" test environment.

    TypeError: fastNowTimeout?.unref is not a function

      at refreshTimeout (node_modules/undici/lib/util/timers.js:205:21)
      at onTick (node_modules/undici/lib/util/timers.js:186:5)
      at Timeout.task (node_modules/jsdom/lib/jsdom/browser/Window.js:579:19)

  ● useProfileDetection › should correctly detect when profile is "other" with low confidence

    The error below may be caused by using the wrong test environment, see https://jestjs.io/docs/configuration#testenvironment-string.
    Consider using the "node" test environment.

    TypeError: fastNowTimeout?.unref is not a function

      at refreshTimeout (node_modules/undici/lib/util/timers.js:205:21)
      at onTick (node_modules/undici/lib/util/timers.js:186:5)
      at Timeout.task (node_modules/jsdom/lib/jsdom/browser/Window.js:579:19)

  ● useProfileDetection › should correctly detect when profile is "other" with low confidence

    expect(received).toBe(expected) // Object.is equality

    Expected: false
    Received: true

    Ignored nodes: comments, script, style
    [36m<html>[39m
      [36m<head />[39m
      [36m<body>[39m
        [36m<div />[39m
      [36m</body>[39m
    [36m</html>[39m

    [0m [90m 90 |[39m
     [90m 91 |[39m     [36mawait[39m waitFor(() [33m=>[39m {
    [31m[1m>[22m[39m[90m 92 |[39m       expect(result[33m.[39mcurrent[33m.[39mloading)[33m.[39mtoBe([36mfalse[39m)
     [90m    |[39m                                      [31m[1m^[22m[39m
     [90m 93 |[39m     })
     [90m 94 |[39m
     [90m 95 |[39m     expect(result[33m.[39mcurrent[33m.[39mprofileType)[33m.[39mtoBe([32m'other'[39m)[0m

      at toBe (hooks/__tests__/useProfileDetection.test.ts:92:38)
      at runWithExpensiveErrorDiagnosticsDisabled (node_modules/@testing-library/dom/dist/config.js:47:12)
      at checkCallback (node_modules/@testing-library/dom/dist/wait-for.js:124:77)
      at checkRealTimersCallback (node_modules/@testing-library/dom/dist/wait-for.js:118:16)
      at Timeout.task [as _onTimeout] (node_modules/jsdom/lib/jsdom/browser/Window.js:579:19)

  ● useProfileDetection › should handle bypass enabled status

    ReferenceError: clearImmediate is not defined

      at node_modules/undici/lib/core/util.js:832:9
      at invokeTheCallbackFunction (node_modules/jsdom/lib/jsdom/living/generated/Function.js:19:26)
      at node_modules/jsdom/lib/jsdom/browser/Window.js:613:9

  ● useProfileDetection › should handle bypass enabled status

    TypeError: markResourceTiming is not a function

      at finalizeAndReportTiming (node_modules/undici/lib/web/fetch/index.js:310:3)
      at Object.handleFetchDone [as processResponseEndOfBody] (node_modules/undici/lib/web/fetch/index.js:126:3)
      at node_modules/undici/lib/web/fetch/index.js:1057:42
      at invokeTheCallbackFunction (node_modules/jsdom/lib/jsdom/living/generated/Function.js:19:26)
      at node_modules/jsdom/lib/jsdom/browser/Window.js:613:9

  ● useProfileDetection › should handle bypass enabled status

    ReferenceError: clearImmediate is not defined

      at node_modules/undici/lib/core/util.js:832:9
      at invokeTheCallbackFunction (node_modules/jsdom/lib/jsdom/living/generated/Function.js:19:26)
      at node_modules/jsdom/lib/jsdom/browser/Window.js:613:9

  ● useProfileDetection › should handle bypass enabled status

    TypeError: markResourceTiming is not a function

      at finalizeAndReportTiming (node_modules/undici/lib/web/fetch/index.js:310:3)
      at Object.handleFetchDone [as processResponseEndOfBody] (node_modules/undici/lib/web/fetch/index.js:126:3)
      at node_modules/undici/lib/web/fetch/index.js:1057:42
      at invokeTheCallbackFunction (node_modules/jsdom/lib/jsdom/living/generated/Function.js:19:26)
      at node_modules/jsdom/lib/jsdom/browser/Window.js:613:9

  ● useProfileDetection › should handle bypass enabled status

    The error below may be caused by using the wrong test environment, see https://jestjs.io/docs/configuration#testenvironment-string.
    Consider using the "node" test environment.

    TypeError: fastNowTimeout?.unref is not a function

      at refreshTimeout (node_modules/undici/lib/util/timers.js:205:21)
      at onTick (node_modules/undici/lib/util/timers.js:186:5)
      at Timeout.task (node_modules/jsdom/lib/jsdom/browser/Window.js:579:19)

  ● useProfileDetection › should handle bypass enabled status

    ReferenceError: clearImmediate is not defined

      at node_modules/undici/lib/core/util.js:832:9
      at invokeTheCallbackFunction (node_modules/jsdom/lib/jsdom/living/generated/Function.js:19:26)
      at node_modules/jsdom/lib/jsdom/browser/Window.js:613:9

  ● useProfileDetection › should handle bypass enabled status

    TypeError: markResourceTiming is not a function

      at finalizeAndReportTiming (node_modules/undici/lib/web/fetch/index.js:310:3)
      at Object.handleFetchDone [as processResponseEndOfBody] (node_modules/undici/lib/web/fetch/index.js:126:3)
      at node_modules/undici/lib/web/fetch/index.js:1057:42
      at invokeTheCallbackFunction (node_modules/jsdom/lib/jsdom/living/generated/Function.js:19:26)
      at node_modules/jsdom/lib/jsdom/browser/Window.js:613:9

  ● useProfileDetection › should handle bypass enabled status

    The error below may be caused by using the wrong test environment, see https://jestjs.io/docs/configuration#testenvironment-string.
    Consider using the "node" test environment.

    TypeError: fastNowTimeout?.unref is not a function

      at refreshTimeout (node_modules/undici/lib/util/timers.js:205:21)
      at onTick (node_modules/undici/lib/util/timers.js:186:5)
      at Timeout.task (node_modules/jsdom/lib/jsdom/browser/Window.js:579:19)

  ● useProfileDetection › should handle bypass enabled status

    expect(received).toBe(expected) // Object.is equality

    Expected: false
    Received: true

    Ignored nodes: comments, script, style
    [36m<html>[39m
      [36m<head />[39m
      [36m<body>[39m
        [36m<div />[39m
      [36m</body>[39m
    [36m</html>[39m

    [0m [90m 111 |[39m
     [90m 112 |[39m     [36mawait[39m waitFor(() [33m=>[39m {
    [31m[1m>[22m[39m[90m 113 |[39m       expect(result[33m.[39mcurrent[33m.[39mloading)[33m.[39mtoBe([36mfalse[39m)
     [90m     |[39m                                      [31m[1m^[22m[39m
     [90m 114 |[39m     })
     [90m 115 |[39m
     [90m 116 |[39m     expect(result[33m.[39mcurrent[33m.[39mbypassEnabled)[33m.[39mtoBe([36mtrue[39m)[0m

      at toBe (hooks/__tests__/useProfileDetection.test.ts:113:38)
      at runWithExpensiveErrorDiagnosticsDisabled (node_modules/@testing-library/dom/dist/config.js:47:12)
      at checkCallback (node_modules/@testing-library/dom/dist/wait-for.js:124:77)
      at checkRealTimersCallback (node_modules/@testing-library/dom/dist/wait-for.js:118:16)
      at Timeout.task [as _onTimeout] (node_modules/jsdom/lib/jsdom/browser/Window.js:579:19)

  ● useProfileDetectionManual › should manually detect profile when detect is called

    ReferenceError: clearImmediate is not defined

      at node_modules/undici/lib/core/util.js:832:9
      at invokeTheCallbackFunction (node_modules/jsdom/lib/jsdom/living/generated/Function.js:19:26)
      at node_modules/jsdom/lib/jsdom/browser/Window.js:613:9

  ● useProfileDetectionManual › should manually detect profile when detect is called

    TypeError: markResourceTiming is not a function

      at finalizeAndReportTiming (node_modules/undici/lib/web/fetch/index.js:310:3)
      at Object.handleFetchDone [as processResponseEndOfBody] (node_modules/undici/lib/web/fetch/index.js:126:3)
      at node_modules/undici/lib/web/fetch/index.js:1057:42
      at invokeTheCallbackFunction (node_modules/jsdom/lib/jsdom/living/generated/Function.js:19:26)
      at node_modules/jsdom/lib/jsdom/browser/Window.js:613:9

  ● useProfileDetectionManual › should manually detect profile when detect is called

    ReferenceError: clearImmediate is not defined

      at node_modules/undici/lib/core/util.js:832:9
      at invokeTheCallbackFunction (node_modules/jsdom/lib/jsdom/living/generated/Function.js:19:26)
      at node_modules/jsdom/lib/jsdom/browser/Window.js:613:9

  ● useProfileDetectionManual › should manually detect profile when detect is called

    TypeError: markResourceTiming is not a function

      at finalizeAndReportTiming (node_modules/undici/lib/web/fetch/index.js:310:3)
      at Object.handleFetchDone [as processResponseEndOfBody] (node_modules/undici/lib/web/fetch/index.js:126:3)
      at node_modules/undici/lib/web/fetch/index.js:1057:42
      at invokeTheCallbackFunction (node_modules/jsdom/lib/jsdom/living/generated/Function.js:19:26)
      at node_modules/jsdom/lib/jsdom/browser/Window.js:613:9

  ● useProfileDetectionManual › should manually detect profile when detect is called

    ReferenceError: clearImmediate is not defined

      at node_modules/undici/lib/core/util.js:832:9
      at invokeTheCallbackFunction (node_modules/jsdom/lib/jsdom/living/generated/Function.js:19:26)
      at node_modules/jsdom/lib/jsdom/browser/Window.js:613:9

  ● useProfileDetectionManual › should manually detect profile when detect is called

    TypeError: markResourceTiming is not a function

      at finalizeAndReportTiming (node_modules/undici/lib/web/fetch/index.js:310:3)
      at Object.handleFetchDone [as processResponseEndOfBody] (node_modules/undici/lib/web/fetch/index.js:126:3)
      at node_modules/undici/lib/web/fetch/index.js:1057:42
      at invokeTheCallbackFunction (node_modules/jsdom/lib/jsdom/living/generated/Function.js:19:26)
      at node_modules/jsdom/lib/jsdom/browser/Window.js:613:9

  ● useProfileDetectionManual › should manually detect profile when detect is called

    The error below may be caused by using the wrong test environment, see https://jestjs.io/docs/configuration#testenvironment-string.
    Consider using the "node" test environment.

    TypeError: fastNowTimeout?.unref is not a function

      at refreshTimeout (node_modules/undici/lib/util/timers.js:205:21)
      at onTick (node_modules/undici/lib/util/timers.js:186:5)
      at Timeout.task (node_modules/jsdom/lib/jsdom/browser/Window.js:579:19)

  ● useProfileDetectionManual › should manually detect profile when detect is called

    The error below may be caused by using the wrong test environment, see https://jestjs.io/docs/configuration#testenvironment-string.
    Consider using the "node" test environment.

    TypeError: fastNowTimeout?.unref is not a function

      at refreshTimeout (node_modules/undici/lib/util/timers.js:205:21)
      at onTick (node_modules/undici/lib/util/timers.js:186:5)
      at Timeout.task (node_modules/jsdom/lib/jsdom/browser/Window.js:579:19)

  ● useProfileDetectionManual › should manually detect profile when detect is called

    ReferenceError: clearImmediate is not defined

      at node_modules/undici/lib/core/util.js:832:9
      at invokeTheCallbackFunction (node_modules/jsdom/lib/jsdom/living/generated/Function.js:19:26)
      at node_modules/jsdom/lib/jsdom/browser/Window.js:613:9

  ● useProfileDetectionManual › should manually detect profile when detect is called

    TypeError: markResourceTiming is not a function

      at finalizeAndReportTiming (node_modules/undici/lib/web/fetch/index.js:310:3)
      at Object.handleFetchDone [as processResponseEndOfBody] (node_modules/undici/lib/web/fetch/index.js:126:3)
      at node_modules/undici/lib/web/fetch/index.js:1057:42
      at invokeTheCallbackFunction (node_modules/jsdom/lib/jsdom/living/generated/Function.js:19:26)
      at node_modules/jsdom/lib/jsdom/browser/Window.js:613:9

  ● useProfileDetectionManual › should manually detect profile when detect is called

    ReferenceError: clearImmediate is not defined

      at node_modules/undici/lib/core/util.js:832:9
      at invokeTheCallbackFunction (node_modules/jsdom/lib/jsdom/living/generated/Function.js:19:26)
      at node_modules/jsdom/lib/jsdom/browser/Window.js:613:9

  ● useProfileDetectionManual › should manually detect profile when detect is called

    TypeError: markResourceTiming is not a function

      at finalizeAndReportTiming (node_modules/undici/lib/web/fetch/index.js:310:3)
      at Object.handleFetchDone [as processResponseEndOfBody] (node_modules/undici/lib/web/fetch/index.js:126:3)
      at node_modules/undici/lib/web/fetch/index.js:1057:42
      at invokeTheCallbackFunction (node_modules/jsdom/lib/jsdom/living/generated/Function.js:19:26)
      at node_modules/jsdom/lib/jsdom/browser/Window.js:613:9

  ● useProfileDetectionManual › should manually detect profile when detect is called

    The error below may be caused by using the wrong test environment, see https://jestjs.io/docs/configuration#testenvironment-string.
    Consider using the "node" test environment.

    TypeError: fastNowTimeout?.unref is not a function

      at refreshTimeout (node_modules/undici/lib/util/timers.js:205:21)
      at onTick (node_modules/undici/lib/util/timers.js:186:5)
      at Timeout.task (node_modules/jsdom/lib/jsdom/browser/Window.js:579:19)

  ● useProfileDetectionManual › should manually detect profile when detect is called

    The error below may be caused by using the wrong test environment, see https://jestjs.io/docs/configuration#testenvironment-string.
    Consider using the "node" test environment.

    TypeError: fastNowTimeout?.unref is not a function

      at refreshTimeout (node_modules/undici/lib/util/timers.js:205:21)
      at onTick (node_modules/undici/lib/util/timers.js:186:5)
      at Timeout.task (node_modules/jsdom/lib/jsdom/browser/Window.js:579:19)

  ● useProfileDetectionManual › should manually detect profile when detect is called

    ReferenceError: clearImmediate is not defined

      at node_modules/undici/lib/core/util.js:832:9
      at invokeTheCallbackFunction (node_modules/jsdom/lib/jsdom/living/generated/Function.js:19:26)
      at node_modules/jsdom/lib/jsdom/browser/Window.js:613:9

  ● useProfileDetectionManual › should manually detect profile when detect is called

    TypeError: markResourceTiming is not a function

      at finalizeAndReportTiming (node_modules/undici/lib/web/fetch/index.js:310:3)
      at Object.handleFetchDone [as processResponseEndOfBody] (node_modules/undici/lib/web/fetch/index.js:126:3)
      at node_modules/undici/lib/web/fetch/index.js:1057:42
      at invokeTheCallbackFunction (node_modules/jsdom/lib/jsdom/living/generated/Function.js:19:26)
      at node_modules/jsdom/lib/jsdom/browser/Window.js:613:9

  ● useProfileDetectionManual › should manually detect profile when detect is called

    ReferenceError: clearImmediate is not defined

      at node_modules/undici/lib/core/util.js:832:9
      at invokeTheCallbackFunction (node_modules/jsdom/lib/jsdom/living/generated/Function.js:19:26)
      at node_modules/jsdom/lib/jsdom/browser/Window.js:613:9

  ● useProfileDetectionManual › should manually detect profile when detect is called

    TypeError: markResourceTiming is not a function

      at finalizeAndReportTiming (node_modules/undici/lib/web/fetch/index.js:310:3)
      at Object.handleFetchDone [as processResponseEndOfBody] (node_modules/undici/lib/web/fetch/index.js:126:3)
      at node_modules/undici/lib/web/fetch/index.js:1057:42
      at invokeTheCallbackFunction (node_modules/jsdom/lib/jsdom/living/generated/Function.js:19:26)
      at node_modules/jsdom/lib/jsdom/browser/Window.js:613:9

  ● useProfileDetectionManual › should manually detect profile when detect is called

    The error below may be caused by using the wrong test environment, see https://jestjs.io/docs/configuration#testenvironment-string.
    Consider using the "node" test environment.

    TypeError: fastNowTimeout?.unref is not a function

      at refreshTimeout (node_modules/undici/lib/util/timers.js:205:21)
      at onTick (node_modules/undici/lib/util/timers.js:186:5)
      at Timeout.task (node_modules/jsdom/lib/jsdom/browser/Window.js:579:19)

  ● useProfileDetectionManual › should manually detect profile when detect is called

    The error below may be caused by using the wrong test environment, see https://jestjs.io/docs/configuration#testenvironment-string.
    Consider using the "node" test environment.

    TypeError: fastNowTimeout?.unref is not a function

      at refreshTimeout (node_modules/undici/lib/util/timers.js:205:21)
      at onTick (node_modules/undici/lib/util/timers.js:186:5)
      at Timeout.task (node_modules/jsdom/lib/jsdom/browser/Window.js:579:19)

  ● useProfileDetectionManual › should manually detect profile when detect is called

    ReferenceError: clearImmediate is not defined

      at node_modules/undici/lib/core/util.js:832:9
      at invokeTheCallbackFunction (node_modules/jsdom/lib/jsdom/living/generated/Function.js:19:26)
      at node_modules/jsdom/lib/jsdom/browser/Window.js:613:9

  ● useProfileDetectionManual › should manually detect profile when detect is called

    TypeError: markResourceTiming is not a function

      at finalizeAndReportTiming (node_modules/undici/lib/web/fetch/index.js:310:3)
      at Object.handleFetchDone [as processResponseEndOfBody] (node_modules/undici/lib/web/fetch/index.js:126:3)
      at node_modules/undici/lib/web/fetch/index.js:1057:42
      at invokeTheCallbackFunction (node_modules/jsdom/lib/jsdom/living/generated/Function.js:19:26)
      at node_modules/jsdom/lib/jsdom/browser/Window.js:613:9

  ● useProfileDetectionManual › should manually detect profile when detect is called

    ReferenceError: clearImmediate is not defined

      at node_modules/undici/lib/core/util.js:832:9
      at invokeTheCallbackFunction (node_modules/jsdom/lib/jsdom/living/generated/Function.js:19:26)
      at node_modules/jsdom/lib/jsdom/browser/Window.js:613:9

  ● useProfileDetectionManual › should manually detect profile when detect is called

    TypeError: markResourceTiming is not a function

      at finalizeAndReportTiming (node_modules/undici/lib/web/fetch/index.js:310:3)
      at Object.handleFetchDone [as processResponseEndOfBody] (node_modules/undici/lib/web/fetch/index.js:126:3)
      at node_modules/undici/lib/web/fetch/index.js:1057:42
      at invokeTheCallbackFunction (node_modules/jsdom/lib/jsdom/living/generated/Function.js:19:26)
      at node_modules/jsdom/lib/jsdom/browser/Window.js:613:9

  ● useProfileDetectionManual › should manually detect profile when detect is called

    The error below may be caused by using the wrong test environment, see https://jestjs.io/docs/configuration#testenvironment-string.
    Consider using the "node" test environment.

    TypeError: fastNowTimeout?.unref is not a function

      at refreshTimeout (node_modules/undici/lib/util/timers.js:205:21)
      at onTick (node_modules/undici/lib/util/timers.js:186:5)
      at Timeout.task (node_modules/jsdom/lib/jsdom/browser/Window.js:579:19)

  ● useProfileDetectionManual › should manually detect profile when detect is called

    The error below may be caused by using the wrong test environment, see https://jestjs.io/docs/configuration#testenvironment-string.
    Consider using the "node" test environment.

    TypeError: fastNowTimeout?.unref is not a function

      at refreshTimeout (node_modules/undici/lib/util/timers.js:205:21)
      at onTick (node_modules/undici/lib/util/timers.js:186:5)
      at Timeout.task (node_modules/jsdom/lib/jsdom/browser/Window.js:579:19)

  ● useProfileDetectionManual › should manually detect profile when detect is called

    ReferenceError: clearImmediate is not defined

      at node_modules/undici/lib/core/util.js:832:9
      at invokeTheCallbackFunction (node_modules/jsdom/lib/jsdom/living/generated/Function.js:19:26)
      at node_modules/jsdom/lib/jsdom/browser/Window.js:613:9

  ● useProfileDetectionManual › should manually detect profile when detect is called

    TypeError: markResourceTiming is not a function

      at finalizeAndReportTiming (node_modules/undici/lib/web/fetch/index.js:310:3)
      at Object.handleFetchDone [as processResponseEndOfBody] (node_modules/undici/lib/web/fetch/index.js:126:3)
      at node_modules/undici/lib/web/fetch/index.js:1057:42
      at invokeTheCallbackFunction (node_modules/jsdom/lib/jsdom/living/generated/Function.js:19:26)
      at node_modules/jsdom/lib/jsdom/browser/Window.js:613:9

  ● useProfileDetectionManual › should manually detect profile when detect is called

    The error below may be caused by using the wrong test environment, see https://jestjs.io/docs/configuration#testenvironment-string.
    Consider using the "node" test environment.

    TypeError: fastNowTimeout?.unref is not a function

      at refreshTimeout (node_modules/undici/lib/util/timers.js:205:21)
      at onTick (node_modules/undici/lib/util/timers.js:186:5)
      at Timeout.task (node_modules/jsdom/lib/jsdom/browser/Window.js:579:19)

  ● useProfileDetectionManual › should manually detect profile when detect is called

    The error below may be caused by using the wrong test environment, see https://jestjs.io/docs/configuration#testenvironment-string.
    Consider using the "node" test environment.

    TypeError: fastNowTimeout?.unref is not a function

      at refreshTimeout (node_modules/undici/lib/util/timers.js:205:21)
      at onTick (node_modules/undici/lib/util/timers.js:186:5)
      at Timeout.task (node_modules/jsdom/lib/jsdom/browser/Window.js:579:19)

  ● useProfileDetectionManual › should manually detect profile when detect is called

    thrown: "Exceeded timeout of 5000 ms for a test.
    Add a timeout value to this test to increase the timeout, if this is a long-running test. See https://jestjs.io/docs/api#testname-fn-timeout."

    [0m [90m 123 |[39m   afterAll(() [33m=>[39m server[33m.[39mclose())
     [90m 124 |[39m
    [31m[1m>[22m[39m[90m 125 |[39m   it([32m'should manually detect profile when detect is called'[39m[33m,[39m [36masync[39m () [33m=>[39m {
     [90m     |[39m   [31m[1m^[22m[39m
     [90m 126 |[39m     server[33m.[39muse(
     [90m 127 |[39m       rest[33m.[39m[36mget[39m([32m'/api/v1/profile/detect'[39m[33m,[39m (req[33m,[39m res[33m,[39m ctx) [33m=>[39m {
     [90m 128 |[39m         [36mreturn[39m res(ctx[33m.[39mjson({[0m

      at it (hooks/__tests__/useProfileDetection.test.ts:125:3)
      at Object.describe (hooks/__tests__/useProfileDetection.test.ts:120:1)

  ● useProfileDetectionManual › should handle detection errors

    TypeError: Cannot read properties of null (reading 'error')

    [0m [90m 169 |[39m     )[33m.[39mrejects[33m.[39mtoThrow()
     [90m 170 |[39m
    [31m[1m>[22m[39m[90m 171 |[39m     expect(result[33m.[39mcurrent[33m.[39merror)[33m.[39mtoBe([32m'Detection failed'[39m)
     [90m     |[39m                           [31m[1m^[22m[39m
     [90m 172 |[39m
     [90m 173 |[39m     consoleErrorSpy[33m.[39mmockRestore()
     [90m 174 |[39m   })[0m

      at Object.error (hooks/__tests__/useProfileDetection.test.ts:171:27)

  ● useBypassStatus › should fetch bypass status on mount

    TypeError: Cannot read properties of null (reading 'loading')

    [0m [90m 192 |[39m     [36mconst[39m { result } [33m=[39m renderHook(() [33m=>[39m useBypassStatus())
     [90m 193 |[39m
    [31m[1m>[22m[39m[90m 194 |[39m     expect(result[33m.[39mcurrent[33m.[39mloading)[33m.[39mtoBe([36mtrue[39m)
     [90m     |[39m                           [31m[1m^[22m[39m
     [90m 195 |[39m
     [90m 196 |[39m     [36mawait[39m waitFor(() [33m=>[39m {
     [90m 197 |[39m       expect(result[33m.[39mcurrent[33m.[39mloading)[33m.[39mtoBe([36mfalse[39m)[0m

      at Object.loading (hooks/__tests__/useProfileDetection.test.ts:194:27)

  ● useBypassStatus › should refresh bypass status when refresh is called

    ReferenceError: clearImmediate is not defined

      at node_modules/undici/lib/core/util.js:832:9
      at invokeTheCallbackFunction (node_modules/jsdom/lib/jsdom/living/generated/Function.js:19:26)
      at node_modules/jsdom/lib/jsdom/browser/Window.js:613:9

  ● useBypassStatus › should refresh bypass status when refresh is called

    TypeError: markResourceTiming is not a function

      at finalizeAndReportTiming (node_modules/undici/lib/web/fetch/index.js:310:3)
      at Object.handleFetchDone [as processResponseEndOfBody] (node_modules/undici/lib/web/fetch/index.js:126:3)
      at node_modules/undici/lib/web/fetch/index.js:1057:42
      at invokeTheCallbackFunction (node_modules/jsdom/lib/jsdom/living/generated/Function.js:19:26)
      at node_modules/jsdom/lib/jsdom/browser/Window.js:613:9

  ● useBypassStatus › should refresh bypass status when refresh is called

    The error below may be caused by using the wrong test environment, see https://jestjs.io/docs/configuration#testenvironment-string.
    Consider using the "node" test environment.

    TypeError: fastNowTimeout?.unref is not a function

      at refreshTimeout (node_modules/undici/lib/util/timers.js:205:21)
      at onTick (node_modules/undici/lib/util/timers.js:186:5)
      at Timeout.task (node_modules/jsdom/lib/jsdom/browser/Window.js:579:19)

  ● useBypassStatus › should refresh bypass status when refresh is called

    The error below may be caused by using the wrong test environment, see https://jestjs.io/docs/configuration#testenvironment-string.
    Consider using the "node" test environment.

    TypeError: fastNowTimeout?.unref is not a function

      at refreshTimeout (node_modules/undici/lib/util/timers.js:205:21)
      at onTick (node_modules/undici/lib/util/timers.js:186:5)
      at Timeout.task (node_modules/jsdom/lib/jsdom/browser/Window.js:579:19)

  ● useBypassStatus › should refresh bypass status when refresh is called

    TypeError: Cannot read properties of null (reading 'loading')

    Ignored nodes: comments, script, style
    [36m<html>[39m
      [36m<head />[39m
      [36m<body>[39m
        [36m<div />[39m
      [36m</body>[39m
    [36m</html>[39m

    [0m [90m 216 |[39m
     [90m 217 |[39m     [36mawait[39m waitFor(() [33m=>[39m {
    [31m[1m>[22m[39m[90m 218 |[39m       expect(result[33m.[39mcurrent[33m.[39mloading)[33m.[39mtoBe([36mfalse[39m)
     [90m     |[39m                             [31m[1m^[22m[39m
     [90m 219 |[39m     })
     [90m 220 |[39m
     [90m 221 |[39m     expect(result[33m.[39mcurrent[33m.[39mbypassed)[33m.[39mtoBe([36mfalse[39m)[0m

      at loading (hooks/__tests__/useProfileDetection.test.ts:218:29)
      at runWithExpensiveErrorDiagnosticsDisabled (node_modules/@testing-library/dom/dist/config.js:47:12)
      at checkCallback (node_modules/@testing-library/dom/dist/wait-for.js:124:77)
      at checkRealTimersCallback (node_modules/@testing-library/dom/dist/wait-for.js:118:16)
      at Timeout.task [as _onTimeout] (node_modules/jsdom/lib/jsdom/browser/Window.js:579:19)

  ● useBypassStatus › should handle bypass check errors gracefully

    ReferenceError: clearImmediate is not defined

      at node_modules/undici/lib/core/util.js:832:9
      at invokeTheCallbackFunction (node_modules/jsdom/lib/jsdom/living/generated/Function.js:19:26)
      at node_modules/jsdom/lib/jsdom/browser/Window.js:613:9

  ● useBypassStatus › should handle bypass check errors gracefully

    TypeError: markResourceTiming is not a function

      at finalizeAndReportTiming (node_modules/undici/lib/web/fetch/index.js:310:3)
      at Object.handleFetchDone [as processResponseEndOfBody] (node_modules/undici/lib/web/fetch/index.js:126:3)
      at node_modules/undici/lib/web/fetch/index.js:1057:42
      at invokeTheCallbackFunction (node_modules/jsdom/lib/jsdom/living/generated/Function.js:19:26)
      at node_modules/jsdom/lib/jsdom/browser/Window.js:613:9

  ● useBypassStatus › should handle bypass check errors gracefully

    The error below may be caused by using the wrong test environment, see https://jestjs.io/docs/configuration#testenvironment-string.
    Consider using the "node" test environment.

    TypeError: fastNowTimeout?.unref is not a function

      at refreshTimeout (node_modules/undici/lib/util/timers.js:205:21)
      at onTick (node_modules/undici/lib/util/timers.js:186:5)
      at Timeout.task (node_modules/jsdom/lib/jsdom/browser/Window.js:579:19)

  ● useBypassStatus › should handle bypass check errors gracefully

    The error below may be caused by using the wrong test environment, see https://jestjs.io/docs/configuration#testenvironment-string.
    Consider using the "node" test environment.

    TypeError: fastNowTimeout?.unref is not a function

      at refreshTimeout (node_modules/undici/lib/util/timers.js:205:21)
      at onTick (node_modules/undici/lib/util/timers.js:186:5)
      at Timeout.task (node_modules/jsdom/lib/jsdom/browser/Window.js:579:19)

  ● useBypassStatus › should handle bypass check errors gracefully

    TypeError: Cannot read properties of null (reading 'loading')

    Ignored nodes: comments, script, style
    [36m<html>[39m
      [36m<head />[39m
      [36m<body>[39m
        [36m<div />[39m
      [36m</body>[39m
    [36m</html>[39m

    [0m [90m 245 |[39m
     [90m 246 |[39m     [36mawait[39m waitFor(() [33m=>[39m {
    [31m[1m>[22m[39m[90m 247 |[39m       expect(result[33m.[39mcurrent[33m.[39mloading)[33m.[39mtoBe([36mfalse[39m)
     [90m     |[39m                             [31m[1m^[22m[39m
     [90m 248 |[39m     })
     [90m 249 |[39m
     [90m 250 |[39m     [90m// Should default to false on error[39m[0m

      at loading (hooks/__tests__/useProfileDetection.test.ts:247:29)
      at runWithExpensiveErrorDiagnosticsDisabled (node_modules/@testing-library/dom/dist/config.js:47:12)
      at checkCallback (node_modules/@testing-library/dom/dist/wait-for.js:124:77)
      at checkRealTimersCallback (node_modules/@testing-library/dom/dist/wait-for.js:118:16)
      at Timeout.task [as _onTimeout] (node_modules/jsdom/lib/jsdom/browser/Window.js:579:19)

  ● useProfileStats › should fetch profile stats on mount

    ReferenceError: clearImmediate is not defined

      at node_modules/undici/lib/core/util.js:832:9
      at invokeTheCallbackFunction (node_modules/jsdom/lib/jsdom/living/generated/Function.js:19:26)
      at node_modules/jsdom/lib/jsdom/browser/Window.js:613:9

  ● useProfileStats › should fetch profile stats on mount

    TypeError: markResourceTiming is not a function

      at finalizeAndReportTiming (node_modules/undici/lib/web/fetch/index.js:310:3)
      at Object.handleFetchDone [as processResponseEndOfBody] (node_modules/undici/lib/web/fetch/index.js:126:3)
      at node_modules/undici/lib/web/fetch/index.js:1057:42
      at invokeTheCallbackFunction (node_modules/jsdom/lib/jsdom/living/generated/Function.js:19:26)
      at node_modules/jsdom/lib/jsdom/browser/Window.js:613:9

  ● useProfileStats › should fetch profile stats on mount

    The error below may be caused by using the wrong test environment, see https://jestjs.io/docs/configuration#testenvironment-string.
    Consider using the "node" test environment.

    TypeError: fastNowTimeout?.unref is not a function

      at refreshTimeout (node_modules/undici/lib/util/timers.js:205:21)
      at onTick (node_modules/undici/lib/util/timers.js:186:5)
      at Timeout.task (node_modules/jsdom/lib/jsdom/browser/Window.js:579:19)

  ● useProfileStats › should fetch profile stats on mount

    The error below may be caused by using the wrong test environment, see https://jestjs.io/docs/configuration#testenvironment-string.
    Consider using the "node" test environment.

    TypeError: fastNowTimeout?.unref is not a function

      at refreshTimeout (node_modules/undici/lib/util/timers.js:205:21)
      at onTick (node_modules/undici/lib/util/timers.js:186:5)
      at Timeout.task (node_modules/jsdom/lib/jsdom/browser/Window.js:579:19)

  ● useProfileStats › should fetch profile stats on mount

    expect(received).toBe(expected) // Object.is equality

    Expected: false
    Received: true

    Ignored nodes: comments, script, style
    [36m<html>[39m
      [36m<head />[39m
      [36m<body>[39m
        [36m<div />[39m
      [36m</body>[39m
    [36m</html>[39m

    [0m [90m 280 |[39m
     [90m 281 |[39m     [36mawait[39m waitFor(() [33m=>[39m {
    [31m[1m>[22m[39m[90m 282 |[39m       expect(result[33m.[39mcurrent[33m.[39mloading)[33m.[39mtoBe([36mfalse[39m)
     [90m     |[39m                                      [31m[1m^[22m[39m
     [90m 283 |[39m     })
     [90m 284 |[39m
     [90m 285 |[39m     expect(result[33m.[39mcurrent[33m.[39mstats)[33m.[39mtoBeTruthy()[0m

      at toBe (hooks/__tests__/useProfileDetection.test.ts:282:38)
      at runWithExpensiveErrorDiagnosticsDisabled (node_modules/@testing-library/dom/dist/config.js:47:12)
      at checkCallback (node_modules/@testing-library/dom/dist/wait-for.js:124:77)
      at checkRealTimersCallback (node_modules/@testing-library/dom/dist/wait-for.js:118:16)
      at Timeout.task [as _onTimeout] (node_modules/jsdom/lib/jsdom/browser/Window.js:579:19)

  ● useProfileStats › should handle stats fetch errors

    ReferenceError: clearImmediate is not defined

      at node_modules/undici/lib/core/util.js:832:9
      at invokeTheCallbackFunction (node_modules/jsdom/lib/jsdom/living/generated/Function.js:19:26)
      at node_modules/jsdom/lib/jsdom/browser/Window.js:613:9

  ● useProfileStats › should handle stats fetch errors

    TypeError: markResourceTiming is not a function

      at finalizeAndReportTiming (node_modules/undici/lib/web/fetch/index.js:310:3)
      at Object.handleFetchDone [as processResponseEndOfBody] (node_modules/undici/lib/web/fetch/index.js:126:3)
      at node_modules/undici/lib/web/fetch/index.js:1057:42
      at invokeTheCallbackFunction (node_modules/jsdom/lib/jsdom/living/generated/Function.js:19:26)
      at node_modules/jsdom/lib/jsdom/browser/Window.js:613:9

  ● useProfileStats › should handle stats fetch errors

    ReferenceError: clearImmediate is not defined

      at node_modules/undici/lib/core/util.js:832:9
      at invokeTheCallbackFunction (node_modules/jsdom/lib/jsdom/living/generated/Function.js:19:26)
      at node_modules/jsdom/lib/jsdom/browser/Window.js:613:9

  ● useProfileStats › should handle stats fetch errors

    TypeError: markResourceTiming is not a function

      at finalizeAndReportTiming (node_modules/undici/lib/web/fetch/index.js:310:3)
      at Object.handleFetchDone [as processResponseEndOfBody] (node_modules/undici/lib/web/fetch/index.js:126:3)
      at node_modules/undici/lib/web/fetch/index.js:1057:42
      at invokeTheCallbackFunction (node_modules/jsdom/lib/jsdom/living/generated/Function.js:19:26)
      at node_modules/jsdom/lib/jsdom/browser/Window.js:613:9

  ● useProfileStats › should handle stats fetch errors

    The error below may be caused by using the wrong test environment, see https://jestjs.io/docs/configuration#testenvironment-string.
    Consider using the "node" test environment.

    TypeError: fastNowTimeout?.unref is not a function

      at refreshTimeout (node_modules/undici/lib/util/timers.js:205:21)
      at onTick (node_modules/undici/lib/util/timers.js:186:5)
      at Timeout.task (node_modules/jsdom/lib/jsdom/browser/Window.js:579:19)

  ● useProfileStats › should handle stats fetch errors

    The error below may be caused by using the wrong test environment, see https://jestjs.io/docs/configuration#testenvironment-string.
    Consider using the "node" test environment.

    TypeError: fastNowTimeout?.unref is not a function

      at refreshTimeout (node_modules/undici/lib/util/timers.js:205:21)
      at onTick (node_modules/undici/lib/util/timers.js:186:5)
      at Timeout.task (node_modules/jsdom/lib/jsdom/browser/Window.js:579:19)

  ● useProfileStats › should handle stats fetch errors

    expect(received).toBe(expected) // Object.is equality

    Expected: false
    Received: true

    Ignored nodes: comments, script, style
    [36m<html>[39m
      [36m<head />[39m
      [36m<body>[39m
        [36m<div />[39m
      [36m</body>[39m
    [36m</html>[39m

    [0m [90m 303 |[39m
     [90m 304 |[39m     [36mawait[39m waitFor(() [33m=>[39m {
    [31m[1m>[22m[39m[90m 305 |[39m       expect(result[33m.[39mcurrent[33m.[39mloading)[33m.[39mtoBe([36mfalse[39m)
     [90m     |[39m                                      [31m[1m^[22m[39m
     [90m 306 |[39m     })
     [90m 307 |[39m
     [90m 308 |[39m     expect(result[33m.[39mcurrent[33m.[39merror)[33m.[39mtoBe([32m'Failed to load stats'[39m)[0m

      at toBe (hooks/__tests__/useProfileDetection.test.ts:305:38)
      at runWithExpensiveErrorDiagnosticsDisabled (node_modules/@testing-library/dom/dist/config.js:47:12)
      at checkCallback (node_modules/@testing-library/dom/dist/wait-for.js:124:77)
      at checkRealTimersCallback (node_modules/@testing-library/dom/dist/wait-for.js:118:16)
      at Timeout.task [as _onTimeout] (node_modules/jsdom/lib/jsdom/browser/Window.js:579:19)

FAIL components/__tests__/RepoList.test.tsx (18.046 s)
  ● RepoList › should render loading state initially

    expect(received).toBeGreaterThan(expected)

    Expected: > 0
    Received:   0

    [0m [90m 56 |[39m
     [90m 57 |[39m     [36mconst[39m loadingElements [33m=[39m document[33m.[39mquerySelectorAll([32m'.animate-pulse'[39m)[33m;[39m
    [31m[1m>[22m[39m[90m 58 |[39m     expect(loadingElements[33m.[39mlength)[33m.[39mtoBeGreaterThan([35m0[39m)[33m;[39m
     [90m    |[39m                                    [31m[1m^[22m[39m
     [90m 59 |[39m   })[33m;[39m
     [90m 60 |[39m
     [90m 61 |[39m   it([32m'should fetch and display repositories'[39m[33m,[39m [36masync[39m () [33m=>[39m {[0m

      at Object.toBeGreaterThan (components/__tests__/RepoList.test.tsx:58:36)

  ● RepoList › should fetch and display repositories

    Unable to find an element with the text: awesome-project. This could be because the text is broken up by multiple elements. In this case, you can provide a function for your text matcher to make your matcher more flexible.

    Ignored nodes: comments, script, style
    [36m<body>[39m
      [36m<div>[39m
        [36m<div[39m
          [33mclass[39m=[32m"bg-red-50 border border-red-200 rounded-lg p-4"[39m
        [36m>[39m
          [36m<p[39m
            [33mclass[39m=[32m"text-sm text-red-600"[39m
          [36m>[39m
            [0mErreur: [0m
            [0mUnknown error[0m
          [36m</p>[39m
        [36m</div>[39m
      [36m</div>[39m
    [36m</body>[39m

    [0m [90m 70 |[39m     render([33m<[39m[33mRepoList[39m username[33m=[39m[32m"testuser"[39m [33m/[39m[33m>[39m)[33m;[39m
     [90m 71 |[39m
    [31m[1m>[22m[39m[90m 72 |[39m     [36mawait[39m waitFor(() [33m=>[39m {
     [90m    |[39m                  [31m[1m^[22m[39m
     [90m 73 |[39m       expect(screen[33m.[39mgetByText([32m'awesome-project'[39m))[33m.[39mtoBeInTheDocument()[33m;[39m
     [90m 74 |[39m     })[33m;[39m
     [90m 75 |[39m[0m

      at waitForWrapper (node_modules/@testing-library/dom/dist/wait-for.js:163:27)
      at Object.<anonymous> (components/__tests__/RepoList.test.tsx:72:18)

  ● RepoList › should display repository descriptions

    Unable to find an element with the text: An awesome React project. This could be because the text is broken up by multiple elements. In this case, you can provide a function for your text matcher to make your matcher more flexible.

    Ignored nodes: comments, script, style
    [36m<body>[39m
      [36m<div>[39m
        [36m<div[39m
          [33mclass[39m=[32m"bg-red-50 border border-red-200 rounded-lg p-4"[39m
        [36m>[39m
          [36m<p[39m
            [33mclass[39m=[32m"text-sm text-red-600"[39m
          [36m>[39m
            [0mErreur: [0m
            [0mUnknown error[0m
          [36m</p>[39m
        [36m</div>[39m
      [36m</div>[39m
    [36m</body>[39m

    [0m [90m 89 |[39m     render([33m<[39m[33mRepoList[39m username[33m=[39m[32m"testuser"[39m [33m/[39m[33m>[39m)[33m;[39m
     [90m 90 |[39m
    [31m[1m>[22m[39m[90m 91 |[39m     [36mawait[39m waitFor(() [33m=>[39m {
     [90m    |[39m                  [31m[1m^[22m[39m
     [90m 92 |[39m       expect(screen[33m.[39mgetByText([32m'An awesome React project'[39m))[33m.[39mtoBeInTheDocument()[33m;[39m
     [90m 93 |[39m     })[33m;[39m
     [90m 94 |[39m[0m

      at waitForWrapper (node_modules/@testing-library/dom/dist/wait-for.js:163:27)
      at Object.<anonymous> (components/__tests__/RepoList.test.tsx:91:18)

  ● RepoList › should show star counts

    Unable to find an element with the text: 42. This could be because the text is broken up by multiple elements. In this case, you can provide a function for your text matcher to make your matcher more flexible.

    Ignored nodes: comments, script, style
    [36m<body>[39m
      [36m<div>[39m
        [36m<div[39m
          [33mclass[39m=[32m"bg-red-50 border border-red-200 rounded-lg p-4"[39m
        [36m>[39m
          [36m<p[39m
            [33mclass[39m=[32m"text-sm text-red-600"[39m
          [36m>[39m
            [0mErreur: [0m
            [0mUnknown error[0m
          [36m</p>[39m
        [36m</div>[39m
      [36m</div>[39m
    [36m</body>[39m

    [0m [90m 108 |[39m     render([33m<[39m[33mRepoList[39m username[33m=[39m[32m"testuser"[39m [33m/[39m[33m>[39m)[33m;[39m
     [90m 109 |[39m
    [31m[1m>[22m[39m[90m 110 |[39m     [36mawait[39m waitFor(() [33m=>[39m {
     [90m     |[39m                  [31m[1m^[22m[39m
     [90m 111 |[39m       expect(screen[33m.[39mgetByText([32m'42'[39m))[33m.[39mtoBeInTheDocument()[33m;[39m
     [90m 112 |[39m     })[33m;[39m
     [90m 113 |[39m[0m

      at waitForWrapper (node_modules/@testing-library/dom/dist/wait-for.js:163:27)
      at Object.<anonymous> (components/__tests__/RepoList.test.tsx:110:18)

  ● RepoList › should display language badges with correct colors

    Unable to find an element with the text: TypeScript. This could be because the text is broken up by multiple elements. In this case, you can provide a function for your text matcher to make your matcher more flexible.

    Ignored nodes: comments, script, style
    [36m<body>[39m
      [36m<div>[39m
        [36m<div[39m
          [33mclass[39m=[32m"bg-red-50 border border-red-200 rounded-lg p-4"[39m
        [36m>[39m
          [36m<p[39m
            [33mclass[39m=[32m"text-sm text-red-600"[39m
          [36m>[39m
            [0mErreur: [0m
            [0mUnknown error[0m
          [36m</p>[39m
        [36m</div>[39m
      [36m</div>[39m
    [36m</body>[39m

    [0m [90m 127 |[39m     render([33m<[39m[33mRepoList[39m username[33m=[39m[32m"testuser"[39m [33m/[39m[33m>[39m)[33m;[39m
     [90m 128 |[39m
    [31m[1m>[22m[39m[90m 129 |[39m     [36mawait[39m waitFor(() [33m=>[39m {
     [90m     |[39m                  [31m[1m^[22m[39m
     [90m 130 |[39m       [36mconst[39m typescriptBadge [33m=[39m screen[33m.[39mgetByText([32m'TypeScript'[39m)[33m;[39m
     [90m 131 |[39m       expect(typescriptBadge)[33m.[39mtoBeInTheDocument()[33m;[39m
     [90m 132 |[39m       expect(typescriptBadge)[33m.[39mtoHaveClass([32m'bg-blue-100'[39m[33m,[39m [32m'text-blue-800'[39m)[33m;[39m[0m

      at waitForWrapper (node_modules/@testing-library/dom/dist/wait-for.js:163:27)
      at Object.<anonymous> (components/__tests__/RepoList.test.tsx:129:18)

  ● RepoList › should show private badge for private repos

    Unable to find an element with the text: /�� Privé/i. This could be because the text is broken up by multiple elements. In this case, you can provide a function for your text matcher to make your matcher more flexible.

    Ignored nodes: comments, script, style
    [36m<body>[39m
      [36m<div>[39m
        [36m<div[39m
          [33mclass[39m=[32m"bg-red-50 border border-red-200 rounded-lg p-4"[39m
        [36m>[39m
          [36m<p[39m
            [33mclass[39m=[32m"text-sm text-red-600"[39m
          [36m>[39m
            [0mErreur: [0m
            [0mUnknown error[0m
          [36m</p>[39m
        [36m</div>[39m
      [36m</div>[39m
    [36m</body>[39m

    [0m [90m 151 |[39m     render([33m<[39m[33mRepoList[39m username[33m=[39m[32m"testuser"[39m [33m/[39m[33m>[39m)[33m;[39m
     [90m 152 |[39m
    [31m[1m>[22m[39m[90m 153 |[39m     [36mawait[39m waitFor(() [33m=>[39m {
     [90m     |[39m                  [31m[1m^[22m[39m
     [90m 154 |[39m       expect(screen[33m.[39mgetByText([35m/�� Privé/i[39m))[33m.[39mtoBeInTheDocument()[33m;[39m
     [90m 155 |[39m     })[33m;[39m
     [90m 156 |[39m   })[33m;[39m[0m

      at waitForWrapper (node_modules/@testing-library/dom/dist/wait-for.js:163:27)
      at Object.<anonymous> (components/__tests__/RepoList.test.tsx:153:18)

  ● RepoList › should display topics as badges

    Unable to find an element with the text: react. This could be because the text is broken up by multiple elements. In this case, you can provide a function for your text matcher to make your matcher more flexible.

    Ignored nodes: comments, script, style
    [36m<body>[39m
      [36m<div>[39m
        [36m<div[39m
          [33mclass[39m=[32m"bg-red-50 border border-red-200 rounded-lg p-4"[39m
        [36m>[39m
          [36m<p[39m
            [33mclass[39m=[32m"text-sm text-red-600"[39m
          [36m>[39m
            [0mErreur: [0m
            [0mUnknown error[0m
          [36m</p>[39m
        [36m</div>[39m
      [36m</div>[39m
    [36m</body>[39m

    [0m [90m 167 |[39m     render([33m<[39m[33mRepoList[39m username[33m=[39m[32m"testuser"[39m [33m/[39m[33m>[39m)[33m;[39m
     [90m 168 |[39m
    [31m[1m>[22m[39m[90m 169 |[39m     [36mawait[39m waitFor(() [33m=>[39m {
     [90m     |[39m                  [31m[1m^[22m[39m
     [90m 170 |[39m       expect(screen[33m.[39mgetByText([32m'react'[39m))[33m.[39mtoBeInTheDocument()[33m;[39m
     [90m 171 |[39m     })[33m;[39m
     [90m 172 |[39m[0m

      at waitForWrapper (node_modules/@testing-library/dom/dist/wait-for.js:163:27)
      at Object.<anonymous> (components/__tests__/RepoList.test.tsx:169:18)

  ● RepoList › should format dates correctly

    Unable to find an element with the text: /Mis à jour/i. This could be because the text is broken up by multiple elements. In this case, you can provide a function for your text matcher to make your matcher more flexible.

    Ignored nodes: comments, script, style
    [36m<body>[39m
      [36m<div>[39m
        [36m<div[39m
          [33mclass[39m=[32m"bg-red-50 border border-red-200 rounded-lg p-4"[39m
        [36m>[39m
          [36m<p[39m
            [33mclass[39m=[32m"text-sm text-red-600"[39m
          [36m>[39m
            [0mErreur: [0m
            [0mUnknown error[0m
          [36m</p>[39m
        [36m</div>[39m
      [36m</div>[39m
    [36m</body>[39m

    [0m [90m 188 |[39m     render([33m<[39m[33mRepoList[39m username[33m=[39m[32m"testuser"[39m [33m/[39m[33m>[39m)[33m;[39m
     [90m 189 |[39m
    [31m[1m>[22m[39m[90m 190 |[39m     [36mawait[39m waitFor(() [33m=>[39m {
     [90m     |[39m                  [31m[1m^[22m[39m
     [90m 191 |[39m       [90m// Check for French date format[39m
     [90m 192 |[39m       [36mconst[39m dateElements [33m=[39m screen[33m.[39mgetAllByText([35m/Mis à jour/i[39m)[33m;[39m
     [90m 193 |[39m       expect(dateElements[33m.[39mlength)[33m.[39mtoBeGreaterThan([35m0[39m)[33m;[39m[0m

      at waitForWrapper (node_modules/@testing-library/dom/dist/wait-for.js:163:27)
      at Object.<anonymous> (components/__tests__/RepoList.test.tsx:190:18)

  ● RepoList › should render repository links with correct hrefs

    Unable to find role="link" and name "awesome-project"

    Ignored nodes: comments, script, style
    [36m<body>[39m
      [36m<div>[39m
        [36m<div[39m
          [33mclass[39m=[32m"bg-red-50 border border-red-200 rounded-lg p-4"[39m
        [36m>[39m
          [36m<p[39m
            [33mclass[39m=[32m"text-sm text-red-600"[39m
          [36m>[39m
            [0mErreur: [0m
            [0mUnknown error[0m
          [36m</p>[39m
        [36m</div>[39m
      [36m</div>[39m
    [36m</body>[39m

    [0m [90m 206 |[39m     render([33m<[39m[33mRepoList[39m username[33m=[39m[32m"testuser"[39m [33m/[39m[33m>[39m)[33m;[39m
     [90m 207 |[39m
    [31m[1m>[22m[39m[90m 208 |[39m     [36mawait[39m waitFor(() [33m=>[39m {
     [90m     |[39m                  [31m[1m^[22m[39m
     [90m 209 |[39m       [36mconst[39m link [33m=[39m screen[33m.[39mgetByRole([32m'link'[39m[33m,[39m { name[33m:[39m [32m'awesome-project'[39m })[33m;[39m
     [90m 210 |[39m       expect(link)[33m.[39mtoHaveAttribute([32m'href'[39m[33m,[39m [32m'https://github.com/testuser/awesome-project'[39m)[33m;[39m
     [90m 211 |[39m       expect(link)[33m.[39mtoHaveAttribute([32m'target'[39m[33m,[39m [32m'_blank'[39m)[33m;[39m[0m

      at waitForWrapper (node_modules/@testing-library/dom/dist/wait-for.js:163:27)
      at Object.<anonymous> (components/__tests__/RepoList.test.tsx:208:18)

  ● RepoList › should handle error state

    TestingLibraryElementError: Unable to find an element with the text: /failed to fetch repos/i. This could be because the text is broken up by multiple elements. In this case, you can provide a function for your text matcher to make your matcher more flexible.

    Ignored nodes: comments, script, style
    [36m<body>[39m
      [36m<div>[39m
        [36m<div[39m
          [33mclass[39m=[32m"bg-red-50 border border-red-200 rounded-lg p-4"[39m
        [36m>[39m
          [36m<p[39m
            [33mclass[39m=[32m"text-sm text-red-600"[39m
          [36m>[39m
            [0mErreur: [0m
            [0mUnknown error[0m
          [36m</p>[39m
        [36m</div>[39m
      [36m</div>[39m
    [36m</body>[39m

    [0m [90m 231 |[39m     })[33m;[39m
     [90m 232 |[39m
    [31m[1m>[22m[39m[90m 233 |[39m     expect(screen[33m.[39mgetByText([35m/failed to fetch repos/i[39m))[33m.[39mtoBeInTheDocument()[33m;[39m
     [90m     |[39m                   [31m[1m^[22m[39m
     [90m 234 |[39m
     [90m 235 |[39m     consoleErrorSpy[33m.[39mmockRestore()[33m;[39m
     [90m 236 |[39m   })[33m;[39m[0m

      at Object.getElementError (node_modules/@testing-library/dom/dist/config.js:37:19)
      at node_modules/@testing-library/dom/dist/query-helpers.js:76:38
      at node_modules/@testing-library/dom/dist/query-helpers.js:52:17
      at node_modules/@testing-library/dom/dist/query-helpers.js:95:19
      at Object.getByText (components/__tests__/RepoList.test.tsx:233:19)

  ● RepoList › should show empty state when no repos found

    Unable to find an element with the text: /aucun repo trouvé/i. This could be because the text is broken up by multiple elements. In this case, you can provide a function for your text matcher to make your matcher more flexible.

    Ignored nodes: comments, script, style
    [36m<body>[39m
      [36m<div>[39m
        [36m<div[39m
          [33mclass[39m=[32m"bg-red-50 border border-red-200 rounded-lg p-4"[39m
        [36m>[39m
          [36m<p[39m
            [33mclass[39m=[32m"text-sm text-red-600"[39m
          [36m>[39m
            [0mErreur: [0m
            [0mUnknown error[0m
          [36m</p>[39m
        [36m</div>[39m
      [36m</div>[39m
    [36m</body>[39m

    [0m [90m 247 |[39m     render([33m<[39m[33mRepoList[39m username[33m=[39m[32m"testuser"[39m [33m/[39m[33m>[39m)[33m;[39m
     [90m 248 |[39m
    [31m[1m>[22m[39m[90m 249 |[39m     [36mawait[39m waitFor(() [33m=>[39m {
     [90m     |[39m                  [31m[1m^[22m[39m
     [90m 250 |[39m       expect(screen[33m.[39mgetByText([35m/aucun repo trouvé/i[39m))[33m.[39mtoBeInTheDocument()[33m;[39m
     [90m 251 |[39m     })[33m;[39m
     [90m 252 |[39m   })[33m;[39m[0m

      at waitForWrapper (node_modules/@testing-library/dom/dist/wait-for.js:163:27)
      at Object.<anonymous> (components/__tests__/RepoList.test.tsx:249:18)

  ● RepoList › should filter private repos when showPrivate is false

    Unable to find an element with the text: awesome-project. This could be because the text is broken up by multiple elements. In this case, you can provide a function for your text matcher to make your matcher more flexible.

    Ignored nodes: comments, script, style
    [36m<body>[39m
      [36m<div>[39m
        [36m<div[39m
          [33mclass[39m=[32m"bg-red-50 border border-red-200 rounded-lg p-4"[39m
        [36m>[39m
          [36m<p[39m
            [33mclass[39m=[32m"text-sm text-red-600"[39m
          [36m>[39m
            [0mErreur: [0m
            [0mUnknown error[0m
          [36m</p>[39m
        [36m</div>[39m
      [36m</div>[39m
    [36m</body>[39m

    [0m [90m 268 |[39m     render([33m<[39m[33mRepoList[39m username[33m=[39m[32m"testuser"[39m showPrivate[33m=[39m{[36mfalse[39m} [33m/[39m[33m>[39m)[33m;[39m
     [90m 269 |[39m
    [31m[1m>[22m[39m[90m 270 |[39m     [36mawait[39m waitFor(() [33m=>[39m {
     [90m     |[39m                  [31m[1m^[22m[39m
     [90m 271 |[39m       expect(screen[33m.[39mgetByText([32m'awesome-project'[39m))[33m.[39mtoBeInTheDocument()[33m;[39m
     [90m 272 |[39m     })[33m;[39m
     [90m 273 |[39m[0m

      at waitForWrapper (node_modules/@testing-library/dom/dist/wait-for.js:163:27)
      at Object.<anonymous> (components/__tests__/RepoList.test.tsx:270:18)

  ● RepoList › should include private repos when showPrivate is true

    Unable to find an element with the text: awesome-project. This could be because the text is broken up by multiple elements. In this case, you can provide a function for your text matcher to make your matcher more flexible.

    Ignored nodes: comments, script, style
    [36m<body>[39m
      [36m<div>[39m
        [36m<div[39m
          [33mclass[39m=[32m"bg-red-50 border border-red-200 rounded-lg p-4"[39m
        [36m>[39m
          [36m<p[39m
            [33mclass[39m=[32m"text-sm text-red-600"[39m
          [36m>[39m
            [0mErreur: [0m
            [0mUnknown error[0m
          [36m</p>[39m
        [36m</div>[39m
      [36m</div>[39m
    [36m</body>[39m

    [0m [90m 291 |[39m     render([33m<[39m[33mRepoList[39m username[33m=[39m[32m"testuser"[39m showPrivate[33m=[39m{[36mtrue[39m} [33m/[39m[33m>[39m)[33m;[39m
     [90m 292 |[39m
    [31m[1m>[22m[39m[90m 293 |[39m     [36mawait[39m waitFor(() [33m=>[39m {
     [90m     |[39m                  [31m[1m^[22m[39m
     [90m 294 |[39m       expect(screen[33m.[39mgetByText([32m'awesome-project'[39m))[33m.[39mtoBeInTheDocument()[33m;[39m
     [90m 295 |[39m     })[33m;[39m
     [90m 296 |[39m[0m

      at waitForWrapper (node_modules/@testing-library/dom/dist/wait-for.js:163:27)
      at Object.<anonymous> (components/__tests__/RepoList.test.tsx:293:18)

  ● RepoList › should display full_name for each repo

    Unable to find an element with the text: testuser/awesome-project. This could be because the text is broken up by multiple elements. In this case, you can provide a function for your text matcher to make your matcher more flexible.

    Ignored nodes: comments, script, style
    [36m<body>[39m
      [36m<div>[39m
        [36m<div[39m
          [33mclass[39m=[32m"bg-red-50 border border-red-200 rounded-lg p-4"[39m
        [36m>[39m
          [36m<p[39m
            [33mclass[39m=[32m"text-sm text-red-600"[39m
          [36m>[39m
            [0mErreur: [0m
            [0mUnknown error[0m
          [36m</p>[39m
        [36m</div>[39m
      [36m</div>[39m
    [36m</body>[39m

    [0m [90m 309 |[39m     render([33m<[39m[33mRepoList[39m username[33m=[39m[32m"testuser"[39m [33m/[39m[33m>[39m)[33m;[39m
     [90m 310 |[39m
    [31m[1m>[22m[39m[90m 311 |[39m     [36mawait[39m waitFor(() [33m=>[39m {
     [90m     |[39m                  [31m[1m^[22m[39m
     [90m 312 |[39m       expect(screen[33m.[39mgetByText([32m'testuser/awesome-project'[39m))[33m.[39mtoBeInTheDocument()[33m;[39m
     [90m 313 |[39m     })[33m;[39m
     [90m 314 |[39m[0m

      at waitForWrapper (node_modules/@testing-library/dom/dist/wait-for.js:163:27)
      at Object.<anonymous> (components/__tests__/RepoList.test.tsx:311:18)

  ● RepoList › should show GitHub badge on each repo card

    Unable to find an element with the text: GitHub. This could be because the text is broken up by multiple elements. In this case, you can provide a function for your text matcher to make your matcher more flexible.

    Ignored nodes: comments, script, style
    [36m<body>[39m
      [36m<div>[39m
        [36m<div[39m
          [33mclass[39m=[32m"bg-red-50 border border-red-200 rounded-lg p-4"[39m
        [36m>[39m
          [36m<p[39m
            [33mclass[39m=[32m"text-sm text-red-600"[39m
          [36m>[39m
            [0mErreur: [0m
            [0mUnknown error[0m
          [36m</p>[39m
        [36m</div>[39m
      [36m</div>[39m
    [36m</body>[39m

    [0m [90m 328 |[39m     render([33m<[39m[33mRepoList[39m username[33m=[39m[32m"testuser"[39m [33m/[39m[33m>[39m)[33m;[39m
     [90m 329 |[39m
    [31m[1m>[22m[39m[90m 330 |[39m     [36mawait[39m waitFor(() [33m=>[39m {
     [90m     |[39m                  [31m[1m^[22m[39m
     [90m 331 |[39m       [36mconst[39m githubBadges [33m=[39m screen[33m.[39mgetAllByText([32m'GitHub'[39m)[33m;[39m
     [90m 332 |[39m       expect(githubBadges[33m.[39mlength)[33m.[39mtoBe(mockRepos[33m.[39mlength)[33m;[39m
     [90m 333 |[39m     })[33m;[39m[0m

      at waitForWrapper (node_modules/@testing-library/dom/dist/wait-for.js:163:27)
      at Object.<anonymous> (components/__tests__/RepoList.test.tsx:330:18)

  ● RepoList › should apply hover shadow effect on cards

    expect(received).toBe(expected) // Object.is equality

    Expected: 3
    Received: 0

    Ignored nodes: comments, script, style
    [36m<html>[39m
      [36m<head />[39m
      [36m<body>[39m
        [36m<div>[39m
          [36m<div[39m
            [33mclass[39m=[32m"bg-red-50 border border-red-200 rounded-lg p-4"[39m
          [36m>[39m
            [36m<p[39m
              [33mclass[39m=[32m"text-sm text-red-600"[39m
            [36m>[39m
              [0mErreur: [0m
              [0mUnknown error[0m
            [36m</p>[39m
          [36m</div>[39m
        [36m</div>[39m
      [36m</body>[39m
    [36m</html>[39m

    [0m [90m 347 |[39m     [36mawait[39m waitFor(() [33m=>[39m {
     [90m 348 |[39m       [36mconst[39m cards [33m=[39m document[33m.[39mquerySelectorAll([32m'.hover\\:shadow-md'[39m)[33m;[39m
    [31m[1m>[22m[39m[90m 349 |[39m       expect(cards[33m.[39mlength)[33m.[39mtoBe(mockRepos[33m.[39mlength)[33m;[39m
     [90m     |[39m                            [31m[1m^[22m[39m
     [90m 350 |[39m     })[33m;[39m
     [90m 351 |[39m   })[33m;[39m
     [90m 352 |[39m[0m

      at toBe (components/__tests__/RepoList.test.tsx:349:28)
      at runWithExpensiveErrorDiagnosticsDisabled (node_modules/@testing-library/dom/dist/config.js:47:12)
      at checkCallback (node_modules/@testing-library/dom/dist/wait-for.js:124:77)
      at checkRealTimersCallback (node_modules/@testing-library/dom/dist/wait-for.js:118:16)
      at Timeout.task [as _onTimeout] (node_modules/jsdom/lib/jsdom/browser/Window.js:579:19)

  ● RepoList › should handle repos without description

    Unable to find an element with the text: awesome-project. This could be because the text is broken up by multiple elements. In this case, you can provide a function for your text matcher to make your matcher more flexible.

    Ignored nodes: comments, script, style
    [36m<body>[39m
      [36m<div>[39m
        [36m<div[39m
          [33mclass[39m=[32m"bg-red-50 border border-red-200 rounded-lg p-4"[39m
        [36m>[39m
          [36m<p[39m
            [33mclass[39m=[32m"text-sm text-red-600"[39m
          [36m>[39m
            [0mErreur: [0m
            [0mUnknown error[0m
          [36m</p>[39m
        [36m</div>[39m
      [36m</div>[39m
    [36m</body>[39m

    [0m [90m 369 |[39m     render([33m<[39m[33mRepoList[39m username[33m=[39m[32m"testuser"[39m [33m/[39m[33m>[39m)[33m;[39m
     [90m 370 |[39m
    [31m[1m>[22m[39m[90m 371 |[39m     [36mawait[39m waitFor(() [33m=>[39m {
     [90m     |[39m                  [31m[1m^[22m[39m
     [90m 372 |[39m       expect(screen[33m.[39mgetByText([32m'awesome-project'[39m))[33m.[39mtoBeInTheDocument()[33m;[39m
     [90m 373 |[39m     })[33m;[39m
     [90m 374 |[39m[0m

      at waitForWrapper (node_modules/@testing-library/dom/dist/wait-for.js:163:27)
      at Object.<anonymous> (components/__tests__/RepoList.test.tsx:371:18)

  ● RepoList › should refetch when username changes

    expect(received).toBe(expected) // Object.is equality

    Expected: 1
    Received: 0

    Ignored nodes: comments, script, style
    [36m<html>[39m
      [36m<head />[39m
      [36m<body>[39m
        [36m<div>[39m
          [36m<div[39m
            [33mclass[39m=[32m"bg-red-50 border border-red-200 rounded-lg p-4"[39m
          [36m>[39m
            [36m<p[39m
              [33mclass[39m=[32m"text-sm text-red-600"[39m
            [36m>[39m
              [0mErreur: [0m
              [0mUnknown error[0m
            [36m</p>[39m
          [36m</div>[39m
        [36m</div>[39m
      [36m</body>[39m
    [36m</html>[39m

    [0m [90m 395 |[39m
     [90m 396 |[39m     [36mawait[39m waitFor(() [33m=>[39m {
    [31m[1m>[22m[39m[90m 397 |[39m       expect(requestCount)[33m.[39mtoBe([35m1[39m)[33m;[39m
     [90m     |[39m                            [31m[1m^[22m[39m
     [90m 398 |[39m     })[33m;[39m
     [90m 399 |[39m
     [90m 400 |[39m     rerender([33m<[39m[33mRepoList[39m username[33m=[39m[32m"user2"[39m [33m/[39m[33m>[39m)[33m;[39m[0m

      at toBe (components/__tests__/RepoList.test.tsx:397:28)
      at runWithExpensiveErrorDiagnosticsDisabled (node_modules/@testing-library/dom/dist/config.js:47:12)
      at checkCallback (node_modules/@testing-library/dom/dist/wait-for.js:124:77)
      at checkRealTimersCallback (node_modules/@testing-library/dom/dist/wait-for.js:118:16)
      at Timeout.task [as _onTimeout] (node_modules/jsdom/lib/jsdom/browser/Window.js:579:19)

FAIL hooks/__tests__/useAnalyticsData.test.ts
  ● Test suite failed to run

    Jest worker ran out of memory and crashed

      at ChildProcessWorker._onExit (node_modules/jest-worker/build/index.js:928:26)

FAIL components/analytics/__tests__/ThemeStats.test.tsx
  ● Test suite failed to run

    Jest worker ran out of memory and crashed

      at ChildProcessWorker._onExit (node_modules/jest-worker/build/index.js:928:26)


Test Suites: 25 failed, 24 passed, 49 total
Tests:       150 failed, 685 passed, 835 total
Snapshots:   0 total
Time:        102.879 s
Ran all test suites.
